Archive member included because of file (symbol)

c:/isis/application/toolchain/bin/../lib/gcc/arm-none-eabi/4.7.4/../../../../arm-none-eabi/lib\libc_s.a(lib_a-vfprintf_float.o)
                              (_printf_float)
c:/isis/application/toolchain/bin/../lib/gcc/arm-none-eabi/4.7.4/../../../../arm-none-eabi/lib\libc_s.a(lib_a-vfprintf_i.o)
                              c:/isis/application/toolchain/bin/../lib/gcc/arm-none-eabi/4.7.4/../../../../arm-none-eabi/lib\libc_s.a(lib_a-vfprintf_float.o) (_printf_common)
c:/isis/application/toolchain/bin/../lib/gcc/arm-none-eabi/4.7.4/../../../../arm-none-eabi/lib\libc_s.a(lib_a-vfscanf_float.o)
                              (_scanf_float)
c:/isis/application/toolchain/bin/../lib/gcc/arm-none-eabi/4.7.4/../../../../arm-none-eabi/lib\libc_s.a(lib_a-dtoa.o)
                              c:/isis/application/toolchain/bin/../lib/gcc/arm-none-eabi/4.7.4/../../../../arm-none-eabi/lib\libc_s.a(lib_a-vfprintf_float.o) (_dtoa_r)
c:/isis/application/toolchain/bin/../lib/gcc/arm-none-eabi/4.7.4/../../../../arm-none-eabi/lib\libc_s.a(lib_a-locale.o)
                              c:/isis/application/toolchain/bin/../lib/gcc/arm-none-eabi/4.7.4/../../../../arm-none-eabi/lib\libc_s.a(lib_a-vfprintf_float.o) (_localeconv_r)
c:/isis/application/toolchain/bin/../lib/gcc/arm-none-eabi/4.7.4/../../../../arm-none-eabi/lib\libc_s.a(lib_a-malloc.o)
                              c:/isis/application/toolchain/bin/../lib/gcc/arm-none-eabi/4.7.4/../../../../arm-none-eabi/lib\libc_s.a(lib_a-dtoa.o) (malloc)
c:/isis/application/toolchain/bin/../lib/gcc/arm-none-eabi/4.7.4/../../../../arm-none-eabi/lib\libc_s.a(lib_a-mallocr.o)
                              c:/isis/application/toolchain/bin/../lib/gcc/arm-none-eabi/4.7.4/../../../../arm-none-eabi/lib\libc_s.a(lib_a-malloc.o) (_malloc_r)
c:/isis/application/toolchain/bin/../lib/gcc/arm-none-eabi/4.7.4/../../../../arm-none-eabi/lib\libc_s.a(lib_a-memcpy.o)
                              c:/isis/application/toolchain/bin/../lib/gcc/arm-none-eabi/4.7.4/../../../../arm-none-eabi/lib\libc_s.a(lib_a-dtoa.o) (memcpy)
c:/isis/application/toolchain/bin/../lib/gcc/arm-none-eabi/4.7.4/../../../../arm-none-eabi/lib\libc_s.a(lib_a-mprec.o)
                              c:/isis/application/toolchain/bin/../lib/gcc/arm-none-eabi/4.7.4/../../../../arm-none-eabi/lib\libc_s.a(lib_a-dtoa.o) (_Balloc)
c:/isis/application/toolchain/bin/../lib/gcc/arm-none-eabi/4.7.4/../../../../arm-none-eabi/lib\libc_s.a(lib_a-s_fpclassify.o)
                              c:/isis/application/toolchain/bin/../lib/gcc/arm-none-eabi/4.7.4/../../../../arm-none-eabi/lib\libc_s.a(lib_a-vfprintf_float.o) (__fpclassifyd)
c:/isis/application/toolchain/bin/../lib/gcc/arm-none-eabi/4.7.4/../../../../arm-none-eabi/lib\libc_s.a(lib_a-sbrkr.o)
                              c:/isis/application/toolchain/bin/../lib/gcc/arm-none-eabi/4.7.4/../../../../arm-none-eabi/lib\libc_s.a(lib_a-mallocr.o) (_sbrk_r)
c:/isis/application/toolchain/bin/../lib/gcc/arm-none-eabi/4.7.4/../../../../arm-none-eabi/lib\libc_s.a(lib_a-sf_nan.o)
                              c:/isis/application/toolchain/bin/../lib/gcc/arm-none-eabi/4.7.4/../../../../arm-none-eabi/lib\libc_s.a(lib_a-vfscanf_float.o) (nanf)
c:/isis/application/toolchain/bin/../lib/gcc/arm-none-eabi/4.7.4/../../../../arm-none-eabi/lib\libc_s.a(lib_a-sprintf.o)
                              c:/isis/application/toolchain/bin/../lib/gcc/arm-none-eabi/4.7.4/../../../../arm-none-eabi/lib\libc_s.a(lib_a-vfscanf_float.o) (sprintf)
c:/isis/application/toolchain/bin/../lib/gcc/arm-none-eabi/4.7.4/../../../../arm-none-eabi/lib\libc_s.a(lib_a-strcmp.o)
                              c:/isis/application/toolchain/bin/../lib/gcc/arm-none-eabi/4.7.4/../../../../arm-none-eabi/lib\libc_s.a(lib_a-locale.o) (strcmp)
c:/isis/application/toolchain/bin/../lib/gcc/arm-none-eabi/4.7.4/../../../../arm-none-eabi/lib\libc_s.a(lib_a-strlen.o)
                              c:/isis/application/toolchain/bin/../lib/gcc/arm-none-eabi/4.7.4/../../../../arm-none-eabi/lib\libc_s.a(lib_a-vfprintf_float.o) (strlen)
c:/isis/application/toolchain/bin/../lib/gcc/arm-none-eabi/4.7.4/../../../../arm-none-eabi/lib\libc_s.a(lib_a-strtod.o)
                              c:/isis/application/toolchain/bin/../lib/gcc/arm-none-eabi/4.7.4/../../../../arm-none-eabi/lib\libc_s.a(lib_a-vfscanf_float.o) (_strtod_r)
c:/isis/application/toolchain/bin/../lib/gcc/arm-none-eabi/4.7.4/../../../../arm-none-eabi/lib\libc_s.a(lib_a-strtol.o)
                              c:/isis/application/toolchain/bin/../lib/gcc/arm-none-eabi/4.7.4/../../../../arm-none-eabi/lib\libc_s.a(lib_a-vfscanf_float.o) (_strtol_r)
c:/isis/application/toolchain/bin/../lib/gcc/arm-none-eabi/4.7.4/../../../../arm-none-eabi/lib\libc_s.a(lib_a-svfprintf.o)
                              c:/isis/application/toolchain/bin/../lib/gcc/arm-none-eabi/4.7.4/../../../../arm-none-eabi/lib\libc_s.a(lib_a-sprintf.o) (_svfprintf_r)
[...]
Memory Configuration

Name             Origin             Length             Attributes
sram0            0x00200000         0x00004000         w !xr
sram1            0x00300000         0x00004000         w !xr
sdram            0x20000000         0x02000000         w !xr
*default*        0x00000000         0xffffffff

Linker script and memory map

LOAD c:/isis/application/toolchain/bin/../lib/gcc/arm-none-eabi/4.7.4/../../../../arm-none-eabi/lib\libc_s.a
LOAD ./src/TestingDemos/CommandsTestingDemo.o
LOAD ./src/TestingDemos/EpsTestingDemo.o
LOAD ./src/TestingDemos/FileSystemTestingDemo.o
LOAD ./src/TestingDemos/MainTest.o
LOAD ./src/TestingDemos/MaintenanceTestingDemo.o
LOAD ./src/TestingDemos/TelemetryTestingDemo.o
LOAD ./src/TestingDemos/TrxvuTestingDemo.o
LOAD ./src/SubSystemModules/PowerManagment/EPS.o
LOAD ./src/SubSystemModules/PowerManagment/EPSOperationModes.o
LOAD ./src/SubSystemModules/Maintenance/Maintenance.o
LOAD ./src/SubSystemModules/Housekepping/Dump.o
LOAD ./src/SubSystemModules/Housekepping/TelemetryCollector.o
LOAD ./src/SubSystemModules/Communication/SubsystemCommands/EPS_Commands.o
LOAD ./src/SubSystemModules/Communication/SubsystemCommands/FS_Commands.o
LOAD ./src/SubSystemModules/Communication/SubsystemCommands/Maintanence_Commands.o
LOAD ./src/SubSystemModules/Communication/SubsystemCommands/TRXVU_Commands.o
LOAD ./src/SubSystemModules/Communication/AckHandler.o
LOAD ./src/SubSystemModules/Communication/ActUponCommand.o
LOAD ./src/SubSystemModules/Communication/Beacon.o
LOAD ./src/SubSystemModules/Communication/CommandDictionary.o
LOAD ./src/SubSystemModules/Communication/SatCommandHandler.o
LOAD ./src/SubSystemModules/Communication/SatDataTx.o
LOAD ./src/SubSystemModules/Communication/TRXVU.o
LOAD ./src/InitSystem.o
LOAD ./src/TLM_management.o
LOAD ./src/main.o
LOAD C:/GivatShmuel/Base-Aug-2019/GlobusSatProject/..//hal/hal/lib\libHALD.a
LOAD C:/GivatShmuel/Base-Aug-2019/GlobusSatProject/..//hal/hcc/lib\libHCCD.a
LOAD C:/GivatShmuel/Base-Aug-2019/GlobusSatProject/..//satellite-subsystems/satellite-subsystems/lib\libSatelliteSubsystemsD.a
LOAD C:/GivatShmuel/Base-Aug-2019/GlobusSatProject/..//hal/freertos/lib\libFreeRTOSD.a
LOAD C:/GivatShmuel/Base-Aug-2019/GlobusSatProject/..//hal/at91/lib\libAt91D.a
START GROUP
LOAD c:/isis/application/toolchain/bin/../lib/gcc/arm-none-eabi/4.7.4\libgcc.a
LOAD c:/isis/application/toolchain/bin/../lib/gcc/arm-none-eabi/4.7.4/../../../../arm-none-eabi/lib\libc_s.a
END GROUP

.fixed          0x20000000    0x2c958
                0x20000000                . = ALIGN (0x4)
                0x20000000                _sfixed = .
 *(.startup)
 .startup       0x20000000      0x134 C:/GivatShmuel/Base-Aug-2019/GlobusSatProject/..//hal/at91/lib\libAt91D.a(board_cstartup.o)
                0x20000000                entry
 *(.text)
 .text          0x20000134       0x64 C:/GivatShmuel/Base-Aug-2019/GlobusSatProject/..//hal/at91/lib\libAt91D.a(cp15_asm.o)
                0x20000134                _readControlRegister
                0x20000140                _writeControlRegister
                0x20000148                _waitForInterrupt
                0x20000154                _writeTTB
                0x2000015c                _writeDomain
                0x20000164                _writeITLBLockdown
                0x2000016c                _prefetchICacheLine
                0x20000174                _flushDCache
                0x20000180                _flushWriteBuffer
                0x2000018c                _invalidateIDTLBs
 .text          0x20000198      0x114 c:/isis/application/toolchain/bin/../lib/gcc/arm-none-eabi/4.7.4\libgcc.a(_udivsi3.o)
                0x20000198                __aeabi_uidiv
                0x20000198                __udivsi3
                0x2000028c                __aeabi_uidivmod
 .text          0x200002ac      0x148 c:/isis/application/toolchain/bin/../lib/gcc/arm-none-eabi/4.7.4\libgcc.a(_divsi3.o)
                0x200002ac                __divsi3
                0x200002ac                __aeabi_idiv
                0x200003d4                __aeabi_idivmod
 .text          0x200003f4        0x4 c:/isis/application/toolchain/bin/../lib/gcc/arm-none-eabi/4.7.4\libgcc.a(_dvmd_tls.o)
                0x200003f4                __aeabi_idiv0
                0x200003f4                __aeabi_ldiv0
 .text          0x200003f8      0x41c c:/isis/application/toolchain/bin/../lib/gcc/arm-none-eabi/4.7.4\libgcc.a(_arm_addsubdf3.o)
                0x200003f8                __aeabi_drsub
                0x20000400                __aeabi_dsub
                0x20000400                __subdf3
                0x20000404                __aeabi_dadd
                0x20000404                __adddf3
                0x20000714                __floatunsidf
                0x20000714                __aeabi_ui2d
                0x20000738                __floatsidf
                0x20000738                __aeabi_i2d
                0x20000760                __aeabi_f2d
                0x20000760                __extendsfdf2
                0x200007a0                __floatundidf
                0x200007a0                __aeabi_ul2d
                0x200007b4                __floatdidf
                0x200007b4                __aeabi_l2d
 .text          0x20000814      0x49c c:/isis/application/toolchain/bin/../lib/gcc/arm-none-eabi/4.7.4\libgcc.a(_arm_muldivdf3.o)
                0x20000814                __aeabi_dmul
                0x20000814                __muldf3
                0x20000aa4                __divdf3
                0x20000aa4                __aeabi_ddiv
 .text          0x20000cb0      0x144 c:/isis/application/toolchain/bin/../lib/gcc/arm-none-eabi/4.7.4\libgcc.a(_arm_cmpdf2.o)
                0x20000cb0                __gtdf2
                0x20000cb0                __gedf2
                0x20000cb8                __ltdf2
                0x20000cb8                __ledf2
                0x20000cc0                __nedf2
                0x20000cc0                __eqdf2
                0x20000cc0                __cmpdf2
                0x20000d48                __aeabi_cdrcmple
                0x20000d64                __aeabi_cdcmpeq
                0x20000d64                __aeabi_cdcmple
                0x20000d7c                __aeabi_dcmpeq
                0x20000d94                __aeabi_dcmplt
                0x20000dac                __aeabi_dcmple
                0x20000dc4                __aeabi_dcmpge
                0x20000ddc                __aeabi_dcmpgt
 .text          0x20000df4       0x5c c:/isis/application/toolchain/bin/../lib/gcc/arm-none-eabi/4.7.4\libgcc.a(_arm_fixdfsi.o)
                0x20000df4                __aeabi_d2iz
                0x20000df4                __fixdfsi
 .text          0x20000e50       0x54 c:/isis/application/toolchain/bin/../lib/gcc/arm-none-eabi/4.7.4\libgcc.a(_arm_fixunsdfsi.o)
                0x20000e50                __aeabi_d2uiz
                0x20000e50                __fixunsdfsi
 .text          0x20000ea4       0xa0 c:/isis/application/toolchain/bin/../lib/gcc/arm-none-eabi/4.7.4\libgcc.a(_arm_truncdfsf2.o)
                0x20000ea4                __truncdfsf2
                0x20000ea4                __aeabi_d2f
 .text          0x20000f44      0x2ac c:/isis/application/toolchain/bin/../lib/gcc/arm-none-eabi/4.7.4\libgcc.a(_arm_addsubsf3.o)
                0x20000f44                __aeabi_frsub
                0x20000f4c                __subsf3
                0x20000f4c                __aeabi_fsub
                0x20000f50                __aeabi_fadd
                0x20000f50                __addsf3
                0x2000110c                __aeabi_ui2f
                0x2000110c                __floatunsisf
                0x20001114                __aeabi_i2f
                0x20001114                __floatsisf
                0x20001134                __aeabi_ul2f
                0x20001134                __floatundisf
                0x20001144                __aeabi_l2f
                0x20001144                __floatdisf
 .text          0x200011f0      0x2f8 c:/isis/application/toolchain/bin/../lib/gcc/arm-none-eabi/4.7.4\libgcc.a(_arm_muldivsf3.o)
                0x200011f0                __mulsf3
                0x200011f0                __aeabi_fmul
                0x20001388                __aeabi_fdiv
                0x20001388                __divsf3
 .text          0x200014e8       0x54 c:/isis/application/toolchain/bin/../lib/gcc/arm-none-eabi/4.7.4\libgcc.a(_arm_fixunssfsi.o)
                0x200014e8                __fixunssfsi
                0x200014e8                __aeabi_f2uiz
 *(.text*)
 .text.__cvt    0x2000153c      0x138 c:/isis/application/toolchain/bin/../lib/gcc/arm-none-eabi/4.7.4/../../../../arm-none-eabi/lib\libc_s.a(lib_a-vfprintf_float.o)
                0x2000153c                __cvt
 .text.__exponent
                0x20001674       0xa8 c:/isis/application/toolchain/bin/../lib/gcc/arm-none-eabi/4.7.4/../../../../arm-none-eabi/lib\libc_s.a(lib_a-vfprintf_float.o)
                0x20001674                __exponent
 .text._printf_float
                0x2000171c      0x7dc c:/isis/application/toolchain/bin/../lib/gcc/arm-none-eabi/4.7.4/../../../../arm-none-eabi/lib\libc_s.a(lib_a-vfprintf_float.o)
                0x2000171c                _printf_float
 .text._printf_common
                0x20001ef8      0x174 c:/isis/application/toolchain/bin/../lib/gcc/arm-none-eabi/4.7.4/../../../../arm-none-eabi/lib\libc_s.a(lib_a-vfprintf_i.o)
                0x20001ef8                _printf_common
 .text._printf_i
                0x2000206c      0x3c4 c:/isis/application/toolchain/bin/../lib/gcc/arm-none-eabi/4.7.4/../../../../arm-none-eabi/lib\libc_s.a(lib_a-vfprintf_i.o)
                0x2000206c                _printf_i
 .text._scanf_float
                0x20002430      0x5f4 c:/isis/application/toolchain/bin/../lib/gcc/arm-none-eabi/4.7.4/../../../../arm-none-eabi/lib\libc_s.a(lib_a-vfscanf_float.o)
                0x20002430                _scanf_float
 .text.quorem   0x20002a24      0x1ac c:/isis/application/toolchain/bin/../lib/gcc/arm-none-eabi/4.7.4/../../../../arm-none-eabi/lib\libc_s.a(lib_a-dtoa.o)
 .text._dtoa_r  0x20002bd0     0x1268 c:/isis/application/toolchain/bin/../lib/gcc/arm-none-eabi/4.7.4/../../../../arm-none-eabi/lib\libc_s.a(lib_a-dtoa.o)
                0x20002bd0                _dtoa_r
 .text._localeconv_r
                0x20003e38        0xc c:/isis/application/toolchain/bin/../lib/gcc/arm-none-eabi/4.7.4/../../../../arm-none-eabi/lib\libc_s.a(lib_a-locale.o)
                0x20003e38                _localeconv_r
 .text.malloc   0x20003e44       0x20 c:/isis/application/toolchain/bin/../lib/gcc/arm-none-eabi/4.7.4/../../../../arm-none-eabi/lib\libc_s.a(lib_a-malloc.o)
                0x20003e44                malloc
 .text.free     0x20003e64       0x20 c:/isis/application/toolchain/bin/../lib/gcc/arm-none-eabi/4.7.4/../../../../arm-none-eabi/lib\libc_s.a(lib_a-malloc.o)
                0x20003e64                free
 .text._malloc_r
                0x20003e84       0xfc c:/isis/application/toolchain/bin/../lib/gcc/arm-none-eabi/4.7.4/../../../../arm-none-eabi/lib\libc_s.a(lib_a-mallocr.o)
                0x20003e84                _malloc_r
 .text.memcpy   0x20003f80       0x20 c:/isis/application/toolchain/bin/../lib/gcc/arm-none-eabi/4.7.4/../../../../arm-none-eabi/lib\libc_s.a(lib_a-memcpy.o)
                0x20003f80                memcpy
 .text._Balloc  0x20003fa0       0xcc c:/isis/application/toolchain/bin/../lib/gcc/arm-none-eabi/4.7.4/../../../../arm-none-eabi/lib\libc_s.a(lib_a-mprec.o)
                0x20003fa0                _Balloc
 .text._Bfree   0x2000406c       0x5c c:/isis/application/toolchain/bin/../lib/gcc/arm-none-eabi/4.7.4/../../../../arm-none-eabi/lib\libc_s.a(lib_a-mprec.o)
                0x2000406c                _Bfree
 .text.__multadd
                0x200040c8       0xbc c:/isis/application/toolchain/bin/../lib/gcc/arm-none-eabi/4.7.4/../../../../arm-none-eabi/lib\libc_s.a(lib_a-mprec.o)
                0x200040c8                __multadd
 .text.__s2b    0x20004184       0xd8 c:/isis/application/toolchain/bin/../lib/gcc/arm-none-eabi/4.7.4/../../../../arm-none-eabi/lib\libc_s.a(lib_a-mprec.o)
                0x20004184                __s2b
 .text.__hi0bits
                0x2000425c       0x58 c:/isis/application/toolchain/bin/../lib/gcc/arm-none-eabi/4.7.4/../../../../arm-none-eabi/lib\libc_s.a(lib_a-mprec.o)
                0x2000425c                __hi0bits
 .text.__lo0bits
                0x200042b4       0x94 c:/isis/application/toolchain/bin/../lib/gcc/arm-none-eabi/4.7.4/../../../../arm-none-eabi/lib\libc_s.a(lib_a-mprec.o)
                0x200042b4                __lo0bits
 .text.__i2b    0x20004348       0x24 c:/isis/application/toolchain/bin/../lib/gcc/arm-none-eabi/4.7.4/../../../../arm-none-eabi/lib\libc_s.a(lib_a-mprec.o)
                0x20004348                __i2b
 .text.__multiply
                0x2000436c      0x1ac c:/isis/application/toolchain/bin/../lib/gcc/arm-none-eabi/4.7.4/../../../../arm-none-eabi/lib\libc_s.a(lib_a-mprec.o)
                0x2000436c                __multiply
 .text.__pow5mult
                0x20004518      0x10c c:/isis/application/toolchain/bin/../lib/gcc/arm-none-eabi/4.7.4/../../../../arm-none-eabi/lib\libc_s.a(lib_a-mprec.o)
                0x20004518                __pow5mult
 .text.__lshift
                0x20004624       0xf0 c:/isis/application/toolchain/bin/../lib/gcc/arm-none-eabi/4.7.4/../../../../arm-none-eabi/lib\libc_s.a(lib_a-mprec.o)
                0x20004624                __lshift
 .text.__mcmp   0x20004714       0x60 c:/isis/application/toolchain/bin/../lib/gcc/arm-none-eabi/4.7.4/../../../../arm-none-eabi/lib\libc_s.a(lib_a-mprec.o)
                0x20004714                __mcmp
 .text.__mdiff  0x20004774      0x128 c:/isis/application/toolchain/bin/../lib/gcc/arm-none-eabi/4.7.4/../../../../arm-none-eabi/lib\libc_s.a(lib_a-mprec.o)
                0x20004774                __mdiff
 .text.__ulp    0x2000489c       0x5c c:/isis/application/toolchain/bin/../lib/gcc/arm-none-eabi/4.7.4/../../../../arm-none-eabi/lib\libc_s.a(lib_a-mprec.o)
                0x2000489c                __ulp
 .text.__b2d    0x200048f8       0xc8 c:/isis/application/toolchain/bin/../lib/gcc/arm-none-eabi/4.7.4/../../../../arm-none-eabi/lib\libc_s.a(lib_a-mprec.o)
                0x200048f8                __b2d
 .text.__d2b    0x200049c0       0xfc c:/isis/application/toolchain/bin/../lib/gcc/arm-none-eabi/4.7.4/../../../../arm-none-eabi/lib\libc_s.a(lib_a-mprec.o)
                0x200049c0                __d2b
 .text.__ratio  0x20004abc       0x70 c:/isis/application/toolchain/bin/../lib/gcc/arm-none-eabi/4.7.4/../../../../arm-none-eabi/lib\libc_s.a(lib_a-mprec.o)
                0x20004abc                __ratio
 .text.__copybits
                0x20004b2c       0x4c c:/isis/application/toolchain/bin/../lib/gcc/arm-none-eabi/4.7.4/../../../../arm-none-eabi/lib\libc_s.a(lib_a-mprec.o)
                0x20004b2c                __copybits
 .text.__any_on
                0x20004b78       0x7c c:/isis/application/toolchain/bin/../lib/gcc/arm-none-eabi/4.7.4/../../../../arm-none-eabi/lib\libc_s.a(lib_a-mprec.o)
                0x20004b78                __any_on
 .text.__fpclassifyd
                0x20004bf4       0x6c c:/isis/application/toolchain/bin/../lib/gcc/arm-none-eabi/4.7.4/../../../../arm-none-eabi/lib\libc_s.a(lib_a-s_fpclassify.o)
                0x20004bf4                __fpclassifyd
 .text._sbrk_r  0x20004c60       0x3c c:/isis/application/toolchain/bin/../lib/gcc/arm-none-eabi/4.7.4/../../../../arm-none-eabi/lib\libc_s.a(lib_a-sbrkr.o)
                0x20004c60                _sbrk_r
 .text.nanf     0x20004c9c        0xc c:/isis/application/toolchain/bin/../lib/gcc/arm-none-eabi/4.7.4/../../../../arm-none-eabi/lib\libc_s.a(lib_a-sf_nan.o)
                0x20004c9c                nanf
 .text.sprintf  0x20004ca8       0x6c c:/isis/application/toolchain/bin/../lib/gcc/arm-none-eabi/4.7.4/../../../../arm-none-eabi/lib\libc_s.a(lib_a-sprintf.o)
                0x20004ca8                siprintf
                0x20004ca8                sprintf
 .text.strcmp   0x20004d14       0x1c c:/isis/application/toolchain/bin/../lib/gcc/arm-none-eabi/4.7.4/../../../../arm-none-eabi/lib\libc_s.a(lib_a-strcmp.o)
                0x20004d14                strcmp
 .text.strlen   0x20004d30       0x1c c:/isis/application/toolchain/bin/../lib/gcc/arm-none-eabi/4.7.4/../../../../arm-none-eabi/lib\libc_s.a(lib_a-strlen.o)
                0x20004d30                strlen
 .text.match    0x20004d4c       0x54 c:/isis/application/toolchain/bin/../lib/gcc/arm-none-eabi/4.7.4/../../../../arm-none-eabi/lib\libc_s.a(lib_a-strtod.o)
 .text._strtod_r
                0x20004da0     0x1168 c:/isis/application/toolchain/bin/../lib/gcc/arm-none-eabi/4.7.4/../../../../arm-none-eabi/lib\libc_s.a(lib_a-strtod.o)
                0x20004da0                _strtod_r
 .text._strtol_r
                0x20005f08      0x1b8 c:/isis/application/toolchain/bin/../lib/gcc/arm-none-eabi/4.7.4/../../../../arm-none-eabi/lib\libc_s.a(lib_a-strtol.o)
                0x20005f08                _strtol_r
 .text.__ssputc_r
                0x200060c0      0x10c c:/isis/application/toolchain/bin/../lib/gcc/arm-none-eabi/4.7.4/../../../../arm-none-eabi/lib\libc_s.a(lib_a-svfprintf.o)
                0x200060c0                __ssputc_r
 .text._svfprintf_r
                0x200061cc      0x328 c:/isis/application/toolchain/bin/../lib/gcc/arm-none-eabi/4.7.4/../../../../arm-none-eabi/lib\libc_s.a(lib_a-svfprintf.o)
                0x200061cc                _svfiprintf_r
                0x200061cc                _svfprintf_r
 .text._calloc_r
                0x200064f4       0x2c c:/isis/application/toolchain/bin/../lib/gcc/arm-none-eabi/4.7.4/../../../../arm-none-eabi/lib\libc_s.a(lib_a-callocr.o)
                0x200064f4                _calloc_r
 .text._free_r  0x20006520      0x108 c:/isis/application/toolchain/bin/../lib/gcc/arm-none-eabi/4.7.4/../../../../arm-none-eabi/lib\libc_s.a(lib_a-freer.o)
                0x20006520                _free_r
 .text.rshift   0x20006628       0xb0 c:/isis/application/toolchain/bin/../lib/gcc/arm-none-eabi/4.7.4/../../../../arm-none-eabi/lib\libc_s.a(lib_a-gdtoa-gethex.o)
 .text.htinit.constprop.0
                0x200066d8       0x34 c:/isis/application/toolchain/bin/../lib/gcc/arm-none-eabi/4.7.4/../../../../arm-none-eabi/lib\libc_s.a(lib_a-gdtoa-gethex.o)
 .text.__hexdig_init
                0x2000670c       0x38 c:/isis/application/toolchain/bin/../lib/gcc/arm-none-eabi/4.7.4/../../../../arm-none-eabi/lib\libc_s.a(lib_a-gdtoa-gethex.o)
                0x2000670c                __hexdig_init
 .text.__gethex
                0x20006744      0x6cc c:/isis/application/toolchain/bin/../lib/gcc/arm-none-eabi/4.7.4/../../../../arm-none-eabi/lib\libc_s.a(lib_a-gdtoa-gethex.o)
                0x20006744                __gethex
 .text.L_shift  0x20006e10       0x38 c:/isis/application/toolchain/bin/../lib/gcc/arm-none-eabi/4.7.4/../../../../arm-none-eabi/lib\libc_s.a(lib_a-gdtoa-hexnan.o)
 .text.__hexnan
                0x20006e48      0x1d8 c:/isis/application/toolchain/bin/../lib/gcc/arm-none-eabi/4.7.4/../../../../arm-none-eabi/lib\libc_s.a(lib_a-gdtoa-hexnan.o)
                0x20006e48                __hexnan
 .text.memchr   0x20007020       0x34 c:/isis/application/toolchain/bin/../lib/gcc/arm-none-eabi/4.7.4/../../../../arm-none-eabi/lib\libc_s.a(lib_a-memchr.o)
                0x20007020                memchr
 .text.memset   0x20007054       0x1c c:/isis/application/toolchain/bin/../lib/gcc/arm-none-eabi/4.7.4/../../../../arm-none-eabi/lib\libc_s.a(lib_a-memset.o)
                0x20007054                memset
 .text._realloc_r
                0x20007070       0x80 c:/isis/application/toolchain/bin/../lib/gcc/arm-none-eabi/4.7.4/../../../../arm-none-eabi/lib\libc_s.a(lib_a-reallocr.o)
                0x20007070                _realloc_r
 .text.strncmp  0x200070f0       0x64 c:/isis/application/toolchain/bin/../lib/gcc/arm-none-eabi/4.7.4/../../../../arm-none-eabi/lib\libc_s.a(lib_a-strncmp.o)
                0x200070f0                strncmp
 .text._malloc_usable_size_r
                0x20007154       0x1c c:/isis/application/toolchain/bin/../lib/gcc/arm-none-eabi/4.7.4/../../../../arm-none-eabi/lib\libc_s.a(lib_a-msizer.o)
                0x20007154                _malloc_usable_size_r
 .text.taskTesting
                0x20007170       0x84 ./src/TestingDemos/MainTest.o
                0x20007170                taskTesting
 .text.TestDumpTelemetry
                0x200071f4      0x104 ./src/TestingDemos/TrxvuTestingDemo.o
                0x200071f4                TestDumpTelemetry
 .text.EPS_Init
                0x200072f8       0xc0 ./src/SubSystemModules/PowerManagment/EPS.o
                0x200072f8                EPS_Init
 .text.EPS_Conditioning
                0x200073b8      0x1a8 ./src/SubSystemModules/PowerManagment/EPS.o
                0x200073b8                EPS_Conditioning
 .text.GetBatteryVoltage
                0x20007560       0x50 ./src/SubSystemModules/PowerManagment/EPS.o
                0x20007560                GetBatteryVoltage
 .text.GetThresholdVoltages
                0x200075b0       0x4c ./src/SubSystemModules/PowerManagment/EPS.o
                0x200075b0                GetThresholdVoltages
 .text.GetAlpha
                0x200075fc       0x48 ./src/SubSystemModules/PowerManagment/EPS.o
                0x200075fc                GetAlpha
 .text.EnterFullMode
                0x20007644       0x58 ./src/SubSystemModules/PowerManagment/EPSOperationModes.o
                0x20007644                EnterFullMode
 .text.EnterCruiseMode
                0x2000769c       0x58 ./src/SubSystemModules/PowerManagment/EPSOperationModes.o
                0x2000769c                EnterCruiseMode
 .text.EnterSafeMode
                0x200076f4       0x58 ./src/SubSystemModules/PowerManagment/EPSOperationModes.o
                0x200076f4                EnterSafeMode
 .text.EnterCriticalMode
                0x2000774c       0x58 ./src/SubSystemModules/PowerManagment/EPSOperationModes.o
                0x2000774c                EnterCriticalMode
 .text.SetEPS_Channels
                0x200077a4       0x28 ./src/SubSystemModules/PowerManagment/EPSOperationModes.o
                0x200077a4                SetEPS_Channels
 .text.EpsGetLowVoltageFlag
                0x200077cc       0x24 ./src/SubSystemModules/PowerManagment/EPSOperationModes.o
                0x200077cc                EpsGetLowVoltageFlag
 .text.EpsSetLowVoltageFlag
                0x200077f0       0x2c ./src/SubSystemModules/PowerManagment/EPSOperationModes.o
                0x200077f0                EpsSetLowVoltageFlag
 .text.CheckExecutionTime
                0x2000781c       0x70 ./src/SubSystemModules/Maintenance/Maintenance.o
                0x2000781c                CheckExecutionTime
 .text.FinishDump
                0x2000788c       0xe8 ./src/SubSystemModules/Housekepping/Dump.o
                0x2000788c                FinishDump
 .text.CheckDumpAbort
                0x20007974       0x58 ./src/SubSystemModules/Housekepping/Dump.o
                0x20007974                CheckDumpAbort
 .text.DumpTask
                0x200079cc      0x488 ./src/SubSystemModules/Housekepping/Dump.o
                0x200079cc                DumpTask
 .text.DumpTelemetry
                0x20007e54      0x198 ./src/SubSystemModules/Housekepping/Dump.o
                0x20007e54                DumpTelemetry
 .text.GetTelemetryFilenameByType
                0x20007fec      0x294 ./src/SubSystemModules/Housekepping/TelemetryCollector.o
                0x20007fec                GetTelemetryFilenameByType
 .text.TelemetryCollectorLogic
                0x20008280      0x140 ./src/SubSystemModules/Housekepping/TelemetryCollector.o
                0x20008280                TelemetryCollectorLogic
 .text.TelemetrySaveEPS
                0x200083c0       0xec ./src/SubSystemModules/Housekepping/TelemetryCollector.o
                0x200083c0                TelemetrySaveEPS
 .text.TelemetrySaveTRXVU
                0x200084ac       0xec ./src/SubSystemModules/Housekepping/TelemetryCollector.o
                0x200084ac                TelemetrySaveTRXVU
 .text.TelemetrySaveANT
                0x20008598       0x88 ./src/SubSystemModules/Housekepping/TelemetryCollector.o
                0x20008598                TelemetrySaveANT
 .text.TelemetrySaveSolarPanels
                0x20008620      0x1c8 ./src/SubSystemModules/Housekepping/TelemetryCollector.o
                0x20008620                TelemetrySaveSolarPanels
 .text.TelemetrySaveWOD
                0x200087e8       0x98 ./src/SubSystemModules/Housekepping/TelemetryCollector.o
                0x200087e8                TelemetrySaveWOD
 .text.GetCurrentWODTelemetry
                0x20008880      0x3e8 ./src/SubSystemModules/Housekepping/TelemetryCollector.o
                0x20008880                GetCurrentWODTelemetry
 .text.SendAckPacket
                0x20008c68       0xe4 ./src/SubSystemModules/Communication/AckHandler.o
                0x20008c68                SendAckPacket
 .text.InitBeaconParams
                0x20008d4c       0x60 ./src/SubSystemModules/Communication/Beacon.o
                0x20008d4c                InitBeaconParams
 .text.BeaconLogic
                0x20008dac      0x114 ./src/SubSystemModules/Communication/Beacon.o
                0x20008dac                BeaconLogic
 .text.AssembleCommand
                0x20008ec0      0x194 ./src/SubSystemModules/Communication/SatCommandHandler.o
                0x20008ec0                AssembleCommand
 .text.InitTxModule
                0x20009054       0x68 ./src/SubSystemModules/Communication/SatDataTx.o
                0x20009054                InitTxModule
 .text.CheckTransmitionAllowed
                0x200090bc       0xa4 ./src/SubSystemModules/Communication/SatDataTx.o
                0x200090bc                CheckTransmitionAllowed
 .text.TransmitSplPacket
                0x20009160       0xf8 ./src/SubSystemModules/Communication/SatDataTx.o
                0x20009160                TransmitSplPacket
 .text.InitTrxvu
                0x20009258      0x114 ./src/SubSystemModules/Communication/TRXVU.o
                0x20009258                InitTrxvu
 .text.isFirstActivation
                0x2000936c       0x88 ./src/InitSystem.o
                0x2000936c                isFirstActivation
 .text.firstActivationProcedure
                0x200093f4       0x9c ./src/InitSystem.o
                0x200093f4                firstActivationProcedure
 .text.WriteDefaultValuesToFRAM
                0x20009490       0xfc ./src/InitSystem.o
                0x20009490                WriteDefaultValuesToFRAM
 .text.StartFRAM
                0x2000958c       0x60 ./src/InitSystem.o
                0x2000958c                StartFRAM
 .text.StartI2C
                0x200095ec       0x9c ./src/InitSystem.o
                0x200095ec                StartI2C
 .text.StartSPI
                0x20009688       0x68 ./src/InitSystem.o
                0x20009688                StartSPI
 .text.StartTIME
                0x200096f0       0xa8 ./src/InitSystem.o
                0x200096f0                StartTIME
 .text.DeploySystem
                0x20009798       0xe8 ./src/InitSystem.o
                0x20009798                DeploySystem
 .text.InitSubsystems
                0x20009880      0x104 ./src/InitSystem.o
                0x20009880                InitSubsystems
 .text.delete_allTMFilesFromSD
                0x20009984       0xf8 ./src/TLM_management.o
                0x20009984                delete_allTMFilesFromSD
 .text.getNumOfFilesInFS
                0x20009a7c       0x44 ./src/TLM_management.o
 .text.InitializeFS
                0x20009ac0      0x174 ./src/TLM_management.o
                0x20009ac0                InitializeFS
 .text.writewithEpochtime
                0x20009c34       0x8c ./src/TLM_management.o
 .text.get_C_FILE_struct
                0x20009cc0       0xf4 ./src/TLM_management.o
 .text.getFileIndex
                0x20009db4       0x40 ./src/TLM_management.o
 .text.get_file_name_by_index
                0x20009df4       0x44 ./src/TLM_management.o
                0x20009df4                get_file_name_by_index
 .text.c_fileWrite
                0x20009e38       0xfc ./src/TLM_management.o
                0x20009e38                c_fileWrite
 .text.c_fileRead
                0x20009f34      0x2a0 ./src/TLM_management.o
                0x20009f34                c_fileRead
 .text.c_fileGetNumOfElements
                0x2000a1d4      0x258 ./src/TLM_management.o
                0x2000a1d4                c_fileGetNumOfElements
 .text.main     0x2000a42c       0xac ./src/main.o
                0x2000a42c                main
 .text.validateTransferParameters
                0x2000a4d8      0x10c C:/GivatShmuel/Base-Aug-2019/GlobusSatProject/..//hal/hal/lib\libHALD.a(I2C.o)
 .text.I2C_queueTransfer
                0x2000a5e4       0xe8 C:/GivatShmuel/Base-Aug-2019/GlobusSatProject/..//hal/hal/lib\libHALD.a(I2C.o)
                0x2000a5e4                I2C_queueTransfer
 .text.I2C_internalCallback
                0x2000a6cc       0x64 C:/GivatShmuel/Base-Aug-2019/GlobusSatProject/..//hal/hal/lib\libHALD.a(I2C.o)
 .text.I2C_doBlockingTransfer
                0x2000a730      0x160 C:/GivatShmuel/Base-Aug-2019/GlobusSatProject/..//hal/hal/lib\libHALD.a(I2C.o)
 .text.I2C_writeRead
                0x2000a890      0x180 C:/GivatShmuel/Base-Aug-2019/GlobusSatProject/..//hal/hal/lib\libHALD.a(I2C.o)
                0x2000a890                I2C_writeRead
 .text.I2C_start
                0x2000aa10      0x2e8 C:/GivatShmuel/Base-Aug-2019/GlobusSatProject/..//hal/hal/lib\libHALD.a(I2C.o)
                0x2000aa10                I2C_start
 .text.I2C_stop
                0x2000acf8      0x184 C:/GivatShmuel/Base-Aug-2019/GlobusSatProject/..//hal/hal/lib\libHALD.a(I2C.o)
                0x2000acf8                I2C_stop
 .text.I2C_setTransferTimeout
                0x2000ae7c       0x48 C:/GivatShmuel/Base-Aug-2019/GlobusSatProject/..//hal/hal/lib\libHALD.a(I2C.o)
                0x2000ae7c                I2C_setTransferTimeout
 .text.clearPDCtransfers
                0x2000aec4       0xdc C:/GivatShmuel/Base-Aug-2019/GlobusSatProject/..//hal/hal/lib\libHALD.a(SPI.o)
 .text.SPI_start
                0x2000afa0      0x4c0 C:/GivatShmuel/Base-Aug-2019/GlobusSatProject/..//hal/hal/lib\libHALD.a(SPI.o)
                0x2000afa0                SPI_start
 .text.SPI_stop
                0x2000b460      0x22c C:/GivatShmuel/Base-Aug-2019/GlobusSatProject/..//hal/hal/lib\libHALD.a(SPI.o)
                0x2000b460                SPI_stop
 .text.SPI_queueTransfer
                0x2000b68c      0x190 C:/GivatShmuel/Base-Aug-2019/GlobusSatProject/..//hal/hal/lib\libHALD.a(SPI.o)
                0x2000b68c                SPI_queueTransfer
 .text.SPI_internalCallback
                0x2000b81c       0x64 C:/GivatShmuel/Base-Aug-2019/GlobusSatProject/..//hal/hal/lib\libHALD.a(SPI.o)
 .text.SPI_writeRead
                0x2000b880      0x188 C:/GivatShmuel/Base-Aug-2019/GlobusSatProject/..//hal/hal/lib\libHALD.a(SPI.o)
                0x2000b880                SPI_writeRead
 .text.waitForTransfer
                0x2000ba08       0x68 C:/GivatShmuel/Base-Aug-2019/GlobusSatProject/..//hal/hal/lib\libHALD.a(SPI.o)
 .text.SPI_getDriverState
                0x2000ba70       0x58 C:/GivatShmuel/Base-Aug-2019/GlobusSatProject/..//hal/hal/lib\libHALD.a(SPI.o)
                0x2000ba70                SPI_getDriverState
 .text.FRAM_start
                0x2000bac8       0xf4 C:/GivatShmuel/Base-Aug-2019/GlobusSatProject/..//hal/hal/lib\libHALD.a(FRAM.o)
                0x2000bac8                FRAM_start
 .text.FRAM_dummyCallback
                0x2000bbbc       0x24 C:/GivatShmuel/Base-Aug-2019/GlobusSatProject/..//hal/hal/lib\libHALD.a(FRAM.o)
                0x2000bbbc                FRAM_dummyCallback
 .text.FRAM_unlockingCallback
                0x2000bbe0       0x78 C:/GivatShmuel/Base-Aug-2019/GlobusSatProject/..//hal/hal/lib\libHALD.a(FRAM.o)
                0x2000bbe0                FRAM_unlockingCallback
 .text.doBlockingTransfer
                0x2000bc58       0x88 C:/GivatShmuel/Base-Aug-2019/GlobusSatProject/..//hal/hal/lib\libHALD.a(FRAM.o)
 .text.FRAM_writePacket
                0x2000bce0      0x148 C:/GivatShmuel/Base-Aug-2019/GlobusSatProject/..//hal/hal/lib\libHALD.a(FRAM.o)
 .text.FRAM_write
                0x2000be28      0x1c8 C:/GivatShmuel/Base-Aug-2019/GlobusSatProject/..//hal/hal/lib\libHALD.a(FRAM.o)
                0x2000be28                FRAM_write
 .text.FRAM_readPacket
                0x2000bff0      0x114 C:/GivatShmuel/Base-Aug-2019/GlobusSatProject/..//hal/hal/lib\libHALD.a(FRAM.o)
 .text.FRAM_read
                0x2000c104      0x1d4 C:/GivatShmuel/Base-Aug-2019/GlobusSatProject/..//hal/hal/lib\libHALD.a(FRAM.o)
                0x2000c104                FRAM_read
 .text.Time_start
                0x2000c2d8      0x150 C:/GivatShmuel/Base-Aug-2019/GlobusSatProject/..//hal/hal/lib\libHALD.a(Time.o)
                0x2000c2d8                Time_start
 .text.taskTimeSync
                0x2000c428       0x38 C:/GivatShmuel/Base-Aug-2019/GlobusSatProject/..//hal/hal/lib\libHALD.a(Time.o)
 .text.Time_set
                0x2000c460      0x278 C:/GivatShmuel/Base-Aug-2019/GlobusSatProject/..//hal/hal/lib\libHALD.a(Time.o)
                0x2000c460                Time_set
 .text.Time_isLeapYear
                0x2000c6d8       0x98 C:/GivatShmuel/Base-Aug-2019/GlobusSatProject/..//hal/hal/lib\libHALD.a(Time.o)
                0x2000c6d8                Time_isLeapYear
 .text.Time_get
                0x2000c770      0x410 C:/GivatShmuel/Base-Aug-2019/GlobusSatProject/..//hal/hal/lib\libHALD.a(Time.o)
                0x2000c770                Time_get
 .text.Time_getUnixEpoch
                0x2000cb80       0xf4 C:/GivatShmuel/Base-Aug-2019/GlobusSatProject/..//hal/hal/lib\libHALD.a(Time.o)
                0x2000cb80                Time_getUnixEpoch
 .text.secondsOfYearToTime
                0x2000cc74      0x328 C:/GivatShmuel/Base-Aug-2019/GlobusSatProject/..//hal/hal/lib\libHALD.a(Time.o)
 .text.Time_setUnixEpoch
                0x2000cf9c      0x100 C:/GivatShmuel/Base-Aug-2019/GlobusSatProject/..//hal/hal/lib\libHALD.a(Time.o)
                0x2000cf9c                Time_setUnixEpoch
 .text.Time_sync
                0x2000d09c      0x2b8 C:/GivatShmuel/Base-Aug-2019/GlobusSatProject/..//hal/hal/lib\libHALD.a(Time.o)
                0x2000d09c                Time_sync
 .text.Time_syncIfNeeded
                0x2000d354       0x70 C:/GivatShmuel/Base-Aug-2019/GlobusSatProject/..//hal/hal/lib\libHALD.a(Time.o)
                0x2000d354                Time_syncIfNeeded
 .text.Time_setSyncInterval
                0x2000d3c4       0x38 C:/GivatShmuel/Base-Aug-2019/GlobusSatProject/..//hal/hal/lib\libHALD.a(Time.o)
                0x2000d3c4                Time_setSyncInterval
 .text.WDT_start
                0x2000d3fc       0x48 C:/GivatShmuel/Base-Aug-2019/GlobusSatProject/..//hal/hal/lib\libHALD.a(WatchDogTimerNoOS.o)
                0x2000d3fc                WDT_start
 .text.WDT_startWatchdogKickTask
                0x2000d444       0xb4 C:/GivatShmuel/Base-Aug-2019/GlobusSatProject/..//hal/hal/lib\libHALD.a(WatchDogTimerOS.o)
                0x2000d444                WDT_startWatchdogKickTask
 .text.WDT_forceKickEveryNms
                0x2000d4f8       0x50 C:/GivatShmuel/Base-Aug-2019/GlobusSatProject/..//hal/hal/lib\libHALD.a(WatchDogTimerOS.o)
                0x2000d4f8                WDT_forceKickEveryNms
 .text.UTIL_DbguGetInteger
                0x2000d548      0x124 C:/GivatShmuel/Base-Aug-2019/GlobusSatProject/..//hal/hal/lib\libHALD.a(util.o)
                0x2000d548                UTIL_DbguGetInteger
 .text.UTIL_DbguGetIntegerMinMax
                0x2000d66c       0xa4 C:/GivatShmuel/Base-Aug-2019/GlobusSatProject/..//hal/hal/lib\libHALD.a(util.o)
                0x2000d66c                UTIL_DbguGetIntegerMinMax
 .text.LED_glow
                0x2000d710       0x58 C:/GivatShmuel/Base-Aug-2019/GlobusSatProject/..//hal/hal/lib\libHALD.a(LED.o)
                0x2000d710                LED_glow
 .text.LED_dark
                0x2000d768       0x58 C:/GivatShmuel/Base-Aug-2019/GlobusSatProject/..//hal/hal/lib\libHALD.a(LED.o)
                0x2000d768                LED_dark
 .text.LED_toggle
                0x2000d7c0       0x50 C:/GivatShmuel/Base-Aug-2019/GlobusSatProject/..//hal/hal/lib\libHALD.a(LED.o)
                0x2000d7c0                LED_toggle
 .text.RTC_start
                0x2000d810       0x3c C:/GivatShmuel/Base-Aug-2019/GlobusSatProject/..//hal/hal/lib\libHALD.a(RTC.o)
                0x2000d810                RTC_start
 .text.RTC_setTime
                0x2000d84c      0x2a4 C:/GivatShmuel/Base-Aug-2019/GlobusSatProject/..//hal/hal/lib\libHALD.a(RTC.o)
                0x2000d84c                RTC_setTime
 .text.RTC_getTime
                0x2000daf0      0x224 C:/GivatShmuel/Base-Aug-2019/GlobusSatProject/..//hal/hal/lib\libHALD.a(RTC.o)
                0x2000daf0                RTC_getTime
 .text.RTC_checkTimeValid
                0x2000dd14       0xdc C:/GivatShmuel/Base-Aug-2019/GlobusSatProject/..//hal/hal/lib\libHALD.a(RTC.o)
                0x2000dd14                RTC_checkTimeValid
 .text.RTT_start
                0x2000ddf0       0x24 C:/GivatShmuel/Base-Aug-2019/GlobusSatProject/..//hal/hal/lib\libHALD.a(RTT.o)
                0x2000ddf0                RTT_start
 .text.fn_init  0x2000de14      0x2e0 C:/GivatShmuel/Base-Aug-2019/GlobusSatProject/..//hal/hcc/lib\libHCCD.a(fat_common.o)
                0x2000de14                fn_init
 .text._f_get16bitl
                0x2000e0f4       0x4c C:/GivatShmuel/Base-Aug-2019/GlobusSatProject/..//hal/hcc/lib\libHCCD.a(fat_common.o)
                0x2000e0f4                _f_get16bitl
 .text._f_set16bitl
                0x2000e140       0x54 C:/GivatShmuel/Base-Aug-2019/GlobusSatProject/..//hal/hcc/lib\libHCCD.a(fat_common.o)
                0x2000e140                _f_set16bitl
 .text._f_get32bitl
                0x2000e194       0x68 C:/GivatShmuel/Base-Aug-2019/GlobusSatProject/..//hal/hcc/lib\libHCCD.a(fat_common.o)
                0x2000e194                _f_get32bitl
 .text._f_set32bitl
                0x2000e1fc       0x78 C:/GivatShmuel/Base-Aug-2019/GlobusSatProject/..//hal/hcc/lib\libHCCD.a(fat_common.o)
                0x2000e1fc                _f_set32bitl
 .text._get8bit
                0x2000e274       0xa0 C:/GivatShmuel/Base-Aug-2019/GlobusSatProject/..//hal/hcc/lib\libHCCD.a(fat_common.o)
 .text._get16bitl
                0x2000e314       0x40 C:/GivatShmuel/Base-Aug-2019/GlobusSatProject/..//hal/hcc/lib\libHCCD.a(fat_common.o)
 .text._get32bitl
                0x2000e354       0x3c C:/GivatShmuel/Base-Aug-2019/GlobusSatProject/..//hal/hcc/lib\libHCCD.a(fat_common.o)
 .text._f_setcardremoved
                0x2000e390       0x94 C:/GivatShmuel/Base-Aug-2019/GlobusSatProject/..//hal/hcc/lib\libHCCD.a(fat_common.o)
 .text._f_checkstatus
                0x2000e424      0x104 C:/GivatShmuel/Base-Aug-2019/GlobusSatProject/..//hal/hcc/lib\libHCCD.a(fat_common.o)
                0x2000e424                _f_checkstatus
 .text._f_drvgetphy
                0x2000e528      0x114 C:/GivatShmuel/Base-Aug-2019/GlobusSatProject/..//hal/hcc/lib\libHCCD.a(fat_common.o)
 .text._f_drvwritesector
                0x2000e63c       0xdc C:/GivatShmuel/Base-Aug-2019/GlobusSatProject/..//hal/hcc/lib\libHCCD.a(fat_common.o)
 .text._f_drvreadsector
                0x2000e718       0xa8 C:/GivatShmuel/Base-Aug-2019/GlobusSatProject/..//hal/hcc/lib\libHCCD.a(fat_common.o)
 .text._f_writesector
                0x2000e7c0      0x23c C:/GivatShmuel/Base-Aug-2019/GlobusSatProject/..//hal/hcc/lib\libHCCD.a(fat_common.o)
                0x2000e7c0                _f_writesector
 .text._f_readsector
                0x2000e9fc      0x1dc C:/GivatShmuel/Base-Aug-2019/GlobusSatProject/..//hal/hcc/lib\libHCCD.a(fat_common.o)
                0x2000e9fc                _f_readsector
 .text._f_getmaxcluster
                0x2000ebd8       0x94 C:/GivatShmuel/Base-Aug-2019/GlobusSatProject/..//hal/hcc/lib\libHCCD.a(fat_common.o)
                0x2000ebd8                _f_getmaxcluster
 .text._getsectorfromcluster
                0x2000ec6c       0x68 C:/GivatShmuel/Base-Aug-2019/GlobusSatProject/..//hal/hcc/lib\libHCCD.a(fat_common.o)
 .text._f_buildsectors
                0x2000ecd4      0x268 C:/GivatShmuel/Base-Aug-2019/GlobusSatProject/..//hal/hcc/lib\libHCCD.a(fat_common.o)
 .text._f_getbootrecord
                0x2000ef3c      0x5e4 C:/GivatShmuel/Base-Aug-2019/GlobusSatProject/..//hal/hcc/lib\libHCCD.a(fat_common.o)
 .text._f_readbootrecord
                0x2000f520      0x4f8 C:/GivatShmuel/Base-Aug-2019/GlobusSatProject/..//hal/hcc/lib\libHCCD.a(fat_common.o)
 .text._f_flushcffiles
                0x2000fa18      0x17c C:/GivatShmuel/Base-Aug-2019/GlobusSatProject/..//hal/hcc/lib\libHCCD.a(fat_common.o)
                0x2000fa18                _f_flushcffiles
 .text._f_fatcache_flush
                0x2000fb94      0x270 C:/GivatShmuel/Base-Aug-2019/GlobusSatProject/..//hal/hcc/lib\libHCCD.a(fat_common.o)
                0x2000fb94                _f_fatcache_flush
 .text._f_writefatsector
                0x2000fe04      0x100 C:/GivatShmuel/Base-Aug-2019/GlobusSatProject/..//hal/hcc/lib\libHCCD.a(fat_common.o)
                0x2000fe04                _f_writefatsector
 .text._f_getfatsector
                0x2000ff04      0x3bc C:/GivatShmuel/Base-Aug-2019/GlobusSatProject/..//hal/hcc/lib\libHCCD.a(fat_common.o)
 .text._f_setclustervalue
                0x200102c0      0x490 C:/GivatShmuel/Base-Aug-2019/GlobusSatProject/..//hal/hcc/lib\libHCCD.a(fat_common.o)
                0x200102c0                _f_setclustervalue
 .text._f_getclustervalue
                0x20010750      0x388 C:/GivatShmuel/Base-Aug-2019/GlobusSatProject/..//hal/hcc/lib\libHCCD.a(fat_common.o)
                0x20010750                _f_getclustervalue
 .text._f_close_drive_files
                0x20010ad8       0xac C:/GivatShmuel/Base-Aug-2019/GlobusSatProject/..//hal/hcc/lib\libHCCD.a(fat_common.o)
 .text._f_inc_mount_count
                0x20010b84       0xa4 C:/GivatShmuel/Base-Aug-2019/GlobusSatProject/..//hal/hcc/lib\libHCCD.a(fat_common.o)
 .text._f_getvolume
                0x20010c28      0x2f8 C:/GivatShmuel/Base-Aug-2019/GlobusSatProject/..//hal/hcc/lib\libHCCD.a(fat_common.o)
                0x20010c28                _f_getvolume
 .text.fn_createdriver
                0x20010f20      0x118 C:/GivatShmuel/Base-Aug-2019/GlobusSatProject/..//hal/hcc/lib\libHCCD.a(fat_common.o)
                0x20010f20                fn_createdriver
 .text.fn_initvolume
                0x20011038      0x12c C:/GivatShmuel/Base-Aug-2019/GlobusSatProject/..//hal/hcc/lib\libHCCD.a(fat_common.o)
                0x20011038                fn_initvolume
 .text.fn_initvolumepartition_sub
                0x20011164       0xe0 C:/GivatShmuel/Base-Aug-2019/GlobusSatProject/..//hal/hcc/lib\libHCCD.a(fat_common.o)
 .text.fn_initvolumepartition
                0x20011244       0xac C:/GivatShmuel/Base-Aug-2019/GlobusSatProject/..//hal/hcc/lib\libHCCD.a(fat_common.o)
                0x20011244                fn_initvolumepartition
 .text._f_clustertopos
                0x200112f0       0xf8 C:/GivatShmuel/Base-Aug-2019/GlobusSatProject/..//hal/hcc/lib\libHCCD.a(fat_common.o)
                0x200112f0                _f_clustertopos
 .text._f_getcurrsector
                0x200113e8      0x6c8 C:/GivatShmuel/Base-Aug-2019/GlobusSatProject/..//hal/hcc/lib\libHCCD.a(fat_common.o)
                0x200113e8                _f_getcurrsector
 .text._f_getdecluster
                0x20011ab0       0x90 C:/GivatShmuel/Base-Aug-2019/GlobusSatProject/..//hal/hcc/lib\libHCCD.a(fat_common.o)
                0x20011ab0                _f_getdecluster
 .text._f_setdecluster
                0x20011b40       0x8c C:/GivatShmuel/Base-Aug-2019/GlobusSatProject/..//hal/hcc/lib\libHCCD.a(fat_common.o)
                0x20011b40                _f_setdecluster
 .text.fn_getdrive
                0x20011bcc       0x30 C:/GivatShmuel/Base-Aug-2019/GlobusSatProject/..//hal/hcc/lib\libHCCD.a(fat_common.o)
                0x20011bcc                fn_getdrive
 .text._f_getcurrenttimedate
                0x20011bfc      0x138 C:/GivatShmuel/Base-Aug-2019/GlobusSatProject/..//hal/hcc/lib\libHCCD.a(fat_common.o)
                0x20011bfc                _f_getcurrenttimedate
 .text._f_initentry
                0x20011d34       0xa0 C:/GivatShmuel/Base-Aug-2019/GlobusSatProject/..//hal/hcc/lib\libHCCD.a(fat_common.o)
                0x20011d34                _f_initentry
 .text._f_alloccluster
                0x20011dd4      0x344 C:/GivatShmuel/Base-Aug-2019/GlobusSatProject/..//hal/hcc/lib\libHCCD.a(fat_common.o)
                0x20011dd4                _f_alloccluster
 .text._f_dobadblock
                0x20012118      0x2cc C:/GivatShmuel/Base-Aug-2019/GlobusSatProject/..//hal/hcc/lib\libHCCD.a(fat_common.o)
                0x20012118                _f_dobadblock
 .text._f_checklocked
                0x200123e4       0xe4 C:/GivatShmuel/Base-Aug-2019/GlobusSatProject/..//hal/hcc/lib\libHCCD.a(fat_common.o)
                0x200123e4                _f_checklocked
 .text._f_checkappendlocked
                0x200124c8      0x110 C:/GivatShmuel/Base-Aug-2019/GlobusSatProject/..//hal/hcc/lib\libHCCD.a(fat_common.o)
                0x200124c8                _f_checkappendlocked
 .text._f_setsyncafile
                0x200125d8      0x114 C:/GivatShmuel/Base-Aug-2019/GlobusSatProject/..//hal/hcc/lib\libHCCD.a(fat_common.o)
                0x200125d8                _f_setsyncafile
 .text._f_syncfiles
                0x200126ec      0x128 C:/GivatShmuel/Base-Aug-2019/GlobusSatProject/..//hal/hcc/lib\libHCCD.a(fat_common.o)
                0x200126ec                _f_syncfiles
 .text._f_syncfilescontent
                0x20012814      0x15c C:/GivatShmuel/Base-Aug-2019/GlobusSatProject/..//hal/hcc/lib\libHCCD.a(fat_common.o)
 .text.fn_getfreespace
                0x20012970      0x4c0 C:/GivatShmuel/Base-Aug-2019/GlobusSatProject/..//hal/hcc/lib\libHCCD.a(fat_common.o)
                0x20012970                fn_getfreespace
 .text._f_emptywritecache
                0x20012e30      0x4a4 C:/GivatShmuel/Base-Aug-2019/GlobusSatProject/..//hal/hcc/lib\libHCCD.a(fat_common.o)
 .text._f_allocnextcluster
                0x200132d4      0x54c C:/GivatShmuel/Base-Aug-2019/GlobusSatProject/..//hal/hcc/lib\libHCCD.a(fat_common.o)
 .text._f_emptywritebuffer
                0x20013820      0x20c C:/GivatShmuel/Base-Aug-2019/GlobusSatProject/..//hal/hcc/lib\libHCCD.a(fat_common.o)
 .text._f_writezeros
                0x20013a2c       0xf0 C:/GivatShmuel/Base-Aug-2019/GlobusSatProject/..//hal/hcc/lib\libHCCD.a(fat_common.o)
                0x20013a2c                _f_writezeros
 .text._f_extend_file
                0x20013b1c      0x570 C:/GivatShmuel/Base-Aug-2019/GlobusSatProject/..//hal/hcc/lib\libHCCD.a(fat_common.o)
 .text._f_fseek
                0x2001408c      0x9bc C:/GivatShmuel/Base-Aug-2019/GlobusSatProject/..//hal/hcc/lib\libHCCD.a(fat_common.o)
                0x2001408c                _f_fseek
 .text._f_removechain
                0x20014a48      0x104 C:/GivatShmuel/Base-Aug-2019/GlobusSatProject/..//hal/hcc/lib\libHCCD.a(fat_common.o)
                0x20014a48                _f_removechain
 .text._f_updatefileentry
                0x20014b4c      0x1cc C:/GivatShmuel/Base-Aug-2019/GlobusSatProject/..//hal/hcc/lib\libHCCD.a(fat_common.o)
 .text._f_checkreadlocked
                0x20014d18      0x1bc C:/GivatShmuel/Base-Aug-2019/GlobusSatProject/..//hal/hcc/lib\libHCCD.a(fat_common.o)
                0x20014d18                _f_checkreadlocked
 .text._f_check_handle
                0x20014ed4       0x98 C:/GivatShmuel/Base-Aug-2019/GlobusSatProject/..//hal/hcc/lib\libHCCD.a(fat_common.o)
                0x20014ed4                _f_check_handle
 .text._f_removesyncafile
                0x20014f6c      0x1ec C:/GivatShmuel/Base-Aug-2019/GlobusSatProject/..//hal/hcc/lib\libHCCD.a(fat_common.o)
 .text.fn_close
                0x20015158      0x3f8 C:/GivatShmuel/Base-Aug-2019/GlobusSatProject/..//hal/hcc/lib\libHCCD.a(fat_common.o)
                0x20015158                fn_close
 .text.fn_flush
                0x20015550      0x374 C:/GivatShmuel/Base-Aug-2019/GlobusSatProject/..//hal/hcc/lib\libHCCD.a(fat_common.o)
                0x20015550                fn_flush
 .text.fn_read  0x200158c4      0x690 C:/GivatShmuel/Base-Aug-2019/GlobusSatProject/..//hal/hcc/lib\libHCCD.a(fat_common.o)
                0x200158c4                fn_read
 .text._f_abortwrite
                0x20015f54      0x100 C:/GivatShmuel/Base-Aug-2019/GlobusSatProject/..//hal/hcc/lib\libHCCD.a(fat_common.o)
 .text._f_checkwritecluster
                0x20016054       0xe4 C:/GivatShmuel/Base-Aug-2019/GlobusSatProject/..//hal/hcc/lib\libHCCD.a(fat_common.o)
 .text.fn_write
                0x20016138      0x8a8 C:/GivatShmuel/Base-Aug-2019/GlobusSatProject/..//hal/hcc/lib\libHCCD.a(fat_common.o)
                0x20016138                fn_write
 .text.fn_seek  0x200169e0      0x270 C:/GivatShmuel/Base-Aug-2019/GlobusSatProject/..//hal/hcc/lib\libHCCD.a(fat_common.o)
                0x200169e0                fn_seek
 .text.f_enterFS
                0x20016c50      0x1c0 C:/GivatShmuel/Base-Aug-2019/GlobusSatProject/..//hal/hcc/lib\libHCCD.a(fat_common.o)
                0x20016c50                f_enterFS
 .text.f_releaseFS
                0x20016e10       0xb0 C:/GivatShmuel/Base-Aug-2019/GlobusSatProject/..//hal/hcc/lib\libHCCD.a(fat_common.o)
                0x20016e10                f_releaseFS
 .text.fnGetTask
                0x20016ec0       0xfc C:/GivatShmuel/Base-Aug-2019/GlobusSatProject/..//hal/hcc/lib\libHCCD.a(fat_common.o)
                0x20016ec0                fnGetTask
 .text._f_mutex_get
                0x20016fbc       0x98 C:/GivatShmuel/Base-Aug-2019/GlobusSatProject/..//hal/hcc/lib\libHCCD.a(fat_common.o)
                0x20016fbc                _f_mutex_get
 .text._f_mutex_put
                0x20017054       0x54 C:/GivatShmuel/Base-Aug-2019/GlobusSatProject/..//hal/hcc/lib\libHCCD.a(fat_common.o)
                0x20017054                _f_mutex_put
 .text._fn_initseekdivisor
                0x200170a8      0x158 C:/GivatShmuel/Base-Aug-2019/GlobusSatProject/..//hal/hcc/lib\libHCCD.a(fat_common.o)
                0x200170a8                _fn_initseekdivisor
 .text._fn_updateseekpos
                0x20017200       0xc4 C:/GivatShmuel/Base-Aug-2019/GlobusSatProject/..//hal/hcc/lib\libHCCD.a(fat_common.o)
 .text._f_findopensize
                0x200172c4       0x2c C:/GivatShmuel/Base-Aug-2019/GlobusSatProject/..//hal/hcc/lib\libHCCD.a(fat_common.o)
                0x200172c4                _f_findopensize
 .text.fn_setlasterror
                0x200172f0       0x34 C:/GivatShmuel/Base-Aug-2019/GlobusSatProject/..//hal/hcc/lib\libHCCD.a(fat_common.o)
                0x200172f0                fn_setlasterror
 .text.fn_setlasterror_noret
                0x20017324       0x2c C:/GivatShmuel/Base-Aug-2019/GlobusSatProject/..//hal/hcc/lib\libHCCD.a(fat_common.o)
                0x20017324                fn_setlasterror_noret
 .text.fm_initvolume
                0x20017350       0x70 C:/GivatShmuel/Base-Aug-2019/GlobusSatProject/..//hal/hcc/lib\libHCCD.a(fat_m.o)
                0x20017350                fm_initvolume
 .text.fm_getdrive
                0x200173c0       0x70 C:/GivatShmuel/Base-Aug-2019/GlobusSatProject/..//hal/hcc/lib\libHCCD.a(fat_m.o)
                0x200173c0                fm_getdrive
 .text.fm_getfreespace
                0x20017430       0x68 C:/GivatShmuel/Base-Aug-2019/GlobusSatProject/..//hal/hcc/lib\libHCCD.a(fat_m.o)
                0x20017430                fm_getfreespace
 .text.fm_findfirst
                0x20017498       0x68 C:/GivatShmuel/Base-Aug-2019/GlobusSatProject/..//hal/hcc/lib\libHCCD.a(fat_m.o)
                0x20017498                fm_findfirst
 .text.fm_findnext
                0x20017500       0x60 C:/GivatShmuel/Base-Aug-2019/GlobusSatProject/..//hal/hcc/lib\libHCCD.a(fat_m.o)
                0x20017500                fm_findnext
 .text.fm_filelength
                0x20017560       0x60 C:/GivatShmuel/Base-Aug-2019/GlobusSatProject/..//hal/hcc/lib\libHCCD.a(fat_m.o)
                0x20017560                fm_filelength
 .text.fm_close
                0x200175c0       0x60 C:/GivatShmuel/Base-Aug-2019/GlobusSatProject/..//hal/hcc/lib\libHCCD.a(fat_m.o)
                0x200175c0                fm_close
 .text.fm_flush
                0x20017620       0x60 C:/GivatShmuel/Base-Aug-2019/GlobusSatProject/..//hal/hcc/lib\libHCCD.a(fat_m.o)
                0x20017620                fm_flush
 .text.fm_open  0x20017680       0x68 C:/GivatShmuel/Base-Aug-2019/GlobusSatProject/..//hal/hcc/lib\libHCCD.a(fat_m.o)
                0x20017680                fm_open
 .text.fm_read  0x200176e8       0x7c C:/GivatShmuel/Base-Aug-2019/GlobusSatProject/..//hal/hcc/lib\libHCCD.a(fat_m.o)
                0x200176e8                fm_read
 .text.fm_write
                0x20017764       0x7c C:/GivatShmuel/Base-Aug-2019/GlobusSatProject/..//hal/hcc/lib\libHCCD.a(fat_m.o)
                0x20017764                fm_write
 .text.fm_seek  0x200177e0       0x70 C:/GivatShmuel/Base-Aug-2019/GlobusSatProject/..//hal/hcc/lib\libHCCD.a(fat_m.o)
                0x200177e0                fm_seek
 .text.fm_delete
                0x20017850       0x64 C:/GivatShmuel/Base-Aug-2019/GlobusSatProject/..//hal/hcc/lib\libHCCD.a(fat_m.o)
                0x20017850                fm_delete
 .text._s_checkzeroclusteratend
                0x200178b4       0xf8 C:/GivatShmuel/Base-Aug-2019/GlobusSatProject/..//hal/hcc/lib\libHCCD.a(safefat.o)
 .text._s_clearclustercontent
                0x200179ac      0x108 C:/GivatShmuel/Base-Aug-2019/GlobusSatProject/..//hal/hcc/lib\libHCCD.a(safefat.o)
 .text._s_clearclustercontentdir
                0x20017ab4      0x19c C:/GivatShmuel/Base-Aug-2019/GlobusSatProject/..//hal/hcc/lib\libHCCD.a(safefat.o)
 .text._s_writedirsector
                0x20017c50       0xd0 C:/GivatShmuel/Base-Aug-2019/GlobusSatProject/..//hal/hcc/lib\libHCCD.a(safefat.o)
 .text._s_getdirsector
                0x20017d20      0x100 C:/GivatShmuel/Base-Aug-2019/GlobusSatProject/..//hal/hcc/lib\libHCCD.a(safefat.o)
 .text._s_addentry
                0x20017e20      0x394 C:/GivatShmuel/Base-Aug-2019/GlobusSatProject/..//hal/hcc/lib\libHCCD.a(safefat.o)
 .text._s_findfile
                0x200181b4      0x33c C:/GivatShmuel/Base-Aug-2019/GlobusSatProject/..//hal/hcc/lib\libHCCD.a(safefat.o)
 .text._s_findsubdir
                0x200184f0      0x248 C:/GivatShmuel/Base-Aug-2019/GlobusSatProject/..//hal/hcc/lib\libHCCD.a(safefat.o)
 .text._s_createfile
                0x20018738      0x190 C:/GivatShmuel/Base-Aug-2019/GlobusSatProject/..//hal/hcc/lib\libHCCD.a(safefat.o)
 .text._s_findsaffile
                0x200188c8      0x1b8 C:/GivatShmuel/Base-Aug-2019/GlobusSatProject/..//hal/hcc/lib\libHCCD.a(safefat.o)
 .text._s_open  0x20018a80       0xe4 C:/GivatShmuel/Base-Aug-2019/GlobusSatProject/..//hal/hcc/lib\libHCCD.a(safefat.o)
 .text._s_open_saf
                0x20018b64       0xe8 C:/GivatShmuel/Base-Aug-2019/GlobusSatProject/..//hal/hcc/lib\libHCCD.a(safefat.o)
 .text._s_flush
                0x20018c4c       0x84 C:/GivatShmuel/Base-Aug-2019/GlobusSatProject/..//hal/hcc/lib\libHCCD.a(safefat.o)
 .text._s_allocnextcluster
                0x20018cd0      0x13c C:/GivatShmuel/Base-Aug-2019/GlobusSatProject/..//hal/hcc/lib\libHCCD.a(safefat.o)
 .text._s_getnextsector
                0x20018e0c       0xdc C:/GivatShmuel/Base-Aug-2019/GlobusSatProject/..//hal/hcc/lib\libHCCD.a(safefat.o)
 .text._s_seek  0x20018ee8      0x1e8 C:/GivatShmuel/Base-Aug-2019/GlobusSatProject/..//hal/hcc/lib\libHCCD.a(safefat.o)
 .text._s_read  0x200190d0      0x228 C:/GivatShmuel/Base-Aug-2019/GlobusSatProject/..//hal/hcc/lib\libHCCD.a(safefat.o)
 .text._s_write
                0x200192f8      0x384 C:/GivatShmuel/Base-Aug-2019/GlobusSatProject/..//hal/hcc/lib\libHCCD.a(safefat.o)
 .text._s_restoreclusters
                0x2001967c      0x270 C:/GivatShmuel/Base-Aug-2019/GlobusSatProject/..//hal/hcc/lib\libHCCD.a(safefat.o)
                0x2001967c                _s_restoreclusters
 .text._s_findrestore
                0x200198ec      0x18c C:/GivatShmuel/Base-Aug-2019/GlobusSatProject/..//hal/hcc/lib\libHCCD.a(safefat.o)
 .text._s_cmd_writede
                0x20019a78       0xd8 C:/GivatShmuel/Base-Aug-2019/GlobusSatProject/..//hal/hcc/lib\libHCCD.a(safefat.o)
 .text._s_cmd_setcluster
                0x20019b50       0x88 C:/GivatShmuel/Base-Aug-2019/GlobusSatProject/..//hal/hcc/lib\libHCCD.a(safefat.o)
 .text._s_cmd_deletechain
                0x20019bd8      0x100 C:/GivatShmuel/Base-Aug-2019/GlobusSatProject/..//hal/hcc/lib\libHCCD.a(safefat.o)
 .text._s_cmd_validatecfn
                0x20019cd8      0x308 C:/GivatShmuel/Base-Aug-2019/GlobusSatProject/..//hal/hcc/lib\libHCCD.a(safefat.o)
 .text._s_cmd_seteof
                0x20019fe0      0x3c4 C:/GivatShmuel/Base-Aug-2019/GlobusSatProject/..//hal/hcc/lib\libHCCD.a(safefat.o)
 .text.safe_docommands
                0x2001a3a4      0x56c C:/GivatShmuel/Base-Aug-2019/GlobusSatProject/..//hal/hcc/lib\libHCCD.a(safefat.o)
                0x2001a3a4                safe_docommands
 .text.safe_entercommand
                0x2001a910       0x68 C:/GivatShmuel/Base-Aug-2019/GlobusSatProject/..//hal/hcc/lib\libHCCD.a(safefat.o)
                0x2001a910                safe_entercommand
 .text.safe_ready
                0x2001a978       0xf4 C:/GivatShmuel/Base-Aug-2019/GlobusSatProject/..//hal/hcc/lib\libHCCD.a(safefat.o)
                0x2001a978                safe_ready
 .text.safe_copycfn
                0x2001aa6c       0xb8 C:/GivatShmuel/Base-Aug-2019/GlobusSatProject/..//hal/hcc/lib\libHCCD.a(safefat.o)
                0x2001aa6c                safe_copycfn
 .text.safe_cfremove
                0x2001ab24       0xb8 C:/GivatShmuel/Base-Aug-2019/GlobusSatProject/..//hal/hcc/lib\libHCCD.a(safefat.o)
                0x2001ab24                safe_cfremove
 .text.safe_writede
                0x2001abdc      0x104 C:/GivatShmuel/Base-Aug-2019/GlobusSatProject/..//hal/hcc/lib\libHCCD.a(safefat.o)
                0x2001abdc                safe_writede
 .text.safe_setcluster
                0x2001ace0       0xcc C:/GivatShmuel/Base-Aug-2019/GlobusSatProject/..//hal/hcc/lib\libHCCD.a(safefat.o)
                0x2001ace0                safe_setcluster
 .text.safe_deletechain
                0x2001adac      0x1c8 C:/GivatShmuel/Base-Aug-2019/GlobusSatProject/..//hal/hcc/lib\libHCCD.a(safefat.o)
                0x2001adac                safe_deletechain
 .text.safe_cfclose
                0x2001af74      0x104 C:/GivatShmuel/Base-Aug-2019/GlobusSatProject/..//hal/hcc/lib\libHCCD.a(safefat.o)
                0x2001af74                safe_cfclose
 .text.safe_cfflush
                0x2001b078      0x124 C:/GivatShmuel/Base-Aug-2019/GlobusSatProject/..//hal/hcc/lib\libHCCD.a(safefat.o)
                0x2001b078                safe_cfflush
 .text.safe_reset
                0x2001b19c       0x78 C:/GivatShmuel/Base-Aug-2019/GlobusSatProject/..//hal/hcc/lib\libHCCD.a(safefat.o)
                0x2001b19c                safe_reset
 .text.safe_loadcommands
                0x2001b214       0x78 C:/GivatShmuel/Base-Aug-2019/GlobusSatProject/..//hal/hcc/lib\libHCCD.a(safefat.o)
                0x2001b214                safe_loadcommands
 .text.safe_poweron
                0x2001b28c      0x1fc C:/GivatShmuel/Base-Aug-2019/GlobusSatProject/..//hal/hcc/lib\libHCCD.a(safefat.o)
                0x2001b28c                safe_poweron
 .text.cf_getname
                0x2001b488       0xc0 C:/GivatShmuel/Base-Aug-2019/GlobusSatProject/..//hal/hcc/lib\libHCCD.a(safefat.o)
 .text.cf_copyclusterchain
                0x2001b548      0x138 C:/GivatShmuel/Base-Aug-2019/GlobusSatProject/..//hal/hcc/lib\libHCCD.a(safefat.o)
 .text.cf_seektozero
                0x2001b680       0x94 C:/GivatShmuel/Base-Aug-2019/GlobusSatProject/..//hal/hcc/lib\libHCCD.a(safefat.o)
                0x2001b680                cf_seektozero
 .text.cf_create
                0x2001b714      0x3a8 C:/GivatShmuel/Base-Aug-2019/GlobusSatProject/..//hal/hcc/lib\libHCCD.a(safefat.o)
                0x2001b714                cf_create
 .text.cf_copyclustercontent
                0x2001babc      0x128 C:/GivatShmuel/Base-Aug-2019/GlobusSatProject/..//hal/hcc/lib\libHCCD.a(safefat.o)
                0x2001babc                cf_copyclustercontent
 .text.cf_copycfn
                0x2001bbe4      0x4bc C:/GivatShmuel/Base-Aug-2019/GlobusSatProject/..//hal/hcc/lib\libHCCD.a(safefat.o)
                0x2001bbe4                cf_copycfn
 .text.cf_remove
                0x2001c0a0      0x344 C:/GivatShmuel/Base-Aug-2019/GlobusSatProject/..//hal/hcc/lib\libHCCD.a(safefat.o)
                0x2001c0a0                cf_remove
 .text.cf_setclusternew
                0x2001c3e4       0xf0 C:/GivatShmuel/Base-Aug-2019/GlobusSatProject/..//hal/hcc/lib\libHCCD.a(safefat.o)
                0x2001c3e4                cf_setclusternew
 .text.cf_flush
                0x2001c4d4       0x58 C:/GivatShmuel/Base-Aug-2019/GlobusSatProject/..//hal/hcc/lib\libHCCD.a(safefat.o)
                0x2001c4d4                cf_flush
 .text.cf_getcluster
                0x2001c52c      0x1b4 C:/GivatShmuel/Base-Aug-2019/GlobusSatProject/..//hal/hcc/lib\libHCCD.a(safefat.o)
                0x2001c52c                cf_getcluster
 .text.cf_setnextcluster
                0x2001c6e0      0x194 C:/GivatShmuel/Base-Aug-2019/GlobusSatProject/..//hal/hcc/lib\libHCCD.a(safefat.o)
                0x2001c6e0                cf_setnextcluster
 .text.cf_getpositions
                0x2001c874       0xbc C:/GivatShmuel/Base-Aug-2019/GlobusSatProject/..//hal/hcc/lib\libHCCD.a(safefat.o)
                0x2001c874                cf_getpositions
 .text.cf_setpositions
                0x2001c930       0xb0 C:/GivatShmuel/Base-Aug-2019/GlobusSatProject/..//hal/hcc/lib\libHCCD.a(safefat.o)
                0x2001c930                cf_setpositions
 .text.cf_opensyncafile
                0x2001c9e0      0x150 C:/GivatShmuel/Base-Aug-2019/GlobusSatProject/..//hal/hcc/lib\libHCCD.a(safefat.o)
                0x2001c9e0                cf_opensyncafile
 .text.cf_reloadcfo
                0x2001cb30       0xd8 C:/GivatShmuel/Base-Aug-2019/GlobusSatProject/..//hal/hcc/lib\libHCCD.a(safefat.o)
                0x2001cb30                cf_reloadcfo
 .text.mcipdc_cmd
                0x2001cc08      0x22c C:/GivatShmuel/Base-Aug-2019/GlobusSatProject/..//hal/hcc/lib\libHCCD.a(atmel_mcipdc.o)
 .text.mcipdc_stop
                0x2001ce34       0xfc C:/GivatShmuel/Base-Aug-2019/GlobusSatProject/..//hal/hcc/lib\libHCCD.a(atmel_mcipdc.o)
                0x2001ce34                mcipdc_stop
 .text.mcipdc_read
                0x2001cf30      0x27c C:/GivatShmuel/Base-Aug-2019/GlobusSatProject/..//hal/hcc/lib\libHCCD.a(atmel_mcipdc.o)
 .text.mcipdc_write
                0x2001d1ac      0x298 C:/GivatShmuel/Base-Aug-2019/GlobusSatProject/..//hal/hcc/lib\libHCCD.a(atmel_mcipdc.o)
 .text.mcipdc_readsector
                0x2001d444       0x9c C:/GivatShmuel/Base-Aug-2019/GlobusSatProject/..//hal/hcc/lib\libHCCD.a(atmel_mcipdc.o)
                0x2001d444                mcipdc_readsector
 .text.mcipdc_readmultiplesector
                0x2001d4e0      0x124 C:/GivatShmuel/Base-Aug-2019/GlobusSatProject/..//hal/hcc/lib\libHCCD.a(atmel_mcipdc.o)
                0x2001d4e0                mcipdc_readmultiplesector
 .text.mcipdc_writesector
                0x2001d604       0x90 C:/GivatShmuel/Base-Aug-2019/GlobusSatProject/..//hal/hcc/lib\libHCCD.a(atmel_mcipdc.o)
                0x2001d604                mcipdc_writesector
 .text.mcipdc_writemultiplesector
                0x2001d694      0x120 C:/GivatShmuel/Base-Aug-2019/GlobusSatProject/..//hal/hcc/lib\libHCCD.a(atmel_mcipdc.o)
                0x2001d694                mcipdc_writemultiplesector
 .text.mcipdc_set_speed
                0x2001d7b4       0xb0 C:/GivatShmuel/Base-Aug-2019/GlobusSatProject/..//hal/hcc/lib\libHCCD.a(atmel_mcipdc.o)
 .text.mcipdc_get_speed
                0x2001d864       0x48 C:/GivatShmuel/Base-Aug-2019/GlobusSatProject/..//hal/hcc/lib\libHCCD.a(atmel_mcipdc.o)
 .text._get_csd_bits
                0x2001d8ac      0x14c C:/GivatShmuel/Base-Aug-2019/GlobusSatProject/..//hal/hcc/lib\libHCCD.a(atmel_mcipdc.o)
 .text.mcipdc_initcard
                0x2001d9f8      0x8f4 C:/GivatShmuel/Base-Aug-2019/GlobusSatProject/..//hal/hcc/lib\libHCCD.a(atmel_mcipdc.o)
 .text.mcipdc_getstatus
                0x2001e2ec       0xe8 C:/GivatShmuel/Base-Aug-2019/GlobusSatProject/..//hal/hcc/lib\libHCCD.a(atmel_mcipdc.o)
 .text.mcipdc_getphy
                0x2001e3d4       0x90 C:/GivatShmuel/Base-Aug-2019/GlobusSatProject/..//hal/hcc/lib\libHCCD.a(atmel_mcipdc.o)
 .text.mcipdc_release
                0x2001e464       0x50 C:/GivatShmuel/Base-Aug-2019/GlobusSatProject/..//hal/hcc/lib\libHCCD.a(atmel_mcipdc.o)
 .text.atmel_mcipdc_initfunc
                0x2001e4b4      0x160 C:/GivatShmuel/Base-Aug-2019/GlobusSatProject/..//hal/hcc/lib\libHCCD.a(atmel_mcipdc.o)
                0x2001e4b4                atmel_mcipdc_initfunc
 .text.oal_mutex_create
                0x2001e614       0x54 C:/GivatShmuel/Base-Aug-2019/GlobusSatProject/..//hal/hcc/lib\libHCCD.a(oalp_mutex.o)
                0x2001e614                oal_mutex_create
 .text.oal_mutex_delete
                0x2001e668       0x30 C:/GivatShmuel/Base-Aug-2019/GlobusSatProject/..//hal/hcc/lib\libHCCD.a(oalp_mutex.o)
                0x2001e668                oal_mutex_delete
 .text.oal_mutex_get
                0x2001e698       0x58 C:/GivatShmuel/Base-Aug-2019/GlobusSatProject/..//hal/hcc/lib\libHCCD.a(oalp_mutex.o)
                0x2001e698                oal_mutex_get
 .text.oal_mutex_put
                0x2001e6f0       0x58 C:/GivatShmuel/Base-Aug-2019/GlobusSatProject/..//hal/hcc/lib\libHCCD.a(oalp_mutex.o)
                0x2001e6f0                oal_mutex_put
 .text.oal_task_get_id
                0x2001e748       0x18 C:/GivatShmuel/Base-Aug-2019/GlobusSatProject/..//hal/hcc/lib\libHCCD.a(oalp_task.o)
                0x2001e748                oal_task_get_id
 .text.mcipdc_hw_init
                0x2001e760       0xe8 C:/GivatShmuel/Base-Aug-2019/GlobusSatProject/..//hal/hcc/lib\libHCCD.a(atmel_mcipdc_hw.o)
                0x2001e760                mcipdc_hw_init
 .text.mcipdc_hw_delete
                0x2001e848       0x78 C:/GivatShmuel/Base-Aug-2019/GlobusSatProject/..//hal/hcc/lib\libHCCD.a(atmel_mcipdc_hw.o)
                0x2001e848                mcipdc_hw_delete
 .text.mcipdc_hw_card_plugged
                0x2001e8c0       0x1c C:/GivatShmuel/Base-Aug-2019/GlobusSatProject/..//hal/hcc/lib\libHCCD.a(atmel_mcipdc_hw.o)
                0x2001e8c0                mcipdc_hw_card_plugged
 .text.mcipdc_hw_card_writeprotect
                0x2001e8dc       0x1c C:/GivatShmuel/Base-Aug-2019/GlobusSatProject/..//hal/hcc/lib\libHCCD.a(atmel_mcipdc_hw.o)
                0x2001e8dc                mcipdc_hw_card_writeprotect
 .text.psp_getcurrenttimedate
                0x2001e8f8       0x8c C:/GivatShmuel/Base-Aug-2019/GlobusSatProject/..//hal/hcc/lib\libHCCD.a(psp_rtc.o)
                0x2001e8f8                psp_getcurrenttimedate
 .text._hcc_get_buf_dsc
                0x2001e984       0x8c C:/GivatShmuel/Base-Aug-2019/GlobusSatProject/..//hal/hcc/lib\libHCCD.a(hcc_mem.o)
 .text._hcc_check_free_pages
                0x2001ea10      0x18c C:/GivatShmuel/Base-Aug-2019/GlobusSatProject/..//hal/hcc/lib\libHCCD.a(hcc_mem.o)
 .text._hcc_mark_pages
                0x2001eb9c      0x158 C:/GivatShmuel/Base-Aug-2019/GlobusSatProject/..//hal/hcc/lib\libHCCD.a(hcc_mem.o)
 .text._hcc_clear_lock_dsc
                0x2001ecf4       0x80 C:/GivatShmuel/Base-Aug-2019/GlobusSatProject/..//hal/hcc/lib\libHCCD.a(hcc_mem.o)
 .text._hcc_lock_access
                0x2001ed74      0x128 C:/GivatShmuel/Base-Aug-2019/GlobusSatProject/..//hal/hcc/lib\libHCCD.a(hcc_mem.o)
 .text._hcc_unlock_access
                0x2001ee9c       0x30 C:/GivatShmuel/Base-Aug-2019/GlobusSatProject/..//hal/hcc/lib\libHCCD.a(hcc_mem.o)
 .text.hcc_mem_alloc
                0x2001eecc      0x454 C:/GivatShmuel/Base-Aug-2019/GlobusSatProject/..//hal/hcc/lib\libHCCD.a(hcc_mem.o)
                0x2001eecc                hcc_mem_alloc
 .text.hcc_mem_free
                0x2001f320      0x178 C:/GivatShmuel/Base-Aug-2019/GlobusSatProject/..//hal/hcc/lib\libHCCD.a(hcc_mem.o)
                0x2001f320                hcc_mem_free
 .text.hcc_mem_add
                0x2001f498      0x3b0 C:/GivatShmuel/Base-Aug-2019/GlobusSatProject/..//hal/hcc/lib\libHCCD.a(hcc_mem.o)
                0x2001f498                hcc_mem_add
 .text.hcc_mem_init
                0x2001f848      0x164 C:/GivatShmuel/Base-Aug-2019/GlobusSatProject/..//hal/hcc/lib\libHCCD.a(hcc_mem.o)
                0x2001f848                hcc_mem_init
 .text._f_invalidatedir
                0x2001f9ac       0x28 C:/GivatShmuel/Base-Aug-2019/GlobusSatProject/..//hal/hcc/lib\libHCCD.a(fat.o)
                0x2001f9ac                _f_invalidatedir
 .text._f_getdirsector
                0x2001f9d4       0x88 C:/GivatShmuel/Base-Aug-2019/GlobusSatProject/..//hal/hcc/lib\libHCCD.a(fat.o)
                0x2001f9d4                _f_getdirsector
 .text._f_writedirsector
                0x2001fa5c       0x74 C:/GivatShmuel/Base-Aug-2019/GlobusSatProject/..//hal/hcc/lib\libHCCD.a(fat.o)
                0x2001fa5c                _f_writedirsector
 .text._f_checknameinv
                0x2001fad0      0x180 C:/GivatShmuel/Base-Aug-2019/GlobusSatProject/..//hal/hcc/lib\libHCCD.a(fat.o)
 .text._f_checkname
                0x2001fc50       0x7c C:/GivatShmuel/Base-Aug-2019/GlobusSatProject/..//hal/hcc/lib\libHCCD.a(fat.o)
 .text._f_checknamewc
                0x2001fccc       0xf8 C:/GivatShmuel/Base-Aug-2019/GlobusSatProject/..//hal/hcc/lib\libHCCD.a(fat.o)
 .text._f_setnameext
                0x2001fdc4      0x300 C:/GivatShmuel/Base-Aug-2019/GlobusSatProject/..//hal/hcc/lib\libHCCD.a(fat.o)
 .text._f_setfsname
                0x200200c4      0x584 C:/GivatShmuel/Base-Aug-2019/GlobusSatProject/..//hal/hcc/lib\libHCCD.a(fat.o)
 .text._f_findfile
                0x20020648      0x30c C:/GivatShmuel/Base-Aug-2019/GlobusSatProject/..//hal/hcc/lib\libHCCD.a(fat.o)
 .text._f_cmp_wname
                0x20020954      0x274 C:/GivatShmuel/Base-Aug-2019/GlobusSatProject/..//hal/hcc/lib\libHCCD.a(fat.o)
 .text._f_to_string
                0x20020bc8      0x130 C:/GivatShmuel/Base-Aug-2019/GlobusSatProject/..//hal/hcc/lib\libHCCD.a(fat.o)
 .text._f_findfilewc
                0x20020cf8      0x278 C:/GivatShmuel/Base-Aug-2019/GlobusSatProject/..//hal/hcc/lib\libHCCD.a(fat.o)
 .text._f_getfilename
                0x20020f70      0x20c C:/GivatShmuel/Base-Aug-2019/GlobusSatProject/..//hal/hcc/lib\libHCCD.a(fat.o)
 .text._f_findpath
                0x2002117c      0x35c C:/GivatShmuel/Base-Aug-2019/GlobusSatProject/..//hal/hcc/lib\libHCCD.a(fat.o)
 .text.fn_getdcwd
                0x200214d8      0x1e0 C:/GivatShmuel/Base-Aug-2019/GlobusSatProject/..//hal/hcc/lib\libHCCD.a(fat.o)
                0x200214d8                fn_getdcwd
 .text.fn_findfirst
                0x200216b8      0x13c C:/GivatShmuel/Base-Aug-2019/GlobusSatProject/..//hal/hcc/lib\libHCCD.a(fat.o)
                0x200216b8                fn_findfirst
 .text.fn_findnext
                0x200217f4      0x360 C:/GivatShmuel/Base-Aug-2019/GlobusSatProject/..//hal/hcc/lib\libHCCD.a(fat.o)
                0x200217f4                fn_findnext
 .text._f_lock_resfile
                0x20021b54       0x6c C:/GivatShmuel/Base-Aug-2019/GlobusSatProject/..//hal/hcc/lib\libHCCD.a(fat.o)
 .text._f_unlock_resfile
                0x20021bc0       0x40 C:/GivatShmuel/Base-Aug-2019/GlobusSatProject/..//hal/hcc/lib\libHCCD.a(fat.o)
 .text._f_getintfile
                0x20021c00      0x124 C:/GivatShmuel/Base-Aug-2019/GlobusSatProject/..//hal/hcc/lib\libHCCD.a(fat.o)
 .text._f_addentry
                0x20021d24      0x540 C:/GivatShmuel/Base-Aug-2019/GlobusSatProject/..//hal/hcc/lib\libHCCD.a(fat.o)
 .text.fn_filelength
                0x20022264      0x1cc C:/GivatShmuel/Base-Aug-2019/GlobusSatProject/..//hal/hcc/lib\libHCCD.a(fat.o)
                0x20022264                fn_filelength
 .text.fn_open_sub
                0x20022430     0x1698 C:/GivatShmuel/Base-Aug-2019/GlobusSatProject/..//hal/hcc/lib\libHCCD.a(fat.o)
 .text.fn_open  0x20023ac8       0x44 C:/GivatShmuel/Base-Aug-2019/GlobusSatProject/..//hal/hcc/lib\libHCCD.a(fat.o)
                0x20023ac8                fn_open
 .text.fn_delete
                0x20023b0c      0x490 C:/GivatShmuel/Base-Aug-2019/GlobusSatProject/..//hal/hcc/lib\libHCCD.a(fat.o)
                0x20023b0c                fn_delete
 .text.hcc_mem_buf_alloc
                0x20023f9c       0xe4 C:/GivatShmuel/Base-Aug-2019/GlobusSatProject/..//hal/hcc/lib\libHCCD.a(psp_hcc_mem.o)
                0x20023f9c                hcc_mem_buf_alloc
 .text.makeAntStransfer
                0x20024080       0x4c C:/GivatShmuel/Base-Aug-2019/GlobusSatProject/..//satellite-subsystems/satellite-subsystems/lib\libSatelliteSubsystemsD.a(IsisAntS.o)
 .text.checkInputsValid
                0x200240cc       0x7c C:/GivatShmuel/Base-Aug-2019/GlobusSatProject/..//satellite-subsystems/satellite-subsystems/lib\libSatelliteSubsystemsD.a(IsisAntS.o)
 .text.IsisAntS_initialize
                0x20024148      0x26c C:/GivatShmuel/Base-Aug-2019/GlobusSatProject/..//satellite-subsystems/satellite-subsystems/lib\libSatelliteSubsystemsD.a(IsisAntS.o)
                0x20024148                IsisAntS_initialize
 .text.IsisAntS_getAlltelemetry
                0x200243b4      0x120 C:/GivatShmuel/Base-Aug-2019/GlobusSatProject/..//satellite-subsystems/satellite-subsystems/lib\libSatelliteSubsystemsD.a(IsisAntS.o)
                0x200243b4                IsisAntS_getAlltelemetry
 .text.IsisAntS_autoDeployment
                0x200244d4      0x114 C:/GivatShmuel/Base-Aug-2019/GlobusSatProject/..//satellite-subsystems/satellite-subsystems/lib\libSatelliteSubsystemsD.a(IsisAntS.o)
                0x200244d4                IsisAntS_autoDeployment
 .text.IsisSolarPanelv2_getTemperature
                0x200245e8       0xc8 C:/GivatShmuel/Base-Aug-2019/GlobusSatProject/..//satellite-subsystems/satellite-subsystems/lib\libSatelliteSubsystemsD.a(IsisSolarPanelv2.o)
                0x200245e8                IsisSolarPanelv2_getTemperature
 .text.IsisSolarPanelv2_getState
                0x200246b0       0x24 C:/GivatShmuel/Base-Aug-2019/GlobusSatProject/..//satellite-subsystems/satellite-subsystems/lib\libSatelliteSubsystemsD.a(IsisSolarPanelv2.o)
                0x200246b0                IsisSolarPanelv2_getState
 .text._InitiateConversion
                0x200246d4       0xac C:/GivatShmuel/Base-Aug-2019/GlobusSatProject/..//satellite-subsystems/satellite-subsystems/lib\libSatelliteSubsystemsD.a(IsisSolarPanelv2.o)
 .text._WaitForConversionComplete
                0x20024780      0x100 C:/GivatShmuel/Base-Aug-2019/GlobusSatProject/..//satellite-subsystems/satellite-subsystems/lib\libSatelliteSubsystemsD.a(IsisSolarPanelv2.o)
 .text._ReadResult
                0x20024880      0x158 C:/GivatShmuel/Base-Aug-2019/GlobusSatProject/..//satellite-subsystems/satellite-subsystems/lib\libSatelliteSubsystemsD.a(IsisSolarPanelv2.o)
 .text._ExtractByte
                0x200249d8       0x38 C:/GivatShmuel/Base-Aug-2019/GlobusSatProject/..//satellite-subsystems/satellite-subsystems/lib\libSatelliteSubsystemsD.a(IsisSolarPanelv2.o)
 .text._ExtendSign
                0x20024a10       0x6c C:/GivatShmuel/Base-Aug-2019/GlobusSatProject/..//satellite-subsystems/satellite-subsystems/lib\libSatelliteSubsystemsD.a(IsisSolarPanelv2.o)
 .text._SpiWriteRead
                0x20024a7c       0x70 C:/GivatShmuel/Base-Aug-2019/GlobusSatProject/..//satellite-subsystems/satellite-subsystems/lib\libSatelliteSubsystemsD.a(IsisSolarPanelv2.o)
 .text.IsisTrxvu_initialize
                0x20024aec      0x2f4 C:/GivatShmuel/Base-Aug-2019/GlobusSatProject/..//satellite-subsystems/satellite-subsystems/lib\libSatelliteSubsystemsD.a(IsisTRXVU.o)
                0x20024aec                IsisTrxvu_initialize
 .text.makeTRXVUtransfer
                0x20024de0       0x44 C:/GivatShmuel/Base-Aug-2019/GlobusSatProject/..//satellite-subsystems/satellite-subsystems/lib\libSatelliteSubsystemsD.a(IsisTRXVU.o)
 .text.IsisTrxvu_tcSendAX25DefClSign
                0x20024e24       0xec C:/GivatShmuel/Base-Aug-2019/GlobusSatProject/..//satellite-subsystems/satellite-subsystems/lib\libSatelliteSubsystemsD.a(IsisTRXVU.o)
                0x20024e24                IsisTrxvu_tcSendAX25DefClSign
 .text.IsisTrxvu_tcSetAx25Bitrate
                0x20024f10       0xc4 C:/GivatShmuel/Base-Aug-2019/GlobusSatProject/..//satellite-subsystems/satellite-subsystems/lib\libSatelliteSubsystemsD.a(IsisTRXVU.o)
                0x20024f10                IsisTrxvu_tcSetAx25Bitrate
 .text.IsisTrxvu_tcGetTelemetryAll
                0x20024fd4       0xd0 C:/GivatShmuel/Base-Aug-2019/GlobusSatProject/..//satellite-subsystems/satellite-subsystems/lib\libSatelliteSubsystemsD.a(IsisTRXVU.o)
                0x20024fd4                IsisTrxvu_tcGetTelemetryAll
 .text.IsisTrxvu_tcGetTelemetryAll_revC
                0x200250a4       0xd0 C:/GivatShmuel/Base-Aug-2019/GlobusSatProject/..//satellite-subsystems/satellite-subsystems/lib\libSatelliteSubsystemsD.a(IsisTRXVU.o)
                0x200250a4                IsisTrxvu_tcGetTelemetryAll_revC
 .text.IsisTrxvu_rcGetTelemetryAll
                0x20025174       0xd0 C:/GivatShmuel/Base-Aug-2019/GlobusSatProject/..//satellite-subsystems/satellite-subsystems/lib\libSatelliteSubsystemsD.a(IsisTRXVU.o)
                0x20025174                IsisTrxvu_rcGetTelemetryAll
 .text.IsisTrxvu_rcGetTelemetryAll_revC
                0x20025244       0xec C:/GivatShmuel/Base-Aug-2019/GlobusSatProject/..//satellite-subsystems/satellite-subsystems/lib\libSatelliteSubsystemsD.a(IsisTRXVU.o)
                0x20025244                IsisTrxvu_rcGetTelemetryAll_revC
 .text.ISIS_EPS_Init
                0x20025330       0xc8 C:/GivatShmuel/Base-Aug-2019/GlobusSatProject/..//satellite-subsystems/satellite-subsystems/lib\libSatelliteSubsystemsD.a(isis_eps_driver.o)
                0x20025330                ISIS_EPS_Init
 .text.isis_eps__gethousekeepingraw__tm
                0x200253f8       0xac C:/GivatShmuel/Base-Aug-2019/GlobusSatProject/..//satellite-subsystems/satellite-subsystems/lib\libSatelliteSubsystemsD.a(isis_eps_driver.o)
                0x200253f8                isis_eps__gethousekeepingraw__tm
 .text.isis_eps__gethousekeepingrawincdb__tm
                0x200254a4       0xac C:/GivatShmuel/Base-Aug-2019/GlobusSatProject/..//satellite-subsystems/satellite-subsystems/lib\libSatelliteSubsystemsD.a(isis_eps_driver.o)
                0x200254a4                isis_eps__gethousekeepingrawincdb__tm
 .text.isis_eps__gethousekeepingeng__tm
                0x20025550       0xac C:/GivatShmuel/Base-Aug-2019/GlobusSatProject/..//satellite-subsystems/satellite-subsystems/lib\libSatelliteSubsystemsD.a(isis_eps_driver.o)
                0x20025550                isis_eps__gethousekeepingeng__tm
 .text.isis_eps__gethousekeepingengincdb__tm
                0x200255fc       0xac C:/GivatShmuel/Base-Aug-2019/GlobusSatProject/..//satellite-subsystems/satellite-subsystems/lib\libSatelliteSubsystemsD.a(isis_eps_driver.o)
                0x200255fc                isis_eps__gethousekeepingengincdb__tm
 .text._I2C_Send
                0x200256a8       0x78 C:/GivatShmuel/Base-Aug-2019/GlobusSatProject/..//satellite-subsystems/satellite-subsystems/lib\libSatelliteSubsystemsD.a(isis_eps_driver.o)
 .text.makeTRXCommonTransfer
                0x20025720       0x34 C:/GivatShmuel/Base-Aug-2019/GlobusSatProject/..//satellite-subsystems/satellite-subsystems/lib\libSatelliteSubsystemsD.a(IsisTRXCommon.o)
 .text.IsisTrxCommon_TxSendAX25DefClSign
                0x20025754       0xf4 C:/GivatShmuel/Base-Aug-2019/GlobusSatProject/..//satellite-subsystems/satellite-subsystems/lib\libSatelliteSubsystemsD.a(IsisTRXCommon.o)
                0x20025754                IsisTrxCommon_TxSendAX25DefClSign
 .text.IsisTrxCommon_TxSetAx25Bitrate
                0x20025848       0x78 C:/GivatShmuel/Base-Aug-2019/GlobusSatProject/..//satellite-subsystems/satellite-subsystems/lib\libSatelliteSubsystemsD.a(IsisTRXCommon.o)
                0x20025848                IsisTrxCommon_TxSetAx25Bitrate
 .text.IsisTrxCommon_RxGetTelemetryAll_revC
                0x200258c0       0x8c C:/GivatShmuel/Base-Aug-2019/GlobusSatProject/..//satellite-subsystems/satellite-subsystems/lib\libSatelliteSubsystemsD.a(IsisTRXCommon.o)
                0x200258c0                IsisTrxCommon_RxGetTelemetryAll_revC
 .text.xQueueGenericReset
                0x2002594c      0x150 C:/GivatShmuel/Base-Aug-2019/GlobusSatProject/..//hal/freertos/lib\libFreeRTOSD.a(queue.o)
                0x2002594c                xQueueGenericReset
 .text.xQueueGenericCreate
                0x20025a9c       0xfc C:/GivatShmuel/Base-Aug-2019/GlobusSatProject/..//hal/freertos/lib\libFreeRTOSD.a(queue.o)
                0x20025a9c                xQueueGenericCreate
 .text.xQueueCreateMutex
                0x20025b98      0x110 C:/GivatShmuel/Base-Aug-2019/GlobusSatProject/..//hal/freertos/lib\libFreeRTOSD.a(queue.o)
                0x20025b98                xQueueCreateMutex
 .text.xQueueGenericSend
                0x20025ca8      0x268 C:/GivatShmuel/Base-Aug-2019/GlobusSatProject/..//hal/freertos/lib\libFreeRTOSD.a(queue.o)
                0x20025ca8                xQueueGenericSend
 .text.xQueueGenericSendFromISR
                0x20025f10      0x19c C:/GivatShmuel/Base-Aug-2019/GlobusSatProject/..//hal/freertos/lib\libFreeRTOSD.a(queue.o)
                0x20025f10                xQueueGenericSendFromISR
 .text.xQueueGenericReceive
                0x200260ac      0x2cc C:/GivatShmuel/Base-Aug-2019/GlobusSatProject/..//hal/freertos/lib\libFreeRTOSD.a(queue.o)
                0x200260ac                xQueueGenericReceive
 .text.uxQueueMessagesWaiting
                0x20026378       0x6c C:/GivatShmuel/Base-Aug-2019/GlobusSatProject/..//hal/freertos/lib\libFreeRTOSD.a(queue.o)
                0x20026378                uxQueueMessagesWaiting
 .text.vQueueDelete
                0x200263e4       0x78 C:/GivatShmuel/Base-Aug-2019/GlobusSatProject/..//hal/freertos/lib\libFreeRTOSD.a(queue.o)
                0x200263e4                vQueueDelete
 .text.prvCopyDataToQueue
                0x2002645c      0x190 C:/GivatShmuel/Base-Aug-2019/GlobusSatProject/..//hal/freertos/lib\libFreeRTOSD.a(queue.o)
 .text.prvCopyDataFromQueue
                0x200265ec       0x90 C:/GivatShmuel/Base-Aug-2019/GlobusSatProject/..//hal/freertos/lib\libFreeRTOSD.a(queue.o)
 .text.prvUnlockQueue
                0x2002667c      0x100 C:/GivatShmuel/Base-Aug-2019/GlobusSatProject/..//hal/freertos/lib\libFreeRTOSD.a(queue.o)
 .text.prvIsQueueEmpty
                0x2002677c       0x4c C:/GivatShmuel/Base-Aug-2019/GlobusSatProject/..//hal/freertos/lib\libFreeRTOSD.a(queue.o)
 .text.prvIsQueueFull
                0x200267c8       0x54 C:/GivatShmuel/Base-Aug-2019/GlobusSatProject/..//hal/freertos/lib\libFreeRTOSD.a(queue.o)
 .text.vQueueUnregisterQueue
                0x2002681c       0x80 C:/GivatShmuel/Base-Aug-2019/GlobusSatProject/..//hal/freertos/lib\libFreeRTOSD.a(queue.o)
                0x2002681c                vQueueUnregisterQueue
 .text.xTaskGenericCreate
                0x2002689c      0x2ac C:/GivatShmuel/Base-Aug-2019/GlobusSatProject/..//hal/freertos/lib\libFreeRTOSD.a(tasks.o)
                0x2002689c                xTaskGenericCreate
 .text.vTaskDelete
                0x20026b48       0xe8 C:/GivatShmuel/Base-Aug-2019/GlobusSatProject/..//hal/freertos/lib\libFreeRTOSD.a(tasks.o)
                0x20026b48                vTaskDelete
 .text.vTaskDelay
                0x20026c30       0x80 C:/GivatShmuel/Base-Aug-2019/GlobusSatProject/..//hal/freertos/lib\libFreeRTOSD.a(tasks.o)
                0x20026c30                vTaskDelay
 .text.vTaskStartScheduler
                0x20026cb0       0xd4 C:/GivatShmuel/Base-Aug-2019/GlobusSatProject/..//hal/freertos/lib\libFreeRTOSD.a(tasks.o)
                0x20026cb0                vTaskStartScheduler
 .text.vTaskSuspendAll
                0x20026d84       0x2c C:/GivatShmuel/Base-Aug-2019/GlobusSatProject/..//hal/freertos/lib\libFreeRTOSD.a(tasks.o)
                0x20026d84                vTaskSuspendAll
 .text.xTaskResumeAll
                0x20026db0      0x1f4 C:/GivatShmuel/Base-Aug-2019/GlobusSatProject/..//hal/freertos/lib\libFreeRTOSD.a(tasks.o)
                0x20026db0                xTaskResumeAll
 .text.xTaskGetTickCount
                0x20026fa4       0x34 C:/GivatShmuel/Base-Aug-2019/GlobusSatProject/..//hal/freertos/lib\libFreeRTOSD.a(tasks.o)
                0x20026fa4                xTaskGetTickCount
 .text.xTaskIncrementTick
                0x20026fd8      0x298 C:/GivatShmuel/Base-Aug-2019/GlobusSatProject/..//hal/freertos/lib\libFreeRTOSD.a(tasks.o)
                0x20026fd8                xTaskIncrementTick
 .text.vTaskSwitchContext
                0x20027270      0x18c C:/GivatShmuel/Base-Aug-2019/GlobusSatProject/..//hal/freertos/lib\libFreeRTOSD.a(tasks.o)
                0x20027270                vTaskSwitchContext
 .text.vTaskPlaceOnEventList
                0x200273fc       0xcc C:/GivatShmuel/Base-Aug-2019/GlobusSatProject/..//hal/freertos/lib\libFreeRTOSD.a(tasks.o)
                0x200273fc                vTaskPlaceOnEventList
 .text.xTaskRemoveFromEventList
                0x200274c8      0x160 C:/GivatShmuel/Base-Aug-2019/GlobusSatProject/..//hal/freertos/lib\libFreeRTOSD.a(tasks.o)
                0x200274c8                xTaskRemoveFromEventList
 .text.vTaskSetTimeOutState
                0x20027628       0x78 C:/GivatShmuel/Base-Aug-2019/GlobusSatProject/..//hal/freertos/lib\libFreeRTOSD.a(tasks.o)
                0x20027628                vTaskSetTimeOutState
 .text.xTaskCheckForTimeOut
                0x200276a0      0x158 C:/GivatShmuel/Base-Aug-2019/GlobusSatProject/..//hal/freertos/lib\libFreeRTOSD.a(tasks.o)
                0x200276a0                xTaskCheckForTimeOut
 .text.vTaskMissedYield
                0x200277f8       0x24 C:/GivatShmuel/Base-Aug-2019/GlobusSatProject/..//hal/freertos/lib\libFreeRTOSD.a(tasks.o)
                0x200277f8                vTaskMissedYield
 .text.prvIdleTask
                0x2002781c       0x20 C:/GivatShmuel/Base-Aug-2019/GlobusSatProject/..//hal/freertos/lib\libFreeRTOSD.a(tasks.o)
 .text.prvInitialiseTCBVariables
                0x2002783c      0x110 C:/GivatShmuel/Base-Aug-2019/GlobusSatProject/..//hal/freertos/lib\libFreeRTOSD.a(tasks.o)
 .text.prvInitialiseTaskLists
                0x2002794c       0xbc C:/GivatShmuel/Base-Aug-2019/GlobusSatProject/..//hal/freertos/lib\libFreeRTOSD.a(tasks.o)
 .text.prvCheckTasksWaitingTermination
                0x20027a08       0xbc C:/GivatShmuel/Base-Aug-2019/GlobusSatProject/..//hal/freertos/lib\libFreeRTOSD.a(tasks.o)
 .text.prvAddCurrentTaskToDelayedList
                0x20027ac4       0xb4 C:/GivatShmuel/Base-Aug-2019/GlobusSatProject/..//hal/freertos/lib\libFreeRTOSD.a(tasks.o)
 .text.prvAllocateTCBAndStack
                0x20027b78       0xb4 C:/GivatShmuel/Base-Aug-2019/GlobusSatProject/..//hal/freertos/lib\libFreeRTOSD.a(tasks.o)
 .text.prvDeleteTCB
                0x20027c2c       0x30 C:/GivatShmuel/Base-Aug-2019/GlobusSatProject/..//hal/freertos/lib\libFreeRTOSD.a(tasks.o)
 .text.xTaskGetCurrentTaskHandle
                0x20027c5c       0x30 C:/GivatShmuel/Base-Aug-2019/GlobusSatProject/..//hal/freertos/lib\libFreeRTOSD.a(tasks.o)
                0x20027c5c                xTaskGetCurrentTaskHandle
 .text.xTaskGetSchedulerState
                0x20027c8c       0x68 C:/GivatShmuel/Base-Aug-2019/GlobusSatProject/..//hal/freertos/lib\libFreeRTOSD.a(tasks.o)
                0x20027c8c                xTaskGetSchedulerState
 .text.vTaskPriorityInherit
                0x20027cf4      0x148 C:/GivatShmuel/Base-Aug-2019/GlobusSatProject/..//hal/freertos/lib\libFreeRTOSD.a(tasks.o)
                0x20027cf4                vTaskPriorityInherit
 .text.vTaskPriorityDisinherit
                0x20027e3c       0xdc C:/GivatShmuel/Base-Aug-2019/GlobusSatProject/..//hal/freertos/lib\libFreeRTOSD.a(tasks.o)
                0x20027e3c                vTaskPriorityDisinherit
 .text.vApplicationStackOverflowHook
                0x20027f18       0x4c C:/GivatShmuel/Base-Aug-2019/GlobusSatProject/..//hal/freertos/lib\libFreeRTOSD.a(hooks.o)
                0x20027f18                vApplicationStackOverflowHook
 .text.vApplicationIdleHook
                0x20027f64       0x18 C:/GivatShmuel/Base-Aug-2019/GlobusSatProject/..//hal/freertos/lib\libFreeRTOSD.a(hooks.o)
                0x20027f64                vApplicationIdleHook
 .text.pvPortMalloc
                0x20027f7c       0x28 C:/GivatShmuel/Base-Aug-2019/GlobusSatProject/..//hal/freertos/lib\libFreeRTOSD.a(standardMemMang.o)
                0x20027f7c                pvPortMalloc
 .text.vPortFree
                0x20027fa4       0x20 C:/GivatShmuel/Base-Aug-2019/GlobusSatProject/..//hal/freertos/lib\libFreeRTOSD.a(standardMemMang.o)
                0x20027fa4                vPortFree
 .text.pxPortInitialiseStack
                0x20027fc4      0x218 C:/GivatShmuel/Base-Aug-2019/GlobusSatProject/..//hal/freertos/lib\libFreeRTOSD.a(port.o)
                0x20027fc4                pxPortInitialiseStack
 .text.xPortStartScheduler
                0x200281dc       0x1c C:/GivatShmuel/Base-Aug-2019/GlobusSatProject/..//hal/freertos/lib\libFreeRTOSD.a(port.o)
                0x200281dc                xPortStartScheduler
 .text.prvSetupTimerInterrupt
                0x200281f8       0x54 C:/GivatShmuel/Base-Aug-2019/GlobusSatProject/..//hal/freertos/lib\libFreeRTOSD.a(port.o)
 .text.vPortISRStartFirstTask
                0x2002824c       0x64 C:/GivatShmuel/Base-Aug-2019/GlobusSatProject/..//hal/freertos/lib\libFreeRTOSD.a(port.o)
 .text.vPortEnterCritical
                0x200282b0       0x40 C:/GivatShmuel/Base-Aug-2019/GlobusSatProject/..//hal/freertos/lib\libFreeRTOSD.a(port.o)
                0x200282b0                vPortEnterCritical
 .text.vPortExitCritical
                0x200282f0       0x60 C:/GivatShmuel/Base-Aug-2019/GlobusSatProject/..//hal/freertos/lib\libFreeRTOSD.a(port.o)
                0x200282f0                vPortExitCritical
 .text.vListInitialise
                0x20028350       0x64 C:/GivatShmuel/Base-Aug-2019/GlobusSatProject/..//hal/freertos/lib\libFreeRTOSD.a(list.o)
                0x20028350                vListInitialise
 .text.vListInitialiseItem
                0x200283b4       0x28 C:/GivatShmuel/Base-Aug-2019/GlobusSatProject/..//hal/freertos/lib\libFreeRTOSD.a(list.o)
                0x200283b4                vListInitialiseItem
 .text.vListInsertEnd
                0x200283dc       0x84 C:/GivatShmuel/Base-Aug-2019/GlobusSatProject/..//hal/freertos/lib\libFreeRTOSD.a(list.o)
                0x200283dc                vListInsertEnd
 .text.vListInsert
                0x20028460       0xd4 C:/GivatShmuel/Base-Aug-2019/GlobusSatProject/..//hal/freertos/lib\libFreeRTOSD.a(list.o)
                0x20028460                vListInsert
 .text.uxListRemove
                0x20028534       0xa0 C:/GivatShmuel/Base-Aug-2019/GlobusSatProject/..//hal/freertos/lib\libFreeRTOSD.a(list.o)
                0x20028534                uxListRemove
 .text._read    0x200285d4       0xa4 C:/GivatShmuel/Base-Aug-2019/GlobusSatProject/..//hal/at91/lib\libAt91D.a(syscalls.o)
                0x200285d4                _read
 .text._write   0x20028678       0xb8 C:/GivatShmuel/Base-Aug-2019/GlobusSatProject/..//hal/at91/lib\libAt91D.a(syscalls.o)
                0x20028678                _write
 .text._lseek   0x20028730       0x2c C:/GivatShmuel/Base-Aug-2019/GlobusSatProject/..//hal/at91/lib\libAt91D.a(syscalls.o)
                0x20028730                _lseek
 .text._close   0x2002875c       0x24 C:/GivatShmuel/Base-Aug-2019/GlobusSatProject/..//hal/at91/lib\libAt91D.a(syscalls.o)
                0x2002875c                _close
 .text._fstat   0x20028780       0x28 C:/GivatShmuel/Base-Aug-2019/GlobusSatProject/..//hal/at91/lib\libAt91D.a(syscalls.o)
                0x20028780                _fstat
 .text._isatty  0x200287a8       0x38 C:/GivatShmuel/Base-Aug-2019/GlobusSatProject/..//hal/at91/lib\libAt91D.a(syscalls.o)
                0x200287a8                _isatty
 .text._sbrk    0x200287e0       0xac C:/GivatShmuel/Base-Aug-2019/GlobusSatProject/..//hal/at91/lib\libAt91D.a(syscalls.o)
                0x200287e0                _sbrk
 .text.AIC_ConfigureIT
                0x2002888c       0x74 C:/GivatShmuel/Base-Aug-2019/GlobusSatProject/..//hal/at91/lib\libAt91D.a(aic.o)
                0x2002888c                AIC_ConfigureIT
 .text.AIC_EnableIT
                0x20028900       0x34 C:/GivatShmuel/Base-Aug-2019/GlobusSatProject/..//hal/at91/lib\libAt91D.a(aic.o)
                0x20028900                AIC_EnableIT
 .text.AIC_DisableIT
                0x20028934       0x34 C:/GivatShmuel/Base-Aug-2019/GlobusSatProject/..//hal/at91/lib\libAt91D.a(aic.o)
                0x20028934                AIC_DisableIT
 .text.CP15_Enable_I_Cache
                0x20028968       0x4c C:/GivatShmuel/Base-Aug-2019/GlobusSatProject/..//hal/at91/lib\libAt91D.a(cp15.o)
                0x20028968                CP15_Enable_I_Cache
 .text.CP15_Disable_I_Cache