Archive member included because of file (symbol)

c:/isis/application/toolchain/bin/../lib/gcc/arm-none-eabi/4.7.4/../../../../arm-none-eabi/lib\libc_s.a(lib_a-vfprintf_float.o)
                              (_printf_float)
c:/isis/application/toolchain/bin/../lib/gcc/arm-none-eabi/4.7.4/../../../../arm-none-eabi/lib\libc_s.a(lib_a-vfprintf_i.o)
                              c:/isis/application/toolchain/bin/../lib/gcc/arm-none-eabi/4.7.4/../../../../arm-none-eabi/lib\libc_s.a(lib_a-vfprintf_float.o) (_printf_common)
c:/isis/application/toolchain/bin/../lib/gcc/arm-none-eabi/4.7.4/../../../../arm-none-eabi/lib\libc_s.a(lib_a-vfscanf_float.o)
                              (_scanf_float)
c:/isis/application/toolchain/bin/../lib/gcc/arm-none-eabi/4.7.4/../../../../arm-none-eabi/lib\libc_s.a(lib_a-dtoa.o)
                              c:/isis/application/toolchain/bin/../lib/gcc/arm-none-eabi/4.7.4/../../../../arm-none-eabi/lib\libc_s.a(lib_a-vfprintf_float.o) (_dtoa_r)
c:/isis/application/toolchain/bin/../lib/gcc/arm-none-eabi/4.7.4/../../../../arm-none-eabi/lib\libc_s.a(lib_a-locale.o)
                              c:/isis/application/toolchain/bin/../lib/gcc/arm-none-eabi/4.7.4/../../../../arm-none-eabi/lib\libc_s.a(lib_a-vfprintf_float.o) (_localeconv_r)
c:/isis/application/toolchain/bin/../lib/gcc/arm-none-eabi/4.7.4/../../../../arm-none-eabi/lib\libc_s.a(lib_a-malloc.o)
                              c:/isis/application/toolchain/bin/../lib/gcc/arm-none-eabi/4.7.4/../../../../arm-none-eabi/lib\libc_s.a(lib_a-dtoa.o) (malloc)
c:/isis/application/toolchain/bin/../lib/gcc/arm-none-eabi/4.7.4/../../../../arm-none-eabi/lib\libc_s.a(lib_a-mallocr.o)
                              c:/isis/application/toolchain/bin/../lib/gcc/arm-none-eabi/4.7.4/../../../../arm-none-eabi/lib\libc_s.a(lib_a-malloc.o) (_malloc_r)
c:/isis/application/toolchain/bin/../lib/gcc/arm-none-eabi/4.7.4/../../../../arm-none-eabi/lib\libc_s.a(lib_a-memcpy.o)
                              c:/isis/application/toolchain/bin/../lib/gcc/arm-none-eabi/4.7.4/../../../../arm-none-eabi/lib\libc_s.a(lib_a-dtoa.o) (memcpy)
c:/isis/application/toolchain/bin/../lib/gcc/arm-none-eabi/4.7.4/../../../../arm-none-eabi/lib\libc_s.a(lib_a-mprec.o)
                              c:/isis/application/toolchain/bin/../lib/gcc/arm-none-eabi/4.7.4/../../../../arm-none-eabi/lib\libc_s.a(lib_a-dtoa.o) (_Balloc)
c:/isis/application/toolchain/bin/../lib/gcc/arm-none-eabi/4.7.4/../../../../arm-none-eabi/lib\libc_s.a(lib_a-s_fpclassify.o)
                              c:/isis/application/toolchain/bin/../lib/gcc/arm-none-eabi/4.7.4/../../../../arm-none-eabi/lib\libc_s.a(lib_a-vfprintf_float.o) (__fpclassifyd)
c:/isis/application/toolchain/bin/../lib/gcc/arm-none-eabi/4.7.4/../../../../arm-none-eabi/lib\libc_s.a(lib_a-sbrkr.o)
                              c:/isis/application/toolchain/bin/../lib/gcc/arm-none-eabi/4.7.4/../../../../arm-none-eabi/lib\libc_s.a(lib_a-mallocr.o) (_sbrk_r)
c:/isis/application/toolchain/bin/../lib/gcc/arm-none-eabi/4.7.4/../../../../arm-none-eabi/lib\libc_s.a(lib_a-sf_nan.o)
                              c:/isis/application/toolchain/bin/../lib/gcc/arm-none-eabi/4.7.4/../../../../arm-none-eabi/lib\libc_s.a(lib_a-vfscanf_float.o) (nanf)
c:/isis/application/toolchain/bin/../lib/gcc/arm-none-eabi/4.7.4/../../../../arm-none-eabi/lib\libc_s.a(lib_a-sprintf.o)
                              c:/isis/application/toolchain/bin/../lib/gcc/arm-none-eabi/4.7.4/../../../../arm-none-eabi/lib\libc_s.a(lib_a-vfscanf_float.o) (sprintf)
c:/isis/application/toolchain/bin/../lib/gcc/arm-none-eabi/4.7.4/../../../../arm-none-eabi/lib\libc_s.a(lib_a-strcmp.o)
                              c:/isis/application/toolchain/bin/../lib/gcc/arm-none-eabi/4.7.4/../../../../arm-none-eabi/lib\libc_s.a(lib_a-locale.o) (strcmp)
c:/isis/application/toolchain/bin/../lib/gcc/arm-none-eabi/4.7.4/../../../../arm-none-eabi/lib\libc_s.a(lib_a-strlen.o)
                              c:/isis/application/toolchain/bin/../lib/gcc/arm-none-eabi/4.7.4/../../../../arm-none-eabi/lib\libc_s.a(lib_a-vfprintf_float.o) (strlen)
c:/isis/application/toolchain/bin/../lib/gcc/arm-none-eabi/4.7.4/../../../../arm-none-eabi/lib\libc_s.a(lib_a-strtod.o)
                              c:/isis/application/toolchain/bin/../lib/gcc/arm-none-eabi/4.7.4/../../../../arm-none-eabi/lib\libc_s.a(lib_a-vfscanf_float.o) (_strtod_r)
c:/isis/application/toolchain/bin/../lib/gcc/arm-none-eabi/4.7.4/../../../../arm-none-eabi/lib\libc_s.a(lib_a-strtol.o)
                              c:/isis/application/toolchain/bin/../lib/gcc/arm-none-eabi/4.7.4/../../../../arm-none-eabi/lib\libc_s.a(lib_a-vfscanf_float.o) (_strtol_r)
c:/isis/application/toolchain/bin/../lib/gcc/arm-none-eabi/4.7.4/../../../../arm-none-eabi/lib\libc_s.a(lib_a-svfprintf.o)
                              c:/isis/application/toolchain/bin/../lib/gcc/arm-none-eabi/4.7.4/../../../../arm-none-eabi/lib\libc_s.a(lib_a-sprintf.o) (_svfprintf_r)
[...]
Memory Configuration

Name             Origin             Length             Attributes
sram0            0x00200000         0x00004000         w !xr
sram1            0x00300000         0x00004000         w !xr
sdram            0x20000000         0x02000000         w !xr
*default*        0x00000000         0xffffffff

Linker script and memory map

LOAD c:/isis/application/toolchain/bin/../lib/gcc/arm-none-eabi/4.7.4/../../../../arm-none-eabi/lib\libc_s.a
LOAD ./src/TestingDemos/CommandsTestingDemo.o
LOAD ./src/TestingDemos/EpsTestingDemo.o
LOAD ./src/TestingDemos/FileSystemTestingDemo.o
LOAD ./src/TestingDemos/MainTest.o
LOAD ./src/TestingDemos/MaintenanceTestingDemo.o
LOAD ./src/TestingDemos/TelemetryTestingDemo.o
LOAD ./src/TestingDemos/TrxvuTestingDemo.o
LOAD ./src/SubSystemModules/PowerManagment/EPS.o
LOAD ./src/SubSystemModules/PowerManagment/EPSOperationModes.o
LOAD ./src/SubSystemModules/Payload/payload_demo.o
LOAD ./src/SubSystemModules/Payload/payload_drivers.o
LOAD ./src/SubSystemModules/Maintenance/Log.o
LOAD ./src/SubSystemModules/Maintenance/Maintenance.o
LOAD ./src/SubSystemModules/Housekepping/Dump.o
LOAD ./src/SubSystemModules/Housekepping/TelemetryCollector.o
LOAD ./src/SubSystemModules/Communication/SubsystemCommands/EPS_Commands.o
LOAD ./src/SubSystemModules/Communication/SubsystemCommands/FS_Commands.o
LOAD ./src/SubSystemModules/Communication/SubsystemCommands/Maintanence_Commands.o
LOAD ./src/SubSystemModules/Communication/SubsystemCommands/TRXVU_Commands.o
LOAD ./src/SubSystemModules/Communication/AckHandler.o
LOAD ./src/SubSystemModules/Communication/ActUponCommand.o
LOAD ./src/SubSystemModules/Communication/Beacon.o
LOAD ./src/SubSystemModules/Communication/CommandDictionary.o
LOAD ./src/SubSystemModules/Communication/SatCommandHandler.o
LOAD ./src/SubSystemModules/Communication/SatDataTx.o
LOAD ./src/SubSystemModules/Communication/TRXVU.o
LOAD ./src/SubSystemModules/Communication/Transponder.o
LOAD ./src/InitSystem.o
LOAD ./src/TLM_management.o
LOAD ./src/main.o
LOAD C:/Users/ground/Documents/GitHub/tevel2/GlobusSatProject/..//hal/hal/lib\libHALD.a
LOAD C:/Users/ground/Documents/GitHub/tevel2/GlobusSatProject/..//hal/hcc/lib\libHCCD.a
LOAD C:/Users/ground/Documents/GitHub/tevel2/GlobusSatProject/..//satellite-subsystems/satellite-subsystems/lib\libSatelliteSubsystemsD.a
LOAD C:/Users/ground/Documents/GitHub/tevel2/GlobusSatProject/..//hal/freertos/lib\libFreeRTOSD.a
LOAD C:/Users/ground/Documents/GitHub/tevel2/GlobusSatProject/..//hal/at91/lib\libAt91D.a
START GROUP
LOAD c:/isis/application/toolchain/bin/../lib/gcc/arm-none-eabi/4.7.4\libgcc.a
LOAD c:/isis/application/toolchain/bin/../lib/gcc/arm-none-eabi/4.7.4/../../../../arm-none-eabi/lib\libc_s.a
END GROUP

.fixed          0x20000000    0x38b44
                0x20000000                . = ALIGN (0x4)
                0x20000000                _sfixed = .
 *(.startup)
 .startup       0x20000000      0x184 C:/Users/ground/Documents/GitHub/tevel2/GlobusSatProject/..//hal/at91/lib\libAt91D.a(board_cstartup.o)
                0x20000000                entry
 *(.text)
 .text          0x20000184       0x64 C:/Users/ground/Documents/GitHub/tevel2/GlobusSatProject/..//hal/at91/lib\libAt91D.a(cp15_asm.o)
                0x20000184                _readControlRegister
                0x20000190                _writeControlRegister
                0x20000198                _waitForInterrupt
                0x200001a4                _writeTTB
                0x200001ac                _writeDomain
                0x200001b4                _writeITLBLockdown
                0x200001bc                _prefetchICacheLine
                0x200001c4                _flushDCache
                0x200001d0                _flushWriteBuffer
                0x200001dc                _invalidateIDTLBs
 .text          0x200001e8      0x114 c:/isis/application/toolchain/bin/../lib/gcc/arm-none-eabi/4.7.4\libgcc.a(_udivsi3.o)
                0x200001e8                __aeabi_uidiv
                0x200001e8                __udivsi3
                0x200002dc                __aeabi_uidivmod
 .text          0x200002fc      0x148 c:/isis/application/toolchain/bin/../lib/gcc/arm-none-eabi/4.7.4\libgcc.a(_divsi3.o)
                0x200002fc                __divsi3
                0x200002fc                __aeabi_idiv
                0x20000424                __aeabi_idivmod
 .text          0x20000444        0x4 c:/isis/application/toolchain/bin/../lib/gcc/arm-none-eabi/4.7.4\libgcc.a(_dvmd_tls.o)
                0x20000444                __aeabi_idiv0
                0x20000444                __aeabi_ldiv0
 .text          0x20000448      0x41c c:/isis/application/toolchain/bin/../lib/gcc/arm-none-eabi/4.7.4\libgcc.a(_arm_addsubdf3.o)
                0x20000448                __aeabi_drsub
                0x20000450                __aeabi_dsub
                0x20000450                __subdf3
                0x20000454                __aeabi_dadd
                0x20000454                __adddf3
                0x20000764                __floatunsidf
                0x20000764                __aeabi_ui2d
                0x20000788                __floatsidf
                0x20000788                __aeabi_i2d
                0x200007b0                __aeabi_f2d
                0x200007b0                __extendsfdf2
                0x200007f0                __floatundidf
                0x200007f0                __aeabi_ul2d
                0x20000804                __floatdidf
                0x20000804                __aeabi_l2d
 .text          0x20000864      0x49c c:/isis/application/toolchain/bin/../lib/gcc/arm-none-eabi/4.7.4\libgcc.a(_arm_muldivdf3.o)
                0x20000864                __aeabi_dmul
                0x20000864                __muldf3
                0x20000af4                __divdf3
                0x20000af4                __aeabi_ddiv
 .text          0x20000d00      0x144 c:/isis/application/toolchain/bin/../lib/gcc/arm-none-eabi/4.7.4\libgcc.a(_arm_cmpdf2.o)
                0x20000d00                __gtdf2
                0x20000d00                __gedf2
                0x20000d08                __ltdf2
                0x20000d08                __ledf2
                0x20000d10                __nedf2
                0x20000d10                __eqdf2
                0x20000d10                __cmpdf2
                0x20000d98                __aeabi_cdrcmple
                0x20000db4                __aeabi_cdcmpeq
                0x20000db4                __aeabi_cdcmple
                0x20000dcc                __aeabi_dcmpeq
                0x20000de4                __aeabi_dcmplt
                0x20000dfc                __aeabi_dcmple
                0x20000e14                __aeabi_dcmpge
                0x20000e2c                __aeabi_dcmpgt
 .text          0x20000e44       0x5c c:/isis/application/toolchain/bin/../lib/gcc/arm-none-eabi/4.7.4\libgcc.a(_arm_fixdfsi.o)
                0x20000e44                __aeabi_d2iz
                0x20000e44                __fixdfsi
 .text          0x20000ea0       0x54 c:/isis/application/toolchain/bin/../lib/gcc/arm-none-eabi/4.7.4\libgcc.a(_arm_fixunsdfsi.o)
                0x20000ea0                __aeabi_d2uiz
                0x20000ea0                __fixunsdfsi
 .text          0x20000ef4       0xa0 c:/isis/application/toolchain/bin/../lib/gcc/arm-none-eabi/4.7.4\libgcc.a(_arm_truncdfsf2.o)
                0x20000ef4                __truncdfsf2
                0x20000ef4                __aeabi_d2f
 .text          0x20000f94      0x2ac c:/isis/application/toolchain/bin/../lib/gcc/arm-none-eabi/4.7.4\libgcc.a(_arm_addsubsf3.o)
                0x20000f94                __aeabi_frsub
                0x20000f9c                __subsf3
                0x20000f9c                __aeabi_fsub
                0x20000fa0                __aeabi_fadd
                0x20000fa0                __addsf3
                0x2000115c                __aeabi_ui2f
                0x2000115c                __floatunsisf
                0x20001164                __aeabi_i2f
                0x20001164                __floatsisf
                0x20001184                __aeabi_ul2f
                0x20001184                __floatundisf
                0x20001194                __aeabi_l2f
                0x20001194                __floatdisf
 .text          0x20001240      0x2f8 c:/isis/application/toolchain/bin/../lib/gcc/arm-none-eabi/4.7.4\libgcc.a(_arm_muldivsf3.o)
                0x20001240                __mulsf3
                0x20001240                __aeabi_fmul
                0x200013d8                __aeabi_fdiv
                0x200013d8                __divsf3
 .text          0x20001538       0x54 c:/isis/application/toolchain/bin/../lib/gcc/arm-none-eabi/4.7.4\libgcc.a(_arm_fixunssfsi.o)
                0x20001538                __fixunssfsi
                0x20001538                __aeabi_f2uiz
 *(.text*)
 .text.__cvt    0x2000158c      0x138 c:/isis/application/toolchain/bin/../lib/gcc/arm-none-eabi/4.7.4/../../../../arm-none-eabi/lib\libc_s.a(lib_a-vfprintf_float.o)
                0x2000158c                __cvt
 .text.__exponent
                0x200016c4       0xa8 c:/isis/application/toolchain/bin/../lib/gcc/arm-none-eabi/4.7.4/../../../../arm-none-eabi/lib\libc_s.a(lib_a-vfprintf_float.o)
                0x200016c4                __exponent
 .text._printf_float
                0x2000176c      0x7dc c:/isis/application/toolchain/bin/../lib/gcc/arm-none-eabi/4.7.4/../../../../arm-none-eabi/lib\libc_s.a(lib_a-vfprintf_float.o)
                0x2000176c                _printf_float
 .text._printf_common
                0x20001f48      0x174 c:/isis/application/toolchain/bin/../lib/gcc/arm-none-eabi/4.7.4/../../../../arm-none-eabi/lib\libc_s.a(lib_a-vfprintf_i.o)
                0x20001f48                _printf_common
 .text._printf_i
                0x200020bc      0x3c4 c:/isis/application/toolchain/bin/../lib/gcc/arm-none-eabi/4.7.4/../../../../arm-none-eabi/lib\libc_s.a(lib_a-vfprintf_i.o)
                0x200020bc                _printf_i
 .text._scanf_float
                0x20002480      0x5f4 c:/isis/application/toolchain/bin/../lib/gcc/arm-none-eabi/4.7.4/../../../../arm-none-eabi/lib\libc_s.a(lib_a-vfscanf_float.o)
                0x20002480                _scanf_float
 .text.quorem   0x20002a74      0x1ac c:/isis/application/toolchain/bin/../lib/gcc/arm-none-eabi/4.7.4/../../../../arm-none-eabi/lib\libc_s.a(lib_a-dtoa.o)
 .text._dtoa_r  0x20002c20     0x1268 c:/isis/application/toolchain/bin/../lib/gcc/arm-none-eabi/4.7.4/../../../../arm-none-eabi/lib\libc_s.a(lib_a-dtoa.o)
                0x20002c20                _dtoa_r
 .text._localeconv_r
                0x20003e88        0xc c:/isis/application/toolchain/bin/../lib/gcc/arm-none-eabi/4.7.4/../../../../arm-none-eabi/lib\libc_s.a(lib_a-locale.o)
                0x20003e88                _localeconv_r
 .text.malloc   0x20003e94       0x20 c:/isis/application/toolchain/bin/../lib/gcc/arm-none-eabi/4.7.4/../../../../arm-none-eabi/lib\libc_s.a(lib_a-malloc.o)
                0x20003e94                malloc
 .text.free     0x20003eb4       0x20 c:/isis/application/toolchain/bin/../lib/gcc/arm-none-eabi/4.7.4/../../../../arm-none-eabi/lib\libc_s.a(lib_a-malloc.o)
                0x20003eb4                free
 .text._malloc_r
                0x20003ed4       0xfc c:/isis/application/toolchain/bin/../lib/gcc/arm-none-eabi/4.7.4/../../../../arm-none-eabi/lib\libc_s.a(lib_a-mallocr.o)
                0x20003ed4                _malloc_r
 .text.memcpy   0x20003fd0       0x20 c:/isis/application/toolchain/bin/../lib/gcc/arm-none-eabi/4.7.4/../../../../arm-none-eabi/lib\libc_s.a(lib_a-memcpy.o)
                0x20003fd0                memcpy
 .text._Balloc  0x20003ff0       0xcc c:/isis/application/toolchain/bin/../lib/gcc/arm-none-eabi/4.7.4/../../../../arm-none-eabi/lib\libc_s.a(lib_a-mprec.o)
                0x20003ff0                _Balloc
 .text._Bfree   0x200040bc       0x5c c:/isis/application/toolchain/bin/../lib/gcc/arm-none-eabi/4.7.4/../../../../arm-none-eabi/lib\libc_s.a(lib_a-mprec.o)
                0x200040bc                _Bfree
 .text.__multadd
                0x20004118       0xbc c:/isis/application/toolchain/bin/../lib/gcc/arm-none-eabi/4.7.4/../../../../arm-none-eabi/lib\libc_s.a(lib_a-mprec.o)
                0x20004118                __multadd
 .text.__s2b    0x200041d4       0xd8 c:/isis/application/toolchain/bin/../lib/gcc/arm-none-eabi/4.7.4/../../../../arm-none-eabi/lib\libc_s.a(lib_a-mprec.o)
                0x200041d4                __s2b
 .text.__hi0bits
                0x200042ac       0x58 c:/isis/application/toolchain/bin/../lib/gcc/arm-none-eabi/4.7.4/../../../../arm-none-eabi/lib\libc_s.a(lib_a-mprec.o)
                0x200042ac                __hi0bits
 .text.__lo0bits
                0x20004304       0x94 c:/isis/application/toolchain/bin/../lib/gcc/arm-none-eabi/4.7.4/../../../../arm-none-eabi/lib\libc_s.a(lib_a-mprec.o)
                0x20004304                __lo0bits
 .text.__i2b    0x20004398       0x24 c:/isis/application/toolchain/bin/../lib/gcc/arm-none-eabi/4.7.4/../../../../arm-none-eabi/lib\libc_s.a(lib_a-mprec.o)
                0x20004398                __i2b
 .text.__multiply
                0x200043bc      0x1ac c:/isis/application/toolchain/bin/../lib/gcc/arm-none-eabi/4.7.4/../../../../arm-none-eabi/lib\libc_s.a(lib_a-mprec.o)
                0x200043bc                __multiply
 .text.__pow5mult
                0x20004568      0x10c c:/isis/application/toolchain/bin/../lib/gcc/arm-none-eabi/4.7.4/../../../../arm-none-eabi/lib\libc_s.a(lib_a-mprec.o)
                0x20004568                __pow5mult
 .text.__lshift
                0x20004674       0xf0 c:/isis/application/toolchain/bin/../lib/gcc/arm-none-eabi/4.7.4/../../../../arm-none-eabi/lib\libc_s.a(lib_a-mprec.o)
                0x20004674                __lshift
 .text.__mcmp   0x20004764       0x60 c:/isis/application/toolchain/bin/../lib/gcc/arm-none-eabi/4.7.4/../../../../arm-none-eabi/lib\libc_s.a(lib_a-mprec.o)
                0x20004764                __mcmp
 .text.__mdiff  0x200047c4      0x128 c:/isis/application/toolchain/bin/../lib/gcc/arm-none-eabi/4.7.4/../../../../arm-none-eabi/lib\libc_s.a(lib_a-mprec.o)
                0x200047c4                __mdiff
 .text.__ulp    0x200048ec       0x5c c:/isis/application/toolchain/bin/../lib/gcc/arm-none-eabi/4.7.4/../../../../arm-none-eabi/lib\libc_s.a(lib_a-mprec.o)
                0x200048ec                __ulp
 .text.__b2d    0x20004948       0xc8 c:/isis/application/toolchain/bin/../lib/gcc/arm-none-eabi/4.7.4/../../../../arm-none-eabi/lib\libc_s.a(lib_a-mprec.o)
                0x20004948                __b2d
 .text.__d2b    0x20004a10       0xfc c:/isis/application/toolchain/bin/../lib/gcc/arm-none-eabi/4.7.4/../../../../arm-none-eabi/lib\libc_s.a(lib_a-mprec.o)
                0x20004a10                __d2b
 .text.__ratio  0x20004b0c       0x70 c:/isis/application/toolchain/bin/../lib/gcc/arm-none-eabi/4.7.4/../../../../arm-none-eabi/lib\libc_s.a(lib_a-mprec.o)
                0x20004b0c                __ratio
 .text.__copybits
                0x20004b7c       0x4c c:/isis/application/toolchain/bin/../lib/gcc/arm-none-eabi/4.7.4/../../../../arm-none-eabi/lib\libc_s.a(lib_a-mprec.o)
                0x20004b7c                __copybits
 .text.__any_on
                0x20004bc8       0x7c c:/isis/application/toolchain/bin/../lib/gcc/arm-none-eabi/4.7.4/../../../../arm-none-eabi/lib\libc_s.a(lib_a-mprec.o)
                0x20004bc8                __any_on
 .text.__fpclassifyd
                0x20004c44       0x6c c:/isis/application/toolchain/bin/../lib/gcc/arm-none-eabi/4.7.4/../../../../arm-none-eabi/lib\libc_s.a(lib_a-s_fpclassify.o)
                0x20004c44                __fpclassifyd
 .text._sbrk_r  0x20004cb0       0x3c c:/isis/application/toolchain/bin/../lib/gcc/arm-none-eabi/4.7.4/../../../../arm-none-eabi/lib\libc_s.a(lib_a-sbrkr.o)
                0x20004cb0                _sbrk_r
 .text.nanf     0x20004cec        0xc c:/isis/application/toolchain/bin/../lib/gcc/arm-none-eabi/4.7.4/../../../../arm-none-eabi/lib\libc_s.a(lib_a-sf_nan.o)
                0x20004cec                nanf
 .text.sprintf  0x20004cf8       0x6c c:/isis/application/toolchain/bin/../lib/gcc/arm-none-eabi/4.7.4/../../../../arm-none-eabi/lib\libc_s.a(lib_a-sprintf.o)
                0x20004cf8                siprintf
                0x20004cf8                sprintf
 .text.strcmp   0x20004d64       0x1c c:/isis/application/toolchain/bin/../lib/gcc/arm-none-eabi/4.7.4/../../../../arm-none-eabi/lib\libc_s.a(lib_a-strcmp.o)
                0x20004d64                strcmp
 .text.strlen   0x20004d80       0x1c c:/isis/application/toolchain/bin/../lib/gcc/arm-none-eabi/4.7.4/../../../../arm-none-eabi/lib\libc_s.a(lib_a-strlen.o)
                0x20004d80                strlen
 .text.match    0x20004d9c       0x54 c:/isis/application/toolchain/bin/../lib/gcc/arm-none-eabi/4.7.4/../../../../arm-none-eabi/lib\libc_s.a(lib_a-strtod.o)
 .text._strtod_r
                0x20004df0     0x1168 c:/isis/application/toolchain/bin/../lib/gcc/arm-none-eabi/4.7.4/../../../../arm-none-eabi/lib\libc_s.a(lib_a-strtod.o)
                0x20004df0                _strtod_r
 .text._strtol_r
                0x20005f58      0x1b8 c:/isis/application/toolchain/bin/../lib/gcc/arm-none-eabi/4.7.4/../../../../arm-none-eabi/lib\libc_s.a(lib_a-strtol.o)
                0x20005f58                _strtol_r
 .text.__ssputc_r
                0x20006110      0x10c c:/isis/application/toolchain/bin/../lib/gcc/arm-none-eabi/4.7.4/../../../../arm-none-eabi/lib\libc_s.a(lib_a-svfprintf.o)
                0x20006110                __ssputc_r
 .text._svfprintf_r
                0x2000621c      0x328 c:/isis/application/toolchain/bin/../lib/gcc/arm-none-eabi/4.7.4/../../../../arm-none-eabi/lib\libc_s.a(lib_a-svfprintf.o)
                0x2000621c                _svfiprintf_r
                0x2000621c                _svfprintf_r
 .text._calloc_r
                0x20006544       0x2c c:/isis/application/toolchain/bin/../lib/gcc/arm-none-eabi/4.7.4/../../../../arm-none-eabi/lib\libc_s.a(lib_a-callocr.o)
                0x20006544                _calloc_r
 .text._free_r  0x20006570      0x108 c:/isis/application/toolchain/bin/../lib/gcc/arm-none-eabi/4.7.4/../../../../arm-none-eabi/lib\libc_s.a(lib_a-freer.o)
                0x20006570                _free_r
 .text.rshift   0x20006678       0xb0 c:/isis/application/toolchain/bin/../lib/gcc/arm-none-eabi/4.7.4/../../../../arm-none-eabi/lib\libc_s.a(lib_a-gdtoa-gethex.o)
 .text.htinit.constprop.0
                0x20006728       0x34 c:/isis/application/toolchain/bin/../lib/gcc/arm-none-eabi/4.7.4/../../../../arm-none-eabi/lib\libc_s.a(lib_a-gdtoa-gethex.o)
 .text.__hexdig_init
                0x2000675c       0x38 c:/isis/application/toolchain/bin/../lib/gcc/arm-none-eabi/4.7.4/../../../../arm-none-eabi/lib\libc_s.a(lib_a-gdtoa-gethex.o)
                0x2000675c                __hexdig_init
 .text.__gethex
                0x20006794      0x6cc c:/isis/application/toolchain/bin/../lib/gcc/arm-none-eabi/4.7.4/../../../../arm-none-eabi/lib\libc_s.a(lib_a-gdtoa-gethex.o)
                0x20006794                __gethex
 .text.L_shift  0x20006e60       0x38 c:/isis/application/toolchain/bin/../lib/gcc/arm-none-eabi/4.7.4/../../../../arm-none-eabi/lib\libc_s.a(lib_a-gdtoa-hexnan.o)
 .text.__hexnan
                0x20006e98      0x1d8 c:/isis/application/toolchain/bin/../lib/gcc/arm-none-eabi/4.7.4/../../../../arm-none-eabi/lib\libc_s.a(lib_a-gdtoa-hexnan.o)
                0x20006e98                __hexnan
 .text.memchr   0x20007070       0x34 c:/isis/application/toolchain/bin/../lib/gcc/arm-none-eabi/4.7.4/../../../../arm-none-eabi/lib\libc_s.a(lib_a-memchr.o)
                0x20007070                memchr
 .text.memset   0x200070a4       0x1c c:/isis/application/toolchain/bin/../lib/gcc/arm-none-eabi/4.7.4/../../../../arm-none-eabi/lib\libc_s.a(lib_a-memset.o)
                0x200070a4                memset
 .text._realloc_r
                0x200070c0       0x80 c:/isis/application/toolchain/bin/../lib/gcc/arm-none-eabi/4.7.4/../../../../arm-none-eabi/lib\libc_s.a(lib_a-reallocr.o)
                0x200070c0                _realloc_r
 .text.strncmp  0x20007140       0x64 c:/isis/application/toolchain/bin/../lib/gcc/arm-none-eabi/4.7.4/../../../../arm-none-eabi/lib\libc_s.a(lib_a-strncmp.o)
                0x20007140                strncmp
 .text._malloc_usable_size_r
                0x200071a4       0x1c c:/isis/application/toolchain/bin/../lib/gcc/arm-none-eabi/4.7.4/../../../../arm-none-eabi/lib\libc_s.a(lib_a-msizer.o)
                0x200071a4                _malloc_usable_size_r
 .text.EPS_Init
                0x200071c0       0xd4 ./src/SubSystemModules/PowerManagment/EPS.o
                0x200071c0                EPS_Init
 .text.EPS_Conditioning
                0x20007294      0x1a8 ./src/SubSystemModules/PowerManagment/EPS.o
                0x20007294                EPS_Conditioning
 .text.GetBatteryVoltage
                0x2000743c       0x54 ./src/SubSystemModules/PowerManagment/EPS.o
                0x2000743c                GetBatteryVoltage
 .text.GetThresholdVoltages
                0x20007490       0x4c ./src/SubSystemModules/PowerManagment/EPS.o
                0x20007490                GetThresholdVoltages
 .text.GetAlpha
                0x200074dc       0x48 ./src/SubSystemModules/PowerManagment/EPS.o
                0x200074dc                GetAlpha
 .text.EnterFullMode
                0x20007524       0x58 ./src/SubSystemModules/PowerManagment/EPSOperationModes.o
                0x20007524                EnterFullMode
 .text.EnterCruiseMode
                0x2000757c       0x58 ./src/SubSystemModules/PowerManagment/EPSOperationModes.o
                0x2000757c                EnterCruiseMode
 .text.EnterSafeMode
                0x200075d4       0x58 ./src/SubSystemModules/PowerManagment/EPSOperationModes.o
                0x200075d4                EnterSafeMode
 .text.EnterCriticalMode
                0x2000762c       0x58 ./src/SubSystemModules/PowerManagment/EPSOperationModes.o
                0x2000762c                EnterCriticalMode
 .text.SetEPS_Channels
                0x20007684       0x28 ./src/SubSystemModules/PowerManagment/EPSOperationModes.o
                0x20007684                SetEPS_Channels
 .text.EpsSetLowVoltageFlag
                0x200076ac       0x2c ./src/SubSystemModules/PowerManagment/EPSOperationModes.o
                0x200076ac                EpsSetLowVoltageFlag
 .text.payloadInit
                0x200076d8       0x18 ./src/SubSystemModules/Payload/payload_drivers.o
                0x200076d8                payloadInit
 .text.payloadRead
                0x200076f0       0xbc ./src/SubSystemModules/Payload/payload_drivers.o
                0x200076f0                payloadRead
 .text.payloadSendCommand
                0x200077ac       0x70 ./src/SubSystemModules/Payload/payload_drivers.o
                0x200077ac                payloadSendCommand
 .text.payloadReadEnvironment
                0x2000781c      0x2b0 ./src/SubSystemModules/Payload/payload_drivers.o
                0x2000781c                payloadReadEnvironment
 .text.payloadReadEvents
                0x20007acc      0x1a4 ./src/SubSystemModules/Payload/payload_drivers.o
                0x20007acc                payloadReadEvents
 .text.payloadTurnOn
                0x20007c70       0x40 ./src/SubSystemModules/Payload/payload_drivers.o
                0x20007c70                payloadTurnOn
 .text._logg    0x20007cb0      0x330 ./src/SubSystemModules/Maintenance/Log.o
                0x20007cb0                _logg
 .text.logg     0x20007fe0       0xc4 ./src/SubSystemModules/Maintenance/Log.o
                0x20007fe0                logg
 .text.setLogLevel
                0x200080a4       0x30 ./src/SubSystemModules/Maintenance/Log.o
                0x200080a4                setLogLevel
 .text.getLogLevel
                0x200080d4       0x24 ./src/SubSystemModules/Maintenance/Log.o
                0x200080d4                getLogLevel
 .text.initLog  0x200080f8       0x34 ./src/SubSystemModules/Maintenance/Log.o
                0x200080f8                initLog
 .text.getLastErrorMsgSize
                0x2000812c       0x24 ./src/SubSystemModules/Maintenance/Log.o
                0x2000812c                getLastErrorMsgSize
 .text.copyLastErrorMsg
                0x20008150       0x5c ./src/SubSystemModules/Maintenance/Log.o
                0x20008150                copyLastErrorMsg
 .text.CheckExecutionTime
                0x200081ac       0x90 ./src/SubSystemModules/Maintenance/Maintenance.o
                0x200081ac                CheckExecutionTime
 .text.SaveSatTimeInFRAM
                0x2000823c       0x44 ./src/SubSystemModules/Maintenance/Maintenance.o
                0x2000823c                SaveSatTimeInFRAM
 .text.IsFS_Corrupted
                0x20008280       0x48 ./src/SubSystemModules/Maintenance/Maintenance.o
                0x20008280                IsFS_Corrupted
 .text.WakeupFromResetCMD
                0x200082c8       0xfc ./src/SubSystemModules/Maintenance/Maintenance.o
                0x200082c8                WakeupFromResetCMD
 .text.ResetGroundCommWDT
                0x200083c4       0x1c ./src/SubSystemModules/Maintenance/Maintenance.o
                0x200083c4                ResetGroundCommWDT
 .text.IsGroundCommunicationWDTKick
                0x200083e0       0xd0 ./src/SubSystemModules/Maintenance/Maintenance.o
                0x200083e0                IsGroundCommunicationWDTKick
 .text.GetGsWdtKickTime
                0x200084b0       0x38 ./src/SubSystemModules/Maintenance/Maintenance.o
                0x200084b0                GetGsWdtKickTime
 .text.Maintenance
                0x200084e8       0x48 ./src/SubSystemModules/Maintenance/Maintenance.o
                0x200084e8                Maintenance
 .text.InitDump
                0x20008530       0xa0 ./src/SubSystemModules/Housekepping/Dump.o
                0x20008530                InitDump
 .text.FinishDump
                0x200085d0       0xd8 ./src/SubSystemModules/Housekepping/Dump.o
                0x200085d0                FinishDump
 .text.SendDumpAbortRequest
                0x200086a8       0xa0 ./src/SubSystemModules/Housekepping/Dump.o
                0x200086a8                SendDumpAbortRequest
 .text.CheckDumpAbort
                0x20008748       0x58 ./src/SubSystemModules/Housekepping/Dump.o
                0x20008748                CheckDumpAbort
 .text.getTelemetryMetaData
                0x200087a0       0x7c ./src/SubSystemModules/Housekepping/Dump.o
                0x200087a0                getTelemetryMetaData
 .text.send     0x2000881c       0x94 ./src/SubSystemModules/Housekepping/Dump.o
                0x2000881c                send
 .text.c_fileReadAndSend
                0x200088b0      0x41c ./src/SubSystemModules/Housekepping/Dump.o
                0x200088b0                c_fileReadAndSend
 .text.DumpStart
                0x20008ccc      0x340 ./src/SubSystemModules/Housekepping/Dump.o
                0x20008ccc                DumpStart
 .text.DumpTask
                0x2000900c       0x34 ./src/SubSystemModules/Housekepping/Dump.o
                0x2000900c                DumpTask
 .text.DumpTelemetry
                0x20009040      0x1c4 ./src/SubSystemModules/Housekepping/Dump.o
                0x20009040                DumpTelemetry
 .text.InitTelemetryCollector
                0x20009204       0x28 ./src/SubSystemModules/Housekepping/TelemetryCollector.o
                0x20009204                InitTelemetryCollector
 .text.GetTelemetryFilenameByType
                0x2000922c      0x204 ./src/SubSystemModules/Housekepping/TelemetryCollector.o
                0x2000922c                GetTelemetryFilenameByType
 .text.TelemetryCollectorLogic
                0x20009430      0x214 ./src/SubSystemModules/Housekepping/TelemetryCollector.o
                0x20009430                TelemetryCollectorLogic
 .text.TelemetryCreateFiles
                0x20009644      0x1e4 ./src/SubSystemModules/Housekepping/TelemetryCollector.o
                0x20009644                TelemetryCreateFiles
 .text.TelemetrySaveEPS
                0x20009828       0xbc ./src/SubSystemModules/Housekepping/TelemetryCollector.o
                0x20009828                TelemetrySaveEPS
 .text.CMD_getEPS_TLM
                0x200098e4       0x78 ./src/SubSystemModules/Housekepping/TelemetryCollector.o
                0x200098e4                CMD_getEPS_TLM
 .text.TelemetrySaveTRXVU
                0x2000995c       0x8c ./src/SubSystemModules/Housekepping/TelemetryCollector.o
                0x2000995c                TelemetrySaveTRXVU
 .text.CMD_getTRXVU_TLM
                0x200099e8       0xf8 ./src/SubSystemModules/Housekepping/TelemetryCollector.o
                0x200099e8                CMD_getTRXVU_TLM
 .text.TelemetrySaveANT
                0x20009ae0       0x54 ./src/SubSystemModules/Housekepping/TelemetryCollector.o
                0x20009ae0                TelemetrySaveANT
 .text.CMD_getAnts_TLM
                0x20009b34       0x60 ./src/SubSystemModules/Housekepping/TelemetryCollector.o
                0x20009b34                CMD_getAnts_TLM
 .text.getSolarPanelsTLM
                0x20009b94       0xd4 ./src/SubSystemModules/Housekepping/TelemetryCollector.o
                0x20009b94                getSolarPanelsTLM
 .text.CMD_getSolar_TLM
                0x20009c68       0x68 ./src/SubSystemModules/Housekepping/TelemetryCollector.o
                0x20009c68                CMD_getSolar_TLM
 .text.TelemetrySaveWOD
                0x20009cd0       0x4c ./src/SubSystemModules/Housekepping/TelemetryCollector.o
                0x20009cd0                TelemetrySaveWOD
 .text.GetCurrentWODTelemetry
                0x20009d1c      0x78c ./src/SubSystemModules/Housekepping/TelemetryCollector.o
                0x20009d1c                GetCurrentWODTelemetry
 .text.checkPayloadReadEvents
                0x2000a4a8       0x98 ./src/SubSystemModules/Housekepping/TelemetryCollector.o
                0x2000a4a8                checkPayloadReadEvents
 .text.checkPayloadReadEnvironment
                0x2000a540       0xb8 ./src/SubSystemModules/Housekepping/TelemetryCollector.o
                0x2000a540                checkPayloadReadEnvironment
 .text.CMD_EPS_ResetWDT
                0x2000a5f8       0x2c ./src/SubSystemModules/Communication/SubsystemCommands/EPS_Commands.o
                0x2000a5f8                CMD_EPS_ResetWDT
 .text.CMD_DeleteFileByTime
                0x2000a624      0x108 ./src/SubSystemModules/Communication/SubsystemCommands/FS_Commands.o
                0x2000a624                CMD_DeleteFileByTime
 .text.CMD_DeleteFilesOfType
                0x2000a72c       0xa8 ./src/SubSystemModules/Communication/SubsystemCommands/FS_Commands.o
                0x2000a72c                CMD_DeleteFilesOfType
 .text.CMD_DeleteFS
                0x2000a7d4       0x24 ./src/SubSystemModules/Communication/SubsystemCommands/FS_Commands.o
                0x2000a7d4                CMD_DeleteFS
 .text.CMD_GetLastFS_Error
                0x2000a7f8       0x40 ./src/SubSystemModules/Communication/SubsystemCommands/FS_Commands.o
                0x2000a7f8                CMD_GetLastFS_Error
 .text.CMD_FreeSpace
                0x2000a838       0x58 ./src/SubSystemModules/Communication/SubsystemCommands/FS_Commands.o
                0x2000a838                CMD_FreeSpace
 .text.CMD_isFS_Corrupt
                0x2000a890       0x40 ./src/SubSystemModules/Communication/SubsystemCommands/FS_Commands.o
                0x2000a890                CMD_isFS_Corrupt
 .text.CMD_GenericI2C
                0x2000a8d0      0x164 ./src/SubSystemModules/Communication/SubsystemCommands/Maintanence_Commands.o
                0x2000a8d0                CMD_GenericI2C
 .text.CMD_FRAM_ReadAndTransmitt
                0x2000aa34      0x128 ./src/SubSystemModules/Communication/SubsystemCommands/Maintanence_Commands.o
                0x2000aa34                CMD_FRAM_ReadAndTransmitt
 .text.CMD_FRAM_WriteAndTransmitt
                0x2000ab5c      0x138 ./src/SubSystemModules/Communication/SubsystemCommands/Maintanence_Commands.o
                0x2000ab5c                CMD_FRAM_WriteAndTransmitt
 .text.CMD_FRAM_Start
                0x2000ac94       0x58 ./src/SubSystemModules/Communication/SubsystemCommands/Maintanence_Commands.o
                0x2000ac94                CMD_FRAM_Start
 .text.CMD_FRAM_Stop
                0x2000acec       0x3c ./src/SubSystemModules/Communication/SubsystemCommands/Maintanence_Commands.o
                0x2000acec                CMD_FRAM_Stop
 .text.CMD_FRAM_Restart
                0x2000ad28       0x40 ./src/SubSystemModules/Communication/SubsystemCommands/Maintanence_Commands.o
                0x2000ad28                CMD_FRAM_Restart
 .text.CMD_UpdateSatTime
                0x2000ad68       0xb4 ./src/SubSystemModules/Communication/SubsystemCommands/Maintanence_Commands.o
                0x2000ad68                CMD_UpdateSatTime
 .text.CMD_GetSatTime
                0x2000ae1c       0x78 ./src/SubSystemModules/Communication/SubsystemCommands/Maintanence_Commands.o
                0x2000ae1c                CMD_GetSatTime
 .text.CMD_GetSatUptime
                0x2000ae94       0x60 ./src/SubSystemModules/Communication/SubsystemCommands/Maintanence_Commands.o
                0x2000ae94                CMD_GetSatUptime
 .text.CMD_AntennaDeploy
                0x2000aef4       0x40 ./src/SubSystemModules/Communication/SubsystemCommands/Maintanence_Commands.o
                0x2000aef4                CMD_AntennaDeploy
 .text.CMD_setLogLevel
                0x2000af34       0x94 ./src/SubSystemModules/Communication/SubsystemCommands/Maintanence_Commands.o
                0x2000af34                CMD_setLogLevel
 .text.CMD_getLogLevel
                0x2000afc8       0x9c ./src/SubSystemModules/Communication/SubsystemCommands/Maintanence_Commands.o
                0x2000afc8                CMD_getLogLevel
 .text.CMD_SetTLM_CollectionCycle
                0x2000b064      0x1a0 ./src/SubSystemModules/Communication/SubsystemCommands/Maintanence_Commands.o
                0x2000b064                CMD_SetTLM_CollectionCycle
 .text.CMD_GetTLM_CollectionCycle
                0x2000b204      0x170 ./src/SubSystemModules/Communication/SubsystemCommands/Maintanence_Commands.o
                0x2000b204                CMD_GetTLM_CollectionCycle
 .text.CMD_ResetComponent
                0x2000b374      0x264 ./src/SubSystemModules/Communication/SubsystemCommands/Maintanence_Commands.o
                0x2000b374                CMD_ResetComponent
 .text.CMD_StartDump
                0x2000b5d8       0x34 ./src/SubSystemModules/Communication/SubsystemCommands/TRXVU_Commands.o
                0x2000b5d8                CMD_StartDump
 .text.CMD_SendDumpAbortRequest
                0x2000b60c       0x24 ./src/SubSystemModules/Communication/SubsystemCommands/TRXVU_Commands.o
                0x2000b60c                CMD_SendDumpAbortRequest
 .text.CMD_MuteTRXVU
                0x2000b630       0x5c ./src/SubSystemModules/Communication/SubsystemCommands/TRXVU_Commands.o
                0x2000b630                CMD_MuteTRXVU
 .text.CMD_UnMuteTRXVU
                0x2000b68c       0x24 ./src/SubSystemModules/Communication/SubsystemCommands/TRXVU_Commands.o
                0x2000b68c                CMD_UnMuteTRXVU
 .text.CMD_GetBeaconInterval
                0x2000b6b0       0x60 ./src/SubSystemModules/Communication/SubsystemCommands/TRXVU_Commands.o
                0x2000b6b0                CMD_GetBeaconInterval
 .text.CMD_GetTxUptime
                0x2000b710       0x5c ./src/SubSystemModules/Communication/SubsystemCommands/TRXVU_Commands.o
                0x2000b710                CMD_GetTxUptime
 .text.CMD_GetRxUptime
                0x2000b76c       0x5c ./src/SubSystemModules/Communication/SubsystemCommands/TRXVU_Commands.o
                0x2000b76c                CMD_GetRxUptime
 .text.CMD_GetNumOfOnlineCommands
                0x2000b7c8       0x54 ./src/SubSystemModules/Communication/SubsystemCommands/TRXVU_Commands.o
                0x2000b7c8                CMD_GetNumOfOnlineCommands
 .text.CMD_AntSetArmStatus
                0x2000b81c       0x9c ./src/SubSystemModules/Communication/SubsystemCommands/TRXVU_Commands.o
                0x2000b81c                CMD_AntSetArmStatus
 .text.CMD_AntGetArmStatus
                0x2000b8b8       0x64 ./src/SubSystemModules/Communication/SubsystemCommands/TRXVU_Commands.o
                0x2000b8b8                CMD_AntGetArmStatus
 .text.CMD_AntGetUptime
                0x2000b91c       0x6c ./src/SubSystemModules/Communication/SubsystemCommands/TRXVU_Commands.o
                0x2000b91c                CMD_AntGetUptime
 .text.CMD_AntCancelDeployment
                0x2000b988       0x40 ./src/SubSystemModules/Communication/SubsystemCommands/TRXVU_Commands.o
                0x2000b988                CMD_AntCancelDeployment
 .text.CMD_AntStopAutoDeployment
                0x2000b9c8       0x48 ./src/SubSystemModules/Communication/SubsystemCommands/TRXVU_Commands.o
                0x2000b9c8                CMD_AntStopAutoDeployment
 .text.SendAckPacket
                0x2000ba10       0xac ./src/SubSystemModules/Communication/AckHandler.o
                0x2000ba10                SendAckPacket
 .text.SendErrorMSG
                0x2000babc       0xc4 ./src/SubSystemModules/Communication/AckHandler.o
                0x2000babc                SendErrorMSG
 .text.ActUponCommand
                0x2000bb80      0x1ac ./src/SubSystemModules/Communication/ActUponCommand.o
                0x2000bb80                ActUponCommand
 .text.InitBeaconParams
                0x2000bd2c       0x74 ./src/SubSystemModules/Communication/Beacon.o
                0x2000bd2c                InitBeaconParams
 .text.BeaconLogic
                0x2000bda0      0x184 ./src/SubSystemModules/Communication/Beacon.o
                0x2000bda0                BeaconLogic
 .text.UpdateBeaconInterval
                0x2000bf24       0xe8 ./src/SubSystemModules/Communication/Beacon.o
                0x2000bf24                UpdateBeaconInterval
 .text.trxvu_command_router
                0x2000c00c      0x484 ./src/SubSystemModules/Communication/CommandDictionary.o
                0x2000c00c                trxvu_command_router
 .text.eps_command_router
                0x2000c490       0xa4 ./src/SubSystemModules/Communication/CommandDictionary.o
                0x2000c490                eps_command_router
 .text.telemetry_command_router
                0x2000c534       0xd4 ./src/SubSystemModules/Communication/CommandDictionary.o
                0x2000c534                telemetry_command_router
 .text.managment_command_router
                0x2000c608      0x318 ./src/SubSystemModules/Communication/CommandDictionary.o
                0x2000c608                managment_command_router
 .text.filesystem_command_router
                0x2000c920      0x10c ./src/SubSystemModules/Communication/CommandDictionary.o
                0x2000c920                filesystem_command_router
 .text.ParseDataToCommand
                0x2000ca2c      0x268 ./src/SubSystemModules/Communication/SatCommandHandler.o
                0x2000ca2c                ParseDataToCommand
 .text.AssembleCommand
                0x2000cc94      0x1f8 ./src/SubSystemModules/Communication/SatCommandHandler.o
                0x2000cc94                AssembleCommand
 .text.GetOnlineCommand
                0x2000ce8c      0x124 ./src/SubSystemModules/Communication/SatCommandHandler.o
                0x2000ce8c                GetOnlineCommand
 .text.InitTxModule
                0x2000cfb0       0xec ./src/SubSystemModules/Communication/SatDataTx.o
                0x2000cfb0                InitTxModule
 .text.muteTRXVU
                0x2000d09c       0xbc ./src/SubSystemModules/Communication/SatDataTx.o
                0x2000d09c                muteTRXVU
 .text.UnMuteTRXVU
                0x2000d158       0x60 ./src/SubSystemModules/Communication/SatDataTx.o
                0x2000d158                UnMuteTRXVU
 .text.GetMuteFlag
                0x2000d1b8       0x24 ./src/SubSystemModules/Communication/SatDataTx.o
                0x2000d1b8                GetMuteFlag
 .text.CheckForMuteEnd
                0x2000d1dc       0x70 ./src/SubSystemModules/Communication/SatDataTx.o
                0x2000d1dc                CheckForMuteEnd
 .text.GetNumberOfFramesInBuffer
                0x2000d24c       0x50 ./src/SubSystemModules/Communication/SatDataTx.o
                0x2000d24c                GetNumberOfFramesInBuffer
 .text.CheckTransmitionAllowed
                0x2000d29c       0x98 ./src/SubSystemModules/Communication/SatDataTx.o
                0x2000d29c                CheckTransmitionAllowed
 .text.TransmitDataAsSPL_Packet
                0x2000d334      0x148 ./src/SubSystemModules/Communication/SatDataTx.o
                0x2000d334                TransmitDataAsSPL_Packet
 .text.TransmitSplPacket
                0x2000d47c       0xf0 ./src/SubSystemModules/Communication/SatDataTx.o
                0x2000d47c                TransmitSplPacket
 .text.vu_getFrequenciesTest_revE
                0x2000d56c       0xc8 ./src/SubSystemModules/Communication/TRXVU.o
 .text.setLastAntsAutoDeploymentTime
                0x2000d634       0x3c ./src/SubSystemModules/Communication/TRXVU.o
                0x2000d634                setLastAntsAutoDeploymentTime
 .text.HandleOpenAnts
                0x2000d670       0x54 ./src/SubSystemModules/Communication/TRXVU.o
                0x2000d670                HandleOpenAnts
 .text.SetIdleOff
                0x2000d6c4       0x94 ./src/SubSystemModules/Communication/TRXVU.o
                0x2000d6c4                SetIdleOff
 .text.HandleIdleAndMuteTime
                0x2000d758       0x8c ./src/SubSystemModules/Communication/TRXVU.o
                0x2000d758                HandleIdleAndMuteTime
 .text.HandleTransponderTime
                0x2000d7e4       0x30 ./src/SubSystemModules/Communication/TRXVU.o
                0x2000d7e4                HandleTransponderTime
 .text.InitAnts
                0x2000d814       0x78 ./src/SubSystemModules/Communication/TRXVU.o
                0x2000d814                InitAnts
 .text.InitTrxvu
                0x2000d88c      0x10c ./src/SubSystemModules/Communication/TRXVU.o
                0x2000d88c                InitTrxvu
 .text.TRX_Logic
                0x2000d998      0x168 ./src/SubSystemModules/Communication/TRXVU.o
                0x2000d998                TRX_Logic
 .text.CMD_SetIdleOn
                0x2000db00       0xfc ./src/SubSystemModules/Communication/TRXVU.o
                0x2000db00                CMD_SetIdleOn
 .text.CMD_SetIdleOff
                0x2000dbfc       0x28 ./src/SubSystemModules/Communication/TRXVU.o
                0x2000dbfc                CMD_SetIdleOff
 .text.areAntennasOpen
                0x2000dc24       0x7c ./src/SubSystemModules/Communication/TRXVU.o
                0x2000dc24                areAntennasOpen
 .text.initTransponder
                0x2000dca0      0x100 ./src/SubSystemModules/Communication/Transponder.o
                0x2000dca0                initTransponder
 .text.set_transonder_mode
                0x2000dda0       0xcc ./src/SubSystemModules/Communication/Transponder.o
                0x2000dda0                set_transonder_mode
 .text.set_transponder_RSSI
                0x2000de6c       0x58 ./src/SubSystemModules/Communication/Transponder.o
                0x2000de6c                set_transponder_RSSI
 .text.CMD_turnOnTransponder
                0x2000dec4      0x1a4 ./src/SubSystemModules/Communication/Transponder.o
                0x2000dec4                CMD_turnOnTransponder
 .text.CMD_set_transponder_RSSI
                0x2000e068       0xc4 ./src/SubSystemModules/Communication/Transponder.o
                0x2000e068                CMD_set_transponder_RSSI
 .text.CMD_turnOffTransponder
                0x2000e12c       0x74 ./src/SubSystemModules/Communication/Transponder.o
                0x2000e12c                CMD_turnOffTransponder
 .text.getTransponderMode
                0x2000e1a0       0x24 ./src/SubSystemModules/Communication/Transponder.o
                0x2000e1a0                getTransponderMode
 .text.checkEndTransponderMode
                0x2000e1c4       0x80 ./src/SubSystemModules/Communication/Transponder.o
                0x2000e1c4                checkEndTransponderMode
 .text.getDuration
                0x2000e244       0x80 ./src/SubSystemModules/Communication/Transponder.o
                0x2000e244                getDuration
 .text.isFirstActivation
                0x2000e2c4       0x74 ./src/InitSystem.o
                0x2000e2c4                isFirstActivation
 .text.firstActivationProcedure
                0x2000e338      0x15c ./src/InitSystem.o
                0x2000e338                firstActivationProcedure
 .text.StartFRAM
                0x2000e494       0x18 ./src/InitSystem.o
                0x2000e494                StartFRAM
 .text.StartI2C
                0x2000e4ac       0x24 ./src/InitSystem.o
                0x2000e4ac                StartI2C
 .text.StartSPI
                0x2000e4d0       0x20 ./src/InitSystem.o
                0x2000e4d0                StartSPI
 .text.StartTIME
                0x2000e4f0       0xd4 ./src/InitSystem.o
                0x2000e4f0                StartTIME
 .text.autoDeploy
                0x2000e5c4      0x18c ./src/InitSystem.o
                0x2000e5c4                autoDeploy
 .text.DeploySystem
                0x2000e750       0x58 ./src/InitSystem.o
                0x2000e750                DeploySystem
 .text.InitSubsystems
                0x2000e7a8      0x318 ./src/InitSystem.o
                0x2000e7a8                InitSubsystems
 .text.getSdIndex
                0x2000eac0       0x44 ./src/TLM_management.o
 .text.setSdIndex
                0x2000eb04       0x4c ./src/TLM_management.o
 .text.sd_format
                0x2000eb50       0x28 ./src/TLM_management.o
                0x2000eb50                sd_format
 .text.getNumOfFilesInFS
                0x2000eb78       0x44 ./src/TLM_management.o
 .text.setNumOfFilesInFS
                0x2000ebbc       0x48 ./src/TLM_management.o
 .text.f_managed_enterFS
                0x2000ec04       0x18 ./src/TLM_management.o
                0x2000ec04                f_managed_enterFS
 .text.f_managed_open
                0x2000ec1c       0x60 ./src/TLM_management.o
                0x2000ec1c                f_managed_open
 .text.f_managed_close
                0x2000ec7c       0x3c ./src/TLM_management.o
                0x2000ec7c                f_managed_close
 .text.createSemahores_FS
                0x2000ecb8       0x78 ./src/TLM_management.o
                0x2000ecb8                createSemahores_FS
 .text.formatAndCreateFiles
                0x2000ed30       0x68 ./src/TLM_management.o
                0x2000ed30                formatAndCreateFiles
 .text.InitializeFS
                0x2000ed98      0x150 ./src/TLM_management.o
                0x2000ed98                InitializeFS
 .text.c_fileCreate
                0x2000eee8      0x12c ./src/TLM_management.o
                0x2000eee8                c_fileCreate
 .text.writewithEpochtime
                0x2000f014       0x90 ./src/TLM_management.o
 .text.write    0x2000f0a4       0x3c ./src/TLM_management.o
 .text.get_C_FILE_struct
                0x2000f0e0       0xe4 ./src/TLM_management.o
                0x2000f0e0                get_C_FILE_struct
 .text.getFileIndex
                0x2000f1c4       0x84 ./src/TLM_management.o
                0x2000f1c4                getFileIndex
 .text.get_file_name_by_index
                0x2000f248       0x44 ./src/TLM_management.o
                0x2000f248                get_file_name_by_index
 .text.c_fileWrite
                0x2000f28c       0x38 ./src/TLM_management.o
                0x2000f28c                c_fileWrite
 .text._c_fileWrite
                0x2000f2c4      0x194 ./src/TLM_management.o
                0x2000f2c4                _c_fileWrite
 .text.deleteElementsFromFile
                0x2000f458      0x1a0 ./src/TLM_management.o
 .text.c_fileGetSizeOfElement
                0x2000f5f8       0x5c ./src/TLM_management.o
                0x2000f5f8                c_fileGetSizeOfElement
 .text.c_fileDeleteElements
                0x2000f654      0x158 ./src/TLM_management.o
                0x2000f654                c_fileDeleteElements
 .text.DeInitializeFS
                0x2000f7ac       0x78 ./src/TLM_management.o
                0x2000f7ac                DeInitializeFS
 .text.taskMain
                0x2000f824       0x68 ./src/main.o
                0x2000f824                taskMain
 .text.main     0x2000f88c       0x98 ./src/main.o
                0x2000f88c                main
 .text.clearPDCtransfers
                0x2000f924       0xe8 C:/Users/ground/Documents/GitHub/tevel2/GlobusSatProject/..//hal/hal/lib\libHALD.a(SPI.o)
 .text.SPI_start
                0x2000fa0c      0x4b0 C:/Users/ground/Documents/GitHub/tevel2/GlobusSatProject/..//hal/hal/lib\libHALD.a(SPI.o)
                0x2000fa0c                SPI_start
 .text.SPI_stop
                0x2000febc      0x244 C:/Users/ground/Documents/GitHub/tevel2/GlobusSatProject/..//hal/hal/lib\libHALD.a(SPI.o)
                0x2000febc                SPI_stop
 .text.SPI_queueTransfer
                0x20010100      0x1cc C:/Users/ground/Documents/GitHub/tevel2/GlobusSatProject/..//hal/hal/lib\libHALD.a(SPI.o)
                0x20010100                SPI_queueTransfer
 .text.SPI_internalCallback
                0x200102cc       0x64 C:/Users/ground/Documents/GitHub/tevel2/GlobusSatProject/..//hal/hal/lib\libHALD.a(SPI.o)
 .text.SPI_writeRead
                0x20010330      0x1c0 C:/Users/ground/Documents/GitHub/tevel2/GlobusSatProject/..//hal/hal/lib\libHALD.a(SPI.o)
                0x20010330                SPI_writeRead
 .text.waitForTransfer
                0x200104f0       0x78 C:/Users/ground/Documents/GitHub/tevel2/GlobusSatProject/..//hal/hal/lib\libHALD.a(SPI.o)
 .text.SPI_getDriverState
                0x20010568       0x58 C:/Users/ground/Documents/GitHub/tevel2/GlobusSatProject/..//hal/hal/lib\libHALD.a(SPI.o)
                0x20010568                SPI_getDriverState
 .text.validateTransferParameters
                0x200105c0      0x10c C:/Users/ground/Documents/GitHub/tevel2/GlobusSatProject/..//hal/hal/lib\libHALD.a(I2C.o)
 .text.I2C_queueTransfer
                0x200106cc       0xfc C:/Users/ground/Documents/GitHub/tevel2/GlobusSatProject/..//hal/hal/lib\libHALD.a(I2C.o)
                0x200106cc                I2C_queueTransfer
 .text.I2C_internalCallback
                0x200107c8       0x64 C:/Users/ground/Documents/GitHub/tevel2/GlobusSatProject/..//hal/hal/lib\libHALD.a(I2C.o)
 .text.I2C_doBlockingTransfer
                0x2001082c      0x180 C:/Users/ground/Documents/GitHub/tevel2/GlobusSatProject/..//hal/hal/lib\libHALD.a(I2C.o)
 .text.I2C_write
                0x200109ac      0x110 C:/Users/ground/Documents/GitHub/tevel2/GlobusSatProject/..//hal/hal/lib\libHALD.a(I2C.o)
                0x200109ac                I2C_write
 .text.I2C_read
                0x20010abc      0x110 C:/Users/ground/Documents/GitHub/tevel2/GlobusSatProject/..//hal/hal/lib\libHALD.a(I2C.o)
                0x20010abc                I2C_read
 .text.I2C_writeRead
                0x20010bcc      0x17c C:/Users/ground/Documents/GitHub/tevel2/GlobusSatProject/..//hal/hal/lib\libHALD.a(I2C.o)
                0x20010bcc                I2C_writeRead
 .text.I2C_start
                0x20010d48      0x2e8 C:/Users/ground/Documents/GitHub/tevel2/GlobusSatProject/..//hal/hal/lib\libHALD.a(I2C.o)
                0x20010d48                I2C_start
 .text.I2C_stop
                0x20011030      0x184 C:/Users/ground/Documents/GitHub/tevel2/GlobusSatProject/..//hal/hal/lib\libHALD.a(I2C.o)
                0x20011030                I2C_stop
 .text.I2C_setTransferTimeout
                0x200111b4       0x48 C:/Users/ground/Documents/GitHub/tevel2/GlobusSatProject/..//hal/hal/lib\libHALD.a(I2C.o)
                0x200111b4                I2C_setTransferTimeout
 .text.ADC_ConvertRaw10bitToMillivolt
                0x200111fc       0x50 C:/Users/ground/Documents/GitHub/tevel2/GlobusSatProject/..//hal/hal/lib\libHALD.a(ADC.o)
                0x200111fc                ADC_ConvertRaw10bitToMillivolt
 .text.ADC_SingleShot
                0x2001124c      0x230 C:/Users/ground/Documents/GitHub/tevel2/GlobusSatProject/..//hal/hal/lib\libHALD.a(ADC.o)
                0x2001124c                ADC_SingleShot
 .text.FRAM_start
                0x2001147c      0x120 C:/Users/ground/Documents/GitHub/tevel2/GlobusSatProject/..//hal/hal/lib\libHALD.a(FRAM.o)
                0x2001147c                FRAM_start
 .text.FRAM_stop
                0x2001159c       0x6c C:/Users/ground/Documents/GitHub/tevel2/GlobusSatProject/..//hal/hal/lib\libHALD.a(FRAM.o)
                0x2001159c                FRAM_stop
 .text.FRAM_dummyCallback
                0x20011608       0x24 C:/Users/ground/Documents/GitHub/tevel2/GlobusSatProject/..//hal/hal/lib\libHALD.a(FRAM.o)
                0x20011608                FRAM_dummyCallback
 .text.FRAM_unlockingCallback
                0x2001162c       0x64 C:/Users/ground/Documents/GitHub/tevel2/GlobusSatProject/..//hal/hal/lib\libHALD.a(FRAM.o)
                0x2001162c                FRAM_unlockingCallback
 .text.doBlockingTransfer
                0x20011690       0x78 C:/Users/ground/Documents/GitHub/tevel2/GlobusSatProject/..//hal/hal/lib\libHALD.a(FRAM.o)
 .text.FRAM_writePacket
                0x20011708      0x134 C:/Users/ground/Documents/GitHub/tevel2/GlobusSatProject/..//hal/hal/lib\libHALD.a(FRAM.o)
 .text.FRAM_write
                0x2001183c      0x1e0 C:/Users/ground/Documents/GitHub/tevel2/GlobusSatProject/..//hal/hal/lib\libHALD.a(FRAM.o)
                0x2001183c                FRAM_write
 .text.FRAM_readPacket
                0x20011a1c       0xf0 C:/Users/ground/Documents/GitHub/tevel2/GlobusSatProject/..//hal/hal/lib\libHALD.a(FRAM.o)
 .text.FRAM_read
                0x20011b0c      0x1ec C:/Users/ground/Documents/GitHub/tevel2/GlobusSatProject/..//hal/hal/lib\libHALD.a(FRAM.o)
                0x20011b0c                FRAM_read
 .text.Time_start
                0x20011cf8      0x170 C:/Users/ground/Documents/GitHub/tevel2/GlobusSatProject/..//hal/hal/lib\libHALD.a(Time.o)
                0x20011cf8                Time_start
 .text.taskTimeSync
                0x20011e68       0x64 C:/Users/ground/Documents/GitHub/tevel2/GlobusSatProject/..//hal/hal/lib\libHALD.a(Time.o)
 .text.Time_convertEpochToTime
                0x20011ecc      0x100 C:/Users/ground/Documents/GitHub/tevel2/GlobusSatProject/..//hal/hal/lib\libHALD.a(Time.o)
                0x20011ecc                Time_convertEpochToTime
 .text.Time_calculateSecondsOfYear
                0x20011fcc       0xd8 C:/Users/ground/Documents/GitHub/tevel2/GlobusSatProject/..//hal/hal/lib\libHALD.a(Time.o)
 .text.Time_set
                0x200120a4       0xd8 C:/Users/ground/Documents/GitHub/tevel2/GlobusSatProject/..//hal/hal/lib\libHALD.a(Time.o)
                0x200120a4                Time_set
 .text.Time_isLeapYear
                0x2001217c       0x98 C:/Users/ground/Documents/GitHub/tevel2/GlobusSatProject/..//hal/hal/lib\libHALD.a(Time.o)
                0x2001217c                Time_isLeapYear
 .text.Time_get
                0x20012214      0x478 C:/Users/ground/Documents/GitHub/tevel2/GlobusSatProject/..//hal/hal/lib\libHALD.a(Time.o)
                0x20012214                Time_get
 .text.Time_getUnixEpoch
                0x2001268c      0x108 C:/Users/ground/Documents/GitHub/tevel2/GlobusSatProject/..//hal/hal/lib\libHALD.a(Time.o)
                0x2001268c                Time_getUnixEpoch
 .text.Time_secondsOfYearToTime
                0x20012794      0x33c C:/Users/ground/Documents/GitHub/tevel2/GlobusSatProject/..//hal/hal/lib\libHALD.a(Time.o)
 .text.Time_setUnixEpoch
                0x20012ad0       0x54 C:/Users/ground/Documents/GitHub/tevel2/GlobusSatProject/..//hal/hal/lib\libHALD.a(Time.o)
                0x20012ad0                Time_setUnixEpoch
 .text.Time_getUptimeSeconds
                0x20012b24       0x28 C:/Users/ground/Documents/GitHub/tevel2/GlobusSatProject/..//hal/hal/lib\libHALD.a(Time.o)
                0x20012b24                Time_getUptimeSeconds
 .text.Time_sync
                0x20012b4c      0x1a8 C:/Users/ground/Documents/GitHub/tevel2/GlobusSatProject/..//hal/hal/lib\libHALD.a(Time.o)
                0x20012b4c                Time_sync
 .text.Time_syncIfNeeded
                0x20012cf4       0xac C:/Users/ground/Documents/GitHub/tevel2/GlobusSatProject/..//hal/hal/lib\libHALD.a(Time.o)
                0x20012cf4                Time_syncIfNeeded
 .text.WDT_start
                0x20012da0       0x48 C:/Users/ground/Documents/GitHub/tevel2/GlobusSatProject/..//hal/hal/lib\libHALD.a(WatchDogTimerNoOS.o)
                0x20012da0                WDT_start
 .text.RTT_start
                0x20012de8       0x24 C:/Users/ground/Documents/GitHub/tevel2/GlobusSatProject/..//hal/hal/lib\libHALD.a(RTT.o)
                0x20012de8                RTT_start
 .text.RTT_GetTime
                0x20012e0c       0x24 C:/Users/ground/Documents/GitHub/tevel2/GlobusSatProject/..//hal/hal/lib\libHALD.a(RTT.o)
                0x20012e0c                RTT_GetTime
 .text.RTC_start
                0x20012e30       0x3c C:/Users/ground/Documents/GitHub/tevel2/GlobusSatProject/..//hal/hal/lib\libHALD.a(RTC.o)
                0x20012e30                RTC_start
 .text.RTC_setTime
                0x20012e6c      0x2a4 C:/Users/ground/Documents/GitHub/tevel2/GlobusSatProject/..//hal/hal/lib\libHALD.a(RTC.o)
                0x20012e6c                RTC_setTime
 .text.RTC_getTime
                0x20013110      0x230 C:/Users/ground/Documents/GitHub/tevel2/GlobusSatProject/..//hal/hal/lib\libHALD.a(RTC.o)
                0x20013110                RTC_getTime
 .text.RTC_checkTimeValid
                0x20013340       0xd8 C:/Users/ground/Documents/GitHub/tevel2/GlobusSatProject/..//hal/hal/lib\libHALD.a(RTC.o)
                0x20013340                RTC_checkTimeValid
 .text.WDT_startWatchdogKickTask
                0x20013418       0xb4 C:/Users/ground/Documents/GitHub/tevel2/GlobusSatProject/..//hal/hal/lib\libHALD.a(WatchDogTimerOS.o)
                0x20013418                WDT_startWatchdogKickTask
 .text.WDT_forceKickEveryNms
                0x200134cc       0x50 C:/Users/ground/Documents/GitHub/tevel2/GlobusSatProject/..//hal/hal/lib\libHALD.a(WatchDogTimerOS.o)
                0x200134cc                WDT_forceKickEveryNms
 .text.LED_glow
                0x2001351c       0x58 C:/Users/ground/Documents/GitHub/tevel2/GlobusSatProject/..//hal/hal/lib\libHALD.a(LED.o)
                0x2001351c                LED_glow
 .text.LED_dark
                0x20013574       0x58 C:/Users/ground/Documents/GitHub/tevel2/GlobusSatProject/..//hal/hal/lib\libHALD.a(LED.o)
                0x20013574                LED_dark
 .text.LED_toggle
                0x200135cc       0x50 C:/Users/ground/Documents/GitHub/tevel2/GlobusSatProject/..//hal/hal/lib\libHALD.a(LED.o)
                0x200135cc                LED_toggle
 .text.fm_initvolume
                0x2001361c       0x70 C:/Users/ground/Documents/GitHub/tevel2/GlobusSatProject/..//hal/hcc/lib\libHCCD.a(fat_m.o)
                0x2001361c                fm_initvolume
 .text.fm_delvolume
                0x2001368c       0x60 C:/Users/ground/Documents/GitHub/tevel2/GlobusSatProject/..//hal/hcc/lib\libHCCD.a(fat_m.o)
                0x2001368c                fm_delvolume
 .text.fm_format
                0x200136ec       0x68 C:/Users/ground/Documents/GitHub/tevel2/GlobusSatProject/..//hal/hcc/lib\libHCCD.a(fat_m.o)
                0x200136ec                fm_format
 .text.fm_getdrive
                0x20013754       0x70 C:/Users/ground/Documents/GitHub/tevel2/GlobusSatProject/..//hal/hcc/lib\libHCCD.a(fat_m.o)
                0x20013754                fm_getdrive
 .text.fm_getfreespace
                0x200137c4       0x68 C:/Users/ground/Documents/GitHub/tevel2/GlobusSatProject/..//hal/hcc/lib\libHCCD.a(fat_m.o)
                0x200137c4                fm_getfreespace
 .text.fm_mkdir
                0x2001382c       0x60 C:/Users/ground/Documents/GitHub/tevel2/GlobusSatProject/..//hal/hcc/lib\libHCCD.a(fat_m.o)
                0x2001382c                fm_mkdir
 .text.fm_rename
                0x2001388c       0x68 C:/Users/ground/Documents/GitHub/tevel2/GlobusSatProject/..//hal/hcc/lib\libHCCD.a(fat_m.o)
                0x2001388c                fm_rename
 .text.fm_filelength
                0x200138f4       0x60 C:/Users/ground/Documents/GitHub/tevel2/GlobusSatProject/..//hal/hcc/lib\libHCCD.a(fat_m.o)
                0x200138f4                fm_filelength
 .text.fm_close
                0x20013954       0x60 C:/Users/ground/Documents/GitHub/tevel2/GlobusSatProject/..//hal/hcc/lib\libHCCD.a(fat_m.o)
                0x20013954                fm_close
 .text.fm_flush
                0x200139b4       0x60 C:/Users/ground/Documents/GitHub/tevel2/GlobusSatProject/..//hal/hcc/lib\libHCCD.a(fat_m.o)
                0x200139b4                fm_flush
 .text.fm_open  0x20013a14       0x68 C:/Users/ground/Documents/GitHub/tevel2/GlobusSatProject/..//hal/hcc/lib\libHCCD.a(fat_m.o)
                0x20013a14                fm_open
 .text.fm_read  0x20013a7c       0x7c C:/Users/ground/Documents/GitHub/tevel2/GlobusSatProject/..//hal/hcc/lib\libHCCD.a(fat_m.o)
                0x20013a7c                fm_read
 .text.fm_write
                0x20013af8       0x7c C:/Users/ground/Documents/GitHub/tevel2/GlobusSatProject/..//hal/hcc/lib\libHCCD.a(fat_m.o)
                0x20013af8                fm_write
 .text.fm_seek  0x20013b74       0x70 C:/Users/ground/Documents/GitHub/tevel2/GlobusSatProject/..//hal/hcc/lib\libHCCD.a(fat_m.o)
                0x20013b74                fm_seek
 .text.fm_delete
                0x20013be4       0x64 C:/Users/ground/Documents/GitHub/tevel2/GlobusSatProject/..//hal/hcc/lib\libHCCD.a(fat_m.o)
                0x20013be4                fm_delete
 .text.fm_getlasterror
                0x20013c48       0x40 C:/Users/ground/Documents/GitHub/tevel2/GlobusSatProject/..//hal/hcc/lib\libHCCD.a(fat_m.o)
                0x20013c48                fm_getlasterror
 .text._f_invalidatedir
                0x20013c88       0x28 C:/Users/ground/Documents/GitHub/tevel2/GlobusSatProject/..//hal/hcc/lib\libHCCD.a(fat.o)
                0x20013c88                _f_invalidatedir
 .text._f_getdirsector
                0x20013cb0       0x88 C:/Users/ground/Documents/GitHub/tevel2/GlobusSatProject/..//hal/hcc/lib\libHCCD.a(fat.o)
                0x20013cb0                _f_getdirsector
 .text._f_writedirsector
                0x20013d38       0x74 C:/Users/ground/Documents/GitHub/tevel2/GlobusSatProject/..//hal/hcc/lib\libHCCD.a(fat.o)
                0x20013d38                _f_writedirsector
 .text._f_checknameinv
                0x20013dac      0x180 C:/Users/ground/Documents/GitHub/tevel2/GlobusSatProject/..//hal/hcc/lib\libHCCD.a(fat.o)
 .text._f_checkname
                0x20013f2c       0x7c C:/Users/ground/Documents/GitHub/tevel2/GlobusSatProject/..//hal/hcc/lib\libHCCD.a(fat.o)
 .text._f_checknamewc
                0x20013fa8       0xf8 C:/Users/ground/Documents/GitHub/tevel2/GlobusSatProject/..//hal/hcc/lib\libHCCD.a(fat.o)
 .text._f_setnameext
                0x200140a0      0x300 C:/Users/ground/Documents/GitHub/tevel2/GlobusSatProject/..//hal/hcc/lib\libHCCD.a(fat.o)
 .text._f_setfsname
                0x200143a0      0x584 C:/Users/ground/Documents/GitHub/tevel2/GlobusSatProject/..//hal/hcc/lib\libHCCD.a(fat.o)
 .text._f_findfile
                0x20014924      0x30c C:/Users/ground/Documents/GitHub/tevel2/GlobusSatProject/..//hal/hcc/lib\libHCCD.a(fat.o)
 .text._f_findpath
                0x20014c30      0x35c C:/Users/ground/Documents/GitHub/tevel2/GlobusSatProject/..//hal/hcc/lib\libHCCD.a(fat.o)
 .text.fn_getdcwd
                0x20014f8c      0x1e0 C:/Users/ground/Documents/GitHub/tevel2/GlobusSatProject/..//hal/hcc/lib\libHCCD.a(fat.o)
                0x20014f8c                fn_getdcwd
 .text.fn_move  0x2001516c      0xad0 C:/Users/ground/Documents/GitHub/tevel2/GlobusSatProject/..//hal/hcc/lib\libHCCD.a(fat.o)
                0x2001516c                fn_move
 .text.fn_rename
                0x20015c3c      0x214 C:/Users/ground/Documents/GitHub/tevel2/GlobusSatProject/..//hal/hcc/lib\libHCCD.a(fat.o)
                0x20015c3c                fn_rename
 .text._f_lock_resfile
                0x20015e50       0x6c C:/Users/ground/Documents/GitHub/tevel2/GlobusSatProject/..//hal/hcc/lib\libHCCD.a(fat.o)
 .text._f_unlock_resfile
                0x20015ebc       0x40 C:/Users/ground/Documents/GitHub/tevel2/GlobusSatProject/..//hal/hcc/lib\libHCCD.a(fat.o)
 .text._f_getintfile
                0x20015efc      0x124 C:/Users/ground/Documents/GitHub/tevel2/GlobusSatProject/..//hal/hcc/lib\libHCCD.a(fat.o)
 .text._f_addentry
                0x20016020      0x540 C:/Users/ground/Documents/GitHub/tevel2/GlobusSatProject/..//hal/hcc/lib\libHCCD.a(fat.o)
 .text.fn_mkdir
                0x20016560      0x75c C:/Users/ground/Documents/GitHub/tevel2/GlobusSatProject/..//hal/hcc/lib\libHCCD.a(fat.o)
                0x20016560                fn_mkdir
 .text.fn_filelength
                0x20016cbc      0x1cc C:/Users/ground/Documents/GitHub/tevel2/GlobusSatProject/..//hal/hcc/lib\libHCCD.a(fat.o)
                0x20016cbc                fn_filelength
 .text.fn_open_sub
                0x20016e88     0x1698 C:/Users/ground/Documents/GitHub/tevel2/GlobusSatProject/..//hal/hcc/lib\libHCCD.a(fat.o)
 .text.fn_open  0x20018520       0x44 C:/Users/ground/Documents/GitHub/tevel2/GlobusSatProject/..//hal/hcc/lib\libHCCD.a(fat.o)
                0x20018520                fn_open
 .text.fn_delete
                0x20018564      0x490 C:/Users/ground/Documents/GitHub/tevel2/GlobusSatProject/..//hal/hcc/lib\libHCCD.a(fat.o)
                0x20018564                fn_delete
 .text.fn_init  0x200189f4      0x2dc C:/Users/ground/Documents/GitHub/tevel2/GlobusSatProject/..//hal/hcc/lib\libHCCD.a(fat_common.o)
                0x200189f4                fn_init
 .text.fsn_delete
                0x20018cd0       0xc8 C:/Users/ground/Documents/GitHub/tevel2/GlobusSatProject/..//hal/hcc/lib\libHCCD.a(fat_common.o)
                0x20018cd0                fsn_delete
 .text._f_get16bitl
                0x20018d98       0x4c C:/Users/ground/Documents/GitHub/tevel2/GlobusSatProject/..//hal/hcc/lib\libHCCD.a(fat_common.o)
                0x20018d98                _f_get16bitl
 .text._f_set16bitl
                0x20018de4       0x54 C:/Users/ground/Documents/GitHub/tevel2/GlobusSatProject/..//hal/hcc/lib\libHCCD.a(fat_common.o)
                0x20018de4                _f_set16bitl
 .text._f_get32bitl
                0x20018e38       0x68 C:/Users/ground/Documents/GitHub/tevel2/GlobusSatProject/..//hal/hcc/lib\libHCCD.a(fat_common.o)
                0x20018e38                _f_get32bitl
 .text._f_set32bitl
                0x20018ea0       0x78 C:/Users/ground/Documents/GitHub/tevel2/GlobusSatProject/..//hal/hcc/lib\libHCCD.a(fat_common.o)
                0x20018ea0                _f_set32bitl
 .text._get8bit
                0x20018f18       0xa0 C:/Users/ground/Documents/GitHub/tevel2/GlobusSatProject/..//hal/hcc/lib\libHCCD.a(fat_common.o)
 .text._get16bitl
                0x20018fb8       0x40 C:/Users/ground/Documents/GitHub/tevel2/GlobusSatProject/..//hal/hcc/lib\libHCCD.a(fat_common.o)
 .text._get32bitl
                0x20018ff8       0x3c C:/Users/ground/Documents/GitHub/tevel2/GlobusSatProject/..//hal/hcc/lib\libHCCD.a(fat_common.o)
 .text._set8bitzero
                0x20019034       0x6c C:/Users/ground/Documents/GitHub/tevel2/GlobusSatProject/..//hal/hcc/lib\libHCCD.a(fat_common.o)
 .text._set8bit
                0x200190a0       0xa0 C:/Users/ground/Documents/GitHub/tevel2/GlobusSatProject/..//hal/hcc/lib\libHCCD.a(fat_common.o)
 .text._set16bitl
                0x20019140       0x3c C:/Users/ground/Documents/GitHub/tevel2/GlobusSatProject/..//hal/hcc/lib\libHCCD.a(fat_common.o)
 .text._set32bitl
                0x2001917c       0x34 C:/Users/ground/Documents/GitHub/tevel2/GlobusSatProject/..//hal/hcc/lib\libHCCD.a(fat_common.o)
 .text._f_setcardremoved
                0x200191b0       0x94 C:/Users/ground/Documents/GitHub/tevel2/GlobusSatProject/..//hal/hcc/lib\libHCCD.a(fat_common.o)
 .text._f_checkstatus
                0x20019244      0x104 C:/Users/ground/Documents/GitHub/tevel2/GlobusSatProject/..//hal/hcc/lib\libHCCD.a(fat_common.o)
                0x20019244                _f_checkstatus
 .text._f_drvgetphy
                0x20019348      0x114 C:/Users/ground/Documents/GitHub/tevel2/GlobusSatProject/..//hal/hcc/lib\libHCCD.a(fat_common.o)
 .text._f_drvwritesector
                0x2001945c       0xdc C:/Users/ground/Documents/GitHub/tevel2/GlobusSatProject/..//hal/hcc/lib\libHCCD.a(fat_common.o)
 .text._f_drvreadsector
                0x20019538       0xa8 C:/Users/ground/Documents/GitHub/tevel2/GlobusSatProject/..//hal/hcc/lib\libHCCD.a(fat_common.o)
 .text._f_writesector
                0x200195e0      0x23c C:/Users/ground/Documents/GitHub/tevel2/GlobusSatProject/..//hal/hcc/lib\libHCCD.a(fat_common.o)
                0x200195e0                _f_writesector
 .text._f_readsector
                0x2001981c      0x1dc C:/Users/ground/Documents/GitHub/tevel2/GlobusSatProject/..//hal/hcc/lib\libHCCD.a(fat_common.o)
                0x2001981c                _f_readsector
 .text._f_getmaxcluster
                0x200199f8       0x94 C:/Users/ground/Documents/GitHub/tevel2/GlobusSatProject/..//hal/hcc/lib\libHCCD.a(fat_common.o)
                0x200199f8                _f_getmaxcluster
 .text._getsectorfromcluster
                0x20019a8c       0x68 C:/Users/ground/Documents/GitHub/tevel2/GlobusSatProject/..//hal/hcc/lib\libHCCD.a(fat_common.o)
 .text._f_buildsectors
                0x20019af4      0x268 C:/Users/ground/Documents/GitHub/tevel2/GlobusSatProject/..//hal/hcc/lib\libHCCD.a(fat_common.o)
 .text._f_getbootrecord
                0x20019d5c      0x5e4 C:/Users/ground/Documents/GitHub/tevel2/GlobusSatProject/..//hal/hcc/lib\libHCCD.a(fat_common.o)
 .text._f_readbootrecord
                0x2001a340      0x4f8 C:/Users/ground/Documents/GitHub/tevel2/GlobusSatProject/..//hal/hcc/lib\libHCCD.a(fat_common.o)
 .text._f_writebootrecord
                0x2001a838      0x5e4 C:/Users/ground/Documents/GitHub/tevel2/GlobusSatProject/..//hal/hcc/lib\libHCCD.a(fat_common.o)
 .text._f_flushcffiles
                0x2001ae1c      0x17c C:/Users/ground/Documents/GitHub/tevel2/GlobusSatProject/..//hal/hcc/lib\libHCCD.a(fat_common.o)
                0x2001ae1c                _f_flushcffiles
 .text._f_fatcache_flush
                0x2001af98      0x270 C:/Users/ground/Documents/GitHub/tevel2/GlobusSatProject/..//hal/hcc/lib\libHCCD.a(fat_common.o)
                0x2001af98                _f_fatcache_flush
 .text._f_writefatsector
                0x2001b208      0x100 C:/Users/ground/Documents/GitHub/tevel2/GlobusSatProject/..//hal/hcc/lib\libHCCD.a(fat_common.o)
                0x2001b208                _f_writefatsector
 .text._f_getfatsector
                0x2001b308      0x3bc C:/Users/ground/Documents/GitHub/tevel2/GlobusSatProject/..//hal/hcc/lib\libHCCD.a(fat_common.o)
 .text._f_setclustervalue
                0x2001b6c4      0x490 C:/Users/ground/Documents/GitHub/tevel2/GlobusSatProject/..//hal/hcc/lib\libHCCD.a(fat_common.o)
                0x2001b6c4                _f_setclustervalue
 .text._f_getclustervalue
                0x2001bb54      0x388 C:/Users/ground/Documents/GitHub/tevel2/GlobusSatProject/..//hal/hcc/lib\libHCCD.a(fat_common.o)
                0x2001bb54                _f_getclustervalue
 .text._f_close_drive_files
                0x2001bedc       0xac C:/Users/ground/Documents/GitHub/tevel2/GlobusSatProject/..//hal/hcc/lib\libHCCD.a(fat_common.o)
 .text._f_inc_mount_count
                0x2001bf88       0xa4 C:/Users/ground/Documents/GitHub/tevel2/GlobusSatProject/..//hal/hcc/lib\libHCCD.a(fat_common.o)
 .text._f_getvolume
                0x2001c02c      0x2f8 C:/Users/ground/Documents/GitHub/tevel2/GlobusSatProject/..//hal/hcc/lib\libHCCD.a(fat_common.o)
                0x2001c02c                _f_getvolume
 .text.fn_createdriver
                0x2001c324      0x118 C:/Users/ground/Documents/GitHub/tevel2/GlobusSatProject/..//hal/hcc/lib\libHCCD.a(fat_common.o)
                0x2001c324                fn_createdriver
 .text.fn_initvolume
                0x2001c43c      0x12c C:/Users/ground/Documents/GitHub/tevel2/GlobusSatProject/..//hal/hcc/lib\libHCCD.a(fat_common.o)
                0x2001c43c                fn_initvolume
 .text.fn_releasedriver
                0x2001c568       0xf4 C:/Users/ground/Documents/GitHub/tevel2/GlobusSatProject/..//hal/hcc/lib\libHCCD.a(fat_common.o)
                0x2001c568                fn_releasedriver
 .text.fn_initvolumepartition_sub
                0x2001c65c       0xe0 C:/Users/ground/Documents/GitHub/tevel2/GlobusSatProject/..//hal/hcc/lib\libHCCD.a(fat_common.o)
 .text.fn_initvolumepartition
                0x2001c73c       0xac C:/Users/ground/Documents/GitHub/tevel2/GlobusSatProject/..//hal/hcc/lib\libHCCD.a(fat_common.o)
                0x2001c73c                fn_initvolumepartition
 .text.fn_delvolume
                0x2001c7e8      0x194 C:/Users/ground/Documents/GitHub/tevel2/GlobusSatProject/..//hal/hcc/lib\libHCCD.a(fat_common.o)
                0x2001c7e8                fn_delvolume
 .text._f_clustertopos
                0x2001c97c       0xf8 C:/Users/ground/Documents/GitHub/tevel2/GlobusSatProject/..//hal/hcc/lib\libHCCD.a(fat_common.o)
                0x2001c97c                _f_clustertopos
 .text._f_prepareformat
                0x2001ca74      0x8b8 C:/Users/ground/Documents/GitHub/tevel2/GlobusSatProject/..//hal/hcc/lib\libHCCD.a(fat_common.o)
 .text._f_resetfatentries
                0x2001d32c      0x410 C:/Users/ground/Documents/GitHub/tevel2/GlobusSatProject/..//hal/hcc/lib\libHCCD.a(fat_common.o)
 .text._f_resetrootdir
                0x2001d73c       0xcc C:/Users/ground/Documents/GitHub/tevel2/GlobusSatProject/..//hal/hcc/lib\libHCCD.a(fat_common.o)
 .text._f_postformat
                0x2001d808      0x178 C:/Users/ground/Documents/GitHub/tevel2/GlobusSatProject/..//hal/hcc/lib\libHCCD.a(fat_common.o)
 .text.fn_format
                0x2001d980      0x148 C:/Users/ground/Documents/GitHub/tevel2/GlobusSatProject/..//hal/hcc/lib\libHCCD.a(fat_common.o)
                0x2001d980                fn_format
 .text._f_getcurrsector
                0x2001dac8      0x6c8 C:/Users/ground/Documents/GitHub/tevel2/GlobusSatProject/..//hal/hcc/lib\libHCCD.a(fat_common.o)
                0x2001dac8                _f_getcurrsector
 .text._f_getdecluster
                0x2001e190       0x90 C:/Users/ground/Documents/GitHub/tevel2/GlobusSatProject/..//hal/hcc/lib\libHCCD.a(fat_common.o)
                0x2001e190                _f_getdecluster
 .text._f_setdecluster
                0x2001e220       0x8c C:/Users/ground/Documents/GitHub/tevel2/GlobusSatProject/..//hal/hcc/lib\libHCCD.a(fat_common.o)
                0x2001e220                _f_setdecluster
 .text.fn_getdrive
                0x2001e2ac       0x30 C:/Users/ground/Documents/GitHub/tevel2/GlobusSatProject/..//hal/hcc/lib\libHCCD.a(fat_common.o)
                0x2001e2ac                fn_getdrive
 .text._f_getcurrenttimedate
                0x2001e2dc      0x138 C:/Users/ground/Documents/GitHub/tevel2/GlobusSatProject/..//hal/hcc/lib\libHCCD.a(fat_common.o)
                0x2001e2dc                _f_getcurrenttimedate
 .text._f_initentry
                0x2001e414       0xa0 C:/Users/ground/Documents/GitHub/tevel2/GlobusSatProject/..//hal/hcc/lib\libHCCD.a(fat_common.o)
                0x2001e414                _f_initentry
 .text._f_alloccluster
                0x2001e4b4      0x344 C:/Users/ground/Documents/GitHub/tevel2/GlobusSatProject/..//hal/hcc/lib\libHCCD.a(fat_common.o)
                0x2001e4b4                _f_alloccluster
 .text._f_dobadblock
                0x2001e7f8      0x2cc C:/Users/ground/Documents/GitHub/tevel2/GlobusSatProject/..//hal/hcc/lib\libHCCD.a(fat_common.o)
                0x2001e7f8                _f_dobadblock
 .text._f_checklocked
                0x2001eac4       0xe4 C:/Users/ground/Documents/GitHub/tevel2/GlobusSatProject/..//hal/hcc/lib\libHCCD.a(fat_common.o)
                0x2001eac4                _f_checklocked
 .text._f_checkappendlocked
                0x2001eba8      0x110 C:/Users/ground/Documents/GitHub/tevel2/GlobusSatProject/..//hal/hcc/lib\libHCCD.a(fat_common.o)
                0x2001eba8                _f_checkappendlocked
 .text._f_setsyncafile
                0x2001ecb8      0x114 C:/Users/ground/Documents/GitHub/tevel2/GlobusSatProject/..//hal/hcc/lib\libHCCD.a(fat_common.o)
                0x2001ecb8                _f_setsyncafile
 .text._f_syncfiles
                0x2001edcc      0x128 C:/Users/ground/Documents/GitHub/tevel2/GlobusSatProject/..//hal/hcc/lib\libHCCD.a(fat_common.o)
                0x2001edcc                _f_syncfiles
 .text._f_syncfilescontent
                0x2001eef4      0x15c C:/Users/ground/Documents/GitHub/tevel2/GlobusSatProject/..//hal/hcc/lib\libHCCD.a(fat_common.o)
 .text.fn_getfreespace
                0x2001f050      0x4c0 C:/Users/ground/Documents/GitHub/tevel2/GlobusSatProject/..//hal/hcc/lib\libHCCD.a(fat_common.o)
                0x2001f050                fn_getfreespace
 .text._f_emptywritecache
                0x2001f510      0x4a4 C:/Users/ground/Documents/GitHub/tevel2/GlobusSatProject/..//hal/hcc/lib\libHCCD.a(fat_common.o)
 .text._f_allocnextcluster
                0x2001f9b4      0x54c C:/Users/ground/Documents/GitHub/tevel2/GlobusSatProject/..//hal/hcc/lib\libHCCD.a(fat_common.o)
 .text._f_emptywritebuffer
                0x2001ff00      0x20c C:/Users/ground/Documents/GitHub/tevel2/GlobusSatProject/..//hal/hcc/lib\libHCCD.a(fat_common.o)
 .text._f_writezeros
                0x2002010c       0xf0 C:/Users/ground/Documents/GitHub/tevel2/GlobusSatProject/..//hal/hcc/lib\libHCCD.a(fat_common.o)
                0x2002010c                _f_writezeros
 .text._f_extend_file
                0x200201fc      0x570 C:/Users/ground/Documents/GitHub/tevel2/GlobusSatProject/..//hal/hcc/lib\libHCCD.a(fat_common.o)
 .text._f_fseek
                0x2002076c      0x9bc C:/Users/ground/Documents/GitHub/tevel2/GlobusSatProject/..//hal/hcc/lib\libHCCD.a(fat_common.o)
                0x2002076c                _f_fseek
 .text._f_removechain
                0x20021128      0x104 C:/Users/ground/Documents/GitHub/tevel2/GlobusSatProject/..//hal/hcc/lib\libHCCD.a(fat_common.o)
                0x20021128                _f_removechain
 .text._f_updatefileentry
                0x2002122c      0x1cc C:/Users/ground/Documents/GitHub/tevel2/GlobusSatProject/..//hal/hcc/lib\libHCCD.a(fat_common.o)
 .text._f_checkreadlocked
                0x200213f8      0x1bc C:/Users/ground/Documents/GitHub/tevel2/GlobusSatProject/..//hal/hcc/lib\libHCCD.a(fat_common.o)
                0x200213f8                _f_checkreadlocked
 .text._f_check_handle
                0x200215b4       0x98 C:/Users/ground/Documents/GitHub/tevel2/GlobusSatProject/..//hal/hcc/lib\libHCCD.a(fat_common.o)
                0x200215b4                _f_check_handle
 .text._f_removesyncafile
                0x2002164c      0x1ec C:/Users/ground/Documents/GitHub/tevel2/GlobusSatProject/..//hal/hcc/lib\libHCCD.a(fat_common.o)
 .text.fn_close
                0x20021838      0x3f8 C:/Users/ground/Documents/GitHub/tevel2/GlobusSatProject/..//hal/hcc/lib\libHCCD.a(fat_common.o)
                0x20021838                fn_close
 .text.fn_flush
                0x20021c30      0x374 C:/Users/ground/Documents/GitHub/tevel2/GlobusSatProject/..//hal/hcc/lib\libHCCD.a(fat_common.o)
                0x20021c30                fn_flush
 .text.fn_read  0x20021fa4      0x690 C:/Users/ground/Documents/GitHub/tevel2/GlobusSatProject/..//hal/hcc/lib\libHCCD.a(fat_common.o)
                0x20021fa4                fn_read
 .text._f_abortwrite
                0x20022634      0x100 C:/Users/ground/Documents/GitHub/tevel2/GlobusSatProject/..//hal/hcc/lib\libHCCD.a(fat_common.o)
 .text._f_checkwritecluster
                0x20022734       0xe4 C:/Users/ground/Documents/GitHub/tevel2/GlobusSatProject/..//hal/hcc/lib\libHCCD.a(fat_common.o)
 .text.fn_write
                0x20022818      0x8a8 C:/Users/ground/Documents/GitHub/tevel2/GlobusSatProject/..//hal/hcc/lib\libHCCD.a(fat_common.o)
                0x20022818                fn_write
 .text.fn_seek  0x200230c0      0x270 C:/Users/ground/Documents/GitHub/tevel2/GlobusSatProject/..//hal/hcc/lib\libHCCD.a(fat_common.o)
                0x200230c0                fn_seek
 .text.f_enterFS
                0x20023330      0x1c0 C:/Users/ground/Documents/GitHub/tevel2/GlobusSatProject/..//hal/hcc/lib\libHCCD.a(fat_common.o)
                0x20023330                f_enterFS
 .text.fnGetTask
                0x200234f0       0xfc C:/Users/ground/Documents/GitHub/tevel2/GlobusSatProject/..//hal/hcc/lib\libHCCD.a(fat_common.o)
                0x200234f0                fnGetTask
 .text._f_mutex_get
                0x200235ec       0x98 C:/Users/ground/Documents/GitHub/tevel2/GlobusSatProject/..//hal/hcc/lib\libHCCD.a(fat_common.o)
                0x200235ec                _f_mutex_get
 .text._f_mutex_put
                0x20023684       0x54 C:/Users/ground/Documents/GitHub/tevel2/GlobusSatProject/..//hal/hcc/lib\libHCCD.a(fat_common.o)
                0x20023684                _f_mutex_put
 .text._fn_initseekdivisor
                0x200236d8      0x158 C:/Users/ground/Documents/GitHub/tevel2/GlobusSatProject/..//hal/hcc/lib\libHCCD.a(fat_common.o)
                0x200236d8                _fn_initseekdivisor
 .text._fn_updateseekpos
                0x20023830       0xc4 C:/Users/ground/Documents/GitHub/tevel2/GlobusSatProject/..//hal/hcc/lib\libHCCD.a(fat_common.o)
 .text._f_findopensize
                0x200238f4       0x2c C:/Users/ground/Documents/GitHub/tevel2/GlobusSatProject/..//hal/hcc/lib\libHCCD.a(fat_common.o)
                0x200238f4                _f_findopensize
 .text.fn_setlasterror
                0x20023920       0x34 C:/Users/ground/Documents/GitHub/tevel2/GlobusSatProject/..//hal/hcc/lib\libHCCD.a(fat_common.o)
                0x20023920                fn_setlasterror
 .text.fn_setlasterror_noret
                0x20023954       0x2c C:/Users/ground/Documents/GitHub/tevel2/GlobusSatProject/..//hal/hcc/lib\libHCCD.a(fat_common.o)
                0x20023954                fn_setlasterror_noret
 .text._s_checkzeroclusteratend
                0x20023980       0xf8 C:/Users/ground/Documents/GitHub/tevel2/GlobusSatProject/..//hal/hcc/lib\libHCCD.a(safefat.o)
 .text._s_clearclustercontent
                0x20023a78      0x108 C:/Users/ground/Documents/GitHub/tevel2/GlobusSatProject/..//hal/hcc/lib\libHCCD.a(safefat.o)
 .text._s_clearclustercontentdir
                0x20023b80      0x19c C:/Users/ground/Documents/GitHub/tevel2/GlobusSatProject/..//hal/hcc/lib\libHCCD.a(safefat.o)
 .text._s_writedirsector
                0x20023d1c       0xd0 C:/Users/ground/Documents/GitHub/tevel2/GlobusSatProject/..//hal/hcc/lib\libHCCD.a(safefat.o)
 .text._s_getdirsector
                0x20023dec      0x100 C:/Users/ground/Documents/GitHub/tevel2/GlobusSatProject/..//hal/hcc/lib\libHCCD.a(safefat.o)
 .text._s_addentry
                0x20023eec      0x394 C:/Users/ground/Documents/GitHub/tevel2/GlobusSatProject/..//hal/hcc/lib\libHCCD.a(safefat.o)
 .text._s_findfile
                0x20024280      0x33c C:/Users/ground/Documents/GitHub/tevel2/GlobusSatProject/..//hal/hcc/lib\libHCCD.a(safefat.o)
 .text._s_findsubdir
                0x200245bc      0x248 C:/Users/ground/Documents/GitHub/tevel2/GlobusSatProject/..//hal/hcc/lib\libHCCD.a(safefat.o)
 .text._s_createfile
                0x20024804      0x190 C:/Users/ground/Documents/GitHub/tevel2/GlobusSatProject/..//hal/hcc/lib\libHCCD.a(safefat.o)
 .text._s_findsaffile
                0x20024994      0x1b8 C:/Users/ground/Documents/GitHub/tevel2/GlobusSatProject/..//hal/hcc/lib\libHCCD.a(safefat.o)
 .text._s_open  0x20024b4c       0xe4 C:/Users/ground/Documents/GitHub/tevel2/GlobusSatProject/..//hal/hcc/lib\libHCCD.a(safefat.o)
 .text._s_open_saf
                0x20024c30       0xe8 C:/Users/ground/Documents/GitHub/tevel2/GlobusSatProject/..//hal/hcc/lib\libHCCD.a(safefat.o)
 .text._s_flush
                0x20024d18       0x84 C:/Users/ground/Documents/GitHub/tevel2/GlobusSatProject/..//hal/hcc/lib\libHCCD.a(safefat.o)
 .text._s_allocnextcluster
                0x20024d9c      0x13c C:/Users/ground/Documents/GitHub/tevel2/GlobusSatProject/..//hal/hcc/lib\libHCCD.a(safefat.o)
 .text._s_getnextsector
                0x20024ed8       0xdc C:/Users/ground/Documents/GitHub/tevel2/GlobusSatProject/..//hal/hcc/lib\libHCCD.a(safefat.o)
 .text._s_seek  0x20024fb4      0x1e8 C:/Users/ground/Documents/GitHub/tevel2/GlobusSatProject/..//hal/hcc/lib\libHCCD.a(safefat.o)
 .text._s_get_len
                0x2002519c      0x10c C:/Users/ground/Documents/GitHub/tevel2/GlobusSatProject/..//hal/hcc/lib\libHCCD.a(safefat.o)
 .text._s_set_len
                0x200252a8       0xb4 C:/Users/ground/Documents/GitHub/tevel2/GlobusSatProject/..//hal/hcc/lib\libHCCD.a(safefat.o)
 .text.safe_fix_filelengths
                0x2002535c       0xcc C:/Users/ground/Documents/GitHub/tevel2/GlobusSatProject/..//hal/hcc/lib\libHCCD.a(safefat.o)
                0x2002535c                safe_fix_filelengths
 .text._s_read  0x20025428      0x228 C:/Users/ground/Documents/GitHub/tevel2/GlobusSatProject/..//hal/hcc/lib\libHCCD.a(safefat.o)
 .text._s_write
                0x20025650      0x384 C:/Users/ground/Documents/GitHub/tevel2/GlobusSatProject/..//hal/hcc/lib\libHCCD.a(safefat.o)
 .text._s_restoreclusters
                0x200259d4      0x270 C:/Users/ground/Documents/GitHub/tevel2/GlobusSatProject/..//hal/hcc/lib\libHCCD.a(safefat.o)
                0x200259d4                _s_restoreclusters
 .text._s_findrestore
                0x20025c44      0x18c C:/Users/ground/Documents/GitHub/tevel2/GlobusSatProject/..//hal/hcc/lib\libHCCD.a(safefat.o)
 .text._s_cmd_writede
                0x20025dd0       0xd8 C:/Users/ground/Documents/GitHub/tevel2/GlobusSatProject/..//hal/hcc/lib\libHCCD.a(safefat.o)
 .text._s_cmd_setcluster
                0x20025ea8       0x88 C:/Users/ground/Documents/GitHub/tevel2/GlobusSatProject/..//hal/hcc/lib\libHCCD.a(safefat.o)
 .text._s_cmd_deletechain
                0x20025f30      0x100 C:/Users/ground/Documents/GitHub/tevel2/GlobusSatProject/..//hal/hcc/lib\libHCCD.a(safefat.o)
 .text._s_cmd_validatecfn
                0x20026030      0x308 C:/Users/ground/Documents/GitHub/tevel2/GlobusSatProject/..//hal/hcc/lib\libHCCD.a(safefat.o)
 .text._s_cmd_seteof
                0x20026338      0x3c4 C:/Users/ground/Documents/GitHub/tevel2/GlobusSatProject/..//hal/hcc/lib\libHCCD.a(safefat.o)
 .text.safe_docommands
                0x200266fc      0x56c C:/Users/ground/Documents/GitHub/tevel2/GlobusSatProject/..//hal/hcc/lib\libHCCD.a(safefat.o)
                0x200266fc                safe_docommands
 .text.safe_entercommand
                0x20026c68       0x68 C:/Users/ground/Documents/GitHub/tevel2/GlobusSatProject/..//hal/hcc/lib\libHCCD.a(safefat.o)
                0x20026c68                safe_entercommand
 .text.safe_ready
                0x20026cd0       0xf4 C:/Users/ground/Documents/GitHub/tevel2/GlobusSatProject/..//hal/hcc/lib\libHCCD.a(safefat.o)
                0x20026cd0                safe_ready
 .text.safe_copycfn
                0x20026dc4       0xb8 C:/Users/ground/Documents/GitHub/tevel2/GlobusSatProject/..//hal/hcc/lib\libHCCD.a(safefat.o)
                0x20026dc4                safe_copycfn
 .text.safe_cfremove
                0x20026e7c       0xb8 C:/Users/ground/Documents/GitHub/tevel2/GlobusSatProject/..//hal/hcc/lib\libHCCD.a(safefat.o)
                0x20026e7c                safe_cfremove
 .text.safe_writede
                0x20026f34      0x104 C:/Users/ground/Documents/GitHub/tevel2/GlobusSatProject/..//hal/hcc/lib\libHCCD.a(safefat.o)
                0x20026f34                safe_writede
 .text.safe_setcluster
                0x20027038       0xcc C:/Users/ground/Documents/GitHub/tevel2/GlobusSatProject/..//hal/hcc/lib\libHCCD.a(safefat.o)
                0x20027038                safe_setcluster
 .text.safe_deletechain
                0x20027104      0x1c8 C:/Users/ground/Documents/GitHub/tevel2/GlobusSatProject/..//hal/hcc/lib\libHCCD.a(safefat.o)
                0x20027104                safe_deletechain
 .text.safe_cfclose
                0x200272cc      0x104 C:/Users/ground/Documents/GitHub/tevel2/GlobusSatProject/..//hal/hcc/lib\libHCCD.a(safefat.o)
                0x200272cc                safe_cfclose
 .text.safe_cfflush
                0x200273d0      0x124 C:/Users/ground/Documents/GitHub/tevel2/GlobusSatProject/..//hal/hcc/lib\libHCCD.a(safefat.o)
                0x200273d0                safe_cfflush
 .text.safe_reset
                0x200274f4       0x78 C:/Users/ground/Documents/GitHub/tevel2/GlobusSatProject/..//hal/hcc/lib\libHCCD.a(safefat.o)
                0x200274f4                safe_reset
 .text.safe_loadcommands
                0x2002756c       0x78 C:/Users/ground/Documents/GitHub/tevel2/GlobusSatProject/..//hal/hcc/lib\libHCCD.a(safefat.o)
                0x2002756c                safe_loadcommands
 .text.safe_poweron
                0x200275e4      0x1fc C:/Users/ground/Documents/GitHub/tevel2/GlobusSatProject/..//hal/hcc/lib\libHCCD.a(safefat.o)
                0x200275e4                safe_poweron
 .text.cf_getname
                0x200277e0       0xc0 C:/Users/ground/Documents/GitHub/tevel2/GlobusSatProject/..//hal/hcc/lib\libHCCD.a(safefat.o)
 .text.cf_copyclusterchain
                0x200278a0      0x138 C:/Users/ground/Documents/GitHub/tevel2/GlobusSatProject/..//hal/hcc/lib\libHCCD.a(safefat.o)
 .text.cf_seektozero
                0x200279d8       0x94 C:/Users/ground/Documents/GitHub/tevel2/GlobusSatProject/..//hal/hcc/lib\libHCCD.a(safefat.o)
                0x200279d8                cf_seektozero
 .text.cf_create
                0x20027a6c      0x3a8 C:/Users/ground/Documents/GitHub/tevel2/GlobusSatProject/..//hal/hcc/lib\libHCCD.a(safefat.o)
                0x20027a6c                cf_create
 .text.cf_copyclustercontent
                0x20027e14      0x128 C:/Users/ground/Documents/GitHub/tevel2/GlobusSatProject/..//hal/hcc/lib\libHCCD.a(safefat.o)
                0x20027e14                cf_copyclustercontent
 .text.cf_copycfn
                0x20027f3c      0x4bc C:/Users/ground/Documents/GitHub/tevel2/GlobusSatProject/..//hal/hcc/lib\libHCCD.a(safefat.o)
                0x20027f3c                cf_copycfn
 .text.cf_remove
                0x200283f8      0x344 C:/Users/ground/Documents/GitHub/tevel2/GlobusSatProject/..//hal/hcc/lib\libHCCD.a(safefat.o)
                0x200283f8                cf_remove
 .text.cf_setclusternew
                0x2002873c       0xf0 C:/Users/ground/Documents/GitHub/tevel2/GlobusSatProject/..//hal/hcc/lib\libHCCD.a(safefat.o)
                0x2002873c                cf_setclusternew
 .text.cf_flush
                0x2002882c       0x58 C:/Users/ground/Documents/GitHub/tevel2/GlobusSatProject/..//hal/hcc/lib\libHCCD.a(safefat.o)
                0x2002882c                cf_flush
 .text.cf_getcluster
                0x20028884      0x1b4 C:/Users/ground/Documents/GitHub/tevel2/GlobusSatProject/..//hal/hcc/lib\libHCCD.a(safefat.o)
                0x20028884                cf_getcluster
 .text.cf_setnextcluster
                0x20028a38      0x194 C:/Users/ground/Documents/GitHub/tevel2/GlobusSatProject/..//hal/hcc/lib\libHCCD.a(safefat.o)
                0x20028a38                cf_setnextcluster
 .text.cf_getpositions
                0x20028bcc       0xbc C:/Users/ground/Documents/GitHub/tevel2/GlobusSatProject/..//hal/hcc/lib\libHCCD.a(safefat.o)
                0x20028bcc                cf_getpositions
 .text.cf_setpositions
                0x20028c88       0xb0 C:/Users/ground/Documents/GitHub/tevel2/GlobusSatProject/..//hal/hcc/lib\libHCCD.a(safefat.o)
                0x20028c88                cf_setpositions
 .text.cf_opensyncafile
                0x20028d38      0x150 C:/Users/ground/Documents/GitHub/tevel2/GlobusSatProject/..//hal/hcc/lib\libHCCD.a(safefat.o)
                0x20028d38                cf_opensyncafile
 .text.cf_reloadcfo
                0x20028e88       0xd8 C:/Users/ground/Documents/GitHub/tevel2/GlobusSatProject/..//hal/hcc/lib\libHCCD.a(safefat.o)
                0x20028e88                cf_reloadcfo
 .text.mcipdc_cmd
                0x20028f60      0x22c C:/Users/ground/Documents/GitHub/tevel2/GlobusSatProject/..//hal/hcc/lib\libHCCD.a(atmel_mcipdc.o)
 .text.mcipdc_stop
                0x2002918c       0xfc C:/Users/ground/Documents/GitHub/tevel2/GlobusSatProject/..//hal/hcc/lib\libHCCD.a(atmel_mcipdc.o)
                0x2002918c                mcipdc_stop
 .text.mcipdc_read
                0x20029288      0x27c C:/Users/ground/Documents/GitHub/tevel2/GlobusSatProject/..//hal/hcc/lib\libHCCD.a(atmel_mcipdc.o)
 .text.mcipdc_write
                0x20029504      0x298 C:/Users/ground/Documents/GitHub/tevel2/GlobusSatProject/..//hal/hcc/lib\libHCCD.a(atmel_mcipdc.o)
 .text.mcipdc_readsector
                0x2002979c       0x9c C:/Users/ground/Documents/GitHub/tevel2/GlobusSatProject/..//hal/hcc/lib\libHCCD.a(atmel_mcipdc.o)
                0x2002979c                mcipdc_readsector
 .text.mcipdc_readmultiplesector