Archive member included because of file (symbol)

c:/isis/application/toolchain/bin/../lib/gcc/arm-none-eabi/4.7.4/../../../../arm-none-eabi/lib\libc_s.a(lib_a-vfprintf_float.o)
                              (_printf_float)
c:/isis/application/toolchain/bin/../lib/gcc/arm-none-eabi/4.7.4/../../../../arm-none-eabi/lib\libc_s.a(lib_a-vfprintf_i.o)
                              c:/isis/application/toolchain/bin/../lib/gcc/arm-none-eabi/4.7.4/../../../../arm-none-eabi/lib\libc_s.a(lib_a-vfprintf_float.o) (_printf_common)
c:/isis/application/toolchain/bin/../lib/gcc/arm-none-eabi/4.7.4/../../../../arm-none-eabi/lib\libc_s.a(lib_a-vfscanf_float.o)
                              (_scanf_float)
c:/isis/application/toolchain/bin/../lib/gcc/arm-none-eabi/4.7.4/../../../../arm-none-eabi/lib\libc_s.a(lib_a-dtoa.o)
                              c:/isis/application/toolchain/bin/../lib/gcc/arm-none-eabi/4.7.4/../../../../arm-none-eabi/lib\libc_s.a(lib_a-vfprintf_float.o) (_dtoa_r)
c:/isis/application/toolchain/bin/../lib/gcc/arm-none-eabi/4.7.4/../../../../arm-none-eabi/lib\libc_s.a(lib_a-locale.o)
                              c:/isis/application/toolchain/bin/../lib/gcc/arm-none-eabi/4.7.4/../../../../arm-none-eabi/lib\libc_s.a(lib_a-vfprintf_float.o) (_localeconv_r)
c:/isis/application/toolchain/bin/../lib/gcc/arm-none-eabi/4.7.4/../../../../arm-none-eabi/lib\libc_s.a(lib_a-malloc.o)
                              c:/isis/application/toolchain/bin/../lib/gcc/arm-none-eabi/4.7.4/../../../../arm-none-eabi/lib\libc_s.a(lib_a-dtoa.o) (malloc)
c:/isis/application/toolchain/bin/../lib/gcc/arm-none-eabi/4.7.4/../../../../arm-none-eabi/lib\libc_s.a(lib_a-mallocr.o)
                              c:/isis/application/toolchain/bin/../lib/gcc/arm-none-eabi/4.7.4/../../../../arm-none-eabi/lib\libc_s.a(lib_a-malloc.o) (_malloc_r)
c:/isis/application/toolchain/bin/../lib/gcc/arm-none-eabi/4.7.4/../../../../arm-none-eabi/lib\libc_s.a(lib_a-memcpy.o)
                              c:/isis/application/toolchain/bin/../lib/gcc/arm-none-eabi/4.7.4/../../../../arm-none-eabi/lib\libc_s.a(lib_a-dtoa.o) (memcpy)
c:/isis/application/toolchain/bin/../lib/gcc/arm-none-eabi/4.7.4/../../../../arm-none-eabi/lib\libc_s.a(lib_a-mprec.o)
                              c:/isis/application/toolchain/bin/../lib/gcc/arm-none-eabi/4.7.4/../../../../arm-none-eabi/lib\libc_s.a(lib_a-dtoa.o) (_Balloc)
c:/isis/application/toolchain/bin/../lib/gcc/arm-none-eabi/4.7.4/../../../../arm-none-eabi/lib\libc_s.a(lib_a-s_fpclassify.o)
                              c:/isis/application/toolchain/bin/../lib/gcc/arm-none-eabi/4.7.4/../../../../arm-none-eabi/lib\libc_s.a(lib_a-vfprintf_float.o) (__fpclassifyd)
c:/isis/application/toolchain/bin/../lib/gcc/arm-none-eabi/4.7.4/../../../../arm-none-eabi/lib\libc_s.a(lib_a-sbrkr.o)
                              c:/isis/application/toolchain/bin/../lib/gcc/arm-none-eabi/4.7.4/../../../../arm-none-eabi/lib\libc_s.a(lib_a-mallocr.o) (_sbrk_r)
c:/isis/application/toolchain/bin/../lib/gcc/arm-none-eabi/4.7.4/../../../../arm-none-eabi/lib\libc_s.a(lib_a-sf_nan.o)
                              c:/isis/application/toolchain/bin/../lib/gcc/arm-none-eabi/4.7.4/../../../../arm-none-eabi/lib\libc_s.a(lib_a-vfscanf_float.o) (nanf)
c:/isis/application/toolchain/bin/../lib/gcc/arm-none-eabi/4.7.4/../../../../arm-none-eabi/lib\libc_s.a(lib_a-sprintf.o)
                              c:/isis/application/toolchain/bin/../lib/gcc/arm-none-eabi/4.7.4/../../../../arm-none-eabi/lib\libc_s.a(lib_a-vfscanf_float.o) (sprintf)
c:/isis/application/toolchain/bin/../lib/gcc/arm-none-eabi/4.7.4/../../../../arm-none-eabi/lib\libc_s.a(lib_a-strcmp.o)
                              c:/isis/application/toolchain/bin/../lib/gcc/arm-none-eabi/4.7.4/../../../../arm-none-eabi/lib\libc_s.a(lib_a-locale.o) (strcmp)
c:/isis/application/toolchain/bin/../lib/gcc/arm-none-eabi/4.7.4/../../../../arm-none-eabi/lib\libc_s.a(lib_a-strlen.o)
                              c:/isis/application/toolchain/bin/../lib/gcc/arm-none-eabi/4.7.4/../../../../arm-none-eabi/lib\libc_s.a(lib_a-vfprintf_float.o) (strlen)
c:/isis/application/toolchain/bin/../lib/gcc/arm-none-eabi/4.7.4/../../../../arm-none-eabi/lib\libc_s.a(lib_a-strtod.o)
                              c:/isis/application/toolchain/bin/../lib/gcc/arm-none-eabi/4.7.4/../../../../arm-none-eabi/lib\libc_s.a(lib_a-vfscanf_float.o) (_strtod_r)
c:/isis/application/toolchain/bin/../lib/gcc/arm-none-eabi/4.7.4/../../../../arm-none-eabi/lib\libc_s.a(lib_a-strtol.o)
                              c:/isis/application/toolchain/bin/../lib/gcc/arm-none-eabi/4.7.4/../../../../arm-none-eabi/lib\libc_s.a(lib_a-vfscanf_float.o) (_strtol_r)
c:/isis/application/toolchain/bin/../lib/gcc/arm-none-eabi/4.7.4/../../../../arm-none-eabi/lib\libc_s.a(lib_a-svfprintf.o)
                              c:/isis/application/toolchain/bin/../lib/gcc/arm-none-eabi/4.7.4/../../../../arm-none-eabi/lib\libc_s.a(lib_a-sprintf.o) (_svfprintf_r)
[...]
Memory Configuration

Name             Origin             Length             Attributes
sram0            0x00200000         0x00004000         w !xr
sram1            0x00300000         0x00004000         w !xr
sdram            0x20000000         0x02000000         w !xr
*default*        0x00000000         0xffffffff

Linker script and memory map

LOAD c:/isis/application/toolchain/bin/../lib/gcc/arm-none-eabi/4.7.4/../../../../arm-none-eabi/lib\libc_s.a
LOAD ./src/TestingDemos/CommandsTestingDemo.o
LOAD ./src/TestingDemos/EpsTestingDemo.o
LOAD ./src/TestingDemos/FileSystemTestingDemo.o
LOAD ./src/TestingDemos/MainTest.o
LOAD ./src/TestingDemos/MaintenanceTestingDemo.o
LOAD ./src/TestingDemos/TelemetryTestingDemo.o
LOAD ./src/TestingDemos/TrxvuTestingDemo.o
LOAD ./src/SubSystemModules/PowerManagment/EPS.o
LOAD ./src/SubSystemModules/PowerManagment/EPSOperationModes.o
LOAD ./src/SubSystemModules/Maintenance/Maintenance.o
LOAD ./src/SubSystemModules/Housekepping/Dump.o
LOAD ./src/SubSystemModules/Housekepping/TelemetryCollector.o
LOAD ./src/SubSystemModules/Communication/SubsystemCommands/EPS_Commands.o
LOAD ./src/SubSystemModules/Communication/SubsystemCommands/FS_Commands.o
LOAD ./src/SubSystemModules/Communication/SubsystemCommands/Maintanence_Commands.o
LOAD ./src/SubSystemModules/Communication/SubsystemCommands/TRXVU_Commands.o
LOAD ./src/SubSystemModules/Communication/AckHandler.o
LOAD ./src/SubSystemModules/Communication/ActUponCommand.o
LOAD ./src/SubSystemModules/Communication/Beacon.o
LOAD ./src/SubSystemModules/Communication/CommandDictionary.o
LOAD ./src/SubSystemModules/Communication/SatCommandHandler.o
LOAD ./src/SubSystemModules/Communication/SatDataTx.o
LOAD ./src/SubSystemModules/Communication/TRXVU.o
LOAD ./src/InitSystem.o
LOAD ./src/TLM_management.o
LOAD ./src/main.o
LOAD C:/Users/USER/Documents/GitHub/Base-Aug-2019/GlobusSatProject/..//hal/hal/lib\libHALD.a
LOAD C:/Users/USER/Documents/GitHub/Base-Aug-2019/GlobusSatProject/..//hal/hcc/lib\libHCCD.a
LOAD C:/Users/USER/Documents/GitHub/Base-Aug-2019/GlobusSatProject/..//satellite-subsystems/satellite-subsystems/lib\libSatelliteSubsystemsD.a
LOAD C:/Users/USER/Documents/GitHub/Base-Aug-2019/GlobusSatProject/..//hal/freertos/lib\libFreeRTOSD.a
LOAD C:/Users/USER/Documents/GitHub/Base-Aug-2019/GlobusSatProject/..//hal/at91/lib\libAt91D.a
START GROUP
LOAD c:/isis/application/toolchain/bin/../lib/gcc/arm-none-eabi/4.7.4\libgcc.a
LOAD c:/isis/application/toolchain/bin/../lib/gcc/arm-none-eabi/4.7.4/../../../../arm-none-eabi/lib\libc_s.a
END GROUP

.fixed          0x20000000    0x2f5bc
                0x20000000                . = ALIGN (0x4)
                0x20000000                _sfixed = .
 *(.startup)
 .startup       0x20000000      0x134 C:/Users/USER/Documents/GitHub/Base-Aug-2019/GlobusSatProject/..//hal/at91/lib\libAt91D.a(board_cstartup.o)
                0x20000000                entry
 *(.text)
 .text          0x20000134       0x64 C:/Users/USER/Documents/GitHub/Base-Aug-2019/GlobusSatProject/..//hal/at91/lib\libAt91D.a(cp15_asm.o)
                0x20000134                _readControlRegister
                0x20000140                _writeControlRegister
                0x20000148                _waitForInterrupt
                0x20000154                _writeTTB
                0x2000015c                _writeDomain
                0x20000164                _writeITLBLockdown
                0x2000016c                _prefetchICacheLine
                0x20000174                _flushDCache
                0x20000180                _flushWriteBuffer
                0x2000018c                _invalidateIDTLBs
 .text          0x20000198      0x114 c:/isis/application/toolchain/bin/../lib/gcc/arm-none-eabi/4.7.4\libgcc.a(_udivsi3.o)
                0x20000198                __aeabi_uidiv
                0x20000198                __udivsi3
                0x2000028c                __aeabi_uidivmod
 .text          0x200002ac      0x148 c:/isis/application/toolchain/bin/../lib/gcc/arm-none-eabi/4.7.4\libgcc.a(_divsi3.o)
                0x200002ac                __divsi3
                0x200002ac                __aeabi_idiv
                0x200003d4                __aeabi_idivmod
 .text          0x200003f4        0x4 c:/isis/application/toolchain/bin/../lib/gcc/arm-none-eabi/4.7.4\libgcc.a(_dvmd_tls.o)
                0x200003f4                __aeabi_idiv0
                0x200003f4                __aeabi_ldiv0
 .text          0x200003f8      0x41c c:/isis/application/toolchain/bin/../lib/gcc/arm-none-eabi/4.7.4\libgcc.a(_arm_addsubdf3.o)
                0x200003f8                __aeabi_drsub
                0x20000400                __aeabi_dsub
                0x20000400                __subdf3
                0x20000404                __aeabi_dadd
                0x20000404                __adddf3
                0x20000714                __floatunsidf
                0x20000714                __aeabi_ui2d
                0x20000738                __floatsidf
                0x20000738                __aeabi_i2d
                0x20000760                __aeabi_f2d
                0x20000760                __extendsfdf2
                0x200007a0                __floatundidf
                0x200007a0                __aeabi_ul2d
                0x200007b4                __floatdidf
                0x200007b4                __aeabi_l2d
 .text          0x20000814      0x49c c:/isis/application/toolchain/bin/../lib/gcc/arm-none-eabi/4.7.4\libgcc.a(_arm_muldivdf3.o)
                0x20000814                __aeabi_dmul
                0x20000814                __muldf3
                0x20000aa4                __divdf3
                0x20000aa4                __aeabi_ddiv
 .text          0x20000cb0      0x144 c:/isis/application/toolchain/bin/../lib/gcc/arm-none-eabi/4.7.4\libgcc.a(_arm_cmpdf2.o)
                0x20000cb0                __gtdf2
                0x20000cb0                __gedf2
                0x20000cb8                __ltdf2
                0x20000cb8                __ledf2
                0x20000cc0                __nedf2
                0x20000cc0                __eqdf2
                0x20000cc0                __cmpdf2
                0x20000d48                __aeabi_cdrcmple
                0x20000d64                __aeabi_cdcmpeq
                0x20000d64                __aeabi_cdcmple
                0x20000d7c                __aeabi_dcmpeq
                0x20000d94                __aeabi_dcmplt
                0x20000dac                __aeabi_dcmple
                0x20000dc4                __aeabi_dcmpge
                0x20000ddc                __aeabi_dcmpgt
 .text          0x20000df4       0x5c c:/isis/application/toolchain/bin/../lib/gcc/arm-none-eabi/4.7.4\libgcc.a(_arm_fixdfsi.o)
                0x20000df4                __aeabi_d2iz
                0x20000df4                __fixdfsi
 .text          0x20000e50       0x54 c:/isis/application/toolchain/bin/../lib/gcc/arm-none-eabi/4.7.4\libgcc.a(_arm_fixunsdfsi.o)
                0x20000e50                __aeabi_d2uiz
                0x20000e50                __fixunsdfsi
 .text          0x20000ea4       0xa0 c:/isis/application/toolchain/bin/../lib/gcc/arm-none-eabi/4.7.4\libgcc.a(_arm_truncdfsf2.o)
                0x20000ea4                __truncdfsf2
                0x20000ea4                __aeabi_d2f
 .text          0x20000f44      0x2ac c:/isis/application/toolchain/bin/../lib/gcc/arm-none-eabi/4.7.4\libgcc.a(_arm_addsubsf3.o)
                0x20000f44                __aeabi_frsub
                0x20000f4c                __subsf3
                0x20000f4c                __aeabi_fsub
                0x20000f50                __aeabi_fadd
                0x20000f50                __addsf3
                0x2000110c                __aeabi_ui2f
                0x2000110c                __floatunsisf
                0x20001114                __aeabi_i2f
                0x20001114                __floatsisf
                0x20001134                __aeabi_ul2f
                0x20001134                __floatundisf
                0x20001144                __aeabi_l2f
                0x20001144                __floatdisf
 .text          0x200011f0      0x2f8 c:/isis/application/toolchain/bin/../lib/gcc/arm-none-eabi/4.7.4\libgcc.a(_arm_muldivsf3.o)
                0x200011f0                __mulsf3
                0x200011f0                __aeabi_fmul
                0x20001388                __aeabi_fdiv
                0x20001388                __divsf3
 .text          0x200014e8      0x114 c:/isis/application/toolchain/bin/../lib/gcc/arm-none-eabi/4.7.4\libgcc.a(_arm_cmpsf2.o)
                0x200014e8                __gesf2
                0x200014e8                __gtsf2
                0x200014f0                __lesf2
                0x200014f0                __ltsf2
                0x200014f8                __nesf2
                0x200014f8                __eqsf2
                0x200014f8                __cmpsf2
                0x2000155c                __aeabi_cfrcmple
                0x2000156c                __aeabi_cfcmpeq
                0x2000156c                __aeabi_cfcmple
                0x20001584                __aeabi_fcmpeq
                0x2000159c                __aeabi_fcmplt
                0x200015b4                __aeabi_fcmple
                0x200015cc                __aeabi_fcmpge
                0x200015e4                __aeabi_fcmpgt
 .text          0x200015fc       0x54 c:/isis/application/toolchain/bin/../lib/gcc/arm-none-eabi/4.7.4\libgcc.a(_arm_fixunssfsi.o)
                0x200015fc                __fixunssfsi
                0x200015fc                __aeabi_f2uiz
 *(.text*)
 .text.__cvt    0x20001650      0x138 c:/isis/application/toolchain/bin/../lib/gcc/arm-none-eabi/4.7.4/../../../../arm-none-eabi/lib\libc_s.a(lib_a-vfprintf_float.o)
                0x20001650                __cvt
 .text.__exponent
                0x20001788       0xa8 c:/isis/application/toolchain/bin/../lib/gcc/arm-none-eabi/4.7.4/../../../../arm-none-eabi/lib\libc_s.a(lib_a-vfprintf_float.o)
                0x20001788                __exponent
 .text._printf_float
                0x20001830      0x7dc c:/isis/application/toolchain/bin/../lib/gcc/arm-none-eabi/4.7.4/../../../../arm-none-eabi/lib\libc_s.a(lib_a-vfprintf_float.o)
                0x20001830                _printf_float
 .text._printf_common
                0x2000200c      0x174 c:/isis/application/toolchain/bin/../lib/gcc/arm-none-eabi/4.7.4/../../../../arm-none-eabi/lib\libc_s.a(lib_a-vfprintf_i.o)
                0x2000200c                _printf_common
 .text._printf_i
                0x20002180      0x3c4 c:/isis/application/toolchain/bin/../lib/gcc/arm-none-eabi/4.7.4/../../../../arm-none-eabi/lib\libc_s.a(lib_a-vfprintf_i.o)
                0x20002180                _printf_i
 .text._scanf_float
                0x20002544      0x5f4 c:/isis/application/toolchain/bin/../lib/gcc/arm-none-eabi/4.7.4/../../../../arm-none-eabi/lib\libc_s.a(lib_a-vfscanf_float.o)
                0x20002544                _scanf_float
 .text.quorem   0x20002b38      0x1ac c:/isis/application/toolchain/bin/../lib/gcc/arm-none-eabi/4.7.4/../../../../arm-none-eabi/lib\libc_s.a(lib_a-dtoa.o)
 .text._dtoa_r  0x20002ce4     0x1268 c:/isis/application/toolchain/bin/../lib/gcc/arm-none-eabi/4.7.4/../../../../arm-none-eabi/lib\libc_s.a(lib_a-dtoa.o)
                0x20002ce4                _dtoa_r
 .text._localeconv_r
                0x20003f4c        0xc c:/isis/application/toolchain/bin/../lib/gcc/arm-none-eabi/4.7.4/../../../../arm-none-eabi/lib\libc_s.a(lib_a-locale.o)
                0x20003f4c                _localeconv_r
 .text.malloc   0x20003f58       0x20 c:/isis/application/toolchain/bin/../lib/gcc/arm-none-eabi/4.7.4/../../../../arm-none-eabi/lib\libc_s.a(lib_a-malloc.o)
                0x20003f58                malloc
 .text.free     0x20003f78       0x20 c:/isis/application/toolchain/bin/../lib/gcc/arm-none-eabi/4.7.4/../../../../arm-none-eabi/lib\libc_s.a(lib_a-malloc.o)
                0x20003f78                free
 .text._malloc_r
                0x20003f98       0xfc c:/isis/application/toolchain/bin/../lib/gcc/arm-none-eabi/4.7.4/../../../../arm-none-eabi/lib\libc_s.a(lib_a-mallocr.o)
                0x20003f98                _malloc_r
 .text.memcpy   0x20004094       0x20 c:/isis/application/toolchain/bin/../lib/gcc/arm-none-eabi/4.7.4/../../../../arm-none-eabi/lib\libc_s.a(lib_a-memcpy.o)
                0x20004094                memcpy
 .text._Balloc  0x200040b4       0xcc c:/isis/application/toolchain/bin/../lib/gcc/arm-none-eabi/4.7.4/../../../../arm-none-eabi/lib\libc_s.a(lib_a-mprec.o)
                0x200040b4                _Balloc
 .text._Bfree   0x20004180       0x5c c:/isis/application/toolchain/bin/../lib/gcc/arm-none-eabi/4.7.4/../../../../arm-none-eabi/lib\libc_s.a(lib_a-mprec.o)
                0x20004180                _Bfree
 .text.__multadd
                0x200041dc       0xbc c:/isis/application/toolchain/bin/../lib/gcc/arm-none-eabi/4.7.4/../../../../arm-none-eabi/lib\libc_s.a(lib_a-mprec.o)
                0x200041dc                __multadd
 .text.__s2b    0x20004298       0xd8 c:/isis/application/toolchain/bin/../lib/gcc/arm-none-eabi/4.7.4/../../../../arm-none-eabi/lib\libc_s.a(lib_a-mprec.o)
                0x20004298                __s2b
 .text.__hi0bits
                0x20004370       0x58 c:/isis/application/toolchain/bin/../lib/gcc/arm-none-eabi/4.7.4/../../../../arm-none-eabi/lib\libc_s.a(lib_a-mprec.o)
                0x20004370                __hi0bits
 .text.__lo0bits
                0x200043c8       0x94 c:/isis/application/toolchain/bin/../lib/gcc/arm-none-eabi/4.7.4/../../../../arm-none-eabi/lib\libc_s.a(lib_a-mprec.o)
                0x200043c8                __lo0bits
 .text.__i2b    0x2000445c       0x24 c:/isis/application/toolchain/bin/../lib/gcc/arm-none-eabi/4.7.4/../../../../arm-none-eabi/lib\libc_s.a(lib_a-mprec.o)
                0x2000445c                __i2b
 .text.__multiply
                0x20004480      0x1ac c:/isis/application/toolchain/bin/../lib/gcc/arm-none-eabi/4.7.4/../../../../arm-none-eabi/lib\libc_s.a(lib_a-mprec.o)
                0x20004480                __multiply
 .text.__pow5mult
                0x2000462c      0x10c c:/isis/application/toolchain/bin/../lib/gcc/arm-none-eabi/4.7.4/../../../../arm-none-eabi/lib\libc_s.a(lib_a-mprec.o)
                0x2000462c                __pow5mult
 .text.__lshift
                0x20004738       0xf0 c:/isis/application/toolchain/bin/../lib/gcc/arm-none-eabi/4.7.4/../../../../arm-none-eabi/lib\libc_s.a(lib_a-mprec.o)
                0x20004738                __lshift
 .text.__mcmp   0x20004828       0x60 c:/isis/application/toolchain/bin/../lib/gcc/arm-none-eabi/4.7.4/../../../../arm-none-eabi/lib\libc_s.a(lib_a-mprec.o)
                0x20004828                __mcmp
 .text.__mdiff  0x20004888      0x128 c:/isis/application/toolchain/bin/../lib/gcc/arm-none-eabi/4.7.4/../../../../arm-none-eabi/lib\libc_s.a(lib_a-mprec.o)
                0x20004888                __mdiff
 .text.__ulp    0x200049b0       0x5c c:/isis/application/toolchain/bin/../lib/gcc/arm-none-eabi/4.7.4/../../../../arm-none-eabi/lib\libc_s.a(lib_a-mprec.o)
                0x200049b0                __ulp
 .text.__b2d    0x20004a0c       0xc8 c:/isis/application/toolchain/bin/../lib/gcc/arm-none-eabi/4.7.4/../../../../arm-none-eabi/lib\libc_s.a(lib_a-mprec.o)
                0x20004a0c                __b2d
 .text.__d2b    0x20004ad4       0xfc c:/isis/application/toolchain/bin/../lib/gcc/arm-none-eabi/4.7.4/../../../../arm-none-eabi/lib\libc_s.a(lib_a-mprec.o)
                0x20004ad4                __d2b
 .text.__ratio  0x20004bd0       0x70 c:/isis/application/toolchain/bin/../lib/gcc/arm-none-eabi/4.7.4/../../../../arm-none-eabi/lib\libc_s.a(lib_a-mprec.o)
                0x20004bd0                __ratio
 .text.__copybits
                0x20004c40       0x4c c:/isis/application/toolchain/bin/../lib/gcc/arm-none-eabi/4.7.4/../../../../arm-none-eabi/lib\libc_s.a(lib_a-mprec.o)
                0x20004c40                __copybits
 .text.__any_on
                0x20004c8c       0x7c c:/isis/application/toolchain/bin/../lib/gcc/arm-none-eabi/4.7.4/../../../../arm-none-eabi/lib\libc_s.a(lib_a-mprec.o)
                0x20004c8c                __any_on
 .text.__fpclassifyd
                0x20004d08       0x6c c:/isis/application/toolchain/bin/../lib/gcc/arm-none-eabi/4.7.4/../../../../arm-none-eabi/lib\libc_s.a(lib_a-s_fpclassify.o)
                0x20004d08                __fpclassifyd
 .text._sbrk_r  0x20004d74       0x3c c:/isis/application/toolchain/bin/../lib/gcc/arm-none-eabi/4.7.4/../../../../arm-none-eabi/lib\libc_s.a(lib_a-sbrkr.o)
                0x20004d74                _sbrk_r
 .text.nanf     0x20004db0        0xc c:/isis/application/toolchain/bin/../lib/gcc/arm-none-eabi/4.7.4/../../../../arm-none-eabi/lib\libc_s.a(lib_a-sf_nan.o)
                0x20004db0                nanf
 .text.sprintf  0x20004dbc       0x6c c:/isis/application/toolchain/bin/../lib/gcc/arm-none-eabi/4.7.4/../../../../arm-none-eabi/lib\libc_s.a(lib_a-sprintf.o)
                0x20004dbc                siprintf
                0x20004dbc                sprintf
 .text.strcmp   0x20004e28       0x1c c:/isis/application/toolchain/bin/../lib/gcc/arm-none-eabi/4.7.4/../../../../arm-none-eabi/lib\libc_s.a(lib_a-strcmp.o)
                0x20004e28                strcmp
 .text.strlen   0x20004e44       0x1c c:/isis/application/toolchain/bin/../lib/gcc/arm-none-eabi/4.7.4/../../../../arm-none-eabi/lib\libc_s.a(lib_a-strlen.o)
                0x20004e44                strlen
 .text.match    0x20004e60       0x54 c:/isis/application/toolchain/bin/../lib/gcc/arm-none-eabi/4.7.4/../../../../arm-none-eabi/lib\libc_s.a(lib_a-strtod.o)
 .text._strtod_r
                0x20004eb4     0x1168 c:/isis/application/toolchain/bin/../lib/gcc/arm-none-eabi/4.7.4/../../../../arm-none-eabi/lib\libc_s.a(lib_a-strtod.o)
                0x20004eb4                _strtod_r
 .text._strtol_r
                0x2000601c      0x1b8 c:/isis/application/toolchain/bin/../lib/gcc/arm-none-eabi/4.7.4/../../../../arm-none-eabi/lib\libc_s.a(lib_a-strtol.o)
                0x2000601c                _strtol_r
 .text.__ssputc_r
                0x200061d4      0x10c c:/isis/application/toolchain/bin/../lib/gcc/arm-none-eabi/4.7.4/../../../../arm-none-eabi/lib\libc_s.a(lib_a-svfprintf.o)
                0x200061d4                __ssputc_r
 .text._svfprintf_r
                0x200062e0      0x328 c:/isis/application/toolchain/bin/../lib/gcc/arm-none-eabi/4.7.4/../../../../arm-none-eabi/lib\libc_s.a(lib_a-svfprintf.o)
                0x200062e0                _svfiprintf_r
                0x200062e0                _svfprintf_r
 .text._calloc_r
                0x20006608       0x2c c:/isis/application/toolchain/bin/../lib/gcc/arm-none-eabi/4.7.4/../../../../arm-none-eabi/lib\libc_s.a(lib_a-callocr.o)
                0x20006608                _calloc_r
 .text._free_r  0x20006634      0x108 c:/isis/application/toolchain/bin/../lib/gcc/arm-none-eabi/4.7.4/../../../../arm-none-eabi/lib\libc_s.a(lib_a-freer.o)
                0x20006634                _free_r
 .text.rshift   0x2000673c       0xb0 c:/isis/application/toolchain/bin/../lib/gcc/arm-none-eabi/4.7.4/../../../../arm-none-eabi/lib\libc_s.a(lib_a-gdtoa-gethex.o)
 .text.htinit.constprop.0
                0x200067ec       0x34 c:/isis/application/toolchain/bin/../lib/gcc/arm-none-eabi/4.7.4/../../../../arm-none-eabi/lib\libc_s.a(lib_a-gdtoa-gethex.o)
 .text.__hexdig_init
                0x20006820       0x38 c:/isis/application/toolchain/bin/../lib/gcc/arm-none-eabi/4.7.4/../../../../arm-none-eabi/lib\libc_s.a(lib_a-gdtoa-gethex.o)
                0x20006820                __hexdig_init
 .text.__gethex
                0x20006858      0x6cc c:/isis/application/toolchain/bin/../lib/gcc/arm-none-eabi/4.7.4/../../../../arm-none-eabi/lib\libc_s.a(lib_a-gdtoa-gethex.o)
                0x20006858                __gethex
 .text.L_shift  0x20006f24       0x38 c:/isis/application/toolchain/bin/../lib/gcc/arm-none-eabi/4.7.4/../../../../arm-none-eabi/lib\libc_s.a(lib_a-gdtoa-hexnan.o)
 .text.__hexnan
                0x20006f5c      0x1d8 c:/isis/application/toolchain/bin/../lib/gcc/arm-none-eabi/4.7.4/../../../../arm-none-eabi/lib\libc_s.a(lib_a-gdtoa-hexnan.o)
                0x20006f5c                __hexnan
 .text.memchr   0x20007134       0x34 c:/isis/application/toolchain/bin/../lib/gcc/arm-none-eabi/4.7.4/../../../../arm-none-eabi/lib\libc_s.a(lib_a-memchr.o)
                0x20007134                memchr
 .text.memset   0x20007168       0x1c c:/isis/application/toolchain/bin/../lib/gcc/arm-none-eabi/4.7.4/../../../../arm-none-eabi/lib\libc_s.a(lib_a-memset.o)
                0x20007168                memset
 .text._realloc_r
                0x20007184       0x80 c:/isis/application/toolchain/bin/../lib/gcc/arm-none-eabi/4.7.4/../../../../arm-none-eabi/lib\libc_s.a(lib_a-reallocr.o)
                0x20007184                _realloc_r
 .text.strncmp  0x20007204       0x64 c:/isis/application/toolchain/bin/../lib/gcc/arm-none-eabi/4.7.4/../../../../arm-none-eabi/lib\libc_s.a(lib_a-strncmp.o)
                0x20007204                strncmp
 .text._malloc_usable_size_r
                0x20007268       0x1c c:/isis/application/toolchain/bin/../lib/gcc/arm-none-eabi/4.7.4/../../../../arm-none-eabi/lib\libc_s.a(lib_a-msizer.o)
                0x20007268                _malloc_usable_size_r
 .text.taskTesting
                0x20007284       0x80 ./src/TestingDemos/MainTest.o
                0x20007284                taskTesting
 .text.EPS_Init
                0x20007304       0xc0 ./src/SubSystemModules/PowerManagment/EPS.o
                0x20007304                EPS_Init
 .text.EPS_Conditioning
                0x200073c4      0x1a8 ./src/SubSystemModules/PowerManagment/EPS.o
                0x200073c4                EPS_Conditioning
 .text.GetBatteryVoltage
                0x2000756c       0x50 ./src/SubSystemModules/PowerManagment/EPS.o
                0x2000756c                GetBatteryVoltage
 .text.UpdateAlpha
                0x200075bc       0x9c ./src/SubSystemModules/PowerManagment/EPS.o
                0x200075bc                UpdateAlpha
 .text.GetThresholdVoltages
                0x20007658       0x4c ./src/SubSystemModules/PowerManagment/EPS.o
                0x20007658                GetThresholdVoltages
 .text.GetAlpha
                0x200076a4       0x48 ./src/SubSystemModules/PowerManagment/EPS.o
                0x200076a4                GetAlpha
 .text.EnterFullMode
                0x200076ec       0x58 ./src/SubSystemModules/PowerManagment/EPSOperationModes.o
                0x200076ec                EnterFullMode
 .text.EnterCruiseMode
                0x20007744       0x58 ./src/SubSystemModules/PowerManagment/EPSOperationModes.o
                0x20007744                EnterCruiseMode
 .text.EnterSafeMode
                0x2000779c       0x58 ./src/SubSystemModules/PowerManagment/EPSOperationModes.o
                0x2000779c                EnterSafeMode
 .text.EnterCriticalMode
                0x200077f4       0x58 ./src/SubSystemModules/PowerManagment/EPSOperationModes.o
                0x200077f4                EnterCriticalMode
 .text.SetEPS_Channels
                0x2000784c       0x28 ./src/SubSystemModules/PowerManagment/EPSOperationModes.o
                0x2000784c                SetEPS_Channels
 .text.EpsGetLowVoltageFlag
                0x20007874       0x24 ./src/SubSystemModules/PowerManagment/EPSOperationModes.o
                0x20007874                EpsGetLowVoltageFlag
 .text.EpsSetLowVoltageFlag
                0x20007898       0x2c ./src/SubSystemModules/PowerManagment/EPSOperationModes.o
                0x20007898                EpsSetLowVoltageFlag
 .text.CheckExecutionTime
                0x200078c4       0x70 ./src/SubSystemModules/Maintenance/Maintenance.o
                0x200078c4                CheckExecutionTime
 .text.SaveSatTimeInFRAM
                0x20007934       0x44 ./src/SubSystemModules/Maintenance/Maintenance.o
                0x20007934                SaveSatTimeInFRAM
 .text.ResetGroundCommWDT
                0x20007978       0x1c ./src/SubSystemModules/Maintenance/Maintenance.o
                0x20007978                ResetGroundCommWDT
 .text.FinishDump
                0x20007994       0xe8 ./src/SubSystemModules/Housekepping/Dump.o
                0x20007994                FinishDump
 .text.AbortDump
                0x20007a7c       0x30 ./src/SubSystemModules/Housekepping/Dump.o
                0x20007a7c                AbortDump
 .text.SendDumpAbortRequest
                0x20007aac       0xc0 ./src/SubSystemModules/Housekepping/Dump.o
                0x20007aac                SendDumpAbortRequest
 .text.CheckDumpAbort
                0x20007b6c       0x58 ./src/SubSystemModules/Housekepping/Dump.o
                0x20007b6c                CheckDumpAbort
 .text.DumpTask
                0x20007bc4      0x488 ./src/SubSystemModules/Housekepping/Dump.o
                0x20007bc4                DumpTask
 .text.DumpTelemetry
                0x2000804c      0x198 ./src/SubSystemModules/Housekepping/Dump.o
                0x2000804c                DumpTelemetry
 .text.GetTelemetryFilenameByType
                0x200081e4      0x294 ./src/SubSystemModules/Housekepping/TelemetryCollector.o
                0x200081e4                GetTelemetryFilenameByType
 .text.TelemetryCollectorLogic
                0x20008478      0x140 ./src/SubSystemModules/Housekepping/TelemetryCollector.o
                0x20008478                TelemetryCollectorLogic
 .text.TelemetrySaveEPS
                0x200085b8       0xec ./src/SubSystemModules/Housekepping/TelemetryCollector.o
                0x200085b8                TelemetrySaveEPS
 .text.TelemetrySaveTRXVU
                0x200086a4       0xec ./src/SubSystemModules/Housekepping/TelemetryCollector.o
                0x200086a4                TelemetrySaveTRXVU
 .text.TelemetrySaveANT
                0x20008790       0x88 ./src/SubSystemModules/Housekepping/TelemetryCollector.o
                0x20008790                TelemetrySaveANT
 .text.TelemetrySaveSolarPanels
                0x20008818      0x1c8 ./src/SubSystemModules/Housekepping/TelemetryCollector.o
                0x20008818                TelemetrySaveSolarPanels
 .text.TelemetrySaveWOD
                0x200089e0       0x98 ./src/SubSystemModules/Housekepping/TelemetryCollector.o
                0x200089e0                TelemetrySaveWOD
 .text.GetCurrentWODTelemetry
                0x20008a78      0x3e8 ./src/SubSystemModules/Housekepping/TelemetryCollector.o
                0x20008a78                GetCurrentWODTelemetry
 .text.CMD_ResetComponent
                0x20008e60      0x244 ./src/SubSystemModules/Communication/SubsystemCommands/Maintanence_Commands.o
                0x20008e60                CMD_ResetComponent
 .text.CMD_StartDump
                0x200090a4       0x34 ./src/SubSystemModules/Communication/SubsystemCommands/TRXVU_Commands.o
                0x200090a4                CMD_StartDump
 .text.CMD_SendDumpAbortRequest
                0x200090d8       0x24 ./src/SubSystemModules/Communication/SubsystemCommands/TRXVU_Commands.o
                0x200090d8                CMD_SendDumpAbortRequest
 .text.CMD_ForceDumpAbort
                0x200090fc       0x24 ./src/SubSystemModules/Communication/SubsystemCommands/TRXVU_Commands.o
                0x200090fc                CMD_ForceDumpAbort
 .text.CMD_MuteTRXVU
                0x20009120       0x5c ./src/SubSystemModules/Communication/SubsystemCommands/TRXVU_Commands.o
                0x20009120                CMD_MuteTRXVU
 .text.CMD_UnMuteTRXVU
                0x2000917c       0x24 ./src/SubSystemModules/Communication/SubsystemCommands/TRXVU_Commands.o
                0x2000917c                CMD_UnMuteTRXVU
 .text.CMD_GetBaudRate
                0x200091a0       0x4c ./src/SubSystemModules/Communication/SubsystemCommands/TRXVU_Commands.o
                0x200091a0                CMD_GetBaudRate
 .text.CMD_SetBeaconCycleTime
                0x200091ec       0x88 ./src/SubSystemModules/Communication/SubsystemCommands/TRXVU_Commands.o
                0x200091ec                CMD_SetBeaconCycleTime
 .text.CMD_GetBeaconInterval
                0x20009274       0x60 ./src/SubSystemModules/Communication/SubsystemCommands/TRXVU_Commands.o
                0x20009274                CMD_GetBeaconInterval
 .text.CMD_SetBeaconInterval
                0x200092d4       0x88 ./src/SubSystemModules/Communication/SubsystemCommands/TRXVU_Commands.o
                0x200092d4                CMD_SetBeaconInterval
 .text.CMD_SetBaudRate
                0x2000935c       0x48 ./src/SubSystemModules/Communication/SubsystemCommands/TRXVU_Commands.o
                0x2000935c                CMD_SetBaudRate
 .text.CMD_GetTxUptime
                0x200093a4       0x58 ./src/SubSystemModules/Communication/SubsystemCommands/TRXVU_Commands.o
                0x200093a4                CMD_GetTxUptime
 .text.CMD_GetRxUptime
                0x200093fc       0x58 ./src/SubSystemModules/Communication/SubsystemCommands/TRXVU_Commands.o
                0x200093fc                CMD_GetRxUptime
 .text.CMD_GetNumOfDelayedCommands
                0x20009454       0x50 ./src/SubSystemModules/Communication/SubsystemCommands/TRXVU_Commands.o
                0x20009454                CMD_GetNumOfDelayedCommands
 .text.CMD_GetNumOfOnlineCommands
                0x200094a4       0x58 ./src/SubSystemModules/Communication/SubsystemCommands/TRXVU_Commands.o
                0x200094a4                CMD_GetNumOfOnlineCommands
 .text.CMD_DeleteDelyedCmdByID
                0x200094fc       0x60 ./src/SubSystemModules/Communication/SubsystemCommands/TRXVU_Commands.o
                0x200094fc                CMD_DeleteDelyedCmdByID
 .text.CMD_DeleteAllDelyedBuffer
                0x2000955c       0x34 ./src/SubSystemModules/Communication/SubsystemCommands/TRXVU_Commands.o
                0x2000955c                CMD_DeleteAllDelyedBuffer
 .text.CMD_AntSetArmStatus
                0x20009590       0x80 ./src/SubSystemModules/Communication/SubsystemCommands/TRXVU_Commands.o
                0x20009590                CMD_AntSetArmStatus
 .text.CMD_AntGetArmStatus
                0x20009610       0x64 ./src/SubSystemModules/Communication/SubsystemCommands/TRXVU_Commands.o
                0x20009610                CMD_AntGetArmStatus
 .text.CMD_AntGetUptime
                0x20009674       0x58 ./src/SubSystemModules/Communication/SubsystemCommands/TRXVU_Commands.o
                0x20009674                CMD_AntGetUptime
 .text.CMD_AntCancelDeployment
                0x200096cc       0x48 ./src/SubSystemModules/Communication/SubsystemCommands/TRXVU_Commands.o
                0x200096cc                CMD_AntCancelDeployment
 .text.SendAckPacket
                0x20009714       0xe4 ./src/SubSystemModules/Communication/AckHandler.o
                0x20009714                SendAckPacket
 .text.SendErrorMSG
                0x200097f8       0x74 ./src/SubSystemModules/Communication/AckHandler.o
                0x200097f8                SendErrorMSG
 .text.SendErrorMSG_IfError
                0x2000986c       0x4c ./src/SubSystemModules/Communication/AckHandler.o
                0x2000986c                SendErrorMSG_IfError
 .text.ActUponCommand
                0x200098b8       0xc4 ./src/SubSystemModules/Communication/ActUponCommand.o
                0x200098b8                ActUponCommand
 .text.InitBeaconParams
                0x2000997c       0x60 ./src/SubSystemModules/Communication/Beacon.o
                0x2000997c                InitBeaconParams
 .text.BeaconLogic
                0x200099dc      0x114 ./src/SubSystemModules/Communication/Beacon.o
                0x200099dc                BeaconLogic
 .text.trxvu_command_router
                0x20009af0      0x49c ./src/SubSystemModules/Communication/CommandDictionary.o
                0x20009af0                trxvu_command_router
 .text.eps_command_router
                0x20009f8c       0x80 ./src/SubSystemModules/Communication/CommandDictionary.o
                0x20009f8c                eps_command_router
 .text.telemetry_command_router
                0x2000a00c       0x54 ./src/SubSystemModules/Communication/CommandDictionary.o
                0x2000a00c                telemetry_command_router
 .text.managment_command_router
                0x2000a060       0xd0 ./src/SubSystemModules/Communication/CommandDictionary.o
                0x2000a060                managment_command_router
 .text.filesystem_command_router
                0x2000a130       0x54 ./src/SubSystemModules/Communication/CommandDictionary.o
                0x2000a130                filesystem_command_router
 .text.ClearDelayedCMD_FromBuffer
                0x2000a184       0xd8 ./src/SubSystemModules/Communication/SatCommandHandler.o
                0x2000a184                ClearDelayedCMD_FromBuffer
 .text.ParseDataToCommand
                0x2000a25c      0x18c ./src/SubSystemModules/Communication/SatCommandHandler.o
                0x2000a25c                ParseDataToCommand
 .text.AssembleCommand
                0x2000a3e8      0x194 ./src/SubSystemModules/Communication/SatCommandHandler.o
                0x2000a3e8                AssembleCommand
 .text.isDelayedCommandDue
                0x2000a57c       0xa4 ./src/SubSystemModules/Communication/SatCommandHandler.o
                0x2000a57c                isDelayedCommandDue
 .text.GetDelayedCommand
                0x2000a620      0x100 ./src/SubSystemModules/Communication/SatCommandHandler.o
                0x2000a620                GetDelayedCommand
 .text.AddDelayedCommand
                0x2000a720       0xf0 ./src/SubSystemModules/Communication/SatCommandHandler.o
                0x2000a720                AddDelayedCommand
 .text.GetDelayedCommandBufferCount
                0x2000a810       0x50 ./src/SubSystemModules/Communication/SatCommandHandler.o
                0x2000a810                GetDelayedCommandBufferCount
 .text.GetOnlineCommand
                0x2000a860      0x114 ./src/SubSystemModules/Communication/SatCommandHandler.o
                0x2000a860                GetOnlineCommand
 .text.DeleteDelayedCommandByIndex
                0x2000a974       0x80 ./src/SubSystemModules/Communication/SatCommandHandler.o
                0x2000a974                DeleteDelayedCommandByIndex
 .text.DeleteDelayedBuffer
                0x2000a9f4       0x48 ./src/SubSystemModules/Communication/SatCommandHandler.o
                0x2000a9f4                DeleteDelayedBuffer
 .text.InitTxModule
                0x2000aa3c       0x68 ./src/SubSystemModules/Communication/SatDataTx.o
                0x2000aa3c                InitTxModule
 .text.muteTRXVU
                0x2000aaa4       0x78 ./src/SubSystemModules/Communication/SatDataTx.o
                0x2000aaa4                muteTRXVU
 .text.UnMuteTRXVU
                0x2000ab1c       0x34 ./src/SubSystemModules/Communication/SatDataTx.o
                0x2000ab1c                UnMuteTRXVU
 .text.GetNumberOfFramesInBuffer
                0x2000ab50       0x4c ./src/SubSystemModules/Communication/SatDataTx.o
                0x2000ab50                GetNumberOfFramesInBuffer
 .text.CheckTransmitionAllowed
                0x2000ab9c       0xa4 ./src/SubSystemModules/Communication/SatDataTx.o
                0x2000ab9c                CheckTransmitionAllowed
 .text.GetTrxvuBitrate
                0x2000ac40       0x70 ./src/SubSystemModules/Communication/SatDataTx.o
                0x2000ac40                GetTrxvuBitrate
 .text.TransmitDataAsSPL_Packet
                0x2000acb0      0x11c ./src/SubSystemModules/Communication/SatDataTx.o
                0x2000acb0                TransmitDataAsSPL_Packet
 .text.TransmitSplPacket
                0x2000adcc       0xf8 ./src/SubSystemModules/Communication/SatDataTx.o
                0x2000adcc                TransmitSplPacket
 .text.InitTrxvu
                0x2000aec4       0xf0 ./src/SubSystemModules/Communication/TRXVU.o
                0x2000aec4                InitTrxvu
 .text.TRX_Logic
                0x2000afb4      0x144 ./src/SubSystemModules/Communication/TRXVU.o
                0x2000afb4                TRX_Logic
 .text.CMD_SetIdleOn
                0x2000b0f8       0x68 ./src/SubSystemModules/Communication/TRXVU.o
                0x2000b0f8                CMD_SetIdleOn
 .text.SetIdleOff
                0x2000b160       0x48 ./src/SubSystemModules/Communication/TRXVU.o
                0x2000b160                SetIdleOff
 .text.HandleIdleTime
                0x2000b1a8       0x60 ./src/SubSystemModules/Communication/TRXVU.o
                0x2000b1a8                HandleIdleTime
 .text.isFirstActivation
                0x2000b208       0x88 ./src/InitSystem.o
                0x2000b208                isFirstActivation
 .text.firstActivationProcedure
                0x2000b290       0x9c ./src/InitSystem.o
                0x2000b290                firstActivationProcedure
 .text.WriteDefaultValuesToFRAM
                0x2000b32c       0xfc ./src/InitSystem.o
                0x2000b32c                WriteDefaultValuesToFRAM
 .text.StartFRAM
                0x2000b428       0x60 ./src/InitSystem.o
                0x2000b428                StartFRAM
 .text.StartI2C
                0x2000b488       0x9c ./src/InitSystem.o
                0x2000b488                StartI2C
 .text.StartSPI
                0x2000b524       0x68 ./src/InitSystem.o
                0x2000b524                StartSPI
 .text.StartTIME
                0x2000b58c       0xa8 ./src/InitSystem.o
                0x2000b58c                StartTIME
 .text.DeploySystem
                0x2000b634       0xe8 ./src/InitSystem.o
                0x2000b634                DeploySystem
 .text.InitSubsystems
                0x2000b71c      0x104 ./src/InitSystem.o
                0x2000b71c                InitSubsystems
 .text.delete_allTMFilesFromSD
                0x2000b820       0xf8 ./src/TLM_management.o
                0x2000b820                delete_allTMFilesFromSD
 .text.getNumOfFilesInFS
                0x2000b918       0x44 ./src/TLM_management.o
 .text.InitializeFS
                0x2000b95c      0x174 ./src/TLM_management.o
                0x2000b95c                InitializeFS
 .text.writewithEpochtime
                0x2000bad0       0x8c ./src/TLM_management.o
 .text.get_C_FILE_struct
                0x2000bb5c       0xf4 ./src/TLM_management.o
 .text.getFileIndex
                0x2000bc50       0x40 ./src/TLM_management.o
 .text.get_file_name_by_index
                0x2000bc90       0x44 ./src/TLM_management.o
                0x2000bc90                get_file_name_by_index
 .text.c_fileWrite
                0x2000bcd4       0xfc ./src/TLM_management.o
                0x2000bcd4                c_fileWrite
 .text.c_fileRead
                0x2000bdd0      0x2a0 ./src/TLM_management.o
                0x2000bdd0                c_fileRead
 .text.c_fileGetNumOfElements
                0x2000c070      0x258 ./src/TLM_management.o
                0x2000c070                c_fileGetNumOfElements
 .text.DeInitializeFS
                0x2000c2c8       0xd0 ./src/TLM_management.o
                0x2000c2c8                DeInitializeFS
 .text.main     0x2000c398       0xac ./src/main.o
                0x2000c398                main
 .text.validateTransferParameters
                0x2000c444      0x10c C:/Users/USER/Documents/GitHub/Base-Aug-2019/GlobusSatProject/..//hal/hal/lib\libHALD.a(I2C.o)
 .text.I2C_queueTransfer
                0x2000c550       0xe8 C:/Users/USER/Documents/GitHub/Base-Aug-2019/GlobusSatProject/..//hal/hal/lib\libHALD.a(I2C.o)
                0x2000c550                I2C_queueTransfer
 .text.I2C_internalCallback
                0x2000c638       0x64 C:/Users/USER/Documents/GitHub/Base-Aug-2019/GlobusSatProject/..//hal/hal/lib\libHALD.a(I2C.o)
 .text.I2C_doBlockingTransfer
                0x2000c69c      0x160 C:/Users/USER/Documents/GitHub/Base-Aug-2019/GlobusSatProject/..//hal/hal/lib\libHALD.a(I2C.o)
 .text.I2C_writeRead
                0x2000c7fc      0x180 C:/Users/USER/Documents/GitHub/Base-Aug-2019/GlobusSatProject/..//hal/hal/lib\libHALD.a(I2C.o)
                0x2000c7fc                I2C_writeRead
 .text.I2C_start
                0x2000c97c      0x2e8 C:/Users/USER/Documents/GitHub/Base-Aug-2019/GlobusSatProject/..//hal/hal/lib\libHALD.a(I2C.o)
                0x2000c97c                I2C_start
 .text.I2C_stop
                0x2000cc64      0x184 C:/Users/USER/Documents/GitHub/Base-Aug-2019/GlobusSatProject/..//hal/hal/lib\libHALD.a(I2C.o)
                0x2000cc64                I2C_stop
 .text.I2C_setTransferTimeout
                0x2000cde8       0x48 C:/Users/USER/Documents/GitHub/Base-Aug-2019/GlobusSatProject/..//hal/hal/lib\libHALD.a(I2C.o)
                0x2000cde8                I2C_setTransferTimeout
 .text.clearPDCtransfers
                0x2000ce30       0xdc C:/Users/USER/Documents/GitHub/Base-Aug-2019/GlobusSatProject/..//hal/hal/lib\libHALD.a(SPI.o)
 .text.SPI_start
                0x2000cf0c      0x4c0 C:/Users/USER/Documents/GitHub/Base-Aug-2019/GlobusSatProject/..//hal/hal/lib\libHALD.a(SPI.o)
                0x2000cf0c                SPI_start
 .text.SPI_stop
                0x2000d3cc      0x22c C:/Users/USER/Documents/GitHub/Base-Aug-2019/GlobusSatProject/..//hal/hal/lib\libHALD.a(SPI.o)
                0x2000d3cc                SPI_stop
 .text.SPI_queueTransfer
                0x2000d5f8      0x190 C:/Users/USER/Documents/GitHub/Base-Aug-2019/GlobusSatProject/..//hal/hal/lib\libHALD.a(SPI.o)
                0x2000d5f8                SPI_queueTransfer
 .text.SPI_internalCallback
                0x2000d788       0x64 C:/Users/USER/Documents/GitHub/Base-Aug-2019/GlobusSatProject/..//hal/hal/lib\libHALD.a(SPI.o)
 .text.SPI_writeRead
                0x2000d7ec      0x188 C:/Users/USER/Documents/GitHub/Base-Aug-2019/GlobusSatProject/..//hal/hal/lib\libHALD.a(SPI.o)
                0x2000d7ec                SPI_writeRead
 .text.waitForTransfer
                0x2000d974       0x68 C:/Users/USER/Documents/GitHub/Base-Aug-2019/GlobusSatProject/..//hal/hal/lib\libHALD.a(SPI.o)
 .text.SPI_getDriverState
                0x2000d9dc       0x58 C:/Users/USER/Documents/GitHub/Base-Aug-2019/GlobusSatProject/..//hal/hal/lib\libHALD.a(SPI.o)
                0x2000d9dc                SPI_getDriverState
 .text.FRAM_start
                0x2000da34       0xf4 C:/Users/USER/Documents/GitHub/Base-Aug-2019/GlobusSatProject/..//hal/hal/lib\libHALD.a(FRAM.o)
                0x2000da34                FRAM_start
 .text.FRAM_dummyCallback
                0x2000db28       0x24 C:/Users/USER/Documents/GitHub/Base-Aug-2019/GlobusSatProject/..//hal/hal/lib\libHALD.a(FRAM.o)
                0x2000db28                FRAM_dummyCallback
 .text.FRAM_unlockingCallback
                0x2000db4c       0x78 C:/Users/USER/Documents/GitHub/Base-Aug-2019/GlobusSatProject/..//hal/hal/lib\libHALD.a(FRAM.o)
                0x2000db4c                FRAM_unlockingCallback
 .text.doBlockingTransfer
                0x2000dbc4       0x88 C:/Users/USER/Documents/GitHub/Base-Aug-2019/GlobusSatProject/..//hal/hal/lib\libHALD.a(FRAM.o)
 .text.FRAM_writePacket
                0x2000dc4c      0x148 C:/Users/USER/Documents/GitHub/Base-Aug-2019/GlobusSatProject/..//hal/hal/lib\libHALD.a(FRAM.o)
 .text.FRAM_write
                0x2000dd94      0x1c8 C:/Users/USER/Documents/GitHub/Base-Aug-2019/GlobusSatProject/..//hal/hal/lib\libHALD.a(FRAM.o)
                0x2000dd94                FRAM_write
 .text.FRAM_readPacket
                0x2000df5c      0x114 C:/Users/USER/Documents/GitHub/Base-Aug-2019/GlobusSatProject/..//hal/hal/lib\libHALD.a(FRAM.o)
 .text.FRAM_read
                0x2000e070      0x1d4 C:/Users/USER/Documents/GitHub/Base-Aug-2019/GlobusSatProject/..//hal/hal/lib\libHALD.a(FRAM.o)
                0x2000e070                FRAM_read
 .text.Time_start
                0x2000e244      0x150 C:/Users/USER/Documents/GitHub/Base-Aug-2019/GlobusSatProject/..//hal/hal/lib\libHALD.a(Time.o)
                0x2000e244                Time_start
 .text.taskTimeSync
                0x2000e394       0x38 C:/Users/USER/Documents/GitHub/Base-Aug-2019/GlobusSatProject/..//hal/hal/lib\libHALD.a(Time.o)
 .text.Time_set
                0x2000e3cc      0x278 C:/Users/USER/Documents/GitHub/Base-Aug-2019/GlobusSatProject/..//hal/hal/lib\libHALD.a(Time.o)
                0x2000e3cc                Time_set
 .text.Time_isLeapYear
                0x2000e644       0x98 C:/Users/USER/Documents/GitHub/Base-Aug-2019/GlobusSatProject/..//hal/hal/lib\libHALD.a(Time.o)
                0x2000e644                Time_isLeapYear
 .text.Time_get
                0x2000e6dc      0x410 C:/Users/USER/Documents/GitHub/Base-Aug-2019/GlobusSatProject/..//hal/hal/lib\libHALD.a(Time.o)
                0x2000e6dc                Time_get
 .text.Time_getUnixEpoch
                0x2000eaec       0xf4 C:/Users/USER/Documents/GitHub/Base-Aug-2019/GlobusSatProject/..//hal/hal/lib\libHALD.a(Time.o)
                0x2000eaec                Time_getUnixEpoch
 .text.secondsOfYearToTime
                0x2000ebe0      0x328 C:/Users/USER/Documents/GitHub/Base-Aug-2019/GlobusSatProject/..//hal/hal/lib\libHALD.a(Time.o)
 .text.Time_setUnixEpoch
                0x2000ef08      0x100 C:/Users/USER/Documents/GitHub/Base-Aug-2019/GlobusSatProject/..//hal/hal/lib\libHALD.a(Time.o)
                0x2000ef08                Time_setUnixEpoch
 .text.Time_sync
                0x2000f008      0x2b8 C:/Users/USER/Documents/GitHub/Base-Aug-2019/GlobusSatProject/..//hal/hal/lib\libHALD.a(Time.o)
                0x2000f008                Time_sync
 .text.Time_syncIfNeeded
                0x2000f2c0       0x70 C:/Users/USER/Documents/GitHub/Base-Aug-2019/GlobusSatProject/..//hal/hal/lib\libHALD.a(Time.o)
                0x2000f2c0                Time_syncIfNeeded
 .text.Time_setSyncInterval
                0x2000f330       0x38 C:/Users/USER/Documents/GitHub/Base-Aug-2019/GlobusSatProject/..//hal/hal/lib\libHALD.a(Time.o)
                0x2000f330                Time_setSyncInterval
 .text.WDT_start
                0x2000f368       0x48 C:/Users/USER/Documents/GitHub/Base-Aug-2019/GlobusSatProject/..//hal/hal/lib\libHALD.a(WatchDogTimerNoOS.o)
                0x2000f368                WDT_start
 .text.WDT_startWatchdogKickTask
                0x2000f3b0       0xb4 C:/Users/USER/Documents/GitHub/Base-Aug-2019/GlobusSatProject/..//hal/hal/lib\libHALD.a(WatchDogTimerOS.o)
                0x2000f3b0                WDT_startWatchdogKickTask
 .text.WDT_forceKickEveryNms
                0x2000f464       0x50 C:/Users/USER/Documents/GitHub/Base-Aug-2019/GlobusSatProject/..//hal/hal/lib\libHALD.a(WatchDogTimerOS.o)
                0x2000f464                WDT_forceKickEveryNms
 .text.LED_glow
                0x2000f4b4       0x58 C:/Users/USER/Documents/GitHub/Base-Aug-2019/GlobusSatProject/..//hal/hal/lib\libHALD.a(LED.o)
                0x2000f4b4                LED_glow
 .text.LED_dark
                0x2000f50c       0x58 C:/Users/USER/Documents/GitHub/Base-Aug-2019/GlobusSatProject/..//hal/hal/lib\libHALD.a(LED.o)
                0x2000f50c                LED_dark
 .text.LED_toggle
                0x2000f564       0x50 C:/Users/USER/Documents/GitHub/Base-Aug-2019/GlobusSatProject/..//hal/hal/lib\libHALD.a(LED.o)
                0x2000f564                LED_toggle
 .text.RTC_start
                0x2000f5b4       0x3c C:/Users/USER/Documents/GitHub/Base-Aug-2019/GlobusSatProject/..//hal/hal/lib\libHALD.a(RTC.o)
                0x2000f5b4                RTC_start
 .text.RTC_setTime
                0x2000f5f0      0x2a4 C:/Users/USER/Documents/GitHub/Base-Aug-2019/GlobusSatProject/..//hal/hal/lib\libHALD.a(RTC.o)
                0x2000f5f0                RTC_setTime
 .text.RTC_getTime
                0x2000f894      0x224 C:/Users/USER/Documents/GitHub/Base-Aug-2019/GlobusSatProject/..//hal/hal/lib\libHALD.a(RTC.o)
                0x2000f894                RTC_getTime
 .text.RTC_checkTimeValid
                0x2000fab8       0xdc C:/Users/USER/Documents/GitHub/Base-Aug-2019/GlobusSatProject/..//hal/hal/lib\libHALD.a(RTC.o)
                0x2000fab8                RTC_checkTimeValid
 .text.RTT_start
                0x2000fb94       0x24 C:/Users/USER/Documents/GitHub/Base-Aug-2019/GlobusSatProject/..//hal/hal/lib\libHALD.a(RTT.o)
                0x2000fb94                RTT_start
 .text.fn_init  0x2000fbb8      0x2e0 C:/Users/USER/Documents/GitHub/Base-Aug-2019/GlobusSatProject/..//hal/hcc/lib\libHCCD.a(fat_common.o)
                0x2000fbb8                fn_init
 .text.fsn_delete
                0x2000fe98       0xc8 C:/Users/USER/Documents/GitHub/Base-Aug-2019/GlobusSatProject/..//hal/hcc/lib\libHCCD.a(fat_common.o)
                0x2000fe98                fsn_delete
 .text._f_get16bitl
                0x2000ff60       0x4c C:/Users/USER/Documents/GitHub/Base-Aug-2019/GlobusSatProject/..//hal/hcc/lib\libHCCD.a(fat_common.o)
                0x2000ff60                _f_get16bitl
 .text._f_set16bitl
                0x2000ffac       0x54 C:/Users/USER/Documents/GitHub/Base-Aug-2019/GlobusSatProject/..//hal/hcc/lib\libHCCD.a(fat_common.o)
                0x2000ffac                _f_set16bitl
 .text._f_get32bitl
                0x20010000       0x68 C:/Users/USER/Documents/GitHub/Base-Aug-2019/GlobusSatProject/..//hal/hcc/lib\libHCCD.a(fat_common.o)
                0x20010000                _f_get32bitl
 .text._f_set32bitl
                0x20010068       0x78 C:/Users/USER/Documents/GitHub/Base-Aug-2019/GlobusSatProject/..//hal/hcc/lib\libHCCD.a(fat_common.o)
                0x20010068                _f_set32bitl
 .text._get8bit
                0x200100e0       0xa0 C:/Users/USER/Documents/GitHub/Base-Aug-2019/GlobusSatProject/..//hal/hcc/lib\libHCCD.a(fat_common.o)
 .text._get16bitl
                0x20010180       0x40 C:/Users/USER/Documents/GitHub/Base-Aug-2019/GlobusSatProject/..//hal/hcc/lib\libHCCD.a(fat_common.o)
 .text._get32bitl
                0x200101c0       0x3c C:/Users/USER/Documents/GitHub/Base-Aug-2019/GlobusSatProject/..//hal/hcc/lib\libHCCD.a(fat_common.o)
 .text._f_setcardremoved
                0x200101fc       0x94 C:/Users/USER/Documents/GitHub/Base-Aug-2019/GlobusSatProject/..//hal/hcc/lib\libHCCD.a(fat_common.o)
 .text._f_checkstatus
                0x20010290      0x104 C:/Users/USER/Documents/GitHub/Base-Aug-2019/GlobusSatProject/..//hal/hcc/lib\libHCCD.a(fat_common.o)
                0x20010290                _f_checkstatus
 .text._f_drvgetphy
                0x20010394      0x114 C:/Users/USER/Documents/GitHub/Base-Aug-2019/GlobusSatProject/..//hal/hcc/lib\libHCCD.a(fat_common.o)
 .text._f_drvwritesector
                0x200104a8       0xdc C:/Users/USER/Documents/GitHub/Base-Aug-2019/GlobusSatProject/..//hal/hcc/lib\libHCCD.a(fat_common.o)
 .text._f_drvreadsector
                0x20010584       0xa8 C:/Users/USER/Documents/GitHub/Base-Aug-2019/GlobusSatProject/..//hal/hcc/lib\libHCCD.a(fat_common.o)
 .text._f_writesector
                0x2001062c      0x23c C:/Users/USER/Documents/GitHub/Base-Aug-2019/GlobusSatProject/..//hal/hcc/lib\libHCCD.a(fat_common.o)
                0x2001062c                _f_writesector
 .text._f_readsector
                0x20010868      0x1dc C:/Users/USER/Documents/GitHub/Base-Aug-2019/GlobusSatProject/..//hal/hcc/lib\libHCCD.a(fat_common.o)
                0x20010868                _f_readsector
 .text._f_getmaxcluster
                0x20010a44       0x94 C:/Users/USER/Documents/GitHub/Base-Aug-2019/GlobusSatProject/..//hal/hcc/lib\libHCCD.a(fat_common.o)
                0x20010a44                _f_getmaxcluster
 .text._getsectorfromcluster
                0x20010ad8       0x68 C:/Users/USER/Documents/GitHub/Base-Aug-2019/GlobusSatProject/..//hal/hcc/lib\libHCCD.a(fat_common.o)
 .text._f_buildsectors
                0x20010b40      0x268 C:/Users/USER/Documents/GitHub/Base-Aug-2019/GlobusSatProject/..//hal/hcc/lib\libHCCD.a(fat_common.o)
 .text._f_getbootrecord
                0x20010da8      0x5e4 C:/Users/USER/Documents/GitHub/Base-Aug-2019/GlobusSatProject/..//hal/hcc/lib\libHCCD.a(fat_common.o)
 .text._f_readbootrecord
                0x2001138c      0x4f8 C:/Users/USER/Documents/GitHub/Base-Aug-2019/GlobusSatProject/..//hal/hcc/lib\libHCCD.a(fat_common.o)
 .text._f_flushcffiles
                0x20011884      0x17c C:/Users/USER/Documents/GitHub/Base-Aug-2019/GlobusSatProject/..//hal/hcc/lib\libHCCD.a(fat_common.o)
                0x20011884                _f_flushcffiles
 .text._f_fatcache_flush
                0x20011a00      0x270 C:/Users/USER/Documents/GitHub/Base-Aug-2019/GlobusSatProject/..//hal/hcc/lib\libHCCD.a(fat_common.o)
                0x20011a00                _f_fatcache_flush
 .text._f_writefatsector
                0x20011c70      0x100 C:/Users/USER/Documents/GitHub/Base-Aug-2019/GlobusSatProject/..//hal/hcc/lib\libHCCD.a(fat_common.o)
                0x20011c70                _f_writefatsector
 .text._f_getfatsector
                0x20011d70      0x3bc C:/Users/USER/Documents/GitHub/Base-Aug-2019/GlobusSatProject/..//hal/hcc/lib\libHCCD.a(fat_common.o)
 .text._f_setclustervalue
                0x2001212c      0x490 C:/Users/USER/Documents/GitHub/Base-Aug-2019/GlobusSatProject/..//hal/hcc/lib\libHCCD.a(fat_common.o)
                0x2001212c                _f_setclustervalue
 .text._f_getclustervalue
                0x200125bc      0x388 C:/Users/USER/Documents/GitHub/Base-Aug-2019/GlobusSatProject/..//hal/hcc/lib\libHCCD.a(fat_common.o)
                0x200125bc                _f_getclustervalue
 .text._f_close_drive_files
                0x20012944       0xac C:/Users/USER/Documents/GitHub/Base-Aug-2019/GlobusSatProject/..//hal/hcc/lib\libHCCD.a(fat_common.o)
 .text._f_inc_mount_count
                0x200129f0       0xa4 C:/Users/USER/Documents/GitHub/Base-Aug-2019/GlobusSatProject/..//hal/hcc/lib\libHCCD.a(fat_common.o)
 .text._f_getvolume
                0x20012a94      0x2f8 C:/Users/USER/Documents/GitHub/Base-Aug-2019/GlobusSatProject/..//hal/hcc/lib\libHCCD.a(fat_common.o)
                0x20012a94                _f_getvolume
 .text.fn_createdriver
                0x20012d8c      0x118 C:/Users/USER/Documents/GitHub/Base-Aug-2019/GlobusSatProject/..//hal/hcc/lib\libHCCD.a(fat_common.o)
                0x20012d8c                fn_createdriver
 .text.fn_initvolume
                0x20012ea4      0x12c C:/Users/USER/Documents/GitHub/Base-Aug-2019/GlobusSatProject/..//hal/hcc/lib\libHCCD.a(fat_common.o)
                0x20012ea4                fn_initvolume
 .text.fn_releasedriver
                0x20012fd0       0xf4 C:/Users/USER/Documents/GitHub/Base-Aug-2019/GlobusSatProject/..//hal/hcc/lib\libHCCD.a(fat_common.o)
                0x20012fd0                fn_releasedriver
 .text.fn_initvolumepartition_sub
                0x200130c4       0xe0 C:/Users/USER/Documents/GitHub/Base-Aug-2019/GlobusSatProject/..//hal/hcc/lib\libHCCD.a(fat_common.o)
 .text.fn_initvolumepartition
                0x200131a4       0xac C:/Users/USER/Documents/GitHub/Base-Aug-2019/GlobusSatProject/..//hal/hcc/lib\libHCCD.a(fat_common.o)
                0x200131a4                fn_initvolumepartition
 .text.fn_delvolume
                0x20013250      0x194 C:/Users/USER/Documents/GitHub/Base-Aug-2019/GlobusSatProject/..//hal/hcc/lib\libHCCD.a(fat_common.o)
                0x20013250                fn_delvolume
 .text._f_clustertopos
                0x200133e4       0xf8 C:/Users/USER/Documents/GitHub/Base-Aug-2019/GlobusSatProject/..//hal/hcc/lib\libHCCD.a(fat_common.o)
                0x200133e4                _f_clustertopos
 .text._f_getcurrsector
                0x200134dc      0x6c8 C:/Users/USER/Documents/GitHub/Base-Aug-2019/GlobusSatProject/..//hal/hcc/lib\libHCCD.a(fat_common.o)
                0x200134dc                _f_getcurrsector
 .text._f_getdecluster
                0x20013ba4       0x90 C:/Users/USER/Documents/GitHub/Base-Aug-2019/GlobusSatProject/..//hal/hcc/lib\libHCCD.a(fat_common.o)
                0x20013ba4                _f_getdecluster
 .text._f_setdecluster
                0x20013c34       0x8c C:/Users/USER/Documents/GitHub/Base-Aug-2019/GlobusSatProject/..//hal/hcc/lib\libHCCD.a(fat_common.o)
                0x20013c34                _f_setdecluster
 .text.fn_getdrive
                0x20013cc0       0x30 C:/Users/USER/Documents/GitHub/Base-Aug-2019/GlobusSatProject/..//hal/hcc/lib\libHCCD.a(fat_common.o)
                0x20013cc0                fn_getdrive
 .text._f_getcurrenttimedate
                0x20013cf0      0x138 C:/Users/USER/Documents/GitHub/Base-Aug-2019/GlobusSatProject/..//hal/hcc/lib\libHCCD.a(fat_common.o)
                0x20013cf0                _f_getcurrenttimedate
 .text._f_initentry
                0x20013e28       0xa0 C:/Users/USER/Documents/GitHub/Base-Aug-2019/GlobusSatProject/..//hal/hcc/lib\libHCCD.a(fat_common.o)
                0x20013e28                _f_initentry
 .text._f_alloccluster
                0x20013ec8      0x344 C:/Users/USER/Documents/GitHub/Base-Aug-2019/GlobusSatProject/..//hal/hcc/lib\libHCCD.a(fat_common.o)
                0x20013ec8                _f_alloccluster
 .text._f_dobadblock
                0x2001420c      0x2cc C:/Users/USER/Documents/GitHub/Base-Aug-2019/GlobusSatProject/..//hal/hcc/lib\libHCCD.a(fat_common.o)
                0x2001420c                _f_dobadblock
 .text._f_checklocked
                0x200144d8       0xe4 C:/Users/USER/Documents/GitHub/Base-Aug-2019/GlobusSatProject/..//hal/hcc/lib\libHCCD.a(fat_common.o)
                0x200144d8                _f_checklocked
 .text._f_checkappendlocked
                0x200145bc      0x110 C:/Users/USER/Documents/GitHub/Base-Aug-2019/GlobusSatProject/..//hal/hcc/lib\libHCCD.a(fat_common.o)
                0x200145bc                _f_checkappendlocked
 .text._f_setsyncafile
                0x200146cc      0x114 C:/Users/USER/Documents/GitHub/Base-Aug-2019/GlobusSatProject/..//hal/hcc/lib\libHCCD.a(fat_common.o)
                0x200146cc                _f_setsyncafile
 .text._f_syncfiles
                0x200147e0      0x128 C:/Users/USER/Documents/GitHub/Base-Aug-2019/GlobusSatProject/..//hal/hcc/lib\libHCCD.a(fat_common.o)
                0x200147e0                _f_syncfiles
 .text._f_syncfilescontent
                0x20014908      0x15c C:/Users/USER/Documents/GitHub/Base-Aug-2019/GlobusSatProject/..//hal/hcc/lib\libHCCD.a(fat_common.o)
 .text.fn_getfreespace
                0x20014a64      0x4c0 C:/Users/USER/Documents/GitHub/Base-Aug-2019/GlobusSatProject/..//hal/hcc/lib\libHCCD.a(fat_common.o)
                0x20014a64                fn_getfreespace
 .text._f_emptywritecache
                0x20014f24      0x4a4 C:/Users/USER/Documents/GitHub/Base-Aug-2019/GlobusSatProject/..//hal/hcc/lib\libHCCD.a(fat_common.o)
 .text._f_allocnextcluster
                0x200153c8      0x54c C:/Users/USER/Documents/GitHub/Base-Aug-2019/GlobusSatProject/..//hal/hcc/lib\libHCCD.a(fat_common.o)
 .text._f_emptywritebuffer
                0x20015914      0x20c C:/Users/USER/Documents/GitHub/Base-Aug-2019/GlobusSatProject/..//hal/hcc/lib\libHCCD.a(fat_common.o)
 .text._f_writezeros
                0x20015b20       0xf0 C:/Users/USER/Documents/GitHub/Base-Aug-2019/GlobusSatProject/..//hal/hcc/lib\libHCCD.a(fat_common.o)
                0x20015b20                _f_writezeros
 .text._f_extend_file
                0x20015c10      0x570 C:/Users/USER/Documents/GitHub/Base-Aug-2019/GlobusSatProject/..//hal/hcc/lib\libHCCD.a(fat_common.o)
 .text._f_fseek
                0x20016180      0x9bc C:/Users/USER/Documents/GitHub/Base-Aug-2019/GlobusSatProject/..//hal/hcc/lib\libHCCD.a(fat_common.o)
                0x20016180                _f_fseek
 .text._f_removechain
                0x20016b3c      0x104 C:/Users/USER/Documents/GitHub/Base-Aug-2019/GlobusSatProject/..//hal/hcc/lib\libHCCD.a(fat_common.o)
                0x20016b3c                _f_removechain
 .text._f_updatefileentry
                0x20016c40      0x1cc C:/Users/USER/Documents/GitHub/Base-Aug-2019/GlobusSatProject/..//hal/hcc/lib\libHCCD.a(fat_common.o)
 .text._f_checkreadlocked
                0x20016e0c      0x1bc C:/Users/USER/Documents/GitHub/Base-Aug-2019/GlobusSatProject/..//hal/hcc/lib\libHCCD.a(fat_common.o)
                0x20016e0c                _f_checkreadlocked
 .text._f_check_handle
                0x20016fc8       0x98 C:/Users/USER/Documents/GitHub/Base-Aug-2019/GlobusSatProject/..//hal/hcc/lib\libHCCD.a(fat_common.o)
                0x20016fc8                _f_check_handle
 .text._f_removesyncafile
                0x20017060      0x1ec C:/Users/USER/Documents/GitHub/Base-Aug-2019/GlobusSatProject/..//hal/hcc/lib\libHCCD.a(fat_common.o)
 .text.fn_close
                0x2001724c      0x3f8 C:/Users/USER/Documents/GitHub/Base-Aug-2019/GlobusSatProject/..//hal/hcc/lib\libHCCD.a(fat_common.o)
                0x2001724c                fn_close
 .text.fn_flush
                0x20017644      0x374 C:/Users/USER/Documents/GitHub/Base-Aug-2019/GlobusSatProject/..//hal/hcc/lib\libHCCD.a(fat_common.o)
                0x20017644                fn_flush
 .text.fn_read  0x200179b8      0x690 C:/Users/USER/Documents/GitHub/Base-Aug-2019/GlobusSatProject/..//hal/hcc/lib\libHCCD.a(fat_common.o)
                0x200179b8                fn_read
 .text._f_abortwrite
                0x20018048      0x100 C:/Users/USER/Documents/GitHub/Base-Aug-2019/GlobusSatProject/..//hal/hcc/lib\libHCCD.a(fat_common.o)
 .text._f_checkwritecluster
                0x20018148       0xe4 C:/Users/USER/Documents/GitHub/Base-Aug-2019/GlobusSatProject/..//hal/hcc/lib\libHCCD.a(fat_common.o)
 .text.fn_write
                0x2001822c      0x8a8 C:/Users/USER/Documents/GitHub/Base-Aug-2019/GlobusSatProject/..//hal/hcc/lib\libHCCD.a(fat_common.o)
                0x2001822c                fn_write
 .text.fn_seek  0x20018ad4      0x270 C:/Users/USER/Documents/GitHub/Base-Aug-2019/GlobusSatProject/..//hal/hcc/lib\libHCCD.a(fat_common.o)
                0x20018ad4                fn_seek
 .text.f_enterFS
                0x20018d44      0x1c0 C:/Users/USER/Documents/GitHub/Base-Aug-2019/GlobusSatProject/..//hal/hcc/lib\libHCCD.a(fat_common.o)
                0x20018d44                f_enterFS
 .text.f_releaseFS
                0x20018f04       0xb0 C:/Users/USER/Documents/GitHub/Base-Aug-2019/GlobusSatProject/..//hal/hcc/lib\libHCCD.a(fat_common.o)
                0x20018f04                f_releaseFS
 .text.fnGetTask
                0x20018fb4       0xfc C:/Users/USER/Documents/GitHub/Base-Aug-2019/GlobusSatProject/..//hal/hcc/lib\libHCCD.a(fat_common.o)
                0x20018fb4                fnGetTask
 .text._f_mutex_get
                0x200190b0       0x98 C:/Users/USER/Documents/GitHub/Base-Aug-2019/GlobusSatProject/..//hal/hcc/lib\libHCCD.a(fat_common.o)
                0x200190b0                _f_mutex_get
 .text._f_mutex_put
                0x20019148       0x54 C:/Users/USER/Documents/GitHub/Base-Aug-2019/GlobusSatProject/..//hal/hcc/lib\libHCCD.a(fat_common.o)
                0x20019148                _f_mutex_put
 .text._fn_initseekdivisor
                0x2001919c      0x158 C:/Users/USER/Documents/GitHub/Base-Aug-2019/GlobusSatProject/..//hal/hcc/lib\libHCCD.a(fat_common.o)
                0x2001919c                _fn_initseekdivisor
 .text._fn_updateseekpos
                0x200192f4       0xc4 C:/Users/USER/Documents/GitHub/Base-Aug-2019/GlobusSatProject/..//hal/hcc/lib\libHCCD.a(fat_common.o)
 .text._f_findopensize
                0x200193b8       0x2c C:/Users/USER/Documents/GitHub/Base-Aug-2019/GlobusSatProject/..//hal/hcc/lib\libHCCD.a(fat_common.o)
                0x200193b8                _f_findopensize
 .text.fn_setlasterror
                0x200193e4       0x34 C:/Users/USER/Documents/GitHub/Base-Aug-2019/GlobusSatProject/..//hal/hcc/lib\libHCCD.a(fat_common.o)
                0x200193e4                fn_setlasterror
 .text.fn_setlasterror_noret
                0x20019418       0x2c C:/Users/USER/Documents/GitHub/Base-Aug-2019/GlobusSatProject/..//hal/hcc/lib\libHCCD.a(fat_common.o)
                0x20019418                fn_setlasterror_noret
 .text.fm_initvolume
                0x20019444       0x70 C:/Users/USER/Documents/GitHub/Base-Aug-2019/GlobusSatProject/..//hal/hcc/lib\libHCCD.a(fat_m.o)
                0x20019444                fm_initvolume
 .text.fm_delvolume
                0x200194b4       0x60 C:/Users/USER/Documents/GitHub/Base-Aug-2019/GlobusSatProject/..//hal/hcc/lib\libHCCD.a(fat_m.o)
                0x200194b4                fm_delvolume
 .text.fm_getdrive
                0x20019514       0x70 C:/Users/USER/Documents/GitHub/Base-Aug-2019/GlobusSatProject/..//hal/hcc/lib\libHCCD.a(fat_m.o)
                0x20019514                fm_getdrive
 .text.fm_getfreespace
                0x20019584       0x68 C:/Users/USER/Documents/GitHub/Base-Aug-2019/GlobusSatProject/..//hal/hcc/lib\libHCCD.a(fat_m.o)
                0x20019584                fm_getfreespace
 .text.fm_findfirst
                0x200195ec       0x68 C:/Users/USER/Documents/GitHub/Base-Aug-2019/GlobusSatProject/..//hal/hcc/lib\libHCCD.a(fat_m.o)
                0x200195ec                fm_findfirst
 .text.fm_findnext
                0x20019654       0x60 C:/Users/USER/Documents/GitHub/Base-Aug-2019/GlobusSatProject/..//hal/hcc/lib\libHCCD.a(fat_m.o)
                0x20019654                fm_findnext
 .text.fm_filelength
                0x200196b4       0x60 C:/Users/USER/Documents/GitHub/Base-Aug-2019/GlobusSatProject/..//hal/hcc/lib\libHCCD.a(fat_m.o)
                0x200196b4                fm_filelength
 .text.fm_close
                0x20019714       0x60 C:/Users/USER/Documents/GitHub/Base-Aug-2019/GlobusSatProject/..//hal/hcc/lib\libHCCD.a(fat_m.o)
                0x20019714                fm_close
 .text.fm_flush
                0x20019774       0x60 C:/Users/USER/Documents/GitHub/Base-Aug-2019/GlobusSatProject/..//hal/hcc/lib\libHCCD.a(fat_m.o)
                0x20019774                fm_flush
 .text.fm_open  0x200197d4       0x68 C:/Users/USER/Documents/GitHub/Base-Aug-2019/GlobusSatProject/..//hal/hcc/lib\libHCCD.a(fat_m.o)
                0x200197d4                fm_open
 .text.fm_read  0x2001983c       0x7c C:/Users/USER/Documents/GitHub/Base-Aug-2019/GlobusSatProject/..//hal/hcc/lib\libHCCD.a(fat_m.o)
                0x2001983c                fm_read
 .text.fm_write
                0x200198b8       0x7c C:/Users/USER/Documents/GitHub/Base-Aug-2019/GlobusSatProject/..//hal/hcc/lib\libHCCD.a(fat_m.o)
                0x200198b8                fm_write
 .text.fm_seek  0x20019934       0x70 C:/Users/USER/Documents/GitHub/Base-Aug-2019/GlobusSatProject/..//hal/hcc/lib\libHCCD.a(fat_m.o)
                0x20019934                fm_seek
 .text.fm_delete
                0x200199a4       0x64 C:/Users/USER/Documents/GitHub/Base-Aug-2019/GlobusSatProject/..//hal/hcc/lib\libHCCD.a(fat_m.o)
                0x200199a4                fm_delete
 .text._s_checkzeroclusteratend
                0x20019a08       0xf8 C:/Users/USER/Documents/GitHub/Base-Aug-2019/GlobusSatProject/..//hal/hcc/lib\libHCCD.a(safefat.o)
 .text._s_clearclustercontent
                0x20019b00      0x108 C:/Users/USER/Documents/GitHub/Base-Aug-2019/GlobusSatProject/..//hal/hcc/lib\libHCCD.a(safefat.o)
 .text._s_clearclustercontentdir
                0x20019c08      0x19c C:/Users/USER/Documents/GitHub/Base-Aug-2019/GlobusSatProject/..//hal/hcc/lib\libHCCD.a(safefat.o)
 .text._s_writedirsector
                0x20019da4       0xd0 C:/Users/USER/Documents/GitHub/Base-Aug-2019/GlobusSatProject/..//hal/hcc/lib\libHCCD.a(safefat.o)
 .text._s_getdirsector
                0x20019e74      0x100 C:/Users/USER/Documents/GitHub/Base-Aug-2019/GlobusSatProject/..//hal/hcc/lib\libHCCD.a(safefat.o)
 .text._s_addentry
                0x20019f74      0x394 C:/Users/USER/Documents/GitHub/Base-Aug-2019/GlobusSatProject/..//hal/hcc/lib\libHCCD.a(safefat.o)
 .text._s_findfile
                0x2001a308      0x33c C:/Users/USER/Documents/GitHub/Base-Aug-2019/GlobusSatProject/..//hal/hcc/lib\libHCCD.a(safefat.o)
 .text._s_findsubdir
                0x2001a644      0x248 C:/Users/USER/Documents/GitHub/Base-Aug-2019/GlobusSatProject/..//hal/hcc/lib\libHCCD.a(safefat.o)
 .text._s_createfile
                0x2001a88c      0x190 C:/Users/USER/Documents/GitHub/Base-Aug-2019/GlobusSatProject/..//hal/hcc/lib\libHCCD.a(safefat.o)
 .text._s_findsaffile
                0x2001aa1c      0x1b8 C:/Users/USER/Documents/GitHub/Base-Aug-2019/GlobusSatProject/..//hal/hcc/lib\libHCCD.a(safefat.o)
 .text._s_open  0x2001abd4       0xe4 C:/Users/USER/Documents/GitHub/Base-Aug-2019/GlobusSatProject/..//hal/hcc/lib\libHCCD.a(safefat.o)
 .text._s_open_saf
                0x2001acb8       0xe8 C:/Users/USER/Documents/GitHub/Base-Aug-2019/GlobusSatProject/..//hal/hcc/lib\libHCCD.a(safefat.o)
 .text._s_flush
                0x2001ada0       0x84 C:/Users/USER/Documents/GitHub/Base-Aug-2019/GlobusSatProject/..//hal/hcc/lib\libHCCD.a(safefat.o)
 .text._s_allocnextcluster
                0x2001ae24      0x13c C:/Users/USER/Documents/GitHub/Base-Aug-2019/GlobusSatProject/..//hal/hcc/lib\libHCCD.a(safefat.o)
 .text._s_getnextsector
                0x2001af60       0xdc C:/Users/USER/Documents/GitHub/Base-Aug-2019/GlobusSatProject/..//hal/hcc/lib\libHCCD.a(safefat.o)
 .text._s_seek  0x2001b03c      0x1e8 C:/Users/USER/Documents/GitHub/Base-Aug-2019/GlobusSatProject/..//hal/hcc/lib\libHCCD.a(safefat.o)
 .text._s_get_len
                0x2001b224      0x10c C:/Users/USER/Documents/GitHub/Base-Aug-2019/GlobusSatProject/..//hal/hcc/lib\libHCCD.a(safefat.o)
 .text._s_set_len
                0x2001b330       0xb4 C:/Users/USER/Documents/GitHub/Base-Aug-2019/GlobusSatProject/..//hal/hcc/lib\libHCCD.a(safefat.o)
 .text.safe_fix_filelengths
                0x2001b3e4       0xcc C:/Users/USER/Documents/GitHub/Base-Aug-2019/GlobusSatProject/..//hal/hcc/lib\libHCCD.a(safefat.o)
                0x2001b3e4                safe_fix_filelengths
 .text._s_read  0x2001b4b0      0x228 C:/Users/USER/Documents/GitHub/Base-Aug-2019/GlobusSatProject/..//hal/hcc/lib\libHCCD.a(safefat.o)
 .text._s_write
                0x2001b6d8      0x384 C:/Users/USER/Documents/GitHub/Base-Aug-2019/GlobusSatProject/..//hal/hcc/lib\libHCCD.a(safefat.o)
 .text._s_restoreclusters
                0x2001ba5c      0x270 C:/Users/USER/Documents/GitHub/Base-Aug-2019/GlobusSatProject/..//hal/hcc/lib\libHCCD.a(safefat.o)
                0x2001ba5c                _s_restoreclusters
 .text._s_findrestore
                0x2001bccc      0x18c C:/Users/USER/Documents/GitHub/Base-Aug-2019/GlobusSatProject/..//hal/hcc/lib\libHCCD.a(safefat.o)
 .text._s_cmd_writede
                0x2001be58       0xd8 C:/Users/USER/Documents/GitHub/Base-Aug-2019/GlobusSatProject/..//hal/hcc/lib\libHCCD.a(safefat.o)
 .text._s_cmd_setcluster
                0x2001bf30       0x88 C:/Users/USER/Documents/GitHub/Base-Aug-2019/GlobusSatProject/..//hal/hcc/lib\libHCCD.a(safefat.o)
 .text._s_cmd_deletechain
                0x2001bfb8      0x100 C:/Users/USER/Documents/GitHub/Base-Aug-2019/GlobusSatProject/..//hal/hcc/lib\libHCCD.a(safefat.o)
 .text._s_cmd_validatecfn
                0x2001c0b8      0x308 C:/Users/USER/Documents/GitHub/Base-Aug-2019/GlobusSatProject/..//hal/hcc/lib\libHCCD.a(safefat.o)
 .text._s_cmd_seteof
                0x2001c3c0      0x3c4 C:/Users/USER/Documents/GitHub/Base-Aug-2019/GlobusSatProject/..//hal/hcc/lib\libHCCD.a(safefat.o)
 .text.safe_docommands
                0x2001c784      0x56c C:/Users/USER/Documents/GitHub/Base-Aug-2019/GlobusSatProject/..//hal/hcc/lib\libHCCD.a(safefat.o)
                0x2001c784                safe_docommands
 .text.safe_entercommand
                0x2001ccf0       0x68 C:/Users/USER/Documents/GitHub/Base-Aug-2019/GlobusSatProject/..//hal/hcc/lib\libHCCD.a(safefat.o)
                0x2001ccf0                safe_entercommand
 .text.safe_ready
                0x2001cd58       0xf4 C:/Users/USER/Documents/GitHub/Base-Aug-2019/GlobusSatProject/..//hal/hcc/lib\libHCCD.a(safefat.o)
                0x2001cd58                safe_ready
 .text.safe_copycfn
                0x2001ce4c       0xb8 C:/Users/USER/Documents/GitHub/Base-Aug-2019/GlobusSatProject/..//hal/hcc/lib\libHCCD.a(safefat.o)
                0x2001ce4c                safe_copycfn
 .text.safe_cfremove
                0x2001cf04       0xb8 C:/Users/USER/Documents/GitHub/Base-Aug-2019/GlobusSatProject/..//hal/hcc/lib\libHCCD.a(safefat.o)
                0x2001cf04                safe_cfremove
 .text.safe_writede
                0x2001cfbc      0x104 C:/Users/USER/Documents/GitHub/Base-Aug-2019/GlobusSatProject/..//hal/hcc/lib\libHCCD.a(safefat.o)
                0x2001cfbc                safe_writede
 .text.safe_setcluster
                0x2001d0c0       0xcc C:/Users/USER/Documents/GitHub/Base-Aug-2019/GlobusSatProject/..//hal/hcc/lib\libHCCD.a(safefat.o)
                0x2001d0c0                safe_setcluster
 .text.safe_deletechain
                0x2001d18c      0x1c8 C:/Users/USER/Documents/GitHub/Base-Aug-2019/GlobusSatProject/..//hal/hcc/lib\libHCCD.a(safefat.o)
                0x2001d18c                safe_deletechain
 .text.safe_cfclose
                0x2001d354      0x104 C:/Users/USER/Documents/GitHub/Base-Aug-2019/GlobusSatProject/..//hal/hcc/lib\libHCCD.a(safefat.o)
                0x2001d354                safe_cfclose
 .text.safe_cfflush
                0x2001d458      0x124 C:/Users/USER/Documents/GitHub/Base-Aug-2019/GlobusSatProject/..//hal/hcc/lib\libHCCD.a(safefat.o)
                0x2001d458                safe_cfflush
 .text.safe_reset
                0x2001d57c       0x78 C:/Users/USER/Documents/GitHub/Base-Aug-2019/GlobusSatProject/..//hal/hcc/lib\libHCCD.a(safefat.o)
                0x2001d57c                safe_reset
 .text.safe_loadcommands
                0x2001d5f4       0x78 C:/Users/USER/Documents/GitHub/Base-Aug-2019/GlobusSatProject/..//hal/hcc/lib\libHCCD.a(safefat.o)
                0x2001d5f4                safe_loadcommands
 .text.safe_poweron
                0x2001d66c      0x1fc C:/Users/USER/Documents/GitHub/Base-Aug-2019/GlobusSatProject/..//hal/hcc/lib\libHCCD.a(safefat.o)
                0x2001d66c                safe_poweron
 .text.cf_getname
                0x2001d868       0xc0 C:/Users/USER/Documents/GitHub/Base-Aug-2019/GlobusSatProject/..//hal/hcc/lib\libHCCD.a(safefat.o)
 .text.cf_copyclusterchain
                0x2001d928      0x138 C:/Users/USER/Documents/GitHub/Base-Aug-2019/GlobusSatProject/..//hal/hcc/lib\libHCCD.a(safefat.o)
 .text.cf_seektozero
                0x2001da60       0x94 C:/Users/USER/Documents/GitHub/Base-Aug-2019/GlobusSatProject/..//hal/hcc/lib\libHCCD.a(safefat.o)
                0x2001da60                cf_seektozero
 .text.cf_create
                0x2001daf4      0x3a8 C:/Users/USER/Documents/GitHub/Base-Aug-2019/GlobusSatProject/..//hal/hcc/lib\libHCCD.a(safefat.o)
                0x2001daf4                cf_create
 .text.cf_copyclustercontent
                0x2001de9c      0x128 C:/Users/USER/Documents/GitHub/Base-Aug-2019/GlobusSatProject/..//hal/hcc/lib\libHCCD.a(safefat.o)
                0x2001de9c                cf_copyclustercontent
 .text.cf_copycfn
                0x2001dfc4      0x4bc C:/Users/USER/Documents/GitHub/Base-Aug-2019/GlobusSatProject/..//hal/hcc/lib\libHCCD.a(safefat.o)
                0x2001dfc4                cf_copycfn
 .text.cf_remove
                0x2001e480      0x344 C:/Users/USER/Documents/GitHub/Base-Aug-2019/GlobusSatProject/..//hal/hcc/lib\libHCCD.a(safefat.o)
                0x2001e480                cf_remove
 .text.cf_setclusternew
                0x2001e7c4       0xf0 C:/Users/USER/Documents/GitHub/Base-Aug-2019/GlobusSatProject/..//hal/hcc/lib\libHCCD.a(safefat.o)
                0x2001e7c4                cf_setclusternew
 .text.cf_flush
                0x2001e8b4       0x58 C:/Users/USER/Documents/GitHub/Base-Aug-2019/GlobusSatProject/..//hal/hcc/lib\libHCCD.a(safefat.o)
                0x2001e8b4                cf_flush
 .text.cf_getcluster
                0x2001e90c      0x1b4 C:/Users/USER/Documents/GitHub/Base-Aug-2019/GlobusSatProject/..//hal/hcc/lib\libHCCD.a(safefat.o)
                0x2001e90c                cf_getcluster
 .text.cf_setnextcluster
                0x2001eac0      0x194 C:/Users/USER/Documents/GitHub/Base-Aug-2019/GlobusSatProject/..//hal/hcc/lib\libHCCD.a(safefat.o)
                0x2001eac0                cf_setnextcluster
 .text.cf_getpositions
                0x2001ec54       0xbc C:/Users/USER/Documents/GitHub/Base-Aug-2019/GlobusSatProject/..//hal/hcc/lib\libHCCD.a(safefat.o)
                0x2001ec54                cf_getpositions
 .text.cf_setpositions
                0x2001ed10       0xb0 C:/Users/USER/Documents/GitHub/Base-Aug-2019/GlobusSatProject/..//hal/hcc/lib\libHCCD.a(safefat.o)
                0x2001ed10                cf_setpositions
 .text.cf_opensyncafile
                0x2001edc0      0x150 C:/Users/USER/Documents/GitHub/Base-Aug-2019/GlobusSatProject/..//hal/hcc/lib\libHCCD.a(safefat.o)
                0x2001edc0                cf_opensyncafile
 .text.cf_reloadcfo
                0x2001ef10       0xd8 C:/Users/USER/Documents/GitHub/Base-Aug-2019/GlobusSatProject/..//hal/hcc/lib\libHCCD.a(safefat.o)
                0x2001ef10                cf_reloadcfo
 .text.mcipdc_cmd
                0x2001efe8      0x22c C:/Users/USER/Documents/GitHub/Base-Aug-2019/GlobusSatProject/..//hal/hcc/lib\libHCCD.a(atmel_mcipdc.o)
 .text.mcipdc_stop
                0x2001f214       0xfc C:/Users/USER/Documents/GitHub/Base-Aug-2019/GlobusSatProject/..//hal/hcc/lib\libHCCD.a(atmel_mcipdc.o)
                0x2001f214                mcipdc_stop
 .text.mcipdc_read
                0x2001f310      0x27c C:/Users/USER/Documents/GitHub/Base-Aug-2019/GlobusSatProject/..//hal/hcc/lib\libHCCD.a(atmel_mcipdc.o)
 .text.mcipdc_write
                0x2001f58c      0x298 C:/Users/USER/Documents/GitHub/Base-Aug-2019/GlobusSatProject/..//hal/hcc/lib\libHCCD.a(atmel_mcipdc.o)
 .text.mcipdc_readsector
                0x2001f824       0x9c C:/Users/USER/Documents/GitHub/Base-Aug-2019/GlobusSatProject/..//hal/hcc/lib\libHCCD.a(atmel_mcipdc.o)
                0x2001f824                mcipdc_readsector
 .text.mcipdc_readmultiplesector
                0x2001f8c0      0x124 C:/Users/USER/Documents/GitHub/Base-Aug-2019/GlobusSatProject/..//hal/hcc/lib\libHCCD.a(atmel_mcipdc.o)
                0x2001f8c0                mcipdc_readmultiplesector
 .text.mcipdc_writesector
                0x2001f9e4       0x90 C:/Users/USER/Documents/GitHub/Base-Aug-2019/GlobusSatProject/..//hal/hcc/lib\libHCCD.a(atmel_mcipdc.o)
                0x2001f9e4                mcipdc_writesector
 .text.mcipdc_writemultiplesector
                0x2001fa74      0x120 C:/Users/USER/Documents/GitHub/Base-Aug-2019/GlobusSatProject/..//hal/hcc/lib\libHCCD.a(atmel_mcipdc.o)
                0x2001fa74                mcipdc_writemultiplesector
 .text.mcipdc_set_speed
                0x2001fb94       0xb0 C:/Users/USER/Documents/GitHub/Base-Aug-2019/GlobusSatProject/..//hal/hcc/lib\libHCCD.a(atmel_mcipdc.o)
 .text.mcipdc_get_speed
                0x2001fc44       0x48 C:/Users/USER/Documents/GitHub/Base-Aug-2019/GlobusSatProject/..//hal/hcc/lib\libHCCD.a(atmel_mcipdc.o)
 .text._get_csd_bits
                0x2001fc8c      0x14c C:/Users/USER/Documents/GitHub/Base-Aug-2019/GlobusSatProject/..//hal/hcc/lib\libHCCD.a(atmel_mcipdc.o)
 .text.mcipdc_initcard
                0x2001fdd8      0x8f4 C:/Users/USER/Documents/GitHub/Base-Aug-2019/GlobusSatProject/..//hal/hcc/lib\libHCCD.a(atmel_mcipdc.o)
 .text.mcipdc_getstatus
                0x200206cc       0xe8 C:/Users/USER/Documents/GitHub/Base-Aug-2019/GlobusSatProject/..//hal/hcc/lib\libHCCD.a(atmel_mcipdc.o)
 .text.mcipdc_getphy
                0x200207b4       0x90 C:/Users/USER/Documents/GitHub/Base-Aug-2019/GlobusSatProject/..//hal/hcc/lib\libHCCD.a(atmel_mcipdc.o)
 .text.mcipdc_release
                0x20020844       0x50 C:/Users/USER/Documents/GitHub/Base-Aug-2019/GlobusSatProject/..//hal/hcc/lib\libHCCD.a(atmel_mcipdc.o)
 .text.atmel_mcipdc_initfunc
                0x20020894      0x160 C:/Users/USER/Documents/GitHub/Base-Aug-2019/GlobusSatProject/..//hal/hcc/lib\libHCCD.a(atmel_mcipdc.o)
                0x20020894                atmel_mcipdc_initfunc
 .text.oal_mutex_create
                0x200209f4       0x54 C:/Users/USER/Documents/GitHub/Base-Aug-2019/GlobusSatProject/..//hal/hcc/lib\libHCCD.a(oalp_mutex.o)
                0x200209f4                oal_mutex_create
 .text.oal_mutex_delete
                0x20020a48       0x30 C:/Users/USER/Documents/GitHub/Base-Aug-2019/GlobusSatProject/..//hal/hcc/lib\libHCCD.a(oalp_mutex.o)
                0x20020a48                oal_mutex_delete
 .text.oal_mutex_get
                0x20020a78       0x58 C:/Users/USER/Documents/GitHub/Base-Aug-2019/GlobusSatProject/..//hal/hcc/lib\libHCCD.a(oalp_mutex.o)
                0x20020a78                oal_mutex_get
 .text.oal_mutex_put
                0x20020ad0       0x58 C:/Users/USER/Documents/GitHub/Base-Aug-2019/GlobusSatProject/..//hal/hcc/lib\libHCCD.a(oalp_mutex.o)
                0x20020ad0                oal_mutex_put
 .text.oal_task_get_id
                0x20020b28       0x18 C:/Users/USER/Documents/GitHub/Base-Aug-2019/GlobusSatProject/..//hal/hcc/lib\libHCCD.a(oalp_task.o)
                0x20020b28                oal_task_get_id
 .text.mcipdc_hw_init
                0x20020b40       0xe8 C:/Users/USER/Documents/GitHub/Base-Aug-2019/GlobusSatProject/..//hal/hcc/lib\libHCCD.a(atmel_mcipdc_hw.o)
                0x20020b40                mcipdc_hw_init
 .text.mcipdc_hw_delete
                0x20020c28       0x78 C:/Users/USER/Documents/GitHub/Base-Aug-2019/GlobusSatProject/..//hal/hcc/lib\libHCCD.a(atmel_mcipdc_hw.o)
                0x20020c28                mcipdc_hw_delete
 .text.mcipdc_hw_card_plugged
                0x20020ca0       0x1c C:/Users/USER/Documents/GitHub/Base-Aug-2019/GlobusSatProject/..//hal/hcc/lib\libHCCD.a(atmel_mcipdc_hw.o)
                0x20020ca0                mcipdc_hw_card_plugged
 .text.mcipdc_hw_card_writeprotect
                0x20020cbc       0x1c C:/Users/USER/Documents/GitHub/Base-Aug-2019/GlobusSatProject/..//hal/hcc/lib\libHCCD.a(atmel_mcipdc_hw.o)
                0x20020cbc                mcipdc_hw_card_writeprotect
 .text.psp_getcurrenttimedate
                0x20020cd8       0x8c C:/Users/USER/Documents/GitHub/Base-Aug-2019/GlobusSatProject/..//hal/hcc/lib\libHCCD.a(psp_rtc.o)
                0x20020cd8                psp_getcurrenttimedate
 .text._hcc_get_buf_dsc
                0x20020d64       0x8c C:/Users/USER/Documents/GitHub/Base-Aug-2019/GlobusSatProject/..//hal/hcc/lib\libHCCD.a(hcc_mem.o)
 .text._hcc_check_free_pages
                0x20020df0      0x18c C:/Users/USER/Documents/GitHub/Base-Aug-2019/GlobusSatProject/..//hal/hcc/lib\libHCCD.a(hcc_mem.o)
 .text._hcc_mark_pages
                0x20020f7c      0x158 C:/Users/USER/Documents/GitHub/Base-Aug-2019/GlobusSatProject/..//hal/hcc/lib\libHCCD.a(hcc_mem.o)
 .text._hcc_clear_lock_dsc
                0x200210d4       0x80 C:/Users/USER/Documents/GitHub/Base-Aug-2019/GlobusSatProject/..//hal/hcc/lib\libHCCD.a(hcc_mem.o)
 .text._hcc_lock_access
                0x20021154      0x128 C:/Users/USER/Documents/GitHub/Base-Aug-2019/GlobusSatProject/..//hal/hcc/lib\libHCCD.a(hcc_mem.o)
 .text._hcc_unlock_access
                0x2002127c       0x30 C:/Users/USER/Documents/GitHub/Base-Aug-2019/GlobusSatProject/..//hal/hcc/lib\libHCCD.a(hcc_mem.o)
 .text.hcc_mem_alloc
                0x200212ac      0x454 C:/Users/USER/Documents/GitHub/Base-Aug-2019/GlobusSatProject/..//hal/hcc/lib\libHCCD.a(hcc_mem.o)
                0x200212ac                hcc_mem_alloc
 .text.hcc_mem_free
                0x20021700      0x178 C:/Users/USER/Documents/GitHub/Base-Aug-2019/GlobusSatProject/..//hal/hcc/lib\libHCCD.a(hcc_mem.o)
                0x20021700                hcc_mem_free
 .text.hcc_mem_add
                0x20021878      0x3b0 C:/Users/USER/Documents/GitHub/Base-Aug-2019/GlobusSatProject/..//hal/hcc/lib\libHCCD.a(hcc_mem.o)
                0x20021878                hcc_mem_add
 .text.hcc_mem_init
                0x20021c28      0x164 C:/Users/USER/Documents/GitHub/Base-Aug-2019/GlobusSatProject/..//hal/hcc/lib\libHCCD.a(hcc_mem.o)
                0x20021c28                hcc_mem_init
 .text.hcc_mem_delete
                0x20021d8c       0x94 C:/Users/USER/Documents/GitHub/Base-Aug-2019/GlobusSatProject/..//hal/hcc/lib\libHCCD.a(hcc_mem.o)
                0x20021d8c                hcc_mem_delete
 .text._f_invalidatedir
                0x20021e20       0x28 C:/Users/USER/Documents/GitHub/Base-Aug-2019/GlobusSatProject/..//hal/hcc/lib\libHCCD.a(fat.o)
                0x20021e20                _f_invalidatedir
 .text._f_getdirsector
                0x20021e48       0x88 C:/Users/USER/Documents/GitHub/Base-Aug-2019/GlobusSatProject/..//hal/hcc/lib\libHCCD.a(fat.o)
                0x20021e48                _f_getdirsector
 .text._f_writedirsector
                0x20021ed0       0x74 C:/Users/USER/Documents/GitHub/Base-Aug-2019/GlobusSatProject/..//hal/hcc/lib\libHCCD.a(fat.o)
                0x20021ed0                _f_writedirsector
 .text._f_checknameinv
                0x20021f44      0x180 C:/Users/USER/Documents/GitHub/Base-Aug-2019/GlobusSatProject/..//hal/hcc/lib\libHCCD.a(fat.o)
 .text._f_checkname
                0x200220c4       0x7c C:/Users/USER/Documents/GitHub/Base-Aug-2019/GlobusSatProject/..//hal/hcc/lib\libHCCD.a(fat.o)
 .text._f_checknamewc
                0x20022140       0xf8 C:/Users/USER/Documents/GitHub/Base-Aug-2019/GlobusSatProject/..//hal/hcc/lib\libHCCD.a(fat.o)
 .text._f_setnameext
                0x20022238      0x300 C:/Users/USER/Documents/GitHub/Base-Aug-2019/GlobusSatProject/..//hal/hcc/lib\libHCCD.a(fat.o)
 .text._f_setfsname
                0x20022538      0x584 C:/Users/USER/Documents/GitHub/Base-Aug-2019/GlobusSatProject/..//hal/hcc/lib\libHCCD.a(fat.o)
 .text._f_findfile
                0x20022abc      0x30c C:/Users/USER/Documents/GitHub/Base-Aug-2019/GlobusSatProject/..//hal/hcc/lib\libHCCD.a(fat.o)
 .text._f_cmp_wname
                0x20022dc8      0x274 C:/Users/USER/Documents/GitHub/Base-Aug-2019/GlobusSatProject/..//hal/hcc/lib\libHCCD.a(fat.o)
 .text._f_to_string
                0x2002303c      0x130 C:/Users/USER/Documents/GitHub/Base-Aug-2019/GlobusSatProject/..//hal/hcc/lib\libHCCD.a(fat.o)
 .text._f_findfilewc
                0x2002316c      0x278 C:/Users/USER/Documents/GitHub/Base-Aug-2019/GlobusSatProject/..//hal/hcc/lib\libHCCD.a(fat.o)
 .text._f_getfilename
                0x200233e4      0x20c C:/Users/USER/Documents/GitHub/Base-Aug-2019/GlobusSatProject/..//hal/hcc/lib\libHCCD.a(fat.o)
 .text._f_findpath
                0x200235f0      0x35c C:/Users/USER/Documents/GitHub/Base-Aug-2019/GlobusSatProject/..//hal/hcc/lib\libHCCD.a(fat.o)
 .text.fn_getdcwd
                0x2002394c      0x1e0 C:/Users/USER/Documents/GitHub/Base-Aug-2019/GlobusSatProject/..//hal/hcc/lib\libHCCD.a(fat.o)
                0x2002394c                fn_getdcwd
 .text.fn_findfirst
                0x20023b2c      0x13c C:/Users/USER/Documents/GitHub/Base-Aug-2019/GlobusSatProject/..//hal/hcc/lib\libHCCD.a(fat.o)
                0x20023b2c                fn_findfirst
 .text.fn_findnext
                0x20023c68      0x360 C:/Users/USER/Documents/GitHub/Base-Aug-2019/GlobusSatProject/..//hal/hcc/lib\libHCCD.a(fat.o)
                0x20023c68                fn_findnext
 .text._f_lock_resfile
                0x20023fc8       0x6c C:/Users/USER/Documents/GitHub/Base-Aug-2019/GlobusSatProject/..//hal/hcc/lib\libHCCD.a(fat.o)
 .text._f_unlock_resfile
                0x20024034       0x40 C:/Users/USER/Documents/GitHub/Base-Aug-2019/GlobusSatProject/..//hal/hcc/lib\libHCCD.a(fat.o)
 .text._f_getintfile
                0x20024074      0x124 C:/Users/USER/Documents/GitHub/Base-Aug-2019/GlobusSatProject/..//hal/hcc/lib\libHCCD.a(fat.o)
 .text._f_addentry
                0x20024198      0x540 C:/Users/USER/Documents/GitHub/Base-Aug-2019/GlobusSatProject/..//hal/hcc/lib\libHCCD.a(fat.o)
 .text.fn_filelength
                0x200246d8      0x1cc C:/Users/USER/Documents/GitHub/Base-Aug-2019/GlobusSatProject/..//hal/hcc/lib\libHCCD.a(fat.o)
                0x200246d8                fn_filelength
 .text.fn_open_sub
                0x200248a4     0x1698 C:/Users/USER/Documents/GitHub/Base-Aug-2019/GlobusSatProject/..//hal/hcc/lib\libHCCD.a(fat.o)
 .text.fn_open  0x20025f3c       0x44 C:/Users/USER/Documents/GitHub/Base-Aug-2019/GlobusSatProject/..//hal/hcc/lib\libHCCD.a(fat.o)
                0x20025f3c                fn_open
 .text.fn_delete
                0x20025f80      0x490 C:/Users/USER/Documents/GitHub/Base-Aug-2019/GlobusSatProject/..//hal/hcc/lib\libHCCD.a(fat.o)
                0x20025f80                fn_delete
 .text.hcc_mem_buf_alloc
                0x20026410       0xe4 C:/Users/USER/Documents/GitHub/Base-Aug-2019/GlobusSatProject/..//hal/hcc/lib\libHCCD.a(psp_hcc_mem.o)
                0x20026410                hcc_mem_buf_alloc
 .text.hcc_mem_buf_free
                0x200264f4       0x6c C:/Users/USER/Documents/GitHub/Base-Aug-2019/GlobusSatProject/..//hal/hcc/lib\libHCCD.a(psp_hcc_mem.o)
                0x200264f4                hcc_mem_buf_free
 .text.makeAntStransfer
                0x20026560       0x4c C:/Users/USER/Documents/GitHub/Base-Aug-2019/GlobusSatProject/..//satellite-subsystems/satellite-subsystems/lib\libSatelliteSubsystemsD.a(IsisAntS.o)
 .text.checkInputsValid
                0x200265ac       0x7c C:/Users/USER/Documents/GitHub/Base-Aug-2019/GlobusSatProject/..//satellite-subsystems/satellite-subsystems/lib\libSatelliteSubsystemsD.a(IsisAntS.o)
 .text.IsisAntS_initialize
                0x20026628      0x26c C:/Users/USER/Documents/GitHub/Base-Aug-2019/GlobusSatProject/..//satellite-subsystems/satellite-subsystems/lib\libSatelliteSubsystemsD.a(IsisAntS.o)
                0x20026628                IsisAntS_initialize
 .text.IsisAntS_setArmStatus
                0x20026894      0x104 C:/Users/USER/Documents/GitHub/Base-Aug-2019/GlobusSatProject/..//satellite-subsystems/satellite-subsystems/lib\libSatelliteSubsystemsD.a(IsisAntS.o)
                0x20026894                IsisAntS_setArmStatus
 .text.IsisAntS_getStatusData
                0x20026998      0x120 C:/Users/USER/Documents/GitHub/Base-Aug-2019/GlobusSatProject/..//satellite-subsystems/satellite-subsystems/lib\libSatelliteSubsystemsD.a(IsisAntS.o)
                0x20026998                IsisAntS_getStatusData
 .text.IsisAntS_getUptime
                0x20026ab8      0x120 C:/Users/USER/Documents/GitHub/Base-Aug-2019/GlobusSatProject/..//satellite-subsystems/satellite-subsystems/lib\libSatelliteSubsystemsD.a(IsisAntS.o)
                0x20026ab8                IsisAntS_getUptime
 .text.IsisAntS_getAlltelemetry
                0x20026bd8      0x120 C:/Users/USER/Documents/GitHub/Base-Aug-2019/GlobusSatProject/..//satellite-subsystems/satellite-subsystems/lib\libSatelliteSubsystemsD.a(IsisAntS.o)
                0x20026bd8                IsisAntS_getAlltelemetry
 .text.IsisAntS_reset
                0x20026cf8      0x104 C:/Users/USER/Documents/GitHub/Base-Aug-2019/GlobusSatProject/..//satellite-subsystems/satellite-subsystems/lib\libSatelliteSubsystemsD.a(IsisAntS.o)
                0x20026cf8                IsisAntS_reset
 .text.IsisAntS_cancelDeployment
                0x20026dfc      0x104 C:/Users/USER/Documents/GitHub/Base-Aug-2019/GlobusSatProject/..//satellite-subsystems/satellite-subsystems/lib\libSatelliteSubsystemsD.a(IsisAntS.o)
                0x20026dfc                IsisAntS_cancelDeployment
 .text.IsisAntS_autoDeployment
                0x20026f00      0x114 C:/Users/USER/Documents/GitHub/Base-Aug-2019/GlobusSatProject/..//satellite-subsystems/satellite-subsystems/lib\libSatelliteSubsystemsD.a(IsisAntS.o)
                0x20026f00                IsisAntS_autoDeployment
 .text.IsisSolarPanelv2_getTemperature
                0x20027014       0xc8 C:/Users/USER/Documents/GitHub/Base-Aug-2019/GlobusSatProject/..//satellite-subsystems/satellite-subsystems/lib\libSatelliteSubsystemsD.a(IsisSolarPanelv2.o)
                0x20027014                IsisSolarPanelv2_getTemperature
 .text.IsisSolarPanelv2_getState
                0x200270dc       0x24 C:/Users/USER/Documents/GitHub/Base-Aug-2019/GlobusSatProject/..//satellite-subsystems/satellite-subsystems/lib\libSatelliteSubsystemsD.a(IsisSolarPanelv2.o)
                0x200270dc                IsisSolarPanelv2_getState
 .text._InitiateConversion
                0x20027100       0xac C:/Users/USER/Documents/GitHub/Base-Aug-2019/GlobusSatProject/..//satellite-subsystems/satellite-subsystems/lib\libSatelliteSubsystemsD.a(IsisSolarPanelv2.o)
 .text._WaitForConversionComplete
                0x200271ac      0x100 C:/Users/USER/Documents/GitHub/Base-Aug-2019/GlobusSatProject/..//satellite-subsystems/satellite-subsystems/lib\libSatelliteSubsystemsD.a(IsisSolarPanelv2.o)
 .text._ReadResult
                0x200272ac      0x158 C:/Users/USER/Documents/GitHub/Base-Aug-2019/GlobusSatProject/..//satellite-subsystems/satellite-subsystems/lib\libSatelliteSubsystemsD.a(IsisSolarPanelv2.o)
 .text._ExtractByte
                0x20027404       0x38 C:/Users/USER/Documents/GitHub/Base-Aug-2019/GlobusSatProject/..//satellite-subsystems/satellite-subsystems/lib\libSatelliteSubsystemsD.a(IsisSolarPanelv2.o)
 .text._ExtendSign
                0x2002743c       0x6c C:/Users/USER/Documents/GitHub/Base-Aug-2019/GlobusSatProject/..//satellite-subsystems/satellite-subsystems/lib\libSatelliteSubsystemsD.a(IsisSolarPanelv2.o)
 .text._SpiWriteRead
                0x200274a8       0x70 C:/Users/USER/Documents/GitHub/Base-Aug-2019/GlobusSatProject/..//satellite-subsystems/satellite-subsystems/lib\libSatelliteSubsystemsD.a(IsisSolarPanelv2.o)
 .text.IsisTrxvu_initialize