Archive member included because of file (symbol)

c:/isis/application/toolchain/bin/../lib/gcc/arm-none-eabi/4.7.4/../../../../arm-none-eabi/lib\libc_s.a(lib_a-vfprintf_float.o)
                              (_printf_float)
c:/isis/application/toolchain/bin/../lib/gcc/arm-none-eabi/4.7.4/../../../../arm-none-eabi/lib\libc_s.a(lib_a-vfprintf_i.o)
                              c:/isis/application/toolchain/bin/../lib/gcc/arm-none-eabi/4.7.4/../../../../arm-none-eabi/lib\libc_s.a(lib_a-vfprintf_float.o) (_printf_common)
c:/isis/application/toolchain/bin/../lib/gcc/arm-none-eabi/4.7.4/../../../../arm-none-eabi/lib\libc_s.a(lib_a-vfscanf_float.o)
                              (_scanf_float)
c:/isis/application/toolchain/bin/../lib/gcc/arm-none-eabi/4.7.4/../../../../arm-none-eabi/lib\libc_s.a(lib_a-dtoa.o)
                              c:/isis/application/toolchain/bin/../lib/gcc/arm-none-eabi/4.7.4/../../../../arm-none-eabi/lib\libc_s.a(lib_a-vfprintf_float.o) (_dtoa_r)
c:/isis/application/toolchain/bin/../lib/gcc/arm-none-eabi/4.7.4/../../../../arm-none-eabi/lib\libc_s.a(lib_a-locale.o)
                              c:/isis/application/toolchain/bin/../lib/gcc/arm-none-eabi/4.7.4/../../../../arm-none-eabi/lib\libc_s.a(lib_a-vfprintf_float.o) (_localeconv_r)
c:/isis/application/toolchain/bin/../lib/gcc/arm-none-eabi/4.7.4/../../../../arm-none-eabi/lib\libc_s.a(lib_a-malloc.o)
                              c:/isis/application/toolchain/bin/../lib/gcc/arm-none-eabi/4.7.4/../../../../arm-none-eabi/lib\libc_s.a(lib_a-dtoa.o) (malloc)
c:/isis/application/toolchain/bin/../lib/gcc/arm-none-eabi/4.7.4/../../../../arm-none-eabi/lib\libc_s.a(lib_a-mallocr.o)
                              c:/isis/application/toolchain/bin/../lib/gcc/arm-none-eabi/4.7.4/../../../../arm-none-eabi/lib\libc_s.a(lib_a-malloc.o) (_malloc_r)
c:/isis/application/toolchain/bin/../lib/gcc/arm-none-eabi/4.7.4/../../../../arm-none-eabi/lib\libc_s.a(lib_a-memcpy.o)
                              c:/isis/application/toolchain/bin/../lib/gcc/arm-none-eabi/4.7.4/../../../../arm-none-eabi/lib\libc_s.a(lib_a-dtoa.o) (memcpy)
c:/isis/application/toolchain/bin/../lib/gcc/arm-none-eabi/4.7.4/../../../../arm-none-eabi/lib\libc_s.a(lib_a-mprec.o)
                              c:/isis/application/toolchain/bin/../lib/gcc/arm-none-eabi/4.7.4/../../../../arm-none-eabi/lib\libc_s.a(lib_a-dtoa.o) (_Balloc)
c:/isis/application/toolchain/bin/../lib/gcc/arm-none-eabi/4.7.4/../../../../arm-none-eabi/lib\libc_s.a(lib_a-s_fpclassify.o)
                              c:/isis/application/toolchain/bin/../lib/gcc/arm-none-eabi/4.7.4/../../../../arm-none-eabi/lib\libc_s.a(lib_a-vfprintf_float.o) (__fpclassifyd)
c:/isis/application/toolchain/bin/../lib/gcc/arm-none-eabi/4.7.4/../../../../arm-none-eabi/lib\libc_s.a(lib_a-sbrkr.o)
                              c:/isis/application/toolchain/bin/../lib/gcc/arm-none-eabi/4.7.4/../../../../arm-none-eabi/lib\libc_s.a(lib_a-mallocr.o) (_sbrk_r)
c:/isis/application/toolchain/bin/../lib/gcc/arm-none-eabi/4.7.4/../../../../arm-none-eabi/lib\libc_s.a(lib_a-sf_nan.o)
                              c:/isis/application/toolchain/bin/../lib/gcc/arm-none-eabi/4.7.4/../../../../arm-none-eabi/lib\libc_s.a(lib_a-vfscanf_float.o) (nanf)
c:/isis/application/toolchain/bin/../lib/gcc/arm-none-eabi/4.7.4/../../../../arm-none-eabi/lib\libc_s.a(lib_a-sprintf.o)
                              c:/isis/application/toolchain/bin/../lib/gcc/arm-none-eabi/4.7.4/../../../../arm-none-eabi/lib\libc_s.a(lib_a-vfscanf_float.o) (sprintf)
c:/isis/application/toolchain/bin/../lib/gcc/arm-none-eabi/4.7.4/../../../../arm-none-eabi/lib\libc_s.a(lib_a-strcmp.o)
                              c:/isis/application/toolchain/bin/../lib/gcc/arm-none-eabi/4.7.4/../../../../arm-none-eabi/lib\libc_s.a(lib_a-locale.o) (strcmp)
c:/isis/application/toolchain/bin/../lib/gcc/arm-none-eabi/4.7.4/../../../../arm-none-eabi/lib\libc_s.a(lib_a-strlen.o)
                              c:/isis/application/toolchain/bin/../lib/gcc/arm-none-eabi/4.7.4/../../../../arm-none-eabi/lib\libc_s.a(lib_a-vfprintf_float.o) (strlen)
c:/isis/application/toolchain/bin/../lib/gcc/arm-none-eabi/4.7.4/../../../../arm-none-eabi/lib\libc_s.a(lib_a-strtod.o)
                              c:/isis/application/toolchain/bin/../lib/gcc/arm-none-eabi/4.7.4/../../../../arm-none-eabi/lib\libc_s.a(lib_a-vfscanf_float.o) (_strtod_r)
c:/isis/application/toolchain/bin/../lib/gcc/arm-none-eabi/4.7.4/../../../../arm-none-eabi/lib\libc_s.a(lib_a-strtol.o)
                              c:/isis/application/toolchain/bin/../lib/gcc/arm-none-eabi/4.7.4/../../../../arm-none-eabi/lib\libc_s.a(lib_a-vfscanf_float.o) (_strtol_r)
c:/isis/application/toolchain/bin/../lib/gcc/arm-none-eabi/4.7.4/../../../../arm-none-eabi/lib\libc_s.a(lib_a-svfprintf.o)
                              c:/isis/application/toolchain/bin/../lib/gcc/arm-none-eabi/4.7.4/../../../../arm-none-eabi/lib\libc_s.a(lib_a-sprintf.o) (_svfprintf_r)
[...]
Memory Configuration

Name             Origin             Length             Attributes
sram0            0x00200000         0x00004000         w !xr
sram1            0x00300000         0x00004000         w !xr
sdram            0x20000000         0x02000000         w !xr
*default*        0x00000000         0xffffffff

Linker script and memory map

LOAD c:/isis/application/toolchain/bin/../lib/gcc/arm-none-eabi/4.7.4/../../../../arm-none-eabi/lib\libc_s.a
LOAD ./src/TestingDemos/CommandsTestingDemo.o
LOAD ./src/TestingDemos/EpsTestingDemo.o
LOAD ./src/TestingDemos/FileSystemTestingDemo.o
LOAD ./src/TestingDemos/MainTest.o
LOAD ./src/TestingDemos/MaintenanceTestingDemo.o
LOAD ./src/TestingDemos/TelemetryTestingDemo.o
LOAD ./src/TestingDemos/TrxvuTestingDemo.o
LOAD ./src/SubSystemModules/PowerManagment/EPS.o
LOAD ./src/SubSystemModules/PowerManagment/EPSOperationModes.o
LOAD ./src/SubSystemModules/Maintenance/Log.o
LOAD ./src/SubSystemModules/Maintenance/Maintenance.o
LOAD ./src/SubSystemModules/Housekepping/Dump.o
LOAD ./src/SubSystemModules/Housekepping/TelemetryCollector.o
LOAD ./src/SubSystemModules/Communication/SubsystemCommands/EPS_Commands.o
LOAD ./src/SubSystemModules/Communication/SubsystemCommands/FS_Commands.o
LOAD ./src/SubSystemModules/Communication/SubsystemCommands/Maintanence_Commands.o
LOAD ./src/SubSystemModules/Communication/SubsystemCommands/TRXVU_Commands.o
LOAD ./src/SubSystemModules/Communication/AckHandler.o
LOAD ./src/SubSystemModules/Communication/ActUponCommand.o
LOAD ./src/SubSystemModules/Communication/Beacon.o
LOAD ./src/SubSystemModules/Communication/CommandDictionary.o
LOAD ./src/SubSystemModules/Communication/SatCommandHandler.o
LOAD ./src/SubSystemModules/Communication/SatDataTx.o
LOAD ./src/SubSystemModules/Communication/TRXVU.o
LOAD ./src/SubSystemModules/Communication/Transponder.o
LOAD ./src/InitSystem.o
LOAD ./src/TLM_management.o
LOAD ./src/main.o
LOAD C:/Users/sattlite/Documents/GitHub/tevel2/GlobusSatProject/..//hal/hal/lib\libHALD.a
LOAD C:/Users/sattlite/Documents/GitHub/tevel2/GlobusSatProject/..//hal/hcc/lib\libHCCD.a
LOAD C:/Users/sattlite/Documents/GitHub/tevel2/GlobusSatProject/..//satellite-subsystems/satellite-subsystems/lib\libSatelliteSubsystemsD.a
LOAD C:/Users/sattlite/Documents/GitHub/tevel2/GlobusSatProject/..//hal/freertos/lib\libFreeRTOSD.a
LOAD C:/Users/sattlite/Documents/GitHub/tevel2/GlobusSatProject/..//hal/at91/lib\libAt91D.a
START GROUP
LOAD c:/isis/application/toolchain/bin/../lib/gcc/arm-none-eabi/4.7.4\libgcc.a
LOAD c:/isis/application/toolchain/bin/../lib/gcc/arm-none-eabi/4.7.4/../../../../arm-none-eabi/lib\libc_s.a
END GROUP

.fixed          0x20000000    0x37554
                0x20000000                . = ALIGN (0x4)
                0x20000000                _sfixed = .
 *(.startup)
 .startup       0x20000000      0x184 C:/Users/sattlite/Documents/GitHub/tevel2/GlobusSatProject/..//hal/at91/lib\libAt91D.a(board_cstartup.o)
                0x20000000                entry
 *(.text)
 .text          0x20000184       0x64 C:/Users/sattlite/Documents/GitHub/tevel2/GlobusSatProject/..//hal/at91/lib\libAt91D.a(cp15_asm.o)
                0x20000184                _readControlRegister
                0x20000190                _writeControlRegister
                0x20000198                _waitForInterrupt
                0x200001a4                _writeTTB
                0x200001ac                _writeDomain
                0x200001b4                _writeITLBLockdown
                0x200001bc                _prefetchICacheLine
                0x200001c4                _flushDCache
                0x200001d0                _flushWriteBuffer
                0x200001dc                _invalidateIDTLBs
 .text          0x200001e8      0x114 c:/isis/application/toolchain/bin/../lib/gcc/arm-none-eabi/4.7.4\libgcc.a(_udivsi3.o)
                0x200001e8                __aeabi_uidiv
                0x200001e8                __udivsi3
                0x200002dc                __aeabi_uidivmod
 .text          0x200002fc      0x148 c:/isis/application/toolchain/bin/../lib/gcc/arm-none-eabi/4.7.4\libgcc.a(_divsi3.o)
                0x200002fc                __divsi3
                0x200002fc                __aeabi_idiv
                0x20000424                __aeabi_idivmod
 .text          0x20000444        0x4 c:/isis/application/toolchain/bin/../lib/gcc/arm-none-eabi/4.7.4\libgcc.a(_dvmd_tls.o)
                0x20000444                __aeabi_idiv0
                0x20000444                __aeabi_ldiv0
 .text          0x20000448      0x41c c:/isis/application/toolchain/bin/../lib/gcc/arm-none-eabi/4.7.4\libgcc.a(_arm_addsubdf3.o)
                0x20000448                __aeabi_drsub
                0x20000450                __aeabi_dsub
                0x20000450                __subdf3
                0x20000454                __aeabi_dadd
                0x20000454                __adddf3
                0x20000764                __floatunsidf
                0x20000764                __aeabi_ui2d
                0x20000788                __floatsidf
                0x20000788                __aeabi_i2d
                0x200007b0                __aeabi_f2d
                0x200007b0                __extendsfdf2
                0x200007f0                __floatundidf
                0x200007f0                __aeabi_ul2d
                0x20000804                __floatdidf
                0x20000804                __aeabi_l2d
 .text          0x20000864      0x49c c:/isis/application/toolchain/bin/../lib/gcc/arm-none-eabi/4.7.4\libgcc.a(_arm_muldivdf3.o)
                0x20000864                __aeabi_dmul
                0x20000864                __muldf3
                0x20000af4                __divdf3
                0x20000af4                __aeabi_ddiv
 .text          0x20000d00      0x144 c:/isis/application/toolchain/bin/../lib/gcc/arm-none-eabi/4.7.4\libgcc.a(_arm_cmpdf2.o)
                0x20000d00                __gtdf2
                0x20000d00                __gedf2
                0x20000d08                __ltdf2
                0x20000d08                __ledf2
                0x20000d10                __nedf2
                0x20000d10                __eqdf2
                0x20000d10                __cmpdf2
                0x20000d98                __aeabi_cdrcmple
                0x20000db4                __aeabi_cdcmpeq
                0x20000db4                __aeabi_cdcmple
                0x20000dcc                __aeabi_dcmpeq
                0x20000de4                __aeabi_dcmplt
                0x20000dfc                __aeabi_dcmple
                0x20000e14                __aeabi_dcmpge
                0x20000e2c                __aeabi_dcmpgt
 .text          0x20000e44       0x5c c:/isis/application/toolchain/bin/../lib/gcc/arm-none-eabi/4.7.4\libgcc.a(_arm_fixdfsi.o)
                0x20000e44                __aeabi_d2iz
                0x20000e44                __fixdfsi
 .text          0x20000ea0       0x54 c:/isis/application/toolchain/bin/../lib/gcc/arm-none-eabi/4.7.4\libgcc.a(_arm_fixunsdfsi.o)
                0x20000ea0                __aeabi_d2uiz
                0x20000ea0                __fixunsdfsi
 .text          0x20000ef4       0xa0 c:/isis/application/toolchain/bin/../lib/gcc/arm-none-eabi/4.7.4\libgcc.a(_arm_truncdfsf2.o)
                0x20000ef4                __truncdfsf2
                0x20000ef4                __aeabi_d2f
 .text          0x20000f94      0x2ac c:/isis/application/toolchain/bin/../lib/gcc/arm-none-eabi/4.7.4\libgcc.a(_arm_addsubsf3.o)
                0x20000f94                __aeabi_frsub
                0x20000f9c                __subsf3
                0x20000f9c                __aeabi_fsub
                0x20000fa0                __aeabi_fadd
                0x20000fa0                __addsf3
                0x2000115c                __aeabi_ui2f
                0x2000115c                __floatunsisf
                0x20001164                __aeabi_i2f
                0x20001164                __floatsisf
                0x20001184                __aeabi_ul2f
                0x20001184                __floatundisf
                0x20001194                __aeabi_l2f
                0x20001194                __floatdisf
 .text          0x20001240      0x2f8 c:/isis/application/toolchain/bin/../lib/gcc/arm-none-eabi/4.7.4\libgcc.a(_arm_muldivsf3.o)
                0x20001240                __mulsf3
                0x20001240                __aeabi_fmul
                0x200013d8                __aeabi_fdiv
                0x200013d8                __divsf3
 .text          0x20001538       0x54 c:/isis/application/toolchain/bin/../lib/gcc/arm-none-eabi/4.7.4\libgcc.a(_arm_fixunssfsi.o)
                0x20001538                __fixunssfsi
                0x20001538                __aeabi_f2uiz
 *(.text*)
 .text.__cvt    0x2000158c      0x138 c:/isis/application/toolchain/bin/../lib/gcc/arm-none-eabi/4.7.4/../../../../arm-none-eabi/lib\libc_s.a(lib_a-vfprintf_float.o)
                0x2000158c                __cvt
 .text.__exponent
                0x200016c4       0xa8 c:/isis/application/toolchain/bin/../lib/gcc/arm-none-eabi/4.7.4/../../../../arm-none-eabi/lib\libc_s.a(lib_a-vfprintf_float.o)
                0x200016c4                __exponent
 .text._printf_float
                0x2000176c      0x7dc c:/isis/application/toolchain/bin/../lib/gcc/arm-none-eabi/4.7.4/../../../../arm-none-eabi/lib\libc_s.a(lib_a-vfprintf_float.o)
                0x2000176c                _printf_float
 .text._printf_common
                0x20001f48      0x174 c:/isis/application/toolchain/bin/../lib/gcc/arm-none-eabi/4.7.4/../../../../arm-none-eabi/lib\libc_s.a(lib_a-vfprintf_i.o)
                0x20001f48                _printf_common
 .text._printf_i
                0x200020bc      0x3c4 c:/isis/application/toolchain/bin/../lib/gcc/arm-none-eabi/4.7.4/../../../../arm-none-eabi/lib\libc_s.a(lib_a-vfprintf_i.o)
                0x200020bc                _printf_i
 .text._scanf_float
                0x20002480      0x5f4 c:/isis/application/toolchain/bin/../lib/gcc/arm-none-eabi/4.7.4/../../../../arm-none-eabi/lib\libc_s.a(lib_a-vfscanf_float.o)
                0x20002480                _scanf_float
 .text.quorem   0x20002a74      0x1ac c:/isis/application/toolchain/bin/../lib/gcc/arm-none-eabi/4.7.4/../../../../arm-none-eabi/lib\libc_s.a(lib_a-dtoa.o)
 .text._dtoa_r  0x20002c20     0x1268 c:/isis/application/toolchain/bin/../lib/gcc/arm-none-eabi/4.7.4/../../../../arm-none-eabi/lib\libc_s.a(lib_a-dtoa.o)
                0x20002c20                _dtoa_r
 .text._localeconv_r
                0x20003e88        0xc c:/isis/application/toolchain/bin/../lib/gcc/arm-none-eabi/4.7.4/../../../../arm-none-eabi/lib\libc_s.a(lib_a-locale.o)
                0x20003e88                _localeconv_r
 .text.malloc   0x20003e94       0x20 c:/isis/application/toolchain/bin/../lib/gcc/arm-none-eabi/4.7.4/../../../../arm-none-eabi/lib\libc_s.a(lib_a-malloc.o)
                0x20003e94                malloc
 .text.free     0x20003eb4       0x20 c:/isis/application/toolchain/bin/../lib/gcc/arm-none-eabi/4.7.4/../../../../arm-none-eabi/lib\libc_s.a(lib_a-malloc.o)
                0x20003eb4                free
 .text._malloc_r
                0x20003ed4       0xfc c:/isis/application/toolchain/bin/../lib/gcc/arm-none-eabi/4.7.4/../../../../arm-none-eabi/lib\libc_s.a(lib_a-mallocr.o)
                0x20003ed4                _malloc_r
 .text.memcpy   0x20003fd0       0x20 c:/isis/application/toolchain/bin/../lib/gcc/arm-none-eabi/4.7.4/../../../../arm-none-eabi/lib\libc_s.a(lib_a-memcpy.o)
                0x20003fd0                memcpy
 .text._Balloc  0x20003ff0       0xcc c:/isis/application/toolchain/bin/../lib/gcc/arm-none-eabi/4.7.4/../../../../arm-none-eabi/lib\libc_s.a(lib_a-mprec.o)
                0x20003ff0                _Balloc
 .text._Bfree   0x200040bc       0x5c c:/isis/application/toolchain/bin/../lib/gcc/arm-none-eabi/4.7.4/../../../../arm-none-eabi/lib\libc_s.a(lib_a-mprec.o)
                0x200040bc                _Bfree
 .text.__multadd
                0x20004118       0xbc c:/isis/application/toolchain/bin/../lib/gcc/arm-none-eabi/4.7.4/../../../../arm-none-eabi/lib\libc_s.a(lib_a-mprec.o)
                0x20004118                __multadd
 .text.__s2b    0x200041d4       0xd8 c:/isis/application/toolchain/bin/../lib/gcc/arm-none-eabi/4.7.4/../../../../arm-none-eabi/lib\libc_s.a(lib_a-mprec.o)
                0x200041d4                __s2b
 .text.__hi0bits
                0x200042ac       0x58 c:/isis/application/toolchain/bin/../lib/gcc/arm-none-eabi/4.7.4/../../../../arm-none-eabi/lib\libc_s.a(lib_a-mprec.o)
                0x200042ac                __hi0bits
 .text.__lo0bits
                0x20004304       0x94 c:/isis/application/toolchain/bin/../lib/gcc/arm-none-eabi/4.7.4/../../../../arm-none-eabi/lib\libc_s.a(lib_a-mprec.o)
                0x20004304                __lo0bits
 .text.__i2b    0x20004398       0x24 c:/isis/application/toolchain/bin/../lib/gcc/arm-none-eabi/4.7.4/../../../../arm-none-eabi/lib\libc_s.a(lib_a-mprec.o)
                0x20004398                __i2b
 .text.__multiply
                0x200043bc      0x1ac c:/isis/application/toolchain/bin/../lib/gcc/arm-none-eabi/4.7.4/../../../../arm-none-eabi/lib\libc_s.a(lib_a-mprec.o)
                0x200043bc                __multiply
 .text.__pow5mult
                0x20004568      0x10c c:/isis/application/toolchain/bin/../lib/gcc/arm-none-eabi/4.7.4/../../../../arm-none-eabi/lib\libc_s.a(lib_a-mprec.o)
                0x20004568                __pow5mult
 .text.__lshift
                0x20004674       0xf0 c:/isis/application/toolchain/bin/../lib/gcc/arm-none-eabi/4.7.4/../../../../arm-none-eabi/lib\libc_s.a(lib_a-mprec.o)
                0x20004674                __lshift
 .text.__mcmp   0x20004764       0x60 c:/isis/application/toolchain/bin/../lib/gcc/arm-none-eabi/4.7.4/../../../../arm-none-eabi/lib\libc_s.a(lib_a-mprec.o)
                0x20004764                __mcmp
 .text.__mdiff  0x200047c4      0x128 c:/isis/application/toolchain/bin/../lib/gcc/arm-none-eabi/4.7.4/../../../../arm-none-eabi/lib\libc_s.a(lib_a-mprec.o)
                0x200047c4                __mdiff
 .text.__ulp    0x200048ec       0x5c c:/isis/application/toolchain/bin/../lib/gcc/arm-none-eabi/4.7.4/../../../../arm-none-eabi/lib\libc_s.a(lib_a-mprec.o)
                0x200048ec                __ulp
 .text.__b2d    0x20004948       0xc8 c:/isis/application/toolchain/bin/../lib/gcc/arm-none-eabi/4.7.4/../../../../arm-none-eabi/lib\libc_s.a(lib_a-mprec.o)
                0x20004948                __b2d
 .text.__d2b    0x20004a10       0xfc c:/isis/application/toolchain/bin/../lib/gcc/arm-none-eabi/4.7.4/../../../../arm-none-eabi/lib\libc_s.a(lib_a-mprec.o)
                0x20004a10                __d2b
 .text.__ratio  0x20004b0c       0x70 c:/isis/application/toolchain/bin/../lib/gcc/arm-none-eabi/4.7.4/../../../../arm-none-eabi/lib\libc_s.a(lib_a-mprec.o)
                0x20004b0c                __ratio
 .text.__copybits
                0x20004b7c       0x4c c:/isis/application/toolchain/bin/../lib/gcc/arm-none-eabi/4.7.4/../../../../arm-none-eabi/lib\libc_s.a(lib_a-mprec.o)
                0x20004b7c                __copybits
 .text.__any_on
                0x20004bc8       0x7c c:/isis/application/toolchain/bin/../lib/gcc/arm-none-eabi/4.7.4/../../../../arm-none-eabi/lib\libc_s.a(lib_a-mprec.o)
                0x20004bc8                __any_on
 .text.__fpclassifyd
                0x20004c44       0x6c c:/isis/application/toolchain/bin/../lib/gcc/arm-none-eabi/4.7.4/../../../../arm-none-eabi/lib\libc_s.a(lib_a-s_fpclassify.o)
                0x20004c44                __fpclassifyd
 .text._sbrk_r  0x20004cb0       0x3c c:/isis/application/toolchain/bin/../lib/gcc/arm-none-eabi/4.7.4/../../../../arm-none-eabi/lib\libc_s.a(lib_a-sbrkr.o)
                0x20004cb0                _sbrk_r
 .text.nanf     0x20004cec        0xc c:/isis/application/toolchain/bin/../lib/gcc/arm-none-eabi/4.7.4/../../../../arm-none-eabi/lib\libc_s.a(lib_a-sf_nan.o)
                0x20004cec                nanf
 .text.sprintf  0x20004cf8       0x6c c:/isis/application/toolchain/bin/../lib/gcc/arm-none-eabi/4.7.4/../../../../arm-none-eabi/lib\libc_s.a(lib_a-sprintf.o)
                0x20004cf8                siprintf
                0x20004cf8                sprintf
 .text.strcmp   0x20004d64       0x1c c:/isis/application/toolchain/bin/../lib/gcc/arm-none-eabi/4.7.4/../../../../arm-none-eabi/lib\libc_s.a(lib_a-strcmp.o)
                0x20004d64                strcmp
 .text.strlen   0x20004d80       0x1c c:/isis/application/toolchain/bin/../lib/gcc/arm-none-eabi/4.7.4/../../../../arm-none-eabi/lib\libc_s.a(lib_a-strlen.o)
                0x20004d80                strlen
 .text.match    0x20004d9c       0x54 c:/isis/application/toolchain/bin/../lib/gcc/arm-none-eabi/4.7.4/../../../../arm-none-eabi/lib\libc_s.a(lib_a-strtod.o)
 .text._strtod_r
                0x20004df0     0x1168 c:/isis/application/toolchain/bin/../lib/gcc/arm-none-eabi/4.7.4/../../../../arm-none-eabi/lib\libc_s.a(lib_a-strtod.o)
                0x20004df0                _strtod_r
 .text._strtol_r
                0x20005f58      0x1b8 c:/isis/application/toolchain/bin/../lib/gcc/arm-none-eabi/4.7.4/../../../../arm-none-eabi/lib\libc_s.a(lib_a-strtol.o)
                0x20005f58                _strtol_r
 .text.__ssputc_r
                0x20006110      0x10c c:/isis/application/toolchain/bin/../lib/gcc/arm-none-eabi/4.7.4/../../../../arm-none-eabi/lib\libc_s.a(lib_a-svfprintf.o)
                0x20006110                __ssputc_r
 .text._svfprintf_r
                0x2000621c      0x328 c:/isis/application/toolchain/bin/../lib/gcc/arm-none-eabi/4.7.4/../../../../arm-none-eabi/lib\libc_s.a(lib_a-svfprintf.o)
                0x2000621c                _svfiprintf_r
                0x2000621c                _svfprintf_r
 .text._calloc_r
                0x20006544       0x2c c:/isis/application/toolchain/bin/../lib/gcc/arm-none-eabi/4.7.4/../../../../arm-none-eabi/lib\libc_s.a(lib_a-callocr.o)
                0x20006544                _calloc_r
 .text._free_r  0x20006570      0x108 c:/isis/application/toolchain/bin/../lib/gcc/arm-none-eabi/4.7.4/../../../../arm-none-eabi/lib\libc_s.a(lib_a-freer.o)
                0x20006570                _free_r
 .text.rshift   0x20006678       0xb0 c:/isis/application/toolchain/bin/../lib/gcc/arm-none-eabi/4.7.4/../../../../arm-none-eabi/lib\libc_s.a(lib_a-gdtoa-gethex.o)
 .text.htinit.constprop.0
                0x20006728       0x34 c:/isis/application/toolchain/bin/../lib/gcc/arm-none-eabi/4.7.4/../../../../arm-none-eabi/lib\libc_s.a(lib_a-gdtoa-gethex.o)
 .text.__hexdig_init
                0x2000675c       0x38 c:/isis/application/toolchain/bin/../lib/gcc/arm-none-eabi/4.7.4/../../../../arm-none-eabi/lib\libc_s.a(lib_a-gdtoa-gethex.o)
                0x2000675c                __hexdig_init
 .text.__gethex
                0x20006794      0x6cc c:/isis/application/toolchain/bin/../lib/gcc/arm-none-eabi/4.7.4/../../../../arm-none-eabi/lib\libc_s.a(lib_a-gdtoa-gethex.o)
                0x20006794                __gethex
 .text.L_shift  0x20006e60       0x38 c:/isis/application/toolchain/bin/../lib/gcc/arm-none-eabi/4.7.4/../../../../arm-none-eabi/lib\libc_s.a(lib_a-gdtoa-hexnan.o)
 .text.__hexnan
                0x20006e98      0x1d8 c:/isis/application/toolchain/bin/../lib/gcc/arm-none-eabi/4.7.4/../../../../arm-none-eabi/lib\libc_s.a(lib_a-gdtoa-hexnan.o)
                0x20006e98                __hexnan
 .text.memchr   0x20007070       0x34 c:/isis/application/toolchain/bin/../lib/gcc/arm-none-eabi/4.7.4/../../../../arm-none-eabi/lib\libc_s.a(lib_a-memchr.o)
                0x20007070                memchr
 .text.memset   0x200070a4       0x1c c:/isis/application/toolchain/bin/../lib/gcc/arm-none-eabi/4.7.4/../../../../arm-none-eabi/lib\libc_s.a(lib_a-memset.o)
                0x200070a4                memset
 .text._realloc_r
                0x200070c0       0x80 c:/isis/application/toolchain/bin/../lib/gcc/arm-none-eabi/4.7.4/../../../../arm-none-eabi/lib\libc_s.a(lib_a-reallocr.o)
                0x200070c0                _realloc_r
 .text.strncmp  0x20007140       0x64 c:/isis/application/toolchain/bin/../lib/gcc/arm-none-eabi/4.7.4/../../../../arm-none-eabi/lib\libc_s.a(lib_a-strncmp.o)
                0x20007140                strncmp
 .text._malloc_usable_size_r
                0x200071a4       0x1c c:/isis/application/toolchain/bin/../lib/gcc/arm-none-eabi/4.7.4/../../../../arm-none-eabi/lib\libc_s.a(lib_a-msizer.o)
                0x200071a4                _malloc_usable_size_r
 .text.EPS_Init
                0x200071c0       0xd4 ./src/SubSystemModules/PowerManagment/EPS.o
                0x200071c0                EPS_Init
 .text.EPS_Conditioning
                0x20007294      0x1a8 ./src/SubSystemModules/PowerManagment/EPS.o
                0x20007294                EPS_Conditioning
 .text.GetBatteryVoltage
                0x2000743c       0x54 ./src/SubSystemModules/PowerManagment/EPS.o
                0x2000743c                GetBatteryVoltage
 .text.GetThresholdVoltages
                0x20007490       0x4c ./src/SubSystemModules/PowerManagment/EPS.o
                0x20007490                GetThresholdVoltages
 .text.GetAlpha
                0x200074dc       0x48 ./src/SubSystemModules/PowerManagment/EPS.o
                0x200074dc                GetAlpha
 .text.EnterFullMode
                0x20007524       0x58 ./src/SubSystemModules/PowerManagment/EPSOperationModes.o
                0x20007524                EnterFullMode
 .text.EnterCruiseMode
                0x2000757c       0x58 ./src/SubSystemModules/PowerManagment/EPSOperationModes.o
                0x2000757c                EnterCruiseMode
 .text.EnterSafeMode
                0x200075d4       0x58 ./src/SubSystemModules/PowerManagment/EPSOperationModes.o
                0x200075d4                EnterSafeMode
 .text.EnterCriticalMode
                0x2000762c       0x58 ./src/SubSystemModules/PowerManagment/EPSOperationModes.o
                0x2000762c                EnterCriticalMode
 .text.SetEPS_Channels
                0x20007684       0x28 ./src/SubSystemModules/PowerManagment/EPSOperationModes.o
                0x20007684                SetEPS_Channels
 .text.EpsSetLowVoltageFlag
                0x200076ac       0x2c ./src/SubSystemModules/PowerManagment/EPSOperationModes.o
                0x200076ac                EpsSetLowVoltageFlag
 .text._logg    0x200076d8      0x328 ./src/SubSystemModules/Maintenance/Log.o
                0x200076d8                _logg
 .text.logg     0x20007a00       0xc4 ./src/SubSystemModules/Maintenance/Log.o
                0x20007a00                logg
 .text.setLogLevel
                0x20007ac4       0x30 ./src/SubSystemModules/Maintenance/Log.o
                0x20007ac4                setLogLevel
 .text.initLog  0x20007af4       0x34 ./src/SubSystemModules/Maintenance/Log.o
                0x20007af4                initLog
 .text.getLastErrorMsgSize
                0x20007b28       0x24 ./src/SubSystemModules/Maintenance/Log.o
                0x20007b28                getLastErrorMsgSize
 .text.copyLastErrorMsg
                0x20007b4c       0x5c ./src/SubSystemModules/Maintenance/Log.o
                0x20007b4c                copyLastErrorMsg
 .text.CheckExecutionTime
                0x20007ba8       0x90 ./src/SubSystemModules/Maintenance/Maintenance.o
                0x20007ba8                CheckExecutionTime
 .text.SaveSatTimeInFRAM
                0x20007c38       0x44 ./src/SubSystemModules/Maintenance/Maintenance.o
                0x20007c38                SaveSatTimeInFRAM
 .text.IsFS_Corrupted
                0x20007c7c       0x48 ./src/SubSystemModules/Maintenance/Maintenance.o
                0x20007c7c                IsFS_Corrupted
 .text.WakeupFromResetCMD
                0x20007cc4       0xfc ./src/SubSystemModules/Maintenance/Maintenance.o
                0x20007cc4                WakeupFromResetCMD
 .text.ResetGroundCommWDT
                0x20007dc0       0x1c ./src/SubSystemModules/Maintenance/Maintenance.o
                0x20007dc0                ResetGroundCommWDT
 .text.IsGroundCommunicationWDTKick
                0x20007ddc       0xd0 ./src/SubSystemModules/Maintenance/Maintenance.o
                0x20007ddc                IsGroundCommunicationWDTKick
 .text.GetGsWdtKickTime
                0x20007eac       0x38 ./src/SubSystemModules/Maintenance/Maintenance.o
                0x20007eac                GetGsWdtKickTime
 .text.Maintenance
                0x20007ee4       0x48 ./src/SubSystemModules/Maintenance/Maintenance.o
                0x20007ee4                Maintenance
 .text.InitDump
                0x20007f2c       0xa0 ./src/SubSystemModules/Housekepping/Dump.o
                0x20007f2c                InitDump
 .text.FinishDump
                0x20007fcc       0xd8 ./src/SubSystemModules/Housekepping/Dump.o
                0x20007fcc                FinishDump
 .text.SendDumpAbortRequest
                0x200080a4       0xa0 ./src/SubSystemModules/Housekepping/Dump.o
                0x200080a4                SendDumpAbortRequest
 .text.CheckDumpAbort
                0x20008144       0x58 ./src/SubSystemModules/Housekepping/Dump.o
                0x20008144                CheckDumpAbort
 .text.getTelemetryMetaData
                0x2000819c       0x7c ./src/SubSystemModules/Housekepping/Dump.o
                0x2000819c                getTelemetryMetaData
 .text.send     0x20008218       0x94 ./src/SubSystemModules/Housekepping/Dump.o
                0x20008218                send
 .text.c_fileReadAndSend
                0x200082ac      0x41c ./src/SubSystemModules/Housekepping/Dump.o
                0x200082ac                c_fileReadAndSend
 .text.DumpStart
                0x200086c8      0x340 ./src/SubSystemModules/Housekepping/Dump.o
                0x200086c8                DumpStart
 .text.DumpTask
                0x20008a08       0x34 ./src/SubSystemModules/Housekepping/Dump.o
                0x20008a08                DumpTask
 .text.DumpTelemetry
                0x20008a3c      0x1c4 ./src/SubSystemModules/Housekepping/Dump.o
                0x20008a3c                DumpTelemetry
 .text.InitTelemetryCollector
                0x20008c00       0x28 ./src/SubSystemModules/Housekepping/TelemetryCollector.o
                0x20008c00                InitTelemetryCollector
 .text.GetTelemetryFilenameByType
                0x20008c28      0x204 ./src/SubSystemModules/Housekepping/TelemetryCollector.o
                0x20008c28                GetTelemetryFilenameByType
 .text.TelemetryCollectorLogic
                0x20008e2c      0x13c ./src/SubSystemModules/Housekepping/TelemetryCollector.o
                0x20008e2c                TelemetryCollectorLogic
 .text.TelemetryCreateFiles
                0x20008f68      0x1e4 ./src/SubSystemModules/Housekepping/TelemetryCollector.o
                0x20008f68                TelemetryCreateFiles
 .text.TelemetrySaveEPS
                0x2000914c       0xbc ./src/SubSystemModules/Housekepping/TelemetryCollector.o
                0x2000914c                TelemetrySaveEPS
 .text.CMD_getEPS_TLM
                0x20009208       0x78 ./src/SubSystemModules/Housekepping/TelemetryCollector.o
                0x20009208                CMD_getEPS_TLM
 .text.TelemetrySaveTRXVU
                0x20009280       0x8c ./src/SubSystemModules/Housekepping/TelemetryCollector.o
                0x20009280                TelemetrySaveTRXVU
 .text.CMD_getTRXVU_TLM
                0x2000930c       0xf8 ./src/SubSystemModules/Housekepping/TelemetryCollector.o
                0x2000930c                CMD_getTRXVU_TLM
 .text.TelemetrySaveANT
                0x20009404       0x54 ./src/SubSystemModules/Housekepping/TelemetryCollector.o
                0x20009404                TelemetrySaveANT
 .text.CMD_getAnts_TLM
                0x20009458       0x60 ./src/SubSystemModules/Housekepping/TelemetryCollector.o
                0x20009458                CMD_getAnts_TLM
 .text.getSolarPanelsTLM
                0x200094b8       0xd4 ./src/SubSystemModules/Housekepping/TelemetryCollector.o
                0x200094b8                getSolarPanelsTLM
 .text.CMD_getSolar_TLM
                0x2000958c       0x68 ./src/SubSystemModules/Housekepping/TelemetryCollector.o
                0x2000958c                CMD_getSolar_TLM
 .text.TelemetrySaveWOD
                0x200095f4       0x4c ./src/SubSystemModules/Housekepping/TelemetryCollector.o
                0x200095f4                TelemetrySaveWOD
 .text.GetCurrentWODTelemetry
                0x20009640      0x78c ./src/SubSystemModules/Housekepping/TelemetryCollector.o
                0x20009640                GetCurrentWODTelemetry
 .text.CMD_EPS_ResetWDT
                0x20009dcc       0x2c ./src/SubSystemModules/Communication/SubsystemCommands/EPS_Commands.o
                0x20009dcc                CMD_EPS_ResetWDT
 .text.CMD_DeleteFileByTime
                0x20009df8      0x108 ./src/SubSystemModules/Communication/SubsystemCommands/FS_Commands.o
                0x20009df8                CMD_DeleteFileByTime
 .text.CMD_DeleteFilesOfType
                0x20009f00       0xa8 ./src/SubSystemModules/Communication/SubsystemCommands/FS_Commands.o
                0x20009f00                CMD_DeleteFilesOfType
 .text.CMD_DeleteFS
                0x20009fa8       0x24 ./src/SubSystemModules/Communication/SubsystemCommands/FS_Commands.o
                0x20009fa8                CMD_DeleteFS
 .text.CMD_GetLastFS_Error
                0x20009fcc       0x40 ./src/SubSystemModules/Communication/SubsystemCommands/FS_Commands.o
                0x20009fcc                CMD_GetLastFS_Error
 .text.CMD_FreeSpace
                0x2000a00c       0x58 ./src/SubSystemModules/Communication/SubsystemCommands/FS_Commands.o
                0x2000a00c                CMD_FreeSpace
 .text.CMD_isFS_Corrupt
                0x2000a064       0x40 ./src/SubSystemModules/Communication/SubsystemCommands/FS_Commands.o
                0x2000a064                CMD_isFS_Corrupt
 .text.CMD_GenericI2C
                0x2000a0a4      0x164 ./src/SubSystemModules/Communication/SubsystemCommands/Maintanence_Commands.o
                0x2000a0a4                CMD_GenericI2C
 .text.CMD_FRAM_ReadAndTransmitt
                0x2000a208      0x128 ./src/SubSystemModules/Communication/SubsystemCommands/Maintanence_Commands.o
                0x2000a208                CMD_FRAM_ReadAndTransmitt
 .text.CMD_FRAM_WriteAndTransmitt
                0x2000a330      0x138 ./src/SubSystemModules/Communication/SubsystemCommands/Maintanence_Commands.o
                0x2000a330                CMD_FRAM_WriteAndTransmitt
 .text.CMD_FRAM_Start
                0x2000a468       0x58 ./src/SubSystemModules/Communication/SubsystemCommands/Maintanence_Commands.o
                0x2000a468                CMD_FRAM_Start
 .text.CMD_FRAM_Stop
                0x2000a4c0       0x3c ./src/SubSystemModules/Communication/SubsystemCommands/Maintanence_Commands.o
                0x2000a4c0                CMD_FRAM_Stop
 .text.CMD_FRAM_Restart
                0x2000a4fc       0x40 ./src/SubSystemModules/Communication/SubsystemCommands/Maintanence_Commands.o
                0x2000a4fc                CMD_FRAM_Restart
 .text.CMD_UpdateSatTime
                0x2000a53c       0xb4 ./src/SubSystemModules/Communication/SubsystemCommands/Maintanence_Commands.o
                0x2000a53c                CMD_UpdateSatTime
 .text.CMD_GetSatTime
                0x2000a5f0       0x78 ./src/SubSystemModules/Communication/SubsystemCommands/Maintanence_Commands.o
                0x2000a5f0                CMD_GetSatTime
 .text.CMD_GetSatUptime
                0x2000a668       0x60 ./src/SubSystemModules/Communication/SubsystemCommands/Maintanence_Commands.o
                0x2000a668                CMD_GetSatUptime
 .text.CMD_AntennaDeploy
                0x2000a6c8       0x40 ./src/SubSystemModules/Communication/SubsystemCommands/Maintanence_Commands.o
                0x2000a6c8                CMD_AntennaDeploy
 .text.CMD_setLogLevel
                0x2000a708       0x94 ./src/SubSystemModules/Communication/SubsystemCommands/Maintanence_Commands.o
                0x2000a708                CMD_setLogLevel
 .text.CMD_SetTLM_CollectionCycle
                0x2000a79c      0x1a0 ./src/SubSystemModules/Communication/SubsystemCommands/Maintanence_Commands.o
                0x2000a79c                CMD_SetTLM_CollectionCycle
 .text.CMD_GetTLM_CollectionCycle
                0x2000a93c      0x170 ./src/SubSystemModules/Communication/SubsystemCommands/Maintanence_Commands.o
                0x2000a93c                CMD_GetTLM_CollectionCycle
 .text.CMD_ResetComponent
                0x2000aaac      0x264 ./src/SubSystemModules/Communication/SubsystemCommands/Maintanence_Commands.o
                0x2000aaac                CMD_ResetComponent
 .text.CMD_StartDump
                0x2000ad10       0x34 ./src/SubSystemModules/Communication/SubsystemCommands/TRXVU_Commands.o
                0x2000ad10                CMD_StartDump
 .text.CMD_SendDumpAbortRequest
                0x2000ad44       0x24 ./src/SubSystemModules/Communication/SubsystemCommands/TRXVU_Commands.o
                0x2000ad44                CMD_SendDumpAbortRequest
 .text.CMD_MuteTRXVU
                0x2000ad68       0x5c ./src/SubSystemModules/Communication/SubsystemCommands/TRXVU_Commands.o
                0x2000ad68                CMD_MuteTRXVU
 .text.CMD_UnMuteTRXVU
                0x2000adc4       0x24 ./src/SubSystemModules/Communication/SubsystemCommands/TRXVU_Commands.o
                0x2000adc4                CMD_UnMuteTRXVU
 .text.CMD_GetBeaconInterval
                0x2000ade8       0x60 ./src/SubSystemModules/Communication/SubsystemCommands/TRXVU_Commands.o
                0x2000ade8                CMD_GetBeaconInterval
 .text.CMD_GetTxUptime
                0x2000ae48       0x5c ./src/SubSystemModules/Communication/SubsystemCommands/TRXVU_Commands.o
                0x2000ae48                CMD_GetTxUptime
 .text.CMD_GetRxUptime
                0x2000aea4       0x5c ./src/SubSystemModules/Communication/SubsystemCommands/TRXVU_Commands.o
                0x2000aea4                CMD_GetRxUptime
 .text.CMD_GetNumOfOnlineCommands
                0x2000af00       0x54 ./src/SubSystemModules/Communication/SubsystemCommands/TRXVU_Commands.o
                0x2000af00                CMD_GetNumOfOnlineCommands
 .text.CMD_AntSetArmStatus
                0x2000af54       0x9c ./src/SubSystemModules/Communication/SubsystemCommands/TRXVU_Commands.o
                0x2000af54                CMD_AntSetArmStatus
 .text.CMD_AntGetArmStatus
                0x2000aff0       0x64 ./src/SubSystemModules/Communication/SubsystemCommands/TRXVU_Commands.o
                0x2000aff0                CMD_AntGetArmStatus
 .text.CMD_AntGetUptime
                0x2000b054       0x6c ./src/SubSystemModules/Communication/SubsystemCommands/TRXVU_Commands.o
                0x2000b054                CMD_AntGetUptime
 .text.CMD_AntCancelDeployment
                0x2000b0c0       0x40 ./src/SubSystemModules/Communication/SubsystemCommands/TRXVU_Commands.o
                0x2000b0c0                CMD_AntCancelDeployment
 .text.CMD_AntStopAutoDeployment
                0x2000b100       0x48 ./src/SubSystemModules/Communication/SubsystemCommands/TRXVU_Commands.o
                0x2000b100                CMD_AntStopAutoDeployment
 .text.SendAckPacket
                0x2000b148       0xa8 ./src/SubSystemModules/Communication/AckHandler.o
                0x2000b148                SendAckPacket
 .text.SendErrorMSG
                0x2000b1f0       0xc4 ./src/SubSystemModules/Communication/AckHandler.o
                0x2000b1f0                SendErrorMSG
 .text.ActUponCommand
                0x2000b2b4      0x1ac ./src/SubSystemModules/Communication/ActUponCommand.o
                0x2000b2b4                ActUponCommand
 .text.InitBeaconParams
                0x2000b460       0x74 ./src/SubSystemModules/Communication/Beacon.o
                0x2000b460                InitBeaconParams
 .text.BeaconLogic
                0x2000b4d4      0x184 ./src/SubSystemModules/Communication/Beacon.o
                0x2000b4d4                BeaconLogic
 .text.UpdateBeaconInterval
                0x2000b658       0xe8 ./src/SubSystemModules/Communication/Beacon.o
                0x2000b658                UpdateBeaconInterval
 .text.trxvu_command_router
                0x2000b740      0x484 ./src/SubSystemModules/Communication/CommandDictionary.o
                0x2000b740                trxvu_command_router
 .text.eps_command_router
                0x2000bbc4       0xa4 ./src/SubSystemModules/Communication/CommandDictionary.o
                0x2000bbc4                eps_command_router
 .text.telemetry_command_router
                0x2000bc68       0xd4 ./src/SubSystemModules/Communication/CommandDictionary.o
                0x2000bc68                telemetry_command_router
 .text.managment_command_router
                0x2000bd3c      0x300 ./src/SubSystemModules/Communication/CommandDictionary.o
                0x2000bd3c                managment_command_router
 .text.filesystem_command_router
                0x2000c03c      0x10c ./src/SubSystemModules/Communication/CommandDictionary.o
                0x2000c03c                filesystem_command_router
 .text.ParseDataToCommand
                0x2000c148      0x268 ./src/SubSystemModules/Communication/SatCommandHandler.o
                0x2000c148                ParseDataToCommand
 .text.AssembleCommand
                0x2000c3b0      0x1f8 ./src/SubSystemModules/Communication/SatCommandHandler.o
                0x2000c3b0                AssembleCommand
 .text.GetOnlineCommand
                0x2000c5a8      0x104 ./src/SubSystemModules/Communication/SatCommandHandler.o
                0x2000c5a8                GetOnlineCommand
 .text.InitTxModule
                0x2000c6ac       0xec ./src/SubSystemModules/Communication/SatDataTx.o
                0x2000c6ac                InitTxModule
 .text.muteTRXVU
                0x2000c798       0xbc ./src/SubSystemModules/Communication/SatDataTx.o
                0x2000c798                muteTRXVU
 .text.UnMuteTRXVU
                0x2000c854       0x60 ./src/SubSystemModules/Communication/SatDataTx.o
                0x2000c854                UnMuteTRXVU
 .text.GetMuteFlag
                0x2000c8b4       0x24 ./src/SubSystemModules/Communication/SatDataTx.o
                0x2000c8b4                GetMuteFlag
 .text.CheckForMuteEnd
                0x2000c8d8       0x70 ./src/SubSystemModules/Communication/SatDataTx.o
                0x2000c8d8                CheckForMuteEnd
 .text.GetNumberOfFramesInBuffer
                0x2000c948       0x50 ./src/SubSystemModules/Communication/SatDataTx.o
                0x2000c948                GetNumberOfFramesInBuffer
 .text.CheckTransmitionAllowed
                0x2000c998       0x98 ./src/SubSystemModules/Communication/SatDataTx.o
                0x2000c998                CheckTransmitionAllowed
 .text.TransmitDataAsSPL_Packet
                0x2000ca30      0x13c ./src/SubSystemModules/Communication/SatDataTx.o
                0x2000ca30                TransmitDataAsSPL_Packet
 .text.TransmitSplPacket
                0x2000cb6c       0xf0 ./src/SubSystemModules/Communication/SatDataTx.o
                0x2000cb6c                TransmitSplPacket
 .text.setLastAntsAutoDeploymentTime
                0x2000cc5c       0x3c ./src/SubSystemModules/Communication/TRXVU.o
                0x2000cc5c                setLastAntsAutoDeploymentTime
 .text.HandleOpenAnts
                0x2000cc98       0x54 ./src/SubSystemModules/Communication/TRXVU.o
                0x2000cc98                HandleOpenAnts
 .text.HandleIdleAndMuteTime
                0x2000ccec       0x8c ./src/SubSystemModules/Communication/TRXVU.o
                0x2000ccec                HandleIdleAndMuteTime
 .text.HandleTransponderTime
                0x2000cd78       0x30 ./src/SubSystemModules/Communication/TRXVU.o
                0x2000cd78                HandleTransponderTime
 .text.InitAnts
                0x2000cda8       0x78 ./src/SubSystemModules/Communication/TRXVU.o
                0x2000cda8                InitAnts
 .text.InitTrxvu
                0x2000ce20      0x108 ./src/SubSystemModules/Communication/TRXVU.o
                0x2000ce20                InitTrxvu
 .text.TRX_Logic
                0x2000cf28      0x168 ./src/SubSystemModules/Communication/TRXVU.o
                0x2000cf28                TRX_Logic
 .text.CMD_SetIdleOn
                0x2000d090       0xfc ./src/SubSystemModules/Communication/TRXVU.o
                0x2000d090                CMD_SetIdleOn
 .text.SetIdleOff
                0x2000d18c       0x94 ./src/SubSystemModules/Communication/TRXVU.o
                0x2000d18c                SetIdleOff
 .text.CMD_SetIdleOff
                0x2000d220       0x28 ./src/SubSystemModules/Communication/TRXVU.o
                0x2000d220                CMD_SetIdleOff
 .text.areAntennasOpen
                0x2000d248       0x7c ./src/SubSystemModules/Communication/TRXVU.o
                0x2000d248                areAntennasOpen
 .text.initTransponder
                0x2000d2c4      0x100 ./src/SubSystemModules/Communication/Transponder.o
                0x2000d2c4                initTransponder
 .text.set_transonder_mode
                0x2000d3c4       0xcc ./src/SubSystemModules/Communication/Transponder.o
                0x2000d3c4                set_transonder_mode
 .text.set_transponder_RSSI
                0x2000d490       0x58 ./src/SubSystemModules/Communication/Transponder.o
                0x2000d490                set_transponder_RSSI
 .text.CMD_turnOnTransponder
                0x2000d4e8      0x1a4 ./src/SubSystemModules/Communication/Transponder.o
                0x2000d4e8                CMD_turnOnTransponder
 .text.CMD_set_transponder_RSSI
                0x2000d68c       0xc4 ./src/SubSystemModules/Communication/Transponder.o
                0x2000d68c                CMD_set_transponder_RSSI
 .text.CMD_turnOffTransponder
                0x2000d750       0x74 ./src/SubSystemModules/Communication/Transponder.o
                0x2000d750                CMD_turnOffTransponder
 .text.getTransponderMode
                0x2000d7c4       0x24 ./src/SubSystemModules/Communication/Transponder.o
                0x2000d7c4                getTransponderMode
 .text.checkEndTransponderMode
                0x2000d7e8       0x80 ./src/SubSystemModules/Communication/Transponder.o
                0x2000d7e8                checkEndTransponderMode
 .text.getDuration
                0x2000d868       0x80 ./src/SubSystemModules/Communication/Transponder.o
                0x2000d868                getDuration
 .text.isFirstActivation
                0x2000d8e8       0x74 ./src/InitSystem.o
                0x2000d8e8                isFirstActivation
 .text.firstActivationProcedure
                0x2000d95c      0x15c ./src/InitSystem.o
                0x2000d95c                firstActivationProcedure
 .text.StartFRAM
                0x2000dab8       0x18 ./src/InitSystem.o
                0x2000dab8                StartFRAM
 .text.StartI2C
                0x2000dad0       0x24 ./src/InitSystem.o
                0x2000dad0                StartI2C
 .text.StartSPI
                0x2000daf4       0x20 ./src/InitSystem.o
                0x2000daf4                StartSPI
 .text.StartTIME
                0x2000db14       0xd4 ./src/InitSystem.o
                0x2000db14                StartTIME
 .text.autoDeploy
                0x2000dbe8      0x18c ./src/InitSystem.o
                0x2000dbe8                autoDeploy
 .text.DeploySystem
                0x2000dd74       0x58 ./src/InitSystem.o
                0x2000dd74                DeploySystem
 .text.InitSubsystems
                0x2000ddcc      0x2d8 ./src/InitSystem.o
                0x2000ddcc                InitSubsystems
 .text.getSdIndex
                0x2000e0a4       0x44 ./src/TLM_management.o
 .text.setSdIndex
                0x2000e0e8       0x4c ./src/TLM_management.o
 .text.sd_format
                0x2000e134       0x28 ./src/TLM_management.o
                0x2000e134                sd_format
 .text.getNumOfFilesInFS
                0x2000e15c       0x44 ./src/TLM_management.o
 .text.setNumOfFilesInFS
                0x2000e1a0       0x48 ./src/TLM_management.o
 .text.f_managed_enterFS
                0x2000e1e8       0x18 ./src/TLM_management.o
                0x2000e1e8                f_managed_enterFS
 .text.f_managed_open
                0x2000e200       0x60 ./src/TLM_management.o
                0x2000e200                f_managed_open
 .text.f_managed_close
                0x2000e260       0x3c ./src/TLM_management.o
                0x2000e260                f_managed_close
 .text.createSemahores_FS
                0x2000e29c       0x78 ./src/TLM_management.o
                0x2000e29c                createSemahores_FS
 .text.formatAndCreateFiles
                0x2000e314       0x68 ./src/TLM_management.o
                0x2000e314                formatAndCreateFiles
 .text.InitializeFS
                0x2000e37c      0x150 ./src/TLM_management.o
                0x2000e37c                InitializeFS
 .text.c_fileCreate
                0x2000e4cc      0x12c ./src/TLM_management.o
                0x2000e4cc                c_fileCreate
 .text.writewithEpochtime
                0x2000e5f8       0x90 ./src/TLM_management.o
 .text.write    0x2000e688       0x3c ./src/TLM_management.o
 .text.get_C_FILE_struct
                0x2000e6c4       0xe4 ./src/TLM_management.o
                0x2000e6c4                get_C_FILE_struct
 .text.getFileIndex
                0x2000e7a8       0x84 ./src/TLM_management.o
                0x2000e7a8                getFileIndex
 .text.get_file_name_by_index
                0x2000e82c       0x44 ./src/TLM_management.o
                0x2000e82c                get_file_name_by_index
 .text.c_fileWrite
                0x2000e870       0x38 ./src/TLM_management.o
                0x2000e870                c_fileWrite
 .text._c_fileWrite
                0x2000e8a8      0x194 ./src/TLM_management.o
                0x2000e8a8                _c_fileWrite
 .text.deleteElementsFromFile
                0x2000ea3c      0x1a0 ./src/TLM_management.o
 .text.c_fileGetSizeOfElement
                0x2000ebdc       0x5c ./src/TLM_management.o
                0x2000ebdc                c_fileGetSizeOfElement
 .text.c_fileDeleteElements
                0x2000ec38      0x158 ./src/TLM_management.o
                0x2000ec38                c_fileDeleteElements
 .text.DeInitializeFS
                0x2000ed90       0x78 ./src/TLM_management.o
                0x2000ed90                DeInitializeFS
 .text.taskMain
                0x2000ee08       0x28 ./src/main.o
                0x2000ee08                taskMain
 .text.main     0x2000ee30       0xa0 ./src/main.o
                0x2000ee30                main
 .text.clearPDCtransfers
                0x2000eed0       0xe8 C:/Users/sattlite/Documents/GitHub/tevel2/GlobusSatProject/..//hal/hal/lib\libHALD.a(SPI.o)
 .text.SPI_start
                0x2000efb8      0x4b0 C:/Users/sattlite/Documents/GitHub/tevel2/GlobusSatProject/..//hal/hal/lib\libHALD.a(SPI.o)
                0x2000efb8                SPI_start
 .text.SPI_stop
                0x2000f468      0x244 C:/Users/sattlite/Documents/GitHub/tevel2/GlobusSatProject/..//hal/hal/lib\libHALD.a(SPI.o)
                0x2000f468                SPI_stop
 .text.SPI_queueTransfer
                0x2000f6ac      0x1cc C:/Users/sattlite/Documents/GitHub/tevel2/GlobusSatProject/..//hal/hal/lib\libHALD.a(SPI.o)
                0x2000f6ac                SPI_queueTransfer
 .text.SPI_internalCallback
                0x2000f878       0x64 C:/Users/sattlite/Documents/GitHub/tevel2/GlobusSatProject/..//hal/hal/lib\libHALD.a(SPI.o)
 .text.SPI_writeRead
                0x2000f8dc      0x1c0 C:/Users/sattlite/Documents/GitHub/tevel2/GlobusSatProject/..//hal/hal/lib\libHALD.a(SPI.o)
                0x2000f8dc                SPI_writeRead
 .text.waitForTransfer
                0x2000fa9c       0x78 C:/Users/sattlite/Documents/GitHub/tevel2/GlobusSatProject/..//hal/hal/lib\libHALD.a(SPI.o)
 .text.SPI_getDriverState
                0x2000fb14       0x58 C:/Users/sattlite/Documents/GitHub/tevel2/GlobusSatProject/..//hal/hal/lib\libHALD.a(SPI.o)
                0x2000fb14                SPI_getDriverState
 .text.validateTransferParameters
                0x2000fb6c      0x10c C:/Users/sattlite/Documents/GitHub/tevel2/GlobusSatProject/..//hal/hal/lib\libHALD.a(I2C.o)
 .text.I2C_queueTransfer
                0x2000fc78       0xfc C:/Users/sattlite/Documents/GitHub/tevel2/GlobusSatProject/..//hal/hal/lib\libHALD.a(I2C.o)
                0x2000fc78                I2C_queueTransfer
 .text.I2C_internalCallback
                0x2000fd74       0x64 C:/Users/sattlite/Documents/GitHub/tevel2/GlobusSatProject/..//hal/hal/lib\libHALD.a(I2C.o)
 .text.I2C_doBlockingTransfer
                0x2000fdd8      0x180 C:/Users/sattlite/Documents/GitHub/tevel2/GlobusSatProject/..//hal/hal/lib\libHALD.a(I2C.o)
 .text.I2C_write
                0x2000ff58      0x110 C:/Users/sattlite/Documents/GitHub/tevel2/GlobusSatProject/..//hal/hal/lib\libHALD.a(I2C.o)
                0x2000ff58                I2C_write
 .text.I2C_read
                0x20010068      0x110 C:/Users/sattlite/Documents/GitHub/tevel2/GlobusSatProject/..//hal/hal/lib\libHALD.a(I2C.o)
                0x20010068                I2C_read
 .text.I2C_writeRead
                0x20010178      0x17c C:/Users/sattlite/Documents/GitHub/tevel2/GlobusSatProject/..//hal/hal/lib\libHALD.a(I2C.o)
                0x20010178                I2C_writeRead
 .text.I2C_start
                0x200102f4      0x2e8 C:/Users/sattlite/Documents/GitHub/tevel2/GlobusSatProject/..//hal/hal/lib\libHALD.a(I2C.o)
                0x200102f4                I2C_start
 .text.I2C_stop
                0x200105dc      0x184 C:/Users/sattlite/Documents/GitHub/tevel2/GlobusSatProject/..//hal/hal/lib\libHALD.a(I2C.o)
                0x200105dc                I2C_stop
 .text.I2C_setTransferTimeout
                0x20010760       0x48 C:/Users/sattlite/Documents/GitHub/tevel2/GlobusSatProject/..//hal/hal/lib\libHALD.a(I2C.o)
                0x20010760                I2C_setTransferTimeout
 .text.ADC_ConvertRaw10bitToMillivolt
                0x200107a8       0x50 C:/Users/sattlite/Documents/GitHub/tevel2/GlobusSatProject/..//hal/hal/lib\libHALD.a(ADC.o)
                0x200107a8                ADC_ConvertRaw10bitToMillivolt
 .text.ADC_SingleShot
                0x200107f8      0x230 C:/Users/sattlite/Documents/GitHub/tevel2/GlobusSatProject/..//hal/hal/lib\libHALD.a(ADC.o)
                0x200107f8                ADC_SingleShot
 .text.FRAM_start
                0x20010a28      0x120 C:/Users/sattlite/Documents/GitHub/tevel2/GlobusSatProject/..//hal/hal/lib\libHALD.a(FRAM.o)
                0x20010a28                FRAM_start
 .text.FRAM_stop
                0x20010b48       0x6c C:/Users/sattlite/Documents/GitHub/tevel2/GlobusSatProject/..//hal/hal/lib\libHALD.a(FRAM.o)
                0x20010b48                FRAM_stop
 .text.FRAM_dummyCallback
                0x20010bb4       0x24 C:/Users/sattlite/Documents/GitHub/tevel2/GlobusSatProject/..//hal/hal/lib\libHALD.a(FRAM.o)
                0x20010bb4                FRAM_dummyCallback
 .text.FRAM_unlockingCallback
                0x20010bd8       0x64 C:/Users/sattlite/Documents/GitHub/tevel2/GlobusSatProject/..//hal/hal/lib\libHALD.a(FRAM.o)
                0x20010bd8                FRAM_unlockingCallback
 .text.doBlockingTransfer
                0x20010c3c       0x78 C:/Users/sattlite/Documents/GitHub/tevel2/GlobusSatProject/..//hal/hal/lib\libHALD.a(FRAM.o)
 .text.FRAM_writePacket
                0x20010cb4      0x134 C:/Users/sattlite/Documents/GitHub/tevel2/GlobusSatProject/..//hal/hal/lib\libHALD.a(FRAM.o)
 .text.FRAM_write
                0x20010de8      0x1e0 C:/Users/sattlite/Documents/GitHub/tevel2/GlobusSatProject/..//hal/hal/lib\libHALD.a(FRAM.o)
                0x20010de8                FRAM_write
 .text.FRAM_readPacket
                0x20010fc8       0xf0 C:/Users/sattlite/Documents/GitHub/tevel2/GlobusSatProject/..//hal/hal/lib\libHALD.a(FRAM.o)
 .text.FRAM_read
                0x200110b8      0x1ec C:/Users/sattlite/Documents/GitHub/tevel2/GlobusSatProject/..//hal/hal/lib\libHALD.a(FRAM.o)
                0x200110b8                FRAM_read
 .text.Time_start
                0x200112a4      0x170 C:/Users/sattlite/Documents/GitHub/tevel2/GlobusSatProject/..//hal/hal/lib\libHALD.a(Time.o)
                0x200112a4                Time_start
 .text.taskTimeSync
                0x20011414       0x64 C:/Users/sattlite/Documents/GitHub/tevel2/GlobusSatProject/..//hal/hal/lib\libHALD.a(Time.o)
 .text.Time_convertEpochToTime
                0x20011478      0x100 C:/Users/sattlite/Documents/GitHub/tevel2/GlobusSatProject/..//hal/hal/lib\libHALD.a(Time.o)
                0x20011478                Time_convertEpochToTime
 .text.Time_calculateSecondsOfYear
                0x20011578       0xd8 C:/Users/sattlite/Documents/GitHub/tevel2/GlobusSatProject/..//hal/hal/lib\libHALD.a(Time.o)
 .text.Time_set
                0x20011650       0xd8 C:/Users/sattlite/Documents/GitHub/tevel2/GlobusSatProject/..//hal/hal/lib\libHALD.a(Time.o)
                0x20011650                Time_set
 .text.Time_isLeapYear
                0x20011728       0x98 C:/Users/sattlite/Documents/GitHub/tevel2/GlobusSatProject/..//hal/hal/lib\libHALD.a(Time.o)
                0x20011728                Time_isLeapYear
 .text.Time_get
                0x200117c0      0x478 C:/Users/sattlite/Documents/GitHub/tevel2/GlobusSatProject/..//hal/hal/lib\libHALD.a(Time.o)
                0x200117c0                Time_get
 .text.Time_getUnixEpoch
                0x20011c38      0x108 C:/Users/sattlite/Documents/GitHub/tevel2/GlobusSatProject/..//hal/hal/lib\libHALD.a(Time.o)
                0x20011c38                Time_getUnixEpoch
 .text.Time_secondsOfYearToTime
                0x20011d40      0x33c C:/Users/sattlite/Documents/GitHub/tevel2/GlobusSatProject/..//hal/hal/lib\libHALD.a(Time.o)
 .text.Time_setUnixEpoch
                0x2001207c       0x54 C:/Users/sattlite/Documents/GitHub/tevel2/GlobusSatProject/..//hal/hal/lib\libHALD.a(Time.o)
                0x2001207c                Time_setUnixEpoch
 .text.Time_getUptimeSeconds
                0x200120d0       0x28 C:/Users/sattlite/Documents/GitHub/tevel2/GlobusSatProject/..//hal/hal/lib\libHALD.a(Time.o)
                0x200120d0                Time_getUptimeSeconds
 .text.Time_sync
                0x200120f8      0x1a8 C:/Users/sattlite/Documents/GitHub/tevel2/GlobusSatProject/..//hal/hal/lib\libHALD.a(Time.o)
                0x200120f8                Time_sync
 .text.Time_syncIfNeeded
                0x200122a0       0xac C:/Users/sattlite/Documents/GitHub/tevel2/GlobusSatProject/..//hal/hal/lib\libHALD.a(Time.o)
                0x200122a0                Time_syncIfNeeded
 .text.WDT_start
                0x2001234c       0x48 C:/Users/sattlite/Documents/GitHub/tevel2/GlobusSatProject/..//hal/hal/lib\libHALD.a(WatchDogTimerNoOS.o)
                0x2001234c                WDT_start
 .text.RTT_start
                0x20012394       0x24 C:/Users/sattlite/Documents/GitHub/tevel2/GlobusSatProject/..//hal/hal/lib\libHALD.a(RTT.o)
                0x20012394                RTT_start
 .text.RTT_GetTime
                0x200123b8       0x24 C:/Users/sattlite/Documents/GitHub/tevel2/GlobusSatProject/..//hal/hal/lib\libHALD.a(RTT.o)
                0x200123b8                RTT_GetTime
 .text.RTC_start
                0x200123dc       0x3c C:/Users/sattlite/Documents/GitHub/tevel2/GlobusSatProject/..//hal/hal/lib\libHALD.a(RTC.o)
                0x200123dc                RTC_start
 .text.RTC_setTime
                0x20012418      0x2a4 C:/Users/sattlite/Documents/GitHub/tevel2/GlobusSatProject/..//hal/hal/lib\libHALD.a(RTC.o)
                0x20012418                RTC_setTime
 .text.RTC_getTime
                0x200126bc      0x230 C:/Users/sattlite/Documents/GitHub/tevel2/GlobusSatProject/..//hal/hal/lib\libHALD.a(RTC.o)
                0x200126bc                RTC_getTime
 .text.RTC_checkTimeValid
                0x200128ec       0xd8 C:/Users/sattlite/Documents/GitHub/tevel2/GlobusSatProject/..//hal/hal/lib\libHALD.a(RTC.o)
                0x200128ec                RTC_checkTimeValid
 .text.WDT_startWatchdogKickTask
                0x200129c4       0xb4 C:/Users/sattlite/Documents/GitHub/tevel2/GlobusSatProject/..//hal/hal/lib\libHALD.a(WatchDogTimerOS.o)
                0x200129c4                WDT_startWatchdogKickTask
 .text.WDT_forceKickEveryNms
                0x20012a78       0x50 C:/Users/sattlite/Documents/GitHub/tevel2/GlobusSatProject/..//hal/hal/lib\libHALD.a(WatchDogTimerOS.o)
                0x20012a78                WDT_forceKickEveryNms
 .text.LED_glow
                0x20012ac8       0x58 C:/Users/sattlite/Documents/GitHub/tevel2/GlobusSatProject/..//hal/hal/lib\libHALD.a(LED.o)
                0x20012ac8                LED_glow
 .text.LED_dark
                0x20012b20       0x58 C:/Users/sattlite/Documents/GitHub/tevel2/GlobusSatProject/..//hal/hal/lib\libHALD.a(LED.o)
                0x20012b20                LED_dark
 .text.LED_toggle
                0x20012b78       0x50 C:/Users/sattlite/Documents/GitHub/tevel2/GlobusSatProject/..//hal/hal/lib\libHALD.a(LED.o)
                0x20012b78                LED_toggle
 .text.fm_initvolume
                0x20012bc8       0x70 C:/Users/sattlite/Documents/GitHub/tevel2/GlobusSatProject/..//hal/hcc/lib\libHCCD.a(fat_m.o)
                0x20012bc8                fm_initvolume
 .text.fm_delvolume
                0x20012c38       0x60 C:/Users/sattlite/Documents/GitHub/tevel2/GlobusSatProject/..//hal/hcc/lib\libHCCD.a(fat_m.o)
                0x20012c38                fm_delvolume
 .text.fm_format
                0x20012c98       0x68 C:/Users/sattlite/Documents/GitHub/tevel2/GlobusSatProject/..//hal/hcc/lib\libHCCD.a(fat_m.o)
                0x20012c98                fm_format
 .text.fm_getdrive
                0x20012d00       0x70 C:/Users/sattlite/Documents/GitHub/tevel2/GlobusSatProject/..//hal/hcc/lib\libHCCD.a(fat_m.o)
                0x20012d00                fm_getdrive
 .text.fm_getfreespace
                0x20012d70       0x68 C:/Users/sattlite/Documents/GitHub/tevel2/GlobusSatProject/..//hal/hcc/lib\libHCCD.a(fat_m.o)
                0x20012d70                fm_getfreespace
 .text.fm_mkdir
                0x20012dd8       0x60 C:/Users/sattlite/Documents/GitHub/tevel2/GlobusSatProject/..//hal/hcc/lib\libHCCD.a(fat_m.o)
                0x20012dd8                fm_mkdir
 .text.fm_rename
                0x20012e38       0x68 C:/Users/sattlite/Documents/GitHub/tevel2/GlobusSatProject/..//hal/hcc/lib\libHCCD.a(fat_m.o)
                0x20012e38                fm_rename
 .text.fm_filelength
                0x20012ea0       0x60 C:/Users/sattlite/Documents/GitHub/tevel2/GlobusSatProject/..//hal/hcc/lib\libHCCD.a(fat_m.o)
                0x20012ea0                fm_filelength
 .text.fm_close
                0x20012f00       0x60 C:/Users/sattlite/Documents/GitHub/tevel2/GlobusSatProject/..//hal/hcc/lib\libHCCD.a(fat_m.o)
                0x20012f00                fm_close
 .text.fm_flush
                0x20012f60       0x60 C:/Users/sattlite/Documents/GitHub/tevel2/GlobusSatProject/..//hal/hcc/lib\libHCCD.a(fat_m.o)
                0x20012f60                fm_flush
 .text.fm_open  0x20012fc0       0x68 C:/Users/sattlite/Documents/GitHub/tevel2/GlobusSatProject/..//hal/hcc/lib\libHCCD.a(fat_m.o)
                0x20012fc0                fm_open
 .text.fm_read  0x20013028       0x7c C:/Users/sattlite/Documents/GitHub/tevel2/GlobusSatProject/..//hal/hcc/lib\libHCCD.a(fat_m.o)
                0x20013028                fm_read
 .text.fm_write
                0x200130a4       0x7c C:/Users/sattlite/Documents/GitHub/tevel2/GlobusSatProject/..//hal/hcc/lib\libHCCD.a(fat_m.o)
                0x200130a4                fm_write
 .text.fm_seek  0x20013120       0x70 C:/Users/sattlite/Documents/GitHub/tevel2/GlobusSatProject/..//hal/hcc/lib\libHCCD.a(fat_m.o)
                0x20013120                fm_seek
 .text.fm_delete
                0x20013190       0x64 C:/Users/sattlite/Documents/GitHub/tevel2/GlobusSatProject/..//hal/hcc/lib\libHCCD.a(fat_m.o)
                0x20013190                fm_delete
 .text.fm_getlasterror
                0x200131f4       0x40 C:/Users/sattlite/Documents/GitHub/tevel2/GlobusSatProject/..//hal/hcc/lib\libHCCD.a(fat_m.o)
                0x200131f4                fm_getlasterror
 .text._f_invalidatedir
                0x20013234       0x28 C:/Users/sattlite/Documents/GitHub/tevel2/GlobusSatProject/..//hal/hcc/lib\libHCCD.a(fat.o)
                0x20013234                _f_invalidatedir
 .text._f_getdirsector
                0x2001325c       0x88 C:/Users/sattlite/Documents/GitHub/tevel2/GlobusSatProject/..//hal/hcc/lib\libHCCD.a(fat.o)
                0x2001325c                _f_getdirsector
 .text._f_writedirsector
                0x200132e4       0x74 C:/Users/sattlite/Documents/GitHub/tevel2/GlobusSatProject/..//hal/hcc/lib\libHCCD.a(fat.o)
                0x200132e4                _f_writedirsector
 .text._f_checknameinv
                0x20013358      0x180 C:/Users/sattlite/Documents/GitHub/tevel2/GlobusSatProject/..//hal/hcc/lib\libHCCD.a(fat.o)
 .text._f_checkname
                0x200134d8       0x7c C:/Users/sattlite/Documents/GitHub/tevel2/GlobusSatProject/..//hal/hcc/lib\libHCCD.a(fat.o)
 .text._f_checknamewc
                0x20013554       0xf8 C:/Users/sattlite/Documents/GitHub/tevel2/GlobusSatProject/..//hal/hcc/lib\libHCCD.a(fat.o)
 .text._f_setnameext
                0x2001364c      0x300 C:/Users/sattlite/Documents/GitHub/tevel2/GlobusSatProject/..//hal/hcc/lib\libHCCD.a(fat.o)
 .text._f_setfsname
                0x2001394c      0x584 C:/Users/sattlite/Documents/GitHub/tevel2/GlobusSatProject/..//hal/hcc/lib\libHCCD.a(fat.o)
 .text._f_findfile
                0x20013ed0      0x30c C:/Users/sattlite/Documents/GitHub/tevel2/GlobusSatProject/..//hal/hcc/lib\libHCCD.a(fat.o)
 .text._f_findpath
                0x200141dc      0x35c C:/Users/sattlite/Documents/GitHub/tevel2/GlobusSatProject/..//hal/hcc/lib\libHCCD.a(fat.o)
 .text.fn_getdcwd
                0x20014538      0x1e0 C:/Users/sattlite/Documents/GitHub/tevel2/GlobusSatProject/..//hal/hcc/lib\libHCCD.a(fat.o)
                0x20014538                fn_getdcwd
 .text.fn_move  0x20014718      0xad0 C:/Users/sattlite/Documents/GitHub/tevel2/GlobusSatProject/..//hal/hcc/lib\libHCCD.a(fat.o)
                0x20014718                fn_move
 .text.fn_rename
                0x200151e8      0x214 C:/Users/sattlite/Documents/GitHub/tevel2/GlobusSatProject/..//hal/hcc/lib\libHCCD.a(fat.o)
                0x200151e8                fn_rename
 .text._f_lock_resfile
                0x200153fc       0x6c C:/Users/sattlite/Documents/GitHub/tevel2/GlobusSatProject/..//hal/hcc/lib\libHCCD.a(fat.o)
 .text._f_unlock_resfile
                0x20015468       0x40 C:/Users/sattlite/Documents/GitHub/tevel2/GlobusSatProject/..//hal/hcc/lib\libHCCD.a(fat.o)
 .text._f_getintfile
                0x200154a8      0x124 C:/Users/sattlite/Documents/GitHub/tevel2/GlobusSatProject/..//hal/hcc/lib\libHCCD.a(fat.o)
 .text._f_addentry
                0x200155cc      0x540 C:/Users/sattlite/Documents/GitHub/tevel2/GlobusSatProject/..//hal/hcc/lib\libHCCD.a(fat.o)
 .text.fn_mkdir
                0x20015b0c      0x75c C:/Users/sattlite/Documents/GitHub/tevel2/GlobusSatProject/..//hal/hcc/lib\libHCCD.a(fat.o)
                0x20015b0c                fn_mkdir
 .text.fn_filelength
                0x20016268      0x1cc C:/Users/sattlite/Documents/GitHub/tevel2/GlobusSatProject/..//hal/hcc/lib\libHCCD.a(fat.o)
                0x20016268                fn_filelength
 .text.fn_open_sub
                0x20016434     0x1698 C:/Users/sattlite/Documents/GitHub/tevel2/GlobusSatProject/..//hal/hcc/lib\libHCCD.a(fat.o)
 .text.fn_open  0x20017acc       0x44 C:/Users/sattlite/Documents/GitHub/tevel2/GlobusSatProject/..//hal/hcc/lib\libHCCD.a(fat.o)
                0x20017acc                fn_open
 .text.fn_delete
                0x20017b10      0x490 C:/Users/sattlite/Documents/GitHub/tevel2/GlobusSatProject/..//hal/hcc/lib\libHCCD.a(fat.o)
                0x20017b10                fn_delete
 .text.fn_init  0x20017fa0      0x2dc C:/Users/sattlite/Documents/GitHub/tevel2/GlobusSatProject/..//hal/hcc/lib\libHCCD.a(fat_common.o)
                0x20017fa0                fn_init
 .text.fsn_delete
                0x2001827c       0xc8 C:/Users/sattlite/Documents/GitHub/tevel2/GlobusSatProject/..//hal/hcc/lib\libHCCD.a(fat_common.o)
                0x2001827c                fsn_delete
 .text._f_get16bitl
                0x20018344       0x4c C:/Users/sattlite/Documents/GitHub/tevel2/GlobusSatProject/..//hal/hcc/lib\libHCCD.a(fat_common.o)
                0x20018344                _f_get16bitl
 .text._f_set16bitl
                0x20018390       0x54 C:/Users/sattlite/Documents/GitHub/tevel2/GlobusSatProject/..//hal/hcc/lib\libHCCD.a(fat_common.o)
                0x20018390                _f_set16bitl
 .text._f_get32bitl
                0x200183e4       0x68 C:/Users/sattlite/Documents/GitHub/tevel2/GlobusSatProject/..//hal/hcc/lib\libHCCD.a(fat_common.o)
                0x200183e4                _f_get32bitl
 .text._f_set32bitl
                0x2001844c       0x78 C:/Users/sattlite/Documents/GitHub/tevel2/GlobusSatProject/..//hal/hcc/lib\libHCCD.a(fat_common.o)
                0x2001844c                _f_set32bitl
 .text._get8bit
                0x200184c4       0xa0 C:/Users/sattlite/Documents/GitHub/tevel2/GlobusSatProject/..//hal/hcc/lib\libHCCD.a(fat_common.o)
 .text._get16bitl
                0x20018564       0x40 C:/Users/sattlite/Documents/GitHub/tevel2/GlobusSatProject/..//hal/hcc/lib\libHCCD.a(fat_common.o)
 .text._get32bitl
                0x200185a4       0x3c C:/Users/sattlite/Documents/GitHub/tevel2/GlobusSatProject/..//hal/hcc/lib\libHCCD.a(fat_common.o)
 .text._set8bitzero
                0x200185e0       0x6c C:/Users/sattlite/Documents/GitHub/tevel2/GlobusSatProject/..//hal/hcc/lib\libHCCD.a(fat_common.o)
 .text._set8bit
                0x2001864c       0xa0 C:/Users/sattlite/Documents/GitHub/tevel2/GlobusSatProject/..//hal/hcc/lib\libHCCD.a(fat_common.o)
 .text._set16bitl
                0x200186ec       0x3c C:/Users/sattlite/Documents/GitHub/tevel2/GlobusSatProject/..//hal/hcc/lib\libHCCD.a(fat_common.o)
 .text._set32bitl
                0x20018728       0x34 C:/Users/sattlite/Documents/GitHub/tevel2/GlobusSatProject/..//hal/hcc/lib\libHCCD.a(fat_common.o)
 .text._f_setcardremoved
                0x2001875c       0x94 C:/Users/sattlite/Documents/GitHub/tevel2/GlobusSatProject/..//hal/hcc/lib\libHCCD.a(fat_common.o)
 .text._f_checkstatus
                0x200187f0      0x104 C:/Users/sattlite/Documents/GitHub/tevel2/GlobusSatProject/..//hal/hcc/lib\libHCCD.a(fat_common.o)
                0x200187f0                _f_checkstatus
 .text._f_drvgetphy
                0x200188f4      0x114 C:/Users/sattlite/Documents/GitHub/tevel2/GlobusSatProject/..//hal/hcc/lib\libHCCD.a(fat_common.o)
 .text._f_drvwritesector
                0x20018a08       0xdc C:/Users/sattlite/Documents/GitHub/tevel2/GlobusSatProject/..//hal/hcc/lib\libHCCD.a(fat_common.o)
 .text._f_drvreadsector
                0x20018ae4       0xa8 C:/Users/sattlite/Documents/GitHub/tevel2/GlobusSatProject/..//hal/hcc/lib\libHCCD.a(fat_common.o)
 .text._f_writesector
                0x20018b8c      0x23c C:/Users/sattlite/Documents/GitHub/tevel2/GlobusSatProject/..//hal/hcc/lib\libHCCD.a(fat_common.o)
                0x20018b8c                _f_writesector
 .text._f_readsector
                0x20018dc8      0x1dc C:/Users/sattlite/Documents/GitHub/tevel2/GlobusSatProject/..//hal/hcc/lib\libHCCD.a(fat_common.o)
                0x20018dc8                _f_readsector
 .text._f_getmaxcluster
                0x20018fa4       0x94 C:/Users/sattlite/Documents/GitHub/tevel2/GlobusSatProject/..//hal/hcc/lib\libHCCD.a(fat_common.o)
                0x20018fa4                _f_getmaxcluster
 .text._getsectorfromcluster
                0x20019038       0x68 C:/Users/sattlite/Documents/GitHub/tevel2/GlobusSatProject/..//hal/hcc/lib\libHCCD.a(fat_common.o)
 .text._f_buildsectors
                0x200190a0      0x268 C:/Users/sattlite/Documents/GitHub/tevel2/GlobusSatProject/..//hal/hcc/lib\libHCCD.a(fat_common.o)
 .text._f_getbootrecord
                0x20019308      0x5e4 C:/Users/sattlite/Documents/GitHub/tevel2/GlobusSatProject/..//hal/hcc/lib\libHCCD.a(fat_common.o)
 .text._f_readbootrecord
                0x200198ec      0x4f8 C:/Users/sattlite/Documents/GitHub/tevel2/GlobusSatProject/..//hal/hcc/lib\libHCCD.a(fat_common.o)
 .text._f_writebootrecord
                0x20019de4      0x5e4 C:/Users/sattlite/Documents/GitHub/tevel2/GlobusSatProject/..//hal/hcc/lib\libHCCD.a(fat_common.o)
 .text._f_flushcffiles
                0x2001a3c8      0x17c C:/Users/sattlite/Documents/GitHub/tevel2/GlobusSatProject/..//hal/hcc/lib\libHCCD.a(fat_common.o)
                0x2001a3c8                _f_flushcffiles
 .text._f_fatcache_flush
                0x2001a544      0x270 C:/Users/sattlite/Documents/GitHub/tevel2/GlobusSatProject/..//hal/hcc/lib\libHCCD.a(fat_common.o)
                0x2001a544                _f_fatcache_flush
 .text._f_writefatsector
                0x2001a7b4      0x100 C:/Users/sattlite/Documents/GitHub/tevel2/GlobusSatProject/..//hal/hcc/lib\libHCCD.a(fat_common.o)
                0x2001a7b4                _f_writefatsector
 .text._f_getfatsector
                0x2001a8b4      0x3bc C:/Users/sattlite/Documents/GitHub/tevel2/GlobusSatProject/..//hal/hcc/lib\libHCCD.a(fat_common.o)
 .text._f_setclustervalue
                0x2001ac70      0x490 C:/Users/sattlite/Documents/GitHub/tevel2/GlobusSatProject/..//hal/hcc/lib\libHCCD.a(fat_common.o)
                0x2001ac70                _f_setclustervalue
 .text._f_getclustervalue
                0x2001b100      0x388 C:/Users/sattlite/Documents/GitHub/tevel2/GlobusSatProject/..//hal/hcc/lib\libHCCD.a(fat_common.o)
                0x2001b100                _f_getclustervalue
 .text._f_close_drive_files
                0x2001b488       0xac C:/Users/sattlite/Documents/GitHub/tevel2/GlobusSatProject/..//hal/hcc/lib\libHCCD.a(fat_common.o)
 .text._f_inc_mount_count
                0x2001b534       0xa4 C:/Users/sattlite/Documents/GitHub/tevel2/GlobusSatProject/..//hal/hcc/lib\libHCCD.a(fat_common.o)
 .text._f_getvolume
                0x2001b5d8      0x2f8 C:/Users/sattlite/Documents/GitHub/tevel2/GlobusSatProject/..//hal/hcc/lib\libHCCD.a(fat_common.o)
                0x2001b5d8                _f_getvolume
 .text.fn_createdriver
                0x2001b8d0      0x118 C:/Users/sattlite/Documents/GitHub/tevel2/GlobusSatProject/..//hal/hcc/lib\libHCCD.a(fat_common.o)
                0x2001b8d0                fn_createdriver
 .text.fn_initvolume
                0x2001b9e8      0x12c C:/Users/sattlite/Documents/GitHub/tevel2/GlobusSatProject/..//hal/hcc/lib\libHCCD.a(fat_common.o)
                0x2001b9e8                fn_initvolume
 .text.fn_releasedriver
                0x2001bb14       0xf4 C:/Users/sattlite/Documents/GitHub/tevel2/GlobusSatProject/..//hal/hcc/lib\libHCCD.a(fat_common.o)
                0x2001bb14                fn_releasedriver
 .text.fn_initvolumepartition_sub
                0x2001bc08       0xe0 C:/Users/sattlite/Documents/GitHub/tevel2/GlobusSatProject/..//hal/hcc/lib\libHCCD.a(fat_common.o)
 .text.fn_initvolumepartition
                0x2001bce8       0xac C:/Users/sattlite/Documents/GitHub/tevel2/GlobusSatProject/..//hal/hcc/lib\libHCCD.a(fat_common.o)
                0x2001bce8                fn_initvolumepartition
 .text.fn_delvolume
                0x2001bd94      0x194 C:/Users/sattlite/Documents/GitHub/tevel2/GlobusSatProject/..//hal/hcc/lib\libHCCD.a(fat_common.o)
                0x2001bd94                fn_delvolume
 .text._f_clustertopos
                0x2001bf28       0xf8 C:/Users/sattlite/Documents/GitHub/tevel2/GlobusSatProject/..//hal/hcc/lib\libHCCD.a(fat_common.o)
                0x2001bf28                _f_clustertopos
 .text._f_prepareformat
                0x2001c020      0x8b8 C:/Users/sattlite/Documents/GitHub/tevel2/GlobusSatProject/..//hal/hcc/lib\libHCCD.a(fat_common.o)
 .text._f_resetfatentries
                0x2001c8d8      0x410 C:/Users/sattlite/Documents/GitHub/tevel2/GlobusSatProject/..//hal/hcc/lib\libHCCD.a(fat_common.o)
 .text._f_resetrootdir
                0x2001cce8       0xcc C:/Users/sattlite/Documents/GitHub/tevel2/GlobusSatProject/..//hal/hcc/lib\libHCCD.a(fat_common.o)
 .text._f_postformat
                0x2001cdb4      0x178 C:/Users/sattlite/Documents/GitHub/tevel2/GlobusSatProject/..//hal/hcc/lib\libHCCD.a(fat_common.o)
 .text.fn_format
                0x2001cf2c      0x148 C:/Users/sattlite/Documents/GitHub/tevel2/GlobusSatProject/..//hal/hcc/lib\libHCCD.a(fat_common.o)
                0x2001cf2c                fn_format
 .text._f_getcurrsector
                0x2001d074      0x6c8 C:/Users/sattlite/Documents/GitHub/tevel2/GlobusSatProject/..//hal/hcc/lib\libHCCD.a(fat_common.o)
                0x2001d074                _f_getcurrsector
 .text._f_getdecluster
                0x2001d73c       0x90 C:/Users/sattlite/Documents/GitHub/tevel2/GlobusSatProject/..//hal/hcc/lib\libHCCD.a(fat_common.o)
                0x2001d73c                _f_getdecluster
 .text._f_setdecluster
                0x2001d7cc       0x8c C:/Users/sattlite/Documents/GitHub/tevel2/GlobusSatProject/..//hal/hcc/lib\libHCCD.a(fat_common.o)
                0x2001d7cc                _f_setdecluster
 .text.fn_getdrive
                0x2001d858       0x30 C:/Users/sattlite/Documents/GitHub/tevel2/GlobusSatProject/..//hal/hcc/lib\libHCCD.a(fat_common.o)
                0x2001d858                fn_getdrive
 .text._f_getcurrenttimedate
                0x2001d888      0x138 C:/Users/sattlite/Documents/GitHub/tevel2/GlobusSatProject/..//hal/hcc/lib\libHCCD.a(fat_common.o)
                0x2001d888                _f_getcurrenttimedate
 .text._f_initentry
                0x2001d9c0       0xa0 C:/Users/sattlite/Documents/GitHub/tevel2/GlobusSatProject/..//hal/hcc/lib\libHCCD.a(fat_common.o)
                0x2001d9c0                _f_initentry
 .text._f_alloccluster
                0x2001da60      0x344 C:/Users/sattlite/Documents/GitHub/tevel2/GlobusSatProject/..//hal/hcc/lib\libHCCD.a(fat_common.o)
                0x2001da60                _f_alloccluster
 .text._f_dobadblock
                0x2001dda4      0x2cc C:/Users/sattlite/Documents/GitHub/tevel2/GlobusSatProject/..//hal/hcc/lib\libHCCD.a(fat_common.o)
                0x2001dda4                _f_dobadblock
 .text._f_checklocked
                0x2001e070       0xe4 C:/Users/sattlite/Documents/GitHub/tevel2/GlobusSatProject/..//hal/hcc/lib\libHCCD.a(fat_common.o)
                0x2001e070                _f_checklocked
 .text._f_checkappendlocked
                0x2001e154      0x110 C:/Users/sattlite/Documents/GitHub/tevel2/GlobusSatProject/..//hal/hcc/lib\libHCCD.a(fat_common.o)
                0x2001e154                _f_checkappendlocked
 .text._f_setsyncafile
                0x2001e264      0x114 C:/Users/sattlite/Documents/GitHub/tevel2/GlobusSatProject/..//hal/hcc/lib\libHCCD.a(fat_common.o)
                0x2001e264                _f_setsyncafile
 .text._f_syncfiles
                0x2001e378      0x128 C:/Users/sattlite/Documents/GitHub/tevel2/GlobusSatProject/..//hal/hcc/lib\libHCCD.a(fat_common.o)
                0x2001e378                _f_syncfiles
 .text._f_syncfilescontent
                0x2001e4a0      0x15c C:/Users/sattlite/Documents/GitHub/tevel2/GlobusSatProject/..//hal/hcc/lib\libHCCD.a(fat_common.o)
 .text.fn_getfreespace
                0x2001e5fc      0x4c0 C:/Users/sattlite/Documents/GitHub/tevel2/GlobusSatProject/..//hal/hcc/lib\libHCCD.a(fat_common.o)
                0x2001e5fc                fn_getfreespace
 .text._f_emptywritecache
                0x2001eabc      0x4a4 C:/Users/sattlite/Documents/GitHub/tevel2/GlobusSatProject/..//hal/hcc/lib\libHCCD.a(fat_common.o)
 .text._f_allocnextcluster
                0x2001ef60      0x54c C:/Users/sattlite/Documents/GitHub/tevel2/GlobusSatProject/..//hal/hcc/lib\libHCCD.a(fat_common.o)
 .text._f_emptywritebuffer
                0x2001f4ac      0x20c C:/Users/sattlite/Documents/GitHub/tevel2/GlobusSatProject/..//hal/hcc/lib\libHCCD.a(fat_common.o)
 .text._f_writezeros
                0x2001f6b8       0xf0 C:/Users/sattlite/Documents/GitHub/tevel2/GlobusSatProject/..//hal/hcc/lib\libHCCD.a(fat_common.o)
                0x2001f6b8                _f_writezeros
 .text._f_extend_file
                0x2001f7a8      0x570 C:/Users/sattlite/Documents/GitHub/tevel2/GlobusSatProject/..//hal/hcc/lib\libHCCD.a(fat_common.o)
 .text._f_fseek
                0x2001fd18      0x9bc C:/Users/sattlite/Documents/GitHub/tevel2/GlobusSatProject/..//hal/hcc/lib\libHCCD.a(fat_common.o)
                0x2001fd18                _f_fseek
 .text._f_removechain
                0x200206d4      0x104 C:/Users/sattlite/Documents/GitHub/tevel2/GlobusSatProject/..//hal/hcc/lib\libHCCD.a(fat_common.o)
                0x200206d4                _f_removechain
 .text._f_updatefileentry
                0x200207d8      0x1cc C:/Users/sattlite/Documents/GitHub/tevel2/GlobusSatProject/..//hal/hcc/lib\libHCCD.a(fat_common.o)
 .text._f_checkreadlocked
                0x200209a4      0x1bc C:/Users/sattlite/Documents/GitHub/tevel2/GlobusSatProject/..//hal/hcc/lib\libHCCD.a(fat_common.o)
                0x200209a4                _f_checkreadlocked
 .text._f_check_handle
                0x20020b60       0x98 C:/Users/sattlite/Documents/GitHub/tevel2/GlobusSatProject/..//hal/hcc/lib\libHCCD.a(fat_common.o)
                0x20020b60                _f_check_handle
 .text._f_removesyncafile
                0x20020bf8      0x1ec C:/Users/sattlite/Documents/GitHub/tevel2/GlobusSatProject/..//hal/hcc/lib\libHCCD.a(fat_common.o)
 .text.fn_close
                0x20020de4      0x3f8 C:/Users/sattlite/Documents/GitHub/tevel2/GlobusSatProject/..//hal/hcc/lib\libHCCD.a(fat_common.o)
                0x20020de4                fn_close
 .text.fn_flush
                0x200211dc      0x374 C:/Users/sattlite/Documents/GitHub/tevel2/GlobusSatProject/..//hal/hcc/lib\libHCCD.a(fat_common.o)
                0x200211dc                fn_flush
 .text.fn_read  0x20021550      0x690 C:/Users/sattlite/Documents/GitHub/tevel2/GlobusSatProject/..//hal/hcc/lib\libHCCD.a(fat_common.o)
                0x20021550                fn_read
 .text._f_abortwrite
                0x20021be0      0x100 C:/Users/sattlite/Documents/GitHub/tevel2/GlobusSatProject/..//hal/hcc/lib\libHCCD.a(fat_common.o)
 .text._f_checkwritecluster
                0x20021ce0       0xe4 C:/Users/sattlite/Documents/GitHub/tevel2/GlobusSatProject/..//hal/hcc/lib\libHCCD.a(fat_common.o)
 .text.fn_write
                0x20021dc4      0x8a8 C:/Users/sattlite/Documents/GitHub/tevel2/GlobusSatProject/..//hal/hcc/lib\libHCCD.a(fat_common.o)
                0x20021dc4                fn_write
 .text.fn_seek  0x2002266c      0x270 C:/Users/sattlite/Documents/GitHub/tevel2/GlobusSatProject/..//hal/hcc/lib\libHCCD.a(fat_common.o)
                0x2002266c                fn_seek
 .text.f_enterFS
                0x200228dc      0x1c0 C:/Users/sattlite/Documents/GitHub/tevel2/GlobusSatProject/..//hal/hcc/lib\libHCCD.a(fat_common.o)
                0x200228dc                f_enterFS
 .text.fnGetTask
                0x20022a9c       0xfc C:/Users/sattlite/Documents/GitHub/tevel2/GlobusSatProject/..//hal/hcc/lib\libHCCD.a(fat_common.o)
                0x20022a9c                fnGetTask
 .text._f_mutex_get
                0x20022b98       0x98 C:/Users/sattlite/Documents/GitHub/tevel2/GlobusSatProject/..//hal/hcc/lib\libHCCD.a(fat_common.o)
                0x20022b98                _f_mutex_get
 .text._f_mutex_put
                0x20022c30       0x54 C:/Users/sattlite/Documents/GitHub/tevel2/GlobusSatProject/..//hal/hcc/lib\libHCCD.a(fat_common.o)
                0x20022c30                _f_mutex_put
 .text._fn_initseekdivisor
                0x20022c84      0x158 C:/Users/sattlite/Documents/GitHub/tevel2/GlobusSatProject/..//hal/hcc/lib\libHCCD.a(fat_common.o)
                0x20022c84                _fn_initseekdivisor
 .text._fn_updateseekpos
                0x20022ddc       0xc4 C:/Users/sattlite/Documents/GitHub/tevel2/GlobusSatProject/..//hal/hcc/lib\libHCCD.a(fat_common.o)
 .text._f_findopensize
                0x20022ea0       0x2c C:/Users/sattlite/Documents/GitHub/tevel2/GlobusSatProject/..//hal/hcc/lib\libHCCD.a(fat_common.o)
                0x20022ea0                _f_findopensize
 .text.fn_setlasterror
                0x20022ecc       0x34 C:/Users/sattlite/Documents/GitHub/tevel2/GlobusSatProject/..//hal/hcc/lib\libHCCD.a(fat_common.o)
                0x20022ecc                fn_setlasterror
 .text.fn_setlasterror_noret
                0x20022f00       0x2c C:/Users/sattlite/Documents/GitHub/tevel2/GlobusSatProject/..//hal/hcc/lib\libHCCD.a(fat_common.o)
                0x20022f00                fn_setlasterror_noret
 .text._s_checkzeroclusteratend
                0x20022f2c       0xf8 C:/Users/sattlite/Documents/GitHub/tevel2/GlobusSatProject/..//hal/hcc/lib\libHCCD.a(safefat.o)
 .text._s_clearclustercontent
                0x20023024      0x108 C:/Users/sattlite/Documents/GitHub/tevel2/GlobusSatProject/..//hal/hcc/lib\libHCCD.a(safefat.o)
 .text._s_clearclustercontentdir
                0x2002312c      0x19c C:/Users/sattlite/Documents/GitHub/tevel2/GlobusSatProject/..//hal/hcc/lib\libHCCD.a(safefat.o)
 .text._s_writedirsector
                0x200232c8       0xd0 C:/Users/sattlite/Documents/GitHub/tevel2/GlobusSatProject/..//hal/hcc/lib\libHCCD.a(safefat.o)
 .text._s_getdirsector
                0x20023398      0x100 C:/Users/sattlite/Documents/GitHub/tevel2/GlobusSatProject/..//hal/hcc/lib\libHCCD.a(safefat.o)
 .text._s_addentry
                0x20023498      0x394 C:/Users/sattlite/Documents/GitHub/tevel2/GlobusSatProject/..//hal/hcc/lib\libHCCD.a(safefat.o)
 .text._s_findfile
                0x2002382c      0x33c C:/Users/sattlite/Documents/GitHub/tevel2/GlobusSatProject/..//hal/hcc/lib\libHCCD.a(safefat.o)
 .text._s_findsubdir
                0x20023b68      0x248 C:/Users/sattlite/Documents/GitHub/tevel2/GlobusSatProject/..//hal/hcc/lib\libHCCD.a(safefat.o)
 .text._s_createfile
                0x20023db0      0x190 C:/Users/sattlite/Documents/GitHub/tevel2/GlobusSatProject/..//hal/hcc/lib\libHCCD.a(safefat.o)
 .text._s_findsaffile
                0x20023f40      0x1b8 C:/Users/sattlite/Documents/GitHub/tevel2/GlobusSatProject/..//hal/hcc/lib\libHCCD.a(safefat.o)
 .text._s_open  0x200240f8       0xe4 C:/Users/sattlite/Documents/GitHub/tevel2/GlobusSatProject/..//hal/hcc/lib\libHCCD.a(safefat.o)
 .text._s_open_saf
                0x200241dc       0xe8 C:/Users/sattlite/Documents/GitHub/tevel2/GlobusSatProject/..//hal/hcc/lib\libHCCD.a(safefat.o)
 .text._s_flush
                0x200242c4       0x84 C:/Users/sattlite/Documents/GitHub/tevel2/GlobusSatProject/..//hal/hcc/lib\libHCCD.a(safefat.o)
 .text._s_allocnextcluster
                0x20024348      0x13c C:/Users/sattlite/Documents/GitHub/tevel2/GlobusSatProject/..//hal/hcc/lib\libHCCD.a(safefat.o)
 .text._s_getnextsector
                0x20024484       0xdc C:/Users/sattlite/Documents/GitHub/tevel2/GlobusSatProject/..//hal/hcc/lib\libHCCD.a(safefat.o)
 .text._s_seek  0x20024560      0x1e8 C:/Users/sattlite/Documents/GitHub/tevel2/GlobusSatProject/..//hal/hcc/lib\libHCCD.a(safefat.o)
 .text._s_get_len
                0x20024748      0x10c C:/Users/sattlite/Documents/GitHub/tevel2/GlobusSatProject/..//hal/hcc/lib\libHCCD.a(safefat.o)
 .text._s_set_len
                0x20024854       0xb4 C:/Users/sattlite/Documents/GitHub/tevel2/GlobusSatProject/..//hal/hcc/lib\libHCCD.a(safefat.o)
 .text.safe_fix_filelengths
                0x20024908       0xcc C:/Users/sattlite/Documents/GitHub/tevel2/GlobusSatProject/..//hal/hcc/lib\libHCCD.a(safefat.o)
                0x20024908                safe_fix_filelengths
 .text._s_read  0x200249d4      0x228 C:/Users/sattlite/Documents/GitHub/tevel2/GlobusSatProject/..//hal/hcc/lib\libHCCD.a(safefat.o)
 .text._s_write
                0x20024bfc      0x384 C:/Users/sattlite/Documents/GitHub/tevel2/GlobusSatProject/..//hal/hcc/lib\libHCCD.a(safefat.o)
 .text._s_restoreclusters
                0x20024f80      0x270 C:/Users/sattlite/Documents/GitHub/tevel2/GlobusSatProject/..//hal/hcc/lib\libHCCD.a(safefat.o)
                0x20024f80                _s_restoreclusters
 .text._s_findrestore
                0x200251f0      0x18c C:/Users/sattlite/Documents/GitHub/tevel2/GlobusSatProject/..//hal/hcc/lib\libHCCD.a(safefat.o)
 .text._s_cmd_writede
                0x2002537c       0xd8 C:/Users/sattlite/Documents/GitHub/tevel2/GlobusSatProject/..//hal/hcc/lib\libHCCD.a(safefat.o)
 .text._s_cmd_setcluster
                0x20025454       0x88 C:/Users/sattlite/Documents/GitHub/tevel2/GlobusSatProject/..//hal/hcc/lib\libHCCD.a(safefat.o)
 .text._s_cmd_deletechain
                0x200254dc      0x100 C:/Users/sattlite/Documents/GitHub/tevel2/GlobusSatProject/..//hal/hcc/lib\libHCCD.a(safefat.o)
 .text._s_cmd_validatecfn
                0x200255dc      0x308 C:/Users/sattlite/Documents/GitHub/tevel2/GlobusSatProject/..//hal/hcc/lib\libHCCD.a(safefat.o)
 .text._s_cmd_seteof
                0x200258e4      0x3c4 C:/Users/sattlite/Documents/GitHub/tevel2/GlobusSatProject/..//hal/hcc/lib\libHCCD.a(safefat.o)
 .text.safe_docommands
                0x20025ca8      0x56c C:/Users/sattlite/Documents/GitHub/tevel2/GlobusSatProject/..//hal/hcc/lib\libHCCD.a(safefat.o)
                0x20025ca8                safe_docommands
 .text.safe_entercommand
                0x20026214       0x68 C:/Users/sattlite/Documents/GitHub/tevel2/GlobusSatProject/..//hal/hcc/lib\libHCCD.a(safefat.o)
                0x20026214                safe_entercommand
 .text.safe_ready
                0x2002627c       0xf4 C:/Users/sattlite/Documents/GitHub/tevel2/GlobusSatProject/..//hal/hcc/lib\libHCCD.a(safefat.o)
                0x2002627c                safe_ready
 .text.safe_copycfn
                0x20026370       0xb8 C:/Users/sattlite/Documents/GitHub/tevel2/GlobusSatProject/..//hal/hcc/lib\libHCCD.a(safefat.o)
                0x20026370                safe_copycfn
 .text.safe_cfremove
                0x20026428       0xb8 C:/Users/sattlite/Documents/GitHub/tevel2/GlobusSatProject/..//hal/hcc/lib\libHCCD.a(safefat.o)
                0x20026428                safe_cfremove
 .text.safe_writede
                0x200264e0      0x104 C:/Users/sattlite/Documents/GitHub/tevel2/GlobusSatProject/..//hal/hcc/lib\libHCCD.a(safefat.o)
                0x200264e0                safe_writede
 .text.safe_setcluster
                0x200265e4       0xcc C:/Users/sattlite/Documents/GitHub/tevel2/GlobusSatProject/..//hal/hcc/lib\libHCCD.a(safefat.o)
                0x200265e4                safe_setcluster
 .text.safe_deletechain
                0x200266b0      0x1c8 C:/Users/sattlite/Documents/GitHub/tevel2/GlobusSatProject/..//hal/hcc/lib\libHCCD.a(safefat.o)
                0x200266b0                safe_deletechain
 .text.safe_cfclose
                0x20026878      0x104 C:/Users/sattlite/Documents/GitHub/tevel2/GlobusSatProject/..//hal/hcc/lib\libHCCD.a(safefat.o)
                0x20026878                safe_cfclose
 .text.safe_cfflush
                0x2002697c      0x124 C:/Users/sattlite/Documents/GitHub/tevel2/GlobusSatProject/..//hal/hcc/lib\libHCCD.a(safefat.o)
                0x2002697c                safe_cfflush
 .text.safe_reset
                0x20026aa0       0x78 C:/Users/sattlite/Documents/GitHub/tevel2/GlobusSatProject/..//hal/hcc/lib\libHCCD.a(safefat.o)
                0x20026aa0                safe_reset
 .text.safe_loadcommands
                0x20026b18       0x78 C:/Users/sattlite/Documents/GitHub/tevel2/GlobusSatProject/..//hal/hcc/lib\libHCCD.a(safefat.o)
                0x20026b18                safe_loadcommands
 .text.safe_poweron
                0x20026b90      0x1fc C:/Users/sattlite/Documents/GitHub/tevel2/GlobusSatProject/..//hal/hcc/lib\libHCCD.a(safefat.o)
                0x20026b90                safe_poweron
 .text.cf_getname
                0x20026d8c       0xc0 C:/Users/sattlite/Documents/GitHub/tevel2/GlobusSatProject/..//hal/hcc/lib\libHCCD.a(safefat.o)
 .text.cf_copyclusterchain
                0x20026e4c      0x138 C:/Users/sattlite/Documents/GitHub/tevel2/GlobusSatProject/..//hal/hcc/lib\libHCCD.a(safefat.o)
 .text.cf_seektozero
                0x20026f84       0x94 C:/Users/sattlite/Documents/GitHub/tevel2/GlobusSatProject/..//hal/hcc/lib\libHCCD.a(safefat.o)
                0x20026f84                cf_seektozero
 .text.cf_create
                0x20027018      0x3a8 C:/Users/sattlite/Documents/GitHub/tevel2/GlobusSatProject/..//hal/hcc/lib\libHCCD.a(safefat.o)
                0x20027018                cf_create
 .text.cf_copyclustercontent
                0x200273c0      0x128 C:/Users/sattlite/Documents/GitHub/tevel2/GlobusSatProject/..//hal/hcc/lib\libHCCD.a(safefat.o)
                0x200273c0                cf_copyclustercontent
 .text.cf_copycfn
                0x200274e8      0x4bc C:/Users/sattlite/Documents/GitHub/tevel2/GlobusSatProject/..//hal/hcc/lib\libHCCD.a(safefat.o)
                0x200274e8                cf_copycfn
 .text.cf_remove
                0x200279a4      0x344 C:/Users/sattlite/Documents/GitHub/tevel2/GlobusSatProject/..//hal/hcc/lib\libHCCD.a(safefat.o)
                0x200279a4                cf_remove
 .text.cf_setclusternew
                0x20027ce8       0xf0 C:/Users/sattlite/Documents/GitHub/tevel2/GlobusSatProject/..//hal/hcc/lib\libHCCD.a(safefat.o)
                0x20027ce8                cf_setclusternew
 .text.cf_flush
                0x20027dd8       0x58 C:/Users/sattlite/Documents/GitHub/tevel2/GlobusSatProject/..//hal/hcc/lib\libHCCD.a(safefat.o)
                0x20027dd8                cf_flush
 .text.cf_getcluster
                0x20027e30      0x1b4 C:/Users/sattlite/Documents/GitHub/tevel2/GlobusSatProject/..//hal/hcc/lib\libHCCD.a(safefat.o)
                0x20027e30                cf_getcluster
 .text.cf_setnextcluster
                0x20027fe4      0x194 C:/Users/sattlite/Documents/GitHub/tevel2/GlobusSatProject/..//hal/hcc/lib\libHCCD.a(safefat.o)
                0x20027fe4                cf_setnextcluster
 .text.cf_getpositions
                0x20028178       0xbc C:/Users/sattlite/Documents/GitHub/tevel2/GlobusSatProject/..//hal/hcc/lib\libHCCD.a(safefat.o)
                0x20028178                cf_getpositions
 .text.cf_setpositions
                0x20028234       0xb0 C:/Users/sattlite/Documents/GitHub/tevel2/GlobusSatProject/..//hal/hcc/lib\libHCCD.a(safefat.o)
                0x20028234                cf_setpositions
 .text.cf_opensyncafile
                0x200282e4      0x150 C:/Users/sattlite/Documents/GitHub/tevel2/GlobusSatProject/..//hal/hcc/lib\libHCCD.a(safefat.o)
                0x200282e4                cf_opensyncafile
 .text.cf_reloadcfo
                0x20028434       0xd8 C:/Users/sattlite/Documents/GitHub/tevel2/GlobusSatProject/..//hal/hcc/lib\libHCCD.a(safefat.o)
                0x20028434                cf_reloadcfo
 .text.mcipdc_cmd
                0x2002850c      0x22c C:/Users/sattlite/Documents/GitHub/tevel2/GlobusSatProject/..//hal/hcc/lib\libHCCD.a(atmel_mcipdc.o)
 .text.mcipdc_stop
                0x20028738       0xfc C:/Users/sattlite/Documents/GitHub/tevel2/GlobusSatProject/..//hal/hcc/lib\libHCCD.a(atmel_mcipdc.o)
                0x20028738                mcipdc_stop
 .text.mcipdc_read
                0x20028834      0x27c C:/Users/sattlite/Documents/GitHub/tevel2/GlobusSatProject/..//hal/hcc/lib\libHCCD.a(atmel_mcipdc.o)
 .text.mcipdc_write
                0x20028ab0      0x298 C:/Users/sattlite/Documents/GitHub/tevel2/GlobusSatProject/..//hal/hcc/lib\libHCCD.a(atmel_mcipdc.o)
 .text.mcipdc_readsector
                0x20028d48       0x9c C:/Users/sattlite/Documents/GitHub/tevel2/GlobusSatProject/..//hal/hcc/lib\libHCCD.a(atmel_mcipdc.o)
                0x20028d48                mcipdc_readsector
 .text.mcipdc_readmultiplesector
                0x20028de4      0x124 C:/Users/sattlite/Documents/GitHub/tevel2/GlobusSatProject/..//hal/hcc/lib\libHCCD.a(atmel_mcipdc.o)
                0x20028de4                mcipdc_readmultiplesector
 .text.mcipdc_writesector
                0x20028f08       0x90 C:/Users/sattlite/Documents/GitHub/tevel2/GlobusSatProject/..//hal/hcc/lib\libHCCD.a(atmel_mcipdc.o)
                0x20028f08                mcipdc_writesector
 .text.mcipdc_writemultiplesector
                0x20028f98      0x120 C:/Users/sattlite/Documents/GitHub/tevel2/GlobusSatProject/..//hal/hcc/lib\libHCCD.a(atmel_mcipdc.o)
                0x20028f98                mcipdc_writemultiplesector
 .text.mcipdc_set_speed
                0x200290b8       0xb0 C:/Users/sattlite/Documents/GitHub/tevel2/GlobusSatProject/..//hal/hcc/lib\libHCCD.a(atmel_mcipdc.o)
 .text.mcipdc_get_speed
                0x20029168       0x48 C:/Users/sattlite/Documents/GitHub/tevel2/GlobusSatProject/..//hal/hcc/lib\libHCCD.a(atmel_mcipdc.o)
 .text._get_csd_bits
                0x200291b0      0x14c C:/Users/sattlite/Documents/GitHub/tevel2/GlobusSatProject/..//hal/hcc/lib\libHCCD.a(atmel_mcipdc.o)
 .text.mcipdc_initcard
                0x200292fc      0x8f4 C:/Users/sattlite/Documents/GitHub/tevel2/GlobusSatProject/..//hal/hcc/lib\libHCCD.a(atmel_mcipdc.o)
 .text.mcipdc_getstatus
                0x20029bf0       0xe8 C:/Users/sattlite/Documents/GitHub/tevel2/GlobusSatProject/..//hal/hcc/lib\libHCCD.a(atmel_mcipdc.o)