Archive member included because of file (symbol)

c:/isis/application/toolchain/bin/../lib/gcc/arm-none-eabi/4.7.4/../../../../arm-none-eabi/lib\libc_s.a(lib_a-vfprintf_float.o)
                              (_printf_float)
c:/isis/application/toolchain/bin/../lib/gcc/arm-none-eabi/4.7.4/../../../../arm-none-eabi/lib\libc_s.a(lib_a-vfprintf_i.o)
                              c:/isis/application/toolchain/bin/../lib/gcc/arm-none-eabi/4.7.4/../../../../arm-none-eabi/lib\libc_s.a(lib_a-vfprintf_float.o) (_printf_common)
c:/isis/application/toolchain/bin/../lib/gcc/arm-none-eabi/4.7.4/../../../../arm-none-eabi/lib\libc_s.a(lib_a-vfscanf_float.o)
                              (_scanf_float)
c:/isis/application/toolchain/bin/../lib/gcc/arm-none-eabi/4.7.4/../../../../arm-none-eabi/lib\libc_s.a(lib_a-dtoa.o)
                              c:/isis/application/toolchain/bin/../lib/gcc/arm-none-eabi/4.7.4/../../../../arm-none-eabi/lib\libc_s.a(lib_a-vfprintf_float.o) (_dtoa_r)
c:/isis/application/toolchain/bin/../lib/gcc/arm-none-eabi/4.7.4/../../../../arm-none-eabi/lib\libc_s.a(lib_a-locale.o)
                              c:/isis/application/toolchain/bin/../lib/gcc/arm-none-eabi/4.7.4/../../../../arm-none-eabi/lib\libc_s.a(lib_a-vfprintf_float.o) (_localeconv_r)
c:/isis/application/toolchain/bin/../lib/gcc/arm-none-eabi/4.7.4/../../../../arm-none-eabi/lib\libc_s.a(lib_a-malloc.o)
                              c:/isis/application/toolchain/bin/../lib/gcc/arm-none-eabi/4.7.4/../../../../arm-none-eabi/lib\libc_s.a(lib_a-dtoa.o) (malloc)
c:/isis/application/toolchain/bin/../lib/gcc/arm-none-eabi/4.7.4/../../../../arm-none-eabi/lib\libc_s.a(lib_a-mallocr.o)
                              c:/isis/application/toolchain/bin/../lib/gcc/arm-none-eabi/4.7.4/../../../../arm-none-eabi/lib\libc_s.a(lib_a-malloc.o) (_malloc_r)
c:/isis/application/toolchain/bin/../lib/gcc/arm-none-eabi/4.7.4/../../../../arm-none-eabi/lib\libc_s.a(lib_a-memcpy.o)
                              c:/isis/application/toolchain/bin/../lib/gcc/arm-none-eabi/4.7.4/../../../../arm-none-eabi/lib\libc_s.a(lib_a-dtoa.o) (memcpy)
c:/isis/application/toolchain/bin/../lib/gcc/arm-none-eabi/4.7.4/../../../../arm-none-eabi/lib\libc_s.a(lib_a-mprec.o)
                              c:/isis/application/toolchain/bin/../lib/gcc/arm-none-eabi/4.7.4/../../../../arm-none-eabi/lib\libc_s.a(lib_a-dtoa.o) (_Balloc)
c:/isis/application/toolchain/bin/../lib/gcc/arm-none-eabi/4.7.4/../../../../arm-none-eabi/lib\libc_s.a(lib_a-s_fpclassify.o)
                              c:/isis/application/toolchain/bin/../lib/gcc/arm-none-eabi/4.7.4/../../../../arm-none-eabi/lib\libc_s.a(lib_a-vfprintf_float.o) (__fpclassifyd)
c:/isis/application/toolchain/bin/../lib/gcc/arm-none-eabi/4.7.4/../../../../arm-none-eabi/lib\libc_s.a(lib_a-sbrkr.o)
                              c:/isis/application/toolchain/bin/../lib/gcc/arm-none-eabi/4.7.4/../../../../arm-none-eabi/lib\libc_s.a(lib_a-mallocr.o) (_sbrk_r)
c:/isis/application/toolchain/bin/../lib/gcc/arm-none-eabi/4.7.4/../../../../arm-none-eabi/lib\libc_s.a(lib_a-sf_nan.o)
                              c:/isis/application/toolchain/bin/../lib/gcc/arm-none-eabi/4.7.4/../../../../arm-none-eabi/lib\libc_s.a(lib_a-vfscanf_float.o) (nanf)
c:/isis/application/toolchain/bin/../lib/gcc/arm-none-eabi/4.7.4/../../../../arm-none-eabi/lib\libc_s.a(lib_a-sprintf.o)
                              c:/isis/application/toolchain/bin/../lib/gcc/arm-none-eabi/4.7.4/../../../../arm-none-eabi/lib\libc_s.a(lib_a-vfscanf_float.o) (sprintf)
c:/isis/application/toolchain/bin/../lib/gcc/arm-none-eabi/4.7.4/../../../../arm-none-eabi/lib\libc_s.a(lib_a-strcmp.o)
                              c:/isis/application/toolchain/bin/../lib/gcc/arm-none-eabi/4.7.4/../../../../arm-none-eabi/lib\libc_s.a(lib_a-locale.o) (strcmp)
c:/isis/application/toolchain/bin/../lib/gcc/arm-none-eabi/4.7.4/../../../../arm-none-eabi/lib\libc_s.a(lib_a-strlen.o)
                              c:/isis/application/toolchain/bin/../lib/gcc/arm-none-eabi/4.7.4/../../../../arm-none-eabi/lib\libc_s.a(lib_a-vfprintf_float.o) (strlen)
c:/isis/application/toolchain/bin/../lib/gcc/arm-none-eabi/4.7.4/../../../../arm-none-eabi/lib\libc_s.a(lib_a-strtod.o)
                              c:/isis/application/toolchain/bin/../lib/gcc/arm-none-eabi/4.7.4/../../../../arm-none-eabi/lib\libc_s.a(lib_a-vfscanf_float.o) (_strtod_r)
c:/isis/application/toolchain/bin/../lib/gcc/arm-none-eabi/4.7.4/../../../../arm-none-eabi/lib\libc_s.a(lib_a-strtol.o)
                              c:/isis/application/toolchain/bin/../lib/gcc/arm-none-eabi/4.7.4/../../../../arm-none-eabi/lib\libc_s.a(lib_a-vfscanf_float.o) (_strtol_r)
c:/isis/application/toolchain/bin/../lib/gcc/arm-none-eabi/4.7.4/../../../../arm-none-eabi/lib\libc_s.a(lib_a-svfprintf.o)
                              c:/isis/application/toolchain/bin/../lib/gcc/arm-none-eabi/4.7.4/../../../../arm-none-eabi/lib\libc_s.a(lib_a-sprintf.o) (_svfprintf_r)
[...]
Memory Configuration

Name             Origin             Length             Attributes
sram0            0x00200000         0x00004000         w !xr
sram1            0x00300000         0x00004000         w !xr
sdram            0x20000000         0x02000000         w !xr
*default*        0x00000000         0xffffffff

Linker script and memory map

LOAD c:/isis/application/toolchain/bin/../lib/gcc/arm-none-eabi/4.7.4/../../../../arm-none-eabi/lib\libc_s.a
LOAD ./src/TestingDemos/CommandsTestingDemo.o
LOAD ./src/TestingDemos/EpsTestingDemo.o
LOAD ./src/TestingDemos/FileSystemTestingDemo.o
LOAD ./src/TestingDemos/MainTest.o
LOAD ./src/TestingDemos/MaintenanceTestingDemo.o
LOAD ./src/TestingDemos/TelemetryTestingDemo.o
LOAD ./src/TestingDemos/TrxvuTestingDemo.o
LOAD ./src/SubSystemModules/PowerManagment/EPS.o
LOAD ./src/SubSystemModules/PowerManagment/EPSOperationModes.o
LOAD ./src/SubSystemModules/Maintenance/Maintenance.o
LOAD ./src/SubSystemModules/Housekepping/TelemetryCollector.o
LOAD ./src/SubSystemModules/Communication/SubsystemCommands/EPS_Commands.o
LOAD ./src/SubSystemModules/Communication/SubsystemCommands/FS_Commands.o
LOAD ./src/SubSystemModules/Communication/SubsystemCommands/Maintanence_Commands.o
LOAD ./src/SubSystemModules/Communication/SubsystemCommands/TRXVU_Commands.o
LOAD ./src/SubSystemModules/Communication/AckHandler.o
LOAD ./src/SubSystemModules/Communication/ActUponCommand.o
LOAD ./src/SubSystemModules/Communication/CommandDictionary.o
LOAD ./src/SubSystemModules/Communication/SatCommandHandler.o
LOAD ./src/SubSystemModules/Communication/TRXVU.o
LOAD ./src/InitSystem.o
LOAD ./src/TLM_management.o
LOAD ./src/main.o
LOAD C:/GlobusSatProject/GlobusSatProject/..//hal/hal/lib\libHALD.a
LOAD C:/GlobusSatProject/GlobusSatProject/..//hal/hcc/lib\libHCCD.a
LOAD C:/ISIS/workspace/satellite-subsystems/satellite-subsystems/lib\libSatelliteSubsystemsD.a
LOAD C:/GlobusSatProject/GlobusSatProject/..//hal/freertos/lib\libFreeRTOSD.a
LOAD C:/GlobusSatProject/GlobusSatProject/..//hal/at91/lib\libAt91D.a
START GROUP
LOAD c:/isis/application/toolchain/bin/../lib/gcc/arm-none-eabi/4.7.4\libgcc.a
LOAD c:/isis/application/toolchain/bin/../lib/gcc/arm-none-eabi/4.7.4/../../../../arm-none-eabi/lib\libc_s.a
END GROUP

.fixed          0x20000000     0x8d40
                0x20000000                . = ALIGN (0x4)
                0x20000000                _sfixed = .
 *(.startup)
 .startup       0x20000000      0x134 C:/GlobusSatProject/GlobusSatProject/..//hal/at91/lib\libAt91D.a(board_cstartup.o)
                0x20000000                entry
 *(.text)
 .text          0x20000134       0x64 C:/GlobusSatProject/GlobusSatProject/..//hal/at91/lib\libAt91D.a(cp15_asm.o)
                0x20000134                _readControlRegister
                0x20000140                _writeControlRegister
                0x20000148                _waitForInterrupt
                0x20000154                _writeTTB
                0x2000015c                _writeDomain
                0x20000164                _writeITLBLockdown
                0x2000016c                _prefetchICacheLine
                0x20000174                _flushDCache
                0x20000180                _flushWriteBuffer
                0x2000018c                _invalidateIDTLBs
 .text          0x20000198      0x114 c:/isis/application/toolchain/bin/../lib/gcc/arm-none-eabi/4.7.4\libgcc.a(_udivsi3.o)
                0x20000198                __aeabi_uidiv
                0x20000198                __udivsi3
                0x2000028c                __aeabi_uidivmod
 .text          0x200002ac      0x148 c:/isis/application/toolchain/bin/../lib/gcc/arm-none-eabi/4.7.4\libgcc.a(_divsi3.o)
                0x200002ac                __divsi3
                0x200002ac                __aeabi_idiv
                0x200003d4                __aeabi_idivmod
 .text          0x200003f4        0x4 c:/isis/application/toolchain/bin/../lib/gcc/arm-none-eabi/4.7.4\libgcc.a(_dvmd_tls.o)
                0x200003f4                __aeabi_idiv0
                0x200003f4                __aeabi_ldiv0
 .text          0x200003f8      0x41c c:/isis/application/toolchain/bin/../lib/gcc/arm-none-eabi/4.7.4\libgcc.a(_arm_addsubdf3.o)
                0x200003f8                __aeabi_drsub
                0x20000400                __aeabi_dsub
                0x20000400                __subdf3
                0x20000404                __aeabi_dadd
                0x20000404                __adddf3
                0x20000714                __floatunsidf
                0x20000714                __aeabi_ui2d
                0x20000738                __floatsidf
                0x20000738                __aeabi_i2d
                0x20000760                __aeabi_f2d
                0x20000760                __extendsfdf2
                0x200007a0                __floatundidf
                0x200007a0                __aeabi_ul2d
                0x200007b4                __floatdidf
                0x200007b4                __aeabi_l2d
 .text          0x20000814      0x49c c:/isis/application/toolchain/bin/../lib/gcc/arm-none-eabi/4.7.4\libgcc.a(_arm_muldivdf3.o)
                0x20000814                __aeabi_dmul
                0x20000814                __muldf3
                0x20000aa4                __divdf3
                0x20000aa4                __aeabi_ddiv
 .text          0x20000cb0      0x144 c:/isis/application/toolchain/bin/../lib/gcc/arm-none-eabi/4.7.4\libgcc.a(_arm_cmpdf2.o)
                0x20000cb0                __gtdf2
                0x20000cb0                __gedf2
                0x20000cb8                __ltdf2
                0x20000cb8                __ledf2
                0x20000cc0                __nedf2
                0x20000cc0                __eqdf2
                0x20000cc0                __cmpdf2
                0x20000d48                __aeabi_cdrcmple
                0x20000d64                __aeabi_cdcmpeq
                0x20000d64                __aeabi_cdcmple
                0x20000d7c                __aeabi_dcmpeq
                0x20000d94                __aeabi_dcmplt
                0x20000dac                __aeabi_dcmple
                0x20000dc4                __aeabi_dcmpge
                0x20000ddc                __aeabi_dcmpgt
 .text          0x20000df4       0x5c c:/isis/application/toolchain/bin/../lib/gcc/arm-none-eabi/4.7.4\libgcc.a(_arm_fixdfsi.o)
                0x20000df4                __aeabi_d2iz
                0x20000df4                __fixdfsi
 .text          0x20000e50       0x54 c:/isis/application/toolchain/bin/../lib/gcc/arm-none-eabi/4.7.4\libgcc.a(_arm_fixunsdfsi.o)
                0x20000e50                __aeabi_d2uiz
                0x20000e50                __fixunsdfsi
 .text          0x20000ea4       0xa0 c:/isis/application/toolchain/bin/../lib/gcc/arm-none-eabi/4.7.4\libgcc.a(_arm_truncdfsf2.o)
                0x20000ea4                __truncdfsf2
                0x20000ea4                __aeabi_d2f
 *(.text*)
 .text.__cvt    0x20000f44      0x138 c:/isis/application/toolchain/bin/../lib/gcc/arm-none-eabi/4.7.4/../../../../arm-none-eabi/lib\libc_s.a(lib_a-vfprintf_float.o)
                0x20000f44                __cvt
 .text.__exponent
                0x2000107c       0xa8 c:/isis/application/toolchain/bin/../lib/gcc/arm-none-eabi/4.7.4/../../../../arm-none-eabi/lib\libc_s.a(lib_a-vfprintf_float.o)
                0x2000107c                __exponent
 .text._printf_float
                0x20001124      0x7dc c:/isis/application/toolchain/bin/../lib/gcc/arm-none-eabi/4.7.4/../../../../arm-none-eabi/lib\libc_s.a(lib_a-vfprintf_float.o)
                0x20001124                _printf_float
 .text._printf_common
                0x20001900      0x174 c:/isis/application/toolchain/bin/../lib/gcc/arm-none-eabi/4.7.4/../../../../arm-none-eabi/lib\libc_s.a(lib_a-vfprintf_i.o)
                0x20001900                _printf_common
 .text._printf_i
                0x20001a74      0x3c4 c:/isis/application/toolchain/bin/../lib/gcc/arm-none-eabi/4.7.4/../../../../arm-none-eabi/lib\libc_s.a(lib_a-vfprintf_i.o)
                0x20001a74                _printf_i
 .text._scanf_float
                0x20001e38      0x5f4 c:/isis/application/toolchain/bin/../lib/gcc/arm-none-eabi/4.7.4/../../../../arm-none-eabi/lib\libc_s.a(lib_a-vfscanf_float.o)
                0x20001e38                _scanf_float
 .text.quorem   0x2000242c      0x1ac c:/isis/application/toolchain/bin/../lib/gcc/arm-none-eabi/4.7.4/../../../../arm-none-eabi/lib\libc_s.a(lib_a-dtoa.o)
 .text._dtoa_r  0x200025d8     0x1268 c:/isis/application/toolchain/bin/../lib/gcc/arm-none-eabi/4.7.4/../../../../arm-none-eabi/lib\libc_s.a(lib_a-dtoa.o)
                0x200025d8                _dtoa_r
 .text._localeconv_r
                0x20003840        0xc c:/isis/application/toolchain/bin/../lib/gcc/arm-none-eabi/4.7.4/../../../../arm-none-eabi/lib\libc_s.a(lib_a-locale.o)
                0x20003840                _localeconv_r
 .text.malloc   0x2000384c       0x20 c:/isis/application/toolchain/bin/../lib/gcc/arm-none-eabi/4.7.4/../../../../arm-none-eabi/lib\libc_s.a(lib_a-malloc.o)
                0x2000384c                malloc
 .text._malloc_r
                0x2000386c       0xfc c:/isis/application/toolchain/bin/../lib/gcc/arm-none-eabi/4.7.4/../../../../arm-none-eabi/lib\libc_s.a(lib_a-mallocr.o)
                0x2000386c                _malloc_r
 .text.memcpy   0x20003968       0x20 c:/isis/application/toolchain/bin/../lib/gcc/arm-none-eabi/4.7.4/../../../../arm-none-eabi/lib\libc_s.a(lib_a-memcpy.o)
                0x20003968                memcpy
 .text._Balloc  0x20003988       0xcc c:/isis/application/toolchain/bin/../lib/gcc/arm-none-eabi/4.7.4/../../../../arm-none-eabi/lib\libc_s.a(lib_a-mprec.o)
                0x20003988                _Balloc
 .text._Bfree   0x20003a54       0x5c c:/isis/application/toolchain/bin/../lib/gcc/arm-none-eabi/4.7.4/../../../../arm-none-eabi/lib\libc_s.a(lib_a-mprec.o)
                0x20003a54                _Bfree
 .text.__multadd
                0x20003ab0       0xbc c:/isis/application/toolchain/bin/../lib/gcc/arm-none-eabi/4.7.4/../../../../arm-none-eabi/lib\libc_s.a(lib_a-mprec.o)
                0x20003ab0                __multadd
 .text.__s2b    0x20003b6c       0xd8 c:/isis/application/toolchain/bin/../lib/gcc/arm-none-eabi/4.7.4/../../../../arm-none-eabi/lib\libc_s.a(lib_a-mprec.o)
                0x20003b6c                __s2b
 .text.__hi0bits
                0x20003c44       0x58 c:/isis/application/toolchain/bin/../lib/gcc/arm-none-eabi/4.7.4/../../../../arm-none-eabi/lib\libc_s.a(lib_a-mprec.o)
                0x20003c44                __hi0bits
 .text.__lo0bits
                0x20003c9c       0x94 c:/isis/application/toolchain/bin/../lib/gcc/arm-none-eabi/4.7.4/../../../../arm-none-eabi/lib\libc_s.a(lib_a-mprec.o)
                0x20003c9c                __lo0bits
 .text.__i2b    0x20003d30       0x24 c:/isis/application/toolchain/bin/../lib/gcc/arm-none-eabi/4.7.4/../../../../arm-none-eabi/lib\libc_s.a(lib_a-mprec.o)
                0x20003d30                __i2b
 .text.__multiply
                0x20003d54      0x1ac c:/isis/application/toolchain/bin/../lib/gcc/arm-none-eabi/4.7.4/../../../../arm-none-eabi/lib\libc_s.a(lib_a-mprec.o)
                0x20003d54                __multiply
 .text.__pow5mult
                0x20003f00      0x10c c:/isis/application/toolchain/bin/../lib/gcc/arm-none-eabi/4.7.4/../../../../arm-none-eabi/lib\libc_s.a(lib_a-mprec.o)
                0x20003f00                __pow5mult
 .text.__lshift
                0x2000400c       0xf0 c:/isis/application/toolchain/bin/../lib/gcc/arm-none-eabi/4.7.4/../../../../arm-none-eabi/lib\libc_s.a(lib_a-mprec.o)
                0x2000400c                __lshift
 .text.__mcmp   0x200040fc       0x60 c:/isis/application/toolchain/bin/../lib/gcc/arm-none-eabi/4.7.4/../../../../arm-none-eabi/lib\libc_s.a(lib_a-mprec.o)
                0x200040fc                __mcmp
 .text.__mdiff  0x2000415c      0x128 c:/isis/application/toolchain/bin/../lib/gcc/arm-none-eabi/4.7.4/../../../../arm-none-eabi/lib\libc_s.a(lib_a-mprec.o)
                0x2000415c                __mdiff
 .text.__ulp    0x20004284       0x5c c:/isis/application/toolchain/bin/../lib/gcc/arm-none-eabi/4.7.4/../../../../arm-none-eabi/lib\libc_s.a(lib_a-mprec.o)
                0x20004284                __ulp
 .text.__b2d    0x200042e0       0xc8 c:/isis/application/toolchain/bin/../lib/gcc/arm-none-eabi/4.7.4/../../../../arm-none-eabi/lib\libc_s.a(lib_a-mprec.o)
                0x200042e0                __b2d
 .text.__d2b    0x200043a8       0xfc c:/isis/application/toolchain/bin/../lib/gcc/arm-none-eabi/4.7.4/../../../../arm-none-eabi/lib\libc_s.a(lib_a-mprec.o)
                0x200043a8                __d2b
 .text.__ratio  0x200044a4       0x70 c:/isis/application/toolchain/bin/../lib/gcc/arm-none-eabi/4.7.4/../../../../arm-none-eabi/lib\libc_s.a(lib_a-mprec.o)
                0x200044a4                __ratio
 .text.__copybits
                0x20004514       0x4c c:/isis/application/toolchain/bin/../lib/gcc/arm-none-eabi/4.7.4/../../../../arm-none-eabi/lib\libc_s.a(lib_a-mprec.o)
                0x20004514                __copybits
 .text.__any_on
                0x20004560       0x7c c:/isis/application/toolchain/bin/../lib/gcc/arm-none-eabi/4.7.4/../../../../arm-none-eabi/lib\libc_s.a(lib_a-mprec.o)
                0x20004560                __any_on
 .text.__fpclassifyd
                0x200045dc       0x6c c:/isis/application/toolchain/bin/../lib/gcc/arm-none-eabi/4.7.4/../../../../arm-none-eabi/lib\libc_s.a(lib_a-s_fpclassify.o)
                0x200045dc                __fpclassifyd
 .text._sbrk_r  0x20004648       0x3c c:/isis/application/toolchain/bin/../lib/gcc/arm-none-eabi/4.7.4/../../../../arm-none-eabi/lib\libc_s.a(lib_a-sbrkr.o)
                0x20004648                _sbrk_r
 .text.nanf     0x20004684        0xc c:/isis/application/toolchain/bin/../lib/gcc/arm-none-eabi/4.7.4/../../../../arm-none-eabi/lib\libc_s.a(lib_a-sf_nan.o)
                0x20004684                nanf
 .text.sprintf  0x20004690       0x6c c:/isis/application/toolchain/bin/../lib/gcc/arm-none-eabi/4.7.4/../../../../arm-none-eabi/lib\libc_s.a(lib_a-sprintf.o)
                0x20004690                siprintf
                0x20004690                sprintf
 .text.strlen   0x200046fc       0x1c c:/isis/application/toolchain/bin/../lib/gcc/arm-none-eabi/4.7.4/../../../../arm-none-eabi/lib\libc_s.a(lib_a-strlen.o)
                0x200046fc                strlen
 .text.match    0x20004718       0x54 c:/isis/application/toolchain/bin/../lib/gcc/arm-none-eabi/4.7.4/../../../../arm-none-eabi/lib\libc_s.a(lib_a-strtod.o)
 .text._strtod_r
                0x2000476c     0x1168 c:/isis/application/toolchain/bin/../lib/gcc/arm-none-eabi/4.7.4/../../../../arm-none-eabi/lib\libc_s.a(lib_a-strtod.o)
                0x2000476c                _strtod_r
 .text._strtol_r
                0x200058d4      0x1b8 c:/isis/application/toolchain/bin/../lib/gcc/arm-none-eabi/4.7.4/../../../../arm-none-eabi/lib\libc_s.a(lib_a-strtol.o)
                0x200058d4                _strtol_r
 .text.__ssputc_r
                0x20005a8c      0x10c c:/isis/application/toolchain/bin/../lib/gcc/arm-none-eabi/4.7.4/../../../../arm-none-eabi/lib\libc_s.a(lib_a-svfprintf.o)
                0x20005a8c                __ssputc_r
 .text._svfprintf_r
                0x20005b98      0x328 c:/isis/application/toolchain/bin/../lib/gcc/arm-none-eabi/4.7.4/../../../../arm-none-eabi/lib\libc_s.a(lib_a-svfprintf.o)
                0x20005b98                _svfiprintf_r
                0x20005b98                _svfprintf_r
 .text._calloc_r
                0x20005ec0       0x2c c:/isis/application/toolchain/bin/../lib/gcc/arm-none-eabi/4.7.4/../../../../arm-none-eabi/lib\libc_s.a(lib_a-callocr.o)
                0x20005ec0                _calloc_r
 .text._free_r  0x20005eec      0x108 c:/isis/application/toolchain/bin/../lib/gcc/arm-none-eabi/4.7.4/../../../../arm-none-eabi/lib\libc_s.a(lib_a-freer.o)
                0x20005eec                _free_r
 .text.rshift   0x20005ff4       0xb0 c:/isis/application/toolchain/bin/../lib/gcc/arm-none-eabi/4.7.4/../../../../arm-none-eabi/lib\libc_s.a(lib_a-gdtoa-gethex.o)
 .text.htinit.constprop.0
                0x200060a4       0x34 c:/isis/application/toolchain/bin/../lib/gcc/arm-none-eabi/4.7.4/../../../../arm-none-eabi/lib\libc_s.a(lib_a-gdtoa-gethex.o)
 .text.__hexdig_init
                0x200060d8       0x38 c:/isis/application/toolchain/bin/../lib/gcc/arm-none-eabi/4.7.4/../../../../arm-none-eabi/lib\libc_s.a(lib_a-gdtoa-gethex.o)
                0x200060d8                __hexdig_init
 .text.__gethex
                0x20006110      0x6cc c:/isis/application/toolchain/bin/../lib/gcc/arm-none-eabi/4.7.4/../../../../arm-none-eabi/lib\libc_s.a(lib_a-gdtoa-gethex.o)
                0x20006110                __gethex
 .text.L_shift  0x200067dc       0x38 c:/isis/application/toolchain/bin/../lib/gcc/arm-none-eabi/4.7.4/../../../../arm-none-eabi/lib\libc_s.a(lib_a-gdtoa-hexnan.o)
 .text.__hexnan
                0x20006814      0x1d8 c:/isis/application/toolchain/bin/../lib/gcc/arm-none-eabi/4.7.4/../../../../arm-none-eabi/lib\libc_s.a(lib_a-gdtoa-hexnan.o)
                0x20006814                __hexnan
 .text.memchr   0x200069ec       0x34 c:/isis/application/toolchain/bin/../lib/gcc/arm-none-eabi/4.7.4/../../../../arm-none-eabi/lib\libc_s.a(lib_a-memchr.o)
                0x200069ec                memchr
 .text.memset   0x20006a20       0x1c c:/isis/application/toolchain/bin/../lib/gcc/arm-none-eabi/4.7.4/../../../../arm-none-eabi/lib\libc_s.a(lib_a-memset.o)
                0x20006a20                memset
 .text._realloc_r
                0x20006a3c       0x80 c:/isis/application/toolchain/bin/../lib/gcc/arm-none-eabi/4.7.4/../../../../arm-none-eabi/lib\libc_s.a(lib_a-reallocr.o)
                0x20006a3c                _realloc_r
 .text.strncmp  0x20006abc       0x64 c:/isis/application/toolchain/bin/../lib/gcc/arm-none-eabi/4.7.4/../../../../arm-none-eabi/lib\libc_s.a(lib_a-strncmp.o)
                0x20006abc                strncmp
 .text._malloc_usable_size_r
                0x20006b20       0x1c c:/isis/application/toolchain/bin/../lib/gcc/arm-none-eabi/4.7.4/../../../../arm-none-eabi/lib\libc_s.a(lib_a-msizer.o)
                0x20006b20                _malloc_usable_size_r
 .text.main     0x20006b3c       0x1c ./src/main.o
                0x20006b3c                main
 .text.xTaskIncrementTick
                0x20006b58      0x298 C:/GlobusSatProject/GlobusSatProject/..//hal/freertos/lib\libFreeRTOSD.a(tasks.o)
                0x20006b58                xTaskIncrementTick
 .text.vTaskSwitchContext
                0x20006df0      0x18c C:/GlobusSatProject/GlobusSatProject/..//hal/freertos/lib\libFreeRTOSD.a(tasks.o)
                0x20006df0                vTaskSwitchContext
 .text.vApplicationStackOverflowHook
                0x20006f7c       0x4c C:/GlobusSatProject/GlobusSatProject/..//hal/freertos/lib\libFreeRTOSD.a(hooks.o)
                0x20006f7c                vApplicationStackOverflowHook
 .text.vListInsertEnd
                0x20006fc8       0x84 C:/GlobusSatProject/GlobusSatProject/..//hal/freertos/lib\libFreeRTOSD.a(list.o)
                0x20006fc8                vListInsertEnd
 .text.uxListRemove
                0x2000704c       0xa0 C:/GlobusSatProject/GlobusSatProject/..//hal/freertos/lib\libFreeRTOSD.a(list.o)
                0x2000704c                uxListRemove
 .text._read    0x200070ec       0xa4 C:/GlobusSatProject/GlobusSatProject/..//hal/at91/lib\libAt91D.a(syscalls.o)
                0x200070ec                _read
 .text._write   0x20007190       0xb8 C:/GlobusSatProject/GlobusSatProject/..//hal/at91/lib\libAt91D.a(syscalls.o)
                0x20007190                _write
 .text._lseek   0x20007248       0x2c C:/GlobusSatProject/GlobusSatProject/..//hal/at91/lib\libAt91D.a(syscalls.o)
                0x20007248                _lseek
 .text._close   0x20007274       0x24 C:/GlobusSatProject/GlobusSatProject/..//hal/at91/lib\libAt91D.a(syscalls.o)
                0x20007274                _close
 .text._fstat   0x20007298       0x28 C:/GlobusSatProject/GlobusSatProject/..//hal/at91/lib\libAt91D.a(syscalls.o)
                0x20007298                _fstat
 .text._isatty  0x200072c0       0x38 C:/GlobusSatProject/GlobusSatProject/..//hal/at91/lib\libAt91D.a(syscalls.o)
                0x200072c0                _isatty
 .text._sbrk    0x200072f8       0xac C:/GlobusSatProject/GlobusSatProject/..//hal/at91/lib\libAt91D.a(syscalls.o)
                0x200072f8                _sbrk
 .text.DBGU_PutChar
                0x200073a4       0x60 C:/GlobusSatProject/GlobusSatProject/..//hal/at91/lib\libAt91D.a(dbgu.o)
                0x200073a4                DBGU_PutChar
 .text.DBGU_GetChar
                0x20007404       0x40 C:/GlobusSatProject/GlobusSatProject/..//hal/at91/lib\libAt91D.a(dbgu.o)
                0x20007404                DBGU_GetChar
 .text.disableCaches
                0x20007444       0x18 C:/GlobusSatProject/GlobusSatProject/..//hal/at91/lib\libAt91D.a(ExitHandler.o)
 .text.restart  0x2000745c       0x28 C:/GlobusSatProject/GlobusSatProject/..//hal/at91/lib\libAt91D.a(ExitHandler.o)
                0x2000745c                restart
 .text.restartPrefetchAbort
                0x20007484       0x28 C:/GlobusSatProject/GlobusSatProject/..//hal/at91/lib\libAt91D.a(ExitHandler.o)
                0x20007484                restartPrefetchAbort
 .text.restartDataAbort
                0x200074ac       0x28 C:/GlobusSatProject/GlobusSatProject/..//hal/at91/lib\libAt91D.a(ExitHandler.o)
                0x200074ac                restartDataAbort
 .text.defaultSpuriousHandler
                0x200074d4       0x18 C:/GlobusSatProject/GlobusSatProject/..//hal/at91/lib\libAt91D.a(board_lowlevel.o)
                0x200074d4                defaultSpuriousHandler
 .text.defaultFiqHandler
                0x200074ec       0x18 C:/GlobusSatProject/GlobusSatProject/..//hal/at91/lib\libAt91D.a(board_lowlevel.o)
                0x200074ec                defaultFiqHandler
 .text.defaultIrqHandler
                0x20007504       0x18 C:/GlobusSatProject/GlobusSatProject/..//hal/at91/lib\libAt91D.a(board_lowlevel.o)
                0x20007504                defaultIrqHandler
 .text.LowLevelInit
                0x2000751c       0xf4 C:/GlobusSatProject/GlobusSatProject/..//hal/at91/lib\libAt91D.a(board_lowlevel.o)
                0x2000751c                LowLevelInit
 .text.BOARD_RemapRam
                0x20007610       0x24 C:/GlobusSatProject/GlobusSatProject/..//hal/at91/lib\libAt91D.a(board_memories.o)
                0x20007610                BOARD_RemapRam
 .text.CP15_Disable_I_Cache
                0x20007634       0x5c C:/GlobusSatProject/GlobusSatProject/..//hal/at91/lib\libAt91D.a(cp15.o)
                0x20007634                CP15_Disable_I_Cache
 .text.CP15_DisableMMU
                0x20007690       0x68 C:/GlobusSatProject/GlobusSatProject/..//hal/at91/lib\libAt91D.a(cp15.o)
                0x20007690                CP15_DisableMMU
 .text.CP15_Disable_D_Cache
                0x200076f8       0x5c C:/GlobusSatProject/GlobusSatProject/..//hal/at91/lib\libAt91D.a(cp15.o)
                0x200076f8                CP15_Disable_D_Cache
 .text.__errno  0x20007754       0x10 c:/isis/application/toolchain/bin/../lib/gcc/arm-none-eabi/4.7.4/../../../../arm-none-eabi/lib\libc_s.a(lib_a-errno.o)
                0x20007754                __errno
 .text.printf   0x20007764       0x50 c:/isis/application/toolchain/bin/../lib/gcc/arm-none-eabi/4.7.4/../../../../arm-none-eabi/lib\libc_s.a(lib_a-printf.o)
                0x20007764                iprintf
                0x20007764                printf
 .text.__sfputc_r
                0x200077b4       0x50 c:/isis/application/toolchain/bin/../lib/gcc/arm-none-eabi/4.7.4/../../../../arm-none-eabi/lib\libc_s.a(lib_a-vfprintf.o)
                0x200077b4                __sfputc_r
 .text._vfprintf_r
                0x20007804      0x360 c:/isis/application/toolchain/bin/../lib/gcc/arm-none-eabi/4.7.4/../../../../arm-none-eabi/lib\libc_s.a(lib_a-vfprintf.o)
                0x20007804                _vfprintf_r
                0x20007804                _vfiprintf_r
 .text.__swbuf_r
                0x20007b64      0x138 c:/isis/application/toolchain/bin/../lib/gcc/arm-none-eabi/4.7.4/../../../../arm-none-eabi/lib\libc_s.a(lib_a-wbuf.o)
                0x20007b64                __swbuf_r
 .text.__swsetup_r
                0x20007c9c      0x154 c:/isis/application/toolchain/bin/../lib/gcc/arm-none-eabi/4.7.4/../../../../arm-none-eabi/lib\libc_s.a(lib_a-wsetup.o)
                0x20007c9c                __swsetup_r
 .text._fflush_r
                0x20007df0      0x244 c:/isis/application/toolchain/bin/../lib/gcc/arm-none-eabi/4.7.4/../../../../arm-none-eabi/lib\libc_s.a(lib_a-fflush.o)
                0x20007df0                _fflush_r
 .text._cleanup_r
                0x20008034       0x5c c:/isis/application/toolchain/bin/../lib/gcc/arm-none-eabi/4.7.4/../../../../arm-none-eabi/lib\libc_s.a(lib_a-findfp.o)
                0x20008034                _cleanup_r
 .text.std.isra.0
                0x20008090       0x7c c:/isis/application/toolchain/bin/../lib/gcc/arm-none-eabi/4.7.4/../../../../arm-none-eabi/lib\libc_s.a(lib_a-findfp.o)
 .text.__sfmoreglue
                0x2000810c       0x44 c:/isis/application/toolchain/bin/../lib/gcc/arm-none-eabi/4.7.4/../../../../arm-none-eabi/lib\libc_s.a(lib_a-findfp.o)
                0x2000810c                __sfmoreglue
 .text.__sinit  0x20008150       0x90 c:/isis/application/toolchain/bin/../lib/gcc/arm-none-eabi/4.7.4/../../../../arm-none-eabi/lib\libc_s.a(lib_a-findfp.o)
                0x20008150                __sinit
 .text.__sfp    0x200081e0       0xdc c:/isis/application/toolchain/bin/../lib/gcc/arm-none-eabi/4.7.4/../../../../arm-none-eabi/lib\libc_s.a(lib_a-findfp.o)
                0x200081e0                __sfp
 .text.__smakebuf_r
                0x200082bc       0xf8 c:/isis/application/toolchain/bin/../lib/gcc/arm-none-eabi/4.7.4/../../../../arm-none-eabi/lib\libc_s.a(lib_a-makebuf.o)
                0x200082bc                __smakebuf_r
 .text.__sread  0x200083b4       0x34 c:/isis/application/toolchain/bin/../lib/gcc/arm-none-eabi/4.7.4/../../../../arm-none-eabi/lib\libc_s.a(lib_a-stdio.o)
                0x200083b4                __sread
 .text.__swrite
                0x200083e8       0x54 c:/isis/application/toolchain/bin/../lib/gcc/arm-none-eabi/4.7.4/../../../../arm-none-eabi/lib\libc_s.a(lib_a-stdio.o)
                0x200083e8                __swrite
 .text.__sseek  0x2000843c       0x34 c:/isis/application/toolchain/bin/../lib/gcc/arm-none-eabi/4.7.4/../../../../arm-none-eabi/lib\libc_s.a(lib_a-stdio.o)
                0x2000843c                __sseek
 .text.__sclose
                0x20008470       0x14 c:/isis/application/toolchain/bin/../lib/gcc/arm-none-eabi/4.7.4/../../../../arm-none-eabi/lib\libc_s.a(lib_a-stdio.o)
                0x20008470                __sclose
 .text._write_r
                0x20008484       0x44 c:/isis/application/toolchain/bin/../lib/gcc/arm-none-eabi/4.7.4/../../../../arm-none-eabi/lib\libc_s.a(lib_a-writer.o)
                0x20008484                _write_r
 .text._close_r
                0x200084c8       0x3c c:/isis/application/toolchain/bin/../lib/gcc/arm-none-eabi/4.7.4/../../../../arm-none-eabi/lib\libc_s.a(lib_a-closer.o)
                0x200084c8                _close_r
 .text._fstat_r
                0x20008504       0x40 c:/isis/application/toolchain/bin/../lib/gcc/arm-none-eabi/4.7.4/../../../../arm-none-eabi/lib\libc_s.a(lib_a-fstatr.o)
                0x20008504                _fstat_r
 .text._isatty_r
                0x20008544       0x3c c:/isis/application/toolchain/bin/../lib/gcc/arm-none-eabi/4.7.4/../../../../arm-none-eabi/lib\libc_s.a(lib_a-isattyr.o)
                0x20008544                _isatty_r
 .text._lseek_r
                0x20008580       0x44 c:/isis/application/toolchain/bin/../lib/gcc/arm-none-eabi/4.7.4/../../../../arm-none-eabi/lib\libc_s.a(lib_a-lseekr.o)
                0x20008580                _lseek_r
 .text._read_r  0x200085c4       0x44 c:/isis/application/toolchain/bin/../lib/gcc/arm-none-eabi/4.7.4/../../../../arm-none-eabi/lib\libc_s.a(lib_a-readr.o)
                0x200085c4                _read_r
 *(.rodata)
 .rodata        0x20008608       0x48 C:/GlobusSatProject/GlobusSatProject/..//hal/freertos/lib\libFreeRTOSD.a(tasks.o)
 .rodata        0x20008650       0x58 C:/GlobusSatProject/GlobusSatProject/..//hal/freertos/lib\libFreeRTOSD.a(hooks.o)
 .rodata        0x200086a8       0x3c C:/GlobusSatProject/GlobusSatProject/..//hal/at91/lib\libAt91D.a(syscalls.o)
 .rodata        0x200086e4       0x8c C:/GlobusSatProject/GlobusSatProject/..//hal/at91/lib\libAt91D.a(ExitHandler.o)
 .rodata        0x20008770       0xa8 C:/GlobusSatProject/GlobusSatProject/..//hal/at91/lib\libAt91D.a(board_lowlevel.o)
 .rodata        0x20008818      0x158 C:/GlobusSatProject/GlobusSatProject/..//hal/at91/lib\libAt91D.a(cp15.o)
 *(.rodata*)
 .rodata.str1.1
                0x20008970       0x10 c:/isis/application/toolchain/bin/../lib/gcc/arm-none-eabi/4.7.4/../../../../arm-none-eabi/lib\libc_s.a(lib_a-vfprintf_float.o)
 .rodata.str1.1
                0x20008980       0x22 c:/isis/application/toolchain/bin/../lib/gcc/arm-none-eabi/4.7.4/../../../../arm-none-eabi/lib\libc_s.a(lib_a-vfprintf_i.o)
 .rodata.str1.1
                0x200089a2        0x5 c:/isis/application/toolchain/bin/../lib/gcc/arm-none-eabi/4.7.4/../../../../arm-none-eabi/lib\libc_s.a(lib_a-vfscanf_float.o)
 .rodata.str1.1
                0x200089a7        0xf c:/isis/application/toolchain/bin/../lib/gcc/arm-none-eabi/4.7.4/../../../../arm-none-eabi/lib\libc_s.a(lib_a-dtoa.o)
 .rodata.str1.1
                0x200089b6        0xa c:/isis/application/toolchain/bin/../lib/gcc/arm-none-eabi/4.7.4/../../../../arm-none-eabi/lib\libc_s.a(lib_a-locale.o)
                                  0xb (size before relaxing)
 .rodata.__mprec_tens
                0x200089c0       0xc8 c:/isis/application/toolchain/bin/../lib/gcc/arm-none-eabi/4.7.4/../../../../arm-none-eabi/lib\libc_s.a(lib_a-mprec.o)
                0x200089c0                __mprec_tens
 .rodata.p05.5252
                0x20008a88        0xc c:/isis/application/toolchain/bin/../lib/gcc/arm-none-eabi/4.7.4/../../../../arm-none-eabi/lib\libc_s.a(lib_a-mprec.o)
 *fill*         0x20008a94        0x4 00
 .rodata.__mprec_bigtens
                0x20008a98       0x28 c:/isis/application/toolchain/bin/../lib/gcc/arm-none-eabi/4.7.4/../../../../arm-none-eabi/lib\libc_s.a(lib_a-mprec.o)
                0x20008a98                __mprec_bigtens
 .rodata.str1.1
                0x00000000        0xa c:/isis/application/toolchain/bin/../lib/gcc/arm-none-eabi/4.7.4/../../../../arm-none-eabi/lib\libc_s.a(lib_a-strtod.o)
                                  0xc (size before relaxing)
 .rodata.tinytens
                0x20008ac0       0x28 c:/isis/application/toolchain/bin/../lib/gcc/arm-none-eabi/4.7.4/../../../../arm-none-eabi/lib\libc_s.a(lib_a-strtod.o)
 .rodata.str1.1
                0x20008ae8       0x11 c:/isis/application/toolchain/bin/../lib/gcc/arm-none-eabi/4.7.4/../../../../arm-none-eabi/lib\libc_s.a(lib_a-svfprintf.o)
 .rodata._ctype_
                0x20008af9      0x101 c:/isis/application/toolchain/bin/../lib/gcc/arm-none-eabi/4.7.4/../../../../arm-none-eabi/lib\libc_s.a(lib_a-ctype_.o)
                0x20008af9                _ctype_
 .rodata.str1.1
                0x20008bfa        0xb c:/isis/application/toolchain/bin/../lib/gcc/arm-none-eabi/4.7.4/../../../../arm-none-eabi/lib\libc_s.a(lib_a-gdtoa-gethex.o)
                                 0x19 (size before relaxing)
 .rodata.str1.1
                0x00000000        0x2 c:/isis/application/toolchain/bin/../lib/gcc/arm-none-eabi/4.7.4/../../../../arm-none-eabi/lib\libc_s.a(lib_a-impure.o)
 *fill*         0x20008c05        0x3 00
 .rodata._global_impure_ptr
                0x20008c08        0x4 c:/isis/application/toolchain/bin/../lib/gcc/arm-none-eabi/4.7.4/../../../../arm-none-eabi/lib\libc_s.a(lib_a-impure.o)
                0x20008c08                _global_impure_ptr
 .rodata.str1.1
                0x00000000       0x11 c:/isis/application/toolchain/bin/../lib/gcc/arm-none-eabi/4.7.4/../../../../arm-none-eabi/lib\libc_s.a(lib_a-vfprintf.o)
 .rodata.__sf_fake_stdin
                0x20008c0c       0x20 c:/isis/application/toolchain/bin/../lib/gcc/arm-none-eabi/4.7.4/../../../../arm-none-eabi/lib\libc_s.a(lib_a-findfp.o)
                0x20008c0c                __sf_fake_stdin
 .rodata.__sf_fake_stdout
                0x20008c2c       0x20 c:/isis/application/toolchain/bin/../lib/gcc/arm-none-eabi/4.7.4/../../../../arm-none-eabi/lib\libc_s.a(lib_a-findfp.o)
                0x20008c2c                __sf_fake_stdout
 .rodata.__sf_fake_stderr
                0x20008c4c       0x20 c:/isis/application/toolchain/bin/../lib/gcc/arm-none-eabi/4.7.4/../../../../arm-none-eabi/lib\libc_s.a(lib_a-findfp.o)
                0x20008c4c                __sf_fake_stderr
 *(.rodata.*)
 *(.glue_7)
 .glue_7        0x00000000        0x0 linker stubs
 *(.glue_7t)
 .glue_7t       0x00000000        0x0 linker stubs
 *(.vfp11_veneer)
 .vfp11_veneer  0x00000000        0x0 linker stubs
 *(.v4_bx)
 .v4_bx         0x00000000        0x0 linker stubs
 *(.data)
 .data          0x20008c6c        0x4 C:/GlobusSatProject/GlobusSatProject/..//hal/freertos/lib\libFreeRTOSD.a(tasks.o)
 .data          0x20008c70        0x4 C:/GlobusSatProject/GlobusSatProject/..//hal/freertos/lib\libFreeRTOSD.a(port.o)
                0x20008c70                ulCriticalNesting
 *(.data.*)
 .data.lconv    0x20008c74       0x38 c:/isis/application/toolchain/bin/../lib/gcc/arm-none-eabi/4.7.4/../../../../arm-none-eabi/lib\libc_s.a(lib_a-locale.o)
 .data.fpi.5208
                0x20008cac       0x14 c:/isis/application/toolchain/bin/../lib/gcc/arm-none-eabi/4.7.4/../../../../arm-none-eabi/lib\libc_s.a(lib_a-strtod.o)
 .data.fpinan.5244
                0x20008cc0       0x14 c:/isis/application/toolchain/bin/../lib/gcc/arm-none-eabi/4.7.4/../../../../arm-none-eabi/lib\libc_s.a(lib_a-strtod.o)
 .data.__ctype_ptr__
                0x20008cd4        0x4 c:/isis/application/toolchain/bin/../lib/gcc/arm-none-eabi/4.7.4/../../../../arm-none-eabi/lib\libc_s.a(lib_a-ctype_.o)
                0x20008cd4                __ctype_ptr__
 .data.impure_data
                0x20008cd8       0x64 c:/isis/application/toolchain/bin/../lib/gcc/arm-none-eabi/4.7.4/../../../../arm-none-eabi/lib\libc_s.a(lib_a-impure.o)
 .data._impure_ptr
                0x20008d3c        0x4 c:/isis/application/toolchain/bin/../lib/gcc/arm-none-eabi/4.7.4/../../../../arm-none-eabi/lib\libc_s.a(lib_a-impure.o)
                0x20008d3c                _impure_ptr
 *(.dyn)
 *(.iplt)
 .iplt          0x00000000        0x0 c:/isis/application/toolchain/bin/../lib/gcc/arm-none-eabi/4.7.4/../../../../arm-none-eabi/lib\libc_s.a(lib_a-vfprintf_float.o)
 *(.igot)
 *(.igot.plt)
 .igot.plt      0x00000000        0x0 c:/isis/application/toolchain/bin/../lib/gcc/arm-none-eabi/4.7.4/../../../../arm-none-eabi/lib\libc_s.a(lib_a-vfprintf_float.o)
 *(.rel.dyn)
 *(.rel.iplt)
 .rel.iplt      0x00000000        0x0 c:/isis/application/toolchain/bin/../lib/gcc/arm-none-eabi/4.7.4/../../../../arm-none-eabi/lib\libc_s.a(lib_a-vfprintf_float.o)
                0x20008d40                . = ALIGN (0x4)
                0x20008d40                _efixed = .

.ARM.exidx      0x20008d40        0x0
 *(.ARM.exidx)
                0x20008d40                _eexidx = .

.ARM.extab      0x20008d40        0x0
 *(.ARM.extab)
                0x20008d40                _eextab = .

.prerelocate    0x00000000        0x0 load address 0x20008d40
                0x00000000                . = ALIGN (0x4)
                0x00000000                _sprerelocate = .
                0x00000000                . = ALIGN (0x4)
                0x00000000                _eprerelocate = .

.postrelocate   0x00200000      0x228 load address 0x20008d40
                0x00200000                . = ALIGN (0x4)
                0x00200000                _spostrelocate = .
 *(.vectors)
 .vectors       0x00200000       0xd4 C:/GlobusSatProject/GlobusSatProject/..//hal/at91/lib\libAt91D.a(board_cstartup.o)
 *(.sramfunc)
 .sramfunc      0x002000d4       0xf0 C:/GlobusSatProject/GlobusSatProject/..//hal/freertos/lib\libFreeRTOSD.a(port.o)
                0x002000d4                vPortTickISR
                0x00200110                vPortYieldProcessor
 .sramfunc      0x002001c4       0x48 C:/GlobusSatProject/GlobusSatProject/..//hal/at91/lib\libAt91D.a(ExitHandler.o)
                0x002001c4                gracefulReset
 *fill*         0x0020020c        0x4 00
 .sramfunc.stub
                0x00200210       0x18 linker stubs
 *(.ramfunc)
                0x00200228                . = ALIGN (0x4)
                0x00200228                _epostrelocate = .

.sramdata       0x00300000        0x0 load address 0x20008f68
                0x00300000                . = ALIGN (0x4)
                0x00300000                _ssramdata = .
 *(.sramdata)
                0x00300000                . = ALIGN (0x4)
                0x00300000                _esramdata = .

.srambss        0x00300000        0x0
                0x00300000                . = ALIGN (0x4)
                0x00300000                _ssrambss = .
 *(.srambss)
                0x00300000                . = ALIGN (0x4)
                0x00300000                _esrambss = .

.bss            0x20008d40      0x208
                0x20008d40                _szero = .
 *(.bss)
 .bss           0x20008d40       0xfc C:/GlobusSatProject/GlobusSatProject/..//hal/freertos/lib\libFreeRTOSD.a(tasks.o)
                0x20008d40                pxCurrentTCB
 .bss           0x20008e3c        0x4 C:/GlobusSatProject/GlobusSatProject/..//hal/at91/lib\libAt91D.a(syscalls.o)
 *(.bss.*)
 .bss.__malloc_free_list
                0x20008e40        0x4 c:/isis/application/toolchain/bin/../lib/gcc/arm-none-eabi/4.7.4/../../../../arm-none-eabi/lib\libc_s.a(lib_a-mallocr.o)
                0x20008e40                __malloc_free_list
 *(COMMON)
 COMMON         0x20008e44      0x100 c:/isis/application/toolchain/bin/../lib/gcc/arm-none-eabi/4.7.4/../../../../arm-none-eabi/lib\libc_s.a(lib_a-gdtoa-gethex.o)
                0x20008e44                __hexdig
 COMMON         0x20008f44        0x4 c:/isis/application/toolchain/bin/../lib/gcc/arm-none-eabi/4.7.4/../../../../arm-none-eabi/lib\libc_s.a(lib_a-reent.o)
                0x20008f44                errno
 *(COMMON.*)
                0x20008f48                . = ALIGN (0x4)
                0x20008f48                _ezero = .
                0x20008f48                _sheap_ = .
                0x21700000                _eheap_ = 0x21700000
                0x21fffc00                _sstack = 0x21fffc00
                0x20008f48                end = .
OUTPUT(GlobusSatProject.elf elf32-littlearm)

.ARM.attributes
                0x00000000       0x30
 .ARM.attributes
                0x00000000       0x30 c:/isis/application/toolchain/bin/../lib/gcc/arm-none-eabi/4.7.4/../../../../arm-none-eabi/lib\libc_s.a(lib_a-vfprintf_float.o)
 .ARM.attributes
                0x00000030       0x30 c:/isis/application/toolchain/bin/../lib/gcc/arm-none-eabi/4.7.4/../../../../arm-none-eabi/lib\libc_s.a(lib_a-vfprintf_i.o)
 .ARM.attributes
                0x00000060       0x30 c:/isis/application/toolchain/bin/../lib/gcc/arm-none-eabi/4.7.4/../../../../arm-none-eabi/lib\libc_s.a(lib_a-vfscanf_float.o)
 .ARM.attributes
                0x00000090       0x30 c:/isis/application/toolchain/bin/../lib/gcc/arm-none-eabi/4.7.4/../../../../arm-none-eabi/lib\libc_s.a(lib_a-dtoa.o)
 .ARM.attributes
                0x000000c0       0x30 c:/isis/application/toolchain/bin/../lib/gcc/arm-none-eabi/4.7.4/../../../../arm-none-eabi/lib\libc_s.a(lib_a-locale.o)
 .ARM.attributes
                0x000000f0       0x30 c:/isis/application/toolchain/bin/../lib/gcc/arm-none-eabi/4.7.4/../../../../arm-none-eabi/lib\libc_s.a(lib_a-malloc.o)
 .ARM.attributes
                0x00000120       0x30 c:/isis/application/toolchain/bin/../lib/gcc/arm-none-eabi/4.7.4/../../../../arm-none-eabi/lib\libc_s.a(lib_a-mallocr.o)
 .ARM.attributes
                0x00000150       0x30 c:/isis/application/toolchain/bin/../lib/gcc/arm-none-eabi/4.7.4/../../../../arm-none-eabi/lib\libc_s.a(lib_a-memcpy.o)
 .ARM.attributes
                0x00000180       0x30 c:/isis/application/toolchain/bin/../lib/gcc/arm-none-eabi/4.7.4/../../../../arm-none-eabi/lib\libc_s.a(lib_a-mprec.o)
 .ARM.attributes
                0x000001b0       0x30 c:/isis/application/toolchain/bin/../lib/gcc/arm-none-eabi/4.7.4/../../../../arm-none-eabi/lib\libc_s.a(lib_a-s_fpclassify.o)
 .ARM.attributes
                0x000001e0       0x30 c:/isis/application/toolchain/bin/../lib/gcc/arm-none-eabi/4.7.4/../../../../arm-none-eabi/lib\libc_s.a(lib_a-sbrkr.o)
 .ARM.attributes
                0x00000210       0x30 c:/isis/application/toolchain/bin/../lib/gcc/arm-none-eabi/4.7.4/../../../../arm-none-eabi/lib\libc_s.a(lib_a-sf_nan.o)
 .ARM.attributes
                0x00000240       0x30 c:/isis/application/toolchain/bin/../lib/gcc/arm-none-eabi/4.7.4/../../../../arm-none-eabi/lib\libc_s.a(lib_a-sprintf.o)
 .ARM.attributes
                0x00000270       0x30 c:/isis/application/toolchain/bin/../lib/gcc/arm-none-eabi/4.7.4/../../../../arm-none-eabi/lib\libc_s.a(lib_a-strlen.o)
 .ARM.attributes
                0x000002a0       0x30 c:/isis/application/toolchain/bin/../lib/gcc/arm-none-eabi/4.7.4/../../../../arm-none-eabi/lib\libc_s.a(lib_a-strtod.o)
 .ARM.attributes
                0x000002d0       0x30 c:/isis/application/toolchain/bin/../lib/gcc/arm-none-eabi/4.7.4/../../../../arm-none-eabi/lib\libc_s.a(lib_a-strtol.o)
 .ARM.attributes
                0x00000300       0x30 c:/isis/application/toolchain/bin/../lib/gcc/arm-none-eabi/4.7.4/../../../../arm-none-eabi/lib\libc_s.a(lib_a-svfprintf.o)
 .ARM.attributes
                0x00000330       0x30 c:/isis/application/toolchain/bin/../lib/gcc/arm-none-eabi/4.7.4/../../../../arm-none-eabi/lib\libc_s.a(lib_a-callocr.o)
 .ARM.attributes
                0x00000360       0x30 c:/isis/application/toolchain/bin/../lib/gcc/arm-none-eabi/4.7.4/../../../../arm-none-eabi/lib\libc_s.a(lib_a-ctype_.o)
 .ARM.attributes
                0x00000390       0x30 c:/isis/application/toolchain/bin/../lib/gcc/arm-none-eabi/4.7.4/../../../../arm-none-eabi/lib\libc_s.a(lib_a-freer.o)
 .ARM.attributes
                0x000003c0       0x30 c:/isis/application/toolchain/bin/../lib/gcc/arm-none-eabi/4.7.4/../../../../arm-none-eabi/lib\libc_s.a(lib_a-gdtoa-gethex.o)
 .ARM.attributes
                0x000003f0       0x30 c:/isis/application/toolchain/bin/../lib/gcc/arm-none-eabi/4.7.4/../../../../arm-none-eabi/lib\libc_s.a(lib_a-gdtoa-hexnan.o)
 .ARM.attributes
                0x00000420       0x30 c:/isis/application/toolchain/bin/../lib/gcc/arm-none-eabi/4.7.4/../../../../arm-none-eabi/lib\libc_s.a(lib_a-impure.o)
 .ARM.attributes
                0x00000450       0x30 c:/isis/application/toolchain/bin/../lib/gcc/arm-none-eabi/4.7.4/../../../../arm-none-eabi/lib\libc_s.a(lib_a-memchr.o)
 .ARM.attributes
                0x00000480       0x30 c:/isis/application/toolchain/bin/../lib/gcc/arm-none-eabi/4.7.4/../../../../arm-none-eabi/lib\libc_s.a(lib_a-memset.o)
 .ARM.attributes
                0x000004b0       0x30 c:/isis/application/toolchain/bin/../lib/gcc/arm-none-eabi/4.7.4/../../../../arm-none-eabi/lib\libc_s.a(lib_a-reallocr.o)
 .ARM.attributes
                0x000004e0       0x30 c:/isis/application/toolchain/bin/../lib/gcc/arm-none-eabi/4.7.4/../../../../arm-none-eabi/lib\libc_s.a(lib_a-reent.o)
 .ARM.attributes
                0x00000510       0x30 c:/isis/application/toolchain/bin/../lib/gcc/arm-none-eabi/4.7.4/../../../../arm-none-eabi/lib\libc_s.a(lib_a-strncmp.o)
 .ARM.attributes
                0x00000540       0x30 c:/isis/application/toolchain/bin/../lib/gcc/arm-none-eabi/4.7.4/../../../../arm-none-eabi/lib\libc_s.a(lib_a-msizer.o)
 .ARM.attributes
                0x00000570       0x32 ./src/main.o
 .ARM.attributes
                0x000005a2       0x32 C:/GlobusSatProject/GlobusSatProject/..//hal/freertos/lib\libFreeRTOSD.a(tasks.o)
 .ARM.attributes
                0x000005d4       0x32 C:/GlobusSatProject/GlobusSatProject/..//hal/freertos/lib\libFreeRTOSD.a(hooks.o)
 .ARM.attributes
                0x00000606       0x32 C:/GlobusSatProject/GlobusSatProject/..//hal/freertos/lib\libFreeRTOSD.a(port.o)
 .ARM.attributes
                0x00000638       0x32 C:/GlobusSatProject/GlobusSatProject/..//hal/freertos/lib\libFreeRTOSD.a(list.o)
 .ARM.attributes
                0x0000066a       0x32 C:/GlobusSatProject/GlobusSatProject/..//hal/at91/lib\libAt91D.a(syscalls.o)
 .ARM.attributes
                0x0000069c       0x32 C:/GlobusSatProject/GlobusSatProject/..//hal/at91/lib\libAt91D.a(dbgu.o)
 .ARM.attributes
                0x000006ce       0x32 C:/GlobusSatProject/GlobusSatProject/..//hal/at91/lib\libAt91D.a(ExitHandler.o)
 .ARM.attributes
                0x00000700       0x22 C:/GlobusSatProject/GlobusSatProject/..//hal/at91/lib\libAt91D.a(board_cstartup.o)
 .ARM.attributes
                0x00000722       0x22 C:/GlobusSatProject/GlobusSatProject/..//hal/at91/lib\libAt91D.a(cp15_asm.o)
 .ARM.attributes
                0x00000744       0x32 C:/GlobusSatProject/GlobusSatProject/..//hal/at91/lib\libAt91D.a(board_lowlevel.o)
 .ARM.attributes
                0x00000776       0x32 C:/GlobusSatProject/GlobusSatProject/..//hal/at91/lib\libAt91D.a(board_memories.o)
 .ARM.attributes
                0x000007a8       0x32 C:/GlobusSatProject/GlobusSatProject/..//hal/at91/lib\libAt91D.a(cp15.o)
 .ARM.attributes
                0x000007da       0x18 c:/isis/application/toolchain/bin/../lib/gcc/arm-none-eabi/4.7.4\libgcc.a(_udivsi3.o)
 .ARM.attributes
                0x000007f2       0x18 c:/isis/application/toolchain/bin/../lib/gcc/arm-none-eabi/4.7.4\libgcc.a(_divsi3.o)
 .ARM.attributes
                0x0000080a       0x18 c:/isis/application/toolchain/bin/../lib/gcc/arm-none-eabi/4.7.4\libgcc.a(_dvmd_tls.o)
 .ARM.attributes
                0x00000822       0x18 c:/isis/application/toolchain/bin/../lib/gcc/arm-none-eabi/4.7.4\libgcc.a(_arm_addsubdf3.o)
 .ARM.attributes
                0x0000083a       0x18 c:/isis/application/toolchain/bin/../lib/gcc/arm-none-eabi/4.7.4\libgcc.a(_arm_muldivdf3.o)
 .ARM.attributes
                0x00000852       0x18 c:/isis/application/toolchain/bin/../lib/gcc/arm-none-eabi/4.7.4\libgcc.a(_arm_cmpdf2.o)
 .ARM.attributes
                0x0000086a       0x18 c:/isis/application/toolchain/bin/../lib/gcc/arm-none-eabi/4.7.4\libgcc.a(_arm_fixdfsi.o)
 .ARM.attributes
                0x00000882       0x18 c:/isis/application/toolchain/bin/../lib/gcc/arm-none-eabi/4.7.4\libgcc.a(_arm_fixunsdfsi.o)
 .ARM.attributes
                0x0000089a       0x18 c:/isis/application/toolchain/bin/../lib/gcc/arm-none-eabi/4.7.4\libgcc.a(_arm_truncdfsf2.o)
 .ARM.attributes
                0x000008b2       0x30 c:/isis/application/toolchain/bin/../lib/gcc/arm-none-eabi/4.7.4/../../../../arm-none-eabi/lib\libc_s.a(lib_a-errno.o)
 .ARM.attributes
                0x000008e2       0x30 c:/isis/application/toolchain/bin/../lib/gcc/arm-none-eabi/4.7.4/../../../../arm-none-eabi/lib\libc_s.a(lib_a-printf.o)
 .ARM.attributes
                0x00000912       0x30 c:/isis/application/toolchain/bin/../lib/gcc/arm-none-eabi/4.7.4/../../../../arm-none-eabi/lib\libc_s.a(lib_a-vfprintf.o)
 .ARM.attributes
                0x00000942       0x30 c:/isis/application/toolchain/bin/../lib/gcc/arm-none-eabi/4.7.4/../../../../arm-none-eabi/lib\libc_s.a(lib_a-wbuf.o)
 .ARM.attributes
                0x00000972       0x30 c:/isis/application/toolchain/bin/../lib/gcc/arm-none-eabi/4.7.4/../../../../arm-none-eabi/lib\libc_s.a(lib_a-wsetup.o)
 .ARM.attributes
                0x000009a2       0x30 c:/isis/application/toolchain/bin/../lib/gcc/arm-none-eabi/4.7.4/../../../../arm-none-eabi/lib\libc_s.a(lib_a-fflush.o)
 .ARM.attributes
                0x000009d2       0x30 c:/isis/application/toolchain/bin/../lib/gcc/arm-none-eabi/4.7.4/../../../../arm-none-eabi/lib\libc_s.a(lib_a-findfp.o)
 .ARM.attributes
                0x00000a02       0x30 c:/isis/application/toolchain/bin/../lib/gcc/arm-none-eabi/4.7.4/../../../../arm-none-eabi/lib\libc_s.a(lib_a-makebuf.o)
 .ARM.attributes
                0x00000a32       0x30 c:/isis/application/toolchain/bin/../lib/gcc/arm-none-eabi/4.7.4/../../../../arm-none-eabi/lib\libc_s.a(lib_a-stdio.o)
 .ARM.attributes
                0x00000a62       0x30 c:/isis/application/toolchain/bin/../lib/gcc/arm-none-eabi/4.7.4/../../../../arm-none-eabi/lib\libc_s.a(lib_a-writer.o)
 .ARM.attributes
                0x00000a92       0x30 c:/isis/application/toolchain/bin/../lib/gcc/arm-none-eabi/4.7.4/../../../../arm-none-eabi/lib\libc_s.a(lib_a-closer.o)
 .ARM.attributes
                0x00000ac2       0x30 c:/isis/application/toolchain/bin/../lib/gcc/arm-none-eabi/4.7.4/../../../../arm-none-eabi/lib\libc_s.a(lib_a-fstatr.o)
 .ARM.attributes
                0x00000af2       0x30 c:/isis/application/toolchain/bin/../lib/gcc/arm-none-eabi/4.7.4/../../../../arm-none-eabi/lib\libc_s.a(lib_a-isattyr.o)
 .ARM.attributes
                0x00000b22       0x30 c:/isis/application/toolchain/bin/../lib/gcc/arm-none-eabi/4.7.4/../../../../arm-none-eabi/lib\libc_s.a(lib_a-lseekr.o)
 .ARM.attributes
                0x00000b52       0x30 c:/isis/application/toolchain/bin/../lib/gcc/arm-none-eabi/4.7.4/../../../../arm-none-eabi/lib\libc_s.a(lib_a-readr.o)

.comment        0x00000000       0x70
 .comment       0x00000000       0x70 ./src/main.o
                                 0x71 (size before relaxing)
 .comment       0x00000000       0x71 C:/GlobusSatProject/GlobusSatProject/..//hal/freertos/lib\libFreeRTOSD.a(tasks.o)
 .comment       0x00000000       0x71 C:/GlobusSatProject/GlobusSatProject/..//hal/freertos/lib\libFreeRTOSD.a(hooks.o)
 .comment       0x00000000       0x71 C:/GlobusSatProject/GlobusSatProject/..//hal/freertos/lib\libFreeRTOSD.a(port.o)
 .comment       0x00000000       0x71 C:/GlobusSatProject/GlobusSatProject/..//hal/freertos/lib\libFreeRTOSD.a(list.o)
 .comment       0x00000000       0x71 C:/GlobusSatProject/GlobusSatProject/..//hal/at91/lib\libAt91D.a(syscalls.o)
 .comment       0x00000000       0x71 C:/GlobusSatProject/GlobusSatProject/..//hal/at91/lib\libAt91D.a(dbgu.o)
 .comment       0x00000000       0x71 C:/GlobusSatProject/GlobusSatProject/..//hal/at91/lib\libAt91D.a(ExitHandler.o)
 .comment       0x00000000       0x71 C:/GlobusSatProject/GlobusSatProject/..//hal/at91/lib\libAt91D.a(board_lowlevel.o)
 .comment       0x00000000       0x71 C:/GlobusSatProject/GlobusSatProject/..//hal/at91/lib\libAt91D.a(board_memories.o)
 .comment       0x00000000       0x71 C:/GlobusSatProject/GlobusSatProject/..//hal/at91/lib\libAt91D.a(cp15.o)

.debug_frame    0x00000000     0x19ac
 .debug_frame   0x00000000       0x80 c:/isis/application/toolchain/bin/../lib/gcc/arm-none-eabi/4.7.4/../../../../arm-none-eabi/lib\libc_s.a(lib_a-vfprintf_float.o)
 .debug_frame   0x00000080       0x5c c:/isis/application/toolchain/bin/../lib/gcc/arm-none-eabi/4.7.4/../../../../arm-none-eabi/lib\libc_s.a(lib_a-vfprintf_i.o)
 .debug_frame   0x000000dc       0x38 c:/isis/application/toolchain/bin/../lib/gcc/arm-none-eabi/4.7.4/../../../../arm-none-eabi/lib\libc_s.a(lib_a-vfscanf_float.o)
 .debug_frame   0x00000114       0x64 c:/isis/application/toolchain/bin/../lib/gcc/arm-none-eabi/4.7.4/../../../../arm-none-eabi/lib\libc_s.a(lib_a-dtoa.o)
 .debug_frame   0x00000178       0x98 c:/isis/application/toolchain/bin/../lib/gcc/arm-none-eabi/4.7.4/../../../../arm-none-eabi/lib\libc_s.a(lib_a-locale.o)
 .debug_frame   0x00000210       0x40 c:/isis/application/toolchain/bin/../lib/gcc/arm-none-eabi/4.7.4/../../../../arm-none-eabi/lib\libc_s.a(lib_a-malloc.o)
 .debug_frame   0x00000250       0x2c c:/isis/application/toolchain/bin/../lib/gcc/arm-none-eabi/4.7.4/../../../../arm-none-eabi/lib\libc_s.a(lib_a-mallocr.o)
 .debug_frame   0x0000027c       0x20 c:/isis/application/toolchain/bin/../lib/gcc/arm-none-eabi/4.7.4/../../../../arm-none-eabi/lib\libc_s.a(lib_a-memcpy.o)
 .debug_frame   0x0000029c      0x22c c:/isis/application/toolchain/bin/../lib/gcc/arm-none-eabi/4.7.4/../../../../arm-none-eabi/lib\libc_s.a(lib_a-mprec.o)
 .debug_frame   0x000004c8       0x20 c:/isis/application/toolchain/bin/../lib/gcc/arm-none-eabi/4.7.4/../../../../arm-none-eabi/lib\libc_s.a(lib_a-s_fpclassify.o)
 .debug_frame   0x000004e8       0x2c c:/isis/application/toolchain/bin/../lib/gcc/arm-none-eabi/4.7.4/../../../../arm-none-eabi/lib\libc_s.a(lib_a-sbrkr.o)
 .debug_frame   0x00000514       0x20 c:/isis/application/toolchain/bin/../lib/gcc/arm-none-eabi/4.7.4/../../../../arm-none-eabi/lib\libc_s.a(lib_a-sf_nan.o)
 .debug_frame   0x00000534       0x54 c:/isis/application/toolchain/bin/../lib/gcc/arm-none-eabi/4.7.4/../../../../arm-none-eabi/lib\libc_s.a(lib_a-sprintf.o)
 .debug_frame   0x00000588       0x20 c:/isis/application/toolchain/bin/../lib/gcc/arm-none-eabi/4.7.4/../../../../arm-none-eabi/lib\libc_s.a(lib_a-strlen.o)
 .debug_frame   0x000005a8       0x80 c:/isis/application/toolchain/bin/../lib/gcc/arm-none-eabi/4.7.4/../../../../arm-none-eabi/lib\libc_s.a(lib_a-strtod.o)
 .debug_frame   0x00000628       0x54 c:/isis/application/toolchain/bin/../lib/gcc/arm-none-eabi/4.7.4/../../../../arm-none-eabi/lib\libc_s.a(lib_a-strtol.o)
 .debug_frame   0x0000067c       0x88 c:/isis/application/toolchain/bin/../lib/gcc/arm-none-eabi/4.7.4/../../../../arm-none-eabi/lib\libc_s.a(lib_a-svfprintf.o)
 .debug_frame   0x00000704       0x2c c:/isis/application/toolchain/bin/../lib/gcc/arm-none-eabi/4.7.4/../../../../arm-none-eabi/lib\libc_s.a(lib_a-callocr.o)
 .debug_frame   0x00000730       0x28 c:/isis/application/toolchain/bin/../lib/gcc/arm-none-eabi/4.7.4/../../../../arm-none-eabi/lib\libc_s.a(lib_a-freer.o)
 .debug_frame   0x00000758       0x84 c:/isis/application/toolchain/bin/../lib/gcc/arm-none-eabi/4.7.4/../../../../arm-none-eabi/lib\libc_s.a(lib_a-gdtoa-gethex.o)
 .debug_frame   0x000007dc       0x54 c:/isis/application/toolchain/bin/../lib/gcc/arm-none-eabi/4.7.4/../../../../arm-none-eabi/lib\libc_s.a(lib_a-gdtoa-hexnan.o)
 .debug_frame   0x00000830       0x20 c:/isis/application/toolchain/bin/../lib/gcc/arm-none-eabi/4.7.4/../../../../arm-none-eabi/lib\libc_s.a(lib_a-memchr.o)
 .debug_frame   0x00000850       0x20 c:/isis/application/toolchain/bin/../lib/gcc/arm-none-eabi/4.7.4/../../../../arm-none-eabi/lib\libc_s.a(lib_a-memset.o)
 .debug_frame   0x00000870       0x30 c:/isis/application/toolchain/bin/../lib/gcc/arm-none-eabi/4.7.4/../../../../arm-none-eabi/lib\libc_s.a(lib_a-reallocr.o)
 .debug_frame   0x000008a0       0x64 c:/isis/application/toolchain/bin/../lib/gcc/arm-none-eabi/4.7.4/../../../../arm-none-eabi/lib\libc_s.a(lib_a-reent.o)
 .debug_frame   0x00000904       0x28 c:/isis/application/toolchain/bin/../lib/gcc/arm-none-eabi/4.7.4/../../../../arm-none-eabi/lib\libc_s.a(lib_a-strncmp.o)
 .debug_frame   0x0000092c       0x20 c:/isis/application/toolchain/bin/../lib/gcc/arm-none-eabi/4.7.4/../../../../arm-none-eabi/lib\libc_s.a(lib_a-msizer.o)
 .debug_frame   0x0000094c       0x28 ./src/main.o
 .debug_frame   0x00000974      0x404 C:/GlobusSatProject/GlobusSatProject/..//hal/freertos/lib\libFreeRTOSD.a(tasks.o)
 .debug_frame   0x00000d78       0x44 C:/GlobusSatProject/GlobusSatProject/..//hal/freertos/lib\libFreeRTOSD.a(hooks.o)
 .debug_frame   0x00000dbc      0x10c C:/GlobusSatProject/GlobusSatProject/..//hal/freertos/lib\libFreeRTOSD.a(port.o)
 .debug_frame   0x00000ec8       0x88 C:/GlobusSatProject/GlobusSatProject/..//hal/freertos/lib\libFreeRTOSD.a(list.o)
 .debug_frame   0x00000f50      0x1e0 C:/GlobusSatProject/GlobusSatProject/..//hal/at91/lib\libAt91D.a(syscalls.o)
 .debug_frame   0x00001130       0xcc C:/GlobusSatProject/GlobusSatProject/..//hal/at91/lib\libAt91D.a(dbgu.o)
 .debug_frame   0x000011fc       0x9c C:/GlobusSatProject/GlobusSatProject/..//hal/at91/lib\libAt91D.a(ExitHandler.o)
 .debug_frame   0x00001298       0x98 C:/GlobusSatProject/GlobusSatProject/..//hal/at91/lib\libAt91D.a(board_lowlevel.o)
 .debug_frame   0x00001330       0x74 C:/GlobusSatProject/GlobusSatProject/..//hal/at91/lib\libAt91D.a(board_memories.o)
 .debug_frame   0x000013a4      0x10c C:/GlobusSatProject/GlobusSatProject/..//hal/at91/lib\libAt91D.a(cp15.o)
 .debug_frame   0x000014b0       0x20 c:/isis/application/toolchain/bin/../lib/gcc/arm-none-eabi/4.7.4\libgcc.a(_udivsi3.o)
 .debug_frame   0x000014d0       0x20 c:/isis/application/toolchain/bin/../lib/gcc/arm-none-eabi/4.7.4\libgcc.a(_divsi3.o)
 .debug_frame   0x000014f0       0x20 c:/isis/application/toolchain/bin/../lib/gcc/arm-none-eabi/4.7.4/../../../../arm-none-eabi/lib\libc_s.a(lib_a-errno.o)
 .debug_frame   0x00001510       0x60 c:/isis/application/toolchain/bin/../lib/gcc/arm-none-eabi/4.7.4/../../../../arm-none-eabi/lib\libc_s.a(lib_a-printf.o)
 .debug_frame   0x00001570       0x8c c:/isis/application/toolchain/bin/../lib/gcc/arm-none-eabi/4.7.4/../../../../arm-none-eabi/lib\libc_s.a(lib_a-vfprintf.o)
 .debug_frame   0x000015fc       0x3c c:/isis/application/toolchain/bin/../lib/gcc/arm-none-eabi/4.7.4/../../../../arm-none-eabi/lib\libc_s.a(lib_a-wbuf.o)
 .debug_frame   0x00001638       0x2c c:/isis/application/toolchain/bin/../lib/gcc/arm-none-eabi/4.7.4/../../../../arm-none-eabi/lib\libc_s.a(lib_a-wsetup.o)
 .debug_frame   0x00001664       0x48 c:/isis/application/toolchain/bin/../lib/gcc/arm-none-eabi/4.7.4/../../../../arm-none-eabi/lib\libc_s.a(lib_a-fflush.o)
 .debug_frame   0x000016ac      0x140 c:/isis/application/toolchain/bin/../lib/gcc/arm-none-eabi/4.7.4/../../../../arm-none-eabi/lib\libc_s.a(lib_a-findfp.o)
 .debug_frame   0x000017ec       0x30 c:/isis/application/toolchain/bin/../lib/gcc/arm-none-eabi/4.7.4/../../../../arm-none-eabi/lib\libc_s.a(lib_a-makebuf.o)
 .debug_frame   0x0000181c       0x88 c:/isis/application/toolchain/bin/../lib/gcc/arm-none-eabi/4.7.4/../../../../arm-none-eabi/lib\libc_s.a(lib_a-stdio.o)
 .debug_frame   0x000018a4       0x2c c:/isis/application/toolchain/bin/../lib/gcc/arm-none-eabi/4.7.4/../../../../arm-none-eabi/lib\libc_s.a(lib_a-writer.o)
 .debug_frame   0x000018d0       0x2c c:/isis/application/toolchain/bin/../lib/gcc/arm-none-eabi/4.7.4/../../../../arm-none-eabi/lib\libc_s.a(lib_a-closer.o)
 .debug_frame   0x000018fc       0x2c c:/isis/application/toolchain/bin/../lib/gcc/arm-none-eabi/4.7.4/../../../../arm-none-eabi/lib\libc_s.a(lib_a-fstatr.o)
 .debug_frame   0x00001928       0x2c c:/isis/application/toolchain/bin/../lib/gcc/arm-none-eabi/4.7.4/../../../../arm-none-eabi/lib\libc_s.a(lib_a-isattyr.o)
 .debug_frame   0x00001954       0x2c c:/isis/application/toolchain/bin/../lib/gcc/arm-none-eabi/4.7.4/../../../../arm-none-eabi/lib\libc_s.a(lib_a-lseekr.o)
 .debug_frame   0x00001980       0x2c c:/isis/application/toolchain/bin/../lib/gcc/arm-none-eabi/4.7.4/../../../../arm-none-eabi/lib\libc_s.a(lib_a-readr.o)

.debug_info     0x00000000     0x3da2
 .debug_info    0x00000000       0x97 ./src/main.o
 .debug_info    0x00000097      0xede C:/GlobusSatProject/GlobusSatProject/..//hal/freertos/lib\libFreeRTOSD.a(tasks.o)
 .debug_info    0x00000f75       0xde C:/GlobusSatProject/GlobusSatProject/..//hal/freertos/lib\libFreeRTOSD.a(hooks.o)
 .debug_info    0x00001053      0x330 C:/GlobusSatProject/GlobusSatProject/..//hal/freertos/lib\libFreeRTOSD.a(port.o)
 .debug_info    0x00001383      0x2aa C:/GlobusSatProject/GlobusSatProject/..//hal/freertos/lib\libFreeRTOSD.a(list.o)
 .debug_info    0x0000162d      0x628 C:/GlobusSatProject/GlobusSatProject/..//hal/at91/lib\libAt91D.a(syscalls.o)
 .debug_info    0x00001c55      0xc6e C:/GlobusSatProject/GlobusSatProject/..//hal/at91/lib\libAt91D.a(dbgu.o)
 .debug_info    0x000028c3      0x22e C:/GlobusSatProject/GlobusSatProject/..//hal/at91/lib\libAt91D.a(ExitHandler.o)
 .debug_info    0x00002af1       0x92 C:/GlobusSatProject/GlobusSatProject/..//hal/at91/lib\libAt91D.a(board_cstartup.o)
 .debug_info    0x00002b83       0x81 C:/GlobusSatProject/GlobusSatProject/..//hal/at91/lib\libAt91D.a(cp15_asm.o)
 .debug_info    0x00002c04      0x651 C:/GlobusSatProject/GlobusSatProject/..//hal/at91/lib\libAt91D.a(board_lowlevel.o)
 .debug_info    0x00003255      0x956 C:/GlobusSatProject/GlobusSatProject/..//hal/at91/lib\libAt91D.a(board_memories.o)
 .debug_info    0x00003bab      0x1f7 C:/GlobusSatProject/GlobusSatProject/..//hal/at91/lib\libAt91D.a(cp15.o)

.debug_abbrev   0x00000000      0xc3d
 .debug_abbrev  0x00000000       0x44 ./src/main.o
 .debug_abbrev  0x00000044      0x1e9 C:/GlobusSatProject/GlobusSatProject/..//hal/freertos/lib\libFreeRTOSD.a(tasks.o)
 .debug_abbrev  0x0000022d       0x8a C:/GlobusSatProject/GlobusSatProject/..//hal/freertos/lib\libFreeRTOSD.a(hooks.o)
 .debug_abbrev  0x000002b7      0x1dc C:/GlobusSatProject/GlobusSatProject/..//hal/freertos/lib\libFreeRTOSD.a(port.o)
 .debug_abbrev  0x00000493       0xc0 C:/GlobusSatProject/GlobusSatProject/..//hal/freertos/lib\libFreeRTOSD.a(list.o)
 .debug_abbrev  0x00000553      0x152 C:/GlobusSatProject/GlobusSatProject/..//hal/at91/lib\libAt91D.a(syscalls.o)
 .debug_abbrev  0x000006a5      0x1f7 C:/GlobusSatProject/GlobusSatProject/..//hal/at91/lib\libAt91D.a(dbgu.o)
 .debug_abbrev  0x0000089c       0xbf C:/GlobusSatProject/GlobusSatProject/..//hal/at91/lib\libAt91D.a(ExitHandler.o)
 .debug_abbrev  0x0000095b       0x12 C:/GlobusSatProject/GlobusSatProject/..//hal/at91/lib\libAt91D.a(board_cstartup.o)
 .debug_abbrev  0x0000096d       0x14 C:/GlobusSatProject/GlobusSatProject/..//hal/at91/lib\libAt91D.a(cp15_asm.o)
 .debug_abbrev  0x00000981       0xea C:/GlobusSatProject/GlobusSatProject/..//hal/at91/lib\libAt91D.a(board_lowlevel.o)
 .debug_abbrev  0x00000a6b      0x149 C:/GlobusSatProject/GlobusSatProject/..//hal/at91/lib\libAt91D.a(board_memories.o)
 .debug_abbrev  0x00000bb4       0x89 C:/GlobusSatProject/GlobusSatProject/..//hal/at91/lib\libAt91D.a(cp15.o)

.debug_loc      0x00000000     0x1168
 .debug_loc     0x00000000       0x2c ./src/main.o
 .debug_loc     0x0000002c      0x65c C:/GlobusSatProject/GlobusSatProject/..//hal/freertos/lib\libFreeRTOSD.a(tasks.o)
 .debug_loc     0x00000688       0x58 C:/GlobusSatProject/GlobusSatProject/..//hal/freertos/lib\libFreeRTOSD.a(hooks.o)
 .debug_loc     0x000006e0      0x160 C:/GlobusSatProject/GlobusSatProject/..//hal/freertos/lib\libFreeRTOSD.a(port.o)
 .debug_loc     0x00000840       0xdc C:/GlobusSatProject/GlobusSatProject/..//hal/freertos/lib\libFreeRTOSD.a(list.o)
 .debug_loc     0x0000091c      0x324 C:/GlobusSatProject/GlobusSatProject/..//hal/at91/lib\libAt91D.a(syscalls.o)
 .debug_loc     0x00000c40      0x134 C:/GlobusSatProject/GlobusSatProject/..//hal/at91/lib\libAt91D.a(dbgu.o)
 .debug_loc     0x00000d74       0xdc C:/GlobusSatProject/GlobusSatProject/..//hal/at91/lib\libAt91D.a(ExitHandler.o)
 .debug_loc     0x00000e50       0xdc C:/GlobusSatProject/GlobusSatProject/..//hal/at91/lib\libAt91D.a(board_lowlevel.o)
 .debug_loc     0x00000f2c       0xb0 C:/GlobusSatProject/GlobusSatProject/..//hal/at91/lib\libAt91D.a(board_memories.o)
 .debug_loc     0x00000fdc      0x18c C:/GlobusSatProject/GlobusSatProject/..//hal/at91/lib\libAt91D.a(cp15.o)

.debug_aranges  0x00000000      0x490
 .debug_aranges
                0x00000000       0x20 ./src/main.o
 .debug_aranges
                0x00000020      0x140 C:/GlobusSatProject/GlobusSatProject/..//hal/freertos/lib\libFreeRTOSD.a(tasks.o)
 .debug_aranges
                0x00000160       0x28 C:/GlobusSatProject/GlobusSatProject/..//hal/freertos/lib\libFreeRTOSD.a(hooks.o)
 .debug_aranges
                0x00000188       0x70 C:/GlobusSatProject/GlobusSatProject/..//hal/freertos/lib\libFreeRTOSD.a(port.o)
 .debug_aranges
                0x000001f8       0x40 C:/GlobusSatProject/GlobusSatProject/..//hal/freertos/lib\libFreeRTOSD.a(list.o)
 .debug_aranges
                0x00000238       0xa8 C:/GlobusSatProject/GlobusSatProject/..//hal/at91/lib\libAt91D.a(syscalls.o)
 .debug_aranges
                0x000002e0       0x50 C:/GlobusSatProject/GlobusSatProject/..//hal/at91/lib\libAt91D.a(dbgu.o)
 .debug_aranges
                0x00000330       0x40 C:/GlobusSatProject/GlobusSatProject/..//hal/at91/lib\libAt91D.a(ExitHandler.o)
 .debug_aranges
                0x00000370       0x28 C:/GlobusSatProject/GlobusSatProject/..//hal/at91/lib\libAt91D.a(board_cstartup.o)
 .debug_aranges
                0x00000398       0x20 C:/GlobusSatProject/GlobusSatProject/..//hal/at91/lib\libAt91D.a(cp15_asm.o)
 .debug_aranges
                0x000003b8       0x40 C:/GlobusSatProject/GlobusSatProject/..//hal/at91/lib\libAt91D.a(board_lowlevel.o)
 .debug_aranges
                0x000003f8       0x38 C:/GlobusSatProject/GlobusSatProject/..//hal/at91/lib\libAt91D.a(board_memories.o)
 .debug_aranges
                0x00000430       0x60 C:/GlobusSatProject/GlobusSatProject/..//hal/at91/lib\libAt91D.a(cp15.o)

.debug_ranges   0x00000000      0x3d0
 .debug_ranges  0x00000000       0x10 ./src/main.o
 .debug_ranges  0x00000010      0x148 C:/GlobusSatProject/GlobusSatProject/..//hal/freertos/lib\libFreeRTOSD.a(tasks.o)
 .debug_ranges  0x00000158       0x18 C:/GlobusSatProject/GlobusSatProject/..//hal/freertos/lib\libFreeRTOSD.a(hooks.o)
 .debug_ranges  0x00000170       0x60 C:/GlobusSatProject/GlobusSatProject/..//hal/freertos/lib\libFreeRTOSD.a(port.o)
 .debug_ranges  0x000001d0       0x30 C:/GlobusSatProject/GlobusSatProject/..//hal/freertos/lib\libFreeRTOSD.a(list.o)
 .debug_ranges  0x00000200       0x98 C:/GlobusSatProject/GlobusSatProject/..//hal/at91/lib\libAt91D.a(syscalls.o)
 .debug_ranges  0x00000298       0x40 C:/GlobusSatProject/GlobusSatProject/..//hal/at91/lib\libAt91D.a(dbgu.o)
 .debug_ranges  0x000002d8       0x30 C:/GlobusSatProject/GlobusSatProject/..//hal/at91/lib\libAt91D.a(ExitHandler.o)
 .debug_ranges  0x00000308       0x20 C:/GlobusSatProject/GlobusSatProject/..//hal/at91/lib\libAt91D.a(board_cstartup.o)
 .debug_ranges  0x00000328       0x30 C:/GlobusSatProject/GlobusSatProject/..//hal/at91/lib\libAt91D.a(board_lowlevel.o)
 .debug_ranges  0x00000358       0x28 C:/GlobusSatProject/GlobusSatProject/..//hal/at91/lib\libAt91D.a(board_memories.o)
 .debug_ranges  0x00000380       0x50 C:/GlobusSatProject/GlobusSatProject/..//hal/at91/lib\libAt91D.a(cp15.o)

.debug_line     0x00000000     0x17ae
 .debug_line    0x00000000       0x3e ./src/main.o
 .debug_line    0x0000003e      0x82a C:/GlobusSatProject/GlobusSatProject/..//hal/freertos/lib\libFreeRTOSD.a(tasks.o)
 .debug_line    0x00000868       0x77 C:/GlobusSatProject/GlobusSatProject/..//hal/freertos/lib\libFreeRTOSD.a(hooks.o)
 .debug_line    0x000008df      0x1ea C:/GlobusSatProject/GlobusSatProject/..//hal/freertos/lib\libFreeRTOSD.a(port.o)
 .debug_line    0x00000ac9      0x10e C:/GlobusSatProject/GlobusSatProject/..//hal/freertos/lib\libFreeRTOSD.a(list.o)
 .debug_line    0x00000bd7      0x356 C:/GlobusSatProject/GlobusSatProject/..//hal/at91/lib\libAt91D.a(syscalls.o)
 .debug_line    0x00000f2d      0x2cc C:/GlobusSatProject/GlobusSatProject/..//hal/at91/lib\libAt91D.a(dbgu.o)
 .debug_line    0x000011f9       0xda C:/GlobusSatProject/GlobusSatProject/..//hal/at91/lib\libAt91D.a(ExitHandler.o)
 .debug_line    0x000012d3      0x109 C:/GlobusSatProject/GlobusSatProject/..//hal/at91/lib\libAt91D.a(board_cstartup.o)
 .debug_line    0x000013dc       0x6f C:/GlobusSatProject/GlobusSatProject/..//hal/at91/lib\libAt91D.a(cp15_asm.o)
 .debug_line    0x0000144b      0x122 C:/GlobusSatProject/GlobusSatProject/..//hal/at91/lib\libAt91D.a(board_lowlevel.o)
 .debug_line    0x0000156d      0x140 C:/GlobusSatProject/GlobusSatProject/..//hal/at91/lib\libAt91D.a(board_memories.o)
 .debug_line    0x000016ad      0x101 C:/GlobusSatProject/GlobusSatProject/..//hal/at91/lib\libAt91D.a(cp15.o)

.debug_str      0x00000000     0x1b45
 .debug_str     0x00000000       0xe0 ./src/main.o
                                0x119 (size before relaxing)
 .debug_str     0x000000e0      0x872 C:/GlobusSatProject/GlobusSatProject/..//hal/freertos/lib\libFreeRTOSD.a(tasks.o)
                                0x96e (size before relaxing)
 .debug_str     0x00000952       0x3a C:/GlobusSatProject/GlobusSatProject/..//hal/freertos/lib\libFreeRTOSD.a(hooks.o)
                                0x17e (size before relaxing)
 .debug_str     0x0000098c      0x19e C:/GlobusSatProject/GlobusSatProject/..//hal/freertos/lib\libFreeRTOSD.a(port.o)
                                0x2f6 (size before relaxing)
 .debug_str     0x00000b2a       0xa1 C:/GlobusSatProject/GlobusSatProject/..//hal/freertos/lib\libFreeRTOSD.a(list.o)
                                0x257 (size before relaxing)
 .debug_str     0x00000bcb      0x1f5 C:/GlobusSatProject/GlobusSatProject/..//hal/at91/lib\libAt91D.a(syscalls.o)
                                0x30e (size before relaxing)
 .debug_str     0x00000dc0      0x503 C:/GlobusSatProject/GlobusSatProject/..//hal/at91/lib\libAt91D.a(dbgu.o)
                                0x65a (size before relaxing)
 .debug_str     0x000012c3      0x127 C:/GlobusSatProject/GlobusSatProject/..//hal/at91/lib\libAt91D.a(ExitHandler.o)
                                0x24e (size before relaxing)
 .debug_str     0x000013ea      0x355 C:/GlobusSatProject/GlobusSatProject/..//hal/at91/lib\libAt91D.a(board_lowlevel.o)
                                0x4c6 (size before relaxing)
 .debug_str     0x0000173f      0x331 C:/GlobusSatProject/GlobusSatProject/..//hal/at91/lib\libAt91D.a(board_memories.o)
                                0x641 (size before relaxing)
 .debug_str     0x00001a70       0xd5 C:/GlobusSatProject/GlobusSatProject/..//hal/at91/lib\libAt91D.a(cp15.o)
                                0x1e9 (size before relaxing)
