Archive member included because of file (symbol)

c:/isis/application/toolchain/bin/../lib/gcc/arm-none-eabi/4.7.4/../../../../arm-none-eabi/lib\libc_s.a(lib_a-vfprintf_float.o)
                              (_printf_float)
c:/isis/application/toolchain/bin/../lib/gcc/arm-none-eabi/4.7.4/../../../../arm-none-eabi/lib\libc_s.a(lib_a-vfprintf_i.o)
                              c:/isis/application/toolchain/bin/../lib/gcc/arm-none-eabi/4.7.4/../../../../arm-none-eabi/lib\libc_s.a(lib_a-vfprintf_float.o) (_printf_common)
c:/isis/application/toolchain/bin/../lib/gcc/arm-none-eabi/4.7.4/../../../../arm-none-eabi/lib\libc_s.a(lib_a-vfscanf_float.o)
                              (_scanf_float)
c:/isis/application/toolchain/bin/../lib/gcc/arm-none-eabi/4.7.4/../../../../arm-none-eabi/lib\libc_s.a(lib_a-dtoa.o)
                              c:/isis/application/toolchain/bin/../lib/gcc/arm-none-eabi/4.7.4/../../../../arm-none-eabi/lib\libc_s.a(lib_a-vfprintf_float.o) (_dtoa_r)
c:/isis/application/toolchain/bin/../lib/gcc/arm-none-eabi/4.7.4/../../../../arm-none-eabi/lib\libc_s.a(lib_a-locale.o)
                              c:/isis/application/toolchain/bin/../lib/gcc/arm-none-eabi/4.7.4/../../../../arm-none-eabi/lib\libc_s.a(lib_a-vfprintf_float.o) (_localeconv_r)
c:/isis/application/toolchain/bin/../lib/gcc/arm-none-eabi/4.7.4/../../../../arm-none-eabi/lib\libc_s.a(lib_a-malloc.o)
                              c:/isis/application/toolchain/bin/../lib/gcc/arm-none-eabi/4.7.4/../../../../arm-none-eabi/lib\libc_s.a(lib_a-dtoa.o) (malloc)
c:/isis/application/toolchain/bin/../lib/gcc/arm-none-eabi/4.7.4/../../../../arm-none-eabi/lib\libc_s.a(lib_a-mallocr.o)
                              c:/isis/application/toolchain/bin/../lib/gcc/arm-none-eabi/4.7.4/../../../../arm-none-eabi/lib\libc_s.a(lib_a-malloc.o) (_malloc_r)
c:/isis/application/toolchain/bin/../lib/gcc/arm-none-eabi/4.7.4/../../../../arm-none-eabi/lib\libc_s.a(lib_a-memcpy.o)
                              c:/isis/application/toolchain/bin/../lib/gcc/arm-none-eabi/4.7.4/../../../../arm-none-eabi/lib\libc_s.a(lib_a-dtoa.o) (memcpy)
c:/isis/application/toolchain/bin/../lib/gcc/arm-none-eabi/4.7.4/../../../../arm-none-eabi/lib\libc_s.a(lib_a-mprec.o)
                              c:/isis/application/toolchain/bin/../lib/gcc/arm-none-eabi/4.7.4/../../../../arm-none-eabi/lib\libc_s.a(lib_a-dtoa.o) (_Balloc)
c:/isis/application/toolchain/bin/../lib/gcc/arm-none-eabi/4.7.4/../../../../arm-none-eabi/lib\libc_s.a(lib_a-s_fpclassify.o)
                              c:/isis/application/toolchain/bin/../lib/gcc/arm-none-eabi/4.7.4/../../../../arm-none-eabi/lib\libc_s.a(lib_a-vfprintf_float.o) (__fpclassifyd)
c:/isis/application/toolchain/bin/../lib/gcc/arm-none-eabi/4.7.4/../../../../arm-none-eabi/lib\libc_s.a(lib_a-sbrkr.o)
                              c:/isis/application/toolchain/bin/../lib/gcc/arm-none-eabi/4.7.4/../../../../arm-none-eabi/lib\libc_s.a(lib_a-mallocr.o) (_sbrk_r)
c:/isis/application/toolchain/bin/../lib/gcc/arm-none-eabi/4.7.4/../../../../arm-none-eabi/lib\libc_s.a(lib_a-sf_nan.o)
                              c:/isis/application/toolchain/bin/../lib/gcc/arm-none-eabi/4.7.4/../../../../arm-none-eabi/lib\libc_s.a(lib_a-vfscanf_float.o) (nanf)
c:/isis/application/toolchain/bin/../lib/gcc/arm-none-eabi/4.7.4/../../../../arm-none-eabi/lib\libc_s.a(lib_a-sprintf.o)
                              c:/isis/application/toolchain/bin/../lib/gcc/arm-none-eabi/4.7.4/../../../../arm-none-eabi/lib\libc_s.a(lib_a-vfscanf_float.o) (sprintf)
c:/isis/application/toolchain/bin/../lib/gcc/arm-none-eabi/4.7.4/../../../../arm-none-eabi/lib\libc_s.a(lib_a-strcmp.o)
                              c:/isis/application/toolchain/bin/../lib/gcc/arm-none-eabi/4.7.4/../../../../arm-none-eabi/lib\libc_s.a(lib_a-locale.o) (strcmp)
c:/isis/application/toolchain/bin/../lib/gcc/arm-none-eabi/4.7.4/../../../../arm-none-eabi/lib\libc_s.a(lib_a-strlen.o)
                              c:/isis/application/toolchain/bin/../lib/gcc/arm-none-eabi/4.7.4/../../../../arm-none-eabi/lib\libc_s.a(lib_a-vfprintf_float.o) (strlen)
c:/isis/application/toolchain/bin/../lib/gcc/arm-none-eabi/4.7.4/../../../../arm-none-eabi/lib\libc_s.a(lib_a-strtod.o)
                              c:/isis/application/toolchain/bin/../lib/gcc/arm-none-eabi/4.7.4/../../../../arm-none-eabi/lib\libc_s.a(lib_a-vfscanf_float.o) (_strtod_r)
c:/isis/application/toolchain/bin/../lib/gcc/arm-none-eabi/4.7.4/../../../../arm-none-eabi/lib\libc_s.a(lib_a-strtol.o)
                              c:/isis/application/toolchain/bin/../lib/gcc/arm-none-eabi/4.7.4/../../../../arm-none-eabi/lib\libc_s.a(lib_a-vfscanf_float.o) (_strtol_r)
c:/isis/application/toolchain/bin/../lib/gcc/arm-none-eabi/4.7.4/../../../../arm-none-eabi/lib\libc_s.a(lib_a-svfprintf.o)
                              c:/isis/application/toolchain/bin/../lib/gcc/arm-none-eabi/4.7.4/../../../../arm-none-eabi/lib\libc_s.a(lib_a-sprintf.o) (_svfprintf_r)
[...]
Memory Configuration

Name             Origin             Length             Attributes
sram0            0x00200000         0x00004000         w !xr
sram1            0x00300000         0x00004000         w !xr
sdram            0x20000000         0x02000000         w !xr
*default*        0x00000000         0xffffffff

Linker script and memory map

LOAD c:/isis/application/toolchain/bin/../lib/gcc/arm-none-eabi/4.7.4/../../../../arm-none-eabi/lib\libc_s.a
LOAD ./src/TestingDemos/CommandsTestingDemo.o
LOAD ./src/TestingDemos/EpsTestingDemo.o
LOAD ./src/TestingDemos/FileSystemTestingDemo.o
LOAD ./src/TestingDemos/MainTest.o
LOAD ./src/TestingDemos/MaintenanceTestingDemo.o
LOAD ./src/TestingDemos/TelemetryTestingDemo.o
LOAD ./src/TestingDemos/TrxvuTestingDemo.o
LOAD ./src/SubSystemModules/PowerManagment/EPS.o
LOAD ./src/SubSystemModules/PowerManagment/EPSOperationModes.o
LOAD ./src/SubSystemModules/Maintenance/Maintenance.o
LOAD ./src/SubSystemModules/Housekepping/TelemetryCollector.o
LOAD ./src/SubSystemModules/Communication/SubsystemCommands/EPS_Commands.o
LOAD ./src/SubSystemModules/Communication/SubsystemCommands/FS_Commands.o
LOAD ./src/SubSystemModules/Communication/SubsystemCommands/Maintanence_Commands.o
LOAD ./src/SubSystemModules/Communication/SubsystemCommands/TRXVU_Commands.o
LOAD ./src/SubSystemModules/Communication/AckHandler.o
LOAD ./src/SubSystemModules/Communication/ActUponCommand.o
LOAD ./src/SubSystemModules/Communication/Beacon.o
LOAD ./src/SubSystemModules/Communication/CommandDictionary.o
LOAD ./src/SubSystemModules/Communication/SatCommandHandler.o
LOAD ./src/SubSystemModules/Communication/SatDataTx.o
LOAD ./src/SubSystemModules/Communication/TRXVU.o
LOAD ./src/InitSystem.o
LOAD ./src/TLM_management.o
LOAD ./src/main.o
LOAD C:/Users/USER/Documents/GitHub/Base-Aug-2019/GlobusSatProject/..//hal/hal/lib\libHALD.a
LOAD C:/Users/USER/Documents/GitHub/Base-Aug-2019/GlobusSatProject/..//hal/hcc/lib\libHCCD.a
LOAD C:/ISIS/workspace/satellite-subsystems/satellite-subsystems/lib\libSatelliteSubsystemsD.a
LOAD C:/Users/USER/Documents/GitHub/Base-Aug-2019/GlobusSatProject/..//hal/freertos/lib\libFreeRTOSD.a
LOAD C:/Users/USER/Documents/GitHub/Base-Aug-2019/GlobusSatProject/..//hal/at91/lib\libAt91D.a
START GROUP
LOAD c:/isis/application/toolchain/bin/../lib/gcc/arm-none-eabi/4.7.4\libgcc.a
LOAD c:/isis/application/toolchain/bin/../lib/gcc/arm-none-eabi/4.7.4/../../../../arm-none-eabi/lib\libc_s.a
END GROUP

.fixed          0x20000000    0x32f58
                0x20000000                . = ALIGN (0x4)
                0x20000000                _sfixed = .
 *(.startup)
 .startup       0x20000000      0x134 C:/Users/USER/Documents/GitHub/Base-Aug-2019/GlobusSatProject/..//hal/at91/lib\libAt91D.a(board_cstartup.o)
                0x20000000                entry
 *(.text)
 .text          0x20000134       0x64 C:/Users/USER/Documents/GitHub/Base-Aug-2019/GlobusSatProject/..//hal/at91/lib\libAt91D.a(cp15_asm.o)
                0x20000134                _readControlRegister
                0x20000140                _writeControlRegister
                0x20000148                _waitForInterrupt
                0x20000154                _writeTTB
                0x2000015c                _writeDomain
                0x20000164                _writeITLBLockdown
                0x2000016c                _prefetchICacheLine
                0x20000174                _flushDCache
                0x20000180                _flushWriteBuffer
                0x2000018c                _invalidateIDTLBs
 .text          0x20000198      0x114 c:/isis/application/toolchain/bin/../lib/gcc/arm-none-eabi/4.7.4\libgcc.a(_udivsi3.o)
                0x20000198                __aeabi_uidiv
                0x20000198                __udivsi3
                0x2000028c                __aeabi_uidivmod
 .text          0x200002ac      0x148 c:/isis/application/toolchain/bin/../lib/gcc/arm-none-eabi/4.7.4\libgcc.a(_divsi3.o)
                0x200002ac                __divsi3
                0x200002ac                __aeabi_idiv
                0x200003d4                __aeabi_idivmod
 .text          0x200003f4        0x4 c:/isis/application/toolchain/bin/../lib/gcc/arm-none-eabi/4.7.4\libgcc.a(_dvmd_tls.o)
                0x200003f4                __aeabi_idiv0
                0x200003f4                __aeabi_ldiv0
 .text          0x200003f8      0x41c c:/isis/application/toolchain/bin/../lib/gcc/arm-none-eabi/4.7.4\libgcc.a(_arm_addsubdf3.o)
                0x200003f8                __aeabi_drsub
                0x20000400                __aeabi_dsub
                0x20000400                __subdf3
                0x20000404                __aeabi_dadd
                0x20000404                __adddf3
                0x20000714                __floatunsidf
                0x20000714                __aeabi_ui2d
                0x20000738                __floatsidf
                0x20000738                __aeabi_i2d
                0x20000760                __aeabi_f2d
                0x20000760                __extendsfdf2
                0x200007a0                __floatundidf
                0x200007a0                __aeabi_ul2d
                0x200007b4                __floatdidf
                0x200007b4                __aeabi_l2d
 .text          0x20000814      0x49c c:/isis/application/toolchain/bin/../lib/gcc/arm-none-eabi/4.7.4\libgcc.a(_arm_muldivdf3.o)
                0x20000814                __aeabi_dmul
                0x20000814                __muldf3
                0x20000aa4                __divdf3
                0x20000aa4                __aeabi_ddiv
 .text          0x20000cb0      0x144 c:/isis/application/toolchain/bin/../lib/gcc/arm-none-eabi/4.7.4\libgcc.a(_arm_cmpdf2.o)
                0x20000cb0                __gtdf2
                0x20000cb0                __gedf2
                0x20000cb8                __ltdf2
                0x20000cb8                __ledf2
                0x20000cc0                __nedf2
                0x20000cc0                __eqdf2
                0x20000cc0                __cmpdf2
                0x20000d48                __aeabi_cdrcmple
                0x20000d64                __aeabi_cdcmpeq
                0x20000d64                __aeabi_cdcmple
                0x20000d7c                __aeabi_dcmpeq
                0x20000d94                __aeabi_dcmplt
                0x20000dac                __aeabi_dcmple
                0x20000dc4                __aeabi_dcmpge
                0x20000ddc                __aeabi_dcmpgt
 .text          0x20000df4       0x5c c:/isis/application/toolchain/bin/../lib/gcc/arm-none-eabi/4.7.4\libgcc.a(_arm_fixdfsi.o)
                0x20000df4                __aeabi_d2iz
                0x20000df4                __fixdfsi
 .text          0x20000e50       0x54 c:/isis/application/toolchain/bin/../lib/gcc/arm-none-eabi/4.7.4\libgcc.a(_arm_fixunsdfsi.o)
                0x20000e50                __aeabi_d2uiz
                0x20000e50                __fixunsdfsi
 .text          0x20000ea4       0xa0 c:/isis/application/toolchain/bin/../lib/gcc/arm-none-eabi/4.7.4\libgcc.a(_arm_truncdfsf2.o)
                0x20000ea4                __truncdfsf2
                0x20000ea4                __aeabi_d2f
 .text          0x20000f44      0x2ac c:/isis/application/toolchain/bin/../lib/gcc/arm-none-eabi/4.7.4\libgcc.a(_arm_addsubsf3.o)
                0x20000f44                __aeabi_frsub
                0x20000f4c                __subsf3
                0x20000f4c                __aeabi_fsub
                0x20000f50                __aeabi_fadd
                0x20000f50                __addsf3
                0x2000110c                __aeabi_ui2f
                0x2000110c                __floatunsisf
                0x20001114                __aeabi_i2f
                0x20001114                __floatsisf
                0x20001134                __aeabi_ul2f
                0x20001134                __floatundisf
                0x20001144                __aeabi_l2f
                0x20001144                __floatdisf
 .text          0x200011f0      0x2f8 c:/isis/application/toolchain/bin/../lib/gcc/arm-none-eabi/4.7.4\libgcc.a(_arm_muldivsf3.o)
                0x200011f0                __mulsf3
                0x200011f0                __aeabi_fmul
                0x20001388                __aeabi_fdiv
                0x20001388                __divsf3
 .text          0x200014e8      0x114 c:/isis/application/toolchain/bin/../lib/gcc/arm-none-eabi/4.7.4\libgcc.a(_arm_cmpsf2.o)
                0x200014e8                __gesf2
                0x200014e8                __gtsf2
                0x200014f0                __lesf2
                0x200014f0                __ltsf2
                0x200014f8                __nesf2
                0x200014f8                __eqsf2
                0x200014f8                __cmpsf2
                0x2000155c                __aeabi_cfrcmple
                0x2000156c                __aeabi_cfcmpeq
                0x2000156c                __aeabi_cfcmple
                0x20001584                __aeabi_fcmpeq
                0x2000159c                __aeabi_fcmplt
                0x200015b4                __aeabi_fcmple
                0x200015cc                __aeabi_fcmpge
                0x200015e4                __aeabi_fcmpgt
 .text          0x200015fc       0x54 c:/isis/application/toolchain/bin/../lib/gcc/arm-none-eabi/4.7.4\libgcc.a(_arm_fixunssfsi.o)
                0x200015fc                __fixunssfsi
                0x200015fc                __aeabi_f2uiz
 *(.text*)
 .text.__cvt    0x20001650      0x138 c:/isis/application/toolchain/bin/../lib/gcc/arm-none-eabi/4.7.4/../../../../arm-none-eabi/lib\libc_s.a(lib_a-vfprintf_float.o)
                0x20001650                __cvt
 .text.__exponent
                0x20001788       0xa8 c:/isis/application/toolchain/bin/../lib/gcc/arm-none-eabi/4.7.4/../../../../arm-none-eabi/lib\libc_s.a(lib_a-vfprintf_float.o)
                0x20001788                __exponent
 .text._printf_float
                0x20001830      0x7dc c:/isis/application/toolchain/bin/../lib/gcc/arm-none-eabi/4.7.4/../../../../arm-none-eabi/lib\libc_s.a(lib_a-vfprintf_float.o)
                0x20001830                _printf_float
 .text._printf_common
                0x2000200c      0x174 c:/isis/application/toolchain/bin/../lib/gcc/arm-none-eabi/4.7.4/../../../../arm-none-eabi/lib\libc_s.a(lib_a-vfprintf_i.o)
                0x2000200c                _printf_common
 .text._printf_i
                0x20002180      0x3c4 c:/isis/application/toolchain/bin/../lib/gcc/arm-none-eabi/4.7.4/../../../../arm-none-eabi/lib\libc_s.a(lib_a-vfprintf_i.o)
                0x20002180                _printf_i
 .text._scanf_float
                0x20002544      0x5f4 c:/isis/application/toolchain/bin/../lib/gcc/arm-none-eabi/4.7.4/../../../../arm-none-eabi/lib\libc_s.a(lib_a-vfscanf_float.o)
                0x20002544                _scanf_float
 .text.quorem   0x20002b38      0x1ac c:/isis/application/toolchain/bin/../lib/gcc/arm-none-eabi/4.7.4/../../../../arm-none-eabi/lib\libc_s.a(lib_a-dtoa.o)
 .text._dtoa_r  0x20002ce4     0x1268 c:/isis/application/toolchain/bin/../lib/gcc/arm-none-eabi/4.7.4/../../../../arm-none-eabi/lib\libc_s.a(lib_a-dtoa.o)
                0x20002ce4                _dtoa_r
 .text._localeconv_r
                0x20003f4c        0xc c:/isis/application/toolchain/bin/../lib/gcc/arm-none-eabi/4.7.4/../../../../arm-none-eabi/lib\libc_s.a(lib_a-locale.o)
                0x20003f4c                _localeconv_r
 .text.malloc   0x20003f58       0x20 c:/isis/application/toolchain/bin/../lib/gcc/arm-none-eabi/4.7.4/../../../../arm-none-eabi/lib\libc_s.a(lib_a-malloc.o)
                0x20003f58                malloc
 .text.free     0x20003f78       0x20 c:/isis/application/toolchain/bin/../lib/gcc/arm-none-eabi/4.7.4/../../../../arm-none-eabi/lib\libc_s.a(lib_a-malloc.o)
                0x20003f78                free
 .text._malloc_r
                0x20003f98       0xfc c:/isis/application/toolchain/bin/../lib/gcc/arm-none-eabi/4.7.4/../../../../arm-none-eabi/lib\libc_s.a(lib_a-mallocr.o)
                0x20003f98                _malloc_r
 .text.memcpy   0x20004094       0x20 c:/isis/application/toolchain/bin/../lib/gcc/arm-none-eabi/4.7.4/../../../../arm-none-eabi/lib\libc_s.a(lib_a-memcpy.o)
                0x20004094                memcpy
 .text._Balloc  0x200040b4       0xcc c:/isis/application/toolchain/bin/../lib/gcc/arm-none-eabi/4.7.4/../../../../arm-none-eabi/lib\libc_s.a(lib_a-mprec.o)
                0x200040b4                _Balloc
 .text._Bfree   0x20004180       0x5c c:/isis/application/toolchain/bin/../lib/gcc/arm-none-eabi/4.7.4/../../../../arm-none-eabi/lib\libc_s.a(lib_a-mprec.o)
                0x20004180                _Bfree
 .text.__multadd
                0x200041dc       0xbc c:/isis/application/toolchain/bin/../lib/gcc/arm-none-eabi/4.7.4/../../../../arm-none-eabi/lib\libc_s.a(lib_a-mprec.o)
                0x200041dc                __multadd
 .text.__s2b    0x20004298       0xd8 c:/isis/application/toolchain/bin/../lib/gcc/arm-none-eabi/4.7.4/../../../../arm-none-eabi/lib\libc_s.a(lib_a-mprec.o)
                0x20004298                __s2b
 .text.__hi0bits
                0x20004370       0x58 c:/isis/application/toolchain/bin/../lib/gcc/arm-none-eabi/4.7.4/../../../../arm-none-eabi/lib\libc_s.a(lib_a-mprec.o)
                0x20004370                __hi0bits
 .text.__lo0bits
                0x200043c8       0x94 c:/isis/application/toolchain/bin/../lib/gcc/arm-none-eabi/4.7.4/../../../../arm-none-eabi/lib\libc_s.a(lib_a-mprec.o)
                0x200043c8                __lo0bits
 .text.__i2b    0x2000445c       0x24 c:/isis/application/toolchain/bin/../lib/gcc/arm-none-eabi/4.7.4/../../../../arm-none-eabi/lib\libc_s.a(lib_a-mprec.o)
                0x2000445c                __i2b
 .text.__multiply
                0x20004480      0x1ac c:/isis/application/toolchain/bin/../lib/gcc/arm-none-eabi/4.7.4/../../../../arm-none-eabi/lib\libc_s.a(lib_a-mprec.o)
                0x20004480                __multiply
 .text.__pow5mult
                0x2000462c      0x10c c:/isis/application/toolchain/bin/../lib/gcc/arm-none-eabi/4.7.4/../../../../arm-none-eabi/lib\libc_s.a(lib_a-mprec.o)
                0x2000462c                __pow5mult
 .text.__lshift
                0x20004738       0xf0 c:/isis/application/toolchain/bin/../lib/gcc/arm-none-eabi/4.7.4/../../../../arm-none-eabi/lib\libc_s.a(lib_a-mprec.o)
                0x20004738                __lshift
 .text.__mcmp   0x20004828       0x60 c:/isis/application/toolchain/bin/../lib/gcc/arm-none-eabi/4.7.4/../../../../arm-none-eabi/lib\libc_s.a(lib_a-mprec.o)
                0x20004828                __mcmp
 .text.__mdiff  0x20004888      0x128 c:/isis/application/toolchain/bin/../lib/gcc/arm-none-eabi/4.7.4/../../../../arm-none-eabi/lib\libc_s.a(lib_a-mprec.o)
                0x20004888                __mdiff
 .text.__ulp    0x200049b0       0x5c c:/isis/application/toolchain/bin/../lib/gcc/arm-none-eabi/4.7.4/../../../../arm-none-eabi/lib\libc_s.a(lib_a-mprec.o)
                0x200049b0                __ulp
 .text.__b2d    0x20004a0c       0xc8 c:/isis/application/toolchain/bin/../lib/gcc/arm-none-eabi/4.7.4/../../../../arm-none-eabi/lib\libc_s.a(lib_a-mprec.o)
                0x20004a0c                __b2d
 .text.__d2b    0x20004ad4       0xfc c:/isis/application/toolchain/bin/../lib/gcc/arm-none-eabi/4.7.4/../../../../arm-none-eabi/lib\libc_s.a(lib_a-mprec.o)
                0x20004ad4                __d2b
 .text.__ratio  0x20004bd0       0x70 c:/isis/application/toolchain/bin/../lib/gcc/arm-none-eabi/4.7.4/../../../../arm-none-eabi/lib\libc_s.a(lib_a-mprec.o)
                0x20004bd0                __ratio
 .text.__copybits
                0x20004c40       0x4c c:/isis/application/toolchain/bin/../lib/gcc/arm-none-eabi/4.7.4/../../../../arm-none-eabi/lib\libc_s.a(lib_a-mprec.o)
                0x20004c40                __copybits
 .text.__any_on
                0x20004c8c       0x7c c:/isis/application/toolchain/bin/../lib/gcc/arm-none-eabi/4.7.4/../../../../arm-none-eabi/lib\libc_s.a(lib_a-mprec.o)
                0x20004c8c                __any_on
 .text.__fpclassifyd
                0x20004d08       0x6c c:/isis/application/toolchain/bin/../lib/gcc/arm-none-eabi/4.7.4/../../../../arm-none-eabi/lib\libc_s.a(lib_a-s_fpclassify.o)
                0x20004d08                __fpclassifyd
 .text._sbrk_r  0x20004d74       0x3c c:/isis/application/toolchain/bin/../lib/gcc/arm-none-eabi/4.7.4/../../../../arm-none-eabi/lib\libc_s.a(lib_a-sbrkr.o)
                0x20004d74                _sbrk_r
 .text.nanf     0x20004db0        0xc c:/isis/application/toolchain/bin/../lib/gcc/arm-none-eabi/4.7.4/../../../../arm-none-eabi/lib\libc_s.a(lib_a-sf_nan.o)
                0x20004db0                nanf
 .text.sprintf  0x20004dbc       0x6c c:/isis/application/toolchain/bin/../lib/gcc/arm-none-eabi/4.7.4/../../../../arm-none-eabi/lib\libc_s.a(lib_a-sprintf.o)
                0x20004dbc                siprintf
                0x20004dbc                sprintf
 .text.strcmp   0x20004e28       0x1c c:/isis/application/toolchain/bin/../lib/gcc/arm-none-eabi/4.7.4/../../../../arm-none-eabi/lib\libc_s.a(lib_a-strcmp.o)
                0x20004e28                strcmp
 .text.strlen   0x20004e44       0x1c c:/isis/application/toolchain/bin/../lib/gcc/arm-none-eabi/4.7.4/../../../../arm-none-eabi/lib\libc_s.a(lib_a-strlen.o)
                0x20004e44                strlen
 .text.match    0x20004e60       0x54 c:/isis/application/toolchain/bin/../lib/gcc/arm-none-eabi/4.7.4/../../../../arm-none-eabi/lib\libc_s.a(lib_a-strtod.o)
 .text._strtod_r
                0x20004eb4     0x1168 c:/isis/application/toolchain/bin/../lib/gcc/arm-none-eabi/4.7.4/../../../../arm-none-eabi/lib\libc_s.a(lib_a-strtod.o)
                0x20004eb4                _strtod_r
 .text._strtol_r
                0x2000601c      0x1b8 c:/isis/application/toolchain/bin/../lib/gcc/arm-none-eabi/4.7.4/../../../../arm-none-eabi/lib\libc_s.a(lib_a-strtol.o)
                0x2000601c                _strtol_r
 .text.__ssputc_r
                0x200061d4      0x10c c:/isis/application/toolchain/bin/../lib/gcc/arm-none-eabi/4.7.4/../../../../arm-none-eabi/lib\libc_s.a(lib_a-svfprintf.o)
                0x200061d4                __ssputc_r
 .text._svfprintf_r
                0x200062e0      0x328 c:/isis/application/toolchain/bin/../lib/gcc/arm-none-eabi/4.7.4/../../../../arm-none-eabi/lib\libc_s.a(lib_a-svfprintf.o)
                0x200062e0                _svfiprintf_r
                0x200062e0                _svfprintf_r
 .text._calloc_r
                0x20006608       0x2c c:/isis/application/toolchain/bin/../lib/gcc/arm-none-eabi/4.7.4/../../../../arm-none-eabi/lib\libc_s.a(lib_a-callocr.o)
                0x20006608                _calloc_r
 .text._free_r  0x20006634      0x108 c:/isis/application/toolchain/bin/../lib/gcc/arm-none-eabi/4.7.4/../../../../arm-none-eabi/lib\libc_s.a(lib_a-freer.o)
                0x20006634                _free_r
 .text.rshift   0x2000673c       0xb0 c:/isis/application/toolchain/bin/../lib/gcc/arm-none-eabi/4.7.4/../../../../arm-none-eabi/lib\libc_s.a(lib_a-gdtoa-gethex.o)
 .text.htinit.constprop.0
                0x200067ec       0x34 c:/isis/application/toolchain/bin/../lib/gcc/arm-none-eabi/4.7.4/../../../../arm-none-eabi/lib\libc_s.a(lib_a-gdtoa-gethex.o)
 .text.__hexdig_init
                0x20006820       0x38 c:/isis/application/toolchain/bin/../lib/gcc/arm-none-eabi/4.7.4/../../../../arm-none-eabi/lib\libc_s.a(lib_a-gdtoa-gethex.o)
                0x20006820                __hexdig_init
 .text.__gethex
                0x20006858      0x6cc c:/isis/application/toolchain/bin/../lib/gcc/arm-none-eabi/4.7.4/../../../../arm-none-eabi/lib\libc_s.a(lib_a-gdtoa-gethex.o)
                0x20006858                __gethex
 .text.L_shift  0x20006f24       0x38 c:/isis/application/toolchain/bin/../lib/gcc/arm-none-eabi/4.7.4/../../../../arm-none-eabi/lib\libc_s.a(lib_a-gdtoa-hexnan.o)
 .text.__hexnan
                0x20006f5c      0x1d8 c:/isis/application/toolchain/bin/../lib/gcc/arm-none-eabi/4.7.4/../../../../arm-none-eabi/lib\libc_s.a(lib_a-gdtoa-hexnan.o)
                0x20006f5c                __hexnan
 .text.memchr   0x20007134       0x34 c:/isis/application/toolchain/bin/../lib/gcc/arm-none-eabi/4.7.4/../../../../arm-none-eabi/lib\libc_s.a(lib_a-memchr.o)
                0x20007134                memchr
 .text.memset   0x20007168       0x1c c:/isis/application/toolchain/bin/../lib/gcc/arm-none-eabi/4.7.4/../../../../arm-none-eabi/lib\libc_s.a(lib_a-memset.o)
                0x20007168                memset
 .text._realloc_r
                0x20007184       0x80 c:/isis/application/toolchain/bin/../lib/gcc/arm-none-eabi/4.7.4/../../../../arm-none-eabi/lib\libc_s.a(lib_a-reallocr.o)
                0x20007184                _realloc_r
 .text.strncmp  0x20007204       0x64 c:/isis/application/toolchain/bin/../lib/gcc/arm-none-eabi/4.7.4/../../../../arm-none-eabi/lib\libc_s.a(lib_a-strncmp.o)
                0x20007204                strncmp
 .text._malloc_usable_size_r
                0x20007268       0x1c c:/isis/application/toolchain/bin/../lib/gcc/arm-none-eabi/4.7.4/../../../../arm-none-eabi/lib\libc_s.a(lib_a-msizer.o)
                0x20007268                _malloc_usable_size_r
 .text.TestActUponCommand
                0x20007284      0x118 ./src/TestingDemos/CommandsTestingDemo.o
                0x20007284                TestActUponCommand
 .text.TestAssmbleCommand
                0x2000739c      0x1a0 ./src/TestingDemos/CommandsTestingDemo.o
                0x2000739c                TestAssmbleCommand
 .text.TestGetDelayedCommand
                0x2000753c       0xa4 ./src/TestingDemos/CommandsTestingDemo.o
                0x2000753c                TestGetDelayedCommand
 .text.TestAddDelayedCommand
                0x200075e0       0xd4 ./src/TestingDemos/CommandsTestingDemo.o
                0x200075e0                TestAddDelayedCommand
 .text.TestGetDelayedCommandBufferCount
                0x200076b4       0x58 ./src/TestingDemos/CommandsTestingDemo.o
                0x200076b4                TestGetDelayedCommandBufferCount
 .text.TestGetOnlineCommand
                0x2000770c       0xcc ./src/TestingDemos/CommandsTestingDemo.o
                0x2000770c                TestGetOnlineCommand
 .text.TestDeleteDelayedCommandByIndex
                0x200077d8      0x1c8 ./src/TestingDemos/CommandsTestingDemo.o
                0x200077d8                TestDeleteDelayedCommandByIndex
 .text.TestDeleteDelayedBuffer
                0x200079a0      0x14c ./src/TestingDemos/CommandsTestingDemo.o
                0x200079a0                TestDeleteDelayedBuffer
 .text.selectAndExecuteCommandsDemoTest
                0x20007aec      0x170 ./src/TestingDemos/CommandsTestingDemo.o
                0x20007aec                selectAndExecuteCommandsDemoTest
 .text.MainCommandsTestBench
                0x20007c5c       0x44 ./src/TestingDemos/CommandsTestingDemo.o
                0x20007c5c                MainCommandsTestBench
 .text.TestEpsConditioning
                0x20007ca0      0x1e8 ./src/TestingDemos/EpsTestingDemo.o
                0x20007ca0                TestEpsConditioning
 .text.TestGetBatteryVoltage
                0x20007e88       0x64 ./src/TestingDemos/EpsTestingDemo.o
                0x20007e88                TestGetBatteryVoltage
 .text.TestUpdateThreshVoltages
                0x20007eec      0x170 ./src/TestingDemos/EpsTestingDemo.o
                0x20007eec                TestUpdateThreshVoltages
 .text.TestGetThreshVoltages
                0x2000805c       0xb0 ./src/TestingDemos/EpsTestingDemo.o
                0x2000805c                TestGetThreshVoltages
 .text.TestUpdateAlpha
                0x2000810c       0xd0 ./src/TestingDemos/EpsTestingDemo.o
                0x2000810c                TestUpdateAlpha
 .text.TestGetAlpha
                0x200081dc       0x78 ./src/TestingDemos/EpsTestingDemo.o
                0x200081dc                TestGetAlpha
 .text.TestRestoreDefaultAlpha
                0x20008254       0xfc ./src/TestingDemos/EpsTestingDemo.o
                0x20008254                TestRestoreDefaultAlpha
 .text.TestRestoreDefaultThresholdVoltages
                0x20008350      0x154 ./src/TestingDemos/EpsTestingDemo.o
                0x20008350                TestRestoreDefaultThresholdVoltages
 .text.selectAndExecuteEpsDemoTest
                0x200084a4      0x174 ./src/TestingDemos/EpsTestingDemo.o
                0x200084a4                selectAndExecuteEpsDemoTest
 .text.MainEpsTestBench
                0x20008618       0x40 ./src/TestingDemos/EpsTestingDemo.o
                0x20008618                MainEpsTestBench
 .text.MainFileSystemTestBench
                0x20008658       0x1c ./src/TestingDemos/FileSystemTestingDemo.o
                0x20008658                MainFileSystemTestBench
 .text.selectAndExecuteTest
                0x20008674      0x164 ./src/TestingDemos/MainTest.o
                0x20008674                selectAndExecuteTest
 .text.taskTesting
                0x200087d8       0x28 ./src/TestingDemos/MainTest.o
                0x200087d8                taskTesting
 .text.selectAndExecuteMaintenanceDemoTest
                0x20008800      0x15c ./src/TestingDemos/MaintenanceTestingDemo.o
                0x20008800                selectAndExecuteMaintenanceDemoTest
 .text.MainMaintenanceTestBench
                0x2000895c       0x40 ./src/TestingDemos/MaintenanceTestingDemo.o
                0x2000895c                MainMaintenanceTestBench
 .text.MainTelemetryTestBench
                0x2000899c       0x1c ./src/TestingDemos/TelemetryTestingDemo.o
                0x2000899c                MainTelemetryTestBench
 .text.TestInitTrxvu
                0x200089b8       0x54 ./src/TestingDemos/TrxvuTestingDemo.o
                0x200089b8                TestInitTrxvu
 .text.TestInitTrxvuWithDifferentFrameLengths
                0x20008a0c      0x134 ./src/TestingDemos/TrxvuTestingDemo.o
                0x20008a0c                TestInitTrxvuWithDifferentFrameLengths
 .text.TestTrxvuLogic
                0x20008b40       0xd8 ./src/TestingDemos/TrxvuTestingDemo.o
                0x20008b40                TestTrxvuLogic
 .text.TestCheckTransmitionAllowed
                0x20008c18       0xa4 ./src/TestingDemos/TrxvuTestingDemo.o
                0x20008c18                TestCheckTransmitionAllowed
 .text.TestSendDumpAbortRequest
                0x20008cbc       0x24 ./src/TestingDemos/TrxvuTestingDemo.o
                0x20008cbc                TestSendDumpAbortRequest
 .text.TestTransmitDummySplPacket
                0x20008ce0       0xd4 ./src/TestingDemos/TrxvuTestingDemo.o
                0x20008ce0                TestTransmitDummySplPacket
 .text.TestTransmitSplPacket
                0x20008db4      0x1f8 ./src/TestingDemos/TrxvuTestingDemo.o
                0x20008db4                TestTransmitSplPacket
 .text.TestExitDump
                0x20008fac       0x18 ./src/TestingDemos/TrxvuTestingDemo.o
                0x20008fac                TestExitDump
 .text.TestDumpTelemetry
                0x20008fc4      0x104 ./src/TestingDemos/TrxvuTestingDemo.o
                0x20008fc4                TestDumpTelemetry
 .text.TestRestoreDefaultBeaconParameters
                0x200090c8       0xf0 ./src/TestingDemos/TrxvuTestingDemo.o
                0x200090c8                TestRestoreDefaultBeaconParameters
 .text.TestChooseDefaultBeaconCycle
                0x200091b8       0xe0 ./src/TestingDemos/TrxvuTestingDemo.o
                0x200091b8                TestChooseDefaultBeaconCycle
 .text.TestBeaconLogic
                0x20009298       0xd8 ./src/TestingDemos/TrxvuTestingDemo.o
                0x20009298                TestBeaconLogic
 .text.TestMuteTrxvu
                0x20009370      0x128 ./src/TestingDemos/TrxvuTestingDemo.o
                0x20009370                TestMuteTrxvu
 .text.TestUnMuteTrxvu
                0x20009498       0x30 ./src/TestingDemos/TrxvuTestingDemo.o
                0x20009498                TestUnMuteTrxvu
 .text.TestGetNumberOfFramesInBuffer
                0x200094c8       0x54 ./src/TestingDemos/TrxvuTestingDemo.o
                0x200094c8                TestGetNumberOfFramesInBuffer
 .text.TestSetTrxvuBitrate
                0x2000951c       0xf0 ./src/TestingDemos/TrxvuTestingDemo.o
                0x2000951c                TestSetTrxvuBitrate
 .text.TestGetTrxvuBitrate
                0x2000960c       0xc0 ./src/TestingDemos/TrxvuTestingDemo.o
                0x2000960c                TestGetTrxvuBitrate
 .text.TestTransmitDataAsSPL_Packet
                0x200096cc      0x114 ./src/TestingDemos/TrxvuTestingDemo.o
                0x200096cc                TestTransmitDataAsSPL_Packet
 .text.selectAndExecuteTrxvuDemoTest
                0x200097e0      0x28c ./src/TestingDemos/TrxvuTestingDemo.o
                0x200097e0                selectAndExecuteTrxvuDemoTest
 .text.MainTrxvuTestBench
                0x20009a6c       0x44 ./src/TestingDemos/TrxvuTestingDemo.o
                0x20009a6c                MainTrxvuTestBench
 .text.EPS_Init
                0x20009ab0       0xe4 ./src/SubSystemModules/PowerManagment/EPS.o
                0x20009ab0                EPS_Init
 .text.EPS_Conditioning
                0x20009b94      0x1a8 ./src/SubSystemModules/PowerManagment/EPS.o
                0x20009b94                EPS_Conditioning
 .text.GetBatteryVoltage
                0x20009d3c       0x54 ./src/SubSystemModules/PowerManagment/EPS.o
                0x20009d3c                GetBatteryVoltage
 .text.UpdateAlpha
                0x20009d90       0x9c ./src/SubSystemModules/PowerManagment/EPS.o
                0x20009d90                UpdateAlpha
 .text.UpdateThresholdVoltages
                0x20009e2c      0x1f4 ./src/SubSystemModules/PowerManagment/EPS.o
                0x20009e2c                UpdateThresholdVoltages
 .text.GetThresholdVoltages
                0x2000a020       0x4c ./src/SubSystemModules/PowerManagment/EPS.o
                0x2000a020                GetThresholdVoltages
 .text.GetAlpha
                0x2000a06c       0x48 ./src/SubSystemModules/PowerManagment/EPS.o
                0x2000a06c                GetAlpha
 .text.RestoreDefaultAlpha
                0x2000a0b4       0x3c ./src/SubSystemModules/PowerManagment/EPS.o
                0x2000a0b4                RestoreDefaultAlpha
 .text.RestoreDefaultThresholdVoltages
                0x2000a0f0       0x58 ./src/SubSystemModules/PowerManagment/EPS.o
                0x2000a0f0                RestoreDefaultThresholdVoltages
 .text.EnterFullMode
                0x2000a148       0x58 ./src/SubSystemModules/PowerManagment/EPSOperationModes.o
                0x2000a148                EnterFullMode
 .text.EnterCruiseMode
                0x2000a1a0       0x58 ./src/SubSystemModules/PowerManagment/EPSOperationModes.o
                0x2000a1a0                EnterCruiseMode
 .text.EnterSafeMode
                0x2000a1f8       0x58 ./src/SubSystemModules/PowerManagment/EPSOperationModes.o
                0x2000a1f8                EnterSafeMode
 .text.EnterCriticalMode
                0x2000a250       0x58 ./src/SubSystemModules/PowerManagment/EPSOperationModes.o
                0x2000a250                EnterCriticalMode
 .text.SetEPS_Channels
                0x2000a2a8       0xac ./src/SubSystemModules/PowerManagment/EPSOperationModes.o
                0x2000a2a8                SetEPS_Channels
 .text.GetSystemState
                0x2000a354       0x24 ./src/SubSystemModules/PowerManagment/EPSOperationModes.o
                0x2000a354                GetSystemState
 .text.GetSystemChannelState
                0x2000a378       0x24 ./src/SubSystemModules/PowerManagment/EPSOperationModes.o
                0x2000a378                GetSystemChannelState
 .text.EpsGetLowVoltageFlag
                0x2000a39c       0x24 ./src/SubSystemModules/PowerManagment/EPSOperationModes.o
                0x2000a39c                EpsGetLowVoltageFlag
 .text.EpsSetLowVoltageFlag
                0x2000a3c0       0x2c ./src/SubSystemModules/PowerManagment/EPSOperationModes.o
                0x2000a3c0                EpsSetLowVoltageFlag
 .text.CheckExecutionTime
                0x2000a3ec       0x70 ./src/SubSystemModules/Maintenance/Maintenance.o
                0x2000a3ec                CheckExecutionTime
 .text.SaveSatTimeInFRAM
                0x2000a45c       0x44 ./src/SubSystemModules/Maintenance/Maintenance.o
                0x2000a45c                SaveSatTimeInFRAM
 .text.ResetGroundCommWDT
                0x2000a4a0       0x1c ./src/SubSystemModules/Maintenance/Maintenance.o
                0x2000a4a0                ResetGroundCommWDT
 .text.GetTelemetryFilenameByType
                0x2000a4bc      0x294 ./src/SubSystemModules/Housekepping/TelemetryCollector.o
                0x2000a4bc                GetTelemetryFilenameByType
 .text.TelemetryCollectorLogic
                0x2000a750      0x140 ./src/SubSystemModules/Housekepping/TelemetryCollector.o
                0x2000a750                TelemetryCollectorLogic
 .text.TelemetrySaveEPS
                0x2000a890      0x10c ./src/SubSystemModules/Housekepping/TelemetryCollector.o
                0x2000a890                TelemetrySaveEPS
 .text.TelemetrySaveTRXVU
                0x2000a99c       0xec ./src/SubSystemModules/Housekepping/TelemetryCollector.o
                0x2000a99c                TelemetrySaveTRXVU
 .text.TelemetrySaveANT
                0x2000aa88       0x88 ./src/SubSystemModules/Housekepping/TelemetryCollector.o
                0x2000aa88                TelemetrySaveANT
 .text.TelemetrySaveSolarPanels
                0x2000ab10      0x1c8 ./src/SubSystemModules/Housekepping/TelemetryCollector.o
                0x2000ab10                TelemetrySaveSolarPanels
 .text.TelemetrySaveWOD
                0x2000acd8       0x98 ./src/SubSystemModules/Housekepping/TelemetryCollector.o
                0x2000acd8                TelemetrySaveWOD
 .text.GetCurrentWODTelemetry
                0x2000ad70      0x388 ./src/SubSystemModules/Housekepping/TelemetryCollector.o
                0x2000ad70                GetCurrentWODTelemetry
 .text.CMD_ResetComponent
                0x2000b0f8      0x23c ./src/SubSystemModules/Communication/SubsystemCommands/Maintanence_Commands.o
                0x2000b0f8                CMD_ResetComponent
 .text.CMD_StartDump
                0x2000b334       0x34 ./src/SubSystemModules/Communication/SubsystemCommands/TRXVU_Commands.o
                0x2000b334                CMD_StartDump
 .text.CMD_SendDumpAbortRequest
                0x2000b368       0x24 ./src/SubSystemModules/Communication/SubsystemCommands/TRXVU_Commands.o
                0x2000b368                CMD_SendDumpAbortRequest
 .text.CMD_ForceDumpAbort
                0x2000b38c       0x24 ./src/SubSystemModules/Communication/SubsystemCommands/TRXVU_Commands.o
                0x2000b38c                CMD_ForceDumpAbort
 .text.CMD_MuteTRXVU
                0x2000b3b0       0x5c ./src/SubSystemModules/Communication/SubsystemCommands/TRXVU_Commands.o
                0x2000b3b0                CMD_MuteTRXVU
 .text.CMD_UnMuteTRXVU
                0x2000b40c       0x24 ./src/SubSystemModules/Communication/SubsystemCommands/TRXVU_Commands.o
                0x2000b40c                CMD_UnMuteTRXVU
 .text.CMD_GetBaudRate
                0x2000b430       0x4c ./src/SubSystemModules/Communication/SubsystemCommands/TRXVU_Commands.o
                0x2000b430                CMD_GetBaudRate
 .text.CMD_SetBeaconCycleTime
                0x2000b47c       0x88 ./src/SubSystemModules/Communication/SubsystemCommands/TRXVU_Commands.o
                0x2000b47c                CMD_SetBeaconCycleTime
 .text.CMD_GetBeaconInterval
                0x2000b504       0x60 ./src/SubSystemModules/Communication/SubsystemCommands/TRXVU_Commands.o
                0x2000b504                CMD_GetBeaconInterval
 .text.CMD_SetBeaconInterval
                0x2000b564       0x88 ./src/SubSystemModules/Communication/SubsystemCommands/TRXVU_Commands.o
                0x2000b564                CMD_SetBeaconInterval
 .text.CMD_SetBaudRate
                0x2000b5ec       0x48 ./src/SubSystemModules/Communication/SubsystemCommands/TRXVU_Commands.o
                0x2000b5ec                CMD_SetBaudRate
 .text.CMD_GetTxUptime
                0x2000b634       0x58 ./src/SubSystemModules/Communication/SubsystemCommands/TRXVU_Commands.o
                0x2000b634                CMD_GetTxUptime
 .text.CMD_GetRxUptime
                0x2000b68c       0x58 ./src/SubSystemModules/Communication/SubsystemCommands/TRXVU_Commands.o
                0x2000b68c                CMD_GetRxUptime
 .text.CMD_GetNumOfDelayedCommands
                0x2000b6e4       0x50 ./src/SubSystemModules/Communication/SubsystemCommands/TRXVU_Commands.o
                0x2000b6e4                CMD_GetNumOfDelayedCommands
 .text.CMD_GetNumOfOnlineCommands
                0x2000b734       0x58 ./src/SubSystemModules/Communication/SubsystemCommands/TRXVU_Commands.o
                0x2000b734                CMD_GetNumOfOnlineCommands
 .text.CMD_DeleteDelyedCmdByID
                0x2000b78c       0x60 ./src/SubSystemModules/Communication/SubsystemCommands/TRXVU_Commands.o
                0x2000b78c                CMD_DeleteDelyedCmdByID
 .text.CMD_DeleteAllDelyedBuffer
                0x2000b7ec       0x34 ./src/SubSystemModules/Communication/SubsystemCommands/TRXVU_Commands.o
                0x2000b7ec                CMD_DeleteAllDelyedBuffer
 .text.CMD_AntSetArmStatus
                0x2000b820       0x80 ./src/SubSystemModules/Communication/SubsystemCommands/TRXVU_Commands.o
                0x2000b820                CMD_AntSetArmStatus
 .text.CMD_AntGetArmStatus
                0x2000b8a0       0x64 ./src/SubSystemModules/Communication/SubsystemCommands/TRXVU_Commands.o
                0x2000b8a0                CMD_AntGetArmStatus
 .text.CMD_AntGetUptime
                0x2000b904       0x58 ./src/SubSystemModules/Communication/SubsystemCommands/TRXVU_Commands.o
                0x2000b904                CMD_AntGetUptime
 .text.CMD_AntCancelDeployment
                0x2000b95c       0x48 ./src/SubSystemModules/Communication/SubsystemCommands/TRXVU_Commands.o
                0x2000b95c                CMD_AntCancelDeployment
 .text.SendAckPacket
                0x2000b9a4       0xdc ./src/SubSystemModules/Communication/AckHandler.o
                0x2000b9a4                SendAckPacket
 .text.SendErrorMSG
                0x2000ba80       0x74 ./src/SubSystemModules/Communication/AckHandler.o
                0x2000ba80                SendErrorMSG
 .text.SendErrorMSG_IfError
                0x2000baf4       0x4c ./src/SubSystemModules/Communication/AckHandler.o
                0x2000baf4                SendErrorMSG_IfError
 .text.ActUponCommand
                0x2000bb40       0xd0 ./src/SubSystemModules/Communication/ActUponCommand.o
                0x2000bb40                ActUponCommand
 .text.InitBeaconParams
                0x2000bc10       0x6c ./src/SubSystemModules/Communication/Beacon.o
                0x2000bc10                InitBeaconParams
 .text.BeaconSetBitrate
                0x2000bc7c       0xa0 ./src/SubSystemModules/Communication/Beacon.o
                0x2000bc7c                BeaconSetBitrate
 .text.BeaconLogic
                0x2000bd1c      0x148 ./src/SubSystemModules/Communication/Beacon.o
                0x2000bd1c                BeaconLogic
 .text.UpdateBeaconBaudCycle
                0x2000be64       0x78 ./src/SubSystemModules/Communication/Beacon.o
                0x2000be64                UpdateBeaconBaudCycle
 .text.UpdateBeaconInterval
                0x2000bedc       0x80 ./src/SubSystemModules/Communication/Beacon.o
                0x2000bedc                UpdateBeaconInterval
 .text.trxvu_command_router
                0x2000bf5c      0x490 ./src/SubSystemModules/Communication/CommandDictionary.o
                0x2000bf5c                trxvu_command_router
 .text.eps_command_router
                0x2000c3ec       0x80 ./src/SubSystemModules/Communication/CommandDictionary.o
                0x2000c3ec                eps_command_router
 .text.telemetry_command_router
                0x2000c46c       0x54 ./src/SubSystemModules/Communication/CommandDictionary.o
                0x2000c46c                telemetry_command_router
 .text.managment_command_router
                0x2000c4c0       0xd0 ./src/SubSystemModules/Communication/CommandDictionary.o
                0x2000c4c0                managment_command_router
 .text.filesystem_command_router
                0x2000c590       0x54 ./src/SubSystemModules/Communication/CommandDictionary.o
                0x2000c590                filesystem_command_router
 .text.ClearDelayedCMD_FromBuffer
                0x2000c5e4       0xd8 ./src/SubSystemModules/Communication/SatCommandHandler.o
                0x2000c5e4                ClearDelayedCMD_FromBuffer
 .text.ParseDataToCommand
                0x2000c6bc      0x184 ./src/SubSystemModules/Communication/SatCommandHandler.o
                0x2000c6bc                ParseDataToCommand
 .text.AssembleCommand
                0x2000c840      0x150 ./src/SubSystemModules/Communication/SatCommandHandler.o
                0x2000c840                AssembleCommand
 .text.isDelayedCommandDue
                0x2000c990       0xa4 ./src/SubSystemModules/Communication/SatCommandHandler.o
                0x2000c990                isDelayedCommandDue
 .text.GetDelayedCommand
                0x2000ca34      0x100 ./src/SubSystemModules/Communication/SatCommandHandler.o
                0x2000ca34                GetDelayedCommand
 .text.AddDelayedCommand
                0x2000cb34       0xf0 ./src/SubSystemModules/Communication/SatCommandHandler.o
                0x2000cb34                AddDelayedCommand
 .text.GetDelayedCommandBufferCount
                0x2000cc24       0x50 ./src/SubSystemModules/Communication/SatCommandHandler.o
                0x2000cc24                GetDelayedCommandBufferCount
 .text.GetOnlineCommand
                0x2000cc74      0x114 ./src/SubSystemModules/Communication/SatCommandHandler.o
                0x2000cc74                GetOnlineCommand
 .text.GetDelayedCommandByIndex
                0x2000cd88       0x84 ./src/SubSystemModules/Communication/SatCommandHandler.o
                0x2000cd88                GetDelayedCommandByIndex
 .text.DeleteDelayedCommandByIndex
                0x2000ce0c       0x80 ./src/SubSystemModules/Communication/SatCommandHandler.o
                0x2000ce0c                DeleteDelayedCommandByIndex
 .text.DeleteDelayedBuffer
                0x2000ce8c       0x48 ./src/SubSystemModules/Communication/SatCommandHandler.o
                0x2000ce8c                DeleteDelayedBuffer
 .text.InitTxModule
                0x2000ced4       0x68 ./src/SubSystemModules/Communication/SatDataTx.o
                0x2000ced4                InitTxModule
 .text.muteTRXVU
                0x2000cf3c       0x78 ./src/SubSystemModules/Communication/SatDataTx.o
                0x2000cf3c                muteTRXVU
 .text.UnMuteTRXVU
                0x2000cfb4       0x34 ./src/SubSystemModules/Communication/SatDataTx.o
                0x2000cfb4                UnMuteTRXVU
 .text.GetMuteFlag
                0x2000cfe8       0x24 ./src/SubSystemModules/Communication/SatDataTx.o
                0x2000cfe8                GetMuteFlag
 .text.CheckForMuteEnd
                0x2000d00c       0x4c ./src/SubSystemModules/Communication/SatDataTx.o
                0x2000d00c                CheckForMuteEnd
 .text.GetNumberOfFramesInBuffer
                0x2000d058       0x4c ./src/SubSystemModules/Communication/SatDataTx.o
                0x2000d058                GetNumberOfFramesInBuffer
 .text.CheckTransmitionAllowed
                0x2000d0a4       0xa4 ./src/SubSystemModules/Communication/SatDataTx.o
                0x2000d0a4                CheckTransmitionAllowed
 .text.GetTrxvuBitrate
                0x2000d148       0x70 ./src/SubSystemModules/Communication/SatDataTx.o
                0x2000d148                GetTrxvuBitrate
 .text.TransmitDataAsSPL_Packet
                0x2000d1b8      0x10c ./src/SubSystemModules/Communication/SatDataTx.o
                0x2000d1b8                TransmitDataAsSPL_Packet
 .text.TransmitSplPacket
                0x2000d2c4       0xf8 ./src/SubSystemModules/Communication/SatDataTx.o
                0x2000d2c4                TransmitSplPacket
 .text.InitSemaphores
                0x2000d3bc       0x98 ./src/SubSystemModules/Communication/TRXVU.o
                0x2000d3bc                InitSemaphores
 .text.InitTrxvu
                0x2000d454       0xe8 ./src/SubSystemModules/Communication/TRXVU.o
                0x2000d454                InitTrxvu
 .text.TRX_Logic
                0x2000d53c       0xe0 ./src/SubSystemModules/Communication/TRXVU.o
                0x2000d53c                TRX_Logic
 .text.FinishDump
                0x2000d61c       0xe8 ./src/SubSystemModules/Communication/TRXVU.o
                0x2000d61c                FinishDump
 .text.AbortDump
                0x2000d704       0x30 ./src/SubSystemModules/Communication/TRXVU.o
                0x2000d704                AbortDump
 .text.SendDumpAbortRequest
                0x2000d734       0xc0 ./src/SubSystemModules/Communication/TRXVU.o
                0x2000d734                SendDumpAbortRequest
 .text.CheckDumpAbort
                0x2000d7f4       0x58 ./src/SubSystemModules/Communication/TRXVU.o
                0x2000d7f4                CheckDumpAbort
 .text.DumpTask
                0x2000d84c      0x26c ./src/SubSystemModules/Communication/TRXVU.o
                0x2000d84c                DumpTask
 .text.DumpTelemetry
                0x2000dab8      0x198 ./src/SubSystemModules/Communication/TRXVU.o
                0x2000dab8                DumpTelemetry
 .text.isFirstActivation
                0x2000dc50       0x38 ./src/InitSystem.o
                0x2000dc50                isFirstActivation
 .text.firstActivationProcedure
                0x2000dc88       0xc8 ./src/InitSystem.o
                0x2000dc88                firstActivationProcedure
 .text.WriteDefaultValuesToFRAM
                0x2000dd50      0x14c ./src/InitSystem.o
                0x2000dd50                WriteDefaultValuesToFRAM
 .text.StartFRAM
                0x2000de9c       0x24 ./src/InitSystem.o
                0x2000de9c                StartFRAM
 .text.StartI2C
                0x2000dec0       0x30 ./src/InitSystem.o
                0x2000dec0                StartI2C
 .text.StartSPI
                0x2000def0       0x2c ./src/InitSystem.o
                0x2000def0                StartSPI
 .text.StartTIME
                0x2000df1c       0xa8 ./src/InitSystem.o
                0x2000df1c                StartTIME
 .text.DeploySystem
                0x2000dfc4       0x80 ./src/InitSystem.o
                0x2000dfc4                DeploySystem
 .text.InitSubsystems
                0x2000e044      0x154 ./src/InitSystem.o
                0x2000e044                InitSubsystems
 .text.delete_allTMFilesFromSD
                0x2000e198       0xf8 ./src/TLM_management.o
                0x2000e198                delete_allTMFilesFromSD
 .text.getNumOfFilesInFS
                0x2000e290       0x44 ./src/TLM_management.o
 .text.InitializeFS
                0x2000e2d4      0x174 ./src/TLM_management.o
                0x2000e2d4                InitializeFS
 .text.writewithEpochtime
                0x2000e448       0x8c ./src/TLM_management.o
 .text.get_C_FILE_struct
                0x2000e4d4       0xf4 ./src/TLM_management.o
 .text.getFileIndex
                0x2000e5c8       0x40 ./src/TLM_management.o
 .text.get_file_name_by_index
                0x2000e608       0x44 ./src/TLM_management.o
                0x2000e608                get_file_name_by_index
 .text.c_fileWrite
                0x2000e64c       0xfc ./src/TLM_management.o
                0x2000e64c                c_fileWrite
 .text.DeInitializeFS
                0x2000e748       0xd0 ./src/TLM_management.o
                0x2000e748                DeInitializeFS
 .text.main     0x2000e818       0xa0 ./src/main.o
                0x2000e818                main
 .text.validateTransferParameters
                0x2000e8b8      0x10c C:/Users/USER/Documents/GitHub/Base-Aug-2019/GlobusSatProject/..//hal/hal/lib\libHALD.a(I2C.o)
 .text.I2C_queueTransfer
                0x2000e9c4       0xe8 C:/Users/USER/Documents/GitHub/Base-Aug-2019/GlobusSatProject/..//hal/hal/lib\libHALD.a(I2C.o)
                0x2000e9c4                I2C_queueTransfer
 .text.I2C_internalCallback
                0x2000eaac       0x64 C:/Users/USER/Documents/GitHub/Base-Aug-2019/GlobusSatProject/..//hal/hal/lib\libHALD.a(I2C.o)
 .text.I2C_doBlockingTransfer
                0x2000eb10      0x160 C:/Users/USER/Documents/GitHub/Base-Aug-2019/GlobusSatProject/..//hal/hal/lib\libHALD.a(I2C.o)
 .text.I2C_writeRead
                0x2000ec70      0x180 C:/Users/USER/Documents/GitHub/Base-Aug-2019/GlobusSatProject/..//hal/hal/lib\libHALD.a(I2C.o)
                0x2000ec70                I2C_writeRead
 .text.I2C_start
                0x2000edf0      0x2e8 C:/Users/USER/Documents/GitHub/Base-Aug-2019/GlobusSatProject/..//hal/hal/lib\libHALD.a(I2C.o)
                0x2000edf0                I2C_start
 .text.I2C_stop
                0x2000f0d8      0x184 C:/Users/USER/Documents/GitHub/Base-Aug-2019/GlobusSatProject/..//hal/hal/lib\libHALD.a(I2C.o)
                0x2000f0d8                I2C_stop
 .text.I2C_setTransferTimeout
                0x2000f25c       0x48 C:/Users/USER/Documents/GitHub/Base-Aug-2019/GlobusSatProject/..//hal/hal/lib\libHALD.a(I2C.o)
                0x2000f25c                I2C_setTransferTimeout
 .text.clearPDCtransfers
                0x2000f2a4       0xdc C:/Users/USER/Documents/GitHub/Base-Aug-2019/GlobusSatProject/..//hal/hal/lib\libHALD.a(SPI.o)
 .text.SPI_start
                0x2000f380      0x4c0 C:/Users/USER/Documents/GitHub/Base-Aug-2019/GlobusSatProject/..//hal/hal/lib\libHALD.a(SPI.o)
                0x2000f380                SPI_start
 .text.SPI_stop
                0x2000f840      0x22c C:/Users/USER/Documents/GitHub/Base-Aug-2019/GlobusSatProject/..//hal/hal/lib\libHALD.a(SPI.o)
                0x2000f840                SPI_stop
 .text.SPI_queueTransfer
                0x2000fa6c      0x190 C:/Users/USER/Documents/GitHub/Base-Aug-2019/GlobusSatProject/..//hal/hal/lib\libHALD.a(SPI.o)
                0x2000fa6c                SPI_queueTransfer
 .text.SPI_internalCallback
                0x2000fbfc       0x64 C:/Users/USER/Documents/GitHub/Base-Aug-2019/GlobusSatProject/..//hal/hal/lib\libHALD.a(SPI.o)
 .text.SPI_writeRead
                0x2000fc60      0x188 C:/Users/USER/Documents/GitHub/Base-Aug-2019/GlobusSatProject/..//hal/hal/lib\libHALD.a(SPI.o)
                0x2000fc60                SPI_writeRead
 .text.waitForTransfer
                0x2000fde8       0x68 C:/Users/USER/Documents/GitHub/Base-Aug-2019/GlobusSatProject/..//hal/hal/lib\libHALD.a(SPI.o)
 .text.SPI_getDriverState
                0x2000fe50       0x58 C:/Users/USER/Documents/GitHub/Base-Aug-2019/GlobusSatProject/..//hal/hal/lib\libHALD.a(SPI.o)
                0x2000fe50                SPI_getDriverState
 .text.FRAM_start
                0x2000fea8       0xf4 C:/Users/USER/Documents/GitHub/Base-Aug-2019/GlobusSatProject/..//hal/hal/lib\libHALD.a(FRAM.o)
                0x2000fea8                FRAM_start
 .text.FRAM_dummyCallback
                0x2000ff9c       0x24 C:/Users/USER/Documents/GitHub/Base-Aug-2019/GlobusSatProject/..//hal/hal/lib\libHALD.a(FRAM.o)
                0x2000ff9c                FRAM_dummyCallback
 .text.FRAM_unlockingCallback
                0x2000ffc0       0x78 C:/Users/USER/Documents/GitHub/Base-Aug-2019/GlobusSatProject/..//hal/hal/lib\libHALD.a(FRAM.o)
                0x2000ffc0                FRAM_unlockingCallback
 .text.doBlockingTransfer
                0x20010038       0x88 C:/Users/USER/Documents/GitHub/Base-Aug-2019/GlobusSatProject/..//hal/hal/lib\libHALD.a(FRAM.o)
 .text.FRAM_writePacket
                0x200100c0      0x148 C:/Users/USER/Documents/GitHub/Base-Aug-2019/GlobusSatProject/..//hal/hal/lib\libHALD.a(FRAM.o)
 .text.FRAM_write
                0x20010208      0x1c8 C:/Users/USER/Documents/GitHub/Base-Aug-2019/GlobusSatProject/..//hal/hal/lib\libHALD.a(FRAM.o)
                0x20010208                FRAM_write
 .text.FRAM_readPacket
                0x200103d0      0x114 C:/Users/USER/Documents/GitHub/Base-Aug-2019/GlobusSatProject/..//hal/hal/lib\libHALD.a(FRAM.o)
 .text.FRAM_read
                0x200104e4      0x1d4 C:/Users/USER/Documents/GitHub/Base-Aug-2019/GlobusSatProject/..//hal/hal/lib\libHALD.a(FRAM.o)
                0x200104e4                FRAM_read
 .text.Time_start
                0x200106b8      0x150 C:/Users/USER/Documents/GitHub/Base-Aug-2019/GlobusSatProject/..//hal/hal/lib\libHALD.a(Time.o)
                0x200106b8                Time_start
 .text.taskTimeSync
                0x20010808       0x38 C:/Users/USER/Documents/GitHub/Base-Aug-2019/GlobusSatProject/..//hal/hal/lib\libHALD.a(Time.o)
 .text.Time_set
                0x20010840      0x278 C:/Users/USER/Documents/GitHub/Base-Aug-2019/GlobusSatProject/..//hal/hal/lib\libHALD.a(Time.o)
                0x20010840                Time_set
 .text.Time_isLeapYear
                0x20010ab8       0x98 C:/Users/USER/Documents/GitHub/Base-Aug-2019/GlobusSatProject/..//hal/hal/lib\libHALD.a(Time.o)
                0x20010ab8                Time_isLeapYear
 .text.Time_get
                0x20010b50      0x410 C:/Users/USER/Documents/GitHub/Base-Aug-2019/GlobusSatProject/..//hal/hal/lib\libHALD.a(Time.o)
                0x20010b50                Time_get
 .text.Time_getUnixEpoch
                0x20010f60       0xf4 C:/Users/USER/Documents/GitHub/Base-Aug-2019/GlobusSatProject/..//hal/hal/lib\libHALD.a(Time.o)
                0x20010f60                Time_getUnixEpoch
 .text.secondsOfYearToTime
                0x20011054      0x328 C:/Users/USER/Documents/GitHub/Base-Aug-2019/GlobusSatProject/..//hal/hal/lib\libHALD.a(Time.o)
 .text.Time_setUnixEpoch
                0x2001137c      0x100 C:/Users/USER/Documents/GitHub/Base-Aug-2019/GlobusSatProject/..//hal/hal/lib\libHALD.a(Time.o)
                0x2001137c                Time_setUnixEpoch
 .text.Time_sync
                0x2001147c      0x2b8 C:/Users/USER/Documents/GitHub/Base-Aug-2019/GlobusSatProject/..//hal/hal/lib\libHALD.a(Time.o)
                0x2001147c                Time_sync
 .text.Time_syncIfNeeded
                0x20011734       0x70 C:/Users/USER/Documents/GitHub/Base-Aug-2019/GlobusSatProject/..//hal/hal/lib\libHALD.a(Time.o)
                0x20011734                Time_syncIfNeeded
 .text.Time_setSyncInterval
                0x200117a4       0x38 C:/Users/USER/Documents/GitHub/Base-Aug-2019/GlobusSatProject/..//hal/hal/lib\libHALD.a(Time.o)
                0x200117a4                Time_setSyncInterval
 .text.WDT_start
                0x200117dc       0x48 C:/Users/USER/Documents/GitHub/Base-Aug-2019/GlobusSatProject/..//hal/hal/lib\libHALD.a(WatchDogTimerNoOS.o)
                0x200117dc                WDT_start
 .text.WDT_startWatchdogKickTask
                0x20011824       0xb4 C:/Users/USER/Documents/GitHub/Base-Aug-2019/GlobusSatProject/..//hal/hal/lib\libHALD.a(WatchDogTimerOS.o)
                0x20011824                WDT_startWatchdogKickTask
 .text.WDT_forceKickEveryNms
                0x200118d8       0x50 C:/Users/USER/Documents/GitHub/Base-Aug-2019/GlobusSatProject/..//hal/hal/lib\libHALD.a(WatchDogTimerOS.o)
                0x200118d8                WDT_forceKickEveryNms
 .text.UTIL_DbguGetInteger
                0x20011928      0x124 C:/Users/USER/Documents/GitHub/Base-Aug-2019/GlobusSatProject/..//hal/hal/lib\libHALD.a(util.o)
                0x20011928                UTIL_DbguGetInteger
 .text.UTIL_DbguGetIntegerMinMax
                0x20011a4c       0xa4 C:/Users/USER/Documents/GitHub/Base-Aug-2019/GlobusSatProject/..//hal/hal/lib\libHALD.a(util.o)
                0x20011a4c                UTIL_DbguGetIntegerMinMax
 .text.LED_glow
                0x20011af0       0x58 C:/Users/USER/Documents/GitHub/Base-Aug-2019/GlobusSatProject/..//hal/hal/lib\libHALD.a(LED.o)
                0x20011af0                LED_glow
 .text.LED_dark
                0x20011b48       0x58 C:/Users/USER/Documents/GitHub/Base-Aug-2019/GlobusSatProject/..//hal/hal/lib\libHALD.a(LED.o)
                0x20011b48                LED_dark
 .text.LED_toggle
                0x20011ba0       0x50 C:/Users/USER/Documents/GitHub/Base-Aug-2019/GlobusSatProject/..//hal/hal/lib\libHALD.a(LED.o)
                0x20011ba0                LED_toggle
 .text.RTC_start
                0x20011bf0       0x3c C:/Users/USER/Documents/GitHub/Base-Aug-2019/GlobusSatProject/..//hal/hal/lib\libHALD.a(RTC.o)
                0x20011bf0                RTC_start
 .text.RTC_setTime
                0x20011c2c      0x2a4 C:/Users/USER/Documents/GitHub/Base-Aug-2019/GlobusSatProject/..//hal/hal/lib\libHALD.a(RTC.o)
                0x20011c2c                RTC_setTime
 .text.RTC_getTime
                0x20011ed0      0x224 C:/Users/USER/Documents/GitHub/Base-Aug-2019/GlobusSatProject/..//hal/hal/lib\libHALD.a(RTC.o)
                0x20011ed0                RTC_getTime
 .text.RTC_checkTimeValid
                0x200120f4       0xdc C:/Users/USER/Documents/GitHub/Base-Aug-2019/GlobusSatProject/..//hal/hal/lib\libHALD.a(RTC.o)
                0x200120f4                RTC_checkTimeValid
 .text.RTT_start
                0x200121d0       0x24 C:/Users/USER/Documents/GitHub/Base-Aug-2019/GlobusSatProject/..//hal/hal/lib\libHALD.a(RTT.o)
                0x200121d0                RTT_start
 .text.fn_init  0x200121f4      0x2e0 C:/Users/USER/Documents/GitHub/Base-Aug-2019/GlobusSatProject/..//hal/hcc/lib\libHCCD.a(fat_common.o)
                0x200121f4                fn_init
 .text.fsn_delete
                0x200124d4       0xc8 C:/Users/USER/Documents/GitHub/Base-Aug-2019/GlobusSatProject/..//hal/hcc/lib\libHCCD.a(fat_common.o)
                0x200124d4                fsn_delete
 .text._f_get16bitl
                0x2001259c       0x4c C:/Users/USER/Documents/GitHub/Base-Aug-2019/GlobusSatProject/..//hal/hcc/lib\libHCCD.a(fat_common.o)
                0x2001259c                _f_get16bitl
 .text._f_set16bitl
                0x200125e8       0x54 C:/Users/USER/Documents/GitHub/Base-Aug-2019/GlobusSatProject/..//hal/hcc/lib\libHCCD.a(fat_common.o)
                0x200125e8                _f_set16bitl
 .text._f_get32bitl
                0x2001263c       0x68 C:/Users/USER/Documents/GitHub/Base-Aug-2019/GlobusSatProject/..//hal/hcc/lib\libHCCD.a(fat_common.o)
                0x2001263c                _f_get32bitl
 .text._f_set32bitl
                0x200126a4       0x78 C:/Users/USER/Documents/GitHub/Base-Aug-2019/GlobusSatProject/..//hal/hcc/lib\libHCCD.a(fat_common.o)
                0x200126a4                _f_set32bitl
 .text._get8bit
                0x2001271c       0xa0 C:/Users/USER/Documents/GitHub/Base-Aug-2019/GlobusSatProject/..//hal/hcc/lib\libHCCD.a(fat_common.o)
 .text._get16bitl
                0x200127bc       0x40 C:/Users/USER/Documents/GitHub/Base-Aug-2019/GlobusSatProject/..//hal/hcc/lib\libHCCD.a(fat_common.o)
 .text._get32bitl
                0x200127fc       0x3c C:/Users/USER/Documents/GitHub/Base-Aug-2019/GlobusSatProject/..//hal/hcc/lib\libHCCD.a(fat_common.o)
 .text._f_setcardremoved
                0x20012838       0x94 C:/Users/USER/Documents/GitHub/Base-Aug-2019/GlobusSatProject/..//hal/hcc/lib\libHCCD.a(fat_common.o)
 .text._f_checkstatus
                0x200128cc      0x104 C:/Users/USER/Documents/GitHub/Base-Aug-2019/GlobusSatProject/..//hal/hcc/lib\libHCCD.a(fat_common.o)
                0x200128cc                _f_checkstatus
 .text._f_drvgetphy
                0x200129d0      0x114 C:/Users/USER/Documents/GitHub/Base-Aug-2019/GlobusSatProject/..//hal/hcc/lib\libHCCD.a(fat_common.o)
 .text._f_drvwritesector
                0x20012ae4       0xdc C:/Users/USER/Documents/GitHub/Base-Aug-2019/GlobusSatProject/..//hal/hcc/lib\libHCCD.a(fat_common.o)
 .text._f_drvreadsector
                0x20012bc0       0xa8 C:/Users/USER/Documents/GitHub/Base-Aug-2019/GlobusSatProject/..//hal/hcc/lib\libHCCD.a(fat_common.o)
 .text._f_writesector
                0x20012c68      0x23c C:/Users/USER/Documents/GitHub/Base-Aug-2019/GlobusSatProject/..//hal/hcc/lib\libHCCD.a(fat_common.o)
                0x20012c68                _f_writesector
 .text._f_readsector
                0x20012ea4      0x1dc C:/Users/USER/Documents/GitHub/Base-Aug-2019/GlobusSatProject/..//hal/hcc/lib\libHCCD.a(fat_common.o)
                0x20012ea4                _f_readsector
 .text._f_getmaxcluster
                0x20013080       0x94 C:/Users/USER/Documents/GitHub/Base-Aug-2019/GlobusSatProject/..//hal/hcc/lib\libHCCD.a(fat_common.o)
                0x20013080                _f_getmaxcluster
 .text._getsectorfromcluster
                0x20013114       0x68 C:/Users/USER/Documents/GitHub/Base-Aug-2019/GlobusSatProject/..//hal/hcc/lib\libHCCD.a(fat_common.o)
 .text._f_buildsectors
                0x2001317c      0x268 C:/Users/USER/Documents/GitHub/Base-Aug-2019/GlobusSatProject/..//hal/hcc/lib\libHCCD.a(fat_common.o)
 .text._f_getbootrecord
                0x200133e4      0x5e4 C:/Users/USER/Documents/GitHub/Base-Aug-2019/GlobusSatProject/..//hal/hcc/lib\libHCCD.a(fat_common.o)
 .text._f_readbootrecord
                0x200139c8      0x4f8 C:/Users/USER/Documents/GitHub/Base-Aug-2019/GlobusSatProject/..//hal/hcc/lib\libHCCD.a(fat_common.o)
 .text._f_flushcffiles
                0x20013ec0      0x17c C:/Users/USER/Documents/GitHub/Base-Aug-2019/GlobusSatProject/..//hal/hcc/lib\libHCCD.a(fat_common.o)
                0x20013ec0                _f_flushcffiles
 .text._f_fatcache_flush
                0x2001403c      0x270 C:/Users/USER/Documents/GitHub/Base-Aug-2019/GlobusSatProject/..//hal/hcc/lib\libHCCD.a(fat_common.o)
                0x2001403c                _f_fatcache_flush
 .text._f_writefatsector
                0x200142ac      0x100 C:/Users/USER/Documents/GitHub/Base-Aug-2019/GlobusSatProject/..//hal/hcc/lib\libHCCD.a(fat_common.o)
                0x200142ac                _f_writefatsector
 .text._f_getfatsector
                0x200143ac      0x3bc C:/Users/USER/Documents/GitHub/Base-Aug-2019/GlobusSatProject/..//hal/hcc/lib\libHCCD.a(fat_common.o)
 .text._f_setclustervalue
                0x20014768      0x490 C:/Users/USER/Documents/GitHub/Base-Aug-2019/GlobusSatProject/..//hal/hcc/lib\libHCCD.a(fat_common.o)
                0x20014768                _f_setclustervalue
 .text._f_getclustervalue
                0x20014bf8      0x388 C:/Users/USER/Documents/GitHub/Base-Aug-2019/GlobusSatProject/..//hal/hcc/lib\libHCCD.a(fat_common.o)
                0x20014bf8                _f_getclustervalue
 .text._f_close_drive_files
                0x20014f80       0xac C:/Users/USER/Documents/GitHub/Base-Aug-2019/GlobusSatProject/..//hal/hcc/lib\libHCCD.a(fat_common.o)
 .text._f_inc_mount_count
                0x2001502c       0xa4 C:/Users/USER/Documents/GitHub/Base-Aug-2019/GlobusSatProject/..//hal/hcc/lib\libHCCD.a(fat_common.o)
 .text._f_getvolume
                0x200150d0      0x2f8 C:/Users/USER/Documents/GitHub/Base-Aug-2019/GlobusSatProject/..//hal/hcc/lib\libHCCD.a(fat_common.o)
                0x200150d0                _f_getvolume
 .text.fn_createdriver
                0x200153c8      0x118 C:/Users/USER/Documents/GitHub/Base-Aug-2019/GlobusSatProject/..//hal/hcc/lib\libHCCD.a(fat_common.o)
                0x200153c8                fn_createdriver
 .text.fn_initvolume
                0x200154e0      0x12c C:/Users/USER/Documents/GitHub/Base-Aug-2019/GlobusSatProject/..//hal/hcc/lib\libHCCD.a(fat_common.o)
                0x200154e0                fn_initvolume
 .text.fn_releasedriver
                0x2001560c       0xf4 C:/Users/USER/Documents/GitHub/Base-Aug-2019/GlobusSatProject/..//hal/hcc/lib\libHCCD.a(fat_common.o)
                0x2001560c                fn_releasedriver
 .text.fn_initvolumepartition_sub
                0x20015700       0xe0 C:/Users/USER/Documents/GitHub/Base-Aug-2019/GlobusSatProject/..//hal/hcc/lib\libHCCD.a(fat_common.o)
 .text.fn_initvolumepartition
                0x200157e0       0xac C:/Users/USER/Documents/GitHub/Base-Aug-2019/GlobusSatProject/..//hal/hcc/lib\libHCCD.a(fat_common.o)
                0x200157e0                fn_initvolumepartition
 .text.fn_delvolume
                0x2001588c      0x194 C:/Users/USER/Documents/GitHub/Base-Aug-2019/GlobusSatProject/..//hal/hcc/lib\libHCCD.a(fat_common.o)
                0x2001588c                fn_delvolume
 .text._f_clustertopos
                0x20015a20       0xf8 C:/Users/USER/Documents/GitHub/Base-Aug-2019/GlobusSatProject/..//hal/hcc/lib\libHCCD.a(fat_common.o)
                0x20015a20                _f_clustertopos
 .text._f_getcurrsector
                0x20015b18      0x6c8 C:/Users/USER/Documents/GitHub/Base-Aug-2019/GlobusSatProject/..//hal/hcc/lib\libHCCD.a(fat_common.o)
                0x20015b18                _f_getcurrsector
 .text._f_getdecluster
                0x200161e0       0x90 C:/Users/USER/Documents/GitHub/Base-Aug-2019/GlobusSatProject/..//hal/hcc/lib\libHCCD.a(fat_common.o)
                0x200161e0                _f_getdecluster
 .text._f_setdecluster
                0x20016270       0x8c C:/Users/USER/Documents/GitHub/Base-Aug-2019/GlobusSatProject/..//hal/hcc/lib\libHCCD.a(fat_common.o)
                0x20016270                _f_setdecluster
 .text.fn_getdrive
                0x200162fc       0x30 C:/Users/USER/Documents/GitHub/Base-Aug-2019/GlobusSatProject/..//hal/hcc/lib\libHCCD.a(fat_common.o)
                0x200162fc                fn_getdrive
 .text._f_getcurrenttimedate
                0x2001632c      0x138 C:/Users/USER/Documents/GitHub/Base-Aug-2019/GlobusSatProject/..//hal/hcc/lib\libHCCD.a(fat_common.o)
                0x2001632c                _f_getcurrenttimedate
 .text._f_initentry
                0x20016464       0xa0 C:/Users/USER/Documents/GitHub/Base-Aug-2019/GlobusSatProject/..//hal/hcc/lib\libHCCD.a(fat_common.o)
                0x20016464                _f_initentry
 .text._f_alloccluster
                0x20016504      0x344 C:/Users/USER/Documents/GitHub/Base-Aug-2019/GlobusSatProject/..//hal/hcc/lib\libHCCD.a(fat_common.o)
                0x20016504                _f_alloccluster
 .text._f_dobadblock
                0x20016848      0x2cc C:/Users/USER/Documents/GitHub/Base-Aug-2019/GlobusSatProject/..//hal/hcc/lib\libHCCD.a(fat_common.o)
                0x20016848                _f_dobadblock
 .text._f_checklocked
                0x20016b14       0xe4 C:/Users/USER/Documents/GitHub/Base-Aug-2019/GlobusSatProject/..//hal/hcc/lib\libHCCD.a(fat_common.o)
                0x20016b14                _f_checklocked
 .text._f_checkappendlocked
                0x20016bf8      0x110 C:/Users/USER/Documents/GitHub/Base-Aug-2019/GlobusSatProject/..//hal/hcc/lib\libHCCD.a(fat_common.o)
                0x20016bf8                _f_checkappendlocked
 .text._f_setsyncafile
                0x20016d08      0x114 C:/Users/USER/Documents/GitHub/Base-Aug-2019/GlobusSatProject/..//hal/hcc/lib\libHCCD.a(fat_common.o)
                0x20016d08                _f_setsyncafile
 .text._f_syncfiles
                0x20016e1c      0x128 C:/Users/USER/Documents/GitHub/Base-Aug-2019/GlobusSatProject/..//hal/hcc/lib\libHCCD.a(fat_common.o)
                0x20016e1c                _f_syncfiles
 .text._f_syncfilescontent
                0x20016f44      0x15c C:/Users/USER/Documents/GitHub/Base-Aug-2019/GlobusSatProject/..//hal/hcc/lib\libHCCD.a(fat_common.o)
 .text.fn_getfreespace
                0x200170a0      0x4c0 C:/Users/USER/Documents/GitHub/Base-Aug-2019/GlobusSatProject/..//hal/hcc/lib\libHCCD.a(fat_common.o)
                0x200170a0                fn_getfreespace
 .text._f_emptywritecache
                0x20017560      0x4a4 C:/Users/USER/Documents/GitHub/Base-Aug-2019/GlobusSatProject/..//hal/hcc/lib\libHCCD.a(fat_common.o)
 .text._f_allocnextcluster
                0x20017a04      0x54c C:/Users/USER/Documents/GitHub/Base-Aug-2019/GlobusSatProject/..//hal/hcc/lib\libHCCD.a(fat_common.o)
 .text._f_emptywritebuffer
                0x20017f50      0x20c C:/Users/USER/Documents/GitHub/Base-Aug-2019/GlobusSatProject/..//hal/hcc/lib\libHCCD.a(fat_common.o)
 .text._f_writezeros
                0x2001815c       0xf0 C:/Users/USER/Documents/GitHub/Base-Aug-2019/GlobusSatProject/..//hal/hcc/lib\libHCCD.a(fat_common.o)
                0x2001815c                _f_writezeros
 .text._f_extend_file
                0x2001824c      0x570 C:/Users/USER/Documents/GitHub/Base-Aug-2019/GlobusSatProject/..//hal/hcc/lib\libHCCD.a(fat_common.o)
 .text._f_fseek
                0x200187bc      0x9bc C:/Users/USER/Documents/GitHub/Base-Aug-2019/GlobusSatProject/..//hal/hcc/lib\libHCCD.a(fat_common.o)
                0x200187bc                _f_fseek
 .text._f_removechain
                0x20019178      0x104 C:/Users/USER/Documents/GitHub/Base-Aug-2019/GlobusSatProject/..//hal/hcc/lib\libHCCD.a(fat_common.o)
                0x20019178                _f_removechain
 .text._f_updatefileentry
                0x2001927c      0x1cc C:/Users/USER/Documents/GitHub/Base-Aug-2019/GlobusSatProject/..//hal/hcc/lib\libHCCD.a(fat_common.o)
 .text._f_checkreadlocked
                0x20019448      0x1bc C:/Users/USER/Documents/GitHub/Base-Aug-2019/GlobusSatProject/..//hal/hcc/lib\libHCCD.a(fat_common.o)
                0x20019448                _f_checkreadlocked
 .text._f_check_handle
                0x20019604       0x98 C:/Users/USER/Documents/GitHub/Base-Aug-2019/GlobusSatProject/..//hal/hcc/lib\libHCCD.a(fat_common.o)
                0x20019604                _f_check_handle
 .text._f_removesyncafile
                0x2001969c      0x1ec C:/Users/USER/Documents/GitHub/Base-Aug-2019/GlobusSatProject/..//hal/hcc/lib\libHCCD.a(fat_common.o)
 .text.fn_close
                0x20019888      0x3f8 C:/Users/USER/Documents/GitHub/Base-Aug-2019/GlobusSatProject/..//hal/hcc/lib\libHCCD.a(fat_common.o)
                0x20019888                fn_close
 .text.fn_flush
                0x20019c80      0x374 C:/Users/USER/Documents/GitHub/Base-Aug-2019/GlobusSatProject/..//hal/hcc/lib\libHCCD.a(fat_common.o)
                0x20019c80                fn_flush
 .text._f_abortwrite
                0x20019ff4      0x100 C:/Users/USER/Documents/GitHub/Base-Aug-2019/GlobusSatProject/..//hal/hcc/lib\libHCCD.a(fat_common.o)
 .text._f_checkwritecluster
                0x2001a0f4       0xe4 C:/Users/USER/Documents/GitHub/Base-Aug-2019/GlobusSatProject/..//hal/hcc/lib\libHCCD.a(fat_common.o)
 .text.fn_write
                0x2001a1d8      0x8a8 C:/Users/USER/Documents/GitHub/Base-Aug-2019/GlobusSatProject/..//hal/hcc/lib\libHCCD.a(fat_common.o)
                0x2001a1d8                fn_write
 .text.f_enterFS
                0x2001aa80      0x1c0 C:/Users/USER/Documents/GitHub/Base-Aug-2019/GlobusSatProject/..//hal/hcc/lib\libHCCD.a(fat_common.o)
                0x2001aa80                f_enterFS
 .text.f_releaseFS
                0x2001ac40       0xb0 C:/Users/USER/Documents/GitHub/Base-Aug-2019/GlobusSatProject/..//hal/hcc/lib\libHCCD.a(fat_common.o)
                0x2001ac40                f_releaseFS
 .text.fnGetTask
                0x2001acf0       0xfc C:/Users/USER/Documents/GitHub/Base-Aug-2019/GlobusSatProject/..//hal/hcc/lib\libHCCD.a(fat_common.o)
                0x2001acf0                fnGetTask
 .text._f_mutex_get
                0x2001adec       0x98 C:/Users/USER/Documents/GitHub/Base-Aug-2019/GlobusSatProject/..//hal/hcc/lib\libHCCD.a(fat_common.o)
                0x2001adec                _f_mutex_get
 .text._f_mutex_put
                0x2001ae84       0x54 C:/Users/USER/Documents/GitHub/Base-Aug-2019/GlobusSatProject/..//hal/hcc/lib\libHCCD.a(fat_common.o)
                0x2001ae84                _f_mutex_put
 .text._fn_initseekdivisor
                0x2001aed8      0x158 C:/Users/USER/Documents/GitHub/Base-Aug-2019/GlobusSatProject/..//hal/hcc/lib\libHCCD.a(fat_common.o)
                0x2001aed8                _fn_initseekdivisor
 .text._fn_updateseekpos
                0x2001b030       0xc4 C:/Users/USER/Documents/GitHub/Base-Aug-2019/GlobusSatProject/..//hal/hcc/lib\libHCCD.a(fat_common.o)
 .text._f_findopensize
                0x2001b0f4       0x2c C:/Users/USER/Documents/GitHub/Base-Aug-2019/GlobusSatProject/..//hal/hcc/lib\libHCCD.a(fat_common.o)
                0x2001b0f4                _f_findopensize
 .text.fn_setlasterror
                0x2001b120       0x34 C:/Users/USER/Documents/GitHub/Base-Aug-2019/GlobusSatProject/..//hal/hcc/lib\libHCCD.a(fat_common.o)
                0x2001b120                fn_setlasterror
 .text.fn_setlasterror_noret
                0x2001b154       0x2c C:/Users/USER/Documents/GitHub/Base-Aug-2019/GlobusSatProject/..//hal/hcc/lib\libHCCD.a(fat_common.o)
                0x2001b154                fn_setlasterror_noret
 .text.fm_initvolume
                0x2001b180       0x70 C:/Users/USER/Documents/GitHub/Base-Aug-2019/GlobusSatProject/..//hal/hcc/lib\libHCCD.a(fat_m.o)
                0x2001b180                fm_initvolume
 .text.fm_delvolume
                0x2001b1f0       0x60 C:/Users/USER/Documents/GitHub/Base-Aug-2019/GlobusSatProject/..//hal/hcc/lib\libHCCD.a(fat_m.o)
                0x2001b1f0                fm_delvolume
 .text.fm_getdrive
                0x2001b250       0x70 C:/Users/USER/Documents/GitHub/Base-Aug-2019/GlobusSatProject/..//hal/hcc/lib\libHCCD.a(fat_m.o)
                0x2001b250                fm_getdrive
 .text.fm_getfreespace
                0x2001b2c0       0x68 C:/Users/USER/Documents/GitHub/Base-Aug-2019/GlobusSatProject/..//hal/hcc/lib\libHCCD.a(fat_m.o)
                0x2001b2c0                fm_getfreespace
 .text.fm_findfirst
                0x2001b328       0x68 C:/Users/USER/Documents/GitHub/Base-Aug-2019/GlobusSatProject/..//hal/hcc/lib\libHCCD.a(fat_m.o)
                0x2001b328                fm_findfirst
 .text.fm_findnext
                0x2001b390       0x60 C:/Users/USER/Documents/GitHub/Base-Aug-2019/GlobusSatProject/..//hal/hcc/lib\libHCCD.a(fat_m.o)
                0x2001b390                fm_findnext
 .text.fm_close
                0x2001b3f0       0x60 C:/Users/USER/Documents/GitHub/Base-Aug-2019/GlobusSatProject/..//hal/hcc/lib\libHCCD.a(fat_m.o)
                0x2001b3f0                fm_close
 .text.fm_flush
                0x2001b450       0x60 C:/Users/USER/Documents/GitHub/Base-Aug-2019/GlobusSatProject/..//hal/hcc/lib\libHCCD.a(fat_m.o)
                0x2001b450                fm_flush
 .text.fm_open  0x2001b4b0       0x68 C:/Users/USER/Documents/GitHub/Base-Aug-2019/GlobusSatProject/..//hal/hcc/lib\libHCCD.a(fat_m.o)
                0x2001b4b0                fm_open
 .text.fm_write
                0x2001b518       0x7c C:/Users/USER/Documents/GitHub/Base-Aug-2019/GlobusSatProject/..//hal/hcc/lib\libHCCD.a(fat_m.o)
                0x2001b518                fm_write
 .text.fm_delete
                0x2001b594       0x64 C:/Users/USER/Documents/GitHub/Base-Aug-2019/GlobusSatProject/..//hal/hcc/lib\libHCCD.a(fat_m.o)
                0x2001b594                fm_delete
 .text._s_checkzeroclusteratend
                0x2001b5f8       0xf8 C:/Users/USER/Documents/GitHub/Base-Aug-2019/GlobusSatProject/..//hal/hcc/lib\libHCCD.a(safefat.o)
 .text._s_clearclustercontent
                0x2001b6f0      0x108 C:/Users/USER/Documents/GitHub/Base-Aug-2019/GlobusSatProject/..//hal/hcc/lib\libHCCD.a(safefat.o)
 .text._s_clearclustercontentdir
                0x2001b7f8      0x19c C:/Users/USER/Documents/GitHub/Base-Aug-2019/GlobusSatProject/..//hal/hcc/lib\libHCCD.a(safefat.o)
 .text._s_writedirsector
                0x2001b994       0xd0 C:/Users/USER/Documents/GitHub/Base-Aug-2019/GlobusSatProject/..//hal/hcc/lib\libHCCD.a(safefat.o)
 .text._s_getdirsector
                0x2001ba64      0x100 C:/Users/USER/Documents/GitHub/Base-Aug-2019/GlobusSatProject/..//hal/hcc/lib\libHCCD.a(safefat.o)
 .text._s_addentry
                0x2001bb64      0x394 C:/Users/USER/Documents/GitHub/Base-Aug-2019/GlobusSatProject/..//hal/hcc/lib\libHCCD.a(safefat.o)
 .text._s_findfile
                0x2001bef8      0x33c C:/Users/USER/Documents/GitHub/Base-Aug-2019/GlobusSatProject/..//hal/hcc/lib\libHCCD.a(safefat.o)
 .text._s_findsubdir
                0x2001c234      0x248 C:/Users/USER/Documents/GitHub/Base-Aug-2019/GlobusSatProject/..//hal/hcc/lib\libHCCD.a(safefat.o)
 .text._s_createfile
                0x2001c47c      0x190 C:/Users/USER/Documents/GitHub/Base-Aug-2019/GlobusSatProject/..//hal/hcc/lib\libHCCD.a(safefat.o)
 .text._s_findsaffile
                0x2001c60c      0x1b8 C:/Users/USER/Documents/GitHub/Base-Aug-2019/GlobusSatProject/..//hal/hcc/lib\libHCCD.a(safefat.o)
 .text._s_open  0x2001c7c4       0xe4 C:/Users/USER/Documents/GitHub/Base-Aug-2019/GlobusSatProject/..//hal/hcc/lib\libHCCD.a(safefat.o)
 .text._s_open_saf
                0x2001c8a8       0xe8 C:/Users/USER/Documents/GitHub/Base-Aug-2019/GlobusSatProject/..//hal/hcc/lib\libHCCD.a(safefat.o)
 .text._s_flush
                0x2001c990       0x84 C:/Users/USER/Documents/GitHub/Base-Aug-2019/GlobusSatProject/..//hal/hcc/lib\libHCCD.a(safefat.o)
 .text._s_allocnextcluster
                0x2001ca14      0x13c C:/Users/USER/Documents/GitHub/Base-Aug-2019/GlobusSatProject/..//hal/hcc/lib\libHCCD.a(safefat.o)
 .text._s_getnextsector
                0x2001cb50       0xdc C:/Users/USER/Documents/GitHub/Base-Aug-2019/GlobusSatProject/..//hal/hcc/lib\libHCCD.a(safefat.o)
 .text._s_seek  0x2001cc2c      0x1e8 C:/Users/USER/Documents/GitHub/Base-Aug-2019/GlobusSatProject/..//hal/hcc/lib\libHCCD.a(safefat.o)
 .text._s_get_len
                0x2001ce14      0x10c C:/Users/USER/Documents/GitHub/Base-Aug-2019/GlobusSatProject/..//hal/hcc/lib\libHCCD.a(safefat.o)
 .text._s_set_len
                0x2001cf20       0xb4 C:/Users/USER/Documents/GitHub/Base-Aug-2019/GlobusSatProject/..//hal/hcc/lib\libHCCD.a(safefat.o)
 .text.safe_fix_filelengths
                0x2001cfd4       0xcc C:/Users/USER/Documents/GitHub/Base-Aug-2019/GlobusSatProject/..//hal/hcc/lib\libHCCD.a(safefat.o)
                0x2001cfd4                safe_fix_filelengths
 .text._s_read  0x2001d0a0      0x228 C:/Users/USER/Documents/GitHub/Base-Aug-2019/GlobusSatProject/..//hal/hcc/lib\libHCCD.a(safefat.o)
 .text._s_write
                0x2001d2c8      0x384 C:/Users/USER/Documents/GitHub/Base-Aug-2019/GlobusSatProject/..//hal/hcc/lib\libHCCD.a(safefat.o)
 .text._s_restoreclusters
                0x2001d64c      0x270 C:/Users/USER/Documents/GitHub/Base-Aug-2019/GlobusSatProject/..//hal/hcc/lib\libHCCD.a(safefat.o)
                0x2001d64c                _s_restoreclusters
 .text._s_findrestore
                0x2001d8bc      0x18c C:/Users/USER/Documents/GitHub/Base-Aug-2019/GlobusSatProject/..//hal/hcc/lib\libHCCD.a(safefat.o)
 .text._s_cmd_writede
                0x2001da48       0xd8 C:/Users/USER/Documents/GitHub/Base-Aug-2019/GlobusSatProject/..//hal/hcc/lib\libHCCD.a(safefat.o)
 .text._s_cmd_setcluster
                0x2001db20       0x88 C:/Users/USER/Documents/GitHub/Base-Aug-2019/GlobusSatProject/..//hal/hcc/lib\libHCCD.a(safefat.o)
 .text._s_cmd_deletechain
                0x2001dba8      0x100 C:/Users/USER/Documents/GitHub/Base-Aug-2019/GlobusSatProject/..//hal/hcc/lib\libHCCD.a(safefat.o)
 .text._s_cmd_validatecfn
                0x2001dca8      0x308 C:/Users/USER/Documents/GitHub/Base-Aug-2019/GlobusSatProject/..//hal/hcc/lib\libHCCD.a(safefat.o)
 .text._s_cmd_seteof
                0x2001dfb0      0x3c4 C:/Users/USER/Documents/GitHub/Base-Aug-2019/GlobusSatProject/..//hal/hcc/lib\libHCCD.a(safefat.o)
 .text.safe_docommands
                0x2001e374      0x56c C:/Users/USER/Documents/GitHub/Base-Aug-2019/GlobusSatProject/..//hal/hcc/lib\libHCCD.a(safefat.o)
                0x2001e374                safe_docommands
 .text.safe_entercommand
                0x2001e8e0       0x68 C:/Users/USER/Documents/GitHub/Base-Aug-2019/GlobusSatProject/..//hal/hcc/lib\libHCCD.a(safefat.o)
                0x2001e8e0                safe_entercommand
 .text.safe_ready
                0x2001e948       0xf4 C:/Users/USER/Documents/GitHub/Base-Aug-2019/GlobusSatProject/..//hal/hcc/lib\libHCCD.a(safefat.o)
                0x2001e948                safe_ready
 .text.safe_copycfn
                0x2001ea3c       0xb8 C:/Users/USER/Documents/GitHub/Base-Aug-2019/GlobusSatProject/..//hal/hcc/lib\libHCCD.a(safefat.o)
                0x2001ea3c                safe_copycfn
 .text.safe_cfremove
                0x2001eaf4       0xb8 C:/Users/USER/Documents/GitHub/Base-Aug-2019/GlobusSatProject/..//hal/hcc/lib\libHCCD.a(safefat.o)
                0x2001eaf4                safe_cfremove
 .text.safe_writede
                0x2001ebac      0x104 C:/Users/USER/Documents/GitHub/Base-Aug-2019/GlobusSatProject/..//hal/hcc/lib\libHCCD.a(safefat.o)
                0x2001ebac                safe_writede
 .text.safe_setcluster
                0x2001ecb0       0xcc C:/Users/USER/Documents/GitHub/Base-Aug-2019/GlobusSatProject/..//hal/hcc/lib\libHCCD.a(safefat.o)
                0x2001ecb0                safe_setcluster
 .text.safe_deletechain
                0x2001ed7c      0x1c8 C:/Users/USER/Documents/GitHub/Base-Aug-2019/GlobusSatProject/..//hal/hcc/lib\libHCCD.a(safefat.o)
                0x2001ed7c                safe_deletechain
 .text.safe_cfclose
                0x2001ef44      0x104 C:/Users/USER/Documents/GitHub/Base-Aug-2019/GlobusSatProject/..//hal/hcc/lib\libHCCD.a(safefat.o)
                0x2001ef44                safe_cfclose
 .text.safe_cfflush
                0x2001f048      0x124 C:/Users/USER/Documents/GitHub/Base-Aug-2019/GlobusSatProject/..//hal/hcc/lib\libHCCD.a(safefat.o)
                0x2001f048                safe_cfflush
 .text.safe_reset
                0x2001f16c       0x78 C:/Users/USER/Documents/GitHub/Base-Aug-2019/GlobusSatProject/..//hal/hcc/lib\libHCCD.a(safefat.o)
                0x2001f16c                safe_reset
 .text.safe_loadcommands
                0x2001f1e4       0x78 C:/Users/USER/Documents/GitHub/Base-Aug-2019/GlobusSatProject/..//hal/hcc/lib\libHCCD.a(safefat.o)
                0x2001f1e4                safe_loadcommands
 .text.safe_poweron
                0x2001f25c      0x1fc C:/Users/USER/Documents/GitHub/Base-Aug-2019/GlobusSatProject/..//hal/hcc/lib\libHCCD.a(safefat.o)
                0x2001f25c                safe_poweron
 .text.cf_getname
                0x2001f458       0xc0 C:/Users/USER/Documents/GitHub/Base-Aug-2019/GlobusSatProject/..//hal/hcc/lib\libHCCD.a(safefat.o)
 .text.cf_copyclusterchain
                0x2001f518      0x138 C:/Users/USER/Documents/GitHub/Base-Aug-2019/GlobusSatProject/..//hal/hcc/lib\libHCCD.a(safefat.o)
 .text.cf_seektozero
                0x2001f650       0x94 C:/Users/USER/Documents/GitHub/Base-Aug-2019/GlobusSatProject/..//hal/hcc/lib\libHCCD.a(safefat.o)
                0x2001f650                cf_seektozero
 .text.cf_create
                0x2001f6e4      0x3a8 C:/Users/USER/Documents/GitHub/Base-Aug-2019/GlobusSatProject/..//hal/hcc/lib\libHCCD.a(safefat.o)
                0x2001f6e4                cf_create
 .text.cf_copyclustercontent
                0x2001fa8c      0x128 C:/Users/USER/Documents/GitHub/Base-Aug-2019/GlobusSatProject/..//hal/hcc/lib\libHCCD.a(safefat.o)
                0x2001fa8c                cf_copyclustercontent
 .text.cf_copycfn
                0x2001fbb4      0x4bc C:/Users/USER/Documents/GitHub/Base-Aug-2019/GlobusSatProject/..//hal/hcc/lib\libHCCD.a(safefat.o)
                0x2001fbb4                cf_copycfn
 .text.cf_remove
                0x20020070      0x344 C:/Users/USER/Documents/GitHub/Base-Aug-2019/GlobusSatProject/..//hal/hcc/lib\libHCCD.a(safefat.o)
                0x20020070                cf_remove
 .text.cf_setclusternew
                0x200203b4       0xf0 C:/Users/USER/Documents/GitHub/Base-Aug-2019/GlobusSatProject/..//hal/hcc/lib\libHCCD.a(safefat.o)
                0x200203b4                cf_setclusternew
 .text.cf_flush
                0x200204a4       0x58 C:/Users/USER/Documents/GitHub/Base-Aug-2019/GlobusSatProject/..//hal/hcc/lib\libHCCD.a(safefat.o)
                0x200204a4                cf_flush
 .text.cf_getcluster
                0x200204fc      0x1b4 C:/Users/USER/Documents/GitHub/Base-Aug-2019/GlobusSatProject/..//hal/hcc/lib\libHCCD.a(safefat.o)
                0x200204fc                cf_getcluster
 .text.cf_setnextcluster
                0x200206b0      0x194 C:/Users/USER/Documents/GitHub/Base-Aug-2019/GlobusSatProject/..//hal/hcc/lib\libHCCD.a(safefat.o)
                0x200206b0                cf_setnextcluster
 .text.cf_getpositions
                0x20020844       0xbc C:/Users/USER/Documents/GitHub/Base-Aug-2019/GlobusSatProject/..//hal/hcc/lib\libHCCD.a(safefat.o)
                0x20020844                cf_getpositions
 .text.cf_setpositions
                0x20020900       0xb0 C:/Users/USER/Documents/GitHub/Base-Aug-2019/GlobusSatProject/..//hal/hcc/lib\libHCCD.a(safefat.o)
                0x20020900                cf_setpositions
 .text.cf_opensyncafile
                0x200209b0      0x150 C:/Users/USER/Documents/GitHub/Base-Aug-2019/GlobusSatProject/..//hal/hcc/lib\libHCCD.a(safefat.o)
                0x200209b0                cf_opensyncafile
 .text.cf_reloadcfo
                0x20020b00       0xd8 C:/Users/USER/Documents/GitHub/Base-Aug-2019/GlobusSatProject/..//hal/hcc/lib\libHCCD.a(safefat.o)
                0x20020b00                cf_reloadcfo
 .text.mcipdc_cmd
                0x20020bd8      0x22c C:/Users/USER/Documents/GitHub/Base-Aug-2019/GlobusSatProject/..//hal/hcc/lib\libHCCD.a(atmel_mcipdc.o)
 .text.mcipdc_stop
                0x20020e04       0xfc C:/Users/USER/Documents/GitHub/Base-Aug-2019/GlobusSatProject/..//hal/hcc/lib\libHCCD.a(atmel_mcipdc.o)
                0x20020e04                mcipdc_stop
 .text.mcipdc_read
                0x20020f00      0x27c C:/Users/USER/Documents/GitHub/Base-Aug-2019/GlobusSatProject/..//hal/hcc/lib\libHCCD.a(atmel_mcipdc.o)
 .text.mcipdc_write
                0x2002117c      0x298 C:/Users/USER/Documents/GitHub/Base-Aug-2019/GlobusSatProject/..//hal/hcc/lib\libHCCD.a(atmel_mcipdc.o)
 .text.mcipdc_readsector
                0x20021414       0x9c C:/Users/USER/Documents/GitHub/Base-Aug-2019/GlobusSatProject/..//hal/hcc/lib\libHCCD.a(atmel_mcipdc.o)
                0x20021414                mcipdc_readsector
 .text.mcipdc_readmultiplesector
                0x200214b0      0x124 C:/Users/USER/Documents/GitHub/Base-Aug-2019/GlobusSatProject/..//hal/hcc/lib\libHCCD.a(atmel_mcipdc.o)
                0x200214b0                mcipdc_readmultiplesector
 .text.mcipdc_writesector
                0x200215d4       0x90 C:/Users/USER/Documents/GitHub/Base-Aug-2019/GlobusSatProject/..//hal/hcc/lib\libHCCD.a(atmel_mcipdc.o)
                0x200215d4                mcipdc_writesector
 .text.mcipdc_writemultiplesector
                0x20021664      0x120 C:/Users/USER/Documents/GitHub/Base-Aug-2019/GlobusSatProject/..//hal/hcc/lib\libHCCD.a(atmel_mcipdc.o)
                0x20021664                mcipdc_writemultiplesector
 .text.mcipdc_set_speed
                0x20021784       0xb0 C:/Users/USER/Documents/GitHub/Base-Aug-2019/GlobusSatProject/..//hal/hcc/lib\libHCCD.a(atmel_mcipdc.o)
 .text.mcipdc_get_speed
                0x20021834       0x48 C:/Users/USER/Documents/GitHub/Base-Aug-2019/GlobusSatProject/..//hal/hcc/lib\libHCCD.a(atmel_mcipdc.o)
 .text._get_csd_bits
                0x2002187c      0x14c C:/Users/USER/Documents/GitHub/Base-Aug-2019/GlobusSatProject/..//hal/hcc/lib\libHCCD.a(atmel_mcipdc.o)
 .text.mcipdc_initcard
                0x200219c8      0x8f4 C:/Users/USER/Documents/GitHub/Base-Aug-2019/GlobusSatProject/..//hal/hcc/lib\libHCCD.a(atmel_mcipdc.o)
 .text.mcipdc_getstatus
                0x200222bc       0xe8 C:/Users/USER/Documents/GitHub/Base-Aug-2019/GlobusSatProject/..//hal/hcc/lib\libHCCD.a(atmel_mcipdc.o)
 .text.mcipdc_getphy
                0x200223a4       0x90 C:/Users/USER/Documents/GitHub/Base-Aug-2019/GlobusSatProject/..//hal/hcc/lib\libHCCD.a(atmel_mcipdc.o)
 .text.mcipdc_release
                0x20022434       0x50 C:/Users/USER/Documents/GitHub/Base-Aug-2019/GlobusSatProject/..//hal/hcc/lib\libHCCD.a(atmel_mcipdc.o)
 .text.atmel_mcipdc_initfunc
                0x20022484      0x160 C:/Users/USER/Documents/GitHub/Base-Aug-2019/GlobusSatProject/..//hal/hcc/lib\libHCCD.a(atmel_mcipdc.o)
                0x20022484                atmel_mcipdc_initfunc
 .text.oal_mutex_create
                0x200225e4       0x54 C:/Users/USER/Documents/GitHub/Base-Aug-2019/GlobusSatProject/..//hal/hcc/lib\libHCCD.a(oalp_mutex.o)
                0x200225e4                oal_mutex_create
 .text.oal_mutex_delete
                0x20022638       0x30 C:/Users/USER/Documents/GitHub/Base-Aug-2019/GlobusSatProject/..//hal/hcc/lib\libHCCD.a(oalp_mutex.o)
                0x20022638                oal_mutex_delete
 .text.oal_mutex_get
                0x20022668       0x58 C:/Users/USER/Documents/GitHub/Base-Aug-2019/GlobusSatProject/..//hal/hcc/lib\libHCCD.a(oalp_mutex.o)
                0x20022668                oal_mutex_get
 .text.oal_mutex_put
                0x200226c0       0x58 C:/Users/USER/Documents/GitHub/Base-Aug-2019/GlobusSatProject/..//hal/hcc/lib\libHCCD.a(oalp_mutex.o)
                0x200226c0                oal_mutex_put
 .text.oal_task_get_id
                0x20022718       0x18 C:/Users/USER/Documents/GitHub/Base-Aug-2019/GlobusSatProject/..//hal/hcc/lib\libHCCD.a(oalp_task.o)
                0x20022718                oal_task_get_id
 .text.mcipdc_hw_init
                0x20022730       0xe8 C:/Users/USER/Documents/GitHub/Base-Aug-2019/GlobusSatProject/..//hal/hcc/lib\libHCCD.a(atmel_mcipdc_hw.o)
                0x20022730                mcipdc_hw_init
 .text.mcipdc_hw_delete
                0x20022818       0x78 C:/Users/USER/Documents/GitHub/Base-Aug-2019/GlobusSatProject/..//hal/hcc/lib\libHCCD.a(atmel_mcipdc_hw.o)
                0x20022818                mcipdc_hw_delete
 .text.mcipdc_hw_card_plugged
                0x20022890       0x1c C:/Users/USER/Documents/GitHub/Base-Aug-2019/GlobusSatProject/..//hal/hcc/lib\libHCCD.a(atmel_mcipdc_hw.o)
                0x20022890                mcipdc_hw_card_plugged
 .text.mcipdc_hw_card_writeprotect
                0x200228ac       0x1c C:/Users/USER/Documents/GitHub/Base-Aug-2019/GlobusSatProject/..//hal/hcc/lib\libHCCD.a(atmel_mcipdc_hw.o)
                0x200228ac                mcipdc_hw_card_writeprotect
 .text.psp_getcurrenttimedate
                0x200228c8       0x8c C:/Users/USER/Documents/GitHub/Base-Aug-2019/GlobusSatProject/..//hal/hcc/lib\libHCCD.a(psp_rtc.o)
                0x200228c8                psp_getcurrenttimedate
 .text._hcc_get_buf_dsc
                0x20022954       0x8c C:/Users/USER/Documents/GitHub/Base-Aug-2019/GlobusSatProject/..//hal/hcc/lib\libHCCD.a(hcc_mem.o)
 .text._hcc_check_free_pages
                0x200229e0      0x18c C:/Users/USER/Documents/GitHub/Base-Aug-2019/GlobusSatProject/..//hal/hcc/lib\libHCCD.a(hcc_mem.o)
 .text._hcc_mark_pages
                0x20022b6c      0x158 C:/Users/USER/Documents/GitHub/Base-Aug-2019/GlobusSatProject/..//hal/hcc/lib\libHCCD.a(hcc_mem.o)
 .text._hcc_clear_lock_dsc
                0x20022cc4       0x80 C:/Users/USER/Documents/GitHub/Base-Aug-2019/GlobusSatProject/..//hal/hcc/lib\libHCCD.a(hcc_mem.o)
 .text._hcc_lock_access
                0x20022d44      0x128 C:/Users/USER/Documents/GitHub/Base-Aug-2019/GlobusSatProject/..//hal/hcc/lib\libHCCD.a(hcc_mem.o)
 .text._hcc_unlock_access
                0x20022e6c       0x30 C:/Users/USER/Documents/GitHub/Base-Aug-2019/GlobusSatProject/..//hal/hcc/lib\libHCCD.a(hcc_mem.o)
 .text.hcc_mem_alloc
                0x20022e9c      0x454 C:/Users/USER/Documents/GitHub/Base-Aug-2019/GlobusSatProject/..//hal/hcc/lib\libHCCD.a(hcc_mem.o)
                0x20022e9c                hcc_mem_alloc
 .text.hcc_mem_free
                0x200232f0      0x178 C:/Users/USER/Documents/GitHub/Base-Aug-2019/GlobusSatProject/..//hal/hcc/lib\libHCCD.a(hcc_mem.o)
                0x200232f0                hcc_mem_free
 .text.hcc_mem_add
                0x20023468      0x3b0 C:/Users/USER/Documents/GitHub/Base-Aug-2019/GlobusSatProject/..//hal/hcc/lib\libHCCD.a(hcc_mem.o)
                0x20023468                hcc_mem_add
 .text.hcc_mem_init
                0x20023818      0x164 C:/Users/USER/Documents/GitHub/Base-Aug-2019/GlobusSatProject/..//hal/hcc/lib\libHCCD.a(hcc_mem.o)
                0x20023818                hcc_mem_init
 .text.hcc_mem_delete
                0x2002397c       0x94 C:/Users/USER/Documents/GitHub/Base-Aug-2019/GlobusSatProject/..//hal/hcc/lib\libHCCD.a(hcc_mem.o)
                0x2002397c                hcc_mem_delete
 .text._f_invalidatedir
                0x20023a10       0x28 C:/Users/USER/Documents/GitHub/Base-Aug-2019/GlobusSatProject/..//hal/hcc/lib\libHCCD.a(fat.o)
                0x20023a10                _f_invalidatedir
 .text._f_getdirsector
                0x20023a38       0x88 C:/Users/USER/Documents/GitHub/Base-Aug-2019/GlobusSatProject/..//hal/hcc/lib\libHCCD.a(fat.o)
                0x20023a38                _f_getdirsector
 .text._f_writedirsector
                0x20023ac0       0x74 C:/Users/USER/Documents/GitHub/Base-Aug-2019/GlobusSatProject/..//hal/hcc/lib\libHCCD.a(fat.o)
                0x20023ac0                _f_writedirsector
 .text._f_checknameinv
                0x20023b34      0x180 C:/Users/USER/Documents/GitHub/Base-Aug-2019/GlobusSatProject/..//hal/hcc/lib\libHCCD.a(fat.o)
 .text._f_checkname
                0x20023cb4       0x7c C:/Users/USER/Documents/GitHub/Base-Aug-2019/GlobusSatProject/..//hal/hcc/lib\libHCCD.a(fat.o)