Archive member included because of file (symbol)

c:/isis/application/toolchain/bin/../lib/gcc/arm-none-eabi/4.7.4/../../../../arm-none-eabi/lib\libc_s.a(lib_a-vfprintf_float.o)
                              (_printf_float)
c:/isis/application/toolchain/bin/../lib/gcc/arm-none-eabi/4.7.4/../../../../arm-none-eabi/lib\libc_s.a(lib_a-vfprintf_i.o)
                              c:/isis/application/toolchain/bin/../lib/gcc/arm-none-eabi/4.7.4/../../../../arm-none-eabi/lib\libc_s.a(lib_a-vfprintf_float.o) (_printf_common)
c:/isis/application/toolchain/bin/../lib/gcc/arm-none-eabi/4.7.4/../../../../arm-none-eabi/lib\libc_s.a(lib_a-vfscanf_float.o)
                              (_scanf_float)
c:/isis/application/toolchain/bin/../lib/gcc/arm-none-eabi/4.7.4/../../../../arm-none-eabi/lib\libc_s.a(lib_a-dtoa.o)
                              c:/isis/application/toolchain/bin/../lib/gcc/arm-none-eabi/4.7.4/../../../../arm-none-eabi/lib\libc_s.a(lib_a-vfprintf_float.o) (_dtoa_r)
c:/isis/application/toolchain/bin/../lib/gcc/arm-none-eabi/4.7.4/../../../../arm-none-eabi/lib\libc_s.a(lib_a-locale.o)
                              c:/isis/application/toolchain/bin/../lib/gcc/arm-none-eabi/4.7.4/../../../../arm-none-eabi/lib\libc_s.a(lib_a-vfprintf_float.o) (_localeconv_r)
c:/isis/application/toolchain/bin/../lib/gcc/arm-none-eabi/4.7.4/../../../../arm-none-eabi/lib\libc_s.a(lib_a-malloc.o)
                              c:/isis/application/toolchain/bin/../lib/gcc/arm-none-eabi/4.7.4/../../../../arm-none-eabi/lib\libc_s.a(lib_a-dtoa.o) (malloc)
c:/isis/application/toolchain/bin/../lib/gcc/arm-none-eabi/4.7.4/../../../../arm-none-eabi/lib\libc_s.a(lib_a-mallocr.o)
                              c:/isis/application/toolchain/bin/../lib/gcc/arm-none-eabi/4.7.4/../../../../arm-none-eabi/lib\libc_s.a(lib_a-malloc.o) (_malloc_r)
c:/isis/application/toolchain/bin/../lib/gcc/arm-none-eabi/4.7.4/../../../../arm-none-eabi/lib\libc_s.a(lib_a-memcpy.o)
                              c:/isis/application/toolchain/bin/../lib/gcc/arm-none-eabi/4.7.4/../../../../arm-none-eabi/lib\libc_s.a(lib_a-dtoa.o) (memcpy)
c:/isis/application/toolchain/bin/../lib/gcc/arm-none-eabi/4.7.4/../../../../arm-none-eabi/lib\libc_s.a(lib_a-mprec.o)
                              c:/isis/application/toolchain/bin/../lib/gcc/arm-none-eabi/4.7.4/../../../../arm-none-eabi/lib\libc_s.a(lib_a-dtoa.o) (_Balloc)
c:/isis/application/toolchain/bin/../lib/gcc/arm-none-eabi/4.7.4/../../../../arm-none-eabi/lib\libc_s.a(lib_a-s_fpclassify.o)
                              c:/isis/application/toolchain/bin/../lib/gcc/arm-none-eabi/4.7.4/../../../../arm-none-eabi/lib\libc_s.a(lib_a-vfprintf_float.o) (__fpclassifyd)
c:/isis/application/toolchain/bin/../lib/gcc/arm-none-eabi/4.7.4/../../../../arm-none-eabi/lib\libc_s.a(lib_a-sbrkr.o)
                              c:/isis/application/toolchain/bin/../lib/gcc/arm-none-eabi/4.7.4/../../../../arm-none-eabi/lib\libc_s.a(lib_a-mallocr.o) (_sbrk_r)
c:/isis/application/toolchain/bin/../lib/gcc/arm-none-eabi/4.7.4/../../../../arm-none-eabi/lib\libc_s.a(lib_a-sf_nan.o)
                              c:/isis/application/toolchain/bin/../lib/gcc/arm-none-eabi/4.7.4/../../../../arm-none-eabi/lib\libc_s.a(lib_a-vfscanf_float.o) (nanf)
c:/isis/application/toolchain/bin/../lib/gcc/arm-none-eabi/4.7.4/../../../../arm-none-eabi/lib\libc_s.a(lib_a-sprintf.o)
                              c:/isis/application/toolchain/bin/../lib/gcc/arm-none-eabi/4.7.4/../../../../arm-none-eabi/lib\libc_s.a(lib_a-vfscanf_float.o) (sprintf)
c:/isis/application/toolchain/bin/../lib/gcc/arm-none-eabi/4.7.4/../../../../arm-none-eabi/lib\libc_s.a(lib_a-strcmp.o)
                              c:/isis/application/toolchain/bin/../lib/gcc/arm-none-eabi/4.7.4/../../../../arm-none-eabi/lib\libc_s.a(lib_a-locale.o) (strcmp)
c:/isis/application/toolchain/bin/../lib/gcc/arm-none-eabi/4.7.4/../../../../arm-none-eabi/lib\libc_s.a(lib_a-strlen.o)
                              c:/isis/application/toolchain/bin/../lib/gcc/arm-none-eabi/4.7.4/../../../../arm-none-eabi/lib\libc_s.a(lib_a-vfprintf_float.o) (strlen)
c:/isis/application/toolchain/bin/../lib/gcc/arm-none-eabi/4.7.4/../../../../arm-none-eabi/lib\libc_s.a(lib_a-strtod.o)
                              c:/isis/application/toolchain/bin/../lib/gcc/arm-none-eabi/4.7.4/../../../../arm-none-eabi/lib\libc_s.a(lib_a-vfscanf_float.o) (_strtod_r)
c:/isis/application/toolchain/bin/../lib/gcc/arm-none-eabi/4.7.4/../../../../arm-none-eabi/lib\libc_s.a(lib_a-strtol.o)
                              c:/isis/application/toolchain/bin/../lib/gcc/arm-none-eabi/4.7.4/../../../../arm-none-eabi/lib\libc_s.a(lib_a-vfscanf_float.o) (_strtol_r)
c:/isis/application/toolchain/bin/../lib/gcc/arm-none-eabi/4.7.4/../../../../arm-none-eabi/lib\libc_s.a(lib_a-svfprintf.o)
                              c:/isis/application/toolchain/bin/../lib/gcc/arm-none-eabi/4.7.4/../../../../arm-none-eabi/lib\libc_s.a(lib_a-sprintf.o) (_svfprintf_r)
[...]
Memory Configuration

Name             Origin             Length             Attributes
sram0            0x00200000         0x00004000         w !xr
sram1            0x00300000         0x00004000         w !xr
sdram            0x20000000         0x02000000         w !xr
*default*        0x00000000         0xffffffff

Linker script and memory map

LOAD c:/isis/application/toolchain/bin/../lib/gcc/arm-none-eabi/4.7.4/../../../../arm-none-eabi/lib\libc_s.a
LOAD ./src/TestingDemos/CommandsTestingDemo.o
LOAD ./src/TestingDemos/EpsTestingDemo.o
LOAD ./src/TestingDemos/FileSystemTestingDemo.o
LOAD ./src/TestingDemos/MainTest.o
LOAD ./src/TestingDemos/MaintenanceTestingDemo.o
LOAD ./src/TestingDemos/TelemetryTestingDemo.o
LOAD ./src/TestingDemos/TrxvuTestingDemo.o
LOAD ./src/SubSystemModules/PowerManagment/EPS.o
LOAD ./src/SubSystemModules/PowerManagment/EPSOperationModes.o
LOAD ./src/SubSystemModules/Maintenance/Maintenance.o
LOAD ./src/SubSystemModules/Housekepping/Dump.o
LOAD ./src/SubSystemModules/Housekepping/TelemetryCollector.o
LOAD ./src/SubSystemModules/Communication/SubsystemCommands/EPS_Commands.o
LOAD ./src/SubSystemModules/Communication/SubsystemCommands/FS_Commands.o
LOAD ./src/SubSystemModules/Communication/SubsystemCommands/Maintanence_Commands.o
LOAD ./src/SubSystemModules/Communication/SubsystemCommands/TRXVU_Commands.o
LOAD ./src/SubSystemModules/Communication/AckHandler.o
LOAD ./src/SubSystemModules/Communication/ActUponCommand.o
LOAD ./src/SubSystemModules/Communication/Beacon.o
LOAD ./src/SubSystemModules/Communication/CommandDictionary.o
LOAD ./src/SubSystemModules/Communication/SatCommandHandler.o
LOAD ./src/SubSystemModules/Communication/SatDataTx.o
LOAD ./src/SubSystemModules/Communication/TRXVU.o
LOAD ./src/InitSystem.o
LOAD ./src/TLM_management.o
LOAD ./src/main.o
LOAD C:/ISIS/workspace/GivatShmuel/Base-Aug-2019/GlobusSatProject/..//hal/hal/lib\libHALD.a
LOAD C:/ISIS/workspace/GivatShmuel/Base-Aug-2019/GlobusSatProject/..//hal/hcc/lib\libHCCD.a
LOAD C:/ISIS/workspace/GivatShmuel/Base-Aug-2019/GlobusSatProject/..//satellite-subsystems/satellite-subsystems/lib\libSatelliteSubsystemsD.a
LOAD C:/ISIS/workspace/GivatShmuel/Base-Aug-2019/GlobusSatProject/..//hal/freertos/lib\libFreeRTOSD.a
LOAD C:/ISIS/workspace/GivatShmuel/Base-Aug-2019/GlobusSatProject/..//hal/at91/lib\libAt91D.a
START GROUP
LOAD c:/isis/application/toolchain/bin/../lib/gcc/arm-none-eabi/4.7.4\libgcc.a
LOAD c:/isis/application/toolchain/bin/../lib/gcc/arm-none-eabi/4.7.4/../../../../arm-none-eabi/lib\libc_s.a
END GROUP

.fixed          0x20000000    0x3007c
                0x20000000                . = ALIGN (0x4)
                0x20000000                _sfixed = .
 *(.startup)
 .startup       0x20000000      0x134 C:/ISIS/workspace/GivatShmuel/Base-Aug-2019/GlobusSatProject/..//hal/at91/lib\libAt91D.a(board_cstartup.o)
                0x20000000                entry
 *(.text)
 .text          0x20000134       0x64 C:/ISIS/workspace/GivatShmuel/Base-Aug-2019/GlobusSatProject/..//hal/at91/lib\libAt91D.a(cp15_asm.o)
                0x20000134                _readControlRegister
                0x20000140                _writeControlRegister
                0x20000148                _waitForInterrupt
                0x20000154                _writeTTB
                0x2000015c                _writeDomain
                0x20000164                _writeITLBLockdown
                0x2000016c                _prefetchICacheLine
                0x20000174                _flushDCache
                0x20000180                _flushWriteBuffer
                0x2000018c                _invalidateIDTLBs
 .text          0x20000198      0x114 c:/isis/application/toolchain/bin/../lib/gcc/arm-none-eabi/4.7.4\libgcc.a(_udivsi3.o)
                0x20000198                __aeabi_uidiv
                0x20000198                __udivsi3
                0x2000028c                __aeabi_uidivmod
 .text          0x200002ac      0x148 c:/isis/application/toolchain/bin/../lib/gcc/arm-none-eabi/4.7.4\libgcc.a(_divsi3.o)
                0x200002ac                __divsi3
                0x200002ac                __aeabi_idiv
                0x200003d4                __aeabi_idivmod
 .text          0x200003f4        0x4 c:/isis/application/toolchain/bin/../lib/gcc/arm-none-eabi/4.7.4\libgcc.a(_dvmd_tls.o)
                0x200003f4                __aeabi_idiv0
                0x200003f4                __aeabi_ldiv0
 .text          0x200003f8      0x41c c:/isis/application/toolchain/bin/../lib/gcc/arm-none-eabi/4.7.4\libgcc.a(_arm_addsubdf3.o)
                0x200003f8                __aeabi_drsub
                0x20000400                __aeabi_dsub
                0x20000400                __subdf3
                0x20000404                __aeabi_dadd
                0x20000404                __adddf3
                0x20000714                __floatunsidf
                0x20000714                __aeabi_ui2d
                0x20000738                __floatsidf
                0x20000738                __aeabi_i2d
                0x20000760                __aeabi_f2d
                0x20000760                __extendsfdf2
                0x200007a0                __floatundidf
                0x200007a0                __aeabi_ul2d
                0x200007b4                __floatdidf
                0x200007b4                __aeabi_l2d
 .text          0x20000814      0x49c c:/isis/application/toolchain/bin/../lib/gcc/arm-none-eabi/4.7.4\libgcc.a(_arm_muldivdf3.o)
                0x20000814                __aeabi_dmul
                0x20000814                __muldf3
                0x20000aa4                __divdf3
                0x20000aa4                __aeabi_ddiv
 .text          0x20000cb0      0x144 c:/isis/application/toolchain/bin/../lib/gcc/arm-none-eabi/4.7.4\libgcc.a(_arm_cmpdf2.o)
                0x20000cb0                __gtdf2
                0x20000cb0                __gedf2
                0x20000cb8                __ltdf2
                0x20000cb8                __ledf2
                0x20000cc0                __nedf2
                0x20000cc0                __eqdf2
                0x20000cc0                __cmpdf2
                0x20000d48                __aeabi_cdrcmple
                0x20000d64                __aeabi_cdcmpeq
                0x20000d64                __aeabi_cdcmple
                0x20000d7c                __aeabi_dcmpeq
                0x20000d94                __aeabi_dcmplt
                0x20000dac                __aeabi_dcmple
                0x20000dc4                __aeabi_dcmpge
                0x20000ddc                __aeabi_dcmpgt
 .text          0x20000df4       0x5c c:/isis/application/toolchain/bin/../lib/gcc/arm-none-eabi/4.7.4\libgcc.a(_arm_fixdfsi.o)
                0x20000df4                __aeabi_d2iz
                0x20000df4                __fixdfsi
 .text          0x20000e50       0x54 c:/isis/application/toolchain/bin/../lib/gcc/arm-none-eabi/4.7.4\libgcc.a(_arm_fixunsdfsi.o)
                0x20000e50                __aeabi_d2uiz
                0x20000e50                __fixunsdfsi
 .text          0x20000ea4       0xa0 c:/isis/application/toolchain/bin/../lib/gcc/arm-none-eabi/4.7.4\libgcc.a(_arm_truncdfsf2.o)
                0x20000ea4                __truncdfsf2
                0x20000ea4                __aeabi_d2f
 .text          0x20000f44      0x2ac c:/isis/application/toolchain/bin/../lib/gcc/arm-none-eabi/4.7.4\libgcc.a(_arm_addsubsf3.o)
                0x20000f44                __aeabi_frsub
                0x20000f4c                __subsf3
                0x20000f4c                __aeabi_fsub
                0x20000f50                __aeabi_fadd
                0x20000f50                __addsf3
                0x2000110c                __aeabi_ui2f
                0x2000110c                __floatunsisf
                0x20001114                __aeabi_i2f
                0x20001114                __floatsisf
                0x20001134                __aeabi_ul2f
                0x20001134                __floatundisf
                0x20001144                __aeabi_l2f
                0x20001144                __floatdisf
 .text          0x200011f0      0x2f8 c:/isis/application/toolchain/bin/../lib/gcc/arm-none-eabi/4.7.4\libgcc.a(_arm_muldivsf3.o)
                0x200011f0                __mulsf3
                0x200011f0                __aeabi_fmul
                0x20001388                __aeabi_fdiv
                0x20001388                __divsf3
 .text          0x200014e8      0x114 c:/isis/application/toolchain/bin/../lib/gcc/arm-none-eabi/4.7.4\libgcc.a(_arm_cmpsf2.o)
                0x200014e8                __gesf2
                0x200014e8                __gtsf2
                0x200014f0                __lesf2
                0x200014f0                __ltsf2
                0x200014f8                __nesf2
                0x200014f8                __eqsf2
                0x200014f8                __cmpsf2
                0x2000155c                __aeabi_cfrcmple
                0x2000156c                __aeabi_cfcmpeq
                0x2000156c                __aeabi_cfcmple
                0x20001584                __aeabi_fcmpeq
                0x2000159c                __aeabi_fcmplt
                0x200015b4                __aeabi_fcmple
                0x200015cc                __aeabi_fcmpge
                0x200015e4                __aeabi_fcmpgt
 .text          0x200015fc       0x54 c:/isis/application/toolchain/bin/../lib/gcc/arm-none-eabi/4.7.4\libgcc.a(_arm_fixunssfsi.o)
                0x200015fc                __fixunssfsi
                0x200015fc                __aeabi_f2uiz
 *(.text*)
 .text.__cvt    0x20001650      0x138 c:/isis/application/toolchain/bin/../lib/gcc/arm-none-eabi/4.7.4/../../../../arm-none-eabi/lib\libc_s.a(lib_a-vfprintf_float.o)
                0x20001650                __cvt
 .text.__exponent
                0x20001788       0xa8 c:/isis/application/toolchain/bin/../lib/gcc/arm-none-eabi/4.7.4/../../../../arm-none-eabi/lib\libc_s.a(lib_a-vfprintf_float.o)
                0x20001788                __exponent
 .text._printf_float
                0x20001830      0x7dc c:/isis/application/toolchain/bin/../lib/gcc/arm-none-eabi/4.7.4/../../../../arm-none-eabi/lib\libc_s.a(lib_a-vfprintf_float.o)
                0x20001830                _printf_float
 .text._printf_common
                0x2000200c      0x174 c:/isis/application/toolchain/bin/../lib/gcc/arm-none-eabi/4.7.4/../../../../arm-none-eabi/lib\libc_s.a(lib_a-vfprintf_i.o)
                0x2000200c                _printf_common
 .text._printf_i
                0x20002180      0x3c4 c:/isis/application/toolchain/bin/../lib/gcc/arm-none-eabi/4.7.4/../../../../arm-none-eabi/lib\libc_s.a(lib_a-vfprintf_i.o)
                0x20002180                _printf_i
 .text._scanf_float
                0x20002544      0x5f4 c:/isis/application/toolchain/bin/../lib/gcc/arm-none-eabi/4.7.4/../../../../arm-none-eabi/lib\libc_s.a(lib_a-vfscanf_float.o)
                0x20002544                _scanf_float
 .text.quorem   0x20002b38      0x1ac c:/isis/application/toolchain/bin/../lib/gcc/arm-none-eabi/4.7.4/../../../../arm-none-eabi/lib\libc_s.a(lib_a-dtoa.o)
 .text._dtoa_r  0x20002ce4     0x1268 c:/isis/application/toolchain/bin/../lib/gcc/arm-none-eabi/4.7.4/../../../../arm-none-eabi/lib\libc_s.a(lib_a-dtoa.o)
                0x20002ce4                _dtoa_r
 .text._localeconv_r
                0x20003f4c        0xc c:/isis/application/toolchain/bin/../lib/gcc/arm-none-eabi/4.7.4/../../../../arm-none-eabi/lib\libc_s.a(lib_a-locale.o)
                0x20003f4c                _localeconv_r
 .text.malloc   0x20003f58       0x20 c:/isis/application/toolchain/bin/../lib/gcc/arm-none-eabi/4.7.4/../../../../arm-none-eabi/lib\libc_s.a(lib_a-malloc.o)
                0x20003f58                malloc
 .text.free     0x20003f78       0x20 c:/isis/application/toolchain/bin/../lib/gcc/arm-none-eabi/4.7.4/../../../../arm-none-eabi/lib\libc_s.a(lib_a-malloc.o)
                0x20003f78                free
 .text._malloc_r
                0x20003f98       0xfc c:/isis/application/toolchain/bin/../lib/gcc/arm-none-eabi/4.7.4/../../../../arm-none-eabi/lib\libc_s.a(lib_a-mallocr.o)
                0x20003f98                _malloc_r
 .text.memcpy   0x20004094       0x20 c:/isis/application/toolchain/bin/../lib/gcc/arm-none-eabi/4.7.4/../../../../arm-none-eabi/lib\libc_s.a(lib_a-memcpy.o)
                0x20004094                memcpy
 .text._Balloc  0x200040b4       0xcc c:/isis/application/toolchain/bin/../lib/gcc/arm-none-eabi/4.7.4/../../../../arm-none-eabi/lib\libc_s.a(lib_a-mprec.o)
                0x200040b4                _Balloc
 .text._Bfree   0x20004180       0x5c c:/isis/application/toolchain/bin/../lib/gcc/arm-none-eabi/4.7.4/../../../../arm-none-eabi/lib\libc_s.a(lib_a-mprec.o)
                0x20004180                _Bfree
 .text.__multadd
                0x200041dc       0xbc c:/isis/application/toolchain/bin/../lib/gcc/arm-none-eabi/4.7.4/../../../../arm-none-eabi/lib\libc_s.a(lib_a-mprec.o)
                0x200041dc                __multadd
 .text.__s2b    0x20004298       0xd8 c:/isis/application/toolchain/bin/../lib/gcc/arm-none-eabi/4.7.4/../../../../arm-none-eabi/lib\libc_s.a(lib_a-mprec.o)
                0x20004298                __s2b
 .text.__hi0bits
                0x20004370       0x58 c:/isis/application/toolchain/bin/../lib/gcc/arm-none-eabi/4.7.4/../../../../arm-none-eabi/lib\libc_s.a(lib_a-mprec.o)
                0x20004370                __hi0bits
 .text.__lo0bits
                0x200043c8       0x94 c:/isis/application/toolchain/bin/../lib/gcc/arm-none-eabi/4.7.4/../../../../arm-none-eabi/lib\libc_s.a(lib_a-mprec.o)
                0x200043c8                __lo0bits
 .text.__i2b    0x2000445c       0x24 c:/isis/application/toolchain/bin/../lib/gcc/arm-none-eabi/4.7.4/../../../../arm-none-eabi/lib\libc_s.a(lib_a-mprec.o)
                0x2000445c                __i2b
 .text.__multiply
                0x20004480      0x1ac c:/isis/application/toolchain/bin/../lib/gcc/arm-none-eabi/4.7.4/../../../../arm-none-eabi/lib\libc_s.a(lib_a-mprec.o)
                0x20004480                __multiply
 .text.__pow5mult
                0x2000462c      0x10c c:/isis/application/toolchain/bin/../lib/gcc/arm-none-eabi/4.7.4/../../../../arm-none-eabi/lib\libc_s.a(lib_a-mprec.o)
                0x2000462c                __pow5mult
 .text.__lshift
                0x20004738       0xf0 c:/isis/application/toolchain/bin/../lib/gcc/arm-none-eabi/4.7.4/../../../../arm-none-eabi/lib\libc_s.a(lib_a-mprec.o)
                0x20004738                __lshift
 .text.__mcmp   0x20004828       0x60 c:/isis/application/toolchain/bin/../lib/gcc/arm-none-eabi/4.7.4/../../../../arm-none-eabi/lib\libc_s.a(lib_a-mprec.o)
                0x20004828                __mcmp
 .text.__mdiff  0x20004888      0x128 c:/isis/application/toolchain/bin/../lib/gcc/arm-none-eabi/4.7.4/../../../../arm-none-eabi/lib\libc_s.a(lib_a-mprec.o)
                0x20004888                __mdiff
 .text.__ulp    0x200049b0       0x5c c:/isis/application/toolchain/bin/../lib/gcc/arm-none-eabi/4.7.4/../../../../arm-none-eabi/lib\libc_s.a(lib_a-mprec.o)
                0x200049b0                __ulp
 .text.__b2d    0x20004a0c       0xc8 c:/isis/application/toolchain/bin/../lib/gcc/arm-none-eabi/4.7.4/../../../../arm-none-eabi/lib\libc_s.a(lib_a-mprec.o)
                0x20004a0c                __b2d
 .text.__d2b    0x20004ad4       0xfc c:/isis/application/toolchain/bin/../lib/gcc/arm-none-eabi/4.7.4/../../../../arm-none-eabi/lib\libc_s.a(lib_a-mprec.o)
                0x20004ad4                __d2b
 .text.__ratio  0x20004bd0       0x70 c:/isis/application/toolchain/bin/../lib/gcc/arm-none-eabi/4.7.4/../../../../arm-none-eabi/lib\libc_s.a(lib_a-mprec.o)
                0x20004bd0                __ratio
 .text.__copybits
                0x20004c40       0x4c c:/isis/application/toolchain/bin/../lib/gcc/arm-none-eabi/4.7.4/../../../../arm-none-eabi/lib\libc_s.a(lib_a-mprec.o)
                0x20004c40                __copybits
 .text.__any_on
                0x20004c8c       0x7c c:/isis/application/toolchain/bin/../lib/gcc/arm-none-eabi/4.7.4/../../../../arm-none-eabi/lib\libc_s.a(lib_a-mprec.o)
                0x20004c8c                __any_on
 .text.__fpclassifyd
                0x20004d08       0x6c c:/isis/application/toolchain/bin/../lib/gcc/arm-none-eabi/4.7.4/../../../../arm-none-eabi/lib\libc_s.a(lib_a-s_fpclassify.o)
                0x20004d08                __fpclassifyd
 .text._sbrk_r  0x20004d74       0x3c c:/isis/application/toolchain/bin/../lib/gcc/arm-none-eabi/4.7.4/../../../../arm-none-eabi/lib\libc_s.a(lib_a-sbrkr.o)
                0x20004d74                _sbrk_r
 .text.nanf     0x20004db0        0xc c:/isis/application/toolchain/bin/../lib/gcc/arm-none-eabi/4.7.4/../../../../arm-none-eabi/lib\libc_s.a(lib_a-sf_nan.o)
                0x20004db0                nanf
 .text.sprintf  0x20004dbc       0x6c c:/isis/application/toolchain/bin/../lib/gcc/arm-none-eabi/4.7.4/../../../../arm-none-eabi/lib\libc_s.a(lib_a-sprintf.o)
                0x20004dbc                siprintf
                0x20004dbc                sprintf
 .text.strcmp   0x20004e28       0x1c c:/isis/application/toolchain/bin/../lib/gcc/arm-none-eabi/4.7.4/../../../../arm-none-eabi/lib\libc_s.a(lib_a-strcmp.o)
                0x20004e28                strcmp
 .text.strlen   0x20004e44       0x1c c:/isis/application/toolchain/bin/../lib/gcc/arm-none-eabi/4.7.4/../../../../arm-none-eabi/lib\libc_s.a(lib_a-strlen.o)
                0x20004e44                strlen
 .text.match    0x20004e60       0x54 c:/isis/application/toolchain/bin/../lib/gcc/arm-none-eabi/4.7.4/../../../../arm-none-eabi/lib\libc_s.a(lib_a-strtod.o)
 .text._strtod_r
                0x20004eb4     0x1168 c:/isis/application/toolchain/bin/../lib/gcc/arm-none-eabi/4.7.4/../../../../arm-none-eabi/lib\libc_s.a(lib_a-strtod.o)
                0x20004eb4                _strtod_r
 .text._strtol_r
                0x2000601c      0x1b8 c:/isis/application/toolchain/bin/../lib/gcc/arm-none-eabi/4.7.4/../../../../arm-none-eabi/lib\libc_s.a(lib_a-strtol.o)
                0x2000601c                _strtol_r
 .text.__ssputc_r
                0x200061d4      0x10c c:/isis/application/toolchain/bin/../lib/gcc/arm-none-eabi/4.7.4/../../../../arm-none-eabi/lib\libc_s.a(lib_a-svfprintf.o)
                0x200061d4                __ssputc_r
 .text._svfprintf_r
                0x200062e0      0x328 c:/isis/application/toolchain/bin/../lib/gcc/arm-none-eabi/4.7.4/../../../../arm-none-eabi/lib\libc_s.a(lib_a-svfprintf.o)
                0x200062e0                _svfiprintf_r
                0x200062e0                _svfprintf_r
 .text._calloc_r
                0x20006608       0x2c c:/isis/application/toolchain/bin/../lib/gcc/arm-none-eabi/4.7.4/../../../../arm-none-eabi/lib\libc_s.a(lib_a-callocr.o)
                0x20006608                _calloc_r
 .text._free_r  0x20006634      0x108 c:/isis/application/toolchain/bin/../lib/gcc/arm-none-eabi/4.7.4/../../../../arm-none-eabi/lib\libc_s.a(lib_a-freer.o)
                0x20006634                _free_r
 .text.rshift   0x2000673c       0xb0 c:/isis/application/toolchain/bin/../lib/gcc/arm-none-eabi/4.7.4/../../../../arm-none-eabi/lib\libc_s.a(lib_a-gdtoa-gethex.o)
 .text.htinit.constprop.0
                0x200067ec       0x34 c:/isis/application/toolchain/bin/../lib/gcc/arm-none-eabi/4.7.4/../../../../arm-none-eabi/lib\libc_s.a(lib_a-gdtoa-gethex.o)
 .text.__hexdig_init
                0x20006820       0x38 c:/isis/application/toolchain/bin/../lib/gcc/arm-none-eabi/4.7.4/../../../../arm-none-eabi/lib\libc_s.a(lib_a-gdtoa-gethex.o)
                0x20006820                __hexdig_init
 .text.__gethex
                0x20006858      0x6cc c:/isis/application/toolchain/bin/../lib/gcc/arm-none-eabi/4.7.4/../../../../arm-none-eabi/lib\libc_s.a(lib_a-gdtoa-gethex.o)
                0x20006858                __gethex
 .text.L_shift  0x20006f24       0x38 c:/isis/application/toolchain/bin/../lib/gcc/arm-none-eabi/4.7.4/../../../../arm-none-eabi/lib\libc_s.a(lib_a-gdtoa-hexnan.o)
 .text.__hexnan
                0x20006f5c      0x1d8 c:/isis/application/toolchain/bin/../lib/gcc/arm-none-eabi/4.7.4/../../../../arm-none-eabi/lib\libc_s.a(lib_a-gdtoa-hexnan.o)
                0x20006f5c                __hexnan
 .text.memchr   0x20007134       0x34 c:/isis/application/toolchain/bin/../lib/gcc/arm-none-eabi/4.7.4/../../../../arm-none-eabi/lib\libc_s.a(lib_a-memchr.o)
                0x20007134                memchr
 .text.memset   0x20007168       0x1c c:/isis/application/toolchain/bin/../lib/gcc/arm-none-eabi/4.7.4/../../../../arm-none-eabi/lib\libc_s.a(lib_a-memset.o)
                0x20007168                memset
 .text._realloc_r
                0x20007184       0x80 c:/isis/application/toolchain/bin/../lib/gcc/arm-none-eabi/4.7.4/../../../../arm-none-eabi/lib\libc_s.a(lib_a-reallocr.o)
                0x20007184                _realloc_r
 .text.strncmp  0x20007204       0x64 c:/isis/application/toolchain/bin/../lib/gcc/arm-none-eabi/4.7.4/../../../../arm-none-eabi/lib\libc_s.a(lib_a-strncmp.o)
                0x20007204                strncmp
 .text._malloc_usable_size_r
                0x20007268       0x1c c:/isis/application/toolchain/bin/../lib/gcc/arm-none-eabi/4.7.4/../../../../arm-none-eabi/lib\libc_s.a(lib_a-msizer.o)
                0x20007268                _malloc_usable_size_r
 .text.taskTesting
                0x20007284       0x68 ./src/TestingDemos/MainTest.o
                0x20007284                taskTesting
 .text.EPS_Init
                0x200072ec       0xc0 ./src/SubSystemModules/PowerManagment/EPS.o
                0x200072ec                EPS_Init
 .text.EPS_Conditioning
                0x200073ac      0x1a8 ./src/SubSystemModules/PowerManagment/EPS.o
                0x200073ac                EPS_Conditioning
 .text.GetBatteryVoltage
                0x20007554       0x50 ./src/SubSystemModules/PowerManagment/EPS.o
                0x20007554                GetBatteryVoltage
 .text.UpdateAlpha
                0x200075a4       0x9c ./src/SubSystemModules/PowerManagment/EPS.o
                0x200075a4                UpdateAlpha
 .text.GetThresholdVoltages
                0x20007640       0x4c ./src/SubSystemModules/PowerManagment/EPS.o
                0x20007640                GetThresholdVoltages
 .text.GetAlpha
                0x2000768c       0x48 ./src/SubSystemModules/PowerManagment/EPS.o
                0x2000768c                GetAlpha
 .text.EnterFullMode
                0x200076d4       0x58 ./src/SubSystemModules/PowerManagment/EPSOperationModes.o
                0x200076d4                EnterFullMode
 .text.EnterCruiseMode
                0x2000772c       0x58 ./src/SubSystemModules/PowerManagment/EPSOperationModes.o
                0x2000772c                EnterCruiseMode
 .text.EnterSafeMode
                0x20007784       0x58 ./src/SubSystemModules/PowerManagment/EPSOperationModes.o
                0x20007784                EnterSafeMode
 .text.EnterCriticalMode
                0x200077dc       0x58 ./src/SubSystemModules/PowerManagment/EPSOperationModes.o
                0x200077dc                EnterCriticalMode
 .text.SetEPS_Channels
                0x20007834       0x28 ./src/SubSystemModules/PowerManagment/EPSOperationModes.o
                0x20007834                SetEPS_Channels
 .text.EpsGetLowVoltageFlag
                0x2000785c       0x24 ./src/SubSystemModules/PowerManagment/EPSOperationModes.o
                0x2000785c                EpsGetLowVoltageFlag
 .text.EpsSetLowVoltageFlag
                0x20007880       0x2c ./src/SubSystemModules/PowerManagment/EPSOperationModes.o
                0x20007880                EpsSetLowVoltageFlag
 .text.CheckExecutionTime
                0x200078ac       0x7c ./src/SubSystemModules/Maintenance/Maintenance.o
                0x200078ac                CheckExecutionTime
 .text.SaveSatTimeInFRAM
                0x20007928       0x44 ./src/SubSystemModules/Maintenance/Maintenance.o
                0x20007928                SaveSatTimeInFRAM
 .text.ResetGroundCommWDT
                0x2000796c       0x1c ./src/SubSystemModules/Maintenance/Maintenance.o
                0x2000796c                ResetGroundCommWDT
 .text.InitDump
                0x20007988       0xa0 ./src/SubSystemModules/Housekepping/Dump.o
                0x20007988                InitDump
 .text.FinishDump
                0x20007a28       0xe8 ./src/SubSystemModules/Housekepping/Dump.o
                0x20007a28                FinishDump
 .text.AbortDump
                0x20007b10       0x30 ./src/SubSystemModules/Housekepping/Dump.o
                0x20007b10                AbortDump
 .text.SendDumpAbortRequest
                0x20007b40       0xc0 ./src/SubSystemModules/Housekepping/Dump.o
                0x20007b40                SendDumpAbortRequest
 .text.CheckDumpAbort
                0x20007c00       0x58 ./src/SubSystemModules/Housekepping/Dump.o
                0x20007c00                CheckDumpAbort
 .text.DumpTask
                0x20007c58      0x4ac ./src/SubSystemModules/Housekepping/Dump.o
                0x20007c58                DumpTask
 .text.DumpTelemetry
                0x20008104      0x198 ./src/SubSystemModules/Housekepping/Dump.o
                0x20008104                DumpTelemetry
 .text.GetTelemetryFilenameByType
                0x2000829c      0x294 ./src/SubSystemModules/Housekepping/TelemetryCollector.o
                0x2000829c                GetTelemetryFilenameByType
 .text.TelemetryCollectorLogic
                0x20008530      0x188 ./src/SubSystemModules/Housekepping/TelemetryCollector.o
                0x20008530                TelemetryCollectorLogic
 .text.TelemetryCreateFiles
                0x200086b8      0x2ac ./src/SubSystemModules/Housekepping/TelemetryCollector.o
                0x200086b8                TelemetryCreateFiles
 .text.TelemetrySaveEPS
                0x20008964       0xbc ./src/SubSystemModules/Housekepping/TelemetryCollector.o
                0x20008964                TelemetrySaveEPS
 .text.TelemetrySaveTRXVU
                0x20008a20       0xec ./src/SubSystemModules/Housekepping/TelemetryCollector.o
                0x20008a20                TelemetrySaveTRXVU
 .text.TelemetrySaveANT
                0x20008b0c       0x88 ./src/SubSystemModules/Housekepping/TelemetryCollector.o
                0x20008b0c                TelemetrySaveANT
 .text.TelemetrySaveSolarPanels
                0x20008b94      0x1c8 ./src/SubSystemModules/Housekepping/TelemetryCollector.o
                0x20008b94                TelemetrySaveSolarPanels
 .text.TelemetrySaveWOD
                0x20008d5c       0x98 ./src/SubSystemModules/Housekepping/TelemetryCollector.o
                0x20008d5c                TelemetrySaveWOD
 .text.GetCurrentWODTelemetry
                0x20008df4      0x3e8 ./src/SubSystemModules/Housekepping/TelemetryCollector.o
                0x20008df4                GetCurrentWODTelemetry
 .text.CMD_ResetComponent
                0x200091dc      0x244 ./src/SubSystemModules/Communication/SubsystemCommands/Maintanence_Commands.o
                0x200091dc                CMD_ResetComponent
 .text.CMD_StartDump
                0x20009420       0x34 ./src/SubSystemModules/Communication/SubsystemCommands/TRXVU_Commands.o
                0x20009420                CMD_StartDump
 .text.CMD_SendDumpAbortRequest
                0x20009454       0x24 ./src/SubSystemModules/Communication/SubsystemCommands/TRXVU_Commands.o
                0x20009454                CMD_SendDumpAbortRequest
 .text.CMD_ForceDumpAbort
                0x20009478       0x24 ./src/SubSystemModules/Communication/SubsystemCommands/TRXVU_Commands.o
                0x20009478                CMD_ForceDumpAbort
 .text.CMD_MuteTRXVU
                0x2000949c       0x5c ./src/SubSystemModules/Communication/SubsystemCommands/TRXVU_Commands.o
                0x2000949c                CMD_MuteTRXVU
 .text.CMD_UnMuteTRXVU
                0x200094f8       0x24 ./src/SubSystemModules/Communication/SubsystemCommands/TRXVU_Commands.o
                0x200094f8                CMD_UnMuteTRXVU
 .text.CMD_GetBaudRate
                0x2000951c       0x4c ./src/SubSystemModules/Communication/SubsystemCommands/TRXVU_Commands.o
                0x2000951c                CMD_GetBaudRate
 .text.CMD_SetBeaconCycleTime
                0x20009568       0x88 ./src/SubSystemModules/Communication/SubsystemCommands/TRXVU_Commands.o
                0x20009568                CMD_SetBeaconCycleTime
 .text.CMD_GetBeaconInterval
                0x200095f0       0x60 ./src/SubSystemModules/Communication/SubsystemCommands/TRXVU_Commands.o
                0x200095f0                CMD_GetBeaconInterval
 .text.CMD_SetBeaconInterval
                0x20009650       0x88 ./src/SubSystemModules/Communication/SubsystemCommands/TRXVU_Commands.o
                0x20009650                CMD_SetBeaconInterval
 .text.CMD_SetBaudRate
                0x200096d8       0x48 ./src/SubSystemModules/Communication/SubsystemCommands/TRXVU_Commands.o
                0x200096d8                CMD_SetBaudRate
 .text.CMD_GetTxUptime
                0x20009720       0x58 ./src/SubSystemModules/Communication/SubsystemCommands/TRXVU_Commands.o
                0x20009720                CMD_GetTxUptime
 .text.CMD_GetRxUptime
                0x20009778       0x58 ./src/SubSystemModules/Communication/SubsystemCommands/TRXVU_Commands.o
                0x20009778                CMD_GetRxUptime
 .text.CMD_GetNumOfDelayedCommands
                0x200097d0       0x50 ./src/SubSystemModules/Communication/SubsystemCommands/TRXVU_Commands.o
                0x200097d0                CMD_GetNumOfDelayedCommands
 .text.CMD_GetNumOfOnlineCommands
                0x20009820       0x58 ./src/SubSystemModules/Communication/SubsystemCommands/TRXVU_Commands.o
                0x20009820                CMD_GetNumOfOnlineCommands
 .text.CMD_DeleteDelyedCmdByID
                0x20009878       0x60 ./src/SubSystemModules/Communication/SubsystemCommands/TRXVU_Commands.o
                0x20009878                CMD_DeleteDelyedCmdByID
 .text.CMD_DeleteAllDelyedBuffer
                0x200098d8       0x34 ./src/SubSystemModules/Communication/SubsystemCommands/TRXVU_Commands.o
                0x200098d8                CMD_DeleteAllDelyedBuffer
 .text.CMD_AntSetArmStatus
                0x2000990c       0x80 ./src/SubSystemModules/Communication/SubsystemCommands/TRXVU_Commands.o
                0x2000990c                CMD_AntSetArmStatus
 .text.CMD_AntGetArmStatus
                0x2000998c       0x64 ./src/SubSystemModules/Communication/SubsystemCommands/TRXVU_Commands.o
                0x2000998c                CMD_AntGetArmStatus
 .text.CMD_AntGetUptime
                0x200099f0       0x58 ./src/SubSystemModules/Communication/SubsystemCommands/TRXVU_Commands.o
                0x200099f0                CMD_AntGetUptime
 .text.CMD_AntCancelDeployment
                0x20009a48       0x48 ./src/SubSystemModules/Communication/SubsystemCommands/TRXVU_Commands.o
                0x20009a48                CMD_AntCancelDeployment
 .text.SendAckPacket
                0x20009a90       0xe4 ./src/SubSystemModules/Communication/AckHandler.o
                0x20009a90                SendAckPacket
 .text.SendErrorMSG
                0x20009b74       0x74 ./src/SubSystemModules/Communication/AckHandler.o
                0x20009b74                SendErrorMSG
 .text.SendErrorMSG_IfError
                0x20009be8       0x4c ./src/SubSystemModules/Communication/AckHandler.o
                0x20009be8                SendErrorMSG_IfError
 .text.ActUponCommand
                0x20009c34      0x14c ./src/SubSystemModules/Communication/ActUponCommand.o
                0x20009c34                ActUponCommand
 .text.InitBeaconParams
                0x20009d80       0x78 ./src/SubSystemModules/Communication/Beacon.o
                0x20009d80                InitBeaconParams
 .text.BeaconLogic
                0x20009df8      0x160 ./src/SubSystemModules/Communication/Beacon.o
                0x20009df8                BeaconLogic
 .text.trxvu_command_router
                0x20009f58      0x49c ./src/SubSystemModules/Communication/CommandDictionary.o
                0x20009f58                trxvu_command_router
 .text.eps_command_router
                0x2000a3f4       0x80 ./src/SubSystemModules/Communication/CommandDictionary.o
                0x2000a3f4                eps_command_router
 .text.telemetry_command_router
                0x2000a474       0x54 ./src/SubSystemModules/Communication/CommandDictionary.o
                0x2000a474                telemetry_command_router
 .text.managment_command_router
                0x2000a4c8       0xd0 ./src/SubSystemModules/Communication/CommandDictionary.o
                0x2000a4c8                managment_command_router
 .text.filesystem_command_router
                0x2000a598       0x54 ./src/SubSystemModules/Communication/CommandDictionary.o
                0x2000a598                filesystem_command_router
 .text.ClearDelayedCMD_FromBuffer
                0x2000a5ec       0xd8 ./src/SubSystemModules/Communication/SatCommandHandler.o
                0x2000a5ec                ClearDelayedCMD_FromBuffer
 .text.ParseDataToCommand
                0x2000a6c4      0x190 ./src/SubSystemModules/Communication/SatCommandHandler.o
                0x2000a6c4                ParseDataToCommand
 .text.AssembleCommand
                0x2000a854      0x178 ./src/SubSystemModules/Communication/SatCommandHandler.o
                0x2000a854                AssembleCommand
 .text.AddDelayedCommand
                0x2000a9cc       0xf0 ./src/SubSystemModules/Communication/SatCommandHandler.o
                0x2000a9cc                AddDelayedCommand
 .text.GetDelayedCommandBufferCount
                0x2000aabc       0x50 ./src/SubSystemModules/Communication/SatCommandHandler.o
                0x2000aabc                GetDelayedCommandBufferCount
 .text.GetOnlineCommand
                0x2000ab0c      0x114 ./src/SubSystemModules/Communication/SatCommandHandler.o
                0x2000ab0c                GetOnlineCommand
 .text.DeleteDelayedCommandByIndex
                0x2000ac20       0x80 ./src/SubSystemModules/Communication/SatCommandHandler.o
                0x2000ac20                DeleteDelayedCommandByIndex
 .text.DeleteDelayedBuffer
                0x2000aca0       0x48 ./src/SubSystemModules/Communication/SatCommandHandler.o
                0x2000aca0                DeleteDelayedBuffer
 .text.InitTxModule
                0x2000ace8       0x68 ./src/SubSystemModules/Communication/SatDataTx.o
                0x2000ace8                InitTxModule
 .text.muteTRXVU
                0x2000ad50       0x78 ./src/SubSystemModules/Communication/SatDataTx.o
                0x2000ad50                muteTRXVU
 .text.UnMuteTRXVU
                0x2000adc8       0x34 ./src/SubSystemModules/Communication/SatDataTx.o
                0x2000adc8                UnMuteTRXVU
 .text.GetNumberOfFramesInBuffer
                0x2000adfc       0x4c ./src/SubSystemModules/Communication/SatDataTx.o
                0x2000adfc                GetNumberOfFramesInBuffer
 .text.CheckTransmitionAllowed
                0x2000ae48       0xa4 ./src/SubSystemModules/Communication/SatDataTx.o
                0x2000ae48                CheckTransmitionAllowed
 .text.GetTrxvuBitrate
                0x2000aeec       0x70 ./src/SubSystemModules/Communication/SatDataTx.o
                0x2000aeec                GetTrxvuBitrate
 .text.TransmitDataAsSPL_Packet
                0x2000af5c      0x11c ./src/SubSystemModules/Communication/SatDataTx.o
                0x2000af5c                TransmitDataAsSPL_Packet
 .text.TransmitSplPacket
                0x2000b078       0xec ./src/SubSystemModules/Communication/SatDataTx.o
                0x2000b078                TransmitSplPacket
 .text.SetIdleOff
                0x2000b164       0x54 ./src/SubSystemModules/Communication/TRXVU.o
                0x2000b164                SetIdleOff
 .text.HandleIdleTime
                0x2000b1b8       0x70 ./src/SubSystemModules/Communication/TRXVU.o
                0x2000b1b8                HandleIdleTime
 .text.InitTrxvu
                0x2000b228      0x144 ./src/SubSystemModules/Communication/TRXVU.o
                0x2000b228                InitTrxvu
 .text.TRX_Logic
                0x2000b36c      0x104 ./src/SubSystemModules/Communication/TRXVU.o
                0x2000b36c                TRX_Logic
 .text.CMD_SetIdleOn
                0x2000b470       0x74 ./src/SubSystemModules/Communication/TRXVU.o
                0x2000b470                CMD_SetIdleOn
 .text.isFirstActivation
                0x2000b4e4       0xac ./src/InitSystem.o
                0x2000b4e4                isFirstActivation
 .text.firstActivationProcedure
                0x2000b590       0xb4 ./src/InitSystem.o
                0x2000b590                firstActivationProcedure
 .text.WriteDefaultValuesToFRAM
                0x2000b644      0x128 ./src/InitSystem.o
                0x2000b644                WriteDefaultValuesToFRAM
 .text.StartFRAM
                0x2000b76c       0x7c ./src/InitSystem.o
                0x2000b76c                StartFRAM
 .text.StartI2C
                0x2000b7e8       0xa8 ./src/InitSystem.o
                0x2000b7e8                StartI2C
 .text.StartSPI
                0x2000b890       0x74 ./src/InitSystem.o
                0x2000b890                StartSPI
 .text.StartTIME
                0x2000b904       0xc0 ./src/InitSystem.o
                0x2000b904                StartTIME
 .text.DeploySystem
                0x2000b9c4       0xe8 ./src/InitSystem.o
                0x2000b9c4                DeploySystem
 .text.InitSubsystems
                0x2000baac      0x130 ./src/InitSystem.o
                0x2000baac                InitSubsystems
 .text.delete_allTMFilesFromSD
                0x2000bbdc       0xf8 ./src/TLM_management.o
                0x2000bbdc                delete_allTMFilesFromSD
 .text.getNumOfFilesInFS
                0x2000bcd4       0x44 ./src/TLM_management.o
 .text.setNumOfFilesInFS
                0x2000bd18       0x50 ./src/TLM_management.o
 .text.InitializeFS
                0x2000bd68      0x1c0 ./src/TLM_management.o
                0x2000bd68                InitializeFS
 .text.c_fileCreate
                0x2000bf28       0xf4 ./src/TLM_management.o
                0x2000bf28                c_fileCreate
 .text.writewithEpochtime
                0x2000c01c       0x8c ./src/TLM_management.o
 .text.get_C_FILE_struct
                0x2000c0a8       0xf4 ./src/TLM_management.o
 .text.getFileIndex
                0x2000c19c       0x40 ./src/TLM_management.o
 .text.get_file_name_by_index
                0x2000c1dc       0x44 ./src/TLM_management.o
                0x2000c1dc                get_file_name_by_index
 .text.c_fileWrite
                0x2000c220       0xfc ./src/TLM_management.o
                0x2000c220                c_fileWrite
 .text.c_fileRead
                0x2000c31c      0x2a0 ./src/TLM_management.o
                0x2000c31c                c_fileRead
 .text.c_fileGetNumOfElements
                0x2000c5bc      0x244 ./src/TLM_management.o
                0x2000c5bc                c_fileGetNumOfElements
 .text.DeInitializeFS
                0x2000c800       0xd0 ./src/TLM_management.o
                0x2000c800                DeInitializeFS
 .text.main     0x2000c8d0       0xac ./src/main.o
                0x2000c8d0                main
 .text.validateTransferParameters
                0x2000c97c      0x10c C:/ISIS/workspace/GivatShmuel/Base-Aug-2019/GlobusSatProject/..//hal/hal/lib\libHALD.a(I2C.o)
 .text.I2C_queueTransfer
                0x2000ca88       0xe8 C:/ISIS/workspace/GivatShmuel/Base-Aug-2019/GlobusSatProject/..//hal/hal/lib\libHALD.a(I2C.o)
                0x2000ca88                I2C_queueTransfer
 .text.I2C_internalCallback
                0x2000cb70       0x64 C:/ISIS/workspace/GivatShmuel/Base-Aug-2019/GlobusSatProject/..//hal/hal/lib\libHALD.a(I2C.o)
 .text.I2C_doBlockingTransfer
                0x2000cbd4      0x160 C:/ISIS/workspace/GivatShmuel/Base-Aug-2019/GlobusSatProject/..//hal/hal/lib\libHALD.a(I2C.o)
 .text.I2C_writeRead
                0x2000cd34      0x180 C:/ISIS/workspace/GivatShmuel/Base-Aug-2019/GlobusSatProject/..//hal/hal/lib\libHALD.a(I2C.o)
                0x2000cd34                I2C_writeRead
 .text.I2C_start
                0x2000ceb4      0x2e8 C:/ISIS/workspace/GivatShmuel/Base-Aug-2019/GlobusSatProject/..//hal/hal/lib\libHALD.a(I2C.o)
                0x2000ceb4                I2C_start
 .text.I2C_stop
                0x2000d19c      0x184 C:/ISIS/workspace/GivatShmuel/Base-Aug-2019/GlobusSatProject/..//hal/hal/lib\libHALD.a(I2C.o)
                0x2000d19c                I2C_stop
 .text.I2C_setTransferTimeout
                0x2000d320       0x48 C:/ISIS/workspace/GivatShmuel/Base-Aug-2019/GlobusSatProject/..//hal/hal/lib\libHALD.a(I2C.o)
                0x2000d320                I2C_setTransferTimeout
 .text.clearPDCtransfers
                0x2000d368       0xdc C:/ISIS/workspace/GivatShmuel/Base-Aug-2019/GlobusSatProject/..//hal/hal/lib\libHALD.a(SPI.o)
 .text.SPI_start
                0x2000d444      0x4c0 C:/ISIS/workspace/GivatShmuel/Base-Aug-2019/GlobusSatProject/..//hal/hal/lib\libHALD.a(SPI.o)
                0x2000d444                SPI_start
 .text.SPI_stop
                0x2000d904      0x22c C:/ISIS/workspace/GivatShmuel/Base-Aug-2019/GlobusSatProject/..//hal/hal/lib\libHALD.a(SPI.o)
                0x2000d904                SPI_stop
 .text.SPI_queueTransfer
                0x2000db30      0x190 C:/ISIS/workspace/GivatShmuel/Base-Aug-2019/GlobusSatProject/..//hal/hal/lib\libHALD.a(SPI.o)
                0x2000db30                SPI_queueTransfer
 .text.SPI_internalCallback
                0x2000dcc0       0x64 C:/ISIS/workspace/GivatShmuel/Base-Aug-2019/GlobusSatProject/..//hal/hal/lib\libHALD.a(SPI.o)
 .text.SPI_writeRead
                0x2000dd24      0x188 C:/ISIS/workspace/GivatShmuel/Base-Aug-2019/GlobusSatProject/..//hal/hal/lib\libHALD.a(SPI.o)
                0x2000dd24                SPI_writeRead
 .text.waitForTransfer
                0x2000deac       0x68 C:/ISIS/workspace/GivatShmuel/Base-Aug-2019/GlobusSatProject/..//hal/hal/lib\libHALD.a(SPI.o)
 .text.SPI_getDriverState
                0x2000df14       0x58 C:/ISIS/workspace/GivatShmuel/Base-Aug-2019/GlobusSatProject/..//hal/hal/lib\libHALD.a(SPI.o)
                0x2000df14                SPI_getDriverState
 .text.FRAM_start
                0x2000df6c       0xf4 C:/ISIS/workspace/GivatShmuel/Base-Aug-2019/GlobusSatProject/..//hal/hal/lib\libHALD.a(FRAM.o)
                0x2000df6c                FRAM_start
 .text.FRAM_dummyCallback
                0x2000e060       0x24 C:/ISIS/workspace/GivatShmuel/Base-Aug-2019/GlobusSatProject/..//hal/hal/lib\libHALD.a(FRAM.o)
                0x2000e060                FRAM_dummyCallback
 .text.FRAM_unlockingCallback
                0x2000e084       0x78 C:/ISIS/workspace/GivatShmuel/Base-Aug-2019/GlobusSatProject/..//hal/hal/lib\libHALD.a(FRAM.o)
                0x2000e084                FRAM_unlockingCallback
 .text.doBlockingTransfer
                0x2000e0fc       0x88 C:/ISIS/workspace/GivatShmuel/Base-Aug-2019/GlobusSatProject/..//hal/hal/lib\libHALD.a(FRAM.o)
 .text.FRAM_writePacket
                0x2000e184      0x148 C:/ISIS/workspace/GivatShmuel/Base-Aug-2019/GlobusSatProject/..//hal/hal/lib\libHALD.a(FRAM.o)
 .text.FRAM_write
                0x2000e2cc      0x1c8 C:/ISIS/workspace/GivatShmuel/Base-Aug-2019/GlobusSatProject/..//hal/hal/lib\libHALD.a(FRAM.o)
                0x2000e2cc                FRAM_write
 .text.FRAM_readPacket
                0x2000e494      0x114 C:/ISIS/workspace/GivatShmuel/Base-Aug-2019/GlobusSatProject/..//hal/hal/lib\libHALD.a(FRAM.o)
 .text.FRAM_read
                0x2000e5a8      0x1d4 C:/ISIS/workspace/GivatShmuel/Base-Aug-2019/GlobusSatProject/..//hal/hal/lib\libHALD.a(FRAM.o)
                0x2000e5a8                FRAM_read
 .text.Time_start
                0x2000e77c      0x150 C:/ISIS/workspace/GivatShmuel/Base-Aug-2019/GlobusSatProject/..//hal/hal/lib\libHALD.a(Time.o)
                0x2000e77c                Time_start
 .text.taskTimeSync
                0x2000e8cc       0x38 C:/ISIS/workspace/GivatShmuel/Base-Aug-2019/GlobusSatProject/..//hal/hal/lib\libHALD.a(Time.o)
 .text.Time_set
                0x2000e904      0x278 C:/ISIS/workspace/GivatShmuel/Base-Aug-2019/GlobusSatProject/..//hal/hal/lib\libHALD.a(Time.o)
                0x2000e904                Time_set
 .text.Time_isLeapYear
                0x2000eb7c       0x98 C:/ISIS/workspace/GivatShmuel/Base-Aug-2019/GlobusSatProject/..//hal/hal/lib\libHALD.a(Time.o)
                0x2000eb7c                Time_isLeapYear
 .text.Time_get
                0x2000ec14      0x410 C:/ISIS/workspace/GivatShmuel/Base-Aug-2019/GlobusSatProject/..//hal/hal/lib\libHALD.a(Time.o)
                0x2000ec14                Time_get
 .text.Time_getUnixEpoch
                0x2000f024       0xf4 C:/ISIS/workspace/GivatShmuel/Base-Aug-2019/GlobusSatProject/..//hal/hal/lib\libHALD.a(Time.o)
                0x2000f024                Time_getUnixEpoch
 .text.secondsOfYearToTime
                0x2000f118      0x328 C:/ISIS/workspace/GivatShmuel/Base-Aug-2019/GlobusSatProject/..//hal/hal/lib\libHALD.a(Time.o)
 .text.Time_setUnixEpoch
                0x2000f440      0x100 C:/ISIS/workspace/GivatShmuel/Base-Aug-2019/GlobusSatProject/..//hal/hal/lib\libHALD.a(Time.o)
                0x2000f440                Time_setUnixEpoch
 .text.Time_sync
                0x2000f540      0x2b8 C:/ISIS/workspace/GivatShmuel/Base-Aug-2019/GlobusSatProject/..//hal/hal/lib\libHALD.a(Time.o)
                0x2000f540                Time_sync
 .text.Time_syncIfNeeded
                0x2000f7f8       0x70 C:/ISIS/workspace/GivatShmuel/Base-Aug-2019/GlobusSatProject/..//hal/hal/lib\libHALD.a(Time.o)
                0x2000f7f8                Time_syncIfNeeded
 .text.Time_setSyncInterval
                0x2000f868       0x38 C:/ISIS/workspace/GivatShmuel/Base-Aug-2019/GlobusSatProject/..//hal/hal/lib\libHALD.a(Time.o)
                0x2000f868                Time_setSyncInterval
 .text.WDT_start
                0x2000f8a0       0x48 C:/ISIS/workspace/GivatShmuel/Base-Aug-2019/GlobusSatProject/..//hal/hal/lib\libHALD.a(WatchDogTimerNoOS.o)
                0x2000f8a0                WDT_start
 .text.WDT_startWatchdogKickTask
                0x2000f8e8       0xb4 C:/ISIS/workspace/GivatShmuel/Base-Aug-2019/GlobusSatProject/..//hal/hal/lib\libHALD.a(WatchDogTimerOS.o)
                0x2000f8e8                WDT_startWatchdogKickTask
 .text.WDT_forceKickEveryNms
                0x2000f99c       0x50 C:/ISIS/workspace/GivatShmuel/Base-Aug-2019/GlobusSatProject/..//hal/hal/lib\libHALD.a(WatchDogTimerOS.o)
                0x2000f99c                WDT_forceKickEveryNms
 .text.LED_glow
                0x2000f9ec       0x58 C:/ISIS/workspace/GivatShmuel/Base-Aug-2019/GlobusSatProject/..//hal/hal/lib\libHALD.a(LED.o)
                0x2000f9ec                LED_glow
 .text.LED_dark
                0x2000fa44       0x58 C:/ISIS/workspace/GivatShmuel/Base-Aug-2019/GlobusSatProject/..//hal/hal/lib\libHALD.a(LED.o)
                0x2000fa44                LED_dark
 .text.LED_toggle
                0x2000fa9c       0x50 C:/ISIS/workspace/GivatShmuel/Base-Aug-2019/GlobusSatProject/..//hal/hal/lib\libHALD.a(LED.o)
                0x2000fa9c                LED_toggle
 .text.RTC_start
                0x2000faec       0x3c C:/ISIS/workspace/GivatShmuel/Base-Aug-2019/GlobusSatProject/..//hal/hal/lib\libHALD.a(RTC.o)
                0x2000faec                RTC_start
 .text.RTC_setTime
                0x2000fb28      0x2a4 C:/ISIS/workspace/GivatShmuel/Base-Aug-2019/GlobusSatProject/..//hal/hal/lib\libHALD.a(RTC.o)
                0x2000fb28                RTC_setTime
 .text.RTC_getTime
                0x2000fdcc      0x224 C:/ISIS/workspace/GivatShmuel/Base-Aug-2019/GlobusSatProject/..//hal/hal/lib\libHALD.a(RTC.o)
                0x2000fdcc                RTC_getTime
 .text.RTC_checkTimeValid
                0x2000fff0       0xdc C:/ISIS/workspace/GivatShmuel/Base-Aug-2019/GlobusSatProject/..//hal/hal/lib\libHALD.a(RTC.o)
                0x2000fff0                RTC_checkTimeValid
 .text.RTT_start
                0x200100cc       0x24 C:/ISIS/workspace/GivatShmuel/Base-Aug-2019/GlobusSatProject/..//hal/hal/lib\libHALD.a(RTT.o)
                0x200100cc                RTT_start
 .text.fn_init  0x200100f0      0x2e0 C:/ISIS/workspace/GivatShmuel/Base-Aug-2019/GlobusSatProject/..//hal/hcc/lib\libHCCD.a(fat_common.o)
                0x200100f0                fn_init
 .text.fsn_delete
                0x200103d0       0xc8 C:/ISIS/workspace/GivatShmuel/Base-Aug-2019/GlobusSatProject/..//hal/hcc/lib\libHCCD.a(fat_common.o)
                0x200103d0                fsn_delete
 .text._f_get16bitl
                0x20010498       0x4c C:/ISIS/workspace/GivatShmuel/Base-Aug-2019/GlobusSatProject/..//hal/hcc/lib\libHCCD.a(fat_common.o)
                0x20010498                _f_get16bitl
 .text._f_set16bitl
                0x200104e4       0x54 C:/ISIS/workspace/GivatShmuel/Base-Aug-2019/GlobusSatProject/..//hal/hcc/lib\libHCCD.a(fat_common.o)
                0x200104e4                _f_set16bitl
 .text._f_get32bitl
                0x20010538       0x68 C:/ISIS/workspace/GivatShmuel/Base-Aug-2019/GlobusSatProject/..//hal/hcc/lib\libHCCD.a(fat_common.o)
                0x20010538                _f_get32bitl
 .text._f_set32bitl
                0x200105a0       0x78 C:/ISIS/workspace/GivatShmuel/Base-Aug-2019/GlobusSatProject/..//hal/hcc/lib\libHCCD.a(fat_common.o)
                0x200105a0                _f_set32bitl
 .text._get8bit
                0x20010618       0xa0 C:/ISIS/workspace/GivatShmuel/Base-Aug-2019/GlobusSatProject/..//hal/hcc/lib\libHCCD.a(fat_common.o)
 .text._get16bitl
                0x200106b8       0x40 C:/ISIS/workspace/GivatShmuel/Base-Aug-2019/GlobusSatProject/..//hal/hcc/lib\libHCCD.a(fat_common.o)
 .text._get32bitl
                0x200106f8       0x3c C:/ISIS/workspace/GivatShmuel/Base-Aug-2019/GlobusSatProject/..//hal/hcc/lib\libHCCD.a(fat_common.o)
 .text._f_setcardremoved
                0x20010734       0x94 C:/ISIS/workspace/GivatShmuel/Base-Aug-2019/GlobusSatProject/..//hal/hcc/lib\libHCCD.a(fat_common.o)
 .text._f_checkstatus
                0x200107c8      0x104 C:/ISIS/workspace/GivatShmuel/Base-Aug-2019/GlobusSatProject/..//hal/hcc/lib\libHCCD.a(fat_common.o)
                0x200107c8                _f_checkstatus
 .text._f_drvgetphy
                0x200108cc      0x114 C:/ISIS/workspace/GivatShmuel/Base-Aug-2019/GlobusSatProject/..//hal/hcc/lib\libHCCD.a(fat_common.o)
 .text._f_drvwritesector
                0x200109e0       0xdc C:/ISIS/workspace/GivatShmuel/Base-Aug-2019/GlobusSatProject/..//hal/hcc/lib\libHCCD.a(fat_common.o)
 .text._f_drvreadsector
                0x20010abc       0xa8 C:/ISIS/workspace/GivatShmuel/Base-Aug-2019/GlobusSatProject/..//hal/hcc/lib\libHCCD.a(fat_common.o)
 .text._f_writesector
                0x20010b64      0x23c C:/ISIS/workspace/GivatShmuel/Base-Aug-2019/GlobusSatProject/..//hal/hcc/lib\libHCCD.a(fat_common.o)
                0x20010b64                _f_writesector
 .text._f_readsector
                0x20010da0      0x1dc C:/ISIS/workspace/GivatShmuel/Base-Aug-2019/GlobusSatProject/..//hal/hcc/lib\libHCCD.a(fat_common.o)
                0x20010da0                _f_readsector
 .text._f_getmaxcluster
                0x20010f7c       0x94 C:/ISIS/workspace/GivatShmuel/Base-Aug-2019/GlobusSatProject/..//hal/hcc/lib\libHCCD.a(fat_common.o)
                0x20010f7c                _f_getmaxcluster
 .text._getsectorfromcluster
                0x20011010       0x68 C:/ISIS/workspace/GivatShmuel/Base-Aug-2019/GlobusSatProject/..//hal/hcc/lib\libHCCD.a(fat_common.o)
 .text._f_buildsectors
                0x20011078      0x268 C:/ISIS/workspace/GivatShmuel/Base-Aug-2019/GlobusSatProject/..//hal/hcc/lib\libHCCD.a(fat_common.o)
 .text._f_getbootrecord
                0x200112e0      0x5e4 C:/ISIS/workspace/GivatShmuel/Base-Aug-2019/GlobusSatProject/..//hal/hcc/lib\libHCCD.a(fat_common.o)
 .text._f_readbootrecord
                0x200118c4      0x4f8 C:/ISIS/workspace/GivatShmuel/Base-Aug-2019/GlobusSatProject/..//hal/hcc/lib\libHCCD.a(fat_common.o)
 .text._f_flushcffiles
                0x20011dbc      0x17c C:/ISIS/workspace/GivatShmuel/Base-Aug-2019/GlobusSatProject/..//hal/hcc/lib\libHCCD.a(fat_common.o)
                0x20011dbc                _f_flushcffiles
 .text._f_fatcache_flush
                0x20011f38      0x270 C:/ISIS/workspace/GivatShmuel/Base-Aug-2019/GlobusSatProject/..//hal/hcc/lib\libHCCD.a(fat_common.o)
                0x20011f38                _f_fatcache_flush
 .text._f_writefatsector
                0x200121a8      0x100 C:/ISIS/workspace/GivatShmuel/Base-Aug-2019/GlobusSatProject/..//hal/hcc/lib\libHCCD.a(fat_common.o)
                0x200121a8                _f_writefatsector
 .text._f_getfatsector
                0x200122a8      0x3bc C:/ISIS/workspace/GivatShmuel/Base-Aug-2019/GlobusSatProject/..//hal/hcc/lib\libHCCD.a(fat_common.o)
 .text._f_setclustervalue
                0x20012664      0x490 C:/ISIS/workspace/GivatShmuel/Base-Aug-2019/GlobusSatProject/..//hal/hcc/lib\libHCCD.a(fat_common.o)
                0x20012664                _f_setclustervalue
 .text._f_getclustervalue
                0x20012af4      0x388 C:/ISIS/workspace/GivatShmuel/Base-Aug-2019/GlobusSatProject/..//hal/hcc/lib\libHCCD.a(fat_common.o)
                0x20012af4                _f_getclustervalue
 .text._f_close_drive_files
                0x20012e7c       0xac C:/ISIS/workspace/GivatShmuel/Base-Aug-2019/GlobusSatProject/..//hal/hcc/lib\libHCCD.a(fat_common.o)
 .text._f_inc_mount_count
                0x20012f28       0xa4 C:/ISIS/workspace/GivatShmuel/Base-Aug-2019/GlobusSatProject/..//hal/hcc/lib\libHCCD.a(fat_common.o)
 .text._f_getvolume
                0x20012fcc      0x2f8 C:/ISIS/workspace/GivatShmuel/Base-Aug-2019/GlobusSatProject/..//hal/hcc/lib\libHCCD.a(fat_common.o)
                0x20012fcc                _f_getvolume
 .text.fn_createdriver
                0x200132c4      0x118 C:/ISIS/workspace/GivatShmuel/Base-Aug-2019/GlobusSatProject/..//hal/hcc/lib\libHCCD.a(fat_common.o)
                0x200132c4                fn_createdriver
 .text.fn_initvolume
                0x200133dc      0x12c C:/ISIS/workspace/GivatShmuel/Base-Aug-2019/GlobusSatProject/..//hal/hcc/lib\libHCCD.a(fat_common.o)
                0x200133dc                fn_initvolume
 .text.fn_releasedriver
                0x20013508       0xf4 C:/ISIS/workspace/GivatShmuel/Base-Aug-2019/GlobusSatProject/..//hal/hcc/lib\libHCCD.a(fat_common.o)
                0x20013508                fn_releasedriver
 .text.fn_initvolumepartition_sub
                0x200135fc       0xe0 C:/ISIS/workspace/GivatShmuel/Base-Aug-2019/GlobusSatProject/..//hal/hcc/lib\libHCCD.a(fat_common.o)
 .text.fn_initvolumepartition
                0x200136dc       0xac C:/ISIS/workspace/GivatShmuel/Base-Aug-2019/GlobusSatProject/..//hal/hcc/lib\libHCCD.a(fat_common.o)
                0x200136dc                fn_initvolumepartition
 .text.fn_delvolume
                0x20013788      0x194 C:/ISIS/workspace/GivatShmuel/Base-Aug-2019/GlobusSatProject/..//hal/hcc/lib\libHCCD.a(fat_common.o)
                0x20013788                fn_delvolume
 .text._f_clustertopos
                0x2001391c       0xf8 C:/ISIS/workspace/GivatShmuel/Base-Aug-2019/GlobusSatProject/..//hal/hcc/lib\libHCCD.a(fat_common.o)
                0x2001391c                _f_clustertopos
 .text._f_getcurrsector
                0x20013a14      0x6c8 C:/ISIS/workspace/GivatShmuel/Base-Aug-2019/GlobusSatProject/..//hal/hcc/lib\libHCCD.a(fat_common.o)
                0x20013a14                _f_getcurrsector
 .text._f_getdecluster
                0x200140dc       0x90 C:/ISIS/workspace/GivatShmuel/Base-Aug-2019/GlobusSatProject/..//hal/hcc/lib\libHCCD.a(fat_common.o)
                0x200140dc                _f_getdecluster
 .text._f_setdecluster
                0x2001416c       0x8c C:/ISIS/workspace/GivatShmuel/Base-Aug-2019/GlobusSatProject/..//hal/hcc/lib\libHCCD.a(fat_common.o)
                0x2001416c                _f_setdecluster
 .text.fn_getdrive
                0x200141f8       0x30 C:/ISIS/workspace/GivatShmuel/Base-Aug-2019/GlobusSatProject/..//hal/hcc/lib\libHCCD.a(fat_common.o)
                0x200141f8                fn_getdrive
 .text._f_getcurrenttimedate
                0x20014228      0x138 C:/ISIS/workspace/GivatShmuel/Base-Aug-2019/GlobusSatProject/..//hal/hcc/lib\libHCCD.a(fat_common.o)
                0x20014228                _f_getcurrenttimedate
 .text._f_initentry
                0x20014360       0xa0 C:/ISIS/workspace/GivatShmuel/Base-Aug-2019/GlobusSatProject/..//hal/hcc/lib\libHCCD.a(fat_common.o)
                0x20014360                _f_initentry
 .text._f_alloccluster
                0x20014400      0x344 C:/ISIS/workspace/GivatShmuel/Base-Aug-2019/GlobusSatProject/..//hal/hcc/lib\libHCCD.a(fat_common.o)
                0x20014400                _f_alloccluster
 .text._f_dobadblock
                0x20014744      0x2cc C:/ISIS/workspace/GivatShmuel/Base-Aug-2019/GlobusSatProject/..//hal/hcc/lib\libHCCD.a(fat_common.o)
                0x20014744                _f_dobadblock
 .text._f_checklocked
                0x20014a10       0xe4 C:/ISIS/workspace/GivatShmuel/Base-Aug-2019/GlobusSatProject/..//hal/hcc/lib\libHCCD.a(fat_common.o)
                0x20014a10                _f_checklocked
 .text._f_checkappendlocked
                0x20014af4      0x110 C:/ISIS/workspace/GivatShmuel/Base-Aug-2019/GlobusSatProject/..//hal/hcc/lib\libHCCD.a(fat_common.o)
                0x20014af4                _f_checkappendlocked
 .text._f_setsyncafile
                0x20014c04      0x114 C:/ISIS/workspace/GivatShmuel/Base-Aug-2019/GlobusSatProject/..//hal/hcc/lib\libHCCD.a(fat_common.o)
                0x20014c04                _f_setsyncafile
 .text._f_syncfiles
                0x20014d18      0x128 C:/ISIS/workspace/GivatShmuel/Base-Aug-2019/GlobusSatProject/..//hal/hcc/lib\libHCCD.a(fat_common.o)
                0x20014d18                _f_syncfiles
 .text._f_syncfilescontent
                0x20014e40      0x15c C:/ISIS/workspace/GivatShmuel/Base-Aug-2019/GlobusSatProject/..//hal/hcc/lib\libHCCD.a(fat_common.o)
 .text.fn_getfreespace
                0x20014f9c      0x4c0 C:/ISIS/workspace/GivatShmuel/Base-Aug-2019/GlobusSatProject/..//hal/hcc/lib\libHCCD.a(fat_common.o)
                0x20014f9c                fn_getfreespace
 .text._f_emptywritecache
                0x2001545c      0x4a4 C:/ISIS/workspace/GivatShmuel/Base-Aug-2019/GlobusSatProject/..//hal/hcc/lib\libHCCD.a(fat_common.o)
 .text._f_allocnextcluster
                0x20015900      0x54c C:/ISIS/workspace/GivatShmuel/Base-Aug-2019/GlobusSatProject/..//hal/hcc/lib\libHCCD.a(fat_common.o)
 .text._f_emptywritebuffer
                0x20015e4c      0x20c C:/ISIS/workspace/GivatShmuel/Base-Aug-2019/GlobusSatProject/..//hal/hcc/lib\libHCCD.a(fat_common.o)
 .text._f_writezeros
                0x20016058       0xf0 C:/ISIS/workspace/GivatShmuel/Base-Aug-2019/GlobusSatProject/..//hal/hcc/lib\libHCCD.a(fat_common.o)
                0x20016058                _f_writezeros
 .text._f_extend_file
                0x20016148      0x570 C:/ISIS/workspace/GivatShmuel/Base-Aug-2019/GlobusSatProject/..//hal/hcc/lib\libHCCD.a(fat_common.o)
 .text._f_fseek
                0x200166b8      0x9bc C:/ISIS/workspace/GivatShmuel/Base-Aug-2019/GlobusSatProject/..//hal/hcc/lib\libHCCD.a(fat_common.o)
                0x200166b8                _f_fseek
 .text._f_removechain
                0x20017074      0x104 C:/ISIS/workspace/GivatShmuel/Base-Aug-2019/GlobusSatProject/..//hal/hcc/lib\libHCCD.a(fat_common.o)
                0x20017074                _f_removechain
 .text._f_updatefileentry
                0x20017178      0x1cc C:/ISIS/workspace/GivatShmuel/Base-Aug-2019/GlobusSatProject/..//hal/hcc/lib\libHCCD.a(fat_common.o)
 .text._f_checkreadlocked
                0x20017344      0x1bc C:/ISIS/workspace/GivatShmuel/Base-Aug-2019/GlobusSatProject/..//hal/hcc/lib\libHCCD.a(fat_common.o)
                0x20017344                _f_checkreadlocked
 .text._f_check_handle
                0x20017500       0x98 C:/ISIS/workspace/GivatShmuel/Base-Aug-2019/GlobusSatProject/..//hal/hcc/lib\libHCCD.a(fat_common.o)
                0x20017500                _f_check_handle
 .text._f_removesyncafile
                0x20017598      0x1ec C:/ISIS/workspace/GivatShmuel/Base-Aug-2019/GlobusSatProject/..//hal/hcc/lib\libHCCD.a(fat_common.o)
 .text.fn_close
                0x20017784      0x3f8 C:/ISIS/workspace/GivatShmuel/Base-Aug-2019/GlobusSatProject/..//hal/hcc/lib\libHCCD.a(fat_common.o)
                0x20017784                fn_close
 .text.fn_flush
                0x20017b7c      0x374 C:/ISIS/workspace/GivatShmuel/Base-Aug-2019/GlobusSatProject/..//hal/hcc/lib\libHCCD.a(fat_common.o)
                0x20017b7c                fn_flush
 .text.fn_read  0x20017ef0      0x690 C:/ISIS/workspace/GivatShmuel/Base-Aug-2019/GlobusSatProject/..//hal/hcc/lib\libHCCD.a(fat_common.o)
                0x20017ef0                fn_read
 .text._f_abortwrite
                0x20018580      0x100 C:/ISIS/workspace/GivatShmuel/Base-Aug-2019/GlobusSatProject/..//hal/hcc/lib\libHCCD.a(fat_common.o)
 .text._f_checkwritecluster
                0x20018680       0xe4 C:/ISIS/workspace/GivatShmuel/Base-Aug-2019/GlobusSatProject/..//hal/hcc/lib\libHCCD.a(fat_common.o)
 .text.fn_write
                0x20018764      0x8a8 C:/ISIS/workspace/GivatShmuel/Base-Aug-2019/GlobusSatProject/..//hal/hcc/lib\libHCCD.a(fat_common.o)
                0x20018764                fn_write
 .text.fn_seek  0x2001900c      0x270 C:/ISIS/workspace/GivatShmuel/Base-Aug-2019/GlobusSatProject/..//hal/hcc/lib\libHCCD.a(fat_common.o)
                0x2001900c                fn_seek
 .text.f_enterFS
                0x2001927c      0x1c0 C:/ISIS/workspace/GivatShmuel/Base-Aug-2019/GlobusSatProject/..//hal/hcc/lib\libHCCD.a(fat_common.o)
                0x2001927c                f_enterFS
 .text.f_releaseFS
                0x2001943c       0xb0 C:/ISIS/workspace/GivatShmuel/Base-Aug-2019/GlobusSatProject/..//hal/hcc/lib\libHCCD.a(fat_common.o)
                0x2001943c                f_releaseFS
 .text.fnGetTask
                0x200194ec       0xfc C:/ISIS/workspace/GivatShmuel/Base-Aug-2019/GlobusSatProject/..//hal/hcc/lib\libHCCD.a(fat_common.o)
                0x200194ec                fnGetTask
 .text._f_mutex_get
                0x200195e8       0x98 C:/ISIS/workspace/GivatShmuel/Base-Aug-2019/GlobusSatProject/..//hal/hcc/lib\libHCCD.a(fat_common.o)
                0x200195e8                _f_mutex_get
 .text._f_mutex_put
                0x20019680       0x54 C:/ISIS/workspace/GivatShmuel/Base-Aug-2019/GlobusSatProject/..//hal/hcc/lib\libHCCD.a(fat_common.o)
                0x20019680                _f_mutex_put
 .text._fn_initseekdivisor
                0x200196d4      0x158 C:/ISIS/workspace/GivatShmuel/Base-Aug-2019/GlobusSatProject/..//hal/hcc/lib\libHCCD.a(fat_common.o)
                0x200196d4                _fn_initseekdivisor
 .text._fn_updateseekpos
                0x2001982c       0xc4 C:/ISIS/workspace/GivatShmuel/Base-Aug-2019/GlobusSatProject/..//hal/hcc/lib\libHCCD.a(fat_common.o)
 .text._f_findopensize
                0x200198f0       0x2c C:/ISIS/workspace/GivatShmuel/Base-Aug-2019/GlobusSatProject/..//hal/hcc/lib\libHCCD.a(fat_common.o)
                0x200198f0                _f_findopensize
 .text.fn_setlasterror
                0x2001991c       0x34 C:/ISIS/workspace/GivatShmuel/Base-Aug-2019/GlobusSatProject/..//hal/hcc/lib\libHCCD.a(fat_common.o)
                0x2001991c                fn_setlasterror
 .text.fn_setlasterror_noret
                0x20019950       0x2c C:/ISIS/workspace/GivatShmuel/Base-Aug-2019/GlobusSatProject/..//hal/hcc/lib\libHCCD.a(fat_common.o)
                0x20019950                fn_setlasterror_noret
 .text.fm_initvolume
                0x2001997c       0x70 C:/ISIS/workspace/GivatShmuel/Base-Aug-2019/GlobusSatProject/..//hal/hcc/lib\libHCCD.a(fat_m.o)
                0x2001997c                fm_initvolume
 .text.fm_delvolume
                0x200199ec       0x60 C:/ISIS/workspace/GivatShmuel/Base-Aug-2019/GlobusSatProject/..//hal/hcc/lib\libHCCD.a(fat_m.o)
                0x200199ec                fm_delvolume
 .text.fm_getdrive
                0x20019a4c       0x70 C:/ISIS/workspace/GivatShmuel/Base-Aug-2019/GlobusSatProject/..//hal/hcc/lib\libHCCD.a(fat_m.o)
                0x20019a4c                fm_getdrive
 .text.fm_getfreespace
                0x20019abc       0x68 C:/ISIS/workspace/GivatShmuel/Base-Aug-2019/GlobusSatProject/..//hal/hcc/lib\libHCCD.a(fat_m.o)
                0x20019abc                fm_getfreespace
 .text.fm_findfirst
                0x20019b24       0x68 C:/ISIS/workspace/GivatShmuel/Base-Aug-2019/GlobusSatProject/..//hal/hcc/lib\libHCCD.a(fat_m.o)
                0x20019b24                fm_findfirst
 .text.fm_findnext
                0x20019b8c       0x60 C:/ISIS/workspace/GivatShmuel/Base-Aug-2019/GlobusSatProject/..//hal/hcc/lib\libHCCD.a(fat_m.o)
                0x20019b8c                fm_findnext
 .text.fm_filelength
                0x20019bec       0x60 C:/ISIS/workspace/GivatShmuel/Base-Aug-2019/GlobusSatProject/..//hal/hcc/lib\libHCCD.a(fat_m.o)
                0x20019bec                fm_filelength
 .text.fm_close
                0x20019c4c       0x60 C:/ISIS/workspace/GivatShmuel/Base-Aug-2019/GlobusSatProject/..//hal/hcc/lib\libHCCD.a(fat_m.o)
                0x20019c4c                fm_close
 .text.fm_flush
                0x20019cac       0x60 C:/ISIS/workspace/GivatShmuel/Base-Aug-2019/GlobusSatProject/..//hal/hcc/lib\libHCCD.a(fat_m.o)
                0x20019cac                fm_flush
 .text.fm_open  0x20019d0c       0x68 C:/ISIS/workspace/GivatShmuel/Base-Aug-2019/GlobusSatProject/..//hal/hcc/lib\libHCCD.a(fat_m.o)
                0x20019d0c                fm_open
 .text.fm_read  0x20019d74       0x7c C:/ISIS/workspace/GivatShmuel/Base-Aug-2019/GlobusSatProject/..//hal/hcc/lib\libHCCD.a(fat_m.o)
                0x20019d74                fm_read
 .text.fm_write
                0x20019df0       0x7c C:/ISIS/workspace/GivatShmuel/Base-Aug-2019/GlobusSatProject/..//hal/hcc/lib\libHCCD.a(fat_m.o)
                0x20019df0                fm_write
 .text.fm_seek  0x20019e6c       0x70 C:/ISIS/workspace/GivatShmuel/Base-Aug-2019/GlobusSatProject/..//hal/hcc/lib\libHCCD.a(fat_m.o)
                0x20019e6c                fm_seek
 .text.fm_delete
                0x20019edc       0x64 C:/ISIS/workspace/GivatShmuel/Base-Aug-2019/GlobusSatProject/..//hal/hcc/lib\libHCCD.a(fat_m.o)
                0x20019edc                fm_delete
 .text._s_checkzeroclusteratend
                0x20019f40       0xf8 C:/ISIS/workspace/GivatShmuel/Base-Aug-2019/GlobusSatProject/..//hal/hcc/lib\libHCCD.a(safefat.o)
 .text._s_clearclustercontent
                0x2001a038      0x108 C:/ISIS/workspace/GivatShmuel/Base-Aug-2019/GlobusSatProject/..//hal/hcc/lib\libHCCD.a(safefat.o)
 .text._s_clearclustercontentdir
                0x2001a140      0x19c C:/ISIS/workspace/GivatShmuel/Base-Aug-2019/GlobusSatProject/..//hal/hcc/lib\libHCCD.a(safefat.o)
 .text._s_writedirsector
                0x2001a2dc       0xd0 C:/ISIS/workspace/GivatShmuel/Base-Aug-2019/GlobusSatProject/..//hal/hcc/lib\libHCCD.a(safefat.o)
 .text._s_getdirsector
                0x2001a3ac      0x100 C:/ISIS/workspace/GivatShmuel/Base-Aug-2019/GlobusSatProject/..//hal/hcc/lib\libHCCD.a(safefat.o)
 .text._s_addentry
                0x2001a4ac      0x394 C:/ISIS/workspace/GivatShmuel/Base-Aug-2019/GlobusSatProject/..//hal/hcc/lib\libHCCD.a(safefat.o)
 .text._s_findfile
                0x2001a840      0x33c C:/ISIS/workspace/GivatShmuel/Base-Aug-2019/GlobusSatProject/..//hal/hcc/lib\libHCCD.a(safefat.o)
 .text._s_findsubdir
                0x2001ab7c      0x248 C:/ISIS/workspace/GivatShmuel/Base-Aug-2019/GlobusSatProject/..//hal/hcc/lib\libHCCD.a(safefat.o)
 .text._s_createfile
                0x2001adc4      0x190 C:/ISIS/workspace/GivatShmuel/Base-Aug-2019/GlobusSatProject/..//hal/hcc/lib\libHCCD.a(safefat.o)
 .text._s_findsaffile
                0x2001af54      0x1b8 C:/ISIS/workspace/GivatShmuel/Base-Aug-2019/GlobusSatProject/..//hal/hcc/lib\libHCCD.a(safefat.o)
 .text._s_open  0x2001b10c       0xe4 C:/ISIS/workspace/GivatShmuel/Base-Aug-2019/GlobusSatProject/..//hal/hcc/lib\libHCCD.a(safefat.o)
 .text._s_open_saf
                0x2001b1f0       0xe8 C:/ISIS/workspace/GivatShmuel/Base-Aug-2019/GlobusSatProject/..//hal/hcc/lib\libHCCD.a(safefat.o)
 .text._s_flush
                0x2001b2d8       0x84 C:/ISIS/workspace/GivatShmuel/Base-Aug-2019/GlobusSatProject/..//hal/hcc/lib\libHCCD.a(safefat.o)
 .text._s_allocnextcluster
                0x2001b35c      0x13c C:/ISIS/workspace/GivatShmuel/Base-Aug-2019/GlobusSatProject/..//hal/hcc/lib\libHCCD.a(safefat.o)
 .text._s_getnextsector
                0x2001b498       0xdc C:/ISIS/workspace/GivatShmuel/Base-Aug-2019/GlobusSatProject/..//hal/hcc/lib\libHCCD.a(safefat.o)
 .text._s_seek  0x2001b574      0x1e8 C:/ISIS/workspace/GivatShmuel/Base-Aug-2019/GlobusSatProject/..//hal/hcc/lib\libHCCD.a(safefat.o)
 .text._s_get_len
                0x2001b75c      0x10c C:/ISIS/workspace/GivatShmuel/Base-Aug-2019/GlobusSatProject/..//hal/hcc/lib\libHCCD.a(safefat.o)
 .text._s_set_len
                0x2001b868       0xb4 C:/ISIS/workspace/GivatShmuel/Base-Aug-2019/GlobusSatProject/..//hal/hcc/lib\libHCCD.a(safefat.o)
 .text.safe_fix_filelengths
                0x2001b91c       0xcc C:/ISIS/workspace/GivatShmuel/Base-Aug-2019/GlobusSatProject/..//hal/hcc/lib\libHCCD.a(safefat.o)
                0x2001b91c                safe_fix_filelengths
 .text._s_read  0x2001b9e8      0x228 C:/ISIS/workspace/GivatShmuel/Base-Aug-2019/GlobusSatProject/..//hal/hcc/lib\libHCCD.a(safefat.o)
 .text._s_write
                0x2001bc10      0x384 C:/ISIS/workspace/GivatShmuel/Base-Aug-2019/GlobusSatProject/..//hal/hcc/lib\libHCCD.a(safefat.o)
 .text._s_restoreclusters
                0x2001bf94      0x270 C:/ISIS/workspace/GivatShmuel/Base-Aug-2019/GlobusSatProject/..//hal/hcc/lib\libHCCD.a(safefat.o)
                0x2001bf94                _s_restoreclusters
 .text._s_findrestore
                0x2001c204      0x18c C:/ISIS/workspace/GivatShmuel/Base-Aug-2019/GlobusSatProject/..//hal/hcc/lib\libHCCD.a(safefat.o)
 .text._s_cmd_writede
                0x2001c390       0xd8 C:/ISIS/workspace/GivatShmuel/Base-Aug-2019/GlobusSatProject/..//hal/hcc/lib\libHCCD.a(safefat.o)
 .text._s_cmd_setcluster
                0x2001c468       0x88 C:/ISIS/workspace/GivatShmuel/Base-Aug-2019/GlobusSatProject/..//hal/hcc/lib\libHCCD.a(safefat.o)
 .text._s_cmd_deletechain
                0x2001c4f0      0x100 C:/ISIS/workspace/GivatShmuel/Base-Aug-2019/GlobusSatProject/..//hal/hcc/lib\libHCCD.a(safefat.o)
 .text._s_cmd_validatecfn
                0x2001c5f0      0x308 C:/ISIS/workspace/GivatShmuel/Base-Aug-2019/GlobusSatProject/..//hal/hcc/lib\libHCCD.a(safefat.o)
 .text._s_cmd_seteof
                0x2001c8f8      0x3c4 C:/ISIS/workspace/GivatShmuel/Base-Aug-2019/GlobusSatProject/..//hal/hcc/lib\libHCCD.a(safefat.o)
 .text.safe_docommands
                0x2001ccbc      0x56c C:/ISIS/workspace/GivatShmuel/Base-Aug-2019/GlobusSatProject/..//hal/hcc/lib\libHCCD.a(safefat.o)
                0x2001ccbc                safe_docommands
 .text.safe_entercommand
                0x2001d228       0x68 C:/ISIS/workspace/GivatShmuel/Base-Aug-2019/GlobusSatProject/..//hal/hcc/lib\libHCCD.a(safefat.o)
                0x2001d228                safe_entercommand
 .text.safe_ready
                0x2001d290       0xf4 C:/ISIS/workspace/GivatShmuel/Base-Aug-2019/GlobusSatProject/..//hal/hcc/lib\libHCCD.a(safefat.o)
                0x2001d290                safe_ready
 .text.safe_copycfn
                0x2001d384       0xb8 C:/ISIS/workspace/GivatShmuel/Base-Aug-2019/GlobusSatProject/..//hal/hcc/lib\libHCCD.a(safefat.o)
                0x2001d384                safe_copycfn
 .text.safe_cfremove
                0x2001d43c       0xb8 C:/ISIS/workspace/GivatShmuel/Base-Aug-2019/GlobusSatProject/..//hal/hcc/lib\libHCCD.a(safefat.o)
                0x2001d43c                safe_cfremove
 .text.safe_writede
                0x2001d4f4      0x104 C:/ISIS/workspace/GivatShmuel/Base-Aug-2019/GlobusSatProject/..//hal/hcc/lib\libHCCD.a(safefat.o)
                0x2001d4f4                safe_writede
 .text.safe_setcluster
                0x2001d5f8       0xcc C:/ISIS/workspace/GivatShmuel/Base-Aug-2019/GlobusSatProject/..//hal/hcc/lib\libHCCD.a(safefat.o)
                0x2001d5f8                safe_setcluster
 .text.safe_deletechain
                0x2001d6c4      0x1c8 C:/ISIS/workspace/GivatShmuel/Base-Aug-2019/GlobusSatProject/..//hal/hcc/lib\libHCCD.a(safefat.o)
                0x2001d6c4                safe_deletechain
 .text.safe_cfclose
                0x2001d88c      0x104 C:/ISIS/workspace/GivatShmuel/Base-Aug-2019/GlobusSatProject/..//hal/hcc/lib\libHCCD.a(safefat.o)
                0x2001d88c                safe_cfclose
 .text.safe_cfflush
                0x2001d990      0x124 C:/ISIS/workspace/GivatShmuel/Base-Aug-2019/GlobusSatProject/..//hal/hcc/lib\libHCCD.a(safefat.o)
                0x2001d990                safe_cfflush
 .text.safe_reset
                0x2001dab4       0x78 C:/ISIS/workspace/GivatShmuel/Base-Aug-2019/GlobusSatProject/..//hal/hcc/lib\libHCCD.a(safefat.o)
                0x2001dab4                safe_reset
 .text.safe_loadcommands
                0x2001db2c       0x78 C:/ISIS/workspace/GivatShmuel/Base-Aug-2019/GlobusSatProject/..//hal/hcc/lib\libHCCD.a(safefat.o)
                0x2001db2c                safe_loadcommands
 .text.safe_poweron
                0x2001dba4      0x1fc C:/ISIS/workspace/GivatShmuel/Base-Aug-2019/GlobusSatProject/..//hal/hcc/lib\libHCCD.a(safefat.o)
                0x2001dba4                safe_poweron
 .text.cf_getname
                0x2001dda0       0xc0 C:/ISIS/workspace/GivatShmuel/Base-Aug-2019/GlobusSatProject/..//hal/hcc/lib\libHCCD.a(safefat.o)
 .text.cf_copyclusterchain
                0x2001de60      0x138 C:/ISIS/workspace/GivatShmuel/Base-Aug-2019/GlobusSatProject/..//hal/hcc/lib\libHCCD.a(safefat.o)
 .text.cf_seektozero
                0x2001df98       0x94 C:/ISIS/workspace/GivatShmuel/Base-Aug-2019/GlobusSatProject/..//hal/hcc/lib\libHCCD.a(safefat.o)
                0x2001df98                cf_seektozero
 .text.cf_create
                0x2001e02c      0x3a8 C:/ISIS/workspace/GivatShmuel/Base-Aug-2019/GlobusSatProject/..//hal/hcc/lib\libHCCD.a(safefat.o)
                0x2001e02c                cf_create
 .text.cf_copyclustercontent
                0x2001e3d4      0x128 C:/ISIS/workspace/GivatShmuel/Base-Aug-2019/GlobusSatProject/..//hal/hcc/lib\libHCCD.a(safefat.o)
                0x2001e3d4                cf_copyclustercontent
 .text.cf_copycfn
                0x2001e4fc      0x4bc C:/ISIS/workspace/GivatShmuel/Base-Aug-2019/GlobusSatProject/..//hal/hcc/lib\libHCCD.a(safefat.o)
                0x2001e4fc                cf_copycfn
 .text.cf_remove
                0x2001e9b8      0x344 C:/ISIS/workspace/GivatShmuel/Base-Aug-2019/GlobusSatProject/..//hal/hcc/lib\libHCCD.a(safefat.o)
                0x2001e9b8                cf_remove
 .text.cf_setclusternew
                0x2001ecfc       0xf0 C:/ISIS/workspace/GivatShmuel/Base-Aug-2019/GlobusSatProject/..//hal/hcc/lib\libHCCD.a(safefat.o)
                0x2001ecfc                cf_setclusternew
 .text.cf_flush
                0x2001edec       0x58 C:/ISIS/workspace/GivatShmuel/Base-Aug-2019/GlobusSatProject/..//hal/hcc/lib\libHCCD.a(safefat.o)
                0x2001edec                cf_flush
 .text.cf_getcluster
                0x2001ee44      0x1b4 C:/ISIS/workspace/GivatShmuel/Base-Aug-2019/GlobusSatProject/..//hal/hcc/lib\libHCCD.a(safefat.o)
                0x2001ee44                cf_getcluster
 .text.cf_setnextcluster
                0x2001eff8      0x194 C:/ISIS/workspace/GivatShmuel/Base-Aug-2019/GlobusSatProject/..//hal/hcc/lib\libHCCD.a(safefat.o)
                0x2001eff8                cf_setnextcluster
 .text.cf_getpositions
                0x2001f18c       0xbc C:/ISIS/workspace/GivatShmuel/Base-Aug-2019/GlobusSatProject/..//hal/hcc/lib\libHCCD.a(safefat.o)
                0x2001f18c                cf_getpositions
 .text.cf_setpositions
                0x2001f248       0xb0 C:/ISIS/workspace/GivatShmuel/Base-Aug-2019/GlobusSatProject/..//hal/hcc/lib\libHCCD.a(safefat.o)
                0x2001f248                cf_setpositions
 .text.cf_opensyncafile
                0x2001f2f8      0x150 C:/ISIS/workspace/GivatShmuel/Base-Aug-2019/GlobusSatProject/..//hal/hcc/lib\libHCCD.a(safefat.o)
                0x2001f2f8                cf_opensyncafile
 .text.cf_reloadcfo
                0x2001f448       0xd8 C:/ISIS/workspace/GivatShmuel/Base-Aug-2019/GlobusSatProject/..//hal/hcc/lib\libHCCD.a(safefat.o)
                0x2001f448                cf_reloadcfo
 .text.mcipdc_cmd
                0x2001f520      0x22c C:/ISIS/workspace/GivatShmuel/Base-Aug-2019/GlobusSatProject/..//hal/hcc/lib\libHCCD.a(atmel_mcipdc.o)
 .text.mcipdc_stop
                0x2001f74c       0xfc C:/ISIS/workspace/GivatShmuel/Base-Aug-2019/GlobusSatProject/..//hal/hcc/lib\libHCCD.a(atmel_mcipdc.o)
                0x2001f74c                mcipdc_stop
 .text.mcipdc_read
                0x2001f848      0x27c C:/ISIS/workspace/GivatShmuel/Base-Aug-2019/GlobusSatProject/..//hal/hcc/lib\libHCCD.a(atmel_mcipdc.o)
 .text.mcipdc_write
                0x2001fac4      0x298 C:/ISIS/workspace/GivatShmuel/Base-Aug-2019/GlobusSatProject/..//hal/hcc/lib\libHCCD.a(atmel_mcipdc.o)
 .text.mcipdc_readsector
                0x2001fd5c       0x9c C:/ISIS/workspace/GivatShmuel/Base-Aug-2019/GlobusSatProject/..//hal/hcc/lib\libHCCD.a(atmel_mcipdc.o)
                0x2001fd5c                mcipdc_readsector
 .text.mcipdc_readmultiplesector
                0x2001fdf8      0x124 C:/ISIS/workspace/GivatShmuel/Base-Aug-2019/GlobusSatProject/..//hal/hcc/lib\libHCCD.a(atmel_mcipdc.o)
                0x2001fdf8                mcipdc_readmultiplesector
 .text.mcipdc_writesector
                0x2001ff1c       0x90 C:/ISIS/workspace/GivatShmuel/Base-Aug-2019/GlobusSatProject/..//hal/hcc/lib\libHCCD.a(atmel_mcipdc.o)
                0x2001ff1c                mcipdc_writesector
 .text.mcipdc_writemultiplesector
                0x2001ffac      0x120 C:/ISIS/workspace/GivatShmuel/Base-Aug-2019/GlobusSatProject/..//hal/hcc/lib\libHCCD.a(atmel_mcipdc.o)
                0x2001ffac                mcipdc_writemultiplesector
 .text.mcipdc_set_speed
                0x200200cc       0xb0 C:/ISIS/workspace/GivatShmuel/Base-Aug-2019/GlobusSatProject/..//hal/hcc/lib\libHCCD.a(atmel_mcipdc.o)
 .text.mcipdc_get_speed
                0x2002017c       0x48 C:/ISIS/workspace/GivatShmuel/Base-Aug-2019/GlobusSatProject/..//hal/hcc/lib\libHCCD.a(atmel_mcipdc.o)
 .text._get_csd_bits
                0x200201c4      0x14c C:/ISIS/workspace/GivatShmuel/Base-Aug-2019/GlobusSatProject/..//hal/hcc/lib\libHCCD.a(atmel_mcipdc.o)
 .text.mcipdc_initcard
                0x20020310      0x8f4 C:/ISIS/workspace/GivatShmuel/Base-Aug-2019/GlobusSatProject/..//hal/hcc/lib\libHCCD.a(atmel_mcipdc.o)
 .text.mcipdc_getstatus
                0x20020c04       0xe8 C:/ISIS/workspace/GivatShmuel/Base-Aug-2019/GlobusSatProject/..//hal/hcc/lib\libHCCD.a(atmel_mcipdc.o)
 .text.mcipdc_getphy
                0x20020cec       0x90 C:/ISIS/workspace/GivatShmuel/Base-Aug-2019/GlobusSatProject/..//hal/hcc/lib\libHCCD.a(atmel_mcipdc.o)
 .text.mcipdc_release
                0x20020d7c       0x50 C:/ISIS/workspace/GivatShmuel/Base-Aug-2019/GlobusSatProject/..//hal/hcc/lib\libHCCD.a(atmel_mcipdc.o)
 .text.atmel_mcipdc_initfunc
                0x20020dcc      0x160 C:/ISIS/workspace/GivatShmuel/Base-Aug-2019/GlobusSatProject/..//hal/hcc/lib\libHCCD.a(atmel_mcipdc.o)
                0x20020dcc                atmel_mcipdc_initfunc
 .text.oal_mutex_create
                0x20020f2c       0x54 C:/ISIS/workspace/GivatShmuel/Base-Aug-2019/GlobusSatProject/..//hal/hcc/lib\libHCCD.a(oalp_mutex.o)
                0x20020f2c                oal_mutex_create
 .text.oal_mutex_delete
                0x20020f80       0x30 C:/ISIS/workspace/GivatShmuel/Base-Aug-2019/GlobusSatProject/..//hal/hcc/lib\libHCCD.a(oalp_mutex.o)
                0x20020f80                oal_mutex_delete
 .text.oal_mutex_get
                0x20020fb0       0x58 C:/ISIS/workspace/GivatShmuel/Base-Aug-2019/GlobusSatProject/..//hal/hcc/lib\libHCCD.a(oalp_mutex.o)
                0x20020fb0                oal_mutex_get
 .text.oal_mutex_put
                0x20021008       0x58 C:/ISIS/workspace/GivatShmuel/Base-Aug-2019/GlobusSatProject/..//hal/hcc/lib\libHCCD.a(oalp_mutex.o)
                0x20021008                oal_mutex_put
 .text.oal_task_get_id
                0x20021060       0x18 C:/ISIS/workspace/GivatShmuel/Base-Aug-2019/GlobusSatProject/..//hal/hcc/lib\libHCCD.a(oalp_task.o)
                0x20021060                oal_task_get_id
 .text.mcipdc_hw_init
                0x20021078       0xe8 C:/ISIS/workspace/GivatShmuel/Base-Aug-2019/GlobusSatProject/..//hal/hcc/lib\libHCCD.a(atmel_mcipdc_hw.o)
                0x20021078                mcipdc_hw_init
 .text.mcipdc_hw_delete
                0x20021160       0x78 C:/ISIS/workspace/GivatShmuel/Base-Aug-2019/GlobusSatProject/..//hal/hcc/lib\libHCCD.a(atmel_mcipdc_hw.o)
                0x20021160                mcipdc_hw_delete
 .text.mcipdc_hw_card_plugged
                0x200211d8       0x1c C:/ISIS/workspace/GivatShmuel/Base-Aug-2019/GlobusSatProject/..//hal/hcc/lib\libHCCD.a(atmel_mcipdc_hw.o)
                0x200211d8                mcipdc_hw_card_plugged
 .text.mcipdc_hw_card_writeprotect
                0x200211f4       0x1c C:/ISIS/workspace/GivatShmuel/Base-Aug-2019/GlobusSatProject/..//hal/hcc/lib\libHCCD.a(atmel_mcipdc_hw.o)
                0x200211f4                mcipdc_hw_card_writeprotect
 .text.psp_getcurrenttimedate
                0x20021210       0x8c C:/ISIS/workspace/GivatShmuel/Base-Aug-2019/GlobusSatProject/..//hal/hcc/lib\libHCCD.a(psp_rtc.o)
                0x20021210                psp_getcurrenttimedate
 .text._hcc_get_buf_dsc
                0x2002129c       0x8c C:/ISIS/workspace/GivatShmuel/Base-Aug-2019/GlobusSatProject/..//hal/hcc/lib\libHCCD.a(hcc_mem.o)
 .text._hcc_check_free_pages
                0x20021328      0x18c C:/ISIS/workspace/GivatShmuel/Base-Aug-2019/GlobusSatProject/..//hal/hcc/lib\libHCCD.a(hcc_mem.o)
 .text._hcc_mark_pages
                0x200214b4      0x158 C:/ISIS/workspace/GivatShmuel/Base-Aug-2019/GlobusSatProject/..//hal/hcc/lib\libHCCD.a(hcc_mem.o)
 .text._hcc_clear_lock_dsc
                0x2002160c       0x80 C:/ISIS/workspace/GivatShmuel/Base-Aug-2019/GlobusSatProject/..//hal/hcc/lib\libHCCD.a(hcc_mem.o)
 .text._hcc_lock_access
                0x2002168c      0x128 C:/ISIS/workspace/GivatShmuel/Base-Aug-2019/GlobusSatProject/..//hal/hcc/lib\libHCCD.a(hcc_mem.o)
 .text._hcc_unlock_access
                0x200217b4       0x30 C:/ISIS/workspace/GivatShmuel/Base-Aug-2019/GlobusSatProject/..//hal/hcc/lib\libHCCD.a(hcc_mem.o)
 .text.hcc_mem_alloc
                0x200217e4      0x454 C:/ISIS/workspace/GivatShmuel/Base-Aug-2019/GlobusSatProject/..//hal/hcc/lib\libHCCD.a(hcc_mem.o)
                0x200217e4                hcc_mem_alloc
 .text.hcc_mem_free
                0x20021c38      0x178 C:/ISIS/workspace/GivatShmuel/Base-Aug-2019/GlobusSatProject/..//hal/hcc/lib\libHCCD.a(hcc_mem.o)
                0x20021c38                hcc_mem_free
 .text.hcc_mem_add
                0x20021db0      0x3b0 C:/ISIS/workspace/GivatShmuel/Base-Aug-2019/GlobusSatProject/..//hal/hcc/lib\libHCCD.a(hcc_mem.o)
                0x20021db0                hcc_mem_add
 .text.hcc_mem_init
                0x20022160      0x164 C:/ISIS/workspace/GivatShmuel/Base-Aug-2019/GlobusSatProject/..//hal/hcc/lib\libHCCD.a(hcc_mem.o)
                0x20022160                hcc_mem_init
 .text.hcc_mem_delete
                0x200222c4       0x94 C:/ISIS/workspace/GivatShmuel/Base-Aug-2019/GlobusSatProject/..//hal/hcc/lib\libHCCD.a(hcc_mem.o)
                0x200222c4                hcc_mem_delete
 .text._f_invalidatedir
                0x20022358       0x28 C:/ISIS/workspace/GivatShmuel/Base-Aug-2019/GlobusSatProject/..//hal/hcc/lib\libHCCD.a(fat.o)
                0x20022358                _f_invalidatedir
 .text._f_getdirsector
                0x20022380       0x88 C:/ISIS/workspace/GivatShmuel/Base-Aug-2019/GlobusSatProject/..//hal/hcc/lib\libHCCD.a(fat.o)
                0x20022380                _f_getdirsector
 .text._f_writedirsector
                0x20022408       0x74 C:/ISIS/workspace/GivatShmuel/Base-Aug-2019/GlobusSatProject/..//hal/hcc/lib\libHCCD.a(fat.o)
                0x20022408                _f_writedirsector
 .text._f_checknameinv
                0x2002247c      0x180 C:/ISIS/workspace/GivatShmuel/Base-Aug-2019/GlobusSatProject/..//hal/hcc/lib\libHCCD.a(fat.o)
 .text._f_checkname
                0x200225fc       0x7c C:/ISIS/workspace/GivatShmuel/Base-Aug-2019/GlobusSatProject/..//hal/hcc/lib\libHCCD.a(fat.o)
 .text._f_checknamewc
                0x20022678       0xf8 C:/ISIS/workspace/GivatShmuel/Base-Aug-2019/GlobusSatProject/..//hal/hcc/lib\libHCCD.a(fat.o)
 .text._f_setnameext
                0x20022770      0x300 C:/ISIS/workspace/GivatShmuel/Base-Aug-2019/GlobusSatProject/..//hal/hcc/lib\libHCCD.a(fat.o)
 .text._f_setfsname
                0x20022a70      0x584 C:/ISIS/workspace/GivatShmuel/Base-Aug-2019/GlobusSatProject/..//hal/hcc/lib\libHCCD.a(fat.o)
 .text._f_findfile
                0x20022ff4      0x30c C:/ISIS/workspace/GivatShmuel/Base-Aug-2019/GlobusSatProject/..//hal/hcc/lib\libHCCD.a(fat.o)
 .text._f_cmp_wname
                0x20023300      0x274 C:/ISIS/workspace/GivatShmuel/Base-Aug-2019/GlobusSatProject/..//hal/hcc/lib\libHCCD.a(fat.o)
 .text._f_to_string
                0x20023574      0x130 C:/ISIS/workspace/GivatShmuel/Base-Aug-2019/GlobusSatProject/..//hal/hcc/lib\libHCCD.a(fat.o)
 .text._f_findfilewc
                0x200236a4      0x278 C:/ISIS/workspace/GivatShmuel/Base-Aug-2019/GlobusSatProject/..//hal/hcc/lib\libHCCD.a(fat.o)
 .text._f_getfilename
                0x2002391c      0x20c C:/ISIS/workspace/GivatShmuel/Base-Aug-2019/GlobusSatProject/..//hal/hcc/lib\libHCCD.a(fat.o)
 .text._f_findpath
                0x20023b28      0x35c C:/ISIS/workspace/GivatShmuel/Base-Aug-2019/GlobusSatProject/..//hal/hcc/lib\libHCCD.a(fat.o)
 .text.fn_getdcwd
                0x20023e84      0x1e0 C:/ISIS/workspace/GivatShmuel/Base-Aug-2019/GlobusSatProject/..//hal/hcc/lib\libHCCD.a(fat.o)
                0x20023e84                fn_getdcwd
 .text.fn_findfirst
                0x20024064      0x13c C:/ISIS/workspace/GivatShmuel/Base-Aug-2019/GlobusSatProject/..//hal/hcc/lib\libHCCD.a(fat.o)
                0x20024064                fn_findfirst
 .text.fn_findnext
                0x200241a0      0x360 C:/ISIS/workspace/GivatShmuel/Base-Aug-2019/GlobusSatProject/..//hal/hcc/lib\libHCCD.a(fat.o)
                0x200241a0                fn_findnext
 .text._f_lock_resfile
                0x20024500       0x6c C:/ISIS/workspace/GivatShmuel/Base-Aug-2019/GlobusSatProject/..//hal/hcc/lib\libHCCD.a(fat.o)
 .text._f_unlock_resfile
                0x2002456c       0x40 C:/ISIS/workspace/GivatShmuel/Base-Aug-2019/GlobusSatProject/..//hal/hcc/lib\libHCCD.a(fat.o)
 .text._f_getintfile
                0x200245ac      0x124 C:/ISIS/workspace/GivatShmuel/Base-Aug-2019/GlobusSatProject/..//hal/hcc/lib\libHCCD.a(fat.o)
 .text._f_addentry
                0x200246d0      0x540 C:/ISIS/workspace/GivatShmuel/Base-Aug-2019/GlobusSatProject/..//hal/hcc/lib\libHCCD.a(fat.o)
 .text.fn_filelength
                0x20024c10      0x1cc C:/ISIS/workspace/GivatShmuel/Base-Aug-2019/GlobusSatProject/..//hal/hcc/lib\libHCCD.a(fat.o)
                0x20024c10                fn_filelength
 .text.fn_open_sub
                0x20024ddc     0x1698 C:/ISIS/workspace/GivatShmuel/Base-Aug-2019/GlobusSatProject/..//hal/hcc/lib\libHCCD.a(fat.o)
 .text.fn_open  0x20026474       0x44 C:/ISIS/workspace/GivatShmuel/Base-Aug-2019/GlobusSatProject/..//hal/hcc/lib\libHCCD.a(fat.o)
                0x20026474                fn_open
 .text.fn_delete
                0x200264b8      0x490 C:/ISIS/workspace/GivatShmuel/Base-Aug-2019/GlobusSatProject/..//hal/hcc/lib\libHCCD.a(fat.o)
                0x200264b8                fn_delete
 .text.hcc_mem_buf_alloc
                0x20026948       0xe4 C:/ISIS/workspace/GivatShmuel/Base-Aug-2019/GlobusSatProject/..//hal/hcc/lib\libHCCD.a(psp_hcc_mem.o)
                0x20026948                hcc_mem_buf_alloc
 .text.hcc_mem_buf_free
                0x20026a2c       0x6c C:/ISIS/workspace/GivatShmuel/Base-Aug-2019/GlobusSatProject/..//hal/hcc/lib\libHCCD.a(psp_hcc_mem.o)
                0x20026a2c                hcc_mem_buf_free
 .text.makeAntStransfer
                0x20026a98       0x4c C:/ISIS/workspace/GivatShmuel/Base-Aug-2019/GlobusSatProject/..//satellite-subsystems/satellite-subsystems/lib\libSatelliteSubsystemsD.a(IsisAntS.o)
 .text.checkInputsValid
                0x20026ae4       0x7c C:/ISIS/workspace/GivatShmuel/Base-Aug-2019/GlobusSatProject/..//satellite-subsystems/satellite-subsystems/lib\libSatelliteSubsystemsD.a(IsisAntS.o)
 .text.IsisAntS_initialize
                0x20026b60      0x26c C:/ISIS/workspace/GivatShmuel/Base-Aug-2019/GlobusSatProject/..//satellite-subsystems/satellite-subsystems/lib\libSatelliteSubsystemsD.a(IsisAntS.o)
                0x20026b60                IsisAntS_initialize
 .text.IsisAntS_setArmStatus
                0x20026dcc      0x104 C:/ISIS/workspace/GivatShmuel/Base-Aug-2019/GlobusSatProject/..//satellite-subsystems/satellite-subsystems/lib\libSatelliteSubsystemsD.a(IsisAntS.o)
                0x20026dcc                IsisAntS_setArmStatus
 .text.IsisAntS_getStatusData
                0x20026ed0      0x120 C:/ISIS/workspace/GivatShmuel/Base-Aug-2019/GlobusSatProject/..//satellite-subsystems/satellite-subsystems/lib\libSatelliteSubsystemsD.a(IsisAntS.o)
                0x20026ed0                IsisAntS_getStatusData
 .text.IsisAntS_getUptime
                0x20026ff0      0x120 C:/ISIS/workspace/GivatShmuel/Base-Aug-2019/GlobusSatProject/..//satellite-subsystems/satellite-subsystems/lib\libSatelliteSubsystemsD.a(IsisAntS.o)
                0x20026ff0                IsisAntS_getUptime
 .text.IsisAntS_getAlltelemetry
                0x20027110      0x120 C:/ISIS/workspace/GivatShmuel/Base-Aug-2019/GlobusSatProject/..//satellite-subsystems/satellite-subsystems/lib\libSatelliteSubsystemsD.a(IsisAntS.o)
                0x20027110                IsisAntS_getAlltelemetry
 .text.IsisAntS_reset
                0x20027230      0x104 C:/ISIS/workspace/GivatShmuel/Base-Aug-2019/GlobusSatProject/..//satellite-subsystems/satellite-subsystems/lib\libSatelliteSubsystemsD.a(IsisAntS.o)
                0x20027230                IsisAntS_reset
 .text.IsisAntS_cancelDeployment
                0x20027334      0x104 C:/ISIS/workspace/GivatShmuel/Base-Aug-2019/GlobusSatProject/..//satellite-subsystems/satellite-subsystems/lib\libSatelliteSubsystemsD.a(IsisAntS.o)
                0x20027334                IsisAntS_cancelDeployment
 .text.IsisAntS_autoDeployment
                0x20027438      0x114 C:/ISIS/workspace/GivatShmuel/Base-Aug-2019/GlobusSatProject/..//satellite-subsystems/satellite-subsystems/lib\libSatelliteSubsystemsD.a(IsisAntS.o)
                0x20027438                IsisAntS_autoDeployment
 .text.IsisSolarPanelv2_getTemperature
                0x2002754c       0xc8 C:/ISIS/workspace/GivatShmuel/Base-Aug-2019/GlobusSatProject/..//satellite-subsystems/satellite-subsystems/lib\libSatelliteSubsystemsD.a(IsisSolarPanelv2.o)
                0x2002754c                IsisSolarPanelv2_getTemperature
 .text.IsisSolarPanelv2_getState
                0x20027614       0x24 C:/ISIS/workspace/GivatShmuel/Base-Aug-2019/GlobusSatProject/..//satellite-subsystems/satellite-subsystems/lib\libSatelliteSubsystemsD.a(IsisSolarPanelv2.o)
                0x20027614                IsisSolarPanelv2_getState
 .text._InitiateConversion
                0x20027638       0xac C:/ISIS/workspace/GivatShmuel/Base-Aug-2019/GlobusSatProject/..//satellite-subsystems/satellite-subsystems/lib\libSatelliteSubsystemsD.a(IsisSolarPanelv2.o)
 .text._WaitForConversionComplete
                0x200276e4      0x100 C:/ISIS/workspace/GivatShmuel/Base-Aug-2019/GlobusSatProject/..//satellite-subsystems/satellite-subsystems/lib\libSatelliteSubsystemsD.a(IsisSolarPanelv2.o)
 .text._ReadResult
                0x200277e4      0x158 C:/ISIS/workspace/GivatShmuel/Base-Aug-2019/GlobusSatProject/..//satellite-subsystems/satellite-subsystems/lib\libSatelliteSubsystemsD.a(IsisSolarPanelv2.o)
 .text._ExtractByte
                0x2002793c       0x38 C:/ISIS/workspace/GivatShmuel/Base-Aug-2019/GlobusSatProject/..//satellite-subsystems/satellite-subsystems/lib\libSatelliteSubsystemsD.a(IsisSolarPanelv2.o)
 .text._ExtendSign
                0x20027974       0x6c C:/ISIS/workspace/GivatShmuel/Base-Aug-2019/GlobusSatProject/..//satellite-subsystems/satellite-subsystems/lib\libSatelliteSubsystemsD.a(IsisSolarPanelv2.o)
 .text._SpiWriteRead
                0x200279e0       0x70 C:/ISIS/workspace/GivatShmuel/Base-Aug-2019/GlobusSatProject/..//satellite-subsystems/satellite-subsystems/lib\libSatelliteSubsystemsD.a(IsisSolarPanelv2.o)
 .text.IsisTrxvu_initialize