Archive member included because of file (symbol)

c:/isis/application/toolchain/bin/../lib/gcc/arm-none-eabi/4.7.4/../../../../arm-none-eabi/lib\libc_s.a(lib_a-vfprintf_float.o)
                              (_printf_float)
c:/isis/application/toolchain/bin/../lib/gcc/arm-none-eabi/4.7.4/../../../../arm-none-eabi/lib\libc_s.a(lib_a-vfprintf_i.o)
                              c:/isis/application/toolchain/bin/../lib/gcc/arm-none-eabi/4.7.4/../../../../arm-none-eabi/lib\libc_s.a(lib_a-vfprintf_float.o) (_printf_common)
c:/isis/application/toolchain/bin/../lib/gcc/arm-none-eabi/4.7.4/../../../../arm-none-eabi/lib\libc_s.a(lib_a-vfscanf_float.o)
                              (_scanf_float)
c:/isis/application/toolchain/bin/../lib/gcc/arm-none-eabi/4.7.4/../../../../arm-none-eabi/lib\libc_s.a(lib_a-dtoa.o)
                              c:/isis/application/toolchain/bin/../lib/gcc/arm-none-eabi/4.7.4/../../../../arm-none-eabi/lib\libc_s.a(lib_a-vfprintf_float.o) (_dtoa_r)
c:/isis/application/toolchain/bin/../lib/gcc/arm-none-eabi/4.7.4/../../../../arm-none-eabi/lib\libc_s.a(lib_a-locale.o)
                              c:/isis/application/toolchain/bin/../lib/gcc/arm-none-eabi/4.7.4/../../../../arm-none-eabi/lib\libc_s.a(lib_a-vfprintf_float.o) (_localeconv_r)
c:/isis/application/toolchain/bin/../lib/gcc/arm-none-eabi/4.7.4/../../../../arm-none-eabi/lib\libc_s.a(lib_a-malloc.o)
                              c:/isis/application/toolchain/bin/../lib/gcc/arm-none-eabi/4.7.4/../../../../arm-none-eabi/lib\libc_s.a(lib_a-dtoa.o) (malloc)
c:/isis/application/toolchain/bin/../lib/gcc/arm-none-eabi/4.7.4/../../../../arm-none-eabi/lib\libc_s.a(lib_a-mallocr.o)
                              c:/isis/application/toolchain/bin/../lib/gcc/arm-none-eabi/4.7.4/../../../../arm-none-eabi/lib\libc_s.a(lib_a-malloc.o) (_malloc_r)
c:/isis/application/toolchain/bin/../lib/gcc/arm-none-eabi/4.7.4/../../../../arm-none-eabi/lib\libc_s.a(lib_a-memcpy.o)
                              c:/isis/application/toolchain/bin/../lib/gcc/arm-none-eabi/4.7.4/../../../../arm-none-eabi/lib\libc_s.a(lib_a-dtoa.o) (memcpy)
c:/isis/application/toolchain/bin/../lib/gcc/arm-none-eabi/4.7.4/../../../../arm-none-eabi/lib\libc_s.a(lib_a-mprec.o)
                              c:/isis/application/toolchain/bin/../lib/gcc/arm-none-eabi/4.7.4/../../../../arm-none-eabi/lib\libc_s.a(lib_a-dtoa.o) (_Balloc)
c:/isis/application/toolchain/bin/../lib/gcc/arm-none-eabi/4.7.4/../../../../arm-none-eabi/lib\libc_s.a(lib_a-s_fpclassify.o)
                              c:/isis/application/toolchain/bin/../lib/gcc/arm-none-eabi/4.7.4/../../../../arm-none-eabi/lib\libc_s.a(lib_a-vfprintf_float.o) (__fpclassifyd)
c:/isis/application/toolchain/bin/../lib/gcc/arm-none-eabi/4.7.4/../../../../arm-none-eabi/lib\libc_s.a(lib_a-sbrkr.o)
                              c:/isis/application/toolchain/bin/../lib/gcc/arm-none-eabi/4.7.4/../../../../arm-none-eabi/lib\libc_s.a(lib_a-mallocr.o) (_sbrk_r)
c:/isis/application/toolchain/bin/../lib/gcc/arm-none-eabi/4.7.4/../../../../arm-none-eabi/lib\libc_s.a(lib_a-sf_nan.o)
                              c:/isis/application/toolchain/bin/../lib/gcc/arm-none-eabi/4.7.4/../../../../arm-none-eabi/lib\libc_s.a(lib_a-vfscanf_float.o) (nanf)
c:/isis/application/toolchain/bin/../lib/gcc/arm-none-eabi/4.7.4/../../../../arm-none-eabi/lib\libc_s.a(lib_a-sprintf.o)
                              c:/isis/application/toolchain/bin/../lib/gcc/arm-none-eabi/4.7.4/../../../../arm-none-eabi/lib\libc_s.a(lib_a-vfscanf_float.o) (sprintf)
c:/isis/application/toolchain/bin/../lib/gcc/arm-none-eabi/4.7.4/../../../../arm-none-eabi/lib\libc_s.a(lib_a-strcmp.o)
                              c:/isis/application/toolchain/bin/../lib/gcc/arm-none-eabi/4.7.4/../../../../arm-none-eabi/lib\libc_s.a(lib_a-locale.o) (strcmp)
c:/isis/application/toolchain/bin/../lib/gcc/arm-none-eabi/4.7.4/../../../../arm-none-eabi/lib\libc_s.a(lib_a-strlen.o)
                              c:/isis/application/toolchain/bin/../lib/gcc/arm-none-eabi/4.7.4/../../../../arm-none-eabi/lib\libc_s.a(lib_a-vfprintf_float.o) (strlen)
c:/isis/application/toolchain/bin/../lib/gcc/arm-none-eabi/4.7.4/../../../../arm-none-eabi/lib\libc_s.a(lib_a-strtod.o)
                              c:/isis/application/toolchain/bin/../lib/gcc/arm-none-eabi/4.7.4/../../../../arm-none-eabi/lib\libc_s.a(lib_a-vfscanf_float.o) (_strtod_r)
c:/isis/application/toolchain/bin/../lib/gcc/arm-none-eabi/4.7.4/../../../../arm-none-eabi/lib\libc_s.a(lib_a-strtol.o)
                              c:/isis/application/toolchain/bin/../lib/gcc/arm-none-eabi/4.7.4/../../../../arm-none-eabi/lib\libc_s.a(lib_a-vfscanf_float.o) (_strtol_r)
c:/isis/application/toolchain/bin/../lib/gcc/arm-none-eabi/4.7.4/../../../../arm-none-eabi/lib\libc_s.a(lib_a-svfprintf.o)
                              c:/isis/application/toolchain/bin/../lib/gcc/arm-none-eabi/4.7.4/../../../../arm-none-eabi/lib\libc_s.a(lib_a-sprintf.o) (_svfprintf_r)
[...]
Memory Configuration

Name             Origin             Length             Attributes
sram0            0x00200000         0x00004000         w !xr
sram1            0x00300000         0x00004000         w !xr
sdram            0x20000000         0x02000000         w !xr
*default*        0x00000000         0xffffffff

Linker script and memory map

LOAD c:/isis/application/toolchain/bin/../lib/gcc/arm-none-eabi/4.7.4/../../../../arm-none-eabi/lib\libc_s.a
LOAD ./src/TestingDemos/CommandsTestingDemo.o
LOAD ./src/TestingDemos/EpsTestingDemo.o
LOAD ./src/TestingDemos/FileSystemTestingDemo.o
LOAD ./src/TestingDemos/MainTest.o
LOAD ./src/TestingDemos/MaintenanceTestingDemo.o
LOAD ./src/TestingDemos/TelemetryTestingDemo.o
LOAD ./src/TestingDemos/TrxvuTestingDemo.o
LOAD ./src/SubSystemModules/PowerManagment/EPS.o
LOAD ./src/SubSystemModules/PowerManagment/EPSOperationModes.o
LOAD ./src/SubSystemModules/Maintenance/Log.o
LOAD ./src/SubSystemModules/Maintenance/Maintenance.o
LOAD ./src/SubSystemModules/Housekepping/Dump.o
LOAD ./src/SubSystemModules/Housekepping/TelemetryCollector.o
LOAD ./src/SubSystemModules/Communication/SubsystemCommands/EPS_Commands.o
LOAD ./src/SubSystemModules/Communication/SubsystemCommands/FS_Commands.o
LOAD ./src/SubSystemModules/Communication/SubsystemCommands/Maintanence_Commands.o
LOAD ./src/SubSystemModules/Communication/SubsystemCommands/TRXVU_Commands.o
LOAD ./src/SubSystemModules/Communication/AckHandler.o
LOAD ./src/SubSystemModules/Communication/ActUponCommand.o
LOAD ./src/SubSystemModules/Communication/Beacon.o
LOAD ./src/SubSystemModules/Communication/CommandDictionary.o
LOAD ./src/SubSystemModules/Communication/SatCommandHandler.o
LOAD ./src/SubSystemModules/Communication/SatDataTx.o
LOAD ./src/SubSystemModules/Communication/TRXVU.o
LOAD ./src/SubSystemModules/Communication/Transponder.o
LOAD ./src/InitSystem.o
LOAD ./src/TLM_management.o
LOAD ./src/main.o
LOAD C:/Users/ground/Documents/GitHub/tevel2/GlobusSatProject/..//hal/hal/lib\libHALD.a
LOAD C:/Users/ground/Documents/GitHub/tevel2/GlobusSatProject/..//hal/hcc/lib\libHCCD.a
LOAD C:/Users/ground/Documents/GitHub/tevel2/GlobusSatProject/..//satellite-subsystems/satellite-subsystems/lib\libSatelliteSubsystemsD.a
LOAD C:/Users/ground/Documents/GitHub/tevel2/GlobusSatProject/..//hal/freertos/lib\libFreeRTOSD.a
LOAD C:/Users/ground/Documents/GitHub/tevel2/GlobusSatProject/..//hal/at91/lib\libAt91D.a
START GROUP
LOAD c:/isis/application/toolchain/bin/../lib/gcc/arm-none-eabi/4.7.4\libgcc.a
LOAD c:/isis/application/toolchain/bin/../lib/gcc/arm-none-eabi/4.7.4/../../../../arm-none-eabi/lib\libc_s.a
END GROUP

.fixed          0x20000000    0x37d54
                0x20000000                . = ALIGN (0x4)
                0x20000000                _sfixed = .
 *(.startup)
 .startup       0x20000000      0x184 C:/Users/ground/Documents/GitHub/tevel2/GlobusSatProject/..//hal/at91/lib\libAt91D.a(board_cstartup.o)
                0x20000000                entry
 *(.text)
 .text          0x20000184       0x64 C:/Users/ground/Documents/GitHub/tevel2/GlobusSatProject/..//hal/at91/lib\libAt91D.a(cp15_asm.o)
                0x20000184                _readControlRegister
                0x20000190                _writeControlRegister
                0x20000198                _waitForInterrupt
                0x200001a4                _writeTTB
                0x200001ac                _writeDomain
                0x200001b4                _writeITLBLockdown
                0x200001bc                _prefetchICacheLine
                0x200001c4                _flushDCache
                0x200001d0                _flushWriteBuffer
                0x200001dc                _invalidateIDTLBs
 .text          0x200001e8      0x114 c:/isis/application/toolchain/bin/../lib/gcc/arm-none-eabi/4.7.4\libgcc.a(_udivsi3.o)
                0x200001e8                __aeabi_uidiv
                0x200001e8                __udivsi3
                0x200002dc                __aeabi_uidivmod
 .text          0x200002fc      0x148 c:/isis/application/toolchain/bin/../lib/gcc/arm-none-eabi/4.7.4\libgcc.a(_divsi3.o)
                0x200002fc                __divsi3
                0x200002fc                __aeabi_idiv
                0x20000424                __aeabi_idivmod
 .text          0x20000444        0x4 c:/isis/application/toolchain/bin/../lib/gcc/arm-none-eabi/4.7.4\libgcc.a(_dvmd_tls.o)
                0x20000444                __aeabi_idiv0
                0x20000444                __aeabi_ldiv0
 .text          0x20000448      0x41c c:/isis/application/toolchain/bin/../lib/gcc/arm-none-eabi/4.7.4\libgcc.a(_arm_addsubdf3.o)
                0x20000448                __aeabi_drsub
                0x20000450                __aeabi_dsub
                0x20000450                __subdf3
                0x20000454                __aeabi_dadd
                0x20000454                __adddf3
                0x20000764                __floatunsidf
                0x20000764                __aeabi_ui2d
                0x20000788                __floatsidf
                0x20000788                __aeabi_i2d
                0x200007b0                __aeabi_f2d
                0x200007b0                __extendsfdf2
                0x200007f0                __floatundidf
                0x200007f0                __aeabi_ul2d
                0x20000804                __floatdidf
                0x20000804                __aeabi_l2d
 .text          0x20000864      0x49c c:/isis/application/toolchain/bin/../lib/gcc/arm-none-eabi/4.7.4\libgcc.a(_arm_muldivdf3.o)
                0x20000864                __aeabi_dmul
                0x20000864                __muldf3
                0x20000af4                __divdf3
                0x20000af4                __aeabi_ddiv
 .text          0x20000d00      0x144 c:/isis/application/toolchain/bin/../lib/gcc/arm-none-eabi/4.7.4\libgcc.a(_arm_cmpdf2.o)
                0x20000d00                __gtdf2
                0x20000d00                __gedf2
                0x20000d08                __ltdf2
                0x20000d08                __ledf2
                0x20000d10                __nedf2
                0x20000d10                __eqdf2
                0x20000d10                __cmpdf2
                0x20000d98                __aeabi_cdrcmple
                0x20000db4                __aeabi_cdcmpeq
                0x20000db4                __aeabi_cdcmple
                0x20000dcc                __aeabi_dcmpeq
                0x20000de4                __aeabi_dcmplt
                0x20000dfc                __aeabi_dcmple
                0x20000e14                __aeabi_dcmpge
                0x20000e2c                __aeabi_dcmpgt
 .text          0x20000e44       0x5c c:/isis/application/toolchain/bin/../lib/gcc/arm-none-eabi/4.7.4\libgcc.a(_arm_fixdfsi.o)
                0x20000e44                __aeabi_d2iz
                0x20000e44                __fixdfsi
 .text          0x20000ea0       0x54 c:/isis/application/toolchain/bin/../lib/gcc/arm-none-eabi/4.7.4\libgcc.a(_arm_fixunsdfsi.o)
                0x20000ea0                __aeabi_d2uiz
                0x20000ea0                __fixunsdfsi
 .text          0x20000ef4       0xa0 c:/isis/application/toolchain/bin/../lib/gcc/arm-none-eabi/4.7.4\libgcc.a(_arm_truncdfsf2.o)
                0x20000ef4                __truncdfsf2
                0x20000ef4                __aeabi_d2f
 .text          0x20000f94      0x2ac c:/isis/application/toolchain/bin/../lib/gcc/arm-none-eabi/4.7.4\libgcc.a(_arm_addsubsf3.o)
                0x20000f94                __aeabi_frsub
                0x20000f9c                __subsf3
                0x20000f9c                __aeabi_fsub
                0x20000fa0                __aeabi_fadd
                0x20000fa0                __addsf3
                0x2000115c                __aeabi_ui2f
                0x2000115c                __floatunsisf
                0x20001164                __aeabi_i2f
                0x20001164                __floatsisf
                0x20001184                __aeabi_ul2f
                0x20001184                __floatundisf
                0x20001194                __aeabi_l2f
                0x20001194                __floatdisf
 .text          0x20001240      0x2f8 c:/isis/application/toolchain/bin/../lib/gcc/arm-none-eabi/4.7.4\libgcc.a(_arm_muldivsf3.o)
                0x20001240                __mulsf3
                0x20001240                __aeabi_fmul
                0x200013d8                __aeabi_fdiv
                0x200013d8                __divsf3
 .text          0x20001538       0x54 c:/isis/application/toolchain/bin/../lib/gcc/arm-none-eabi/4.7.4\libgcc.a(_arm_fixunssfsi.o)
                0x20001538                __fixunssfsi
                0x20001538                __aeabi_f2uiz
 *(.text*)
 .text.__cvt    0x2000158c      0x138 c:/isis/application/toolchain/bin/../lib/gcc/arm-none-eabi/4.7.4/../../../../arm-none-eabi/lib\libc_s.a(lib_a-vfprintf_float.o)
                0x2000158c                __cvt
 .text.__exponent
                0x200016c4       0xa8 c:/isis/application/toolchain/bin/../lib/gcc/arm-none-eabi/4.7.4/../../../../arm-none-eabi/lib\libc_s.a(lib_a-vfprintf_float.o)
                0x200016c4                __exponent
 .text._printf_float
                0x2000176c      0x7dc c:/isis/application/toolchain/bin/../lib/gcc/arm-none-eabi/4.7.4/../../../../arm-none-eabi/lib\libc_s.a(lib_a-vfprintf_float.o)
                0x2000176c                _printf_float
 .text._printf_common
                0x20001f48      0x174 c:/isis/application/toolchain/bin/../lib/gcc/arm-none-eabi/4.7.4/../../../../arm-none-eabi/lib\libc_s.a(lib_a-vfprintf_i.o)
                0x20001f48                _printf_common
 .text._printf_i
                0x200020bc      0x3c4 c:/isis/application/toolchain/bin/../lib/gcc/arm-none-eabi/4.7.4/../../../../arm-none-eabi/lib\libc_s.a(lib_a-vfprintf_i.o)
                0x200020bc                _printf_i
 .text._scanf_float
                0x20002480      0x5f4 c:/isis/application/toolchain/bin/../lib/gcc/arm-none-eabi/4.7.4/../../../../arm-none-eabi/lib\libc_s.a(lib_a-vfscanf_float.o)
                0x20002480                _scanf_float
 .text.quorem   0x20002a74      0x1ac c:/isis/application/toolchain/bin/../lib/gcc/arm-none-eabi/4.7.4/../../../../arm-none-eabi/lib\libc_s.a(lib_a-dtoa.o)
 .text._dtoa_r  0x20002c20     0x1268 c:/isis/application/toolchain/bin/../lib/gcc/arm-none-eabi/4.7.4/../../../../arm-none-eabi/lib\libc_s.a(lib_a-dtoa.o)
                0x20002c20                _dtoa_r
 .text._localeconv_r
                0x20003e88        0xc c:/isis/application/toolchain/bin/../lib/gcc/arm-none-eabi/4.7.4/../../../../arm-none-eabi/lib\libc_s.a(lib_a-locale.o)
                0x20003e88                _localeconv_r
 .text.malloc   0x20003e94       0x20 c:/isis/application/toolchain/bin/../lib/gcc/arm-none-eabi/4.7.4/../../../../arm-none-eabi/lib\libc_s.a(lib_a-malloc.o)
                0x20003e94                malloc
 .text.free     0x20003eb4       0x20 c:/isis/application/toolchain/bin/../lib/gcc/arm-none-eabi/4.7.4/../../../../arm-none-eabi/lib\libc_s.a(lib_a-malloc.o)
                0x20003eb4                free
 .text._malloc_r
                0x20003ed4       0xfc c:/isis/application/toolchain/bin/../lib/gcc/arm-none-eabi/4.7.4/../../../../arm-none-eabi/lib\libc_s.a(lib_a-mallocr.o)
                0x20003ed4                _malloc_r
 .text.memcpy   0x20003fd0       0x20 c:/isis/application/toolchain/bin/../lib/gcc/arm-none-eabi/4.7.4/../../../../arm-none-eabi/lib\libc_s.a(lib_a-memcpy.o)
                0x20003fd0                memcpy
 .text._Balloc  0x20003ff0       0xcc c:/isis/application/toolchain/bin/../lib/gcc/arm-none-eabi/4.7.4/../../../../arm-none-eabi/lib\libc_s.a(lib_a-mprec.o)
                0x20003ff0                _Balloc
 .text._Bfree   0x200040bc       0x5c c:/isis/application/toolchain/bin/../lib/gcc/arm-none-eabi/4.7.4/../../../../arm-none-eabi/lib\libc_s.a(lib_a-mprec.o)
                0x200040bc                _Bfree
 .text.__multadd
                0x20004118       0xbc c:/isis/application/toolchain/bin/../lib/gcc/arm-none-eabi/4.7.4/../../../../arm-none-eabi/lib\libc_s.a(lib_a-mprec.o)
                0x20004118                __multadd
 .text.__s2b    0x200041d4       0xd8 c:/isis/application/toolchain/bin/../lib/gcc/arm-none-eabi/4.7.4/../../../../arm-none-eabi/lib\libc_s.a(lib_a-mprec.o)
                0x200041d4                __s2b
 .text.__hi0bits
                0x200042ac       0x58 c:/isis/application/toolchain/bin/../lib/gcc/arm-none-eabi/4.7.4/../../../../arm-none-eabi/lib\libc_s.a(lib_a-mprec.o)
                0x200042ac                __hi0bits
 .text.__lo0bits
                0x20004304       0x94 c:/isis/application/toolchain/bin/../lib/gcc/arm-none-eabi/4.7.4/../../../../arm-none-eabi/lib\libc_s.a(lib_a-mprec.o)
                0x20004304                __lo0bits
 .text.__i2b    0x20004398       0x24 c:/isis/application/toolchain/bin/../lib/gcc/arm-none-eabi/4.7.4/../../../../arm-none-eabi/lib\libc_s.a(lib_a-mprec.o)
                0x20004398                __i2b
 .text.__multiply
                0x200043bc      0x1ac c:/isis/application/toolchain/bin/../lib/gcc/arm-none-eabi/4.7.4/../../../../arm-none-eabi/lib\libc_s.a(lib_a-mprec.o)
                0x200043bc                __multiply
 .text.__pow5mult
                0x20004568      0x10c c:/isis/application/toolchain/bin/../lib/gcc/arm-none-eabi/4.7.4/../../../../arm-none-eabi/lib\libc_s.a(lib_a-mprec.o)
                0x20004568                __pow5mult
 .text.__lshift
                0x20004674       0xf0 c:/isis/application/toolchain/bin/../lib/gcc/arm-none-eabi/4.7.4/../../../../arm-none-eabi/lib\libc_s.a(lib_a-mprec.o)
                0x20004674                __lshift
 .text.__mcmp   0x20004764       0x60 c:/isis/application/toolchain/bin/../lib/gcc/arm-none-eabi/4.7.4/../../../../arm-none-eabi/lib\libc_s.a(lib_a-mprec.o)
                0x20004764                __mcmp
 .text.__mdiff  0x200047c4      0x128 c:/isis/application/toolchain/bin/../lib/gcc/arm-none-eabi/4.7.4/../../../../arm-none-eabi/lib\libc_s.a(lib_a-mprec.o)
                0x200047c4                __mdiff
 .text.__ulp    0x200048ec       0x5c c:/isis/application/toolchain/bin/../lib/gcc/arm-none-eabi/4.7.4/../../../../arm-none-eabi/lib\libc_s.a(lib_a-mprec.o)
                0x200048ec                __ulp
 .text.__b2d    0x20004948       0xc8 c:/isis/application/toolchain/bin/../lib/gcc/arm-none-eabi/4.7.4/../../../../arm-none-eabi/lib\libc_s.a(lib_a-mprec.o)
                0x20004948                __b2d
 .text.__d2b    0x20004a10       0xfc c:/isis/application/toolchain/bin/../lib/gcc/arm-none-eabi/4.7.4/../../../../arm-none-eabi/lib\libc_s.a(lib_a-mprec.o)
                0x20004a10                __d2b
 .text.__ratio  0x20004b0c       0x70 c:/isis/application/toolchain/bin/../lib/gcc/arm-none-eabi/4.7.4/../../../../arm-none-eabi/lib\libc_s.a(lib_a-mprec.o)
                0x20004b0c                __ratio
 .text.__copybits
                0x20004b7c       0x4c c:/isis/application/toolchain/bin/../lib/gcc/arm-none-eabi/4.7.4/../../../../arm-none-eabi/lib\libc_s.a(lib_a-mprec.o)
                0x20004b7c                __copybits
 .text.__any_on
                0x20004bc8       0x7c c:/isis/application/toolchain/bin/../lib/gcc/arm-none-eabi/4.7.4/../../../../arm-none-eabi/lib\libc_s.a(lib_a-mprec.o)
                0x20004bc8                __any_on
 .text.__fpclassifyd
                0x20004c44       0x6c c:/isis/application/toolchain/bin/../lib/gcc/arm-none-eabi/4.7.4/../../../../arm-none-eabi/lib\libc_s.a(lib_a-s_fpclassify.o)
                0x20004c44                __fpclassifyd
 .text._sbrk_r  0x20004cb0       0x3c c:/isis/application/toolchain/bin/../lib/gcc/arm-none-eabi/4.7.4/../../../../arm-none-eabi/lib\libc_s.a(lib_a-sbrkr.o)
                0x20004cb0                _sbrk_r
 .text.nanf     0x20004cec        0xc c:/isis/application/toolchain/bin/../lib/gcc/arm-none-eabi/4.7.4/../../../../arm-none-eabi/lib\libc_s.a(lib_a-sf_nan.o)
                0x20004cec                nanf
 .text.sprintf  0x20004cf8       0x6c c:/isis/application/toolchain/bin/../lib/gcc/arm-none-eabi/4.7.4/../../../../arm-none-eabi/lib\libc_s.a(lib_a-sprintf.o)
                0x20004cf8                siprintf
                0x20004cf8                sprintf
 .text.strcmp   0x20004d64       0x1c c:/isis/application/toolchain/bin/../lib/gcc/arm-none-eabi/4.7.4/../../../../arm-none-eabi/lib\libc_s.a(lib_a-strcmp.o)
                0x20004d64                strcmp
 .text.strlen   0x20004d80       0x1c c:/isis/application/toolchain/bin/../lib/gcc/arm-none-eabi/4.7.4/../../../../arm-none-eabi/lib\libc_s.a(lib_a-strlen.o)
                0x20004d80                strlen
 .text.match    0x20004d9c       0x54 c:/isis/application/toolchain/bin/../lib/gcc/arm-none-eabi/4.7.4/../../../../arm-none-eabi/lib\libc_s.a(lib_a-strtod.o)
 .text._strtod_r
                0x20004df0     0x1168 c:/isis/application/toolchain/bin/../lib/gcc/arm-none-eabi/4.7.4/../../../../arm-none-eabi/lib\libc_s.a(lib_a-strtod.o)
                0x20004df0                _strtod_r
 .text._strtol_r
                0x20005f58      0x1b8 c:/isis/application/toolchain/bin/../lib/gcc/arm-none-eabi/4.7.4/../../../../arm-none-eabi/lib\libc_s.a(lib_a-strtol.o)
                0x20005f58                _strtol_r
 .text.__ssputc_r
                0x20006110      0x10c c:/isis/application/toolchain/bin/../lib/gcc/arm-none-eabi/4.7.4/../../../../arm-none-eabi/lib\libc_s.a(lib_a-svfprintf.o)
                0x20006110                __ssputc_r
 .text._svfprintf_r
                0x2000621c      0x328 c:/isis/application/toolchain/bin/../lib/gcc/arm-none-eabi/4.7.4/../../../../arm-none-eabi/lib\libc_s.a(lib_a-svfprintf.o)
                0x2000621c                _svfiprintf_r
                0x2000621c                _svfprintf_r
 .text._calloc_r
                0x20006544       0x2c c:/isis/application/toolchain/bin/../lib/gcc/arm-none-eabi/4.7.4/../../../../arm-none-eabi/lib\libc_s.a(lib_a-callocr.o)
                0x20006544                _calloc_r
 .text._free_r  0x20006570      0x108 c:/isis/application/toolchain/bin/../lib/gcc/arm-none-eabi/4.7.4/../../../../arm-none-eabi/lib\libc_s.a(lib_a-freer.o)
                0x20006570                _free_r
 .text.rshift   0x20006678       0xb0 c:/isis/application/toolchain/bin/../lib/gcc/arm-none-eabi/4.7.4/../../../../arm-none-eabi/lib\libc_s.a(lib_a-gdtoa-gethex.o)
 .text.htinit.constprop.0
                0x20006728       0x34 c:/isis/application/toolchain/bin/../lib/gcc/arm-none-eabi/4.7.4/../../../../arm-none-eabi/lib\libc_s.a(lib_a-gdtoa-gethex.o)
 .text.__hexdig_init
                0x2000675c       0x38 c:/isis/application/toolchain/bin/../lib/gcc/arm-none-eabi/4.7.4/../../../../arm-none-eabi/lib\libc_s.a(lib_a-gdtoa-gethex.o)
                0x2000675c                __hexdig_init
 .text.__gethex
                0x20006794      0x6cc c:/isis/application/toolchain/bin/../lib/gcc/arm-none-eabi/4.7.4/../../../../arm-none-eabi/lib\libc_s.a(lib_a-gdtoa-gethex.o)
                0x20006794                __gethex
 .text.L_shift  0x20006e60       0x38 c:/isis/application/toolchain/bin/../lib/gcc/arm-none-eabi/4.7.4/../../../../arm-none-eabi/lib\libc_s.a(lib_a-gdtoa-hexnan.o)
 .text.__hexnan
                0x20006e98      0x1d8 c:/isis/application/toolchain/bin/../lib/gcc/arm-none-eabi/4.7.4/../../../../arm-none-eabi/lib\libc_s.a(lib_a-gdtoa-hexnan.o)
                0x20006e98                __hexnan
 .text.memchr   0x20007070       0x34 c:/isis/application/toolchain/bin/../lib/gcc/arm-none-eabi/4.7.4/../../../../arm-none-eabi/lib\libc_s.a(lib_a-memchr.o)
                0x20007070                memchr
 .text.memset   0x200070a4       0x1c c:/isis/application/toolchain/bin/../lib/gcc/arm-none-eabi/4.7.4/../../../../arm-none-eabi/lib\libc_s.a(lib_a-memset.o)
                0x200070a4                memset
 .text._realloc_r
                0x200070c0       0x80 c:/isis/application/toolchain/bin/../lib/gcc/arm-none-eabi/4.7.4/../../../../arm-none-eabi/lib\libc_s.a(lib_a-reallocr.o)
                0x200070c0                _realloc_r
 .text.strncmp  0x20007140       0x64 c:/isis/application/toolchain/bin/../lib/gcc/arm-none-eabi/4.7.4/../../../../arm-none-eabi/lib\libc_s.a(lib_a-strncmp.o)
                0x20007140                strncmp
 .text._malloc_usable_size_r
                0x200071a4       0x1c c:/isis/application/toolchain/bin/../lib/gcc/arm-none-eabi/4.7.4/../../../../arm-none-eabi/lib\libc_s.a(lib_a-msizer.o)
                0x200071a4                _malloc_usable_size_r
 .text.EPS_Init
                0x200071c0       0xd4 ./src/SubSystemModules/PowerManagment/EPS.o
                0x200071c0                EPS_Init
 .text.EPS_Conditioning
                0x20007294      0x1a8 ./src/SubSystemModules/PowerManagment/EPS.o
                0x20007294                EPS_Conditioning
 .text.GetBatteryVoltage
                0x2000743c       0x54 ./src/SubSystemModules/PowerManagment/EPS.o
                0x2000743c                GetBatteryVoltage
 .text.GetThresholdVoltages
                0x20007490       0x4c ./src/SubSystemModules/PowerManagment/EPS.o
                0x20007490                GetThresholdVoltages
 .text.GetAlpha
                0x200074dc       0x48 ./src/SubSystemModules/PowerManagment/EPS.o
                0x200074dc                GetAlpha
 .text.EnterFullMode
                0x20007524       0x58 ./src/SubSystemModules/PowerManagment/EPSOperationModes.o
                0x20007524                EnterFullMode
 .text.EnterCruiseMode
                0x2000757c       0x58 ./src/SubSystemModules/PowerManagment/EPSOperationModes.o
                0x2000757c                EnterCruiseMode
 .text.EnterSafeMode
                0x200075d4       0x58 ./src/SubSystemModules/PowerManagment/EPSOperationModes.o
                0x200075d4                EnterSafeMode
 .text.EnterCriticalMode
                0x2000762c       0x58 ./src/SubSystemModules/PowerManagment/EPSOperationModes.o
                0x2000762c                EnterCriticalMode
 .text.SetEPS_Channels
                0x20007684       0x28 ./src/SubSystemModules/PowerManagment/EPSOperationModes.o
                0x20007684                SetEPS_Channels
 .text.EpsSetLowVoltageFlag
                0x200076ac       0x2c ./src/SubSystemModules/PowerManagment/EPSOperationModes.o
                0x200076ac                EpsSetLowVoltageFlag
 .text._logg    0x200076d8      0x328 ./src/SubSystemModules/Maintenance/Log.o
                0x200076d8                _logg
 .text.logg     0x20007a00       0xc4 ./src/SubSystemModules/Maintenance/Log.o
                0x20007a00                logg
 .text.setLogLevel
                0x20007ac4       0x30 ./src/SubSystemModules/Maintenance/Log.o
                0x20007ac4                setLogLevel
 .text.initLog  0x20007af4       0x34 ./src/SubSystemModules/Maintenance/Log.o
                0x20007af4                initLog
 .text.getLastErrorMsgSize
                0x20007b28       0x24 ./src/SubSystemModules/Maintenance/Log.o
                0x20007b28                getLastErrorMsgSize
 .text.copyLastErrorMsg
                0x20007b4c       0x5c ./src/SubSystemModules/Maintenance/Log.o
                0x20007b4c                copyLastErrorMsg
 .text.CheckExecutionTime
                0x20007ba8       0x90 ./src/SubSystemModules/Maintenance/Maintenance.o
                0x20007ba8                CheckExecutionTime
 .text.SaveSatTimeInFRAM
                0x20007c38       0x44 ./src/SubSystemModules/Maintenance/Maintenance.o
                0x20007c38                SaveSatTimeInFRAM
 .text.IsFS_Corrupted
                0x20007c7c       0x48 ./src/SubSystemModules/Maintenance/Maintenance.o
                0x20007c7c                IsFS_Corrupted
 .text.WakeupFromResetCMD
                0x20007cc4       0xfc ./src/SubSystemModules/Maintenance/Maintenance.o
                0x20007cc4                WakeupFromResetCMD
 .text.ResetGroundCommWDT
                0x20007dc0       0x1c ./src/SubSystemModules/Maintenance/Maintenance.o
                0x20007dc0                ResetGroundCommWDT
 .text.IsGroundCommunicationWDTKick
                0x20007ddc       0xd0 ./src/SubSystemModules/Maintenance/Maintenance.o
                0x20007ddc                IsGroundCommunicationWDTKick
 .text.GetGsWdtKickTime
                0x20007eac       0x38 ./src/SubSystemModules/Maintenance/Maintenance.o
                0x20007eac                GetGsWdtKickTime
 .text.Maintenance
                0x20007ee4       0x48 ./src/SubSystemModules/Maintenance/Maintenance.o
                0x20007ee4                Maintenance
 .text.InitDump
                0x20007f2c       0xa0 ./src/SubSystemModules/Housekepping/Dump.o
                0x20007f2c                InitDump
 .text.FinishDump
                0x20007fcc       0xd8 ./src/SubSystemModules/Housekepping/Dump.o
                0x20007fcc                FinishDump
 .text.SendDumpAbortRequest
                0x200080a4       0xa0 ./src/SubSystemModules/Housekepping/Dump.o
                0x200080a4                SendDumpAbortRequest
 .text.CheckDumpAbort
                0x20008144       0x58 ./src/SubSystemModules/Housekepping/Dump.o
                0x20008144                CheckDumpAbort
 .text.getTelemetryMetaData
                0x2000819c       0x7c ./src/SubSystemModules/Housekepping/Dump.o
                0x2000819c                getTelemetryMetaData
 .text.send     0x20008218       0x94 ./src/SubSystemModules/Housekepping/Dump.o
                0x20008218                send
 .text.c_fileReadAndSend
                0x200082ac      0x41c ./src/SubSystemModules/Housekepping/Dump.o
                0x200082ac                c_fileReadAndSend
 .text.DumpStart
                0x200086c8      0x340 ./src/SubSystemModules/Housekepping/Dump.o
                0x200086c8                DumpStart
 .text.DumpTask
                0x20008a08       0x34 ./src/SubSystemModules/Housekepping/Dump.o
                0x20008a08                DumpTask
 .text.DumpTelemetry
                0x20008a3c      0x1c4 ./src/SubSystemModules/Housekepping/Dump.o
                0x20008a3c                DumpTelemetry
 .text.InitTelemetryCollector
                0x20008c00       0x28 ./src/SubSystemModules/Housekepping/TelemetryCollector.o
                0x20008c00                InitTelemetryCollector
 .text.GetTelemetryFilenameByType
                0x20008c28      0x204 ./src/SubSystemModules/Housekepping/TelemetryCollector.o
                0x20008c28                GetTelemetryFilenameByType
 .text.TelemetryCollectorLogic
                0x20008e2c      0x13c ./src/SubSystemModules/Housekepping/TelemetryCollector.o
                0x20008e2c                TelemetryCollectorLogic
 .text.TelemetryCreateFiles
                0x20008f68      0x1e4 ./src/SubSystemModules/Housekepping/TelemetryCollector.o
                0x20008f68                TelemetryCreateFiles
 .text.TelemetrySaveEPS
                0x2000914c       0xbc ./src/SubSystemModules/Housekepping/TelemetryCollector.o
                0x2000914c                TelemetrySaveEPS
 .text.CMD_getEPS_TLM
                0x20009208       0x78 ./src/SubSystemModules/Housekepping/TelemetryCollector.o
                0x20009208                CMD_getEPS_TLM
 .text.TelemetrySaveTRXVU
                0x20009280       0x8c ./src/SubSystemModules/Housekepping/TelemetryCollector.o
                0x20009280                TelemetrySaveTRXVU
 .text.CMD_getTRXVU_TLM
                0x2000930c       0xf8 ./src/SubSystemModules/Housekepping/TelemetryCollector.o
                0x2000930c                CMD_getTRXVU_TLM
 .text.TelemetrySaveANT
                0x20009404       0x54 ./src/SubSystemModules/Housekepping/TelemetryCollector.o
                0x20009404                TelemetrySaveANT
 .text.CMD_getAnts_TLM
                0x20009458       0x60 ./src/SubSystemModules/Housekepping/TelemetryCollector.o
                0x20009458                CMD_getAnts_TLM
 .text.getSolarPanelsTLM
                0x200094b8       0xd4 ./src/SubSystemModules/Housekepping/TelemetryCollector.o
                0x200094b8                getSolarPanelsTLM
 .text.CMD_getSolar_TLM
                0x2000958c       0x68 ./src/SubSystemModules/Housekepping/TelemetryCollector.o
                0x2000958c                CMD_getSolar_TLM
 .text.TelemetrySaveWOD
                0x200095f4       0x4c ./src/SubSystemModules/Housekepping/TelemetryCollector.o
                0x200095f4                TelemetrySaveWOD
 .text.GetCurrentWODTelemetry
                0x20009640      0x78c ./src/SubSystemModules/Housekepping/TelemetryCollector.o
                0x20009640                GetCurrentWODTelemetry
 .text.CMD_EPS_ResetWDT
                0x20009dcc       0x2c ./src/SubSystemModules/Communication/SubsystemCommands/EPS_Commands.o
                0x20009dcc                CMD_EPS_ResetWDT
 .text.CMD_DeleteFileByTime
                0x20009df8      0x108 ./src/SubSystemModules/Communication/SubsystemCommands/FS_Commands.o
                0x20009df8                CMD_DeleteFileByTime
 .text.CMD_DeleteFilesOfType
                0x20009f00       0xa8 ./src/SubSystemModules/Communication/SubsystemCommands/FS_Commands.o
                0x20009f00                CMD_DeleteFilesOfType
 .text.CMD_DeleteFS
                0x20009fa8       0x24 ./src/SubSystemModules/Communication/SubsystemCommands/FS_Commands.o
                0x20009fa8                CMD_DeleteFS
 .text.CMD_GetLastFS_Error
                0x20009fcc       0x40 ./src/SubSystemModules/Communication/SubsystemCommands/FS_Commands.o
                0x20009fcc                CMD_GetLastFS_Error
 .text.CMD_FreeSpace
                0x2000a00c       0x58 ./src/SubSystemModules/Communication/SubsystemCommands/FS_Commands.o
                0x2000a00c                CMD_FreeSpace
 .text.CMD_isFS_Corrupt
                0x2000a064       0x40 ./src/SubSystemModules/Communication/SubsystemCommands/FS_Commands.o
                0x2000a064                CMD_isFS_Corrupt
 .text.CMD_GenericI2C
                0x2000a0a4      0x164 ./src/SubSystemModules/Communication/SubsystemCommands/Maintanence_Commands.o
                0x2000a0a4                CMD_GenericI2C
 .text.CMD_FRAM_ReadAndTransmitt
                0x2000a208      0x128 ./src/SubSystemModules/Communication/SubsystemCommands/Maintanence_Commands.o
                0x2000a208                CMD_FRAM_ReadAndTransmitt
 .text.CMD_FRAM_WriteAndTransmitt
                0x2000a330      0x138 ./src/SubSystemModules/Communication/SubsystemCommands/Maintanence_Commands.o
                0x2000a330                CMD_FRAM_WriteAndTransmitt
 .text.CMD_FRAM_Start
                0x2000a468       0x58 ./src/SubSystemModules/Communication/SubsystemCommands/Maintanence_Commands.o
                0x2000a468                CMD_FRAM_Start
 .text.CMD_FRAM_Stop
                0x2000a4c0       0x3c ./src/SubSystemModules/Communication/SubsystemCommands/Maintanence_Commands.o
                0x2000a4c0                CMD_FRAM_Stop
 .text.CMD_FRAM_Restart
                0x2000a4fc       0x40 ./src/SubSystemModules/Communication/SubsystemCommands/Maintanence_Commands.o
                0x2000a4fc                CMD_FRAM_Restart
 .text.CMD_UpdateSatTime
                0x2000a53c       0xb4 ./src/SubSystemModules/Communication/SubsystemCommands/Maintanence_Commands.o
                0x2000a53c                CMD_UpdateSatTime
 .text.CMD_GetSatTime
                0x2000a5f0       0x78 ./src/SubSystemModules/Communication/SubsystemCommands/Maintanence_Commands.o
                0x2000a5f0                CMD_GetSatTime
 .text.CMD_GetSatUptime
                0x2000a668       0x60 ./src/SubSystemModules/Communication/SubsystemCommands/Maintanence_Commands.o
                0x2000a668                CMD_GetSatUptime
 .text.CMD_AntennaDeploy
                0x2000a6c8       0x40 ./src/SubSystemModules/Communication/SubsystemCommands/Maintanence_Commands.o
                0x2000a6c8                CMD_AntennaDeploy
 .text.CMD_setLogLevel
                0x2000a708       0x94 ./src/SubSystemModules/Communication/SubsystemCommands/Maintanence_Commands.o
                0x2000a708                CMD_setLogLevel
 .text.CMD_SetTLM_CollectionCycle
                0x2000a79c      0x1a0 ./src/SubSystemModules/Communication/SubsystemCommands/Maintanence_Commands.o
                0x2000a79c                CMD_SetTLM_CollectionCycle
 .text.CMD_GetTLM_CollectionCycle
                0x2000a93c      0x170 ./src/SubSystemModules/Communication/SubsystemCommands/Maintanence_Commands.o
                0x2000a93c                CMD_GetTLM_CollectionCycle
 .text.CMD_ResetComponent
                0x2000aaac      0x264 ./src/SubSystemModules/Communication/SubsystemCommands/Maintanence_Commands.o
                0x2000aaac                CMD_ResetComponent
 .text.CMD_StartDump
                0x2000ad10       0x34 ./src/SubSystemModules/Communication/SubsystemCommands/TRXVU_Commands.o
                0x2000ad10                CMD_StartDump
 .text.CMD_SendDumpAbortRequest
                0x2000ad44       0x24 ./src/SubSystemModules/Communication/SubsystemCommands/TRXVU_Commands.o
                0x2000ad44                CMD_SendDumpAbortRequest
 .text.CMD_MuteTRXVU
                0x2000ad68       0x5c ./src/SubSystemModules/Communication/SubsystemCommands/TRXVU_Commands.o
                0x2000ad68                CMD_MuteTRXVU
 .text.CMD_UnMuteTRXVU
                0x2000adc4       0x24 ./src/SubSystemModules/Communication/SubsystemCommands/TRXVU_Commands.o
                0x2000adc4                CMD_UnMuteTRXVU
 .text.CMD_GetBeaconInterval
                0x2000ade8       0x60 ./src/SubSystemModules/Communication/SubsystemCommands/TRXVU_Commands.o
                0x2000ade8                CMD_GetBeaconInterval
 .text.CMD_GetTxUptime
                0x2000ae48       0x5c ./src/SubSystemModules/Communication/SubsystemCommands/TRXVU_Commands.o
                0x2000ae48                CMD_GetTxUptime
 .text.CMD_GetRxUptime
                0x2000aea4       0x5c ./src/SubSystemModules/Communication/SubsystemCommands/TRXVU_Commands.o
                0x2000aea4                CMD_GetRxUptime
 .text.CMD_GetNumOfOnlineCommands
                0x2000af00       0x54 ./src/SubSystemModules/Communication/SubsystemCommands/TRXVU_Commands.o
                0x2000af00                CMD_GetNumOfOnlineCommands
 .text.CMD_AntSetArmStatus
                0x2000af54       0x9c ./src/SubSystemModules/Communication/SubsystemCommands/TRXVU_Commands.o
                0x2000af54                CMD_AntSetArmStatus
 .text.CMD_AntGetArmStatus
                0x2000aff0       0x64 ./src/SubSystemModules/Communication/SubsystemCommands/TRXVU_Commands.o
                0x2000aff0                CMD_AntGetArmStatus
 .text.CMD_AntGetUptime
                0x2000b054       0x6c ./src/SubSystemModules/Communication/SubsystemCommands/TRXVU_Commands.o
                0x2000b054                CMD_AntGetUptime
 .text.CMD_AntCancelDeployment
                0x2000b0c0       0x40 ./src/SubSystemModules/Communication/SubsystemCommands/TRXVU_Commands.o
                0x2000b0c0                CMD_AntCancelDeployment
 .text.CMD_AntStopAutoDeployment
                0x2000b100       0x48 ./src/SubSystemModules/Communication/SubsystemCommands/TRXVU_Commands.o
                0x2000b100                CMD_AntStopAutoDeployment
 .text.SendAckPacket
                0x2000b148       0xac ./src/SubSystemModules/Communication/AckHandler.o
                0x2000b148                SendAckPacket
 .text.SendErrorMSG
                0x2000b1f4       0xc4 ./src/SubSystemModules/Communication/AckHandler.o
                0x2000b1f4                SendErrorMSG
 .text.ActUponCommand
                0x2000b2b8      0x1ac ./src/SubSystemModules/Communication/ActUponCommand.o
                0x2000b2b8                ActUponCommand
 .text.InitBeaconParams
                0x2000b464       0x74 ./src/SubSystemModules/Communication/Beacon.o
                0x2000b464                InitBeaconParams
 .text.BeaconLogic
                0x2000b4d8      0x188 ./src/SubSystemModules/Communication/Beacon.o
                0x2000b4d8                BeaconLogic
 .text.UpdateBeaconInterval
                0x2000b660       0xe8 ./src/SubSystemModules/Communication/Beacon.o
                0x2000b660                UpdateBeaconInterval
 .text.trxvu_command_router
                0x2000b748      0x484 ./src/SubSystemModules/Communication/CommandDictionary.o
                0x2000b748                trxvu_command_router
 .text.eps_command_router
                0x2000bbcc       0xa4 ./src/SubSystemModules/Communication/CommandDictionary.o
                0x2000bbcc                eps_command_router
 .text.telemetry_command_router
                0x2000bc70       0xd4 ./src/SubSystemModules/Communication/CommandDictionary.o
                0x2000bc70                telemetry_command_router
 .text.managment_command_router
                0x2000bd44      0x300 ./src/SubSystemModules/Communication/CommandDictionary.o
                0x2000bd44                managment_command_router
 .text.filesystem_command_router
                0x2000c044      0x10c ./src/SubSystemModules/Communication/CommandDictionary.o
                0x2000c044                filesystem_command_router
 .text.ParseDataToCommand
                0x2000c150      0x268 ./src/SubSystemModules/Communication/SatCommandHandler.o
                0x2000c150                ParseDataToCommand
 .text.AssembleCommand
                0x2000c3b8      0x1f8 ./src/SubSystemModules/Communication/SatCommandHandler.o
                0x2000c3b8                AssembleCommand
 .text.GetOnlineCommand
                0x2000c5b0      0x124 ./src/SubSystemModules/Communication/SatCommandHandler.o
                0x2000c5b0                GetOnlineCommand
 .text.InitTxModule
                0x2000c6d4       0xec ./src/SubSystemModules/Communication/SatDataTx.o
                0x2000c6d4                InitTxModule
 .text.muteTRXVU
                0x2000c7c0       0xbc ./src/SubSystemModules/Communication/SatDataTx.o
                0x2000c7c0                muteTRXVU
 .text.UnMuteTRXVU
                0x2000c87c       0x60 ./src/SubSystemModules/Communication/SatDataTx.o
                0x2000c87c                UnMuteTRXVU
 .text.GetMuteFlag
                0x2000c8dc       0x24 ./src/SubSystemModules/Communication/SatDataTx.o
                0x2000c8dc                GetMuteFlag
 .text.CheckForMuteEnd
                0x2000c900       0x70 ./src/SubSystemModules/Communication/SatDataTx.o
                0x2000c900                CheckForMuteEnd
 .text.GetNumberOfFramesInBuffer
                0x2000c970       0x50 ./src/SubSystemModules/Communication/SatDataTx.o
                0x2000c970                GetNumberOfFramesInBuffer
 .text.CheckTransmitionAllowed
                0x2000c9c0       0x98 ./src/SubSystemModules/Communication/SatDataTx.o
                0x2000c9c0                CheckTransmitionAllowed
 .text.TransmitDataAsSPL_Packet
                0x2000ca58      0x148 ./src/SubSystemModules/Communication/SatDataTx.o
                0x2000ca58                TransmitDataAsSPL_Packet
 .text.TransmitSplPacket
                0x2000cba0       0xf0 ./src/SubSystemModules/Communication/SatDataTx.o
                0x2000cba0                TransmitSplPacket
 .text.vu_getFrequenciesTest_revE
                0x2000cc90       0xc8 ./src/SubSystemModules/Communication/TRXVU.o
 .text.setLastAntsAutoDeploymentTime
                0x2000cd58       0x3c ./src/SubSystemModules/Communication/TRXVU.o
                0x2000cd58                setLastAntsAutoDeploymentTime
 .text.HandleOpenAnts
                0x2000cd94       0x54 ./src/SubSystemModules/Communication/TRXVU.o
                0x2000cd94                HandleOpenAnts
 .text.SetIdleOff
                0x2000cde8       0x94 ./src/SubSystemModules/Communication/TRXVU.o
                0x2000cde8                SetIdleOff
 .text.HandleIdleAndMuteTime
                0x2000ce7c       0x8c ./src/SubSystemModules/Communication/TRXVU.o
                0x2000ce7c                HandleIdleAndMuteTime
 .text.HandleTransponderTime
                0x2000cf08       0x30 ./src/SubSystemModules/Communication/TRXVU.o
                0x2000cf08                HandleTransponderTime
 .text.InitAnts
                0x2000cf38       0x78 ./src/SubSystemModules/Communication/TRXVU.o
                0x2000cf38                InitAnts
 .text.InitTrxvu
                0x2000cfb0      0x10c ./src/SubSystemModules/Communication/TRXVU.o
                0x2000cfb0                InitTrxvu
 .text.TRX_Logic
                0x2000d0bc      0x168 ./src/SubSystemModules/Communication/TRXVU.o
                0x2000d0bc                TRX_Logic
 .text.CMD_SetIdleOn
                0x2000d224       0xfc ./src/SubSystemModules/Communication/TRXVU.o
                0x2000d224                CMD_SetIdleOn
 .text.CMD_SetIdleOff
                0x2000d320       0x28 ./src/SubSystemModules/Communication/TRXVU.o
                0x2000d320                CMD_SetIdleOff
 .text.areAntennasOpen
                0x2000d348       0x7c ./src/SubSystemModules/Communication/TRXVU.o
                0x2000d348                areAntennasOpen
 .text.initTransponder
                0x2000d3c4      0x100 ./src/SubSystemModules/Communication/Transponder.o
                0x2000d3c4                initTransponder
 .text.set_transonder_mode
                0x2000d4c4       0xcc ./src/SubSystemModules/Communication/Transponder.o
                0x2000d4c4                set_transonder_mode
 .text.set_transponder_RSSI
                0x2000d590       0x58 ./src/SubSystemModules/Communication/Transponder.o
                0x2000d590                set_transponder_RSSI
 .text.CMD_turnOnTransponder
                0x2000d5e8      0x1a4 ./src/SubSystemModules/Communication/Transponder.o
                0x2000d5e8                CMD_turnOnTransponder
 .text.CMD_set_transponder_RSSI
                0x2000d78c       0xc4 ./src/SubSystemModules/Communication/Transponder.o
                0x2000d78c                CMD_set_transponder_RSSI
 .text.CMD_turnOffTransponder
                0x2000d850       0x74 ./src/SubSystemModules/Communication/Transponder.o
                0x2000d850                CMD_turnOffTransponder
 .text.getTransponderMode
                0x2000d8c4       0x24 ./src/SubSystemModules/Communication/Transponder.o
                0x2000d8c4                getTransponderMode
 .text.checkEndTransponderMode
                0x2000d8e8       0x80 ./src/SubSystemModules/Communication/Transponder.o
                0x2000d8e8                checkEndTransponderMode
 .text.getDuration
                0x2000d968       0x80 ./src/SubSystemModules/Communication/Transponder.o
                0x2000d968                getDuration
 .text.isFirstActivation
                0x2000d9e8       0x74 ./src/InitSystem.o
                0x2000d9e8                isFirstActivation
 .text.firstActivationProcedure
                0x2000da5c      0x15c ./src/InitSystem.o
                0x2000da5c                firstActivationProcedure
 .text.StartFRAM
                0x2000dbb8       0x18 ./src/InitSystem.o
                0x2000dbb8                StartFRAM
 .text.StartI2C
                0x2000dbd0       0x24 ./src/InitSystem.o
                0x2000dbd0                StartI2C
 .text.StartSPI
                0x2000dbf4       0x20 ./src/InitSystem.o
                0x2000dbf4                StartSPI
 .text.StartTIME
                0x2000dc14       0xd4 ./src/InitSystem.o
                0x2000dc14                StartTIME
 .text.autoDeploy
                0x2000dce8      0x18c ./src/InitSystem.o
                0x2000dce8                autoDeploy
 .text.DeploySystem
                0x2000de74       0x58 ./src/InitSystem.o
                0x2000de74                DeploySystem
 .text.InitSubsystems
                0x2000decc      0x2d8 ./src/InitSystem.o
                0x2000decc                InitSubsystems
 .text.getSdIndex
                0x2000e1a4       0x44 ./src/TLM_management.o
 .text.setSdIndex
                0x2000e1e8       0x4c ./src/TLM_management.o
 .text.sd_format
                0x2000e234       0x28 ./src/TLM_management.o
                0x2000e234                sd_format
 .text.getNumOfFilesInFS
                0x2000e25c       0x44 ./src/TLM_management.o
 .text.setNumOfFilesInFS
                0x2000e2a0       0x48 ./src/TLM_management.o
 .text.f_managed_enterFS
                0x2000e2e8       0x18 ./src/TLM_management.o
                0x2000e2e8                f_managed_enterFS
 .text.f_managed_open
                0x2000e300       0x60 ./src/TLM_management.o
                0x2000e300                f_managed_open
 .text.f_managed_close
                0x2000e360       0x3c ./src/TLM_management.o
                0x2000e360                f_managed_close
 .text.createSemahores_FS
                0x2000e39c       0x78 ./src/TLM_management.o
                0x2000e39c                createSemahores_FS
 .text.formatAndCreateFiles
                0x2000e414       0x68 ./src/TLM_management.o
                0x2000e414                formatAndCreateFiles
 .text.InitializeFS
                0x2000e47c      0x150 ./src/TLM_management.o
                0x2000e47c                InitializeFS
 .text.c_fileCreate
                0x2000e5cc      0x12c ./src/TLM_management.o
                0x2000e5cc                c_fileCreate
 .text.writewithEpochtime
                0x2000e6f8       0x90 ./src/TLM_management.o
 .text.write    0x2000e788       0x3c ./src/TLM_management.o
 .text.get_C_FILE_struct
                0x2000e7c4       0xe4 ./src/TLM_management.o
                0x2000e7c4                get_C_FILE_struct
 .text.getFileIndex
                0x2000e8a8       0x84 ./src/TLM_management.o
                0x2000e8a8                getFileIndex
 .text.get_file_name_by_index
                0x2000e92c       0x44 ./src/TLM_management.o
                0x2000e92c                get_file_name_by_index
 .text.c_fileWrite
                0x2000e970       0x38 ./src/TLM_management.o
                0x2000e970                c_fileWrite
 .text._c_fileWrite
                0x2000e9a8      0x194 ./src/TLM_management.o
                0x2000e9a8                _c_fileWrite
 .text.deleteElementsFromFile
                0x2000eb3c      0x1a0 ./src/TLM_management.o
 .text.c_fileGetSizeOfElement
                0x2000ecdc       0x5c ./src/TLM_management.o
                0x2000ecdc                c_fileGetSizeOfElement
 .text.c_fileDeleteElements
                0x2000ed38      0x158 ./src/TLM_management.o
                0x2000ed38                c_fileDeleteElements
 .text.DeInitializeFS
                0x2000ee90       0x78 ./src/TLM_management.o
                0x2000ee90                DeInitializeFS
 .text.taskMain
                0x2000ef08       0x68 ./src/main.o
                0x2000ef08                taskMain
 .text.main     0x2000ef70       0x98 ./src/main.o
                0x2000ef70                main
 .text.clearPDCtransfers
                0x2000f008       0xe8 C:/Users/ground/Documents/GitHub/tevel2/GlobusSatProject/..//hal/hal/lib\libHALD.a(SPI.o)
 .text.SPI_start
                0x2000f0f0      0x4b0 C:/Users/ground/Documents/GitHub/tevel2/GlobusSatProject/..//hal/hal/lib\libHALD.a(SPI.o)
                0x2000f0f0                SPI_start
 .text.SPI_stop
                0x2000f5a0      0x244 C:/Users/ground/Documents/GitHub/tevel2/GlobusSatProject/..//hal/hal/lib\libHALD.a(SPI.o)
                0x2000f5a0                SPI_stop
 .text.SPI_queueTransfer
                0x2000f7e4      0x1cc C:/Users/ground/Documents/GitHub/tevel2/GlobusSatProject/..//hal/hal/lib\libHALD.a(SPI.o)
                0x2000f7e4                SPI_queueTransfer
 .text.SPI_internalCallback
                0x2000f9b0       0x64 C:/Users/ground/Documents/GitHub/tevel2/GlobusSatProject/..//hal/hal/lib\libHALD.a(SPI.o)
 .text.SPI_writeRead
                0x2000fa14      0x1c0 C:/Users/ground/Documents/GitHub/tevel2/GlobusSatProject/..//hal/hal/lib\libHALD.a(SPI.o)
                0x2000fa14                SPI_writeRead
 .text.waitForTransfer
                0x2000fbd4       0x78 C:/Users/ground/Documents/GitHub/tevel2/GlobusSatProject/..//hal/hal/lib\libHALD.a(SPI.o)
 .text.SPI_getDriverState
                0x2000fc4c       0x58 C:/Users/ground/Documents/GitHub/tevel2/GlobusSatProject/..//hal/hal/lib\libHALD.a(SPI.o)
                0x2000fc4c                SPI_getDriverState
 .text.validateTransferParameters
                0x2000fca4      0x10c C:/Users/ground/Documents/GitHub/tevel2/GlobusSatProject/..//hal/hal/lib\libHALD.a(I2C.o)
 .text.I2C_queueTransfer
                0x2000fdb0       0xfc C:/Users/ground/Documents/GitHub/tevel2/GlobusSatProject/..//hal/hal/lib\libHALD.a(I2C.o)
                0x2000fdb0                I2C_queueTransfer
 .text.I2C_internalCallback
                0x2000feac       0x64 C:/Users/ground/Documents/GitHub/tevel2/GlobusSatProject/..//hal/hal/lib\libHALD.a(I2C.o)
 .text.I2C_doBlockingTransfer
                0x2000ff10      0x180 C:/Users/ground/Documents/GitHub/tevel2/GlobusSatProject/..//hal/hal/lib\libHALD.a(I2C.o)
 .text.I2C_write
                0x20010090      0x110 C:/Users/ground/Documents/GitHub/tevel2/GlobusSatProject/..//hal/hal/lib\libHALD.a(I2C.o)
                0x20010090                I2C_write
 .text.I2C_read
                0x200101a0      0x110 C:/Users/ground/Documents/GitHub/tevel2/GlobusSatProject/..//hal/hal/lib\libHALD.a(I2C.o)
                0x200101a0                I2C_read
 .text.I2C_writeRead
                0x200102b0      0x17c C:/Users/ground/Documents/GitHub/tevel2/GlobusSatProject/..//hal/hal/lib\libHALD.a(I2C.o)
                0x200102b0                I2C_writeRead
 .text.I2C_start
                0x2001042c      0x2e8 C:/Users/ground/Documents/GitHub/tevel2/GlobusSatProject/..//hal/hal/lib\libHALD.a(I2C.o)
                0x2001042c                I2C_start
 .text.I2C_stop
                0x20010714      0x184 C:/Users/ground/Documents/GitHub/tevel2/GlobusSatProject/..//hal/hal/lib\libHALD.a(I2C.o)
                0x20010714                I2C_stop
 .text.I2C_setTransferTimeout
                0x20010898       0x48 C:/Users/ground/Documents/GitHub/tevel2/GlobusSatProject/..//hal/hal/lib\libHALD.a(I2C.o)
                0x20010898                I2C_setTransferTimeout
 .text.ADC_ConvertRaw10bitToMillivolt
                0x200108e0       0x50 C:/Users/ground/Documents/GitHub/tevel2/GlobusSatProject/..//hal/hal/lib\libHALD.a(ADC.o)
                0x200108e0                ADC_ConvertRaw10bitToMillivolt
 .text.ADC_SingleShot
                0x20010930      0x230 C:/Users/ground/Documents/GitHub/tevel2/GlobusSatProject/..//hal/hal/lib\libHALD.a(ADC.o)
                0x20010930                ADC_SingleShot
 .text.FRAM_start
                0x20010b60      0x120 C:/Users/ground/Documents/GitHub/tevel2/GlobusSatProject/..//hal/hal/lib\libHALD.a(FRAM.o)
                0x20010b60                FRAM_start
 .text.FRAM_stop
                0x20010c80       0x6c C:/Users/ground/Documents/GitHub/tevel2/GlobusSatProject/..//hal/hal/lib\libHALD.a(FRAM.o)
                0x20010c80                FRAM_stop
 .text.FRAM_dummyCallback
                0x20010cec       0x24 C:/Users/ground/Documents/GitHub/tevel2/GlobusSatProject/..//hal/hal/lib\libHALD.a(FRAM.o)
                0x20010cec                FRAM_dummyCallback
 .text.FRAM_unlockingCallback
                0x20010d10       0x64 C:/Users/ground/Documents/GitHub/tevel2/GlobusSatProject/..//hal/hal/lib\libHALD.a(FRAM.o)
                0x20010d10                FRAM_unlockingCallback
 .text.doBlockingTransfer
                0x20010d74       0x78 C:/Users/ground/Documents/GitHub/tevel2/GlobusSatProject/..//hal/hal/lib\libHALD.a(FRAM.o)
 .text.FRAM_writePacket
                0x20010dec      0x134 C:/Users/ground/Documents/GitHub/tevel2/GlobusSatProject/..//hal/hal/lib\libHALD.a(FRAM.o)
 .text.FRAM_write
                0x20010f20      0x1e0 C:/Users/ground/Documents/GitHub/tevel2/GlobusSatProject/..//hal/hal/lib\libHALD.a(FRAM.o)
                0x20010f20                FRAM_write
 .text.FRAM_readPacket
                0x20011100       0xf0 C:/Users/ground/Documents/GitHub/tevel2/GlobusSatProject/..//hal/hal/lib\libHALD.a(FRAM.o)
 .text.FRAM_read
                0x200111f0      0x1ec C:/Users/ground/Documents/GitHub/tevel2/GlobusSatProject/..//hal/hal/lib\libHALD.a(FRAM.o)
                0x200111f0                FRAM_read
 .text.Time_start
                0x200113dc      0x170 C:/Users/ground/Documents/GitHub/tevel2/GlobusSatProject/..//hal/hal/lib\libHALD.a(Time.o)
                0x200113dc                Time_start
 .text.taskTimeSync
                0x2001154c       0x64 C:/Users/ground/Documents/GitHub/tevel2/GlobusSatProject/..//hal/hal/lib\libHALD.a(Time.o)
 .text.Time_convertEpochToTime
                0x200115b0      0x100 C:/Users/ground/Documents/GitHub/tevel2/GlobusSatProject/..//hal/hal/lib\libHALD.a(Time.o)
                0x200115b0                Time_convertEpochToTime
 .text.Time_calculateSecondsOfYear
                0x200116b0       0xd8 C:/Users/ground/Documents/GitHub/tevel2/GlobusSatProject/..//hal/hal/lib\libHALD.a(Time.o)
 .text.Time_set
                0x20011788       0xd8 C:/Users/ground/Documents/GitHub/tevel2/GlobusSatProject/..//hal/hal/lib\libHALD.a(Time.o)
                0x20011788                Time_set
 .text.Time_isLeapYear
                0x20011860       0x98 C:/Users/ground/Documents/GitHub/tevel2/GlobusSatProject/..//hal/hal/lib\libHALD.a(Time.o)
                0x20011860                Time_isLeapYear
 .text.Time_get
                0x200118f8      0x478 C:/Users/ground/Documents/GitHub/tevel2/GlobusSatProject/..//hal/hal/lib\libHALD.a(Time.o)
                0x200118f8                Time_get
 .text.Time_getUnixEpoch
                0x20011d70      0x108 C:/Users/ground/Documents/GitHub/tevel2/GlobusSatProject/..//hal/hal/lib\libHALD.a(Time.o)
                0x20011d70                Time_getUnixEpoch
 .text.Time_secondsOfYearToTime
                0x20011e78      0x33c C:/Users/ground/Documents/GitHub/tevel2/GlobusSatProject/..//hal/hal/lib\libHALD.a(Time.o)
 .text.Time_setUnixEpoch
                0x200121b4       0x54 C:/Users/ground/Documents/GitHub/tevel2/GlobusSatProject/..//hal/hal/lib\libHALD.a(Time.o)
                0x200121b4                Time_setUnixEpoch
 .text.Time_getUptimeSeconds
                0x20012208       0x28 C:/Users/ground/Documents/GitHub/tevel2/GlobusSatProject/..//hal/hal/lib\libHALD.a(Time.o)
                0x20012208                Time_getUptimeSeconds
 .text.Time_sync
                0x20012230      0x1a8 C:/Users/ground/Documents/GitHub/tevel2/GlobusSatProject/..//hal/hal/lib\libHALD.a(Time.o)
                0x20012230                Time_sync
 .text.Time_syncIfNeeded
                0x200123d8       0xac C:/Users/ground/Documents/GitHub/tevel2/GlobusSatProject/..//hal/hal/lib\libHALD.a(Time.o)
                0x200123d8                Time_syncIfNeeded
 .text.WDT_start
                0x20012484       0x48 C:/Users/ground/Documents/GitHub/tevel2/GlobusSatProject/..//hal/hal/lib\libHALD.a(WatchDogTimerNoOS.o)
                0x20012484                WDT_start
 .text.RTT_start
                0x200124cc       0x24 C:/Users/ground/Documents/GitHub/tevel2/GlobusSatProject/..//hal/hal/lib\libHALD.a(RTT.o)
                0x200124cc                RTT_start
 .text.RTT_GetTime
                0x200124f0       0x24 C:/Users/ground/Documents/GitHub/tevel2/GlobusSatProject/..//hal/hal/lib\libHALD.a(RTT.o)
                0x200124f0                RTT_GetTime
 .text.RTC_start
                0x20012514       0x3c C:/Users/ground/Documents/GitHub/tevel2/GlobusSatProject/..//hal/hal/lib\libHALD.a(RTC.o)
                0x20012514                RTC_start
 .text.RTC_setTime
                0x20012550      0x2a4 C:/Users/ground/Documents/GitHub/tevel2/GlobusSatProject/..//hal/hal/lib\libHALD.a(RTC.o)
                0x20012550                RTC_setTime
 .text.RTC_getTime
                0x200127f4      0x230 C:/Users/ground/Documents/GitHub/tevel2/GlobusSatProject/..//hal/hal/lib\libHALD.a(RTC.o)
                0x200127f4                RTC_getTime
 .text.RTC_checkTimeValid
                0x20012a24       0xd8 C:/Users/ground/Documents/GitHub/tevel2/GlobusSatProject/..//hal/hal/lib\libHALD.a(RTC.o)
                0x20012a24                RTC_checkTimeValid
 .text.WDT_startWatchdogKickTask
                0x20012afc       0xb4 C:/Users/ground/Documents/GitHub/tevel2/GlobusSatProject/..//hal/hal/lib\libHALD.a(WatchDogTimerOS.o)
                0x20012afc                WDT_startWatchdogKickTask
 .text.WDT_forceKickEveryNms
                0x20012bb0       0x50 C:/Users/ground/Documents/GitHub/tevel2/GlobusSatProject/..//hal/hal/lib\libHALD.a(WatchDogTimerOS.o)
                0x20012bb0                WDT_forceKickEveryNms
 .text.LED_glow
                0x20012c00       0x58 C:/Users/ground/Documents/GitHub/tevel2/GlobusSatProject/..//hal/hal/lib\libHALD.a(LED.o)
                0x20012c00                LED_glow
 .text.LED_dark
                0x20012c58       0x58 C:/Users/ground/Documents/GitHub/tevel2/GlobusSatProject/..//hal/hal/lib\libHALD.a(LED.o)
                0x20012c58                LED_dark
 .text.LED_toggle
                0x20012cb0       0x50 C:/Users/ground/Documents/GitHub/tevel2/GlobusSatProject/..//hal/hal/lib\libHALD.a(LED.o)
                0x20012cb0                LED_toggle
 .text.fm_initvolume
                0x20012d00       0x70 C:/Users/ground/Documents/GitHub/tevel2/GlobusSatProject/..//hal/hcc/lib\libHCCD.a(fat_m.o)
                0x20012d00                fm_initvolume
 .text.fm_delvolume
                0x20012d70       0x60 C:/Users/ground/Documents/GitHub/tevel2/GlobusSatProject/..//hal/hcc/lib\libHCCD.a(fat_m.o)
                0x20012d70                fm_delvolume
 .text.fm_format
                0x20012dd0       0x68 C:/Users/ground/Documents/GitHub/tevel2/GlobusSatProject/..//hal/hcc/lib\libHCCD.a(fat_m.o)
                0x20012dd0                fm_format
 .text.fm_getdrive
                0x20012e38       0x70 C:/Users/ground/Documents/GitHub/tevel2/GlobusSatProject/..//hal/hcc/lib\libHCCD.a(fat_m.o)
                0x20012e38                fm_getdrive
 .text.fm_getfreespace
                0x20012ea8       0x68 C:/Users/ground/Documents/GitHub/tevel2/GlobusSatProject/..//hal/hcc/lib\libHCCD.a(fat_m.o)
                0x20012ea8                fm_getfreespace
 .text.fm_mkdir
                0x20012f10       0x60 C:/Users/ground/Documents/GitHub/tevel2/GlobusSatProject/..//hal/hcc/lib\libHCCD.a(fat_m.o)
                0x20012f10                fm_mkdir
 .text.fm_rename
                0x20012f70       0x68 C:/Users/ground/Documents/GitHub/tevel2/GlobusSatProject/..//hal/hcc/lib\libHCCD.a(fat_m.o)
                0x20012f70                fm_rename
 .text.fm_filelength
                0x20012fd8       0x60 C:/Users/ground/Documents/GitHub/tevel2/GlobusSatProject/..//hal/hcc/lib\libHCCD.a(fat_m.o)
                0x20012fd8                fm_filelength
 .text.fm_close
                0x20013038       0x60 C:/Users/ground/Documents/GitHub/tevel2/GlobusSatProject/..//hal/hcc/lib\libHCCD.a(fat_m.o)
                0x20013038                fm_close
 .text.fm_flush
                0x20013098       0x60 C:/Users/ground/Documents/GitHub/tevel2/GlobusSatProject/..//hal/hcc/lib\libHCCD.a(fat_m.o)
                0x20013098                fm_flush
 .text.fm_open  0x200130f8       0x68 C:/Users/ground/Documents/GitHub/tevel2/GlobusSatProject/..//hal/hcc/lib\libHCCD.a(fat_m.o)
                0x200130f8                fm_open
 .text.fm_read  0x20013160       0x7c C:/Users/ground/Documents/GitHub/tevel2/GlobusSatProject/..//hal/hcc/lib\libHCCD.a(fat_m.o)
                0x20013160                fm_read
 .text.fm_write
                0x200131dc       0x7c C:/Users/ground/Documents/GitHub/tevel2/GlobusSatProject/..//hal/hcc/lib\libHCCD.a(fat_m.o)
                0x200131dc                fm_write
 .text.fm_seek  0x20013258       0x70 C:/Users/ground/Documents/GitHub/tevel2/GlobusSatProject/..//hal/hcc/lib\libHCCD.a(fat_m.o)
                0x20013258                fm_seek
 .text.fm_delete
                0x200132c8       0x64 C:/Users/ground/Documents/GitHub/tevel2/GlobusSatProject/..//hal/hcc/lib\libHCCD.a(fat_m.o)
                0x200132c8                fm_delete
 .text.fm_getlasterror
                0x2001332c       0x40 C:/Users/ground/Documents/GitHub/tevel2/GlobusSatProject/..//hal/hcc/lib\libHCCD.a(fat_m.o)
                0x2001332c                fm_getlasterror
 .text._f_invalidatedir
                0x2001336c       0x28 C:/Users/ground/Documents/GitHub/tevel2/GlobusSatProject/..//hal/hcc/lib\libHCCD.a(fat.o)
                0x2001336c                _f_invalidatedir
 .text._f_getdirsector
                0x20013394       0x88 C:/Users/ground/Documents/GitHub/tevel2/GlobusSatProject/..//hal/hcc/lib\libHCCD.a(fat.o)
                0x20013394                _f_getdirsector
 .text._f_writedirsector
                0x2001341c       0x74 C:/Users/ground/Documents/GitHub/tevel2/GlobusSatProject/..//hal/hcc/lib\libHCCD.a(fat.o)
                0x2001341c                _f_writedirsector
 .text._f_checknameinv
                0x20013490      0x180 C:/Users/ground/Documents/GitHub/tevel2/GlobusSatProject/..//hal/hcc/lib\libHCCD.a(fat.o)
 .text._f_checkname
                0x20013610       0x7c C:/Users/ground/Documents/GitHub/tevel2/GlobusSatProject/..//hal/hcc/lib\libHCCD.a(fat.o)
 .text._f_checknamewc
                0x2001368c       0xf8 C:/Users/ground/Documents/GitHub/tevel2/GlobusSatProject/..//hal/hcc/lib\libHCCD.a(fat.o)
 .text._f_setnameext
                0x20013784      0x300 C:/Users/ground/Documents/GitHub/tevel2/GlobusSatProject/..//hal/hcc/lib\libHCCD.a(fat.o)
 .text._f_setfsname
                0x20013a84      0x584 C:/Users/ground/Documents/GitHub/tevel2/GlobusSatProject/..//hal/hcc/lib\libHCCD.a(fat.o)
 .text._f_findfile
                0x20014008      0x30c C:/Users/ground/Documents/GitHub/tevel2/GlobusSatProject/..//hal/hcc/lib\libHCCD.a(fat.o)
 .text._f_findpath
                0x20014314      0x35c C:/Users/ground/Documents/GitHub/tevel2/GlobusSatProject/..//hal/hcc/lib\libHCCD.a(fat.o)
 .text.fn_getdcwd
                0x20014670      0x1e0 C:/Users/ground/Documents/GitHub/tevel2/GlobusSatProject/..//hal/hcc/lib\libHCCD.a(fat.o)
                0x20014670                fn_getdcwd
 .text.fn_move  0x20014850      0xad0 C:/Users/ground/Documents/GitHub/tevel2/GlobusSatProject/..//hal/hcc/lib\libHCCD.a(fat.o)
                0x20014850                fn_move
 .text.fn_rename
                0x20015320      0x214 C:/Users/ground/Documents/GitHub/tevel2/GlobusSatProject/..//hal/hcc/lib\libHCCD.a(fat.o)
                0x20015320                fn_rename
 .text._f_lock_resfile
                0x20015534       0x6c C:/Users/ground/Documents/GitHub/tevel2/GlobusSatProject/..//hal/hcc/lib\libHCCD.a(fat.o)
 .text._f_unlock_resfile
                0x200155a0       0x40 C:/Users/ground/Documents/GitHub/tevel2/GlobusSatProject/..//hal/hcc/lib\libHCCD.a(fat.o)
 .text._f_getintfile
                0x200155e0      0x124 C:/Users/ground/Documents/GitHub/tevel2/GlobusSatProject/..//hal/hcc/lib\libHCCD.a(fat.o)
 .text._f_addentry
                0x20015704      0x540 C:/Users/ground/Documents/GitHub/tevel2/GlobusSatProject/..//hal/hcc/lib\libHCCD.a(fat.o)
 .text.fn_mkdir
                0x20015c44      0x75c C:/Users/ground/Documents/GitHub/tevel2/GlobusSatProject/..//hal/hcc/lib\libHCCD.a(fat.o)
                0x20015c44                fn_mkdir
 .text.fn_filelength
                0x200163a0      0x1cc C:/Users/ground/Documents/GitHub/tevel2/GlobusSatProject/..//hal/hcc/lib\libHCCD.a(fat.o)
                0x200163a0                fn_filelength
 .text.fn_open_sub
                0x2001656c     0x1698 C:/Users/ground/Documents/GitHub/tevel2/GlobusSatProject/..//hal/hcc/lib\libHCCD.a(fat.o)
 .text.fn_open  0x20017c04       0x44 C:/Users/ground/Documents/GitHub/tevel2/GlobusSatProject/..//hal/hcc/lib\libHCCD.a(fat.o)
                0x20017c04                fn_open
 .text.fn_delete
                0x20017c48      0x490 C:/Users/ground/Documents/GitHub/tevel2/GlobusSatProject/..//hal/hcc/lib\libHCCD.a(fat.o)
                0x20017c48                fn_delete
 .text.fn_init  0x200180d8      0x2dc C:/Users/ground/Documents/GitHub/tevel2/GlobusSatProject/..//hal/hcc/lib\libHCCD.a(fat_common.o)
                0x200180d8                fn_init
 .text.fsn_delete
                0x200183b4       0xc8 C:/Users/ground/Documents/GitHub/tevel2/GlobusSatProject/..//hal/hcc/lib\libHCCD.a(fat_common.o)
                0x200183b4                fsn_delete
 .text._f_get16bitl
                0x2001847c       0x4c C:/Users/ground/Documents/GitHub/tevel2/GlobusSatProject/..//hal/hcc/lib\libHCCD.a(fat_common.o)
                0x2001847c                _f_get16bitl
 .text._f_set16bitl
                0x200184c8       0x54 C:/Users/ground/Documents/GitHub/tevel2/GlobusSatProject/..//hal/hcc/lib\libHCCD.a(fat_common.o)
                0x200184c8                _f_set16bitl
 .text._f_get32bitl
                0x2001851c       0x68 C:/Users/ground/Documents/GitHub/tevel2/GlobusSatProject/..//hal/hcc/lib\libHCCD.a(fat_common.o)
                0x2001851c                _f_get32bitl
 .text._f_set32bitl
                0x20018584       0x78 C:/Users/ground/Documents/GitHub/tevel2/GlobusSatProject/..//hal/hcc/lib\libHCCD.a(fat_common.o)
                0x20018584                _f_set32bitl
 .text._get8bit
                0x200185fc       0xa0 C:/Users/ground/Documents/GitHub/tevel2/GlobusSatProject/..//hal/hcc/lib\libHCCD.a(fat_common.o)
 .text._get16bitl
                0x2001869c       0x40 C:/Users/ground/Documents/GitHub/tevel2/GlobusSatProject/..//hal/hcc/lib\libHCCD.a(fat_common.o)
 .text._get32bitl
                0x200186dc       0x3c C:/Users/ground/Documents/GitHub/tevel2/GlobusSatProject/..//hal/hcc/lib\libHCCD.a(fat_common.o)
 .text._set8bitzero
                0x20018718       0x6c C:/Users/ground/Documents/GitHub/tevel2/GlobusSatProject/..//hal/hcc/lib\libHCCD.a(fat_common.o)
 .text._set8bit
                0x20018784       0xa0 C:/Users/ground/Documents/GitHub/tevel2/GlobusSatProject/..//hal/hcc/lib\libHCCD.a(fat_common.o)
 .text._set16bitl
                0x20018824       0x3c C:/Users/ground/Documents/GitHub/tevel2/GlobusSatProject/..//hal/hcc/lib\libHCCD.a(fat_common.o)
 .text._set32bitl
                0x20018860       0x34 C:/Users/ground/Documents/GitHub/tevel2/GlobusSatProject/..//hal/hcc/lib\libHCCD.a(fat_common.o)
 .text._f_setcardremoved
                0x20018894       0x94 C:/Users/ground/Documents/GitHub/tevel2/GlobusSatProject/..//hal/hcc/lib\libHCCD.a(fat_common.o)
 .text._f_checkstatus
                0x20018928      0x104 C:/Users/ground/Documents/GitHub/tevel2/GlobusSatProject/..//hal/hcc/lib\libHCCD.a(fat_common.o)
                0x20018928                _f_checkstatus
 .text._f_drvgetphy
                0x20018a2c      0x114 C:/Users/ground/Documents/GitHub/tevel2/GlobusSatProject/..//hal/hcc/lib\libHCCD.a(fat_common.o)
 .text._f_drvwritesector
                0x20018b40       0xdc C:/Users/ground/Documents/GitHub/tevel2/GlobusSatProject/..//hal/hcc/lib\libHCCD.a(fat_common.o)
 .text._f_drvreadsector
                0x20018c1c       0xa8 C:/Users/ground/Documents/GitHub/tevel2/GlobusSatProject/..//hal/hcc/lib\libHCCD.a(fat_common.o)
 .text._f_writesector
                0x20018cc4      0x23c C:/Users/ground/Documents/GitHub/tevel2/GlobusSatProject/..//hal/hcc/lib\libHCCD.a(fat_common.o)
                0x20018cc4                _f_writesector
 .text._f_readsector
                0x20018f00      0x1dc C:/Users/ground/Documents/GitHub/tevel2/GlobusSatProject/..//hal/hcc/lib\libHCCD.a(fat_common.o)
                0x20018f00                _f_readsector
 .text._f_getmaxcluster
                0x200190dc       0x94 C:/Users/ground/Documents/GitHub/tevel2/GlobusSatProject/..//hal/hcc/lib\libHCCD.a(fat_common.o)
                0x200190dc                _f_getmaxcluster
 .text._getsectorfromcluster
                0x20019170       0x68 C:/Users/ground/Documents/GitHub/tevel2/GlobusSatProject/..//hal/hcc/lib\libHCCD.a(fat_common.o)
 .text._f_buildsectors
                0x200191d8      0x268 C:/Users/ground/Documents/GitHub/tevel2/GlobusSatProject/..//hal/hcc/lib\libHCCD.a(fat_common.o)
 .text._f_getbootrecord
                0x20019440      0x5e4 C:/Users/ground/Documents/GitHub/tevel2/GlobusSatProject/..//hal/hcc/lib\libHCCD.a(fat_common.o)
 .text._f_readbootrecord
                0x20019a24      0x4f8 C:/Users/ground/Documents/GitHub/tevel2/GlobusSatProject/..//hal/hcc/lib\libHCCD.a(fat_common.o)
 .text._f_writebootrecord
                0x20019f1c      0x5e4 C:/Users/ground/Documents/GitHub/tevel2/GlobusSatProject/..//hal/hcc/lib\libHCCD.a(fat_common.o)
 .text._f_flushcffiles
                0x2001a500      0x17c C:/Users/ground/Documents/GitHub/tevel2/GlobusSatProject/..//hal/hcc/lib\libHCCD.a(fat_common.o)
                0x2001a500                _f_flushcffiles
 .text._f_fatcache_flush
                0x2001a67c      0x270 C:/Users/ground/Documents/GitHub/tevel2/GlobusSatProject/..//hal/hcc/lib\libHCCD.a(fat_common.o)
                0x2001a67c                _f_fatcache_flush
 .text._f_writefatsector
                0x2001a8ec      0x100 C:/Users/ground/Documents/GitHub/tevel2/GlobusSatProject/..//hal/hcc/lib\libHCCD.a(fat_common.o)
                0x2001a8ec                _f_writefatsector
 .text._f_getfatsector
                0x2001a9ec      0x3bc C:/Users/ground/Documents/GitHub/tevel2/GlobusSatProject/..//hal/hcc/lib\libHCCD.a(fat_common.o)
 .text._f_setclustervalue
                0x2001ada8      0x490 C:/Users/ground/Documents/GitHub/tevel2/GlobusSatProject/..//hal/hcc/lib\libHCCD.a(fat_common.o)
                0x2001ada8                _f_setclustervalue
 .text._f_getclustervalue
                0x2001b238      0x388 C:/Users/ground/Documents/GitHub/tevel2/GlobusSatProject/..//hal/hcc/lib\libHCCD.a(fat_common.o)
                0x2001b238                _f_getclustervalue
 .text._f_close_drive_files
                0x2001b5c0       0xac C:/Users/ground/Documents/GitHub/tevel2/GlobusSatProject/..//hal/hcc/lib\libHCCD.a(fat_common.o)
 .text._f_inc_mount_count
                0x2001b66c       0xa4 C:/Users/ground/Documents/GitHub/tevel2/GlobusSatProject/..//hal/hcc/lib\libHCCD.a(fat_common.o)
 .text._f_getvolume
                0x2001b710      0x2f8 C:/Users/ground/Documents/GitHub/tevel2/GlobusSatProject/..//hal/hcc/lib\libHCCD.a(fat_common.o)
                0x2001b710                _f_getvolume
 .text.fn_createdriver
                0x2001ba08      0x118 C:/Users/ground/Documents/GitHub/tevel2/GlobusSatProject/..//hal/hcc/lib\libHCCD.a(fat_common.o)
                0x2001ba08                fn_createdriver
 .text.fn_initvolume
                0x2001bb20      0x12c C:/Users/ground/Documents/GitHub/tevel2/GlobusSatProject/..//hal/hcc/lib\libHCCD.a(fat_common.o)
                0x2001bb20                fn_initvolume
 .text.fn_releasedriver
                0x2001bc4c       0xf4 C:/Users/ground/Documents/GitHub/tevel2/GlobusSatProject/..//hal/hcc/lib\libHCCD.a(fat_common.o)
                0x2001bc4c                fn_releasedriver
 .text.fn_initvolumepartition_sub
                0x2001bd40       0xe0 C:/Users/ground/Documents/GitHub/tevel2/GlobusSatProject/..//hal/hcc/lib\libHCCD.a(fat_common.o)
 .text.fn_initvolumepartition
                0x2001be20       0xac C:/Users/ground/Documents/GitHub/tevel2/GlobusSatProject/..//hal/hcc/lib\libHCCD.a(fat_common.o)
                0x2001be20                fn_initvolumepartition
 .text.fn_delvolume
                0x2001becc      0x194 C:/Users/ground/Documents/GitHub/tevel2/GlobusSatProject/..//hal/hcc/lib\libHCCD.a(fat_common.o)
                0x2001becc                fn_delvolume
 .text._f_clustertopos
                0x2001c060       0xf8 C:/Users/ground/Documents/GitHub/tevel2/GlobusSatProject/..//hal/hcc/lib\libHCCD.a(fat_common.o)
                0x2001c060                _f_clustertopos
 .text._f_prepareformat
                0x2001c158      0x8b8 C:/Users/ground/Documents/GitHub/tevel2/GlobusSatProject/..//hal/hcc/lib\libHCCD.a(fat_common.o)
 .text._f_resetfatentries
                0x2001ca10      0x410 C:/Users/ground/Documents/GitHub/tevel2/GlobusSatProject/..//hal/hcc/lib\libHCCD.a(fat_common.o)
 .text._f_resetrootdir
                0x2001ce20       0xcc C:/Users/ground/Documents/GitHub/tevel2/GlobusSatProject/..//hal/hcc/lib\libHCCD.a(fat_common.o)
 .text._f_postformat
                0x2001ceec      0x178 C:/Users/ground/Documents/GitHub/tevel2/GlobusSatProject/..//hal/hcc/lib\libHCCD.a(fat_common.o)
 .text.fn_format
                0x2001d064      0x148 C:/Users/ground/Documents/GitHub/tevel2/GlobusSatProject/..//hal/hcc/lib\libHCCD.a(fat_common.o)
                0x2001d064                fn_format
 .text._f_getcurrsector
                0x2001d1ac      0x6c8 C:/Users/ground/Documents/GitHub/tevel2/GlobusSatProject/..//hal/hcc/lib\libHCCD.a(fat_common.o)
                0x2001d1ac                _f_getcurrsector
 .text._f_getdecluster
                0x2001d874       0x90 C:/Users/ground/Documents/GitHub/tevel2/GlobusSatProject/..//hal/hcc/lib\libHCCD.a(fat_common.o)
                0x2001d874                _f_getdecluster
 .text._f_setdecluster
                0x2001d904       0x8c C:/Users/ground/Documents/GitHub/tevel2/GlobusSatProject/..//hal/hcc/lib\libHCCD.a(fat_common.o)
                0x2001d904                _f_setdecluster
 .text.fn_getdrive
                0x2001d990       0x30 C:/Users/ground/Documents/GitHub/tevel2/GlobusSatProject/..//hal/hcc/lib\libHCCD.a(fat_common.o)
                0x2001d990                fn_getdrive
 .text._f_getcurrenttimedate
                0x2001d9c0      0x138 C:/Users/ground/Documents/GitHub/tevel2/GlobusSatProject/..//hal/hcc/lib\libHCCD.a(fat_common.o)
                0x2001d9c0                _f_getcurrenttimedate
 .text._f_initentry
                0x2001daf8       0xa0 C:/Users/ground/Documents/GitHub/tevel2/GlobusSatProject/..//hal/hcc/lib\libHCCD.a(fat_common.o)
                0x2001daf8                _f_initentry
 .text._f_alloccluster
                0x2001db98      0x344 C:/Users/ground/Documents/GitHub/tevel2/GlobusSatProject/..//hal/hcc/lib\libHCCD.a(fat_common.o)
                0x2001db98                _f_alloccluster
 .text._f_dobadblock
                0x2001dedc      0x2cc C:/Users/ground/Documents/GitHub/tevel2/GlobusSatProject/..//hal/hcc/lib\libHCCD.a(fat_common.o)
                0x2001dedc                _f_dobadblock
 .text._f_checklocked
                0x2001e1a8       0xe4 C:/Users/ground/Documents/GitHub/tevel2/GlobusSatProject/..//hal/hcc/lib\libHCCD.a(fat_common.o)
                0x2001e1a8                _f_checklocked
 .text._f_checkappendlocked
                0x2001e28c      0x110 C:/Users/ground/Documents/GitHub/tevel2/GlobusSatProject/..//hal/hcc/lib\libHCCD.a(fat_common.o)
                0x2001e28c                _f_checkappendlocked
 .text._f_setsyncafile
                0x2001e39c      0x114 C:/Users/ground/Documents/GitHub/tevel2/GlobusSatProject/..//hal/hcc/lib\libHCCD.a(fat_common.o)
                0x2001e39c                _f_setsyncafile
 .text._f_syncfiles
                0x2001e4b0      0x128 C:/Users/ground/Documents/GitHub/tevel2/GlobusSatProject/..//hal/hcc/lib\libHCCD.a(fat_common.o)
                0x2001e4b0                _f_syncfiles
 .text._f_syncfilescontent
                0x2001e5d8      0x15c C:/Users/ground/Documents/GitHub/tevel2/GlobusSatProject/..//hal/hcc/lib\libHCCD.a(fat_common.o)
 .text.fn_getfreespace
                0x2001e734      0x4c0 C:/Users/ground/Documents/GitHub/tevel2/GlobusSatProject/..//hal/hcc/lib\libHCCD.a(fat_common.o)
                0x2001e734                fn_getfreespace
 .text._f_emptywritecache
                0x2001ebf4      0x4a4 C:/Users/ground/Documents/GitHub/tevel2/GlobusSatProject/..//hal/hcc/lib\libHCCD.a(fat_common.o)
 .text._f_allocnextcluster
                0x2001f098      0x54c C:/Users/ground/Documents/GitHub/tevel2/GlobusSatProject/..//hal/hcc/lib\libHCCD.a(fat_common.o)
 .text._f_emptywritebuffer
                0x2001f5e4      0x20c C:/Users/ground/Documents/GitHub/tevel2/GlobusSatProject/..//hal/hcc/lib\libHCCD.a(fat_common.o)
 .text._f_writezeros
                0x2001f7f0       0xf0 C:/Users/ground/Documents/GitHub/tevel2/GlobusSatProject/..//hal/hcc/lib\libHCCD.a(fat_common.o)
                0x2001f7f0                _f_writezeros
 .text._f_extend_file
                0x2001f8e0      0x570 C:/Users/ground/Documents/GitHub/tevel2/GlobusSatProject/..//hal/hcc/lib\libHCCD.a(fat_common.o)
 .text._f_fseek
                0x2001fe50      0x9bc C:/Users/ground/Documents/GitHub/tevel2/GlobusSatProject/..//hal/hcc/lib\libHCCD.a(fat_common.o)
                0x2001fe50                _f_fseek
 .text._f_removechain
                0x2002080c      0x104 C:/Users/ground/Documents/GitHub/tevel2/GlobusSatProject/..//hal/hcc/lib\libHCCD.a(fat_common.o)
                0x2002080c                _f_removechain
 .text._f_updatefileentry
                0x20020910      0x1cc C:/Users/ground/Documents/GitHub/tevel2/GlobusSatProject/..//hal/hcc/lib\libHCCD.a(fat_common.o)
 .text._f_checkreadlocked
                0x20020adc      0x1bc C:/Users/ground/Documents/GitHub/tevel2/GlobusSatProject/..//hal/hcc/lib\libHCCD.a(fat_common.o)
                0x20020adc                _f_checkreadlocked
 .text._f_check_handle
                0x20020c98       0x98 C:/Users/ground/Documents/GitHub/tevel2/GlobusSatProject/..//hal/hcc/lib\libHCCD.a(fat_common.o)
                0x20020c98                _f_check_handle
 .text._f_removesyncafile
                0x20020d30      0x1ec C:/Users/ground/Documents/GitHub/tevel2/GlobusSatProject/..//hal/hcc/lib\libHCCD.a(fat_common.o)
 .text.fn_close
                0x20020f1c      0x3f8 C:/Users/ground/Documents/GitHub/tevel2/GlobusSatProject/..//hal/hcc/lib\libHCCD.a(fat_common.o)
                0x20020f1c                fn_close
 .text.fn_flush
                0x20021314      0x374 C:/Users/ground/Documents/GitHub/tevel2/GlobusSatProject/..//hal/hcc/lib\libHCCD.a(fat_common.o)
                0x20021314                fn_flush
 .text.fn_read  0x20021688      0x690 C:/Users/ground/Documents/GitHub/tevel2/GlobusSatProject/..//hal/hcc/lib\libHCCD.a(fat_common.o)
                0x20021688                fn_read
 .text._f_abortwrite
                0x20021d18      0x100 C:/Users/ground/Documents/GitHub/tevel2/GlobusSatProject/..//hal/hcc/lib\libHCCD.a(fat_common.o)
 .text._f_checkwritecluster
                0x20021e18       0xe4 C:/Users/ground/Documents/GitHub/tevel2/GlobusSatProject/..//hal/hcc/lib\libHCCD.a(fat_common.o)
 .text.fn_write
                0x20021efc      0x8a8 C:/Users/ground/Documents/GitHub/tevel2/GlobusSatProject/..//hal/hcc/lib\libHCCD.a(fat_common.o)
                0x20021efc                fn_write
 .text.fn_seek  0x200227a4      0x270 C:/Users/ground/Documents/GitHub/tevel2/GlobusSatProject/..//hal/hcc/lib\libHCCD.a(fat_common.o)
                0x200227a4                fn_seek
 .text.f_enterFS
                0x20022a14      0x1c0 C:/Users/ground/Documents/GitHub/tevel2/GlobusSatProject/..//hal/hcc/lib\libHCCD.a(fat_common.o)
                0x20022a14                f_enterFS
 .text.fnGetTask
                0x20022bd4       0xfc C:/Users/ground/Documents/GitHub/tevel2/GlobusSatProject/..//hal/hcc/lib\libHCCD.a(fat_common.o)
                0x20022bd4                fnGetTask
 .text._f_mutex_get
                0x20022cd0       0x98 C:/Users/ground/Documents/GitHub/tevel2/GlobusSatProject/..//hal/hcc/lib\libHCCD.a(fat_common.o)
                0x20022cd0                _f_mutex_get
 .text._f_mutex_put
                0x20022d68       0x54 C:/Users/ground/Documents/GitHub/tevel2/GlobusSatProject/..//hal/hcc/lib\libHCCD.a(fat_common.o)
                0x20022d68                _f_mutex_put
 .text._fn_initseekdivisor
                0x20022dbc      0x158 C:/Users/ground/Documents/GitHub/tevel2/GlobusSatProject/..//hal/hcc/lib\libHCCD.a(fat_common.o)
                0x20022dbc                _fn_initseekdivisor
 .text._fn_updateseekpos
                0x20022f14       0xc4 C:/Users/ground/Documents/GitHub/tevel2/GlobusSatProject/..//hal/hcc/lib\libHCCD.a(fat_common.o)
 .text._f_findopensize
                0x20022fd8       0x2c C:/Users/ground/Documents/GitHub/tevel2/GlobusSatProject/..//hal/hcc/lib\libHCCD.a(fat_common.o)
                0x20022fd8                _f_findopensize
 .text.fn_setlasterror
                0x20023004       0x34 C:/Users/ground/Documents/GitHub/tevel2/GlobusSatProject/..//hal/hcc/lib\libHCCD.a(fat_common.o)
                0x20023004                fn_setlasterror
 .text.fn_setlasterror_noret
                0x20023038       0x2c C:/Users/ground/Documents/GitHub/tevel2/GlobusSatProject/..//hal/hcc/lib\libHCCD.a(fat_common.o)
                0x20023038                fn_setlasterror_noret
 .text._s_checkzeroclusteratend
                0x20023064       0xf8 C:/Users/ground/Documents/GitHub/tevel2/GlobusSatProject/..//hal/hcc/lib\libHCCD.a(safefat.o)
 .text._s_clearclustercontent
                0x2002315c      0x108 C:/Users/ground/Documents/GitHub/tevel2/GlobusSatProject/..//hal/hcc/lib\libHCCD.a(safefat.o)
 .text._s_clearclustercontentdir
                0x20023264      0x19c C:/Users/ground/Documents/GitHub/tevel2/GlobusSatProject/..//hal/hcc/lib\libHCCD.a(safefat.o)
 .text._s_writedirsector
                0x20023400       0xd0 C:/Users/ground/Documents/GitHub/tevel2/GlobusSatProject/..//hal/hcc/lib\libHCCD.a(safefat.o)
 .text._s_getdirsector
                0x200234d0      0x100 C:/Users/ground/Documents/GitHub/tevel2/GlobusSatProject/..//hal/hcc/lib\libHCCD.a(safefat.o)
 .text._s_addentry
                0x200235d0      0x394 C:/Users/ground/Documents/GitHub/tevel2/GlobusSatProject/..//hal/hcc/lib\libHCCD.a(safefat.o)
 .text._s_findfile
                0x20023964      0x33c C:/Users/ground/Documents/GitHub/tevel2/GlobusSatProject/..//hal/hcc/lib\libHCCD.a(safefat.o)
 .text._s_findsubdir
                0x20023ca0      0x248 C:/Users/ground/Documents/GitHub/tevel2/GlobusSatProject/..//hal/hcc/lib\libHCCD.a(safefat.o)
 .text._s_createfile
                0x20023ee8      0x190 C:/Users/ground/Documents/GitHub/tevel2/GlobusSatProject/..//hal/hcc/lib\libHCCD.a(safefat.o)
 .text._s_findsaffile
                0x20024078      0x1b8 C:/Users/ground/Documents/GitHub/tevel2/GlobusSatProject/..//hal/hcc/lib\libHCCD.a(safefat.o)
 .text._s_open  0x20024230       0xe4 C:/Users/ground/Documents/GitHub/tevel2/GlobusSatProject/..//hal/hcc/lib\libHCCD.a(safefat.o)
 .text._s_open_saf
                0x20024314       0xe8 C:/Users/ground/Documents/GitHub/tevel2/GlobusSatProject/..//hal/hcc/lib\libHCCD.a(safefat.o)
 .text._s_flush
                0x200243fc       0x84 C:/Users/ground/Documents/GitHub/tevel2/GlobusSatProject/..//hal/hcc/lib\libHCCD.a(safefat.o)
 .text._s_allocnextcluster
                0x20024480      0x13c C:/Users/ground/Documents/GitHub/tevel2/GlobusSatProject/..//hal/hcc/lib\libHCCD.a(safefat.o)
 .text._s_getnextsector
                0x200245bc       0xdc C:/Users/ground/Documents/GitHub/tevel2/GlobusSatProject/..//hal/hcc/lib\libHCCD.a(safefat.o)
 .text._s_seek  0x20024698      0x1e8 C:/Users/ground/Documents/GitHub/tevel2/GlobusSatProject/..//hal/hcc/lib\libHCCD.a(safefat.o)
 .text._s_get_len
                0x20024880      0x10c C:/Users/ground/Documents/GitHub/tevel2/GlobusSatProject/..//hal/hcc/lib\libHCCD.a(safefat.o)
 .text._s_set_len
                0x2002498c       0xb4 C:/Users/ground/Documents/GitHub/tevel2/GlobusSatProject/..//hal/hcc/lib\libHCCD.a(safefat.o)
 .text.safe_fix_filelengths
                0x20024a40       0xcc C:/Users/ground/Documents/GitHub/tevel2/GlobusSatProject/..//hal/hcc/lib\libHCCD.a(safefat.o)
                0x20024a40                safe_fix_filelengths
 .text._s_read  0x20024b0c      0x228 C:/Users/ground/Documents/GitHub/tevel2/GlobusSatProject/..//hal/hcc/lib\libHCCD.a(safefat.o)
 .text._s_write
                0x20024d34      0x384 C:/Users/ground/Documents/GitHub/tevel2/GlobusSatProject/..//hal/hcc/lib\libHCCD.a(safefat.o)
 .text._s_restoreclusters
                0x200250b8      0x270 C:/Users/ground/Documents/GitHub/tevel2/GlobusSatProject/..//hal/hcc/lib\libHCCD.a(safefat.o)
                0x200250b8                _s_restoreclusters
 .text._s_findrestore
                0x20025328      0x18c C:/Users/ground/Documents/GitHub/tevel2/GlobusSatProject/..//hal/hcc/lib\libHCCD.a(safefat.o)
 .text._s_cmd_writede
                0x200254b4       0xd8 C:/Users/ground/Documents/GitHub/tevel2/GlobusSatProject/..//hal/hcc/lib\libHCCD.a(safefat.o)
 .text._s_cmd_setcluster
                0x2002558c       0x88 C:/Users/ground/Documents/GitHub/tevel2/GlobusSatProject/..//hal/hcc/lib\libHCCD.a(safefat.o)
 .text._s_cmd_deletechain
                0x20025614      0x100 C:/Users/ground/Documents/GitHub/tevel2/GlobusSatProject/..//hal/hcc/lib\libHCCD.a(safefat.o)
 .text._s_cmd_validatecfn
                0x20025714      0x308 C:/Users/ground/Documents/GitHub/tevel2/GlobusSatProject/..//hal/hcc/lib\libHCCD.a(safefat.o)
 .text._s_cmd_seteof
                0x20025a1c      0x3c4 C:/Users/ground/Documents/GitHub/tevel2/GlobusSatProject/..//hal/hcc/lib\libHCCD.a(safefat.o)
 .text.safe_docommands
                0x20025de0      0x56c C:/Users/ground/Documents/GitHub/tevel2/GlobusSatProject/..//hal/hcc/lib\libHCCD.a(safefat.o)
                0x20025de0                safe_docommands
 .text.safe_entercommand
                0x2002634c       0x68 C:/Users/ground/Documents/GitHub/tevel2/GlobusSatProject/..//hal/hcc/lib\libHCCD.a(safefat.o)
                0x2002634c                safe_entercommand
 .text.safe_ready
                0x200263b4       0xf4 C:/Users/ground/Documents/GitHub/tevel2/GlobusSatProject/..//hal/hcc/lib\libHCCD.a(safefat.o)
                0x200263b4                safe_ready
 .text.safe_copycfn
                0x200264a8       0xb8 C:/Users/ground/Documents/GitHub/tevel2/GlobusSatProject/..//hal/hcc/lib\libHCCD.a(safefat.o)
                0x200264a8                safe_copycfn
 .text.safe_cfremove
                0x20026560       0xb8 C:/Users/ground/Documents/GitHub/tevel2/GlobusSatProject/..//hal/hcc/lib\libHCCD.a(safefat.o)
                0x20026560                safe_cfremove
 .text.safe_writede
                0x20026618      0x104 C:/Users/ground/Documents/GitHub/tevel2/GlobusSatProject/..//hal/hcc/lib\libHCCD.a(safefat.o)
                0x20026618                safe_writede
 .text.safe_setcluster
                0x2002671c       0xcc C:/Users/ground/Documents/GitHub/tevel2/GlobusSatProject/..//hal/hcc/lib\libHCCD.a(safefat.o)
                0x2002671c                safe_setcluster
 .text.safe_deletechain
                0x200267e8      0x1c8 C:/Users/ground/Documents/GitHub/tevel2/GlobusSatProject/..//hal/hcc/lib\libHCCD.a(safefat.o)
                0x200267e8                safe_deletechain
 .text.safe_cfclose
                0x200269b0      0x104 C:/Users/ground/Documents/GitHub/tevel2/GlobusSatProject/..//hal/hcc/lib\libHCCD.a(safefat.o)
                0x200269b0                safe_cfclose
 .text.safe_cfflush
                0x20026ab4      0x124 C:/Users/ground/Documents/GitHub/tevel2/GlobusSatProject/..//hal/hcc/lib\libHCCD.a(safefat.o)
                0x20026ab4                safe_cfflush
 .text.safe_reset
                0x20026bd8       0x78 C:/Users/ground/Documents/GitHub/tevel2/GlobusSatProject/..//hal/hcc/lib\libHCCD.a(safefat.o)
                0x20026bd8                safe_reset
 .text.safe_loadcommands
                0x20026c50       0x78 C:/Users/ground/Documents/GitHub/tevel2/GlobusSatProject/..//hal/hcc/lib\libHCCD.a(safefat.o)
                0x20026c50                safe_loadcommands
 .text.safe_poweron
                0x20026cc8      0x1fc C:/Users/ground/Documents/GitHub/tevel2/GlobusSatProject/..//hal/hcc/lib\libHCCD.a(safefat.o)
                0x20026cc8                safe_poweron
 .text.cf_getname
                0x20026ec4       0xc0 C:/Users/ground/Documents/GitHub/tevel2/GlobusSatProject/..//hal/hcc/lib\libHCCD.a(safefat.o)
 .text.cf_copyclusterchain
                0x20026f84      0x138 C:/Users/ground/Documents/GitHub/tevel2/GlobusSatProject/..//hal/hcc/lib\libHCCD.a(safefat.o)
 .text.cf_seektozero
                0x200270bc       0x94 C:/Users/ground/Documents/GitHub/tevel2/GlobusSatProject/..//hal/hcc/lib\libHCCD.a(safefat.o)
                0x200270bc                cf_seektozero
 .text.cf_create
                0x20027150      0x3a8 C:/Users/ground/Documents/GitHub/tevel2/GlobusSatProject/..//hal/hcc/lib\libHCCD.a(safefat.o)
                0x20027150                cf_create
 .text.cf_copyclustercontent
                0x200274f8      0x128 C:/Users/ground/Documents/GitHub/tevel2/GlobusSatProject/..//hal/hcc/lib\libHCCD.a(safefat.o)
                0x200274f8                cf_copyclustercontent
 .text.cf_copycfn
                0x20027620      0x4bc C:/Users/ground/Documents/GitHub/tevel2/GlobusSatProject/..//hal/hcc/lib\libHCCD.a(safefat.o)
                0x20027620                cf_copycfn
 .text.cf_remove
                0x20027adc      0x344 C:/Users/ground/Documents/GitHub/tevel2/GlobusSatProject/..//hal/hcc/lib\libHCCD.a(safefat.o)
                0x20027adc                cf_remove
 .text.cf_setclusternew
                0x20027e20       0xf0 C:/Users/ground/Documents/GitHub/tevel2/GlobusSatProject/..//hal/hcc/lib\libHCCD.a(safefat.o)
                0x20027e20                cf_setclusternew
 .text.cf_flush
                0x20027f10       0x58 C:/Users/ground/Documents/GitHub/tevel2/GlobusSatProject/..//hal/hcc/lib\libHCCD.a(safefat.o)
                0x20027f10                cf_flush
 .text.cf_getcluster
                0x20027f68      0x1b4 C:/Users/ground/Documents/GitHub/tevel2/GlobusSatProject/..//hal/hcc/lib\libHCCD.a(safefat.o)
                0x20027f68                cf_getcluster
 .text.cf_setnextcluster
                0x2002811c      0x194 C:/Users/ground/Documents/GitHub/tevel2/GlobusSatProject/..//hal/hcc/lib\libHCCD.a(safefat.o)
                0x2002811c                cf_setnextcluster
 .text.cf_getpositions
                0x200282b0       0xbc C:/Users/ground/Documents/GitHub/tevel2/GlobusSatProject/..//hal/hcc/lib\libHCCD.a(safefat.o)
                0x200282b0                cf_getpositions
 .text.cf_setpositions
                0x2002836c       0xb0 C:/Users/ground/Documents/GitHub/tevel2/GlobusSatProject/..//hal/hcc/lib\libHCCD.a(safefat.o)
                0x2002836c                cf_setpositions
 .text.cf_opensyncafile
                0x2002841c      0x150 C:/Users/ground/Documents/GitHub/tevel2/GlobusSatProject/..//hal/hcc/lib\libHCCD.a(safefat.o)
                0x2002841c                cf_opensyncafile
 .text.cf_reloadcfo
                0x2002856c       0xd8 C:/Users/ground/Documents/GitHub/tevel2/GlobusSatProject/..//hal/hcc/lib\libHCCD.a(safefat.o)
                0x2002856c                cf_reloadcfo
 .text.mcipdc_cmd
                0x20028644      0x22c C:/Users/ground/Documents/GitHub/tevel2/GlobusSatProject/..//hal/hcc/lib\libHCCD.a(atmel_mcipdc.o)
 .text.mcipdc_stop
                0x20028870       0xfc C:/Users/ground/Documents/GitHub/tevel2/GlobusSatProject/..//hal/hcc/lib\libHCCD.a(atmel_mcipdc.o)
                0x20028870                mcipdc_stop
 .text.mcipdc_read
                0x2002896c      0x27c C:/Users/ground/Documents/GitHub/tevel2/GlobusSatProject/..//hal/hcc/lib\libHCCD.a(atmel_mcipdc.o)
 .text.mcipdc_write
                0x20028be8      0x298 C:/Users/ground/Documents/GitHub/tevel2/GlobusSatProject/..//hal/hcc/lib\libHCCD.a(atmel_mcipdc.o)
 .text.mcipdc_readsector
                0x20028e80       0x9c C:/Users/ground/Documents/GitHub/tevel2/GlobusSatProject/..//hal/hcc/lib\libHCCD.a(atmel_mcipdc.o)
                0x20028e80                mcipdc_readsector
 .text.mcipdc_readmultiplesector
                0x20028f1c      0x124 C:/Users/ground/Documents/GitHub/tevel2/GlobusSatProject/..//hal/hcc/lib\libHCCD.a(atmel_mcipdc.o)
                0x20028f1c                mcipdc_readmultiplesector
 .text.mcipdc_writesector
                0x20029040       0x90 C:/Users/ground/Documents/GitHub/tevel2/GlobusSatProject/..//hal/hcc/lib\libHCCD.a(atmel_mcipdc.o)
                0x20029040                mcipdc_writesector
 .text.mcipdc_writemultiplesector
                0x200290d0      0x120 C:/Users/ground/Documents/GitHub/tevel2/GlobusSatProject/..//hal/hcc/lib\libHCCD.a(atmel_mcipdc.o)
                0x200290d0                mcipdc_writemultiplesector
 .text.mcipdc_set_speed
                0x200291f0       0xb0 C:/Users/ground/Documents/GitHub/tevel2/GlobusSatProject/..//hal/hcc/lib\libHCCD.a(atmel_mcipdc.o)
 .text.mcipdc_get_speed
                0x200292a0       0x48 C:/Users/ground/Documents/GitHub/tevel2/GlobusSatProject/..//hal/hcc/lib\libHCCD.a(atmel_mcipdc.o)
 .text._get_csd_bits
                0x200292e8      0x14c C:/Users/ground/Documents/GitHub/tevel2/GlobusSatProject/..//hal/hcc/lib\libHCCD.a(atmel_mcipdc.o)
 .text.mcipdc_initcard
                0x20029434      0x8f4 C:/Users/ground/Documents/GitHub/tevel2/GlobusSatProject/..//hal/hcc/lib\libHCCD.a(atmel_mcipdc.o)
 .text.mcipdc_getstatus
                0x20029d28       0xe8 C:/Users/ground/Documents/GitHub/tevel2/GlobusSatProject/..//hal/hcc/lib\libHCCD.a(atmel_mcipdc.o)
 .text.mcipdc_getphy
                0x20029e10       0x90 C:/Users/ground/Documents/GitHub/tevel2/GlobusSatProject/..//hal/hcc/lib\libHCCD.a(atmel_mcipdc.o)
 .text.mcipdc_release
                0x20029ea0       0x50 C:/Users/ground/Documents/GitHub/tevel2/GlobusSatProject/..//hal/hcc/lib\libHCCD.a(atmel_mcipdc.o)
 .text.atmel_mcipdc_initfunc