Archive member included because of file (symbol)

c:/isis/application/toolchain/bin/../lib/gcc/arm-none-eabi/4.7.4/../../../../arm-none-eabi/lib\libc_s.a(lib_a-vfprintf_float.o)
                              (_printf_float)
c:/isis/application/toolchain/bin/../lib/gcc/arm-none-eabi/4.7.4/../../../../arm-none-eabi/lib\libc_s.a(lib_a-vfprintf_i.o)
                              c:/isis/application/toolchain/bin/../lib/gcc/arm-none-eabi/4.7.4/../../../../arm-none-eabi/lib\libc_s.a(lib_a-vfprintf_float.o) (_printf_common)
c:/isis/application/toolchain/bin/../lib/gcc/arm-none-eabi/4.7.4/../../../../arm-none-eabi/lib\libc_s.a(lib_a-vfscanf_float.o)
                              (_scanf_float)
c:/isis/application/toolchain/bin/../lib/gcc/arm-none-eabi/4.7.4/../../../../arm-none-eabi/lib\libc_s.a(lib_a-dtoa.o)
                              c:/isis/application/toolchain/bin/../lib/gcc/arm-none-eabi/4.7.4/../../../../arm-none-eabi/lib\libc_s.a(lib_a-vfprintf_float.o) (_dtoa_r)
c:/isis/application/toolchain/bin/../lib/gcc/arm-none-eabi/4.7.4/../../../../arm-none-eabi/lib\libc_s.a(lib_a-locale.o)
                              c:/isis/application/toolchain/bin/../lib/gcc/arm-none-eabi/4.7.4/../../../../arm-none-eabi/lib\libc_s.a(lib_a-vfprintf_float.o) (_localeconv_r)
c:/isis/application/toolchain/bin/../lib/gcc/arm-none-eabi/4.7.4/../../../../arm-none-eabi/lib\libc_s.a(lib_a-malloc.o)
                              c:/isis/application/toolchain/bin/../lib/gcc/arm-none-eabi/4.7.4/../../../../arm-none-eabi/lib\libc_s.a(lib_a-dtoa.o) (malloc)
c:/isis/application/toolchain/bin/../lib/gcc/arm-none-eabi/4.7.4/../../../../arm-none-eabi/lib\libc_s.a(lib_a-mallocr.o)
                              c:/isis/application/toolchain/bin/../lib/gcc/arm-none-eabi/4.7.4/../../../../arm-none-eabi/lib\libc_s.a(lib_a-malloc.o) (_malloc_r)
c:/isis/application/toolchain/bin/../lib/gcc/arm-none-eabi/4.7.4/../../../../arm-none-eabi/lib\libc_s.a(lib_a-memcpy.o)
                              c:/isis/application/toolchain/bin/../lib/gcc/arm-none-eabi/4.7.4/../../../../arm-none-eabi/lib\libc_s.a(lib_a-dtoa.o) (memcpy)
c:/isis/application/toolchain/bin/../lib/gcc/arm-none-eabi/4.7.4/../../../../arm-none-eabi/lib\libc_s.a(lib_a-mprec.o)
                              c:/isis/application/toolchain/bin/../lib/gcc/arm-none-eabi/4.7.4/../../../../arm-none-eabi/lib\libc_s.a(lib_a-dtoa.o) (_Balloc)
c:/isis/application/toolchain/bin/../lib/gcc/arm-none-eabi/4.7.4/../../../../arm-none-eabi/lib\libc_s.a(lib_a-s_fpclassify.o)
                              c:/isis/application/toolchain/bin/../lib/gcc/arm-none-eabi/4.7.4/../../../../arm-none-eabi/lib\libc_s.a(lib_a-vfprintf_float.o) (__fpclassifyd)
c:/isis/application/toolchain/bin/../lib/gcc/arm-none-eabi/4.7.4/../../../../arm-none-eabi/lib\libc_s.a(lib_a-sbrkr.o)
                              c:/isis/application/toolchain/bin/../lib/gcc/arm-none-eabi/4.7.4/../../../../arm-none-eabi/lib\libc_s.a(lib_a-mallocr.o) (_sbrk_r)
c:/isis/application/toolchain/bin/../lib/gcc/arm-none-eabi/4.7.4/../../../../arm-none-eabi/lib\libc_s.a(lib_a-sf_nan.o)
                              c:/isis/application/toolchain/bin/../lib/gcc/arm-none-eabi/4.7.4/../../../../arm-none-eabi/lib\libc_s.a(lib_a-vfscanf_float.o) (nanf)
c:/isis/application/toolchain/bin/../lib/gcc/arm-none-eabi/4.7.4/../../../../arm-none-eabi/lib\libc_s.a(lib_a-sprintf.o)
                              c:/isis/application/toolchain/bin/../lib/gcc/arm-none-eabi/4.7.4/../../../../arm-none-eabi/lib\libc_s.a(lib_a-vfscanf_float.o) (sprintf)
c:/isis/application/toolchain/bin/../lib/gcc/arm-none-eabi/4.7.4/../../../../arm-none-eabi/lib\libc_s.a(lib_a-strcmp.o)
                              c:/isis/application/toolchain/bin/../lib/gcc/arm-none-eabi/4.7.4/../../../../arm-none-eabi/lib\libc_s.a(lib_a-locale.o) (strcmp)
c:/isis/application/toolchain/bin/../lib/gcc/arm-none-eabi/4.7.4/../../../../arm-none-eabi/lib\libc_s.a(lib_a-strlen.o)
                              c:/isis/application/toolchain/bin/../lib/gcc/arm-none-eabi/4.7.4/../../../../arm-none-eabi/lib\libc_s.a(lib_a-vfprintf_float.o) (strlen)
c:/isis/application/toolchain/bin/../lib/gcc/arm-none-eabi/4.7.4/../../../../arm-none-eabi/lib\libc_s.a(lib_a-strtod.o)
                              c:/isis/application/toolchain/bin/../lib/gcc/arm-none-eabi/4.7.4/../../../../arm-none-eabi/lib\libc_s.a(lib_a-vfscanf_float.o) (_strtod_r)
c:/isis/application/toolchain/bin/../lib/gcc/arm-none-eabi/4.7.4/../../../../arm-none-eabi/lib\libc_s.a(lib_a-strtol.o)
                              c:/isis/application/toolchain/bin/../lib/gcc/arm-none-eabi/4.7.4/../../../../arm-none-eabi/lib\libc_s.a(lib_a-vfscanf_float.o) (_strtol_r)
c:/isis/application/toolchain/bin/../lib/gcc/arm-none-eabi/4.7.4/../../../../arm-none-eabi/lib\libc_s.a(lib_a-svfprintf.o)
                              c:/isis/application/toolchain/bin/../lib/gcc/arm-none-eabi/4.7.4/../../../../arm-none-eabi/lib\libc_s.a(lib_a-sprintf.o) (_svfprintf_r)
[...]
Memory Configuration

Name             Origin             Length             Attributes
sram0            0x00200000         0x00004000         w !xr
sram1            0x00300000         0x00004000         w !xr
sdram            0x20000000         0x02000000         w !xr
*default*        0x00000000         0xffffffff

Linker script and memory map

LOAD c:/isis/application/toolchain/bin/../lib/gcc/arm-none-eabi/4.7.4/../../../../arm-none-eabi/lib\libc_s.a
LOAD ./src/TestingDemos/CommandsTestingDemo.o
LOAD ./src/TestingDemos/EpsTestingDemo.o
LOAD ./src/TestingDemos/FileSystemTestingDemo.o
LOAD ./src/TestingDemos/MainTest.o
LOAD ./src/TestingDemos/MaintenanceTestingDemo.o
LOAD ./src/TestingDemos/TelemetryTestingDemo.o
LOAD ./src/TestingDemos/TrxvuTestingDemo.o
LOAD ./src/SubSystemModules/PowerManagment/EPS.o
LOAD ./src/SubSystemModules/Maintenance/Log.o
LOAD ./src/SubSystemModules/Maintenance/Maintenance.o
LOAD ./src/SubSystemModules/Housekepping/Dump.o
LOAD ./src/SubSystemModules/Housekepping/TelemetryCollector.o
LOAD ./src/SubSystemModules/Communication/SubsystemCommands/EPS_Commands.o
LOAD ./src/SubSystemModules/Communication/SubsystemCommands/FS_Commands.o
LOAD ./src/SubSystemModules/Communication/SubsystemCommands/Maintanence_Commands.o
LOAD ./src/SubSystemModules/Communication/SubsystemCommands/TRXVU_Commands.o
LOAD ./src/SubSystemModules/Communication/AckHandler.o
LOAD ./src/SubSystemModules/Communication/ActUponCommand.o
LOAD ./src/SubSystemModules/Communication/Beacon.o
LOAD ./src/SubSystemModules/Communication/CommandDictionary.o
LOAD ./src/SubSystemModules/Communication/SatCommandHandler.o
LOAD ./src/SubSystemModules/Communication/SatDataTx.o
LOAD ./src/SubSystemModules/Communication/TRXVU.o
LOAD ./src/SubSystemModules/Communication/Transponder.o
LOAD ./src/InitSystem.o
LOAD ./src/TLM_management.o
LOAD ./src/main.o
LOAD C:/TEVEL/GivatShmuel/Base-Aug-2019/GlobusSatProject/..//hal/hal/lib\libHALD.a
LOAD C:/TEVEL/GivatShmuel/Base-Aug-2019/GlobusSatProject/..//hal/hcc/lib\libHCCD.a
LOAD C:/TEVEL/GivatShmuel/Base-Aug-2019/GlobusSatProject/..//satellite-subsystems/satellite-subsystems/lib\libSatelliteSubsystemsD.a
LOAD C:/TEVEL/GivatShmuel/Base-Aug-2019/GlobusSatProject/..//hal/freertos/lib\libFreeRTOSD.a
LOAD C:/TEVEL/GivatShmuel/Base-Aug-2019/GlobusSatProject/..//hal/at91/lib\libAt91D.a
START GROUP
LOAD c:/isis/application/toolchain/bin/../lib/gcc/arm-none-eabi/4.7.4\libgcc.a
LOAD c:/isis/application/toolchain/bin/../lib/gcc/arm-none-eabi/4.7.4/../../../../arm-none-eabi/lib\libc_s.a
END GROUP

.fixed          0x20000000    0x33190
                0x20000000                . = ALIGN (0x4)
                0x20000000                _sfixed = .
 *(.startup)
 .startup       0x20000000      0x134 C:/TEVEL/GivatShmuel/Base-Aug-2019/GlobusSatProject/..//hal/at91/lib\libAt91D.a(board_cstartup.o)
                0x20000000                entry
 *(.text)
 .text          0x20000134       0x64 C:/TEVEL/GivatShmuel/Base-Aug-2019/GlobusSatProject/..//hal/at91/lib\libAt91D.a(cp15_asm.o)
                0x20000134                _readControlRegister
                0x20000140                _writeControlRegister
                0x20000148                _waitForInterrupt
                0x20000154                _writeTTB
                0x2000015c                _writeDomain
                0x20000164                _writeITLBLockdown
                0x2000016c                _prefetchICacheLine
                0x20000174                _flushDCache
                0x20000180                _flushWriteBuffer
                0x2000018c                _invalidateIDTLBs
 .text          0x20000198      0x114 c:/isis/application/toolchain/bin/../lib/gcc/arm-none-eabi/4.7.4\libgcc.a(_udivsi3.o)
                0x20000198                __aeabi_uidiv
                0x20000198                __udivsi3
                0x2000028c                __aeabi_uidivmod
 .text          0x200002ac      0x148 c:/isis/application/toolchain/bin/../lib/gcc/arm-none-eabi/4.7.4\libgcc.a(_divsi3.o)
                0x200002ac                __divsi3
                0x200002ac                __aeabi_idiv
                0x200003d4                __aeabi_idivmod
 .text          0x200003f4        0x4 c:/isis/application/toolchain/bin/../lib/gcc/arm-none-eabi/4.7.4\libgcc.a(_dvmd_tls.o)
                0x200003f4                __aeabi_idiv0
                0x200003f4                __aeabi_ldiv0
 .text          0x200003f8      0x41c c:/isis/application/toolchain/bin/../lib/gcc/arm-none-eabi/4.7.4\libgcc.a(_arm_addsubdf3.o)
                0x200003f8                __aeabi_drsub
                0x20000400                __aeabi_dsub
                0x20000400                __subdf3
                0x20000404                __aeabi_dadd
                0x20000404                __adddf3
                0x20000714                __floatunsidf
                0x20000714                __aeabi_ui2d
                0x20000738                __floatsidf
                0x20000738                __aeabi_i2d
                0x20000760                __aeabi_f2d
                0x20000760                __extendsfdf2
                0x200007a0                __floatundidf
                0x200007a0                __aeabi_ul2d
                0x200007b4                __floatdidf
                0x200007b4                __aeabi_l2d
 .text          0x20000814      0x49c c:/isis/application/toolchain/bin/../lib/gcc/arm-none-eabi/4.7.4\libgcc.a(_arm_muldivdf3.o)
                0x20000814                __aeabi_dmul
                0x20000814                __muldf3
                0x20000aa4                __divdf3
                0x20000aa4                __aeabi_ddiv
 .text          0x20000cb0      0x144 c:/isis/application/toolchain/bin/../lib/gcc/arm-none-eabi/4.7.4\libgcc.a(_arm_cmpdf2.o)
                0x20000cb0                __gtdf2
                0x20000cb0                __gedf2
                0x20000cb8                __ltdf2
                0x20000cb8                __ledf2
                0x20000cc0                __nedf2
                0x20000cc0                __eqdf2
                0x20000cc0                __cmpdf2
                0x20000d48                __aeabi_cdrcmple
                0x20000d64                __aeabi_cdcmpeq
                0x20000d64                __aeabi_cdcmple
                0x20000d7c                __aeabi_dcmpeq
                0x20000d94                __aeabi_dcmplt
                0x20000dac                __aeabi_dcmple
                0x20000dc4                __aeabi_dcmpge
                0x20000ddc                __aeabi_dcmpgt
 .text          0x20000df4       0x5c c:/isis/application/toolchain/bin/../lib/gcc/arm-none-eabi/4.7.4\libgcc.a(_arm_fixdfsi.o)
                0x20000df4                __aeabi_d2iz
                0x20000df4                __fixdfsi
 .text          0x20000e50       0x54 c:/isis/application/toolchain/bin/../lib/gcc/arm-none-eabi/4.7.4\libgcc.a(_arm_fixunsdfsi.o)
                0x20000e50                __aeabi_d2uiz
                0x20000e50                __fixunsdfsi
 .text          0x20000ea4       0xa0 c:/isis/application/toolchain/bin/../lib/gcc/arm-none-eabi/4.7.4\libgcc.a(_arm_truncdfsf2.o)
                0x20000ea4                __truncdfsf2
                0x20000ea4                __aeabi_d2f
 *(.text*)
 .text.__cvt    0x20000f44      0x138 c:/isis/application/toolchain/bin/../lib/gcc/arm-none-eabi/4.7.4/../../../../arm-none-eabi/lib\libc_s.a(lib_a-vfprintf_float.o)
                0x20000f44                __cvt
 .text.__exponent
                0x2000107c       0xa8 c:/isis/application/toolchain/bin/../lib/gcc/arm-none-eabi/4.7.4/../../../../arm-none-eabi/lib\libc_s.a(lib_a-vfprintf_float.o)
                0x2000107c                __exponent
 .text._printf_float
                0x20001124      0x7dc c:/isis/application/toolchain/bin/../lib/gcc/arm-none-eabi/4.7.4/../../../../arm-none-eabi/lib\libc_s.a(lib_a-vfprintf_float.o)
                0x20001124                _printf_float
 .text._printf_common
                0x20001900      0x174 c:/isis/application/toolchain/bin/../lib/gcc/arm-none-eabi/4.7.4/../../../../arm-none-eabi/lib\libc_s.a(lib_a-vfprintf_i.o)
                0x20001900                _printf_common
 .text._printf_i
                0x20001a74      0x3c4 c:/isis/application/toolchain/bin/../lib/gcc/arm-none-eabi/4.7.4/../../../../arm-none-eabi/lib\libc_s.a(lib_a-vfprintf_i.o)
                0x20001a74                _printf_i
 .text._scanf_float
                0x20001e38      0x5f4 c:/isis/application/toolchain/bin/../lib/gcc/arm-none-eabi/4.7.4/../../../../arm-none-eabi/lib\libc_s.a(lib_a-vfscanf_float.o)
                0x20001e38                _scanf_float
 .text.quorem   0x2000242c      0x1ac c:/isis/application/toolchain/bin/../lib/gcc/arm-none-eabi/4.7.4/../../../../arm-none-eabi/lib\libc_s.a(lib_a-dtoa.o)
 .text._dtoa_r  0x200025d8     0x1268 c:/isis/application/toolchain/bin/../lib/gcc/arm-none-eabi/4.7.4/../../../../arm-none-eabi/lib\libc_s.a(lib_a-dtoa.o)
                0x200025d8                _dtoa_r
 .text._localeconv_r
                0x20003840        0xc c:/isis/application/toolchain/bin/../lib/gcc/arm-none-eabi/4.7.4/../../../../arm-none-eabi/lib\libc_s.a(lib_a-locale.o)
                0x20003840                _localeconv_r
 .text.malloc   0x2000384c       0x20 c:/isis/application/toolchain/bin/../lib/gcc/arm-none-eabi/4.7.4/../../../../arm-none-eabi/lib\libc_s.a(lib_a-malloc.o)
                0x2000384c                malloc
 .text.free     0x2000386c       0x20 c:/isis/application/toolchain/bin/../lib/gcc/arm-none-eabi/4.7.4/../../../../arm-none-eabi/lib\libc_s.a(lib_a-malloc.o)
                0x2000386c                free
 .text._malloc_r
                0x2000388c       0xfc c:/isis/application/toolchain/bin/../lib/gcc/arm-none-eabi/4.7.4/../../../../arm-none-eabi/lib\libc_s.a(lib_a-mallocr.o)
                0x2000388c                _malloc_r
 .text.memcpy   0x20003988       0x20 c:/isis/application/toolchain/bin/../lib/gcc/arm-none-eabi/4.7.4/../../../../arm-none-eabi/lib\libc_s.a(lib_a-memcpy.o)
                0x20003988                memcpy
 .text._Balloc  0x200039a8       0xcc c:/isis/application/toolchain/bin/../lib/gcc/arm-none-eabi/4.7.4/../../../../arm-none-eabi/lib\libc_s.a(lib_a-mprec.o)
                0x200039a8                _Balloc
 .text._Bfree   0x20003a74       0x5c c:/isis/application/toolchain/bin/../lib/gcc/arm-none-eabi/4.7.4/../../../../arm-none-eabi/lib\libc_s.a(lib_a-mprec.o)
                0x20003a74                _Bfree
 .text.__multadd
                0x20003ad0       0xbc c:/isis/application/toolchain/bin/../lib/gcc/arm-none-eabi/4.7.4/../../../../arm-none-eabi/lib\libc_s.a(lib_a-mprec.o)
                0x20003ad0                __multadd
 .text.__s2b    0x20003b8c       0xd8 c:/isis/application/toolchain/bin/../lib/gcc/arm-none-eabi/4.7.4/../../../../arm-none-eabi/lib\libc_s.a(lib_a-mprec.o)
                0x20003b8c                __s2b
 .text.__hi0bits
                0x20003c64       0x58 c:/isis/application/toolchain/bin/../lib/gcc/arm-none-eabi/4.7.4/../../../../arm-none-eabi/lib\libc_s.a(lib_a-mprec.o)
                0x20003c64                __hi0bits
 .text.__lo0bits
                0x20003cbc       0x94 c:/isis/application/toolchain/bin/../lib/gcc/arm-none-eabi/4.7.4/../../../../arm-none-eabi/lib\libc_s.a(lib_a-mprec.o)
                0x20003cbc                __lo0bits
 .text.__i2b    0x20003d50       0x24 c:/isis/application/toolchain/bin/../lib/gcc/arm-none-eabi/4.7.4/../../../../arm-none-eabi/lib\libc_s.a(lib_a-mprec.o)
                0x20003d50                __i2b
 .text.__multiply
                0x20003d74      0x1ac c:/isis/application/toolchain/bin/../lib/gcc/arm-none-eabi/4.7.4/../../../../arm-none-eabi/lib\libc_s.a(lib_a-mprec.o)
                0x20003d74                __multiply
 .text.__pow5mult
                0x20003f20      0x10c c:/isis/application/toolchain/bin/../lib/gcc/arm-none-eabi/4.7.4/../../../../arm-none-eabi/lib\libc_s.a(lib_a-mprec.o)
                0x20003f20                __pow5mult
 .text.__lshift
                0x2000402c       0xf0 c:/isis/application/toolchain/bin/../lib/gcc/arm-none-eabi/4.7.4/../../../../arm-none-eabi/lib\libc_s.a(lib_a-mprec.o)
                0x2000402c                __lshift
 .text.__mcmp   0x2000411c       0x60 c:/isis/application/toolchain/bin/../lib/gcc/arm-none-eabi/4.7.4/../../../../arm-none-eabi/lib\libc_s.a(lib_a-mprec.o)
                0x2000411c                __mcmp
 .text.__mdiff  0x2000417c      0x128 c:/isis/application/toolchain/bin/../lib/gcc/arm-none-eabi/4.7.4/../../../../arm-none-eabi/lib\libc_s.a(lib_a-mprec.o)
                0x2000417c                __mdiff
 .text.__ulp    0x200042a4       0x5c c:/isis/application/toolchain/bin/../lib/gcc/arm-none-eabi/4.7.4/../../../../arm-none-eabi/lib\libc_s.a(lib_a-mprec.o)
                0x200042a4                __ulp
 .text.__b2d    0x20004300       0xc8 c:/isis/application/toolchain/bin/../lib/gcc/arm-none-eabi/4.7.4/../../../../arm-none-eabi/lib\libc_s.a(lib_a-mprec.o)
                0x20004300                __b2d
 .text.__d2b    0x200043c8       0xfc c:/isis/application/toolchain/bin/../lib/gcc/arm-none-eabi/4.7.4/../../../../arm-none-eabi/lib\libc_s.a(lib_a-mprec.o)
                0x200043c8                __d2b
 .text.__ratio  0x200044c4       0x70 c:/isis/application/toolchain/bin/../lib/gcc/arm-none-eabi/4.7.4/../../../../arm-none-eabi/lib\libc_s.a(lib_a-mprec.o)
                0x200044c4                __ratio
 .text.__copybits
                0x20004534       0x4c c:/isis/application/toolchain/bin/../lib/gcc/arm-none-eabi/4.7.4/../../../../arm-none-eabi/lib\libc_s.a(lib_a-mprec.o)
                0x20004534                __copybits
 .text.__any_on
                0x20004580       0x7c c:/isis/application/toolchain/bin/../lib/gcc/arm-none-eabi/4.7.4/../../../../arm-none-eabi/lib\libc_s.a(lib_a-mprec.o)
                0x20004580                __any_on
 .text.__fpclassifyd
                0x200045fc       0x6c c:/isis/application/toolchain/bin/../lib/gcc/arm-none-eabi/4.7.4/../../../../arm-none-eabi/lib\libc_s.a(lib_a-s_fpclassify.o)
                0x200045fc                __fpclassifyd
 .text._sbrk_r  0x20004668       0x3c c:/isis/application/toolchain/bin/../lib/gcc/arm-none-eabi/4.7.4/../../../../arm-none-eabi/lib\libc_s.a(lib_a-sbrkr.o)
                0x20004668                _sbrk_r
 .text.nanf     0x200046a4        0xc c:/isis/application/toolchain/bin/../lib/gcc/arm-none-eabi/4.7.4/../../../../arm-none-eabi/lib\libc_s.a(lib_a-sf_nan.o)
                0x200046a4                nanf
 .text.sprintf  0x200046b0       0x6c c:/isis/application/toolchain/bin/../lib/gcc/arm-none-eabi/4.7.4/../../../../arm-none-eabi/lib\libc_s.a(lib_a-sprintf.o)
                0x200046b0                siprintf
                0x200046b0                sprintf
 .text.strcmp   0x2000471c       0x1c c:/isis/application/toolchain/bin/../lib/gcc/arm-none-eabi/4.7.4/../../../../arm-none-eabi/lib\libc_s.a(lib_a-strcmp.o)
                0x2000471c                strcmp
 .text.strlen   0x20004738       0x1c c:/isis/application/toolchain/bin/../lib/gcc/arm-none-eabi/4.7.4/../../../../arm-none-eabi/lib\libc_s.a(lib_a-strlen.o)
                0x20004738                strlen
 .text.match    0x20004754       0x54 c:/isis/application/toolchain/bin/../lib/gcc/arm-none-eabi/4.7.4/../../../../arm-none-eabi/lib\libc_s.a(lib_a-strtod.o)
 .text._strtod_r
                0x200047a8     0x1168 c:/isis/application/toolchain/bin/../lib/gcc/arm-none-eabi/4.7.4/../../../../arm-none-eabi/lib\libc_s.a(lib_a-strtod.o)
                0x200047a8                _strtod_r
 .text._strtol_r
                0x20005910      0x1b8 c:/isis/application/toolchain/bin/../lib/gcc/arm-none-eabi/4.7.4/../../../../arm-none-eabi/lib\libc_s.a(lib_a-strtol.o)
                0x20005910                _strtol_r
 .text.__ssputc_r
                0x20005ac8      0x10c c:/isis/application/toolchain/bin/../lib/gcc/arm-none-eabi/4.7.4/../../../../arm-none-eabi/lib\libc_s.a(lib_a-svfprintf.o)
                0x20005ac8                __ssputc_r
 .text._svfprintf_r
                0x20005bd4      0x328 c:/isis/application/toolchain/bin/../lib/gcc/arm-none-eabi/4.7.4/../../../../arm-none-eabi/lib\libc_s.a(lib_a-svfprintf.o)
                0x20005bd4                _svfiprintf_r
                0x20005bd4                _svfprintf_r
 .text._calloc_r
                0x20005efc       0x2c c:/isis/application/toolchain/bin/../lib/gcc/arm-none-eabi/4.7.4/../../../../arm-none-eabi/lib\libc_s.a(lib_a-callocr.o)
                0x20005efc                _calloc_r
 .text._free_r  0x20005f28      0x108 c:/isis/application/toolchain/bin/../lib/gcc/arm-none-eabi/4.7.4/../../../../arm-none-eabi/lib\libc_s.a(lib_a-freer.o)
                0x20005f28                _free_r
 .text.rshift   0x20006030       0xb0 c:/isis/application/toolchain/bin/../lib/gcc/arm-none-eabi/4.7.4/../../../../arm-none-eabi/lib\libc_s.a(lib_a-gdtoa-gethex.o)
 .text.htinit.constprop.0
                0x200060e0       0x34 c:/isis/application/toolchain/bin/../lib/gcc/arm-none-eabi/4.7.4/../../../../arm-none-eabi/lib\libc_s.a(lib_a-gdtoa-gethex.o)
 .text.__hexdig_init
                0x20006114       0x38 c:/isis/application/toolchain/bin/../lib/gcc/arm-none-eabi/4.7.4/../../../../arm-none-eabi/lib\libc_s.a(lib_a-gdtoa-gethex.o)
                0x20006114                __hexdig_init
 .text.__gethex
                0x2000614c      0x6cc c:/isis/application/toolchain/bin/../lib/gcc/arm-none-eabi/4.7.4/../../../../arm-none-eabi/lib\libc_s.a(lib_a-gdtoa-gethex.o)
                0x2000614c                __gethex
 .text.L_shift  0x20006818       0x38 c:/isis/application/toolchain/bin/../lib/gcc/arm-none-eabi/4.7.4/../../../../arm-none-eabi/lib\libc_s.a(lib_a-gdtoa-hexnan.o)
 .text.__hexnan
                0x20006850      0x1d8 c:/isis/application/toolchain/bin/../lib/gcc/arm-none-eabi/4.7.4/../../../../arm-none-eabi/lib\libc_s.a(lib_a-gdtoa-hexnan.o)
                0x20006850                __hexnan
 .text.memchr   0x20006a28       0x34 c:/isis/application/toolchain/bin/../lib/gcc/arm-none-eabi/4.7.4/../../../../arm-none-eabi/lib\libc_s.a(lib_a-memchr.o)
                0x20006a28                memchr
 .text.memset   0x20006a5c       0x1c c:/isis/application/toolchain/bin/../lib/gcc/arm-none-eabi/4.7.4/../../../../arm-none-eabi/lib\libc_s.a(lib_a-memset.o)
                0x20006a5c                memset
 .text._realloc_r
                0x20006a78       0x80 c:/isis/application/toolchain/bin/../lib/gcc/arm-none-eabi/4.7.4/../../../../arm-none-eabi/lib\libc_s.a(lib_a-reallocr.o)
                0x20006a78                _realloc_r
 .text.strncmp  0x20006af8       0x64 c:/isis/application/toolchain/bin/../lib/gcc/arm-none-eabi/4.7.4/../../../../arm-none-eabi/lib\libc_s.a(lib_a-strncmp.o)
                0x20006af8                strncmp
 .text._malloc_usable_size_r
                0x20006b5c       0x1c c:/isis/application/toolchain/bin/../lib/gcc/arm-none-eabi/4.7.4/../../../../arm-none-eabi/lib\libc_s.a(lib_a-msizer.o)
                0x20006b5c                _malloc_usable_size_r
 .text.taskTesting
                0x20006b78       0x7c ./src/TestingDemos/MainTest.o
                0x20006b78                taskTesting
 .text.EPS_Init
                0x20006bf4       0x7c ./src/SubSystemModules/PowerManagment/EPS.o
                0x20006bf4                EPS_Init
 .text._logg    0x20006c70      0x158 ./src/SubSystemModules/Maintenance/Log.o
                0x20006c70                _logg
 .text.logg     0x20006dc8       0x58 ./src/SubSystemModules/Maintenance/Log.o
                0x20006dc8                logg
 .text.CheckExecutionTime
                0x20006e20       0x90 ./src/SubSystemModules/Maintenance/Maintenance.o
                0x20006e20                CheckExecutionTime
 .text.SaveSatTimeInFRAM
                0x20006eb0       0x44 ./src/SubSystemModules/Maintenance/Maintenance.o
                0x20006eb0                SaveSatTimeInFRAM
 .text.IsFS_Corrupted
                0x20006ef4       0x48 ./src/SubSystemModules/Maintenance/Maintenance.o
                0x20006ef4                IsFS_Corrupted
 .text.WakeupFromResetCMD
                0x20006f3c       0xec ./src/SubSystemModules/Maintenance/Maintenance.o
                0x20006f3c                WakeupFromResetCMD
 .text.ResetGroundCommWDT
                0x20007028       0x1c ./src/SubSystemModules/Maintenance/Maintenance.o
                0x20007028                ResetGroundCommWDT
 .text.Maintenance
                0x20007044       0x3c ./src/SubSystemModules/Maintenance/Maintenance.o
                0x20007044                Maintenance
 .text.InitDump
                0x20007080       0xa0 ./src/SubSystemModules/Housekepping/Dump.o
                0x20007080                InitDump
 .text.FinishDump
                0x20007120      0x180 ./src/SubSystemModules/Housekepping/Dump.o
                0x20007120                FinishDump
 .text.SendDumpAbortRequest
                0x200072a0       0xc0 ./src/SubSystemModules/Housekepping/Dump.o
                0x200072a0                SendDumpAbortRequest
 .text.CheckDumpAbort
                0x20007360       0x58 ./src/SubSystemModules/Housekepping/Dump.o
                0x20007360                CheckDumpAbort
 .text.DumpTask
                0x200073b8      0x6ac ./src/SubSystemModules/Housekepping/Dump.o
                0x200073b8                DumpTask
 .text.DumpTelemetry
                0x20007a64      0x19c ./src/SubSystemModules/Housekepping/Dump.o
                0x20007a64                DumpTelemetry
 .text.InitTelemetryCollector
                0x20007c00       0x28 ./src/SubSystemModules/Housekepping/TelemetryCollector.o
                0x20007c00                InitTelemetryCollector
 .text.GetTelemetryFilenameByType
                0x20007c28      0x1d4 ./src/SubSystemModules/Housekepping/TelemetryCollector.o
                0x20007c28                GetTelemetryFilenameByType
 .text.TelemetryCollectorLogic
                0x20007dfc      0x13c ./src/SubSystemModules/Housekepping/TelemetryCollector.o
                0x20007dfc                TelemetryCollectorLogic
 .text.TelemetryCreateFiles
                0x20007f38      0x210 ./src/SubSystemModules/Housekepping/TelemetryCollector.o
                0x20007f38                TelemetryCreateFiles
 .text.TelemetrySaveEPS
                0x20008148       0xb4 ./src/SubSystemModules/Housekepping/TelemetryCollector.o
                0x20008148                TelemetrySaveEPS
 .text.TelemetrySaveTRXVU
                0x200081fc       0x84 ./src/SubSystemModules/Housekepping/TelemetryCollector.o
                0x200081fc                TelemetrySaveTRXVU
 .text.TelemetrySaveANT
                0x20008280       0x88 ./src/SubSystemModules/Housekepping/TelemetryCollector.o
                0x20008280                TelemetrySaveANT
 .text.getSolarPanelsTLM
                0x20008308       0xe0 ./src/SubSystemModules/Housekepping/TelemetryCollector.o
                0x20008308                getSolarPanelsTLM
 .text.TelemetrySaveSolarPanels
                0x200083e8       0x50 ./src/SubSystemModules/Housekepping/TelemetryCollector.o
                0x200083e8                TelemetrySaveSolarPanels
 .text.GetCurrentWODTelemetry
                0x20008438      0x404 ./src/SubSystemModules/Housekepping/TelemetryCollector.o
                0x20008438                GetCurrentWODTelemetry
 .text.CMD_getEPS_TLM
                0x2000883c      0x11c ./src/SubSystemModules/Housekepping/TelemetryCollector.o
                0x2000883c                CMD_getEPS_TLM
 .text.CMD_getSolar_TLM
                0x20008958       0x68 ./src/SubSystemModules/Housekepping/TelemetryCollector.o
                0x20008958                CMD_getSolar_TLM
 .text.CMD_getTRXVU_TLM
                0x200089c0       0xf4 ./src/SubSystemModules/Housekepping/TelemetryCollector.o
                0x200089c0                CMD_getTRXVU_TLM
 .text.CMD_getAnts_TLM
                0x20008ab4       0x84 ./src/SubSystemModules/Housekepping/TelemetryCollector.o
                0x20008ab4                CMD_getAnts_TLM
 .text.CMD_EPS_ResetWDT
                0x20008b38       0x3c ./src/SubSystemModules/Communication/SubsystemCommands/EPS_Commands.o
                0x20008b38                CMD_EPS_ResetWDT
 .text.CMD_DeleteFileByTime
                0x20008b74       0xec ./src/SubSystemModules/Communication/SubsystemCommands/FS_Commands.o
                0x20008b74                CMD_DeleteFileByTime
 .text.CMD_DeleteFilesOfType
                0x20008c60       0xbc ./src/SubSystemModules/Communication/SubsystemCommands/FS_Commands.o
                0x20008c60                CMD_DeleteFilesOfType
 .text.CMD_DeleteFS
                0x20008d1c       0x24 ./src/SubSystemModules/Communication/SubsystemCommands/FS_Commands.o
                0x20008d1c                CMD_DeleteFS
 .text.CMD_GetLastFS_Error
                0x20008d40       0x40 ./src/SubSystemModules/Communication/SubsystemCommands/FS_Commands.o
                0x20008d40                CMD_GetLastFS_Error
 .text.CMD_FreeSpace
                0x20008d80       0x58 ./src/SubSystemModules/Communication/SubsystemCommands/FS_Commands.o
                0x20008d80                CMD_FreeSpace
 .text.CMD_isFS_Corrupt
                0x20008dd8       0x40 ./src/SubSystemModules/Communication/SubsystemCommands/FS_Commands.o
                0x20008dd8                CMD_isFS_Corrupt
 .text.CMD_GenericI2C
                0x20008e18      0x15c ./src/SubSystemModules/Communication/SubsystemCommands/Maintanence_Commands.o
                0x20008e18                CMD_GenericI2C
 .text.CMD_FRAM_ReadAndTransmitt
                0x20008f74      0x128 ./src/SubSystemModules/Communication/SubsystemCommands/Maintanence_Commands.o
                0x20008f74                CMD_FRAM_ReadAndTransmitt
 .text.CMD_FRAM_WriteAndTransmitt
                0x2000909c      0x138 ./src/SubSystemModules/Communication/SubsystemCommands/Maintanence_Commands.o
                0x2000909c                CMD_FRAM_WriteAndTransmitt
 .text.CMD_FRAM_Start
                0x200091d4       0x58 ./src/SubSystemModules/Communication/SubsystemCommands/Maintanence_Commands.o
                0x200091d4                CMD_FRAM_Start
 .text.CMD_FRAM_Stop
                0x2000922c       0x3c ./src/SubSystemModules/Communication/SubsystemCommands/Maintanence_Commands.o
                0x2000922c                CMD_FRAM_Stop
 .text.CMD_FRAM_Restart
                0x20009268       0x40 ./src/SubSystemModules/Communication/SubsystemCommands/Maintanence_Commands.o
                0x20009268                CMD_FRAM_Restart
 .text.CMD_UpdateSatTime
                0x200092a8       0xb4 ./src/SubSystemModules/Communication/SubsystemCommands/Maintanence_Commands.o
                0x200092a8                CMD_UpdateSatTime
 .text.CMD_GetSatTime
                0x2000935c       0x78 ./src/SubSystemModules/Communication/SubsystemCommands/Maintanence_Commands.o
                0x2000935c                CMD_GetSatTime
 .text.CMD_GetSatUptime
                0x200093d4       0x60 ./src/SubSystemModules/Communication/SubsystemCommands/Maintanence_Commands.o
                0x200093d4                CMD_GetSatUptime
 .text.CMD_AntennaDeploy
                0x20009434       0x40 ./src/SubSystemModules/Communication/SubsystemCommands/Maintanence_Commands.o
                0x20009434                CMD_AntennaDeploy
 .text.CMD_SetTLM_CollectionCycle
                0x20009474      0x1ac ./src/SubSystemModules/Communication/SubsystemCommands/Maintanence_Commands.o
                0x20009474                CMD_SetTLM_CollectionCycle
 .text.CMD_ResetComponent
                0x20009620      0x25c ./src/SubSystemModules/Communication/SubsystemCommands/Maintanence_Commands.o
                0x20009620                CMD_ResetComponent
 .text.CMD_StartDump
                0x2000987c       0x34 ./src/SubSystemModules/Communication/SubsystemCommands/TRXVU_Commands.o
                0x2000987c                CMD_StartDump
 .text.CMD_SendDumpAbortRequest
                0x200098b0       0x24 ./src/SubSystemModules/Communication/SubsystemCommands/TRXVU_Commands.o
                0x200098b0                CMD_SendDumpAbortRequest
 .text.CMD_MuteTRXVU
                0x200098d4       0x5c ./src/SubSystemModules/Communication/SubsystemCommands/TRXVU_Commands.o
                0x200098d4                CMD_MuteTRXVU
 .text.CMD_UnMuteTRXVU
                0x20009930       0x24 ./src/SubSystemModules/Communication/SubsystemCommands/TRXVU_Commands.o
                0x20009930                CMD_UnMuteTRXVU
 .text.CMD_GetBeaconInterval
                0x20009954       0x74 ./src/SubSystemModules/Communication/SubsystemCommands/TRXVU_Commands.o
                0x20009954                CMD_GetBeaconInterval
 .text.CMD_GetTxUptime
                0x200099c8       0x58 ./src/SubSystemModules/Communication/SubsystemCommands/TRXVU_Commands.o
                0x200099c8                CMD_GetTxUptime
 .text.CMD_GetRxUptime
                0x20009a20       0x58 ./src/SubSystemModules/Communication/SubsystemCommands/TRXVU_Commands.o
                0x20009a20                CMD_GetRxUptime
 .text.CMD_GetNumOfOnlineCommands
                0x20009a78       0x58 ./src/SubSystemModules/Communication/SubsystemCommands/TRXVU_Commands.o
                0x20009a78                CMD_GetNumOfOnlineCommands
 .text.CMD_AntSetArmStatus
                0x20009ad0       0x80 ./src/SubSystemModules/Communication/SubsystemCommands/TRXVU_Commands.o
                0x20009ad0                CMD_AntSetArmStatus
 .text.CMD_AntGetArmStatus
                0x20009b50       0x64 ./src/SubSystemModules/Communication/SubsystemCommands/TRXVU_Commands.o
                0x20009b50                CMD_AntGetArmStatus
 .text.CMD_AntGetUptime
                0x20009bb4       0x58 ./src/SubSystemModules/Communication/SubsystemCommands/TRXVU_Commands.o
                0x20009bb4                CMD_AntGetUptime
 .text.CMD_AntCancelDeployment
                0x20009c0c       0x48 ./src/SubSystemModules/Communication/SubsystemCommands/TRXVU_Commands.o
                0x20009c0c                CMD_AntCancelDeployment
 .text.SendAckPacket
                0x20009c54       0xe4 ./src/SubSystemModules/Communication/AckHandler.o
                0x20009c54                SendAckPacket
 .text.SendErrorMSG
                0x20009d38       0x74 ./src/SubSystemModules/Communication/AckHandler.o
                0x20009d38                SendErrorMSG
 .text.ActUponCommand
                0x20009dac      0x19c ./src/SubSystemModules/Communication/ActUponCommand.o
                0x20009dac                ActUponCommand
 .text.InitBeaconParams
                0x20009f48       0x74 ./src/SubSystemModules/Communication/Beacon.o
                0x20009f48                InitBeaconParams
 .text.BeaconLogic
                0x20009fbc      0x188 ./src/SubSystemModules/Communication/Beacon.o
                0x20009fbc                BeaconLogic
 .text.UpdateBeaconInterval
                0x2000a144       0xe8 ./src/SubSystemModules/Communication/Beacon.o
                0x2000a144                UpdateBeaconInterval
 .text.trxvu_command_router
                0x2000a22c      0x484 ./src/SubSystemModules/Communication/CommandDictionary.o
                0x2000a22c                trxvu_command_router
 .text.eps_command_router
                0x2000a6b0       0x74 ./src/SubSystemModules/Communication/CommandDictionary.o
                0x2000a6b0                eps_command_router
 .text.telemetry_command_router
                0x2000a724       0xd4 ./src/SubSystemModules/Communication/CommandDictionary.o
                0x2000a724                telemetry_command_router
 .text.managment_command_router
                0x2000a7f8      0x438 ./src/SubSystemModules/Communication/CommandDictionary.o
                0x2000a7f8                managment_command_router
 .text.filesystem_command_router
                0x2000ac30      0x10c ./src/SubSystemModules/Communication/CommandDictionary.o
                0x2000ac30                filesystem_command_router
 .text.ParseDataToCommand
                0x2000ad3c      0x258 ./src/SubSystemModules/Communication/SatCommandHandler.o
                0x2000ad3c                ParseDataToCommand
 .text.AssembleCommand
                0x2000af94      0x1f8 ./src/SubSystemModules/Communication/SatCommandHandler.o
                0x2000af94                AssembleCommand
 .text.GetOnlineCommand
                0x2000b18c      0x104 ./src/SubSystemModules/Communication/SatCommandHandler.o
                0x2000b18c                GetOnlineCommand
 .text.InitTxModule
                0x2000b290       0x68 ./src/SubSystemModules/Communication/SatDataTx.o
                0x2000b290                InitTxModule
 .text.muteTRXVU
                0x2000b2f8       0x94 ./src/SubSystemModules/Communication/SatDataTx.o
                0x2000b2f8                muteTRXVU
 .text.UnMuteTRXVU
                0x2000b38c       0x3c ./src/SubSystemModules/Communication/SatDataTx.o
                0x2000b38c                UnMuteTRXVU
 .text.GetMuteFlag
                0x2000b3c8       0x24 ./src/SubSystemModules/Communication/SatDataTx.o
                0x2000b3c8                GetMuteFlag
 .text.CheckForMuteEnd
                0x2000b3ec       0x70 ./src/SubSystemModules/Communication/SatDataTx.o
                0x2000b3ec                CheckForMuteEnd
 .text.GetNumberOfFramesInBuffer
                0x2000b45c       0x4c ./src/SubSystemModules/Communication/SatDataTx.o
                0x2000b45c                GetNumberOfFramesInBuffer
 .text.CheckTransmitionAllowed
                0x2000b4a8       0x98 ./src/SubSystemModules/Communication/SatDataTx.o
                0x2000b4a8                CheckTransmitionAllowed
 .text.TransmitDataAsSPL_Packet
                0x2000b540      0x12c ./src/SubSystemModules/Communication/SatDataTx.o
                0x2000b540                TransmitDataAsSPL_Packet
 .text.TransmitSplPacket
                0x2000b66c       0xec ./src/SubSystemModules/Communication/SatDataTx.o
                0x2000b66c                TransmitSplPacket
 .text.setLastAntsAutoDeploymentTime
                0x2000b758       0x3c ./src/SubSystemModules/Communication/TRXVU.o
                0x2000b758                setLastAntsAutoDeploymentTime
 .text.SetIdleOff
                0x2000b794       0x88 ./src/SubSystemModules/Communication/TRXVU.o
                0x2000b794                SetIdleOff
 .text.HandleOpenAnts
                0x2000b81c       0x68 ./src/SubSystemModules/Communication/TRXVU.o
                0x2000b81c                HandleOpenAnts
 .text.HandleIdleAndMuteTime
                0x2000b884       0x8c ./src/SubSystemModules/Communication/TRXVU.o
                0x2000b884                HandleIdleAndMuteTime
 .text.HandleTransponderTime
                0x2000b910       0x30 ./src/SubSystemModules/Communication/TRXVU.o
                0x2000b910                HandleTransponderTime
 .text.InitAnts
                0x2000b940       0x74 ./src/SubSystemModules/Communication/TRXVU.o
                0x2000b940                InitAnts
 .text.InitTrxvu
                0x2000b9b4      0x14c ./src/SubSystemModules/Communication/TRXVU.o
                0x2000b9b4                InitTrxvu
 .text.TRX_Logic
                0x2000bb00      0x12c ./src/SubSystemModules/Communication/TRXVU.o
                0x2000bb00                TRX_Logic
 .text.CMD_SetIdleOn
                0x2000bc2c       0xb8 ./src/SubSystemModules/Communication/TRXVU.o
                0x2000bc2c                CMD_SetIdleOn
 .text.CMD_SetIdleOff
                0x2000bce4       0x28 ./src/SubSystemModules/Communication/TRXVU.o
                0x2000bce4                CMD_SetIdleOff
 .text.initTransponder
                0x2000bd0c      0x100 ./src/SubSystemModules/Communication/Transponder.o
                0x2000bd0c                initTransponder
 .text.set_transonder_mode
                0x2000be0c       0xa4 ./src/SubSystemModules/Communication/Transponder.o
                0x2000be0c                set_transonder_mode
 .text.set_transponder_RSSI
                0x2000beb0       0x58 ./src/SubSystemModules/Communication/Transponder.o
                0x2000beb0                set_transponder_RSSI
 .text.CMD_turnOnTransponder
                0x2000bf08      0x15c ./src/SubSystemModules/Communication/Transponder.o
                0x2000bf08                CMD_turnOnTransponder
 .text.CMD_set_transponder_RSSI
                0x2000c064       0xd8 ./src/SubSystemModules/Communication/Transponder.o
                0x2000c064                CMD_set_transponder_RSSI
 .text.CMD_turnOffTransponder
                0x2000c13c       0x58 ./src/SubSystemModules/Communication/Transponder.o
                0x2000c13c                CMD_turnOffTransponder
 .text.getTransponderMode
                0x2000c194       0x24 ./src/SubSystemModules/Communication/Transponder.o
                0x2000c194                getTransponderMode
 .text.checkEndTransponderMode
                0x2000c1b8       0x80 ./src/SubSystemModules/Communication/Transponder.o
                0x2000c1b8                checkEndTransponderMode
 .text.isFirstActivation
                0x2000c238       0xc8 ./src/InitSystem.o
                0x2000c238                isFirstActivation
 .text.firstActivationProcedure
                0x2000c300      0x140 ./src/InitSystem.o
                0x2000c300                firstActivationProcedure
 .text.WriteDefaultValuesToFRAM
                0x2000c440      0x148 ./src/InitSystem.o
                0x2000c440                WriteDefaultValuesToFRAM
 .text.StartFRAM
                0x2000c588       0x8c ./src/InitSystem.o
                0x2000c588                StartFRAM
 .text.StartI2C
                0x2000c614       0xc0 ./src/InitSystem.o
                0x2000c614                StartI2C
 .text.StartSPI
                0x2000c6d4       0x80 ./src/InitSystem.o
                0x2000c6d4                StartSPI
 .text.StartTIME
                0x2000c754       0xd0 ./src/InitSystem.o
                0x2000c754                StartTIME
 .text.autoDeploy
                0x2000c824      0x134 ./src/InitSystem.o
                0x2000c824                autoDeploy
 .text.DeploySystem
                0x2000c958       0x50 ./src/InitSystem.o
                0x2000c958                DeploySystem
 .text.InitSubsystems
                0x2000c9a8      0x180 ./src/InitSystem.o
                0x2000c9a8                InitSubsystems
 .text.delete_allTMFilesFromSD
                0x2000cb28       0xf8 ./src/TLM_management.o
                0x2000cb28                delete_allTMFilesFromSD
 .text.getNumOfFilesInFS
                0x2000cc20       0x44 ./src/TLM_management.o
 .text.setNumOfFilesInFS
                0x2000cc64       0x50 ./src/TLM_management.o
 .text.InitializeFS
                0x2000ccb4      0x1c0 ./src/TLM_management.o
                0x2000ccb4                InitializeFS
 .text.c_fileCreate
                0x2000ce74       0xf4 ./src/TLM_management.o
                0x2000ce74                c_fileCreate
 .text.writewithEpochtime
                0x2000cf68       0x8c ./src/TLM_management.o
 .text.get_C_FILE_struct
                0x2000cff4       0xf4 ./src/TLM_management.o
 .text.getFileIndex
                0x2000d0e8       0x40 ./src/TLM_management.o
 .text.get_file_name_by_index
                0x2000d128       0x44 ./src/TLM_management.o
                0x2000d128                get_file_name_by_index
 .text.c_fileWrite
                0x2000d16c      0x104 ./src/TLM_management.o
                0x2000d16c                c_fileWrite
 .text.deleteElementsFromFile
                0x2000d270      0x11c ./src/TLM_management.o
 .text.c_fileDeleteElements
                0x2000d38c      0x158 ./src/TLM_management.o
                0x2000d38c                c_fileDeleteElements
 .text.c_fileRead
                0x2000d4e4      0x2ac ./src/TLM_management.o
                0x2000d4e4                c_fileRead
 .text.c_fileGetNumOfElements
                0x2000d790      0x234 ./src/TLM_management.o
                0x2000d790                c_fileGetNumOfElements
 .text.DeInitializeFS
                0x2000d9c4       0xd0 ./src/TLM_management.o
                0x2000d9c4                DeInitializeFS
 .text.main     0x2000da94       0xb0 ./src/main.o
                0x2000da94                main
 .text.validateTransferParameters
                0x2000db44      0x10c C:/TEVEL/GivatShmuel/Base-Aug-2019/GlobusSatProject/..//hal/hal/lib\libHALD.a(I2C.o)
 .text.I2C_queueTransfer
                0x2000dc50       0xe8 C:/TEVEL/GivatShmuel/Base-Aug-2019/GlobusSatProject/..//hal/hal/lib\libHALD.a(I2C.o)
                0x2000dc50                I2C_queueTransfer
 .text.I2C_internalCallback
                0x2000dd38       0x64 C:/TEVEL/GivatShmuel/Base-Aug-2019/GlobusSatProject/..//hal/hal/lib\libHALD.a(I2C.o)
 .text.I2C_doBlockingTransfer
                0x2000dd9c      0x160 C:/TEVEL/GivatShmuel/Base-Aug-2019/GlobusSatProject/..//hal/hal/lib\libHALD.a(I2C.o)
 .text.I2C_write
                0x2000defc      0x110 C:/TEVEL/GivatShmuel/Base-Aug-2019/GlobusSatProject/..//hal/hal/lib\libHALD.a(I2C.o)
                0x2000defc                I2C_write
 .text.I2C_read
                0x2000e00c      0x110 C:/TEVEL/GivatShmuel/Base-Aug-2019/GlobusSatProject/..//hal/hal/lib\libHALD.a(I2C.o)
                0x2000e00c                I2C_read
 .text.I2C_writeRead
                0x2000e11c      0x180 C:/TEVEL/GivatShmuel/Base-Aug-2019/GlobusSatProject/..//hal/hal/lib\libHALD.a(I2C.o)
                0x2000e11c                I2C_writeRead
 .text.I2C_start
                0x2000e29c      0x2e8 C:/TEVEL/GivatShmuel/Base-Aug-2019/GlobusSatProject/..//hal/hal/lib\libHALD.a(I2C.o)
                0x2000e29c                I2C_start
 .text.I2C_stop
                0x2000e584      0x184 C:/TEVEL/GivatShmuel/Base-Aug-2019/GlobusSatProject/..//hal/hal/lib\libHALD.a(I2C.o)
                0x2000e584                I2C_stop
 .text.I2C_setTransferTimeout
                0x2000e708       0x48 C:/TEVEL/GivatShmuel/Base-Aug-2019/GlobusSatProject/..//hal/hal/lib\libHALD.a(I2C.o)
                0x2000e708                I2C_setTransferTimeout
 .text.clearPDCtransfers
                0x2000e750       0xdc C:/TEVEL/GivatShmuel/Base-Aug-2019/GlobusSatProject/..//hal/hal/lib\libHALD.a(SPI.o)
 .text.SPI_start
                0x2000e82c      0x4c0 C:/TEVEL/GivatShmuel/Base-Aug-2019/GlobusSatProject/..//hal/hal/lib\libHALD.a(SPI.o)
                0x2000e82c                SPI_start
 .text.SPI_stop
                0x2000ecec      0x22c C:/TEVEL/GivatShmuel/Base-Aug-2019/GlobusSatProject/..//hal/hal/lib\libHALD.a(SPI.o)
                0x2000ecec                SPI_stop
 .text.SPI_queueTransfer
                0x2000ef18      0x190 C:/TEVEL/GivatShmuel/Base-Aug-2019/GlobusSatProject/..//hal/hal/lib\libHALD.a(SPI.o)
                0x2000ef18                SPI_queueTransfer
 .text.SPI_internalCallback
                0x2000f0a8       0x64 C:/TEVEL/GivatShmuel/Base-Aug-2019/GlobusSatProject/..//hal/hal/lib\libHALD.a(SPI.o)
 .text.SPI_writeRead
                0x2000f10c      0x188 C:/TEVEL/GivatShmuel/Base-Aug-2019/GlobusSatProject/..//hal/hal/lib\libHALD.a(SPI.o)
                0x2000f10c                SPI_writeRead
 .text.waitForTransfer
                0x2000f294       0x68 C:/TEVEL/GivatShmuel/Base-Aug-2019/GlobusSatProject/..//hal/hal/lib\libHALD.a(SPI.o)
 .text.SPI_getDriverState
                0x2000f2fc       0x58 C:/TEVEL/GivatShmuel/Base-Aug-2019/GlobusSatProject/..//hal/hal/lib\libHALD.a(SPI.o)
                0x2000f2fc                SPI_getDriverState
 .text.FRAM_start
                0x2000f354       0xf4 C:/TEVEL/GivatShmuel/Base-Aug-2019/GlobusSatProject/..//hal/hal/lib\libHALD.a(FRAM.o)
                0x2000f354                FRAM_start
 .text.FRAM_stop
                0x2000f448       0x6c C:/TEVEL/GivatShmuel/Base-Aug-2019/GlobusSatProject/..//hal/hal/lib\libHALD.a(FRAM.o)
                0x2000f448                FRAM_stop
 .text.FRAM_dummyCallback
                0x2000f4b4       0x24 C:/TEVEL/GivatShmuel/Base-Aug-2019/GlobusSatProject/..//hal/hal/lib\libHALD.a(FRAM.o)
                0x2000f4b4                FRAM_dummyCallback
 .text.FRAM_unlockingCallback
                0x2000f4d8       0x78 C:/TEVEL/GivatShmuel/Base-Aug-2019/GlobusSatProject/..//hal/hal/lib\libHALD.a(FRAM.o)
                0x2000f4d8                FRAM_unlockingCallback
 .text.doBlockingTransfer
                0x2000f550       0x88 C:/TEVEL/GivatShmuel/Base-Aug-2019/GlobusSatProject/..//hal/hal/lib\libHALD.a(FRAM.o)
 .text.FRAM_writePacket
                0x2000f5d8      0x148 C:/TEVEL/GivatShmuel/Base-Aug-2019/GlobusSatProject/..//hal/hal/lib\libHALD.a(FRAM.o)
 .text.FRAM_write
                0x2000f720      0x1c8 C:/TEVEL/GivatShmuel/Base-Aug-2019/GlobusSatProject/..//hal/hal/lib\libHALD.a(FRAM.o)
                0x2000f720                FRAM_write
 .text.FRAM_readPacket
                0x2000f8e8      0x114 C:/TEVEL/GivatShmuel/Base-Aug-2019/GlobusSatProject/..//hal/hal/lib\libHALD.a(FRAM.o)
 .text.FRAM_read
                0x2000f9fc      0x1d4 C:/TEVEL/GivatShmuel/Base-Aug-2019/GlobusSatProject/..//hal/hal/lib\libHALD.a(FRAM.o)
                0x2000f9fc                FRAM_read
 .text.Time_start
                0x2000fbd0      0x150 C:/TEVEL/GivatShmuel/Base-Aug-2019/GlobusSatProject/..//hal/hal/lib\libHALD.a(Time.o)
                0x2000fbd0                Time_start
 .text.taskTimeSync
                0x2000fd20       0x38 C:/TEVEL/GivatShmuel/Base-Aug-2019/GlobusSatProject/..//hal/hal/lib\libHALD.a(Time.o)
 .text.Time_set
                0x2000fd58      0x278 C:/TEVEL/GivatShmuel/Base-Aug-2019/GlobusSatProject/..//hal/hal/lib\libHALD.a(Time.o)
                0x2000fd58                Time_set
 .text.Time_isLeapYear
                0x2000ffd0       0x98 C:/TEVEL/GivatShmuel/Base-Aug-2019/GlobusSatProject/..//hal/hal/lib\libHALD.a(Time.o)
                0x2000ffd0                Time_isLeapYear
 .text.Time_get
                0x20010068      0x410 C:/TEVEL/GivatShmuel/Base-Aug-2019/GlobusSatProject/..//hal/hal/lib\libHALD.a(Time.o)
                0x20010068                Time_get
 .text.Time_getUnixEpoch
                0x20010478       0xf4 C:/TEVEL/GivatShmuel/Base-Aug-2019/GlobusSatProject/..//hal/hal/lib\libHALD.a(Time.o)
                0x20010478                Time_getUnixEpoch
 .text.secondsOfYearToTime
                0x2001056c      0x328 C:/TEVEL/GivatShmuel/Base-Aug-2019/GlobusSatProject/..//hal/hal/lib\libHALD.a(Time.o)
 .text.Time_setUnixEpoch
                0x20010894      0x100 C:/TEVEL/GivatShmuel/Base-Aug-2019/GlobusSatProject/..//hal/hal/lib\libHALD.a(Time.o)
                0x20010894                Time_setUnixEpoch
 .text.Time_getUptimeSeconds
                0x20010994       0x28 C:/TEVEL/GivatShmuel/Base-Aug-2019/GlobusSatProject/..//hal/hal/lib\libHALD.a(Time.o)
                0x20010994                Time_getUptimeSeconds
 .text.Time_sync
                0x200109bc      0x2b8 C:/TEVEL/GivatShmuel/Base-Aug-2019/GlobusSatProject/..//hal/hal/lib\libHALD.a(Time.o)
                0x200109bc                Time_sync
 .text.Time_syncIfNeeded
                0x20010c74       0x70 C:/TEVEL/GivatShmuel/Base-Aug-2019/GlobusSatProject/..//hal/hal/lib\libHALD.a(Time.o)
                0x20010c74                Time_syncIfNeeded
 .text.Time_setSyncInterval
                0x20010ce4       0x38 C:/TEVEL/GivatShmuel/Base-Aug-2019/GlobusSatProject/..//hal/hal/lib\libHALD.a(Time.o)
                0x20010ce4                Time_setSyncInterval
 .text.WDT_start
                0x20010d1c       0x48 C:/TEVEL/GivatShmuel/Base-Aug-2019/GlobusSatProject/..//hal/hal/lib\libHALD.a(WatchDogTimerNoOS.o)
                0x20010d1c                WDT_start
 .text.WDT_startWatchdogKickTask
                0x20010d64       0xb4 C:/TEVEL/GivatShmuel/Base-Aug-2019/GlobusSatProject/..//hal/hal/lib\libHALD.a(WatchDogTimerOS.o)
                0x20010d64                WDT_startWatchdogKickTask
 .text.WDT_forceKickEveryNms
                0x20010e18       0x50 C:/TEVEL/GivatShmuel/Base-Aug-2019/GlobusSatProject/..//hal/hal/lib\libHALD.a(WatchDogTimerOS.o)
                0x20010e18                WDT_forceKickEveryNms
 .text.LED_glow
                0x20010e68       0x58 C:/TEVEL/GivatShmuel/Base-Aug-2019/GlobusSatProject/..//hal/hal/lib\libHALD.a(LED.o)
                0x20010e68                LED_glow
 .text.LED_dark
                0x20010ec0       0x58 C:/TEVEL/GivatShmuel/Base-Aug-2019/GlobusSatProject/..//hal/hal/lib\libHALD.a(LED.o)
                0x20010ec0                LED_dark
 .text.LED_toggle
                0x20010f18       0x50 C:/TEVEL/GivatShmuel/Base-Aug-2019/GlobusSatProject/..//hal/hal/lib\libHALD.a(LED.o)
                0x20010f18                LED_toggle
 .text.RTC_start
                0x20010f68       0x3c C:/TEVEL/GivatShmuel/Base-Aug-2019/GlobusSatProject/..//hal/hal/lib\libHALD.a(RTC.o)
                0x20010f68                RTC_start
 .text.RTC_setTime
                0x20010fa4      0x2a4 C:/TEVEL/GivatShmuel/Base-Aug-2019/GlobusSatProject/..//hal/hal/lib\libHALD.a(RTC.o)
                0x20010fa4                RTC_setTime
 .text.RTC_getTime
                0x20011248      0x224 C:/TEVEL/GivatShmuel/Base-Aug-2019/GlobusSatProject/..//hal/hal/lib\libHALD.a(RTC.o)
                0x20011248                RTC_getTime
 .text.RTC_checkTimeValid
                0x2001146c       0xdc C:/TEVEL/GivatShmuel/Base-Aug-2019/GlobusSatProject/..//hal/hal/lib\libHALD.a(RTC.o)
                0x2001146c                RTC_checkTimeValid
 .text.RTT_start
                0x20011548       0x24 C:/TEVEL/GivatShmuel/Base-Aug-2019/GlobusSatProject/..//hal/hal/lib\libHALD.a(RTT.o)
                0x20011548                RTT_start
 .text.fn_init  0x2001156c      0x2e0 C:/TEVEL/GivatShmuel/Base-Aug-2019/GlobusSatProject/..//hal/hcc/lib\libHCCD.a(fat_common.o)
                0x2001156c                fn_init
 .text.fsn_delete
                0x2001184c       0xc8 C:/TEVEL/GivatShmuel/Base-Aug-2019/GlobusSatProject/..//hal/hcc/lib\libHCCD.a(fat_common.o)
                0x2001184c                fsn_delete
 .text._f_get16bitl
                0x20011914       0x4c C:/TEVEL/GivatShmuel/Base-Aug-2019/GlobusSatProject/..//hal/hcc/lib\libHCCD.a(fat_common.o)
                0x20011914                _f_get16bitl
 .text._f_set16bitl
                0x20011960       0x54 C:/TEVEL/GivatShmuel/Base-Aug-2019/GlobusSatProject/..//hal/hcc/lib\libHCCD.a(fat_common.o)
                0x20011960                _f_set16bitl
 .text._f_get32bitl
                0x200119b4       0x68 C:/TEVEL/GivatShmuel/Base-Aug-2019/GlobusSatProject/..//hal/hcc/lib\libHCCD.a(fat_common.o)
                0x200119b4                _f_get32bitl
 .text._f_set32bitl
                0x20011a1c       0x78 C:/TEVEL/GivatShmuel/Base-Aug-2019/GlobusSatProject/..//hal/hcc/lib\libHCCD.a(fat_common.o)
                0x20011a1c                _f_set32bitl
 .text._get8bit
                0x20011a94       0xa0 C:/TEVEL/GivatShmuel/Base-Aug-2019/GlobusSatProject/..//hal/hcc/lib\libHCCD.a(fat_common.o)
 .text._get16bitl
                0x20011b34       0x40 C:/TEVEL/GivatShmuel/Base-Aug-2019/GlobusSatProject/..//hal/hcc/lib\libHCCD.a(fat_common.o)
 .text._get32bitl
                0x20011b74       0x3c C:/TEVEL/GivatShmuel/Base-Aug-2019/GlobusSatProject/..//hal/hcc/lib\libHCCD.a(fat_common.o)
 .text._f_setcardremoved
                0x20011bb0       0x94 C:/TEVEL/GivatShmuel/Base-Aug-2019/GlobusSatProject/..//hal/hcc/lib\libHCCD.a(fat_common.o)
 .text._f_checkstatus
                0x20011c44      0x104 C:/TEVEL/GivatShmuel/Base-Aug-2019/GlobusSatProject/..//hal/hcc/lib\libHCCD.a(fat_common.o)
                0x20011c44                _f_checkstatus
 .text._f_drvgetphy
                0x20011d48      0x114 C:/TEVEL/GivatShmuel/Base-Aug-2019/GlobusSatProject/..//hal/hcc/lib\libHCCD.a(fat_common.o)
 .text._f_drvwritesector
                0x20011e5c       0xdc C:/TEVEL/GivatShmuel/Base-Aug-2019/GlobusSatProject/..//hal/hcc/lib\libHCCD.a(fat_common.o)
 .text._f_drvreadsector
                0x20011f38       0xa8 C:/TEVEL/GivatShmuel/Base-Aug-2019/GlobusSatProject/..//hal/hcc/lib\libHCCD.a(fat_common.o)
 .text._f_writesector
                0x20011fe0      0x23c C:/TEVEL/GivatShmuel/Base-Aug-2019/GlobusSatProject/..//hal/hcc/lib\libHCCD.a(fat_common.o)
                0x20011fe0                _f_writesector
 .text._f_readsector
                0x2001221c      0x1dc C:/TEVEL/GivatShmuel/Base-Aug-2019/GlobusSatProject/..//hal/hcc/lib\libHCCD.a(fat_common.o)
                0x2001221c                _f_readsector
 .text._f_getmaxcluster
                0x200123f8       0x94 C:/TEVEL/GivatShmuel/Base-Aug-2019/GlobusSatProject/..//hal/hcc/lib\libHCCD.a(fat_common.o)
                0x200123f8                _f_getmaxcluster
 .text._getsectorfromcluster
                0x2001248c       0x68 C:/TEVEL/GivatShmuel/Base-Aug-2019/GlobusSatProject/..//hal/hcc/lib\libHCCD.a(fat_common.o)
 .text._f_buildsectors
                0x200124f4      0x268 C:/TEVEL/GivatShmuel/Base-Aug-2019/GlobusSatProject/..//hal/hcc/lib\libHCCD.a(fat_common.o)
 .text._f_getbootrecord
                0x2001275c      0x5e4 C:/TEVEL/GivatShmuel/Base-Aug-2019/GlobusSatProject/..//hal/hcc/lib\libHCCD.a(fat_common.o)
 .text._f_readbootrecord
                0x20012d40      0x4f8 C:/TEVEL/GivatShmuel/Base-Aug-2019/GlobusSatProject/..//hal/hcc/lib\libHCCD.a(fat_common.o)
 .text._f_flushcffiles
                0x20013238      0x17c C:/TEVEL/GivatShmuel/Base-Aug-2019/GlobusSatProject/..//hal/hcc/lib\libHCCD.a(fat_common.o)
                0x20013238                _f_flushcffiles
 .text._f_fatcache_flush
                0x200133b4      0x270 C:/TEVEL/GivatShmuel/Base-Aug-2019/GlobusSatProject/..//hal/hcc/lib\libHCCD.a(fat_common.o)
                0x200133b4                _f_fatcache_flush
 .text._f_writefatsector
                0x20013624      0x100 C:/TEVEL/GivatShmuel/Base-Aug-2019/GlobusSatProject/..//hal/hcc/lib\libHCCD.a(fat_common.o)
                0x20013624                _f_writefatsector
 .text._f_getfatsector
                0x20013724      0x3bc C:/TEVEL/GivatShmuel/Base-Aug-2019/GlobusSatProject/..//hal/hcc/lib\libHCCD.a(fat_common.o)
 .text._f_setclustervalue
                0x20013ae0      0x490 C:/TEVEL/GivatShmuel/Base-Aug-2019/GlobusSatProject/..//hal/hcc/lib\libHCCD.a(fat_common.o)
                0x20013ae0                _f_setclustervalue
 .text._f_getclustervalue
                0x20013f70      0x388 C:/TEVEL/GivatShmuel/Base-Aug-2019/GlobusSatProject/..//hal/hcc/lib\libHCCD.a(fat_common.o)
                0x20013f70                _f_getclustervalue
 .text._f_close_drive_files
                0x200142f8       0xac C:/TEVEL/GivatShmuel/Base-Aug-2019/GlobusSatProject/..//hal/hcc/lib\libHCCD.a(fat_common.o)
 .text._f_inc_mount_count
                0x200143a4       0xa4 C:/TEVEL/GivatShmuel/Base-Aug-2019/GlobusSatProject/..//hal/hcc/lib\libHCCD.a(fat_common.o)
 .text._f_getvolume
                0x20014448      0x2f8 C:/TEVEL/GivatShmuel/Base-Aug-2019/GlobusSatProject/..//hal/hcc/lib\libHCCD.a(fat_common.o)
                0x20014448                _f_getvolume
 .text.fn_createdriver
                0x20014740      0x118 C:/TEVEL/GivatShmuel/Base-Aug-2019/GlobusSatProject/..//hal/hcc/lib\libHCCD.a(fat_common.o)
                0x20014740                fn_createdriver
 .text.fn_initvolume
                0x20014858      0x12c C:/TEVEL/GivatShmuel/Base-Aug-2019/GlobusSatProject/..//hal/hcc/lib\libHCCD.a(fat_common.o)
                0x20014858                fn_initvolume
 .text.fn_releasedriver
                0x20014984       0xf4 C:/TEVEL/GivatShmuel/Base-Aug-2019/GlobusSatProject/..//hal/hcc/lib\libHCCD.a(fat_common.o)
                0x20014984                fn_releasedriver
 .text.fn_initvolumepartition_sub
                0x20014a78       0xe0 C:/TEVEL/GivatShmuel/Base-Aug-2019/GlobusSatProject/..//hal/hcc/lib\libHCCD.a(fat_common.o)
 .text.fn_initvolumepartition
                0x20014b58       0xac C:/TEVEL/GivatShmuel/Base-Aug-2019/GlobusSatProject/..//hal/hcc/lib\libHCCD.a(fat_common.o)
                0x20014b58                fn_initvolumepartition
 .text.fn_delvolume
                0x20014c04      0x194 C:/TEVEL/GivatShmuel/Base-Aug-2019/GlobusSatProject/..//hal/hcc/lib\libHCCD.a(fat_common.o)
                0x20014c04                fn_delvolume
 .text._f_clustertopos
                0x20014d98       0xf8 C:/TEVEL/GivatShmuel/Base-Aug-2019/GlobusSatProject/..//hal/hcc/lib\libHCCD.a(fat_common.o)
                0x20014d98                _f_clustertopos
 .text._f_getcurrsector
                0x20014e90      0x6c8 C:/TEVEL/GivatShmuel/Base-Aug-2019/GlobusSatProject/..//hal/hcc/lib\libHCCD.a(fat_common.o)
                0x20014e90                _f_getcurrsector
 .text._f_getdecluster
                0x20015558       0x90 C:/TEVEL/GivatShmuel/Base-Aug-2019/GlobusSatProject/..//hal/hcc/lib\libHCCD.a(fat_common.o)
                0x20015558                _f_getdecluster
 .text._f_setdecluster
                0x200155e8       0x8c C:/TEVEL/GivatShmuel/Base-Aug-2019/GlobusSatProject/..//hal/hcc/lib\libHCCD.a(fat_common.o)
                0x200155e8                _f_setdecluster
 .text.fn_getdrive
                0x20015674       0x30 C:/TEVEL/GivatShmuel/Base-Aug-2019/GlobusSatProject/..//hal/hcc/lib\libHCCD.a(fat_common.o)
                0x20015674                fn_getdrive
 .text._f_getcurrenttimedate
                0x200156a4      0x138 C:/TEVEL/GivatShmuel/Base-Aug-2019/GlobusSatProject/..//hal/hcc/lib\libHCCD.a(fat_common.o)
                0x200156a4                _f_getcurrenttimedate
 .text._f_initentry
                0x200157dc       0xa0 C:/TEVEL/GivatShmuel/Base-Aug-2019/GlobusSatProject/..//hal/hcc/lib\libHCCD.a(fat_common.o)
                0x200157dc                _f_initentry
 .text._f_alloccluster
                0x2001587c      0x344 C:/TEVEL/GivatShmuel/Base-Aug-2019/GlobusSatProject/..//hal/hcc/lib\libHCCD.a(fat_common.o)
                0x2001587c                _f_alloccluster
 .text._f_dobadblock
                0x20015bc0      0x2cc C:/TEVEL/GivatShmuel/Base-Aug-2019/GlobusSatProject/..//hal/hcc/lib\libHCCD.a(fat_common.o)
                0x20015bc0                _f_dobadblock
 .text._f_checklocked
                0x20015e8c       0xe4 C:/TEVEL/GivatShmuel/Base-Aug-2019/GlobusSatProject/..//hal/hcc/lib\libHCCD.a(fat_common.o)
                0x20015e8c                _f_checklocked
 .text._f_checkappendlocked
                0x20015f70      0x110 C:/TEVEL/GivatShmuel/Base-Aug-2019/GlobusSatProject/..//hal/hcc/lib\libHCCD.a(fat_common.o)
                0x20015f70                _f_checkappendlocked
 .text._f_setsyncafile
                0x20016080      0x114 C:/TEVEL/GivatShmuel/Base-Aug-2019/GlobusSatProject/..//hal/hcc/lib\libHCCD.a(fat_common.o)
                0x20016080                _f_setsyncafile
 .text._f_syncfiles
                0x20016194      0x128 C:/TEVEL/GivatShmuel/Base-Aug-2019/GlobusSatProject/..//hal/hcc/lib\libHCCD.a(fat_common.o)
                0x20016194                _f_syncfiles
 .text._f_syncfilescontent
                0x200162bc      0x15c C:/TEVEL/GivatShmuel/Base-Aug-2019/GlobusSatProject/..//hal/hcc/lib\libHCCD.a(fat_common.o)
 .text.fn_getfreespace
                0x20016418      0x4c0 C:/TEVEL/GivatShmuel/Base-Aug-2019/GlobusSatProject/..//hal/hcc/lib\libHCCD.a(fat_common.o)
                0x20016418                fn_getfreespace
 .text._f_emptywritecache
                0x200168d8      0x4a4 C:/TEVEL/GivatShmuel/Base-Aug-2019/GlobusSatProject/..//hal/hcc/lib\libHCCD.a(fat_common.o)
 .text._f_allocnextcluster
                0x20016d7c      0x54c C:/TEVEL/GivatShmuel/Base-Aug-2019/GlobusSatProject/..//hal/hcc/lib\libHCCD.a(fat_common.o)
 .text._f_emptywritebuffer
                0x200172c8      0x20c C:/TEVEL/GivatShmuel/Base-Aug-2019/GlobusSatProject/..//hal/hcc/lib\libHCCD.a(fat_common.o)
 .text._f_writezeros
                0x200174d4       0xf0 C:/TEVEL/GivatShmuel/Base-Aug-2019/GlobusSatProject/..//hal/hcc/lib\libHCCD.a(fat_common.o)
                0x200174d4                _f_writezeros
 .text._f_extend_file
                0x200175c4      0x570 C:/TEVEL/GivatShmuel/Base-Aug-2019/GlobusSatProject/..//hal/hcc/lib\libHCCD.a(fat_common.o)
 .text._f_fseek
                0x20017b34      0x9bc C:/TEVEL/GivatShmuel/Base-Aug-2019/GlobusSatProject/..//hal/hcc/lib\libHCCD.a(fat_common.o)
                0x20017b34                _f_fseek
 .text._f_removechain
                0x200184f0      0x104 C:/TEVEL/GivatShmuel/Base-Aug-2019/GlobusSatProject/..//hal/hcc/lib\libHCCD.a(fat_common.o)
                0x200184f0                _f_removechain
 .text._f_updatefileentry
                0x200185f4      0x1cc C:/TEVEL/GivatShmuel/Base-Aug-2019/GlobusSatProject/..//hal/hcc/lib\libHCCD.a(fat_common.o)
 .text._f_checkreadlocked
                0x200187c0      0x1bc C:/TEVEL/GivatShmuel/Base-Aug-2019/GlobusSatProject/..//hal/hcc/lib\libHCCD.a(fat_common.o)
                0x200187c0                _f_checkreadlocked
 .text._f_check_handle
                0x2001897c       0x98 C:/TEVEL/GivatShmuel/Base-Aug-2019/GlobusSatProject/..//hal/hcc/lib\libHCCD.a(fat_common.o)
                0x2001897c                _f_check_handle
 .text._f_removesyncafile
                0x20018a14      0x1ec C:/TEVEL/GivatShmuel/Base-Aug-2019/GlobusSatProject/..//hal/hcc/lib\libHCCD.a(fat_common.o)
 .text.fn_close
                0x20018c00      0x3f8 C:/TEVEL/GivatShmuel/Base-Aug-2019/GlobusSatProject/..//hal/hcc/lib\libHCCD.a(fat_common.o)
                0x20018c00                fn_close
 .text.fn_flush
                0x20018ff8      0x374 C:/TEVEL/GivatShmuel/Base-Aug-2019/GlobusSatProject/..//hal/hcc/lib\libHCCD.a(fat_common.o)
                0x20018ff8                fn_flush
 .text.fn_read  0x2001936c      0x690 C:/TEVEL/GivatShmuel/Base-Aug-2019/GlobusSatProject/..//hal/hcc/lib\libHCCD.a(fat_common.o)
                0x2001936c                fn_read
 .text._f_abortwrite
                0x200199fc      0x100 C:/TEVEL/GivatShmuel/Base-Aug-2019/GlobusSatProject/..//hal/hcc/lib\libHCCD.a(fat_common.o)
 .text._f_checkwritecluster
                0x20019afc       0xe4 C:/TEVEL/GivatShmuel/Base-Aug-2019/GlobusSatProject/..//hal/hcc/lib\libHCCD.a(fat_common.o)
 .text.fn_write
                0x20019be0      0x8a8 C:/TEVEL/GivatShmuel/Base-Aug-2019/GlobusSatProject/..//hal/hcc/lib\libHCCD.a(fat_common.o)
                0x20019be0                fn_write
 .text.fn_seek  0x2001a488      0x270 C:/TEVEL/GivatShmuel/Base-Aug-2019/GlobusSatProject/..//hal/hcc/lib\libHCCD.a(fat_common.o)
                0x2001a488                fn_seek
 .text.f_enterFS
                0x2001a6f8      0x1c0 C:/TEVEL/GivatShmuel/Base-Aug-2019/GlobusSatProject/..//hal/hcc/lib\libHCCD.a(fat_common.o)
                0x2001a6f8                f_enterFS
 .text.f_releaseFS
                0x2001a8b8       0xb0 C:/TEVEL/GivatShmuel/Base-Aug-2019/GlobusSatProject/..//hal/hcc/lib\libHCCD.a(fat_common.o)
                0x2001a8b8                f_releaseFS
 .text.fnGetTask
                0x2001a968       0xfc C:/TEVEL/GivatShmuel/Base-Aug-2019/GlobusSatProject/..//hal/hcc/lib\libHCCD.a(fat_common.o)
                0x2001a968                fnGetTask
 .text._f_mutex_get
                0x2001aa64       0x98 C:/TEVEL/GivatShmuel/Base-Aug-2019/GlobusSatProject/..//hal/hcc/lib\libHCCD.a(fat_common.o)
                0x2001aa64                _f_mutex_get
 .text._f_mutex_put
                0x2001aafc       0x54 C:/TEVEL/GivatShmuel/Base-Aug-2019/GlobusSatProject/..//hal/hcc/lib\libHCCD.a(fat_common.o)
                0x2001aafc                _f_mutex_put
 .text._fn_initseekdivisor
                0x2001ab50      0x158 C:/TEVEL/GivatShmuel/Base-Aug-2019/GlobusSatProject/..//hal/hcc/lib\libHCCD.a(fat_common.o)
                0x2001ab50                _fn_initseekdivisor
 .text._fn_updateseekpos
                0x2001aca8       0xc4 C:/TEVEL/GivatShmuel/Base-Aug-2019/GlobusSatProject/..//hal/hcc/lib\libHCCD.a(fat_common.o)
 .text._f_findopensize
                0x2001ad6c       0x2c C:/TEVEL/GivatShmuel/Base-Aug-2019/GlobusSatProject/..//hal/hcc/lib\libHCCD.a(fat_common.o)
                0x2001ad6c                _f_findopensize
 .text.fn_setlasterror
                0x2001ad98       0x34 C:/TEVEL/GivatShmuel/Base-Aug-2019/GlobusSatProject/..//hal/hcc/lib\libHCCD.a(fat_common.o)
                0x2001ad98                fn_setlasterror
 .text.fn_setlasterror_noret
                0x2001adcc       0x2c C:/TEVEL/GivatShmuel/Base-Aug-2019/GlobusSatProject/..//hal/hcc/lib\libHCCD.a(fat_common.o)
                0x2001adcc                fn_setlasterror_noret
 .text.fm_initvolume
                0x2001adf8       0x70 C:/TEVEL/GivatShmuel/Base-Aug-2019/GlobusSatProject/..//hal/hcc/lib\libHCCD.a(fat_m.o)
                0x2001adf8                fm_initvolume
 .text.fm_delvolume
                0x2001ae68       0x60 C:/TEVEL/GivatShmuel/Base-Aug-2019/GlobusSatProject/..//hal/hcc/lib\libHCCD.a(fat_m.o)
                0x2001ae68                fm_delvolume
 .text.fm_getdrive
                0x2001aec8       0x70 C:/TEVEL/GivatShmuel/Base-Aug-2019/GlobusSatProject/..//hal/hcc/lib\libHCCD.a(fat_m.o)
                0x2001aec8                fm_getdrive
 .text.fm_getfreespace
                0x2001af38       0x68 C:/TEVEL/GivatShmuel/Base-Aug-2019/GlobusSatProject/..//hal/hcc/lib\libHCCD.a(fat_m.o)
                0x2001af38                fm_getfreespace
 .text.fm_findfirst
                0x2001afa0       0x68 C:/TEVEL/GivatShmuel/Base-Aug-2019/GlobusSatProject/..//hal/hcc/lib\libHCCD.a(fat_m.o)
                0x2001afa0                fm_findfirst
 .text.fm_findnext
                0x2001b008       0x60 C:/TEVEL/GivatShmuel/Base-Aug-2019/GlobusSatProject/..//hal/hcc/lib\libHCCD.a(fat_m.o)
                0x2001b008                fm_findnext
 .text.fm_rename
                0x2001b068       0x68 C:/TEVEL/GivatShmuel/Base-Aug-2019/GlobusSatProject/..//hal/hcc/lib\libHCCD.a(fat_m.o)
                0x2001b068                fm_rename
 .text.fm_filelength
                0x2001b0d0       0x60 C:/TEVEL/GivatShmuel/Base-Aug-2019/GlobusSatProject/..//hal/hcc/lib\libHCCD.a(fat_m.o)
                0x2001b0d0                fm_filelength
 .text.fm_close
                0x2001b130       0x60 C:/TEVEL/GivatShmuel/Base-Aug-2019/GlobusSatProject/..//hal/hcc/lib\libHCCD.a(fat_m.o)
                0x2001b130                fm_close
 .text.fm_flush
                0x2001b190       0x60 C:/TEVEL/GivatShmuel/Base-Aug-2019/GlobusSatProject/..//hal/hcc/lib\libHCCD.a(fat_m.o)
                0x2001b190                fm_flush
 .text.fm_open  0x2001b1f0       0x68 C:/TEVEL/GivatShmuel/Base-Aug-2019/GlobusSatProject/..//hal/hcc/lib\libHCCD.a(fat_m.o)
                0x2001b1f0                fm_open
 .text.fm_read  0x2001b258       0x7c C:/TEVEL/GivatShmuel/Base-Aug-2019/GlobusSatProject/..//hal/hcc/lib\libHCCD.a(fat_m.o)
                0x2001b258                fm_read
 .text.fm_write
                0x2001b2d4       0x7c C:/TEVEL/GivatShmuel/Base-Aug-2019/GlobusSatProject/..//hal/hcc/lib\libHCCD.a(fat_m.o)
                0x2001b2d4                fm_write
 .text.fm_seek  0x2001b350       0x70 C:/TEVEL/GivatShmuel/Base-Aug-2019/GlobusSatProject/..//hal/hcc/lib\libHCCD.a(fat_m.o)
                0x2001b350                fm_seek
 .text.fm_delete
                0x2001b3c0       0x64 C:/TEVEL/GivatShmuel/Base-Aug-2019/GlobusSatProject/..//hal/hcc/lib\libHCCD.a(fat_m.o)
                0x2001b3c0                fm_delete
 .text.fm_getlasterror
                0x2001b424       0x40 C:/TEVEL/GivatShmuel/Base-Aug-2019/GlobusSatProject/..//hal/hcc/lib\libHCCD.a(fat_m.o)
                0x2001b424                fm_getlasterror
 .text._s_checkzeroclusteratend
                0x2001b464       0xf8 C:/TEVEL/GivatShmuel/Base-Aug-2019/GlobusSatProject/..//hal/hcc/lib\libHCCD.a(safefat.o)
 .text._s_clearclustercontent
                0x2001b55c      0x108 C:/TEVEL/GivatShmuel/Base-Aug-2019/GlobusSatProject/..//hal/hcc/lib\libHCCD.a(safefat.o)
 .text._s_clearclustercontentdir
                0x2001b664      0x19c C:/TEVEL/GivatShmuel/Base-Aug-2019/GlobusSatProject/..//hal/hcc/lib\libHCCD.a(safefat.o)
 .text._s_writedirsector
                0x2001b800       0xd0 C:/TEVEL/GivatShmuel/Base-Aug-2019/GlobusSatProject/..//hal/hcc/lib\libHCCD.a(safefat.o)
 .text._s_getdirsector
                0x2001b8d0      0x100 C:/TEVEL/GivatShmuel/Base-Aug-2019/GlobusSatProject/..//hal/hcc/lib\libHCCD.a(safefat.o)
 .text._s_addentry
                0x2001b9d0      0x394 C:/TEVEL/GivatShmuel/Base-Aug-2019/GlobusSatProject/..//hal/hcc/lib\libHCCD.a(safefat.o)
 .text._s_findfile
                0x2001bd64      0x33c C:/TEVEL/GivatShmuel/Base-Aug-2019/GlobusSatProject/..//hal/hcc/lib\libHCCD.a(safefat.o)
 .text._s_findsubdir
                0x2001c0a0      0x248 C:/TEVEL/GivatShmuel/Base-Aug-2019/GlobusSatProject/..//hal/hcc/lib\libHCCD.a(safefat.o)
 .text._s_createfile
                0x2001c2e8      0x190 C:/TEVEL/GivatShmuel/Base-Aug-2019/GlobusSatProject/..//hal/hcc/lib\libHCCD.a(safefat.o)
 .text._s_findsaffile
                0x2001c478      0x1b8 C:/TEVEL/GivatShmuel/Base-Aug-2019/GlobusSatProject/..//hal/hcc/lib\libHCCD.a(safefat.o)
 .text._s_open  0x2001c630       0xe4 C:/TEVEL/GivatShmuel/Base-Aug-2019/GlobusSatProject/..//hal/hcc/lib\libHCCD.a(safefat.o)
 .text._s_open_saf
                0x2001c714       0xe8 C:/TEVEL/GivatShmuel/Base-Aug-2019/GlobusSatProject/..//hal/hcc/lib\libHCCD.a(safefat.o)
 .text._s_flush
                0x2001c7fc       0x84 C:/TEVEL/GivatShmuel/Base-Aug-2019/GlobusSatProject/..//hal/hcc/lib\libHCCD.a(safefat.o)
 .text._s_allocnextcluster
                0x2001c880      0x13c C:/TEVEL/GivatShmuel/Base-Aug-2019/GlobusSatProject/..//hal/hcc/lib\libHCCD.a(safefat.o)
 .text._s_getnextsector
                0x2001c9bc       0xdc C:/TEVEL/GivatShmuel/Base-Aug-2019/GlobusSatProject/..//hal/hcc/lib\libHCCD.a(safefat.o)
 .text._s_seek  0x2001ca98      0x1e8 C:/TEVEL/GivatShmuel/Base-Aug-2019/GlobusSatProject/..//hal/hcc/lib\libHCCD.a(safefat.o)
 .text._s_get_len
                0x2001cc80      0x10c C:/TEVEL/GivatShmuel/Base-Aug-2019/GlobusSatProject/..//hal/hcc/lib\libHCCD.a(safefat.o)
 .text._s_set_len
                0x2001cd8c       0xb4 C:/TEVEL/GivatShmuel/Base-Aug-2019/GlobusSatProject/..//hal/hcc/lib\libHCCD.a(safefat.o)
 .text.safe_fix_filelengths
                0x2001ce40       0xcc C:/TEVEL/GivatShmuel/Base-Aug-2019/GlobusSatProject/..//hal/hcc/lib\libHCCD.a(safefat.o)
                0x2001ce40                safe_fix_filelengths
 .text._s_read  0x2001cf0c      0x228 C:/TEVEL/GivatShmuel/Base-Aug-2019/GlobusSatProject/..//hal/hcc/lib\libHCCD.a(safefat.o)
 .text._s_write
                0x2001d134      0x384 C:/TEVEL/GivatShmuel/Base-Aug-2019/GlobusSatProject/..//hal/hcc/lib\libHCCD.a(safefat.o)
 .text._s_restoreclusters
                0x2001d4b8      0x270 C:/TEVEL/GivatShmuel/Base-Aug-2019/GlobusSatProject/..//hal/hcc/lib\libHCCD.a(safefat.o)
                0x2001d4b8                _s_restoreclusters
 .text._s_findrestore
                0x2001d728      0x18c C:/TEVEL/GivatShmuel/Base-Aug-2019/GlobusSatProject/..//hal/hcc/lib\libHCCD.a(safefat.o)
 .text._s_cmd_writede
                0x2001d8b4       0xd8 C:/TEVEL/GivatShmuel/Base-Aug-2019/GlobusSatProject/..//hal/hcc/lib\libHCCD.a(safefat.o)
 .text._s_cmd_setcluster
                0x2001d98c       0x88 C:/TEVEL/GivatShmuel/Base-Aug-2019/GlobusSatProject/..//hal/hcc/lib\libHCCD.a(safefat.o)
 .text._s_cmd_deletechain
                0x2001da14      0x100 C:/TEVEL/GivatShmuel/Base-Aug-2019/GlobusSatProject/..//hal/hcc/lib\libHCCD.a(safefat.o)
 .text._s_cmd_validatecfn
                0x2001db14      0x308 C:/TEVEL/GivatShmuel/Base-Aug-2019/GlobusSatProject/..//hal/hcc/lib\libHCCD.a(safefat.o)
 .text._s_cmd_seteof
                0x2001de1c      0x3c4 C:/TEVEL/GivatShmuel/Base-Aug-2019/GlobusSatProject/..//hal/hcc/lib\libHCCD.a(safefat.o)
 .text.safe_docommands
                0x2001e1e0      0x56c C:/TEVEL/GivatShmuel/Base-Aug-2019/GlobusSatProject/..//hal/hcc/lib\libHCCD.a(safefat.o)
                0x2001e1e0                safe_docommands
 .text.safe_entercommand
                0x2001e74c       0x68 C:/TEVEL/GivatShmuel/Base-Aug-2019/GlobusSatProject/..//hal/hcc/lib\libHCCD.a(safefat.o)
                0x2001e74c                safe_entercommand
 .text.safe_ready
                0x2001e7b4       0xf4 C:/TEVEL/GivatShmuel/Base-Aug-2019/GlobusSatProject/..//hal/hcc/lib\libHCCD.a(safefat.o)
                0x2001e7b4                safe_ready
 .text.safe_copycfn
                0x2001e8a8       0xb8 C:/TEVEL/GivatShmuel/Base-Aug-2019/GlobusSatProject/..//hal/hcc/lib\libHCCD.a(safefat.o)
                0x2001e8a8                safe_copycfn
 .text.safe_cfremove
                0x2001e960       0xb8 C:/TEVEL/GivatShmuel/Base-Aug-2019/GlobusSatProject/..//hal/hcc/lib\libHCCD.a(safefat.o)
                0x2001e960                safe_cfremove
 .text.safe_writede
                0x2001ea18      0x104 C:/TEVEL/GivatShmuel/Base-Aug-2019/GlobusSatProject/..//hal/hcc/lib\libHCCD.a(safefat.o)
                0x2001ea18                safe_writede
 .text.safe_setcluster
                0x2001eb1c       0xcc C:/TEVEL/GivatShmuel/Base-Aug-2019/GlobusSatProject/..//hal/hcc/lib\libHCCD.a(safefat.o)
                0x2001eb1c                safe_setcluster
 .text.safe_deletechain
                0x2001ebe8      0x1c8 C:/TEVEL/GivatShmuel/Base-Aug-2019/GlobusSatProject/..//hal/hcc/lib\libHCCD.a(safefat.o)
                0x2001ebe8                safe_deletechain
 .text.safe_cfclose
                0x2001edb0      0x104 C:/TEVEL/GivatShmuel/Base-Aug-2019/GlobusSatProject/..//hal/hcc/lib\libHCCD.a(safefat.o)
                0x2001edb0                safe_cfclose
 .text.safe_cfflush
                0x2001eeb4      0x124 C:/TEVEL/GivatShmuel/Base-Aug-2019/GlobusSatProject/..//hal/hcc/lib\libHCCD.a(safefat.o)
                0x2001eeb4                safe_cfflush
 .text.safe_reset
                0x2001efd8       0x78 C:/TEVEL/GivatShmuel/Base-Aug-2019/GlobusSatProject/..//hal/hcc/lib\libHCCD.a(safefat.o)
                0x2001efd8                safe_reset
 .text.safe_loadcommands
                0x2001f050       0x78 C:/TEVEL/GivatShmuel/Base-Aug-2019/GlobusSatProject/..//hal/hcc/lib\libHCCD.a(safefat.o)
                0x2001f050                safe_loadcommands
 .text.safe_poweron
                0x2001f0c8      0x1fc C:/TEVEL/GivatShmuel/Base-Aug-2019/GlobusSatProject/..//hal/hcc/lib\libHCCD.a(safefat.o)
                0x2001f0c8                safe_poweron
 .text.cf_getname
                0x2001f2c4       0xc0 C:/TEVEL/GivatShmuel/Base-Aug-2019/GlobusSatProject/..//hal/hcc/lib\libHCCD.a(safefat.o)
 .text.cf_copyclusterchain
                0x2001f384      0x138 C:/TEVEL/GivatShmuel/Base-Aug-2019/GlobusSatProject/..//hal/hcc/lib\libHCCD.a(safefat.o)
 .text.cf_seektozero
                0x2001f4bc       0x94 C:/TEVEL/GivatShmuel/Base-Aug-2019/GlobusSatProject/..//hal/hcc/lib\libHCCD.a(safefat.o)
                0x2001f4bc                cf_seektozero
 .text.cf_create
                0x2001f550      0x3a8 C:/TEVEL/GivatShmuel/Base-Aug-2019/GlobusSatProject/..//hal/hcc/lib\libHCCD.a(safefat.o)
                0x2001f550                cf_create
 .text.cf_copyclustercontent
                0x2001f8f8      0x128 C:/TEVEL/GivatShmuel/Base-Aug-2019/GlobusSatProject/..//hal/hcc/lib\libHCCD.a(safefat.o)
                0x2001f8f8                cf_copyclustercontent
 .text.cf_copycfn
                0x2001fa20      0x4bc C:/TEVEL/GivatShmuel/Base-Aug-2019/GlobusSatProject/..//hal/hcc/lib\libHCCD.a(safefat.o)
                0x2001fa20                cf_copycfn
 .text.cf_remove
                0x2001fedc      0x344 C:/TEVEL/GivatShmuel/Base-Aug-2019/GlobusSatProject/..//hal/hcc/lib\libHCCD.a(safefat.o)
                0x2001fedc                cf_remove
 .text.cf_setclusternew
                0x20020220       0xf0 C:/TEVEL/GivatShmuel/Base-Aug-2019/GlobusSatProject/..//hal/hcc/lib\libHCCD.a(safefat.o)
                0x20020220                cf_setclusternew
 .text.cf_flush
                0x20020310       0x58 C:/TEVEL/GivatShmuel/Base-Aug-2019/GlobusSatProject/..//hal/hcc/lib\libHCCD.a(safefat.o)
                0x20020310                cf_flush
 .text.cf_getcluster
                0x20020368      0x1b4 C:/TEVEL/GivatShmuel/Base-Aug-2019/GlobusSatProject/..//hal/hcc/lib\libHCCD.a(safefat.o)
                0x20020368                cf_getcluster
 .text.cf_setnextcluster
                0x2002051c      0x194 C:/TEVEL/GivatShmuel/Base-Aug-2019/GlobusSatProject/..//hal/hcc/lib\libHCCD.a(safefat.o)
                0x2002051c                cf_setnextcluster
 .text.cf_getpositions
                0x200206b0       0xbc C:/TEVEL/GivatShmuel/Base-Aug-2019/GlobusSatProject/..//hal/hcc/lib\libHCCD.a(safefat.o)
                0x200206b0                cf_getpositions
 .text.cf_setpositions
                0x2002076c       0xb0 C:/TEVEL/GivatShmuel/Base-Aug-2019/GlobusSatProject/..//hal/hcc/lib\libHCCD.a(safefat.o)
                0x2002076c                cf_setpositions
 .text.cf_opensyncafile
                0x2002081c      0x150 C:/TEVEL/GivatShmuel/Base-Aug-2019/GlobusSatProject/..//hal/hcc/lib\libHCCD.a(safefat.o)
                0x2002081c                cf_opensyncafile
 .text.cf_reloadcfo
                0x2002096c       0xd8 C:/TEVEL/GivatShmuel/Base-Aug-2019/GlobusSatProject/..//hal/hcc/lib\libHCCD.a(safefat.o)
                0x2002096c                cf_reloadcfo
 .text.mcipdc_cmd
                0x20020a44      0x22c C:/TEVEL/GivatShmuel/Base-Aug-2019/GlobusSatProject/..//hal/hcc/lib\libHCCD.a(atmel_mcipdc.o)
 .text.mcipdc_stop
                0x20020c70       0xfc C:/TEVEL/GivatShmuel/Base-Aug-2019/GlobusSatProject/..//hal/hcc/lib\libHCCD.a(atmel_mcipdc.o)
                0x20020c70                mcipdc_stop
 .text.mcipdc_read
                0x20020d6c      0x27c C:/TEVEL/GivatShmuel/Base-Aug-2019/GlobusSatProject/..//hal/hcc/lib\libHCCD.a(atmel_mcipdc.o)
 .text.mcipdc_write
                0x20020fe8      0x298 C:/TEVEL/GivatShmuel/Base-Aug-2019/GlobusSatProject/..//hal/hcc/lib\libHCCD.a(atmel_mcipdc.o)
 .text.mcipdc_readsector
                0x20021280       0x9c C:/TEVEL/GivatShmuel/Base-Aug-2019/GlobusSatProject/..//hal/hcc/lib\libHCCD.a(atmel_mcipdc.o)
                0x20021280                mcipdc_readsector
 .text.mcipdc_readmultiplesector
                0x2002131c      0x124 C:/TEVEL/GivatShmuel/Base-Aug-2019/GlobusSatProject/..//hal/hcc/lib\libHCCD.a(atmel_mcipdc.o)
                0x2002131c                mcipdc_readmultiplesector
 .text.mcipdc_writesector
                0x20021440       0x90 C:/TEVEL/GivatShmuel/Base-Aug-2019/GlobusSatProject/..//hal/hcc/lib\libHCCD.a(atmel_mcipdc.o)
                0x20021440                mcipdc_writesector
 .text.mcipdc_writemultiplesector
                0x200214d0      0x120 C:/TEVEL/GivatShmuel/Base-Aug-2019/GlobusSatProject/..//hal/hcc/lib\libHCCD.a(atmel_mcipdc.o)
                0x200214d0                mcipdc_writemultiplesector
 .text.mcipdc_set_speed
                0x200215f0       0xb0 C:/TEVEL/GivatShmuel/Base-Aug-2019/GlobusSatProject/..//hal/hcc/lib\libHCCD.a(atmel_mcipdc.o)
 .text.mcipdc_get_speed
                0x200216a0       0x48 C:/TEVEL/GivatShmuel/Base-Aug-2019/GlobusSatProject/..//hal/hcc/lib\libHCCD.a(atmel_mcipdc.o)
 .text._get_csd_bits
                0x200216e8      0x14c C:/TEVEL/GivatShmuel/Base-Aug-2019/GlobusSatProject/..//hal/hcc/lib\libHCCD.a(atmel_mcipdc.o)
 .text.mcipdc_initcard
                0x20021834      0x8f4 C:/TEVEL/GivatShmuel/Base-Aug-2019/GlobusSatProject/..//hal/hcc/lib\libHCCD.a(atmel_mcipdc.o)
 .text.mcipdc_getstatus
                0x20022128       0xe8 C:/TEVEL/GivatShmuel/Base-Aug-2019/GlobusSatProject/..//hal/hcc/lib\libHCCD.a(atmel_mcipdc.o)
 .text.mcipdc_getphy
                0x20022210       0x90 C:/TEVEL/GivatShmuel/Base-Aug-2019/GlobusSatProject/..//hal/hcc/lib\libHCCD.a(atmel_mcipdc.o)
 .text.mcipdc_release
                0x200222a0       0x50 C:/TEVEL/GivatShmuel/Base-Aug-2019/GlobusSatProject/..//hal/hcc/lib\libHCCD.a(atmel_mcipdc.o)
 .text.atmel_mcipdc_initfunc
                0x200222f0      0x160 C:/TEVEL/GivatShmuel/Base-Aug-2019/GlobusSatProject/..//hal/hcc/lib\libHCCD.a(atmel_mcipdc.o)
                0x200222f0                atmel_mcipdc_initfunc
 .text.oal_mutex_create
                0x20022450       0x54 C:/TEVEL/GivatShmuel/Base-Aug-2019/GlobusSatProject/..//hal/hcc/lib\libHCCD.a(oalp_mutex.o)
                0x20022450                oal_mutex_create
 .text.oal_mutex_delete
                0x200224a4       0x30 C:/TEVEL/GivatShmuel/Base-Aug-2019/GlobusSatProject/..//hal/hcc/lib\libHCCD.a(oalp_mutex.o)
                0x200224a4                oal_mutex_delete
 .text.oal_mutex_get
                0x200224d4       0x58 C:/TEVEL/GivatShmuel/Base-Aug-2019/GlobusSatProject/..//hal/hcc/lib\libHCCD.a(oalp_mutex.o)
                0x200224d4                oal_mutex_get
 .text.oal_mutex_put
                0x2002252c       0x58 C:/TEVEL/GivatShmuel/Base-Aug-2019/GlobusSatProject/..//hal/hcc/lib\libHCCD.a(oalp_mutex.o)
                0x2002252c                oal_mutex_put
 .text.oal_task_get_id
                0x20022584       0x18 C:/TEVEL/GivatShmuel/Base-Aug-2019/GlobusSatProject/..//hal/hcc/lib\libHCCD.a(oalp_task.o)
                0x20022584                oal_task_get_id
 .text.mcipdc_hw_init
                0x2002259c       0xe8 C:/TEVEL/GivatShmuel/Base-Aug-2019/GlobusSatProject/..//hal/hcc/lib\libHCCD.a(atmel_mcipdc_hw.o)
                0x2002259c                mcipdc_hw_init
 .text.mcipdc_hw_delete
                0x20022684       0x78 C:/TEVEL/GivatShmuel/Base-Aug-2019/GlobusSatProject/..//hal/hcc/lib\libHCCD.a(atmel_mcipdc_hw.o)
                0x20022684                mcipdc_hw_delete
 .text.mcipdc_hw_card_plugged
                0x200226fc       0x1c C:/TEVEL/GivatShmuel/Base-Aug-2019/GlobusSatProject/..//hal/hcc/lib\libHCCD.a(atmel_mcipdc_hw.o)
                0x200226fc                mcipdc_hw_card_plugged
 .text.mcipdc_hw_card_writeprotect
                0x20022718       0x1c C:/TEVEL/GivatShmuel/Base-Aug-2019/GlobusSatProject/..//hal/hcc/lib\libHCCD.a(atmel_mcipdc_hw.o)
                0x20022718                mcipdc_hw_card_writeprotect
 .text.psp_getcurrenttimedate
                0x20022734       0x8c C:/TEVEL/GivatShmuel/Base-Aug-2019/GlobusSatProject/..//hal/hcc/lib\libHCCD.a(psp_rtc.o)
                0x20022734                psp_getcurrenttimedate
 .text._hcc_get_buf_dsc
                0x200227c0       0x8c C:/TEVEL/GivatShmuel/Base-Aug-2019/GlobusSatProject/..//hal/hcc/lib\libHCCD.a(hcc_mem.o)
 .text._hcc_check_free_pages
                0x2002284c      0x18c C:/TEVEL/GivatShmuel/Base-Aug-2019/GlobusSatProject/..//hal/hcc/lib\libHCCD.a(hcc_mem.o)
 .text._hcc_mark_pages
                0x200229d8      0x158 C:/TEVEL/GivatShmuel/Base-Aug-2019/GlobusSatProject/..//hal/hcc/lib\libHCCD.a(hcc_mem.o)
 .text._hcc_clear_lock_dsc
                0x20022b30       0x80 C:/TEVEL/GivatShmuel/Base-Aug-2019/GlobusSatProject/..//hal/hcc/lib\libHCCD.a(hcc_mem.o)
 .text._hcc_lock_access
                0x20022bb0      0x128 C:/TEVEL/GivatShmuel/Base-Aug-2019/GlobusSatProject/..//hal/hcc/lib\libHCCD.a(hcc_mem.o)
 .text._hcc_unlock_access
                0x20022cd8       0x30 C:/TEVEL/GivatShmuel/Base-Aug-2019/GlobusSatProject/..//hal/hcc/lib\libHCCD.a(hcc_mem.o)
 .text.hcc_mem_alloc
                0x20022d08      0x454 C:/TEVEL/GivatShmuel/Base-Aug-2019/GlobusSatProject/..//hal/hcc/lib\libHCCD.a(hcc_mem.o)
                0x20022d08                hcc_mem_alloc
 .text.hcc_mem_free
                0x2002315c      0x178 C:/TEVEL/GivatShmuel/Base-Aug-2019/GlobusSatProject/..//hal/hcc/lib\libHCCD.a(hcc_mem.o)
                0x2002315c                hcc_mem_free
 .text.hcc_mem_add
                0x200232d4      0x3b0 C:/TEVEL/GivatShmuel/Base-Aug-2019/GlobusSatProject/..//hal/hcc/lib\libHCCD.a(hcc_mem.o)
                0x200232d4                hcc_mem_add
 .text.hcc_mem_init
                0x20023684      0x164 C:/TEVEL/GivatShmuel/Base-Aug-2019/GlobusSatProject/..//hal/hcc/lib\libHCCD.a(hcc_mem.o)
                0x20023684                hcc_mem_init
 .text.hcc_mem_delete
                0x200237e8       0x94 C:/TEVEL/GivatShmuel/Base-Aug-2019/GlobusSatProject/..//hal/hcc/lib\libHCCD.a(hcc_mem.o)
                0x200237e8                hcc_mem_delete
 .text._f_invalidatedir
                0x2002387c       0x28 C:/TEVEL/GivatShmuel/Base-Aug-2019/GlobusSatProject/..//hal/hcc/lib\libHCCD.a(fat.o)
                0x2002387c                _f_invalidatedir
 .text._f_getdirsector
                0x200238a4       0x88 C:/TEVEL/GivatShmuel/Base-Aug-2019/GlobusSatProject/..//hal/hcc/lib\libHCCD.a(fat.o)
                0x200238a4                _f_getdirsector
 .text._f_writedirsector
                0x2002392c       0x74 C:/TEVEL/GivatShmuel/Base-Aug-2019/GlobusSatProject/..//hal/hcc/lib\libHCCD.a(fat.o)
                0x2002392c                _f_writedirsector
 .text._f_checknameinv
                0x200239a0      0x180 C:/TEVEL/GivatShmuel/Base-Aug-2019/GlobusSatProject/..//hal/hcc/lib\libHCCD.a(fat.o)
 .text._f_checkname
                0x20023b20       0x7c C:/TEVEL/GivatShmuel/Base-Aug-2019/GlobusSatProject/..//hal/hcc/lib\libHCCD.a(fat.o)
 .text._f_checknamewc
                0x20023b9c       0xf8 C:/TEVEL/GivatShmuel/Base-Aug-2019/GlobusSatProject/..//hal/hcc/lib\libHCCD.a(fat.o)
 .text._f_setnameext
                0x20023c94      0x300 C:/TEVEL/GivatShmuel/Base-Aug-2019/GlobusSatProject/..//hal/hcc/lib\libHCCD.a(fat.o)
 .text._f_setfsname
                0x20023f94      0x584 C:/TEVEL/GivatShmuel/Base-Aug-2019/GlobusSatProject/..//hal/hcc/lib\libHCCD.a(fat.o)
 .text._f_findfile
                0x20024518      0x30c C:/TEVEL/GivatShmuel/Base-Aug-2019/GlobusSatProject/..//hal/hcc/lib\libHCCD.a(fat.o)
 .text._f_cmp_wname
                0x20024824      0x274 C:/TEVEL/GivatShmuel/Base-Aug-2019/GlobusSatProject/..//hal/hcc/lib\libHCCD.a(fat.o)
 .text._f_to_string
                0x20024a98      0x130 C:/TEVEL/GivatShmuel/Base-Aug-2019/GlobusSatProject/..//hal/hcc/lib\libHCCD.a(fat.o)
 .text._f_findfilewc
                0x20024bc8      0x278 C:/TEVEL/GivatShmuel/Base-Aug-2019/GlobusSatProject/..//hal/hcc/lib\libHCCD.a(fat.o)
 .text._f_getfilename
                0x20024e40      0x20c C:/TEVEL/GivatShmuel/Base-Aug-2019/GlobusSatProject/..//hal/hcc/lib\libHCCD.a(fat.o)
 .text._f_findpath
                0x2002504c      0x35c C:/TEVEL/GivatShmuel/Base-Aug-2019/GlobusSatProject/..//hal/hcc/lib\libHCCD.a(fat.o)
 .text.fn_getdcwd
                0x200253a8      0x1e0 C:/TEVEL/GivatShmuel/Base-Aug-2019/GlobusSatProject/..//hal/hcc/lib\libHCCD.a(fat.o)
                0x200253a8                fn_getdcwd
 .text.fn_findfirst
                0x20025588      0x13c C:/TEVEL/GivatShmuel/Base-Aug-2019/GlobusSatProject/..//hal/hcc/lib\libHCCD.a(fat.o)
                0x20025588                fn_findfirst
 .text.fn_findnext
                0x200256c4      0x360 C:/TEVEL/GivatShmuel/Base-Aug-2019/GlobusSatProject/..//hal/hcc/lib\libHCCD.a(fat.o)
                0x200256c4                fn_findnext
 .text.fn_move  0x20025a24      0xad0 C:/TEVEL/GivatShmuel/Base-Aug-2019/GlobusSatProject/..//hal/hcc/lib\libHCCD.a(fat.o)
                0x20025a24                fn_move
 .text.fn_rename
                0x200264f4      0x214 C:/TEVEL/GivatShmuel/Base-Aug-2019/GlobusSatProject/..//hal/hcc/lib\libHCCD.a(fat.o)
                0x200264f4                fn_rename
 .text._f_lock_resfile
                0x20026708       0x6c C:/TEVEL/GivatShmuel/Base-Aug-2019/GlobusSatProject/..//hal/hcc/lib\libHCCD.a(fat.o)
 .text._f_unlock_resfile
                0x20026774       0x40 C:/TEVEL/GivatShmuel/Base-Aug-2019/GlobusSatProject/..//hal/hcc/lib\libHCCD.a(fat.o)
 .text._f_getintfile
                0x200267b4      0x124 C:/TEVEL/GivatShmuel/Base-Aug-2019/GlobusSatProject/..//hal/hcc/lib\libHCCD.a(fat.o)
 .text._f_addentry
                0x200268d8      0x540 C:/TEVEL/GivatShmuel/Base-Aug-2019/GlobusSatProject/..//hal/hcc/lib\libHCCD.a(fat.o)
 .text.fn_filelength
                0x20026e18      0x1cc C:/TEVEL/GivatShmuel/Base-Aug-2019/GlobusSatProject/..//hal/hcc/lib\libHCCD.a(fat.o)
                0x20026e18                fn_filelength
 .text.fn_open_sub
                0x20026fe4     0x1698 C:/TEVEL/GivatShmuel/Base-Aug-2019/GlobusSatProject/..//hal/hcc/lib\libHCCD.a(fat.o)
 .text.fn_open  0x2002867c       0x44 C:/TEVEL/GivatShmuel/Base-Aug-2019/GlobusSatProject/..//hal/hcc/lib\libHCCD.a(fat.o)
                0x2002867c                fn_open
 .text.fn_delete
                0x200286c0      0x490 C:/TEVEL/GivatShmuel/Base-Aug-2019/GlobusSatProject/..//hal/hcc/lib\libHCCD.a(fat.o)
                0x200286c0                fn_delete
 .text.hcc_mem_buf_alloc
                0x20028b50       0xe4 C:/TEVEL/GivatShmuel/Base-Aug-2019/GlobusSatProject/..//hal/hcc/lib\libHCCD.a(psp_hcc_mem.o)
                0x20028b50                hcc_mem_buf_alloc
 .text.hcc_mem_buf_free
                0x20028c34       0x6c C:/TEVEL/GivatShmuel/Base-Aug-2019/GlobusSatProject/..//hal/hcc/lib\libHCCD.a(psp_hcc_mem.o)
                0x20028c34                hcc_mem_buf_free
 .text.makeAntStransfer
                0x20028ca0       0x4c C:/TEVEL/GivatShmuel/Base-Aug-2019/GlobusSatProject/..//satellite-subsystems/satellite-subsystems/lib\libSatelliteSubsystemsD.a(IsisAntS.o)
 .text.checkInputsValid
                0x20028cec       0x7c C:/TEVEL/GivatShmuel/Base-Aug-2019/GlobusSatProject/..//satellite-subsystems/satellite-subsystems/lib\libSatelliteSubsystemsD.a(IsisAntS.o)
 .text.IsisAntS_initialize
                0x20028d68      0x26c C:/TEVEL/GivatShmuel/Base-Aug-2019/GlobusSatProject/..//satellite-subsystems/satellite-subsystems/lib\libSatelliteSubsystemsD.a(IsisAntS.o)
                0x20028d68                IsisAntS_initialize
 .text.IsisAntS_setArmStatus
                0x20028fd4      0x104 C:/TEVEL/GivatShmuel/Base-Aug-2019/GlobusSatProject/..//satellite-subsystems/satellite-subsystems/lib\libSatelliteSubsystemsD.a(IsisAntS.o)
                0x20028fd4                IsisAntS_setArmStatus
 .text.IsisAntS_getStatusData
                0x200290d8      0x120 C:/TEVEL/GivatShmuel/Base-Aug-2019/GlobusSatProject/..//satellite-subsystems/satellite-subsystems/lib\libSatelliteSubsystemsD.a(IsisAntS.o)
                0x200290d8                IsisAntS_getStatusData
 .text.IsisAntS_getUptime
                0x200291f8      0x120 C:/TEVEL/GivatShmuel/Base-Aug-2019/GlobusSatProject/..//satellite-subsystems/satellite-subsystems/lib\libSatelliteSubsystemsD.a(IsisAntS.o)
                0x200291f8                IsisAntS_getUptime
 .text.IsisAntS_getAlltelemetry
                0x20029318      0x120 C:/TEVEL/GivatShmuel/Base-Aug-2019/GlobusSatProject/..//satellite-subsystems/satellite-subsystems/lib\libSatelliteSubsystemsD.a(IsisAntS.o)
                0x20029318                IsisAntS_getAlltelemetry
 .text.IsisAntS_reset
                0x20029438      0x104 C:/TEVEL/GivatShmuel/Base-Aug-2019/GlobusSatProject/..//satellite-subsystems/satellite-subsystems/lib\libSatelliteSubsystemsD.a(IsisAntS.o)
                0x20029438                IsisAntS_reset
 .text.IsisAntS_cancelDeployment
                0x2002953c      0x104 C:/TEVEL/GivatShmuel/Base-Aug-2019/GlobusSatProject/..//satellite-subsystems/satellite-subsystems/lib\libSatelliteSubsystemsD.a(IsisAntS.o)
                0x2002953c                IsisAntS_cancelDeployment
 .text.IsisAntS_autoDeployment
                0x20029640      0x114 C:/TEVEL/GivatShmuel/Base-Aug-2019/GlobusSatProject/..//satellite-subsystems/satellite-subsystems/lib\libSatelliteSubsystemsD.a(IsisAntS.o)
                0x20029640                IsisAntS_autoDeployment
 .text.IsisSolarPanelv2_initialize
                0x20029754       0xb4 C:/TEVEL/GivatShmuel/Base-Aug-2019/GlobusSatProject/..//satellite-subsystems/satellite-subsystems/lib\libSatelliteSubsystemsD.a(IsisSolarPanelv2.o)
                0x20029754                IsisSolarPanelv2_initialize
 .text.IsisSolarPanelv2_getTemperature
                0x20029808       0xc8 C:/TEVEL/GivatShmuel/Base-Aug-2019/GlobusSatProject/..//satellite-subsystems/satellite-subsystems/lib\libSatelliteSubsystemsD.a(IsisSolarPanelv2.o)
                0x20029808                IsisSolarPanelv2_getTemperature
 .text.IsisSolarPanelv2_getState
                0x200298d0       0x24 C:/TEVEL/GivatShmuel/Base-Aug-2019/GlobusSatProject/..//satellite-subsystems/satellite-subsystems/lib\libSatelliteSubsystemsD.a(IsisSolarPanelv2.o)
                0x200298d0                IsisSolarPanelv2_getState
 .text._Reset   0x200298f4       0x20 C:/TEVEL/GivatShmuel/Base-Aug-2019/GlobusSatProject/..//satellite-subsystems/satellite-subsystems/lib\libSatelliteSubsystemsD.a(IsisSolarPanelv2.o)
 .text._WaitForStartup
                0x20029914       0x90 C:/TEVEL/GivatShmuel/Base-Aug-2019/GlobusSatProject/..//satellite-subsystems/satellite-subsystems/lib\libSatelliteSubsystemsD.a(IsisSolarPanelv2.o)
 .text._AssignAllChannels
                0x200299a4       0x90 C:/TEVEL/GivatShmuel/Base-Aug-2019/GlobusSatProject/..//satellite-subsystems/satellite-subsystems/lib\libSatelliteSubsystemsD.a(IsisSolarPanelv2.o)
 .text._AssignThisChannel
                0x20029a34       0xe8 C:/TEVEL/GivatShmuel/Base-Aug-2019/GlobusSatProject/..//satellite-subsystems/satellite-subsystems/lib\libSatelliteSubsystemsD.a(IsisSolarPanelv2.o)
 .text._InitiateConversion
                0x20029b1c       0xac C:/TEVEL/GivatShmuel/Base-Aug-2019/GlobusSatProject/..//satellite-subsystems/satellite-subsystems/lib\libSatelliteSubsystemsD.a(IsisSolarPanelv2.o)
 .text._WaitForConversionComplete