Archive member included because of file (symbol)

c:/isis/application/toolchain/bin/../lib/gcc/arm-none-eabi/4.7.4/../../../../arm-none-eabi/lib\libc_s.a(lib_a-vfprintf_float.o)
                              (_printf_float)
c:/isis/application/toolchain/bin/../lib/gcc/arm-none-eabi/4.7.4/../../../../arm-none-eabi/lib\libc_s.a(lib_a-vfprintf_i.o)
                              c:/isis/application/toolchain/bin/../lib/gcc/arm-none-eabi/4.7.4/../../../../arm-none-eabi/lib\libc_s.a(lib_a-vfprintf_float.o) (_printf_common)
c:/isis/application/toolchain/bin/../lib/gcc/arm-none-eabi/4.7.4/../../../../arm-none-eabi/lib\libc_s.a(lib_a-vfscanf_float.o)
                              (_scanf_float)
c:/isis/application/toolchain/bin/../lib/gcc/arm-none-eabi/4.7.4/../../../../arm-none-eabi/lib\libc_s.a(lib_a-dtoa.o)
                              c:/isis/application/toolchain/bin/../lib/gcc/arm-none-eabi/4.7.4/../../../../arm-none-eabi/lib\libc_s.a(lib_a-vfprintf_float.o) (_dtoa_r)
c:/isis/application/toolchain/bin/../lib/gcc/arm-none-eabi/4.7.4/../../../../arm-none-eabi/lib\libc_s.a(lib_a-locale.o)
                              c:/isis/application/toolchain/bin/../lib/gcc/arm-none-eabi/4.7.4/../../../../arm-none-eabi/lib\libc_s.a(lib_a-vfprintf_float.o) (_localeconv_r)
c:/isis/application/toolchain/bin/../lib/gcc/arm-none-eabi/4.7.4/../../../../arm-none-eabi/lib\libc_s.a(lib_a-malloc.o)
                              c:/isis/application/toolchain/bin/../lib/gcc/arm-none-eabi/4.7.4/../../../../arm-none-eabi/lib\libc_s.a(lib_a-dtoa.o) (malloc)
c:/isis/application/toolchain/bin/../lib/gcc/arm-none-eabi/4.7.4/../../../../arm-none-eabi/lib\libc_s.a(lib_a-mallocr.o)
                              c:/isis/application/toolchain/bin/../lib/gcc/arm-none-eabi/4.7.4/../../../../arm-none-eabi/lib\libc_s.a(lib_a-malloc.o) (_malloc_r)
c:/isis/application/toolchain/bin/../lib/gcc/arm-none-eabi/4.7.4/../../../../arm-none-eabi/lib\libc_s.a(lib_a-memcpy.o)
                              c:/isis/application/toolchain/bin/../lib/gcc/arm-none-eabi/4.7.4/../../../../arm-none-eabi/lib\libc_s.a(lib_a-dtoa.o) (memcpy)
c:/isis/application/toolchain/bin/../lib/gcc/arm-none-eabi/4.7.4/../../../../arm-none-eabi/lib\libc_s.a(lib_a-mprec.o)
                              c:/isis/application/toolchain/bin/../lib/gcc/arm-none-eabi/4.7.4/../../../../arm-none-eabi/lib\libc_s.a(lib_a-dtoa.o) (_Balloc)
c:/isis/application/toolchain/bin/../lib/gcc/arm-none-eabi/4.7.4/../../../../arm-none-eabi/lib\libc_s.a(lib_a-s_fpclassify.o)
                              c:/isis/application/toolchain/bin/../lib/gcc/arm-none-eabi/4.7.4/../../../../arm-none-eabi/lib\libc_s.a(lib_a-vfprintf_float.o) (__fpclassifyd)
c:/isis/application/toolchain/bin/../lib/gcc/arm-none-eabi/4.7.4/../../../../arm-none-eabi/lib\libc_s.a(lib_a-sbrkr.o)
                              c:/isis/application/toolchain/bin/../lib/gcc/arm-none-eabi/4.7.4/../../../../arm-none-eabi/lib\libc_s.a(lib_a-mallocr.o) (_sbrk_r)
c:/isis/application/toolchain/bin/../lib/gcc/arm-none-eabi/4.7.4/../../../../arm-none-eabi/lib\libc_s.a(lib_a-sf_nan.o)
                              c:/isis/application/toolchain/bin/../lib/gcc/arm-none-eabi/4.7.4/../../../../arm-none-eabi/lib\libc_s.a(lib_a-vfscanf_float.o) (nanf)
c:/isis/application/toolchain/bin/../lib/gcc/arm-none-eabi/4.7.4/../../../../arm-none-eabi/lib\libc_s.a(lib_a-sprintf.o)
                              c:/isis/application/toolchain/bin/../lib/gcc/arm-none-eabi/4.7.4/../../../../arm-none-eabi/lib\libc_s.a(lib_a-vfscanf_float.o) (sprintf)
c:/isis/application/toolchain/bin/../lib/gcc/arm-none-eabi/4.7.4/../../../../arm-none-eabi/lib\libc_s.a(lib_a-strcmp.o)
                              c:/isis/application/toolchain/bin/../lib/gcc/arm-none-eabi/4.7.4/../../../../arm-none-eabi/lib\libc_s.a(lib_a-locale.o) (strcmp)
c:/isis/application/toolchain/bin/../lib/gcc/arm-none-eabi/4.7.4/../../../../arm-none-eabi/lib\libc_s.a(lib_a-strlen.o)
                              c:/isis/application/toolchain/bin/../lib/gcc/arm-none-eabi/4.7.4/../../../../arm-none-eabi/lib\libc_s.a(lib_a-vfprintf_float.o) (strlen)
c:/isis/application/toolchain/bin/../lib/gcc/arm-none-eabi/4.7.4/../../../../arm-none-eabi/lib\libc_s.a(lib_a-strtod.o)
                              c:/isis/application/toolchain/bin/../lib/gcc/arm-none-eabi/4.7.4/../../../../arm-none-eabi/lib\libc_s.a(lib_a-vfscanf_float.o) (_strtod_r)
c:/isis/application/toolchain/bin/../lib/gcc/arm-none-eabi/4.7.4/../../../../arm-none-eabi/lib\libc_s.a(lib_a-strtol.o)
                              c:/isis/application/toolchain/bin/../lib/gcc/arm-none-eabi/4.7.4/../../../../arm-none-eabi/lib\libc_s.a(lib_a-vfscanf_float.o) (_strtol_r)
c:/isis/application/toolchain/bin/../lib/gcc/arm-none-eabi/4.7.4/../../../../arm-none-eabi/lib\libc_s.a(lib_a-svfprintf.o)
                              c:/isis/application/toolchain/bin/../lib/gcc/arm-none-eabi/4.7.4/../../../../arm-none-eabi/lib\libc_s.a(lib_a-sprintf.o) (_svfprintf_r)
[...]
Memory Configuration

Name             Origin             Length             Attributes
sram0            0x00200000         0x00004000         w !xr
sram1            0x00300000         0x00004000         w !xr
sdram            0x20000000         0x02000000         w !xr
*default*        0x00000000         0xffffffff

Linker script and memory map

LOAD c:/isis/application/toolchain/bin/../lib/gcc/arm-none-eabi/4.7.4/../../../../arm-none-eabi/lib\libc_s.a
LOAD ./src/TestingDemos/CommandsTestingDemo.o
LOAD ./src/TestingDemos/EpsTestingDemo.o
LOAD ./src/TestingDemos/FileSystemTestingDemo.o
LOAD ./src/TestingDemos/MainTest.o
LOAD ./src/TestingDemos/MaintenanceTestingDemo.o
LOAD ./src/TestingDemos/TelemetryTestingDemo.o
LOAD ./src/TestingDemos/TrxvuTestingDemo.o
LOAD ./src/SubSystemModules/PowerManagment/EPS.o
LOAD ./src/SubSystemModules/PowerManagment/EPSOperationModes.o
LOAD ./src/SubSystemModules/Maintenance/Maintenance.o
LOAD ./src/SubSystemModules/Housekepping/Dump.o
LOAD ./src/SubSystemModules/Housekepping/TelemetryCollector.o
LOAD ./src/SubSystemModules/Communication/SubsystemCommands/EPS_Commands.o
LOAD ./src/SubSystemModules/Communication/SubsystemCommands/FS_Commands.o
LOAD ./src/SubSystemModules/Communication/SubsystemCommands/Maintanence_Commands.o
LOAD ./src/SubSystemModules/Communication/SubsystemCommands/TRXVU_Commands.o
LOAD ./src/SubSystemModules/Communication/AckHandler.o
LOAD ./src/SubSystemModules/Communication/ActUponCommand.o
LOAD ./src/SubSystemModules/Communication/Beacon.o
LOAD ./src/SubSystemModules/Communication/CommandDictionary.o
LOAD ./src/SubSystemModules/Communication/SatCommandHandler.o
LOAD ./src/SubSystemModules/Communication/SatDataTx.o
LOAD ./src/SubSystemModules/Communication/TRXVU.o
LOAD ./src/InitSystem.o
LOAD ./src/TLM_management.o
LOAD ./src/main.o
LOAD C:/Users/USER/Documents/GitHub/Base-Aug-2019/GlobusSatProject/..//hal/hal/lib\libHALD.a
LOAD C:/Users/USER/Documents/GitHub/Base-Aug-2019/GlobusSatProject/..//hal/hcc/lib\libHCCD.a
LOAD C:/ISIS/workspace/satellite-subsystems/satellite-subsystems/lib\libSatelliteSubsystemsD.a
LOAD C:/Users/USER/Documents/GitHub/Base-Aug-2019/GlobusSatProject/..//hal/freertos/lib\libFreeRTOSD.a
LOAD C:/Users/USER/Documents/GitHub/Base-Aug-2019/GlobusSatProject/..//hal/at91/lib\libAt91D.a
START GROUP
LOAD c:/isis/application/toolchain/bin/../lib/gcc/arm-none-eabi/4.7.4\libgcc.a
LOAD c:/isis/application/toolchain/bin/../lib/gcc/arm-none-eabi/4.7.4/../../../../arm-none-eabi/lib\libc_s.a
END GROUP

.fixed          0x20000000    0x34320
                0x20000000                . = ALIGN (0x4)
                0x20000000                _sfixed = .
 *(.startup)
 .startup       0x20000000      0x134 C:/Users/USER/Documents/GitHub/Base-Aug-2019/GlobusSatProject/..//hal/at91/lib\libAt91D.a(board_cstartup.o)
                0x20000000                entry
 *(.text)
 .text          0x20000134       0x64 C:/Users/USER/Documents/GitHub/Base-Aug-2019/GlobusSatProject/..//hal/at91/lib\libAt91D.a(cp15_asm.o)
                0x20000134                _readControlRegister
                0x20000140                _writeControlRegister
                0x20000148                _waitForInterrupt
                0x20000154                _writeTTB
                0x2000015c                _writeDomain
                0x20000164                _writeITLBLockdown
                0x2000016c                _prefetchICacheLine
                0x20000174                _flushDCache
                0x20000180                _flushWriteBuffer
                0x2000018c                _invalidateIDTLBs
 .text          0x20000198      0x114 c:/isis/application/toolchain/bin/../lib/gcc/arm-none-eabi/4.7.4\libgcc.a(_udivsi3.o)
                0x20000198                __aeabi_uidiv
                0x20000198                __udivsi3
                0x2000028c                __aeabi_uidivmod
 .text          0x200002ac      0x148 c:/isis/application/toolchain/bin/../lib/gcc/arm-none-eabi/4.7.4\libgcc.a(_divsi3.o)
                0x200002ac                __divsi3
                0x200002ac                __aeabi_idiv
                0x200003d4                __aeabi_idivmod
 .text          0x200003f4        0x4 c:/isis/application/toolchain/bin/../lib/gcc/arm-none-eabi/4.7.4\libgcc.a(_dvmd_tls.o)
                0x200003f4                __aeabi_idiv0
                0x200003f4                __aeabi_ldiv0
 .text          0x200003f8      0x41c c:/isis/application/toolchain/bin/../lib/gcc/arm-none-eabi/4.7.4\libgcc.a(_arm_addsubdf3.o)
                0x200003f8                __aeabi_drsub
                0x20000400                __aeabi_dsub
                0x20000400                __subdf3
                0x20000404                __aeabi_dadd
                0x20000404                __adddf3
                0x20000714                __floatunsidf
                0x20000714                __aeabi_ui2d
                0x20000738                __floatsidf
                0x20000738                __aeabi_i2d
                0x20000760                __aeabi_f2d
                0x20000760                __extendsfdf2
                0x200007a0                __floatundidf
                0x200007a0                __aeabi_ul2d
                0x200007b4                __floatdidf
                0x200007b4                __aeabi_l2d
 .text          0x20000814      0x49c c:/isis/application/toolchain/bin/../lib/gcc/arm-none-eabi/4.7.4\libgcc.a(_arm_muldivdf3.o)
                0x20000814                __aeabi_dmul
                0x20000814                __muldf3
                0x20000aa4                __divdf3
                0x20000aa4                __aeabi_ddiv
 .text          0x20000cb0      0x144 c:/isis/application/toolchain/bin/../lib/gcc/arm-none-eabi/4.7.4\libgcc.a(_arm_cmpdf2.o)
                0x20000cb0                __gtdf2
                0x20000cb0                __gedf2
                0x20000cb8                __ltdf2
                0x20000cb8                __ledf2
                0x20000cc0                __nedf2
                0x20000cc0                __eqdf2
                0x20000cc0                __cmpdf2
                0x20000d48                __aeabi_cdrcmple
                0x20000d64                __aeabi_cdcmpeq
                0x20000d64                __aeabi_cdcmple
                0x20000d7c                __aeabi_dcmpeq
                0x20000d94                __aeabi_dcmplt
                0x20000dac                __aeabi_dcmple
                0x20000dc4                __aeabi_dcmpge
                0x20000ddc                __aeabi_dcmpgt
 .text          0x20000df4       0x5c c:/isis/application/toolchain/bin/../lib/gcc/arm-none-eabi/4.7.4\libgcc.a(_arm_fixdfsi.o)
                0x20000df4                __aeabi_d2iz
                0x20000df4                __fixdfsi
 .text          0x20000e50       0x54 c:/isis/application/toolchain/bin/../lib/gcc/arm-none-eabi/4.7.4\libgcc.a(_arm_fixunsdfsi.o)
                0x20000e50                __aeabi_d2uiz
                0x20000e50                __fixunsdfsi
 .text          0x20000ea4       0xa0 c:/isis/application/toolchain/bin/../lib/gcc/arm-none-eabi/4.7.4\libgcc.a(_arm_truncdfsf2.o)
                0x20000ea4                __truncdfsf2
                0x20000ea4                __aeabi_d2f
 .text          0x20000f44      0x2ac c:/isis/application/toolchain/bin/../lib/gcc/arm-none-eabi/4.7.4\libgcc.a(_arm_addsubsf3.o)
                0x20000f44                __aeabi_frsub
                0x20000f4c                __subsf3
                0x20000f4c                __aeabi_fsub
                0x20000f50                __aeabi_fadd
                0x20000f50                __addsf3
                0x2000110c                __aeabi_ui2f
                0x2000110c                __floatunsisf
                0x20001114                __aeabi_i2f
                0x20001114                __floatsisf
                0x20001134                __aeabi_ul2f
                0x20001134                __floatundisf
                0x20001144                __aeabi_l2f
                0x20001144                __floatdisf
 .text          0x200011f0      0x2f8 c:/isis/application/toolchain/bin/../lib/gcc/arm-none-eabi/4.7.4\libgcc.a(_arm_muldivsf3.o)
                0x200011f0                __mulsf3
                0x200011f0                __aeabi_fmul
                0x20001388                __aeabi_fdiv
                0x20001388                __divsf3
 .text          0x200014e8      0x114 c:/isis/application/toolchain/bin/../lib/gcc/arm-none-eabi/4.7.4\libgcc.a(_arm_cmpsf2.o)
                0x200014e8                __gesf2
                0x200014e8                __gtsf2
                0x200014f0                __lesf2
                0x200014f0                __ltsf2
                0x200014f8                __nesf2
                0x200014f8                __eqsf2
                0x200014f8                __cmpsf2
                0x2000155c                __aeabi_cfrcmple
                0x2000156c                __aeabi_cfcmpeq
                0x2000156c                __aeabi_cfcmple
                0x20001584                __aeabi_fcmpeq
                0x2000159c                __aeabi_fcmplt
                0x200015b4                __aeabi_fcmple
                0x200015cc                __aeabi_fcmpge
                0x200015e4                __aeabi_fcmpgt
 .text          0x200015fc       0x54 c:/isis/application/toolchain/bin/../lib/gcc/arm-none-eabi/4.7.4\libgcc.a(_arm_fixunssfsi.o)
                0x200015fc                __fixunssfsi
                0x200015fc                __aeabi_f2uiz
 *(.text*)
 .text.__cvt    0x20001650      0x138 c:/isis/application/toolchain/bin/../lib/gcc/arm-none-eabi/4.7.4/../../../../arm-none-eabi/lib\libc_s.a(lib_a-vfprintf_float.o)
                0x20001650                __cvt
 .text.__exponent
                0x20001788       0xa8 c:/isis/application/toolchain/bin/../lib/gcc/arm-none-eabi/4.7.4/../../../../arm-none-eabi/lib\libc_s.a(lib_a-vfprintf_float.o)
                0x20001788                __exponent
 .text._printf_float
                0x20001830      0x7dc c:/isis/application/toolchain/bin/../lib/gcc/arm-none-eabi/4.7.4/../../../../arm-none-eabi/lib\libc_s.a(lib_a-vfprintf_float.o)
                0x20001830                _printf_float
 .text._printf_common
                0x2000200c      0x174 c:/isis/application/toolchain/bin/../lib/gcc/arm-none-eabi/4.7.4/../../../../arm-none-eabi/lib\libc_s.a(lib_a-vfprintf_i.o)
                0x2000200c                _printf_common
 .text._printf_i
                0x20002180      0x3c4 c:/isis/application/toolchain/bin/../lib/gcc/arm-none-eabi/4.7.4/../../../../arm-none-eabi/lib\libc_s.a(lib_a-vfprintf_i.o)
                0x20002180                _printf_i
 .text._scanf_float
                0x20002544      0x5f4 c:/isis/application/toolchain/bin/../lib/gcc/arm-none-eabi/4.7.4/../../../../arm-none-eabi/lib\libc_s.a(lib_a-vfscanf_float.o)
                0x20002544                _scanf_float
 .text.quorem   0x20002b38      0x1ac c:/isis/application/toolchain/bin/../lib/gcc/arm-none-eabi/4.7.4/../../../../arm-none-eabi/lib\libc_s.a(lib_a-dtoa.o)
 .text._dtoa_r  0x20002ce4     0x1268 c:/isis/application/toolchain/bin/../lib/gcc/arm-none-eabi/4.7.4/../../../../arm-none-eabi/lib\libc_s.a(lib_a-dtoa.o)
                0x20002ce4                _dtoa_r
 .text._localeconv_r
                0x20003f4c        0xc c:/isis/application/toolchain/bin/../lib/gcc/arm-none-eabi/4.7.4/../../../../arm-none-eabi/lib\libc_s.a(lib_a-locale.o)
                0x20003f4c                _localeconv_r
 .text.malloc   0x20003f58       0x20 c:/isis/application/toolchain/bin/../lib/gcc/arm-none-eabi/4.7.4/../../../../arm-none-eabi/lib\libc_s.a(lib_a-malloc.o)
                0x20003f58                malloc
 .text.free     0x20003f78       0x20 c:/isis/application/toolchain/bin/../lib/gcc/arm-none-eabi/4.7.4/../../../../arm-none-eabi/lib\libc_s.a(lib_a-malloc.o)
                0x20003f78                free
 .text._malloc_r
                0x20003f98       0xfc c:/isis/application/toolchain/bin/../lib/gcc/arm-none-eabi/4.7.4/../../../../arm-none-eabi/lib\libc_s.a(lib_a-mallocr.o)
                0x20003f98                _malloc_r
 .text.memcpy   0x20004094       0x20 c:/isis/application/toolchain/bin/../lib/gcc/arm-none-eabi/4.7.4/../../../../arm-none-eabi/lib\libc_s.a(lib_a-memcpy.o)
                0x20004094                memcpy
 .text._Balloc  0x200040b4       0xcc c:/isis/application/toolchain/bin/../lib/gcc/arm-none-eabi/4.7.4/../../../../arm-none-eabi/lib\libc_s.a(lib_a-mprec.o)
                0x200040b4                _Balloc
 .text._Bfree   0x20004180       0x5c c:/isis/application/toolchain/bin/../lib/gcc/arm-none-eabi/4.7.4/../../../../arm-none-eabi/lib\libc_s.a(lib_a-mprec.o)
                0x20004180                _Bfree
 .text.__multadd
                0x200041dc       0xbc c:/isis/application/toolchain/bin/../lib/gcc/arm-none-eabi/4.7.4/../../../../arm-none-eabi/lib\libc_s.a(lib_a-mprec.o)
                0x200041dc                __multadd
 .text.__s2b    0x20004298       0xd8 c:/isis/application/toolchain/bin/../lib/gcc/arm-none-eabi/4.7.4/../../../../arm-none-eabi/lib\libc_s.a(lib_a-mprec.o)
                0x20004298                __s2b
 .text.__hi0bits
                0x20004370       0x58 c:/isis/application/toolchain/bin/../lib/gcc/arm-none-eabi/4.7.4/../../../../arm-none-eabi/lib\libc_s.a(lib_a-mprec.o)
                0x20004370                __hi0bits
 .text.__lo0bits
                0x200043c8       0x94 c:/isis/application/toolchain/bin/../lib/gcc/arm-none-eabi/4.7.4/../../../../arm-none-eabi/lib\libc_s.a(lib_a-mprec.o)
                0x200043c8                __lo0bits
 .text.__i2b    0x2000445c       0x24 c:/isis/application/toolchain/bin/../lib/gcc/arm-none-eabi/4.7.4/../../../../arm-none-eabi/lib\libc_s.a(lib_a-mprec.o)
                0x2000445c                __i2b
 .text.__multiply
                0x20004480      0x1ac c:/isis/application/toolchain/bin/../lib/gcc/arm-none-eabi/4.7.4/../../../../arm-none-eabi/lib\libc_s.a(lib_a-mprec.o)
                0x20004480                __multiply
 .text.__pow5mult
                0x2000462c      0x10c c:/isis/application/toolchain/bin/../lib/gcc/arm-none-eabi/4.7.4/../../../../arm-none-eabi/lib\libc_s.a(lib_a-mprec.o)
                0x2000462c                __pow5mult
 .text.__lshift
                0x20004738       0xf0 c:/isis/application/toolchain/bin/../lib/gcc/arm-none-eabi/4.7.4/../../../../arm-none-eabi/lib\libc_s.a(lib_a-mprec.o)
                0x20004738                __lshift
 .text.__mcmp   0x20004828       0x60 c:/isis/application/toolchain/bin/../lib/gcc/arm-none-eabi/4.7.4/../../../../arm-none-eabi/lib\libc_s.a(lib_a-mprec.o)
                0x20004828                __mcmp
 .text.__mdiff  0x20004888      0x128 c:/isis/application/toolchain/bin/../lib/gcc/arm-none-eabi/4.7.4/../../../../arm-none-eabi/lib\libc_s.a(lib_a-mprec.o)
                0x20004888                __mdiff
 .text.__ulp    0x200049b0       0x5c c:/isis/application/toolchain/bin/../lib/gcc/arm-none-eabi/4.7.4/../../../../arm-none-eabi/lib\libc_s.a(lib_a-mprec.o)
                0x200049b0                __ulp
 .text.__b2d    0x20004a0c       0xc8 c:/isis/application/toolchain/bin/../lib/gcc/arm-none-eabi/4.7.4/../../../../arm-none-eabi/lib\libc_s.a(lib_a-mprec.o)
                0x20004a0c                __b2d
 .text.__d2b    0x20004ad4       0xfc c:/isis/application/toolchain/bin/../lib/gcc/arm-none-eabi/4.7.4/../../../../arm-none-eabi/lib\libc_s.a(lib_a-mprec.o)
                0x20004ad4                __d2b
 .text.__ratio  0x20004bd0       0x70 c:/isis/application/toolchain/bin/../lib/gcc/arm-none-eabi/4.7.4/../../../../arm-none-eabi/lib\libc_s.a(lib_a-mprec.o)
                0x20004bd0                __ratio
 .text.__copybits
                0x20004c40       0x4c c:/isis/application/toolchain/bin/../lib/gcc/arm-none-eabi/4.7.4/../../../../arm-none-eabi/lib\libc_s.a(lib_a-mprec.o)
                0x20004c40                __copybits
 .text.__any_on
                0x20004c8c       0x7c c:/isis/application/toolchain/bin/../lib/gcc/arm-none-eabi/4.7.4/../../../../arm-none-eabi/lib\libc_s.a(lib_a-mprec.o)
                0x20004c8c                __any_on
 .text.__fpclassifyd
                0x20004d08       0x6c c:/isis/application/toolchain/bin/../lib/gcc/arm-none-eabi/4.7.4/../../../../arm-none-eabi/lib\libc_s.a(lib_a-s_fpclassify.o)
                0x20004d08                __fpclassifyd
 .text._sbrk_r  0x20004d74       0x3c c:/isis/application/toolchain/bin/../lib/gcc/arm-none-eabi/4.7.4/../../../../arm-none-eabi/lib\libc_s.a(lib_a-sbrkr.o)
                0x20004d74                _sbrk_r
 .text.nanf     0x20004db0        0xc c:/isis/application/toolchain/bin/../lib/gcc/arm-none-eabi/4.7.4/../../../../arm-none-eabi/lib\libc_s.a(lib_a-sf_nan.o)
                0x20004db0                nanf
 .text.sprintf  0x20004dbc       0x6c c:/isis/application/toolchain/bin/../lib/gcc/arm-none-eabi/4.7.4/../../../../arm-none-eabi/lib\libc_s.a(lib_a-sprintf.o)
                0x20004dbc                siprintf
                0x20004dbc                sprintf
 .text.strcmp   0x20004e28       0x1c c:/isis/application/toolchain/bin/../lib/gcc/arm-none-eabi/4.7.4/../../../../arm-none-eabi/lib\libc_s.a(lib_a-strcmp.o)
                0x20004e28                strcmp
 .text.strlen   0x20004e44       0x1c c:/isis/application/toolchain/bin/../lib/gcc/arm-none-eabi/4.7.4/../../../../arm-none-eabi/lib\libc_s.a(lib_a-strlen.o)
                0x20004e44                strlen
 .text.match    0x20004e60       0x54 c:/isis/application/toolchain/bin/../lib/gcc/arm-none-eabi/4.7.4/../../../../arm-none-eabi/lib\libc_s.a(lib_a-strtod.o)
 .text._strtod_r
                0x20004eb4     0x1168 c:/isis/application/toolchain/bin/../lib/gcc/arm-none-eabi/4.7.4/../../../../arm-none-eabi/lib\libc_s.a(lib_a-strtod.o)
                0x20004eb4                _strtod_r
 .text._strtol_r
                0x2000601c      0x1b8 c:/isis/application/toolchain/bin/../lib/gcc/arm-none-eabi/4.7.4/../../../../arm-none-eabi/lib\libc_s.a(lib_a-strtol.o)
                0x2000601c                _strtol_r
 .text.__ssputc_r
                0x200061d4      0x10c c:/isis/application/toolchain/bin/../lib/gcc/arm-none-eabi/4.7.4/../../../../arm-none-eabi/lib\libc_s.a(lib_a-svfprintf.o)
                0x200061d4                __ssputc_r
 .text._svfprintf_r
                0x200062e0      0x328 c:/isis/application/toolchain/bin/../lib/gcc/arm-none-eabi/4.7.4/../../../../arm-none-eabi/lib\libc_s.a(lib_a-svfprintf.o)
                0x200062e0                _svfiprintf_r
                0x200062e0                _svfprintf_r
 .text._calloc_r
                0x20006608       0x2c c:/isis/application/toolchain/bin/../lib/gcc/arm-none-eabi/4.7.4/../../../../arm-none-eabi/lib\libc_s.a(lib_a-callocr.o)
                0x20006608                _calloc_r
 .text._free_r  0x20006634      0x108 c:/isis/application/toolchain/bin/../lib/gcc/arm-none-eabi/4.7.4/../../../../arm-none-eabi/lib\libc_s.a(lib_a-freer.o)
                0x20006634                _free_r
 .text.rshift   0x2000673c       0xb0 c:/isis/application/toolchain/bin/../lib/gcc/arm-none-eabi/4.7.4/../../../../arm-none-eabi/lib\libc_s.a(lib_a-gdtoa-gethex.o)
 .text.htinit.constprop.0
                0x200067ec       0x34 c:/isis/application/toolchain/bin/../lib/gcc/arm-none-eabi/4.7.4/../../../../arm-none-eabi/lib\libc_s.a(lib_a-gdtoa-gethex.o)
 .text.__hexdig_init
                0x20006820       0x38 c:/isis/application/toolchain/bin/../lib/gcc/arm-none-eabi/4.7.4/../../../../arm-none-eabi/lib\libc_s.a(lib_a-gdtoa-gethex.o)
                0x20006820                __hexdig_init
 .text.__gethex
                0x20006858      0x6cc c:/isis/application/toolchain/bin/../lib/gcc/arm-none-eabi/4.7.4/../../../../arm-none-eabi/lib\libc_s.a(lib_a-gdtoa-gethex.o)
                0x20006858                __gethex
 .text.L_shift  0x20006f24       0x38 c:/isis/application/toolchain/bin/../lib/gcc/arm-none-eabi/4.7.4/../../../../arm-none-eabi/lib\libc_s.a(lib_a-gdtoa-hexnan.o)
 .text.__hexnan
                0x20006f5c      0x1d8 c:/isis/application/toolchain/bin/../lib/gcc/arm-none-eabi/4.7.4/../../../../arm-none-eabi/lib\libc_s.a(lib_a-gdtoa-hexnan.o)
                0x20006f5c                __hexnan
 .text.memchr   0x20007134       0x34 c:/isis/application/toolchain/bin/../lib/gcc/arm-none-eabi/4.7.4/../../../../arm-none-eabi/lib\libc_s.a(lib_a-memchr.o)
                0x20007134                memchr
 .text.memset   0x20007168       0x1c c:/isis/application/toolchain/bin/../lib/gcc/arm-none-eabi/4.7.4/../../../../arm-none-eabi/lib\libc_s.a(lib_a-memset.o)
                0x20007168                memset
 .text._realloc_r
                0x20007184       0x80 c:/isis/application/toolchain/bin/../lib/gcc/arm-none-eabi/4.7.4/../../../../arm-none-eabi/lib\libc_s.a(lib_a-reallocr.o)
                0x20007184                _realloc_r
 .text.strncmp  0x20007204       0x64 c:/isis/application/toolchain/bin/../lib/gcc/arm-none-eabi/4.7.4/../../../../arm-none-eabi/lib\libc_s.a(lib_a-strncmp.o)
                0x20007204                strncmp
 .text._malloc_usable_size_r
                0x20007268       0x1c c:/isis/application/toolchain/bin/../lib/gcc/arm-none-eabi/4.7.4/../../../../arm-none-eabi/lib\libc_s.a(lib_a-msizer.o)
                0x20007268                _malloc_usable_size_r
 .text.TestActUponCommand
                0x20007284      0x118 ./src/TestingDemos/CommandsTestingDemo.o
                0x20007284                TestActUponCommand
 .text.TestAssmbleCommand
                0x2000739c      0x1a8 ./src/TestingDemos/CommandsTestingDemo.o
                0x2000739c                TestAssmbleCommand
 .text.TestGetDelayedCommand
                0x20007544       0xa4 ./src/TestingDemos/CommandsTestingDemo.o
                0x20007544                TestGetDelayedCommand
 .text.TestAddDelayedCommand
                0x200075e8       0xd4 ./src/TestingDemos/CommandsTestingDemo.o
                0x200075e8                TestAddDelayedCommand
 .text.TestGetDelayedCommandBufferCount
                0x200076bc       0x58 ./src/TestingDemos/CommandsTestingDemo.o
                0x200076bc                TestGetDelayedCommandBufferCount
 .text.TestGetOnlineCommand
                0x20007714       0xcc ./src/TestingDemos/CommandsTestingDemo.o
                0x20007714                TestGetOnlineCommand
 .text.TestDeleteDelayedCommandByIndex
                0x200077e0      0x1c8 ./src/TestingDemos/CommandsTestingDemo.o
                0x200077e0                TestDeleteDelayedCommandByIndex
 .text.TestDeleteDelayedBuffer
                0x200079a8      0x14c ./src/TestingDemos/CommandsTestingDemo.o
                0x200079a8                TestDeleteDelayedBuffer
 .text.selectAndExecuteCommandsDemoTest
                0x20007af4      0x170 ./src/TestingDemos/CommandsTestingDemo.o
                0x20007af4                selectAndExecuteCommandsDemoTest
 .text.MainCommandsTestBench
                0x20007c64       0x44 ./src/TestingDemos/CommandsTestingDemo.o
                0x20007c64                MainCommandsTestBench
 .text.TestEpsConditioning
                0x20007ca8      0x1e8 ./src/TestingDemos/EpsTestingDemo.o
                0x20007ca8                TestEpsConditioning
 .text.TestGetBatteryVoltage
                0x20007e90       0x64 ./src/TestingDemos/EpsTestingDemo.o
                0x20007e90                TestGetBatteryVoltage
 .text.TestUpdateThreshVoltages
                0x20007ef4      0x170 ./src/TestingDemos/EpsTestingDemo.o
                0x20007ef4                TestUpdateThreshVoltages
 .text.TestGetThreshVoltages
                0x20008064       0xb0 ./src/TestingDemos/EpsTestingDemo.o
                0x20008064                TestGetThreshVoltages
 .text.TestUpdateAlpha
                0x20008114       0xd0 ./src/TestingDemos/EpsTestingDemo.o
                0x20008114                TestUpdateAlpha
 .text.TestGetAlpha
                0x200081e4       0x78 ./src/TestingDemos/EpsTestingDemo.o
                0x200081e4                TestGetAlpha
 .text.TestRestoreDefaultAlpha
                0x2000825c       0xfc ./src/TestingDemos/EpsTestingDemo.o
                0x2000825c                TestRestoreDefaultAlpha
 .text.TestRestoreDefaultThresholdVoltages
                0x20008358      0x154 ./src/TestingDemos/EpsTestingDemo.o
                0x20008358                TestRestoreDefaultThresholdVoltages
 .text.selectAndExecuteEpsDemoTest
                0x200084ac      0x174 ./src/TestingDemos/EpsTestingDemo.o
                0x200084ac                selectAndExecuteEpsDemoTest
 .text.MainEpsTestBench
                0x20008620       0x40 ./src/TestingDemos/EpsTestingDemo.o
                0x20008620                MainEpsTestBench
 .text.MainFileSystemTestBench
                0x20008660       0x1c ./src/TestingDemos/FileSystemTestingDemo.o
                0x20008660                MainFileSystemTestBench
 .text.selectAndExecuteTest
                0x2000867c      0x164 ./src/TestingDemos/MainTest.o
                0x2000867c                selectAndExecuteTest
 .text.taskTesting
                0x200087e0       0x28 ./src/TestingDemos/MainTest.o
                0x200087e0                taskTesting
 .text.selectAndExecuteMaintenanceDemoTest
                0x20008808      0x15c ./src/TestingDemos/MaintenanceTestingDemo.o
                0x20008808                selectAndExecuteMaintenanceDemoTest
 .text.MainMaintenanceTestBench
                0x20008964       0x40 ./src/TestingDemos/MaintenanceTestingDemo.o
                0x20008964                MainMaintenanceTestBench
 .text.MainTelemetryTestBench
                0x200089a4       0x1c ./src/TestingDemos/TelemetryTestingDemo.o
                0x200089a4                MainTelemetryTestBench
 .text.TestInitTrxvu
                0x200089c0       0x54 ./src/TestingDemos/TrxvuTestingDemo.o
                0x200089c0                TestInitTrxvu
 .text.TestInitTrxvuWithDifferentFrameLengths
                0x20008a14      0x134 ./src/TestingDemos/TrxvuTestingDemo.o
                0x20008a14                TestInitTrxvuWithDifferentFrameLengths
 .text.TestTrxvuLogic
                0x20008b48       0xd8 ./src/TestingDemos/TrxvuTestingDemo.o
                0x20008b48                TestTrxvuLogic
 .text.TestCheckTransmitionAllowed
                0x20008c20       0xa4 ./src/TestingDemos/TrxvuTestingDemo.o
                0x20008c20                TestCheckTransmitionAllowed
 .text.TestSendDumpAbortRequest
                0x20008cc4       0x24 ./src/TestingDemos/TrxvuTestingDemo.o
                0x20008cc4                TestSendDumpAbortRequest
 .text.TestTransmitDummySplPacket
                0x20008ce8       0xd4 ./src/TestingDemos/TrxvuTestingDemo.o
                0x20008ce8                TestTransmitDummySplPacket
 .text.TestTransmitSplPacket
                0x20008dbc      0x1f8 ./src/TestingDemos/TrxvuTestingDemo.o
                0x20008dbc                TestTransmitSplPacket
 .text.TestExitDump
                0x20008fb4       0x18 ./src/TestingDemos/TrxvuTestingDemo.o
                0x20008fb4                TestExitDump
 .text.TestDumpTelemetry
                0x20008fcc      0x104 ./src/TestingDemos/TrxvuTestingDemo.o
                0x20008fcc                TestDumpTelemetry
 .text.TestRestoreDefaultBeaconParameters
                0x200090d0       0xf0 ./src/TestingDemos/TrxvuTestingDemo.o
                0x200090d0                TestRestoreDefaultBeaconParameters
 .text.TestChooseDefaultBeaconCycle
                0x200091c0       0xe0 ./src/TestingDemos/TrxvuTestingDemo.o
                0x200091c0                TestChooseDefaultBeaconCycle
 .text.TestBeaconLogic
                0x200092a0       0xd8 ./src/TestingDemos/TrxvuTestingDemo.o
                0x200092a0                TestBeaconLogic
 .text.TestMuteTrxvu
                0x20009378      0x128 ./src/TestingDemos/TrxvuTestingDemo.o
                0x20009378                TestMuteTrxvu
 .text.TestUnMuteTrxvu
                0x200094a0       0x30 ./src/TestingDemos/TrxvuTestingDemo.o
                0x200094a0                TestUnMuteTrxvu
 .text.TestGetNumberOfFramesInBuffer
                0x200094d0       0x54 ./src/TestingDemos/TrxvuTestingDemo.o
                0x200094d0                TestGetNumberOfFramesInBuffer
 .text.TestSetTrxvuBitrate
                0x20009524       0xf0 ./src/TestingDemos/TrxvuTestingDemo.o
                0x20009524                TestSetTrxvuBitrate
 .text.TestGetTrxvuBitrate
                0x20009614       0xc0 ./src/TestingDemos/TrxvuTestingDemo.o
                0x20009614                TestGetTrxvuBitrate
 .text.TestTransmitDataAsSPL_Packet
                0x200096d4      0x114 ./src/TestingDemos/TrxvuTestingDemo.o
                0x200096d4                TestTransmitDataAsSPL_Packet
 .text.selectAndExecuteTrxvuDemoTest
                0x200097e8      0x28c ./src/TestingDemos/TrxvuTestingDemo.o
                0x200097e8                selectAndExecuteTrxvuDemoTest
 .text.MainTrxvuTestBench
                0x20009a74       0x44 ./src/TestingDemos/TrxvuTestingDemo.o
                0x20009a74                MainTrxvuTestBench
 .text.EPS_Init
                0x20009ab8       0xe4 ./src/SubSystemModules/PowerManagment/EPS.o
                0x20009ab8                EPS_Init
 .text.EPS_Conditioning
                0x20009b9c      0x1a8 ./src/SubSystemModules/PowerManagment/EPS.o
                0x20009b9c                EPS_Conditioning
 .text.GetBatteryVoltage
                0x20009d44       0x54 ./src/SubSystemModules/PowerManagment/EPS.o
                0x20009d44                GetBatteryVoltage
 .text.UpdateAlpha
                0x20009d98       0x9c ./src/SubSystemModules/PowerManagment/EPS.o
                0x20009d98                UpdateAlpha
 .text.UpdateThresholdVoltages
                0x20009e34      0x1f4 ./src/SubSystemModules/PowerManagment/EPS.o
                0x20009e34                UpdateThresholdVoltages
 .text.GetThresholdVoltages
                0x2000a028       0x4c ./src/SubSystemModules/PowerManagment/EPS.o
                0x2000a028                GetThresholdVoltages
 .text.GetAlpha
                0x2000a074       0x48 ./src/SubSystemModules/PowerManagment/EPS.o
                0x2000a074                GetAlpha
 .text.RestoreDefaultAlpha
                0x2000a0bc       0x3c ./src/SubSystemModules/PowerManagment/EPS.o
                0x2000a0bc                RestoreDefaultAlpha
 .text.RestoreDefaultThresholdVoltages
                0x2000a0f8       0x58 ./src/SubSystemModules/PowerManagment/EPS.o
                0x2000a0f8                RestoreDefaultThresholdVoltages
 .text.EnterFullMode
                0x2000a150       0x58 ./src/SubSystemModules/PowerManagment/EPSOperationModes.o
                0x2000a150                EnterFullMode
 .text.EnterCruiseMode
                0x2000a1a8       0x58 ./src/SubSystemModules/PowerManagment/EPSOperationModes.o
                0x2000a1a8                EnterCruiseMode
 .text.EnterSafeMode
                0x2000a200       0x58 ./src/SubSystemModules/PowerManagment/EPSOperationModes.o
                0x2000a200                EnterSafeMode
 .text.EnterCriticalMode
                0x2000a258       0x58 ./src/SubSystemModules/PowerManagment/EPSOperationModes.o
                0x2000a258                EnterCriticalMode
 .text.SetEPS_Channels
                0x2000a2b0       0xac ./src/SubSystemModules/PowerManagment/EPSOperationModes.o
                0x2000a2b0                SetEPS_Channels
 .text.GetSystemState
                0x2000a35c       0x24 ./src/SubSystemModules/PowerManagment/EPSOperationModes.o
                0x2000a35c                GetSystemState
 .text.GetSystemChannelState
                0x2000a380       0x24 ./src/SubSystemModules/PowerManagment/EPSOperationModes.o
                0x2000a380                GetSystemChannelState
 .text.EpsGetLowVoltageFlag
                0x2000a3a4       0x24 ./src/SubSystemModules/PowerManagment/EPSOperationModes.o
                0x2000a3a4                EpsGetLowVoltageFlag
 .text.EpsSetLowVoltageFlag
                0x2000a3c8       0x2c ./src/SubSystemModules/PowerManagment/EPSOperationModes.o
                0x2000a3c8                EpsSetLowVoltageFlag
 .text.CheckExecutionTime
                0x2000a3f4       0x70 ./src/SubSystemModules/Maintenance/Maintenance.o
                0x2000a3f4                CheckExecutionTime
 .text.SaveSatTimeInFRAM
                0x2000a464       0x44 ./src/SubSystemModules/Maintenance/Maintenance.o
                0x2000a464                SaveSatTimeInFRAM
 .text.ResetGroundCommWDT
                0x2000a4a8       0x1c ./src/SubSystemModules/Maintenance/Maintenance.o
                0x2000a4a8                ResetGroundCommWDT
 .text.InitDump
                0x2000a4c4       0xa0 ./src/SubSystemModules/Housekepping/Dump.o
                0x2000a4c4                InitDump
 .text.FinishDump
                0x2000a564       0xe8 ./src/SubSystemModules/Housekepping/Dump.o
                0x2000a564                FinishDump
 .text.AbortDump
                0x2000a64c       0x30 ./src/SubSystemModules/Housekepping/Dump.o
                0x2000a64c                AbortDump
 .text.SendDumpAbortRequest
                0x2000a67c       0xc0 ./src/SubSystemModules/Housekepping/Dump.o
                0x2000a67c                SendDumpAbortRequest
 .text.CheckDumpAbort
                0x2000a73c       0x58 ./src/SubSystemModules/Housekepping/Dump.o
                0x2000a73c                CheckDumpAbort
 .text.DumpTask
                0x2000a794      0x488 ./src/SubSystemModules/Housekepping/Dump.o
                0x2000a794                DumpTask
 .text.DumpTelemetry
                0x2000ac1c      0x198 ./src/SubSystemModules/Housekepping/Dump.o
                0x2000ac1c                DumpTelemetry
 .text.GetTelemetryFilenameByType
                0x2000adb4      0x294 ./src/SubSystemModules/Housekepping/TelemetryCollector.o
                0x2000adb4                GetTelemetryFilenameByType
 .text.TelemetryCollectorLogic
                0x2000b048      0x140 ./src/SubSystemModules/Housekepping/TelemetryCollector.o
                0x2000b048                TelemetryCollectorLogic
 .text.TelemetrySaveEPS
                0x2000b188      0x10c ./src/SubSystemModules/Housekepping/TelemetryCollector.o
                0x2000b188                TelemetrySaveEPS
 .text.TelemetrySaveTRXVU
                0x2000b294       0xec ./src/SubSystemModules/Housekepping/TelemetryCollector.o
                0x2000b294                TelemetrySaveTRXVU
 .text.TelemetrySaveANT
                0x2000b380       0x88 ./src/SubSystemModules/Housekepping/TelemetryCollector.o
                0x2000b380                TelemetrySaveANT
 .text.TelemetrySaveSolarPanels
                0x2000b408      0x1c8 ./src/SubSystemModules/Housekepping/TelemetryCollector.o
                0x2000b408                TelemetrySaveSolarPanels
 .text.TelemetrySaveWOD
                0x2000b5d0       0x98 ./src/SubSystemModules/Housekepping/TelemetryCollector.o
                0x2000b5d0                TelemetrySaveWOD
 .text.GetCurrentWODTelemetry
                0x2000b668      0x388 ./src/SubSystemModules/Housekepping/TelemetryCollector.o
                0x2000b668                GetCurrentWODTelemetry
 .text.CMD_ResetComponent
                0x2000b9f0      0x23c ./src/SubSystemModules/Communication/SubsystemCommands/Maintanence_Commands.o
                0x2000b9f0                CMD_ResetComponent
 .text.CMD_StartDump
                0x2000bc2c       0x34 ./src/SubSystemModules/Communication/SubsystemCommands/TRXVU_Commands.o
                0x2000bc2c                CMD_StartDump
 .text.CMD_SendDumpAbortRequest
                0x2000bc60       0x24 ./src/SubSystemModules/Communication/SubsystemCommands/TRXVU_Commands.o
                0x2000bc60                CMD_SendDumpAbortRequest
 .text.CMD_ForceDumpAbort
                0x2000bc84       0x24 ./src/SubSystemModules/Communication/SubsystemCommands/TRXVU_Commands.o
                0x2000bc84                CMD_ForceDumpAbort
 .text.CMD_MuteTRXVU
                0x2000bca8       0x5c ./src/SubSystemModules/Communication/SubsystemCommands/TRXVU_Commands.o
                0x2000bca8                CMD_MuteTRXVU
 .text.CMD_UnMuteTRXVU
                0x2000bd04       0x24 ./src/SubSystemModules/Communication/SubsystemCommands/TRXVU_Commands.o
                0x2000bd04                CMD_UnMuteTRXVU
 .text.CMD_GetBaudRate
                0x2000bd28       0x4c ./src/SubSystemModules/Communication/SubsystemCommands/TRXVU_Commands.o
                0x2000bd28                CMD_GetBaudRate
 .text.CMD_SetBeaconCycleTime
                0x2000bd74       0x88 ./src/SubSystemModules/Communication/SubsystemCommands/TRXVU_Commands.o
                0x2000bd74                CMD_SetBeaconCycleTime
 .text.CMD_GetBeaconInterval
                0x2000bdfc       0x60 ./src/SubSystemModules/Communication/SubsystemCommands/TRXVU_Commands.o
                0x2000bdfc                CMD_GetBeaconInterval
 .text.CMD_SetBeaconInterval
                0x2000be5c       0x88 ./src/SubSystemModules/Communication/SubsystemCommands/TRXVU_Commands.o
                0x2000be5c                CMD_SetBeaconInterval
 .text.CMD_SetBaudRate
                0x2000bee4       0x48 ./src/SubSystemModules/Communication/SubsystemCommands/TRXVU_Commands.o
                0x2000bee4                CMD_SetBaudRate
 .text.CMD_GetTxUptime
                0x2000bf2c       0x58 ./src/SubSystemModules/Communication/SubsystemCommands/TRXVU_Commands.o
                0x2000bf2c                CMD_GetTxUptime
 .text.CMD_GetRxUptime
                0x2000bf84       0x58 ./src/SubSystemModules/Communication/SubsystemCommands/TRXVU_Commands.o
                0x2000bf84                CMD_GetRxUptime
 .text.CMD_GetNumOfDelayedCommands
                0x2000bfdc       0x50 ./src/SubSystemModules/Communication/SubsystemCommands/TRXVU_Commands.o
                0x2000bfdc                CMD_GetNumOfDelayedCommands
 .text.CMD_GetNumOfOnlineCommands
                0x2000c02c       0x58 ./src/SubSystemModules/Communication/SubsystemCommands/TRXVU_Commands.o
                0x2000c02c                CMD_GetNumOfOnlineCommands
 .text.CMD_DeleteDelyedCmdByID
                0x2000c084       0x60 ./src/SubSystemModules/Communication/SubsystemCommands/TRXVU_Commands.o
                0x2000c084                CMD_DeleteDelyedCmdByID
 .text.CMD_DeleteAllDelyedBuffer
                0x2000c0e4       0x34 ./src/SubSystemModules/Communication/SubsystemCommands/TRXVU_Commands.o
                0x2000c0e4                CMD_DeleteAllDelyedBuffer
 .text.CMD_AntSetArmStatus
                0x2000c118       0x80 ./src/SubSystemModules/Communication/SubsystemCommands/TRXVU_Commands.o
                0x2000c118                CMD_AntSetArmStatus
 .text.CMD_AntGetArmStatus
                0x2000c198       0x64 ./src/SubSystemModules/Communication/SubsystemCommands/TRXVU_Commands.o
                0x2000c198                CMD_AntGetArmStatus
 .text.CMD_AntGetUptime
                0x2000c1fc       0x58 ./src/SubSystemModules/Communication/SubsystemCommands/TRXVU_Commands.o
                0x2000c1fc                CMD_AntGetUptime
 .text.CMD_AntCancelDeployment
                0x2000c254       0x48 ./src/SubSystemModules/Communication/SubsystemCommands/TRXVU_Commands.o
                0x2000c254                CMD_AntCancelDeployment
 .text.SendAckPacket
                0x2000c29c       0xe4 ./src/SubSystemModules/Communication/AckHandler.o
                0x2000c29c                SendAckPacket
 .text.SendErrorMSG
                0x2000c380       0x74 ./src/SubSystemModules/Communication/AckHandler.o
                0x2000c380                SendErrorMSG
 .text.SendErrorMSG_IfError
                0x2000c3f4       0x4c ./src/SubSystemModules/Communication/AckHandler.o
                0x2000c3f4                SendErrorMSG_IfError
 .text.ActUponCommand
                0x2000c440       0xd0 ./src/SubSystemModules/Communication/ActUponCommand.o
                0x2000c440                ActUponCommand
 .text.InitBeaconParams
                0x2000c510       0x6c ./src/SubSystemModules/Communication/Beacon.o
                0x2000c510                InitBeaconParams
 .text.BeaconSetBitrate
                0x2000c57c       0xa0 ./src/SubSystemModules/Communication/Beacon.o
                0x2000c57c                BeaconSetBitrate
 .text.BeaconLogic
                0x2000c61c      0x150 ./src/SubSystemModules/Communication/Beacon.o
                0x2000c61c                BeaconLogic
 .text.UpdateBeaconBaudCycle
                0x2000c76c       0x78 ./src/SubSystemModules/Communication/Beacon.o
                0x2000c76c                UpdateBeaconBaudCycle
 .text.UpdateBeaconInterval
                0x2000c7e4       0x80 ./src/SubSystemModules/Communication/Beacon.o
                0x2000c7e4                UpdateBeaconInterval
 .text.trxvu_command_router
                0x2000c864      0x490 ./src/SubSystemModules/Communication/CommandDictionary.o
                0x2000c864                trxvu_command_router
 .text.eps_command_router
                0x2000ccf4       0x80 ./src/SubSystemModules/Communication/CommandDictionary.o
                0x2000ccf4                eps_command_router
 .text.telemetry_command_router
                0x2000cd74       0x54 ./src/SubSystemModules/Communication/CommandDictionary.o
                0x2000cd74                telemetry_command_router
 .text.managment_command_router
                0x2000cdc8       0xd0 ./src/SubSystemModules/Communication/CommandDictionary.o
                0x2000cdc8                managment_command_router
 .text.filesystem_command_router
                0x2000ce98       0x54 ./src/SubSystemModules/Communication/CommandDictionary.o
                0x2000ce98                filesystem_command_router
 .text.ClearDelayedCMD_FromBuffer
                0x2000ceec       0xd8 ./src/SubSystemModules/Communication/SatCommandHandler.o
                0x2000ceec                ClearDelayedCMD_FromBuffer
 .text.ParseDataToCommand
                0x2000cfc4      0x18c ./src/SubSystemModules/Communication/SatCommandHandler.o
                0x2000cfc4                ParseDataToCommand
 .text.AssembleCommand
                0x2000d150      0x194 ./src/SubSystemModules/Communication/SatCommandHandler.o
                0x2000d150                AssembleCommand
 .text.isDelayedCommandDue
                0x2000d2e4       0xa4 ./src/SubSystemModules/Communication/SatCommandHandler.o
                0x2000d2e4                isDelayedCommandDue
 .text.GetDelayedCommand
                0x2000d388      0x100 ./src/SubSystemModules/Communication/SatCommandHandler.o
                0x2000d388                GetDelayedCommand
 .text.AddDelayedCommand
                0x2000d488       0xf0 ./src/SubSystemModules/Communication/SatCommandHandler.o
                0x2000d488                AddDelayedCommand
 .text.GetDelayedCommandBufferCount
                0x2000d578       0x50 ./src/SubSystemModules/Communication/SatCommandHandler.o
                0x2000d578                GetDelayedCommandBufferCount
 .text.GetOnlineCommand
                0x2000d5c8      0x114 ./src/SubSystemModules/Communication/SatCommandHandler.o
                0x2000d5c8                GetOnlineCommand
 .text.GetDelayedCommandByIndex
                0x2000d6dc       0x84 ./src/SubSystemModules/Communication/SatCommandHandler.o
                0x2000d6dc                GetDelayedCommandByIndex
 .text.DeleteDelayedCommandByIndex
                0x2000d760       0x80 ./src/SubSystemModules/Communication/SatCommandHandler.o
                0x2000d760                DeleteDelayedCommandByIndex
 .text.DeleteDelayedBuffer
                0x2000d7e0       0x48 ./src/SubSystemModules/Communication/SatCommandHandler.o
                0x2000d7e0                DeleteDelayedBuffer
 .text.InitTxModule
                0x2000d828       0x68 ./src/SubSystemModules/Communication/SatDataTx.o
                0x2000d828                InitTxModule
 .text.muteTRXVU
                0x2000d890       0x78 ./src/SubSystemModules/Communication/SatDataTx.o
                0x2000d890                muteTRXVU
 .text.UnMuteTRXVU
                0x2000d908       0x34 ./src/SubSystemModules/Communication/SatDataTx.o
                0x2000d908                UnMuteTRXVU
 .text.GetMuteFlag
                0x2000d93c       0x24 ./src/SubSystemModules/Communication/SatDataTx.o
                0x2000d93c                GetMuteFlag
 .text.CheckForMuteEnd
                0x2000d960       0x4c ./src/SubSystemModules/Communication/SatDataTx.o
                0x2000d960                CheckForMuteEnd
 .text.GetNumberOfFramesInBuffer
                0x2000d9ac       0x4c ./src/SubSystemModules/Communication/SatDataTx.o
                0x2000d9ac                GetNumberOfFramesInBuffer
 .text.CheckTransmitionAllowed
                0x2000d9f8       0xa4 ./src/SubSystemModules/Communication/SatDataTx.o
                0x2000d9f8                CheckTransmitionAllowed
 .text.GetTrxvuBitrate
                0x2000da9c       0x70 ./src/SubSystemModules/Communication/SatDataTx.o
                0x2000da9c                GetTrxvuBitrate
 .text.TransmitDataAsSPL_Packet
                0x2000db0c      0x11c ./src/SubSystemModules/Communication/SatDataTx.o
                0x2000db0c                TransmitDataAsSPL_Packet
 .text.TransmitSplPacket
                0x2000dc28       0xf8 ./src/SubSystemModules/Communication/SatDataTx.o
                0x2000dc28                TransmitSplPacket
 .text.InitTrxvu
                0x2000dd20       0xe4 ./src/SubSystemModules/Communication/TRXVU.o
                0x2000dd20                InitTrxvu
 .text.TRX_Logic
                0x2000de04       0xe0 ./src/SubSystemModules/Communication/TRXVU.o
                0x2000de04                TRX_Logic
 .text.isFirstActivation
                0x2000dee4       0x38 ./src/InitSystem.o
                0x2000dee4                isFirstActivation
 .text.firstActivationProcedure
                0x2000df1c       0xc8 ./src/InitSystem.o
                0x2000df1c                firstActivationProcedure
 .text.WriteDefaultValuesToFRAM
                0x2000dfe4      0x14c ./src/InitSystem.o
                0x2000dfe4                WriteDefaultValuesToFRAM
 .text.StartFRAM
                0x2000e130       0x24 ./src/InitSystem.o
                0x2000e130                StartFRAM
 .text.StartI2C
                0x2000e154       0x30 ./src/InitSystem.o
                0x2000e154                StartI2C
 .text.StartSPI
                0x2000e184       0x2c ./src/InitSystem.o
                0x2000e184                StartSPI
 .text.StartTIME
                0x2000e1b0       0xa8 ./src/InitSystem.o
                0x2000e1b0                StartTIME
 .text.DeploySystem
                0x2000e258       0x80 ./src/InitSystem.o
                0x2000e258                DeploySystem
 .text.InitSubsystems
                0x2000e2d8      0x178 ./src/InitSystem.o
                0x2000e2d8                InitSubsystems
 .text.delete_allTMFilesFromSD
                0x2000e450       0xf8 ./src/TLM_management.o
                0x2000e450                delete_allTMFilesFromSD
 .text.getNumOfFilesInFS
                0x2000e548       0x44 ./src/TLM_management.o
 .text.InitializeFS
                0x2000e58c      0x174 ./src/TLM_management.o
                0x2000e58c                InitializeFS
 .text.writewithEpochtime
                0x2000e700       0x8c ./src/TLM_management.o
 .text.get_C_FILE_struct
                0x2000e78c       0xf4 ./src/TLM_management.o
 .text.getFileIndex
                0x2000e880       0x40 ./src/TLM_management.o
 .text.get_file_name_by_index
                0x2000e8c0       0x44 ./src/TLM_management.o
                0x2000e8c0                get_file_name_by_index
 .text.c_fileWrite
                0x2000e904       0xfc ./src/TLM_management.o
                0x2000e904                c_fileWrite
 .text.c_fileRead
                0x2000ea00      0x290 ./src/TLM_management.o
                0x2000ea00                c_fileRead
 .text.c_fileGetNumOfElements
                0x2000ec90      0x24c ./src/TLM_management.o
                0x2000ec90                c_fileGetNumOfElements
 .text.DeInitializeFS
                0x2000eedc       0xd0 ./src/TLM_management.o
                0x2000eedc                DeInitializeFS
 .text.main     0x2000efac       0xa0 ./src/main.o
                0x2000efac                main
 .text.validateTransferParameters
                0x2000f04c      0x10c C:/Users/USER/Documents/GitHub/Base-Aug-2019/GlobusSatProject/..//hal/hal/lib\libHALD.a(I2C.o)
 .text.I2C_queueTransfer
                0x2000f158       0xe8 C:/Users/USER/Documents/GitHub/Base-Aug-2019/GlobusSatProject/..//hal/hal/lib\libHALD.a(I2C.o)
                0x2000f158                I2C_queueTransfer
 .text.I2C_internalCallback
                0x2000f240       0x64 C:/Users/USER/Documents/GitHub/Base-Aug-2019/GlobusSatProject/..//hal/hal/lib\libHALD.a(I2C.o)
 .text.I2C_doBlockingTransfer
                0x2000f2a4      0x160 C:/Users/USER/Documents/GitHub/Base-Aug-2019/GlobusSatProject/..//hal/hal/lib\libHALD.a(I2C.o)
 .text.I2C_writeRead
                0x2000f404      0x180 C:/Users/USER/Documents/GitHub/Base-Aug-2019/GlobusSatProject/..//hal/hal/lib\libHALD.a(I2C.o)
                0x2000f404                I2C_writeRead
 .text.I2C_start
                0x2000f584      0x2e8 C:/Users/USER/Documents/GitHub/Base-Aug-2019/GlobusSatProject/..//hal/hal/lib\libHALD.a(I2C.o)
                0x2000f584                I2C_start
 .text.I2C_stop
                0x2000f86c      0x184 C:/Users/USER/Documents/GitHub/Base-Aug-2019/GlobusSatProject/..//hal/hal/lib\libHALD.a(I2C.o)
                0x2000f86c                I2C_stop
 .text.I2C_setTransferTimeout
                0x2000f9f0       0x48 C:/Users/USER/Documents/GitHub/Base-Aug-2019/GlobusSatProject/..//hal/hal/lib\libHALD.a(I2C.o)
                0x2000f9f0                I2C_setTransferTimeout
 .text.clearPDCtransfers
                0x2000fa38       0xdc C:/Users/USER/Documents/GitHub/Base-Aug-2019/GlobusSatProject/..//hal/hal/lib\libHALD.a(SPI.o)
 .text.SPI_start
                0x2000fb14      0x4c0 C:/Users/USER/Documents/GitHub/Base-Aug-2019/GlobusSatProject/..//hal/hal/lib\libHALD.a(SPI.o)
                0x2000fb14                SPI_start
 .text.SPI_stop
                0x2000ffd4      0x22c C:/Users/USER/Documents/GitHub/Base-Aug-2019/GlobusSatProject/..//hal/hal/lib\libHALD.a(SPI.o)
                0x2000ffd4                SPI_stop
 .text.SPI_queueTransfer
                0x20010200      0x190 C:/Users/USER/Documents/GitHub/Base-Aug-2019/GlobusSatProject/..//hal/hal/lib\libHALD.a(SPI.o)
                0x20010200                SPI_queueTransfer
 .text.SPI_internalCallback
                0x20010390       0x64 C:/Users/USER/Documents/GitHub/Base-Aug-2019/GlobusSatProject/..//hal/hal/lib\libHALD.a(SPI.o)
 .text.SPI_writeRead
                0x200103f4      0x188 C:/Users/USER/Documents/GitHub/Base-Aug-2019/GlobusSatProject/..//hal/hal/lib\libHALD.a(SPI.o)
                0x200103f4                SPI_writeRead
 .text.waitForTransfer
                0x2001057c       0x68 C:/Users/USER/Documents/GitHub/Base-Aug-2019/GlobusSatProject/..//hal/hal/lib\libHALD.a(SPI.o)
 .text.SPI_getDriverState
                0x200105e4       0x58 C:/Users/USER/Documents/GitHub/Base-Aug-2019/GlobusSatProject/..//hal/hal/lib\libHALD.a(SPI.o)
                0x200105e4                SPI_getDriverState
 .text.FRAM_start
                0x2001063c       0xf4 C:/Users/USER/Documents/GitHub/Base-Aug-2019/GlobusSatProject/..//hal/hal/lib\libHALD.a(FRAM.o)
                0x2001063c                FRAM_start
 .text.FRAM_dummyCallback
                0x20010730       0x24 C:/Users/USER/Documents/GitHub/Base-Aug-2019/GlobusSatProject/..//hal/hal/lib\libHALD.a(FRAM.o)
                0x20010730                FRAM_dummyCallback
 .text.FRAM_unlockingCallback
                0x20010754       0x78 C:/Users/USER/Documents/GitHub/Base-Aug-2019/GlobusSatProject/..//hal/hal/lib\libHALD.a(FRAM.o)
                0x20010754                FRAM_unlockingCallback
 .text.doBlockingTransfer
                0x200107cc       0x88 C:/Users/USER/Documents/GitHub/Base-Aug-2019/GlobusSatProject/..//hal/hal/lib\libHALD.a(FRAM.o)
 .text.FRAM_writePacket
                0x20010854      0x148 C:/Users/USER/Documents/GitHub/Base-Aug-2019/GlobusSatProject/..//hal/hal/lib\libHALD.a(FRAM.o)
 .text.FRAM_write
                0x2001099c      0x1c8 C:/Users/USER/Documents/GitHub/Base-Aug-2019/GlobusSatProject/..//hal/hal/lib\libHALD.a(FRAM.o)
                0x2001099c                FRAM_write
 .text.FRAM_readPacket
                0x20010b64      0x114 C:/Users/USER/Documents/GitHub/Base-Aug-2019/GlobusSatProject/..//hal/hal/lib\libHALD.a(FRAM.o)
 .text.FRAM_read
                0x20010c78      0x1d4 C:/Users/USER/Documents/GitHub/Base-Aug-2019/GlobusSatProject/..//hal/hal/lib\libHALD.a(FRAM.o)
                0x20010c78                FRAM_read
 .text.Time_start
                0x20010e4c      0x150 C:/Users/USER/Documents/GitHub/Base-Aug-2019/GlobusSatProject/..//hal/hal/lib\libHALD.a(Time.o)
                0x20010e4c                Time_start
 .text.taskTimeSync
                0x20010f9c       0x38 C:/Users/USER/Documents/GitHub/Base-Aug-2019/GlobusSatProject/..//hal/hal/lib\libHALD.a(Time.o)
 .text.Time_set
                0x20010fd4      0x278 C:/Users/USER/Documents/GitHub/Base-Aug-2019/GlobusSatProject/..//hal/hal/lib\libHALD.a(Time.o)
                0x20010fd4                Time_set
 .text.Time_isLeapYear
                0x2001124c       0x98 C:/Users/USER/Documents/GitHub/Base-Aug-2019/GlobusSatProject/..//hal/hal/lib\libHALD.a(Time.o)
                0x2001124c                Time_isLeapYear
 .text.Time_get
                0x200112e4      0x410 C:/Users/USER/Documents/GitHub/Base-Aug-2019/GlobusSatProject/..//hal/hal/lib\libHALD.a(Time.o)
                0x200112e4                Time_get
 .text.Time_getUnixEpoch
                0x200116f4       0xf4 C:/Users/USER/Documents/GitHub/Base-Aug-2019/GlobusSatProject/..//hal/hal/lib\libHALD.a(Time.o)
                0x200116f4                Time_getUnixEpoch
 .text.secondsOfYearToTime
                0x200117e8      0x328 C:/Users/USER/Documents/GitHub/Base-Aug-2019/GlobusSatProject/..//hal/hal/lib\libHALD.a(Time.o)
 .text.Time_setUnixEpoch
                0x20011b10      0x100 C:/Users/USER/Documents/GitHub/Base-Aug-2019/GlobusSatProject/..//hal/hal/lib\libHALD.a(Time.o)
                0x20011b10                Time_setUnixEpoch
 .text.Time_sync
                0x20011c10      0x2b8 C:/Users/USER/Documents/GitHub/Base-Aug-2019/GlobusSatProject/..//hal/hal/lib\libHALD.a(Time.o)
                0x20011c10                Time_sync
 .text.Time_syncIfNeeded
                0x20011ec8       0x70 C:/Users/USER/Documents/GitHub/Base-Aug-2019/GlobusSatProject/..//hal/hal/lib\libHALD.a(Time.o)
                0x20011ec8                Time_syncIfNeeded
 .text.Time_setSyncInterval
                0x20011f38       0x38 C:/Users/USER/Documents/GitHub/Base-Aug-2019/GlobusSatProject/..//hal/hal/lib\libHALD.a(Time.o)
                0x20011f38                Time_setSyncInterval
 .text.WDT_start
                0x20011f70       0x48 C:/Users/USER/Documents/GitHub/Base-Aug-2019/GlobusSatProject/..//hal/hal/lib\libHALD.a(WatchDogTimerNoOS.o)
                0x20011f70                WDT_start
 .text.WDT_startWatchdogKickTask
                0x20011fb8       0xb4 C:/Users/USER/Documents/GitHub/Base-Aug-2019/GlobusSatProject/..//hal/hal/lib\libHALD.a(WatchDogTimerOS.o)
                0x20011fb8                WDT_startWatchdogKickTask
 .text.WDT_forceKickEveryNms
                0x2001206c       0x50 C:/Users/USER/Documents/GitHub/Base-Aug-2019/GlobusSatProject/..//hal/hal/lib\libHALD.a(WatchDogTimerOS.o)
                0x2001206c                WDT_forceKickEveryNms
 .text.UTIL_DbguGetInteger
                0x200120bc      0x124 C:/Users/USER/Documents/GitHub/Base-Aug-2019/GlobusSatProject/..//hal/hal/lib\libHALD.a(util.o)
                0x200120bc                UTIL_DbguGetInteger
 .text.UTIL_DbguGetIntegerMinMax
                0x200121e0       0xa4 C:/Users/USER/Documents/GitHub/Base-Aug-2019/GlobusSatProject/..//hal/hal/lib\libHALD.a(util.o)
                0x200121e0                UTIL_DbguGetIntegerMinMax
 .text.LED_glow
                0x20012284       0x58 C:/Users/USER/Documents/GitHub/Base-Aug-2019/GlobusSatProject/..//hal/hal/lib\libHALD.a(LED.o)
                0x20012284                LED_glow
 .text.LED_dark
                0x200122dc       0x58 C:/Users/USER/Documents/GitHub/Base-Aug-2019/GlobusSatProject/..//hal/hal/lib\libHALD.a(LED.o)
                0x200122dc                LED_dark
 .text.LED_toggle
                0x20012334       0x50 C:/Users/USER/Documents/GitHub/Base-Aug-2019/GlobusSatProject/..//hal/hal/lib\libHALD.a(LED.o)
                0x20012334                LED_toggle
 .text.RTC_start
                0x20012384       0x3c C:/Users/USER/Documents/GitHub/Base-Aug-2019/GlobusSatProject/..//hal/hal/lib\libHALD.a(RTC.o)
                0x20012384                RTC_start
 .text.RTC_setTime
                0x200123c0      0x2a4 C:/Users/USER/Documents/GitHub/Base-Aug-2019/GlobusSatProject/..//hal/hal/lib\libHALD.a(RTC.o)
                0x200123c0                RTC_setTime
 .text.RTC_getTime
                0x20012664      0x224 C:/Users/USER/Documents/GitHub/Base-Aug-2019/GlobusSatProject/..//hal/hal/lib\libHALD.a(RTC.o)
                0x20012664                RTC_getTime
 .text.RTC_checkTimeValid
                0x20012888       0xdc C:/Users/USER/Documents/GitHub/Base-Aug-2019/GlobusSatProject/..//hal/hal/lib\libHALD.a(RTC.o)
                0x20012888                RTC_checkTimeValid
 .text.RTT_start
                0x20012964       0x24 C:/Users/USER/Documents/GitHub/Base-Aug-2019/GlobusSatProject/..//hal/hal/lib\libHALD.a(RTT.o)
                0x20012964                RTT_start
 .text.fn_init  0x20012988      0x2e0 C:/Users/USER/Documents/GitHub/Base-Aug-2019/GlobusSatProject/..//hal/hcc/lib\libHCCD.a(fat_common.o)
                0x20012988                fn_init
 .text.fsn_delete
                0x20012c68       0xc8 C:/Users/USER/Documents/GitHub/Base-Aug-2019/GlobusSatProject/..//hal/hcc/lib\libHCCD.a(fat_common.o)
                0x20012c68                fsn_delete
 .text._f_get16bitl
                0x20012d30       0x4c C:/Users/USER/Documents/GitHub/Base-Aug-2019/GlobusSatProject/..//hal/hcc/lib\libHCCD.a(fat_common.o)
                0x20012d30                _f_get16bitl
 .text._f_set16bitl
                0x20012d7c       0x54 C:/Users/USER/Documents/GitHub/Base-Aug-2019/GlobusSatProject/..//hal/hcc/lib\libHCCD.a(fat_common.o)
                0x20012d7c                _f_set16bitl
 .text._f_get32bitl
                0x20012dd0       0x68 C:/Users/USER/Documents/GitHub/Base-Aug-2019/GlobusSatProject/..//hal/hcc/lib\libHCCD.a(fat_common.o)
                0x20012dd0                _f_get32bitl
 .text._f_set32bitl
                0x20012e38       0x78 C:/Users/USER/Documents/GitHub/Base-Aug-2019/GlobusSatProject/..//hal/hcc/lib\libHCCD.a(fat_common.o)
                0x20012e38                _f_set32bitl
 .text._get8bit
                0x20012eb0       0xa0 C:/Users/USER/Documents/GitHub/Base-Aug-2019/GlobusSatProject/..//hal/hcc/lib\libHCCD.a(fat_common.o)
 .text._get16bitl
                0x20012f50       0x40 C:/Users/USER/Documents/GitHub/Base-Aug-2019/GlobusSatProject/..//hal/hcc/lib\libHCCD.a(fat_common.o)
 .text._get32bitl
                0x20012f90       0x3c C:/Users/USER/Documents/GitHub/Base-Aug-2019/GlobusSatProject/..//hal/hcc/lib\libHCCD.a(fat_common.o)
 .text._f_setcardremoved
                0x20012fcc       0x94 C:/Users/USER/Documents/GitHub/Base-Aug-2019/GlobusSatProject/..//hal/hcc/lib\libHCCD.a(fat_common.o)
 .text._f_checkstatus
                0x20013060      0x104 C:/Users/USER/Documents/GitHub/Base-Aug-2019/GlobusSatProject/..//hal/hcc/lib\libHCCD.a(fat_common.o)
                0x20013060                _f_checkstatus
 .text._f_drvgetphy
                0x20013164      0x114 C:/Users/USER/Documents/GitHub/Base-Aug-2019/GlobusSatProject/..//hal/hcc/lib\libHCCD.a(fat_common.o)
 .text._f_drvwritesector
                0x20013278       0xdc C:/Users/USER/Documents/GitHub/Base-Aug-2019/GlobusSatProject/..//hal/hcc/lib\libHCCD.a(fat_common.o)
 .text._f_drvreadsector
                0x20013354       0xa8 C:/Users/USER/Documents/GitHub/Base-Aug-2019/GlobusSatProject/..//hal/hcc/lib\libHCCD.a(fat_common.o)
 .text._f_writesector
                0x200133fc      0x23c C:/Users/USER/Documents/GitHub/Base-Aug-2019/GlobusSatProject/..//hal/hcc/lib\libHCCD.a(fat_common.o)
                0x200133fc                _f_writesector
 .text._f_readsector
                0x20013638      0x1dc C:/Users/USER/Documents/GitHub/Base-Aug-2019/GlobusSatProject/..//hal/hcc/lib\libHCCD.a(fat_common.o)
                0x20013638                _f_readsector
 .text._f_getmaxcluster
                0x20013814       0x94 C:/Users/USER/Documents/GitHub/Base-Aug-2019/GlobusSatProject/..//hal/hcc/lib\libHCCD.a(fat_common.o)
                0x20013814                _f_getmaxcluster
 .text._getsectorfromcluster
                0x200138a8       0x68 C:/Users/USER/Documents/GitHub/Base-Aug-2019/GlobusSatProject/..//hal/hcc/lib\libHCCD.a(fat_common.o)
 .text._f_buildsectors
                0x20013910      0x268 C:/Users/USER/Documents/GitHub/Base-Aug-2019/GlobusSatProject/..//hal/hcc/lib\libHCCD.a(fat_common.o)
 .text._f_getbootrecord
                0x20013b78      0x5e4 C:/Users/USER/Documents/GitHub/Base-Aug-2019/GlobusSatProject/..//hal/hcc/lib\libHCCD.a(fat_common.o)
 .text._f_readbootrecord
                0x2001415c      0x4f8 C:/Users/USER/Documents/GitHub/Base-Aug-2019/GlobusSatProject/..//hal/hcc/lib\libHCCD.a(fat_common.o)
 .text._f_flushcffiles
                0x20014654      0x17c C:/Users/USER/Documents/GitHub/Base-Aug-2019/GlobusSatProject/..//hal/hcc/lib\libHCCD.a(fat_common.o)
                0x20014654                _f_flushcffiles
 .text._f_fatcache_flush
                0x200147d0      0x270 C:/Users/USER/Documents/GitHub/Base-Aug-2019/GlobusSatProject/..//hal/hcc/lib\libHCCD.a(fat_common.o)
                0x200147d0                _f_fatcache_flush
 .text._f_writefatsector
                0x20014a40      0x100 C:/Users/USER/Documents/GitHub/Base-Aug-2019/GlobusSatProject/..//hal/hcc/lib\libHCCD.a(fat_common.o)
                0x20014a40                _f_writefatsector
 .text._f_getfatsector
                0x20014b40      0x3bc C:/Users/USER/Documents/GitHub/Base-Aug-2019/GlobusSatProject/..//hal/hcc/lib\libHCCD.a(fat_common.o)
 .text._f_setclustervalue
                0x20014efc      0x490 C:/Users/USER/Documents/GitHub/Base-Aug-2019/GlobusSatProject/..//hal/hcc/lib\libHCCD.a(fat_common.o)
                0x20014efc                _f_setclustervalue
 .text._f_getclustervalue
                0x2001538c      0x388 C:/Users/USER/Documents/GitHub/Base-Aug-2019/GlobusSatProject/..//hal/hcc/lib\libHCCD.a(fat_common.o)
                0x2001538c                _f_getclustervalue
 .text._f_close_drive_files
                0x20015714       0xac C:/Users/USER/Documents/GitHub/Base-Aug-2019/GlobusSatProject/..//hal/hcc/lib\libHCCD.a(fat_common.o)
 .text._f_inc_mount_count
                0x200157c0       0xa4 C:/Users/USER/Documents/GitHub/Base-Aug-2019/GlobusSatProject/..//hal/hcc/lib\libHCCD.a(fat_common.o)
 .text._f_getvolume
                0x20015864      0x2f8 C:/Users/USER/Documents/GitHub/Base-Aug-2019/GlobusSatProject/..//hal/hcc/lib\libHCCD.a(fat_common.o)
                0x20015864                _f_getvolume
 .text.fn_createdriver
                0x20015b5c      0x118 C:/Users/USER/Documents/GitHub/Base-Aug-2019/GlobusSatProject/..//hal/hcc/lib\libHCCD.a(fat_common.o)
                0x20015b5c                fn_createdriver
 .text.fn_initvolume
                0x20015c74      0x12c C:/Users/USER/Documents/GitHub/Base-Aug-2019/GlobusSatProject/..//hal/hcc/lib\libHCCD.a(fat_common.o)
                0x20015c74                fn_initvolume
 .text.fn_releasedriver
                0x20015da0       0xf4 C:/Users/USER/Documents/GitHub/Base-Aug-2019/GlobusSatProject/..//hal/hcc/lib\libHCCD.a(fat_common.o)
                0x20015da0                fn_releasedriver
 .text.fn_initvolumepartition_sub
                0x20015e94       0xe0 C:/Users/USER/Documents/GitHub/Base-Aug-2019/GlobusSatProject/..//hal/hcc/lib\libHCCD.a(fat_common.o)
 .text.fn_initvolumepartition
                0x20015f74       0xac C:/Users/USER/Documents/GitHub/Base-Aug-2019/GlobusSatProject/..//hal/hcc/lib\libHCCD.a(fat_common.o)
                0x20015f74                fn_initvolumepartition
 .text.fn_delvolume
                0x20016020      0x194 C:/Users/USER/Documents/GitHub/Base-Aug-2019/GlobusSatProject/..//hal/hcc/lib\libHCCD.a(fat_common.o)
                0x20016020                fn_delvolume
 .text._f_clustertopos
                0x200161b4       0xf8 C:/Users/USER/Documents/GitHub/Base-Aug-2019/GlobusSatProject/..//hal/hcc/lib\libHCCD.a(fat_common.o)
                0x200161b4                _f_clustertopos
 .text._f_getcurrsector
                0x200162ac      0x6c8 C:/Users/USER/Documents/GitHub/Base-Aug-2019/GlobusSatProject/..//hal/hcc/lib\libHCCD.a(fat_common.o)
                0x200162ac                _f_getcurrsector
 .text._f_getdecluster
                0x20016974       0x90 C:/Users/USER/Documents/GitHub/Base-Aug-2019/GlobusSatProject/..//hal/hcc/lib\libHCCD.a(fat_common.o)
                0x20016974                _f_getdecluster
 .text._f_setdecluster
                0x20016a04       0x8c C:/Users/USER/Documents/GitHub/Base-Aug-2019/GlobusSatProject/..//hal/hcc/lib\libHCCD.a(fat_common.o)
                0x20016a04                _f_setdecluster
 .text.fn_getdrive
                0x20016a90       0x30 C:/Users/USER/Documents/GitHub/Base-Aug-2019/GlobusSatProject/..//hal/hcc/lib\libHCCD.a(fat_common.o)
                0x20016a90                fn_getdrive
 .text._f_getcurrenttimedate
                0x20016ac0      0x138 C:/Users/USER/Documents/GitHub/Base-Aug-2019/GlobusSatProject/..//hal/hcc/lib\libHCCD.a(fat_common.o)
                0x20016ac0                _f_getcurrenttimedate
 .text._f_initentry
                0x20016bf8       0xa0 C:/Users/USER/Documents/GitHub/Base-Aug-2019/GlobusSatProject/..//hal/hcc/lib\libHCCD.a(fat_common.o)
                0x20016bf8                _f_initentry
 .text._f_alloccluster
                0x20016c98      0x344 C:/Users/USER/Documents/GitHub/Base-Aug-2019/GlobusSatProject/..//hal/hcc/lib\libHCCD.a(fat_common.o)
                0x20016c98                _f_alloccluster
 .text._f_dobadblock
                0x20016fdc      0x2cc C:/Users/USER/Documents/GitHub/Base-Aug-2019/GlobusSatProject/..//hal/hcc/lib\libHCCD.a(fat_common.o)
                0x20016fdc                _f_dobadblock
 .text._f_checklocked
                0x200172a8       0xe4 C:/Users/USER/Documents/GitHub/Base-Aug-2019/GlobusSatProject/..//hal/hcc/lib\libHCCD.a(fat_common.o)
                0x200172a8                _f_checklocked
 .text._f_checkappendlocked
                0x2001738c      0x110 C:/Users/USER/Documents/GitHub/Base-Aug-2019/GlobusSatProject/..//hal/hcc/lib\libHCCD.a(fat_common.o)
                0x2001738c                _f_checkappendlocked
 .text._f_setsyncafile
                0x2001749c      0x114 C:/Users/USER/Documents/GitHub/Base-Aug-2019/GlobusSatProject/..//hal/hcc/lib\libHCCD.a(fat_common.o)
                0x2001749c                _f_setsyncafile
 .text._f_syncfiles
                0x200175b0      0x128 C:/Users/USER/Documents/GitHub/Base-Aug-2019/GlobusSatProject/..//hal/hcc/lib\libHCCD.a(fat_common.o)
                0x200175b0                _f_syncfiles
 .text._f_syncfilescontent
                0x200176d8      0x15c C:/Users/USER/Documents/GitHub/Base-Aug-2019/GlobusSatProject/..//hal/hcc/lib\libHCCD.a(fat_common.o)
 .text.fn_getfreespace
                0x20017834      0x4c0 C:/Users/USER/Documents/GitHub/Base-Aug-2019/GlobusSatProject/..//hal/hcc/lib\libHCCD.a(fat_common.o)
                0x20017834                fn_getfreespace
 .text._f_emptywritecache
                0x20017cf4      0x4a4 C:/Users/USER/Documents/GitHub/Base-Aug-2019/GlobusSatProject/..//hal/hcc/lib\libHCCD.a(fat_common.o)
 .text._f_allocnextcluster
                0x20018198      0x54c C:/Users/USER/Documents/GitHub/Base-Aug-2019/GlobusSatProject/..//hal/hcc/lib\libHCCD.a(fat_common.o)
 .text._f_emptywritebuffer
                0x200186e4      0x20c C:/Users/USER/Documents/GitHub/Base-Aug-2019/GlobusSatProject/..//hal/hcc/lib\libHCCD.a(fat_common.o)
 .text._f_writezeros
                0x200188f0       0xf0 C:/Users/USER/Documents/GitHub/Base-Aug-2019/GlobusSatProject/..//hal/hcc/lib\libHCCD.a(fat_common.o)
                0x200188f0                _f_writezeros
 .text._f_extend_file
                0x200189e0      0x570 C:/Users/USER/Documents/GitHub/Base-Aug-2019/GlobusSatProject/..//hal/hcc/lib\libHCCD.a(fat_common.o)
 .text._f_fseek
                0x20018f50      0x9bc C:/Users/USER/Documents/GitHub/Base-Aug-2019/GlobusSatProject/..//hal/hcc/lib\libHCCD.a(fat_common.o)
                0x20018f50                _f_fseek
 .text._f_removechain
                0x2001990c      0x104 C:/Users/USER/Documents/GitHub/Base-Aug-2019/GlobusSatProject/..//hal/hcc/lib\libHCCD.a(fat_common.o)
                0x2001990c                _f_removechain
 .text._f_updatefileentry
                0x20019a10      0x1cc C:/Users/USER/Documents/GitHub/Base-Aug-2019/GlobusSatProject/..//hal/hcc/lib\libHCCD.a(fat_common.o)
 .text._f_checkreadlocked
                0x20019bdc      0x1bc C:/Users/USER/Documents/GitHub/Base-Aug-2019/GlobusSatProject/..//hal/hcc/lib\libHCCD.a(fat_common.o)
                0x20019bdc                _f_checkreadlocked
 .text._f_check_handle
                0x20019d98       0x98 C:/Users/USER/Documents/GitHub/Base-Aug-2019/GlobusSatProject/..//hal/hcc/lib\libHCCD.a(fat_common.o)
                0x20019d98                _f_check_handle
 .text._f_removesyncafile
                0x20019e30      0x1ec C:/Users/USER/Documents/GitHub/Base-Aug-2019/GlobusSatProject/..//hal/hcc/lib\libHCCD.a(fat_common.o)
 .text.fn_close
                0x2001a01c      0x3f8 C:/Users/USER/Documents/GitHub/Base-Aug-2019/GlobusSatProject/..//hal/hcc/lib\libHCCD.a(fat_common.o)
                0x2001a01c                fn_close
 .text.fn_flush
                0x2001a414      0x374 C:/Users/USER/Documents/GitHub/Base-Aug-2019/GlobusSatProject/..//hal/hcc/lib\libHCCD.a(fat_common.o)
                0x2001a414                fn_flush
 .text.fn_read  0x2001a788      0x690 C:/Users/USER/Documents/GitHub/Base-Aug-2019/GlobusSatProject/..//hal/hcc/lib\libHCCD.a(fat_common.o)
                0x2001a788                fn_read
 .text._f_abortwrite
                0x2001ae18      0x100 C:/Users/USER/Documents/GitHub/Base-Aug-2019/GlobusSatProject/..//hal/hcc/lib\libHCCD.a(fat_common.o)
 .text._f_checkwritecluster
                0x2001af18       0xe4 C:/Users/USER/Documents/GitHub/Base-Aug-2019/GlobusSatProject/..//hal/hcc/lib\libHCCD.a(fat_common.o)
 .text.fn_write
                0x2001affc      0x8a8 C:/Users/USER/Documents/GitHub/Base-Aug-2019/GlobusSatProject/..//hal/hcc/lib\libHCCD.a(fat_common.o)
                0x2001affc                fn_write
 .text.fn_seek  0x2001b8a4      0x270 C:/Users/USER/Documents/GitHub/Base-Aug-2019/GlobusSatProject/..//hal/hcc/lib\libHCCD.a(fat_common.o)
                0x2001b8a4                fn_seek
 .text.f_enterFS
                0x2001bb14      0x1c0 C:/Users/USER/Documents/GitHub/Base-Aug-2019/GlobusSatProject/..//hal/hcc/lib\libHCCD.a(fat_common.o)
                0x2001bb14                f_enterFS
 .text.f_releaseFS
                0x2001bcd4       0xb0 C:/Users/USER/Documents/GitHub/Base-Aug-2019/GlobusSatProject/..//hal/hcc/lib\libHCCD.a(fat_common.o)
                0x2001bcd4                f_releaseFS
 .text.fnGetTask
                0x2001bd84       0xfc C:/Users/USER/Documents/GitHub/Base-Aug-2019/GlobusSatProject/..//hal/hcc/lib\libHCCD.a(fat_common.o)
                0x2001bd84                fnGetTask
 .text._f_mutex_get
                0x2001be80       0x98 C:/Users/USER/Documents/GitHub/Base-Aug-2019/GlobusSatProject/..//hal/hcc/lib\libHCCD.a(fat_common.o)
                0x2001be80                _f_mutex_get
 .text._f_mutex_put
                0x2001bf18       0x54 C:/Users/USER/Documents/GitHub/Base-Aug-2019/GlobusSatProject/..//hal/hcc/lib\libHCCD.a(fat_common.o)
                0x2001bf18                _f_mutex_put
 .text._fn_initseekdivisor
                0x2001bf6c      0x158 C:/Users/USER/Documents/GitHub/Base-Aug-2019/GlobusSatProject/..//hal/hcc/lib\libHCCD.a(fat_common.o)
                0x2001bf6c                _fn_initseekdivisor
 .text._fn_updateseekpos
                0x2001c0c4       0xc4 C:/Users/USER/Documents/GitHub/Base-Aug-2019/GlobusSatProject/..//hal/hcc/lib\libHCCD.a(fat_common.o)
 .text._f_findopensize
                0x2001c188       0x2c C:/Users/USER/Documents/GitHub/Base-Aug-2019/GlobusSatProject/..//hal/hcc/lib\libHCCD.a(fat_common.o)
                0x2001c188                _f_findopensize
 .text.fn_setlasterror
                0x2001c1b4       0x34 C:/Users/USER/Documents/GitHub/Base-Aug-2019/GlobusSatProject/..//hal/hcc/lib\libHCCD.a(fat_common.o)
                0x2001c1b4                fn_setlasterror
 .text.fn_setlasterror_noret
                0x2001c1e8       0x2c C:/Users/USER/Documents/GitHub/Base-Aug-2019/GlobusSatProject/..//hal/hcc/lib\libHCCD.a(fat_common.o)
                0x2001c1e8                fn_setlasterror_noret
 .text.fm_initvolume
                0x2001c214       0x70 C:/Users/USER/Documents/GitHub/Base-Aug-2019/GlobusSatProject/..//hal/hcc/lib\libHCCD.a(fat_m.o)
                0x2001c214                fm_initvolume
 .text.fm_delvolume
                0x2001c284       0x60 C:/Users/USER/Documents/GitHub/Base-Aug-2019/GlobusSatProject/..//hal/hcc/lib\libHCCD.a(fat_m.o)
                0x2001c284                fm_delvolume
 .text.fm_getdrive
                0x2001c2e4       0x70 C:/Users/USER/Documents/GitHub/Base-Aug-2019/GlobusSatProject/..//hal/hcc/lib\libHCCD.a(fat_m.o)
                0x2001c2e4                fm_getdrive
 .text.fm_getfreespace
                0x2001c354       0x68 C:/Users/USER/Documents/GitHub/Base-Aug-2019/GlobusSatProject/..//hal/hcc/lib\libHCCD.a(fat_m.o)
                0x2001c354                fm_getfreespace
 .text.fm_findfirst
                0x2001c3bc       0x68 C:/Users/USER/Documents/GitHub/Base-Aug-2019/GlobusSatProject/..//hal/hcc/lib\libHCCD.a(fat_m.o)
                0x2001c3bc                fm_findfirst
 .text.fm_findnext
                0x2001c424       0x60 C:/Users/USER/Documents/GitHub/Base-Aug-2019/GlobusSatProject/..//hal/hcc/lib\libHCCD.a(fat_m.o)
                0x2001c424                fm_findnext
 .text.fm_filelength
                0x2001c484       0x60 C:/Users/USER/Documents/GitHub/Base-Aug-2019/GlobusSatProject/..//hal/hcc/lib\libHCCD.a(fat_m.o)
                0x2001c484                fm_filelength
 .text.fm_close
                0x2001c4e4       0x60 C:/Users/USER/Documents/GitHub/Base-Aug-2019/GlobusSatProject/..//hal/hcc/lib\libHCCD.a(fat_m.o)
                0x2001c4e4                fm_close
 .text.fm_flush
                0x2001c544       0x60 C:/Users/USER/Documents/GitHub/Base-Aug-2019/GlobusSatProject/..//hal/hcc/lib\libHCCD.a(fat_m.o)
                0x2001c544                fm_flush
 .text.fm_open  0x2001c5a4       0x68 C:/Users/USER/Documents/GitHub/Base-Aug-2019/GlobusSatProject/..//hal/hcc/lib\libHCCD.a(fat_m.o)
                0x2001c5a4                fm_open
 .text.fm_read  0x2001c60c       0x7c C:/Users/USER/Documents/GitHub/Base-Aug-2019/GlobusSatProject/..//hal/hcc/lib\libHCCD.a(fat_m.o)
                0x2001c60c                fm_read
 .text.fm_write
                0x2001c688       0x7c C:/Users/USER/Documents/GitHub/Base-Aug-2019/GlobusSatProject/..//hal/hcc/lib\libHCCD.a(fat_m.o)
                0x2001c688                fm_write
 .text.fm_seek  0x2001c704       0x70 C:/Users/USER/Documents/GitHub/Base-Aug-2019/GlobusSatProject/..//hal/hcc/lib\libHCCD.a(fat_m.o)
                0x2001c704                fm_seek
 .text.fm_delete
                0x2001c774       0x64 C:/Users/USER/Documents/GitHub/Base-Aug-2019/GlobusSatProject/..//hal/hcc/lib\libHCCD.a(fat_m.o)
                0x2001c774                fm_delete
 .text._s_checkzeroclusteratend
                0x2001c7d8       0xf8 C:/Users/USER/Documents/GitHub/Base-Aug-2019/GlobusSatProject/..//hal/hcc/lib\libHCCD.a(safefat.o)
 .text._s_clearclustercontent
                0x2001c8d0      0x108 C:/Users/USER/Documents/GitHub/Base-Aug-2019/GlobusSatProject/..//hal/hcc/lib\libHCCD.a(safefat.o)
 .text._s_clearclustercontentdir
                0x2001c9d8      0x19c C:/Users/USER/Documents/GitHub/Base-Aug-2019/GlobusSatProject/..//hal/hcc/lib\libHCCD.a(safefat.o)
 .text._s_writedirsector
                0x2001cb74       0xd0 C:/Users/USER/Documents/GitHub/Base-Aug-2019/GlobusSatProject/..//hal/hcc/lib\libHCCD.a(safefat.o)
 .text._s_getdirsector
                0x2001cc44      0x100 C:/Users/USER/Documents/GitHub/Base-Aug-2019/GlobusSatProject/..//hal/hcc/lib\libHCCD.a(safefat.o)
 .text._s_addentry
                0x2001cd44      0x394 C:/Users/USER/Documents/GitHub/Base-Aug-2019/GlobusSatProject/..//hal/hcc/lib\libHCCD.a(safefat.o)
 .text._s_findfile
                0x2001d0d8      0x33c C:/Users/USER/Documents/GitHub/Base-Aug-2019/GlobusSatProject/..//hal/hcc/lib\libHCCD.a(safefat.o)
 .text._s_findsubdir
                0x2001d414      0x248 C:/Users/USER/Documents/GitHub/Base-Aug-2019/GlobusSatProject/..//hal/hcc/lib\libHCCD.a(safefat.o)
 .text._s_createfile
                0x2001d65c      0x190 C:/Users/USER/Documents/GitHub/Base-Aug-2019/GlobusSatProject/..//hal/hcc/lib\libHCCD.a(safefat.o)
 .text._s_findsaffile
                0x2001d7ec      0x1b8 C:/Users/USER/Documents/GitHub/Base-Aug-2019/GlobusSatProject/..//hal/hcc/lib\libHCCD.a(safefat.o)
 .text._s_open  0x2001d9a4       0xe4 C:/Users/USER/Documents/GitHub/Base-Aug-2019/GlobusSatProject/..//hal/hcc/lib\libHCCD.a(safefat.o)
 .text._s_open_saf
                0x2001da88       0xe8 C:/Users/USER/Documents/GitHub/Base-Aug-2019/GlobusSatProject/..//hal/hcc/lib\libHCCD.a(safefat.o)
 .text._s_flush
                0x2001db70       0x84 C:/Users/USER/Documents/GitHub/Base-Aug-2019/GlobusSatProject/..//hal/hcc/lib\libHCCD.a(safefat.o)
 .text._s_allocnextcluster
                0x2001dbf4      0x13c C:/Users/USER/Documents/GitHub/Base-Aug-2019/GlobusSatProject/..//hal/hcc/lib\libHCCD.a(safefat.o)
 .text._s_getnextsector
                0x2001dd30       0xdc C:/Users/USER/Documents/GitHub/Base-Aug-2019/GlobusSatProject/..//hal/hcc/lib\libHCCD.a(safefat.o)
 .text._s_seek  0x2001de0c      0x1e8 C:/Users/USER/Documents/GitHub/Base-Aug-2019/GlobusSatProject/..//hal/hcc/lib\libHCCD.a(safefat.o)
 .text._s_get_len
                0x2001dff4      0x10c C:/Users/USER/Documents/GitHub/Base-Aug-2019/GlobusSatProject/..//hal/hcc/lib\libHCCD.a(safefat.o)
 .text._s_set_len
                0x2001e100       0xb4 C:/Users/USER/Documents/GitHub/Base-Aug-2019/GlobusSatProject/..//hal/hcc/lib\libHCCD.a(safefat.o)
 .text.safe_fix_filelengths
                0x2001e1b4       0xcc C:/Users/USER/Documents/GitHub/Base-Aug-2019/GlobusSatProject/..//hal/hcc/lib\libHCCD.a(safefat.o)
                0x2001e1b4                safe_fix_filelengths
 .text._s_read  0x2001e280      0x228 C:/Users/USER/Documents/GitHub/Base-Aug-2019/GlobusSatProject/..//hal/hcc/lib\libHCCD.a(safefat.o)
 .text._s_write
                0x2001e4a8      0x384 C:/Users/USER/Documents/GitHub/Base-Aug-2019/GlobusSatProject/..//hal/hcc/lib\libHCCD.a(safefat.o)
 .text._s_restoreclusters
                0x2001e82c      0x270 C:/Users/USER/Documents/GitHub/Base-Aug-2019/GlobusSatProject/..//hal/hcc/lib\libHCCD.a(safefat.o)
                0x2001e82c                _s_restoreclusters
 .text._s_findrestore
                0x2001ea9c      0x18c C:/Users/USER/Documents/GitHub/Base-Aug-2019/GlobusSatProject/..//hal/hcc/lib\libHCCD.a(safefat.o)
 .text._s_cmd_writede
                0x2001ec28       0xd8 C:/Users/USER/Documents/GitHub/Base-Aug-2019/GlobusSatProject/..//hal/hcc/lib\libHCCD.a(safefat.o)
 .text._s_cmd_setcluster
                0x2001ed00       0x88 C:/Users/USER/Documents/GitHub/Base-Aug-2019/GlobusSatProject/..//hal/hcc/lib\libHCCD.a(safefat.o)
 .text._s_cmd_deletechain
                0x2001ed88      0x100 C:/Users/USER/Documents/GitHub/Base-Aug-2019/GlobusSatProject/..//hal/hcc/lib\libHCCD.a(safefat.o)
 .text._s_cmd_validatecfn
                0x2001ee88      0x308 C:/Users/USER/Documents/GitHub/Base-Aug-2019/GlobusSatProject/..//hal/hcc/lib\libHCCD.a(safefat.o)
 .text._s_cmd_seteof
                0x2001f190      0x3c4 C:/Users/USER/Documents/GitHub/Base-Aug-2019/GlobusSatProject/..//hal/hcc/lib\libHCCD.a(safefat.o)
 .text.safe_docommands
                0x2001f554      0x56c C:/Users/USER/Documents/GitHub/Base-Aug-2019/GlobusSatProject/..//hal/hcc/lib\libHCCD.a(safefat.o)
                0x2001f554                safe_docommands
 .text.safe_entercommand
                0x2001fac0       0x68 C:/Users/USER/Documents/GitHub/Base-Aug-2019/GlobusSatProject/..//hal/hcc/lib\libHCCD.a(safefat.o)
                0x2001fac0                safe_entercommand
 .text.safe_ready
                0x2001fb28       0xf4 C:/Users/USER/Documents/GitHub/Base-Aug-2019/GlobusSatProject/..//hal/hcc/lib\libHCCD.a(safefat.o)
                0x2001fb28                safe_ready
 .text.safe_copycfn
                0x2001fc1c       0xb8 C:/Users/USER/Documents/GitHub/Base-Aug-2019/GlobusSatProject/..//hal/hcc/lib\libHCCD.a(safefat.o)
                0x2001fc1c                safe_copycfn
 .text.safe_cfremove
                0x2001fcd4       0xb8 C:/Users/USER/Documents/GitHub/Base-Aug-2019/GlobusSatProject/..//hal/hcc/lib\libHCCD.a(safefat.o)
                0x2001fcd4                safe_cfremove
 .text.safe_writede
                0x2001fd8c      0x104 C:/Users/USER/Documents/GitHub/Base-Aug-2019/GlobusSatProject/..//hal/hcc/lib\libHCCD.a(safefat.o)
                0x2001fd8c                safe_writede
 .text.safe_setcluster
                0x2001fe90       0xcc C:/Users/USER/Documents/GitHub/Base-Aug-2019/GlobusSatProject/..//hal/hcc/lib\libHCCD.a(safefat.o)
                0x2001fe90                safe_setcluster
 .text.safe_deletechain
                0x2001ff5c      0x1c8 C:/Users/USER/Documents/GitHub/Base-Aug-2019/GlobusSatProject/..//hal/hcc/lib\libHCCD.a(safefat.o)
                0x2001ff5c                safe_deletechain
 .text.safe_cfclose
                0x20020124      0x104 C:/Users/USER/Documents/GitHub/Base-Aug-2019/GlobusSatProject/..//hal/hcc/lib\libHCCD.a(safefat.o)
                0x20020124                safe_cfclose
 .text.safe_cfflush
                0x20020228      0x124 C:/Users/USER/Documents/GitHub/Base-Aug-2019/GlobusSatProject/..//hal/hcc/lib\libHCCD.a(safefat.o)
                0x20020228                safe_cfflush
 .text.safe_reset
                0x2002034c       0x78 C:/Users/USER/Documents/GitHub/Base-Aug-2019/GlobusSatProject/..//hal/hcc/lib\libHCCD.a(safefat.o)
                0x2002034c                safe_reset
 .text.safe_loadcommands
                0x200203c4       0x78 C:/Users/USER/Documents/GitHub/Base-Aug-2019/GlobusSatProject/..//hal/hcc/lib\libHCCD.a(safefat.o)
                0x200203c4                safe_loadcommands
 .text.safe_poweron
                0x2002043c      0x1fc C:/Users/USER/Documents/GitHub/Base-Aug-2019/GlobusSatProject/..//hal/hcc/lib\libHCCD.a(safefat.o)
                0x2002043c                safe_poweron
 .text.cf_getname
                0x20020638       0xc0 C:/Users/USER/Documents/GitHub/Base-Aug-2019/GlobusSatProject/..//hal/hcc/lib\libHCCD.a(safefat.o)
 .text.cf_copyclusterchain
                0x200206f8      0x138 C:/Users/USER/Documents/GitHub/Base-Aug-2019/GlobusSatProject/..//hal/hcc/lib\libHCCD.a(safefat.o)
 .text.cf_seektozero
                0x20020830       0x94 C:/Users/USER/Documents/GitHub/Base-Aug-2019/GlobusSatProject/..//hal/hcc/lib\libHCCD.a(safefat.o)
                0x20020830                cf_seektozero
 .text.cf_create
                0x200208c4      0x3a8 C:/Users/USER/Documents/GitHub/Base-Aug-2019/GlobusSatProject/..//hal/hcc/lib\libHCCD.a(safefat.o)
                0x200208c4                cf_create
 .text.cf_copyclustercontent
                0x20020c6c      0x128 C:/Users/USER/Documents/GitHub/Base-Aug-2019/GlobusSatProject/..//hal/hcc/lib\libHCCD.a(safefat.o)
                0x20020c6c                cf_copyclustercontent
 .text.cf_copycfn
                0x20020d94      0x4bc C:/Users/USER/Documents/GitHub/Base-Aug-2019/GlobusSatProject/..//hal/hcc/lib\libHCCD.a(safefat.o)
                0x20020d94                cf_copycfn
 .text.cf_remove
                0x20021250      0x344 C:/Users/USER/Documents/GitHub/Base-Aug-2019/GlobusSatProject/..//hal/hcc/lib\libHCCD.a(safefat.o)
                0x20021250                cf_remove
 .text.cf_setclusternew
                0x20021594       0xf0 C:/Users/USER/Documents/GitHub/Base-Aug-2019/GlobusSatProject/..//hal/hcc/lib\libHCCD.a(safefat.o)
                0x20021594                cf_setclusternew
 .text.cf_flush
                0x20021684       0x58 C:/Users/USER/Documents/GitHub/Base-Aug-2019/GlobusSatProject/..//hal/hcc/lib\libHCCD.a(safefat.o)
                0x20021684                cf_flush
 .text.cf_getcluster
                0x200216dc      0x1b4 C:/Users/USER/Documents/GitHub/Base-Aug-2019/GlobusSatProject/..//hal/hcc/lib\libHCCD.a(safefat.o)
                0x200216dc                cf_getcluster
 .text.cf_setnextcluster
                0x20021890      0x194 C:/Users/USER/Documents/GitHub/Base-Aug-2019/GlobusSatProject/..//hal/hcc/lib\libHCCD.a(safefat.o)
                0x20021890                cf_setnextcluster
 .text.cf_getpositions
                0x20021a24       0xbc C:/Users/USER/Documents/GitHub/Base-Aug-2019/GlobusSatProject/..//hal/hcc/lib\libHCCD.a(safefat.o)
                0x20021a24                cf_getpositions
 .text.cf_setpositions
                0x20021ae0       0xb0 C:/Users/USER/Documents/GitHub/Base-Aug-2019/GlobusSatProject/..//hal/hcc/lib\libHCCD.a(safefat.o)
                0x20021ae0                cf_setpositions
 .text.cf_opensyncafile
                0x20021b90      0x150 C:/Users/USER/Documents/GitHub/Base-Aug-2019/GlobusSatProject/..//hal/hcc/lib\libHCCD.a(safefat.o)
                0x20021b90                cf_opensyncafile
 .text.cf_reloadcfo
                0x20021ce0       0xd8 C:/Users/USER/Documents/GitHub/Base-Aug-2019/GlobusSatProject/..//hal/hcc/lib\libHCCD.a(safefat.o)
                0x20021ce0                cf_reloadcfo
 .text.mcipdc_cmd
                0x20021db8      0x22c C:/Users/USER/Documents/GitHub/Base-Aug-2019/GlobusSatProject/..//hal/hcc/lib\libHCCD.a(atmel_mcipdc.o)
 .text.mcipdc_stop
                0x20021fe4       0xfc C:/Users/USER/Documents/GitHub/Base-Aug-2019/GlobusSatProject/..//hal/hcc/lib\libHCCD.a(atmel_mcipdc.o)
                0x20021fe4                mcipdc_stop
 .text.mcipdc_read
                0x200220e0      0x27c C:/Users/USER/Documents/GitHub/Base-Aug-2019/GlobusSatProject/..//hal/hcc/lib\libHCCD.a(atmel_mcipdc.o)
 .text.mcipdc_write
                0x2002235c      0x298 C:/Users/USER/Documents/GitHub/Base-Aug-2019/GlobusSatProject/..//hal/hcc/lib\libHCCD.a(atmel_mcipdc.o)
 .text.mcipdc_readsector
                0x200225f4       0x9c C:/Users/USER/Documents/GitHub/Base-Aug-2019/GlobusSatProject/..//hal/hcc/lib\libHCCD.a(atmel_mcipdc.o)
                0x200225f4                mcipdc_readsector
 .text.mcipdc_readmultiplesector
                0x20022690      0x124 C:/Users/USER/Documents/GitHub/Base-Aug-2019/GlobusSatProject/..//hal/hcc/lib\libHCCD.a(atmel_mcipdc.o)
                0x20022690                mcipdc_readmultiplesector
 .text.mcipdc_writesector
                0x200227b4       0x90 C:/Users/USER/Documents/GitHub/Base-Aug-2019/GlobusSatProject/..//hal/hcc/lib\libHCCD.a(atmel_mcipdc.o)
                0x200227b4                mcipdc_writesector
 .text.mcipdc_writemultiplesector
                0x20022844      0x120 C:/Users/USER/Documents/GitHub/Base-Aug-2019/GlobusSatProject/..//hal/hcc/lib\libHCCD.a(atmel_mcipdc.o)
                0x20022844                mcipdc_writemultiplesector
 .text.mcipdc_set_speed
                0x20022964       0xb0 C:/Users/USER/Documents/GitHub/Base-Aug-2019/GlobusSatProject/..//hal/hcc/lib\libHCCD.a(atmel_mcipdc.o)
 .text.mcipdc_get_speed
                0x20022a14       0x48 C:/Users/USER/Documents/GitHub/Base-Aug-2019/GlobusSatProject/..//hal/hcc/lib\libHCCD.a(atmel_mcipdc.o)
 .text._get_csd_bits
                0x20022a5c      0x14c C:/Users/USER/Documents/GitHub/Base-Aug-2019/GlobusSatProject/..//hal/hcc/lib\libHCCD.a(atmel_mcipdc.o)
 .text.mcipdc_initcard
                0x20022ba8      0x8f4 C:/Users/USER/Documents/GitHub/Base-Aug-2019/GlobusSatProject/..//hal/hcc/lib\libHCCD.a(atmel_mcipdc.o)
 .text.mcipdc_getstatus
                0x2002349c       0xe8 C:/Users/USER/Documents/GitHub/Base-Aug-2019/GlobusSatProject/..//hal/hcc/lib\libHCCD.a(atmel_mcipdc.o)
 .text.mcipdc_getphy
                0x20023584       0x90 C:/Users/USER/Documents/GitHub/Base-Aug-2019/GlobusSatProject/..//hal/hcc/lib\libHCCD.a(atmel_mcipdc.o)
 .text.mcipdc_release
                0x20023614       0x50 C:/Users/USER/Documents/GitHub/Base-Aug-2019/GlobusSatProject/..//hal/hcc/lib\libHCCD.a(atmel_mcipdc.o)
 .text.atmel_mcipdc_initfunc
                0x20023664      0x160 C:/Users/USER/Documents/GitHub/Base-Aug-2019/GlobusSatProject/..//hal/hcc/lib\libHCCD.a(atmel_mcipdc.o)
                0x20023664                atmel_mcipdc_initfunc
 .text.oal_mutex_create
                0x200237c4       0x54 C:/Users/USER/Documents/GitHub/Base-Aug-2019/GlobusSatProject/..//hal/hcc/lib\libHCCD.a(oalp_mutex.o)
                0x200237c4                oal_mutex_create
 .text.oal_mutex_delete
                0x20023818       0x30 C:/Users/USER/Documents/GitHub/Base-Aug-2019/GlobusSatProject/..//hal/hcc/lib\libHCCD.a(oalp_mutex.o)
                0x20023818                oal_mutex_delete
 .text.oal_mutex_get
                0x20023848       0x58 C:/Users/USER/Documents/GitHub/Base-Aug-2019/GlobusSatProject/..//hal/hcc/lib\libHCCD.a(oalp_mutex.o)
                0x20023848                oal_mutex_get
 .text.oal_mutex_put
                0x200238a0       0x58 C:/Users/USER/Documents/GitHub/Base-Aug-2019/GlobusSatProject/..//hal/hcc/lib\libHCCD.a(oalp_mutex.o)
                0x200238a0                oal_mutex_put
 .text.oal_task_get_id
                0x200238f8       0x18 C:/Users/USER/Documents/GitHub/Base-Aug-2019/GlobusSatProject/..//hal/hcc/lib\libHCCD.a(oalp_task.o)
                0x200238f8                oal_task_get_id
 .text.mcipdc_hw_init
                0x20023910       0xe8 C:/Users/USER/Documents/GitHub/Base-Aug-2019/GlobusSatProject/..//hal/hcc/lib\libHCCD.a(atmel_mcipdc_hw.o)
                0x20023910                mcipdc_hw_init
 .text.mcipdc_hw_delete
                0x200239f8       0x78 C:/Users/USER/Documents/GitHub/Base-Aug-2019/GlobusSatProject/..//hal/hcc/lib\libHCCD.a(atmel_mcipdc_hw.o)
                0x200239f8                mcipdc_hw_delete
 .text.mcipdc_hw_card_plugged
                0x20023a70       0x1c C:/Users/USER/Documents/GitHub/Base-Aug-2019/GlobusSatProject/..//hal/hcc/lib\libHCCD.a(atmel_mcipdc_hw.o)
                0x20023a70                mcipdc_hw_card_plugged
 .text.mcipdc_hw_card_writeprotect
                0x20023a8c       0x1c C:/Users/USER/Documents/GitHub/Base-Aug-2019/GlobusSatProject/..//hal/hcc/lib\libHCCD.a(atmel_mcipdc_hw.o)
                0x20023a8c                mcipdc_hw_card_writeprotect
 .text.psp_getcurrenttimedate
                0x20023aa8       0x8c C:/Users/USER/Documents/GitHub/Base-Aug-2019/GlobusSatProject/..//hal/hcc/lib\libHCCD.a(psp_rtc.o)
                0x20023aa8                psp_getcurrenttimedate
 .text._hcc_get_buf_dsc
                0x20023b34       0x8c C:/Users/USER/Documents/GitHub/Base-Aug-2019/GlobusSatProject/..//hal/hcc/lib\libHCCD.a(hcc_mem.o)
 .text._hcc_check_free_pages
                0x20023bc0      0x18c C:/Users/USER/Documents/GitHub/Base-Aug-2019/GlobusSatProject/..//hal/hcc/lib\libHCCD.a(hcc_mem.o)
 .text._hcc_mark_pages
                0x20023d4c      0x158 C:/Users/USER/Documents/GitHub/Base-Aug-2019/GlobusSatProject/..//hal/hcc/lib\libHCCD.a(hcc_mem.o)
 .text._hcc_clear_lock_dsc
                0x20023ea4       0x80 C:/Users/USER/Documents/GitHub/Base-Aug-2019/GlobusSatProject/..//hal/hcc/lib\libHCCD.a(hcc_mem.o)
 .text._hcc_lock_access
                0x20023f24      0x128 C:/Users/USER/Documents/GitHub/Base-Aug-2019/GlobusSatProject/..//hal/hcc/lib\libHCCD.a(hcc_mem.o)
 .text._hcc_unlock_access
                0x2002404c       0x30 C:/Users/USER/Documents/GitHub/Base-Aug-2019/GlobusSatProject/..//hal/hcc/lib\libHCCD.a(hcc_mem.o)
 .text.hcc_mem_alloc
                0x2002407c      0x454 C:/Users/USER/Documents/GitHub/Base-Aug-2019/GlobusSatProject/..//hal/hcc/lib\libHCCD.a(hcc_mem.o)
                0x2002407c                hcc_mem_alloc
 .text.hcc_mem_free
                0x200244d0      0x178 C:/Users/USER/Documents/GitHub/Base-Aug-2019/GlobusSatProject/..//hal/hcc/lib\libHCCD.a(hcc_mem.o)
                0x200244d0                hcc_mem_free
 .text.hcc_mem_add
                0x20024648      0x3b0 C:/Users/USER/Documents/GitHub/Base-Aug-2019/GlobusSatProject/..//hal/hcc/lib\libHCCD.a(hcc_mem.o)
                0x20024648                hcc_mem_add
 .text.hcc_mem_init