Archive member included because of file (symbol)

c:/isis/application/toolchain/bin/../lib/gcc/arm-none-eabi/4.7.4/../../../../arm-none-eabi/lib\libc_s.a(lib_a-vfprintf_float.o)
                              (_printf_float)
c:/isis/application/toolchain/bin/../lib/gcc/arm-none-eabi/4.7.4/../../../../arm-none-eabi/lib\libc_s.a(lib_a-vfprintf_i.o)
                              c:/isis/application/toolchain/bin/../lib/gcc/arm-none-eabi/4.7.4/../../../../arm-none-eabi/lib\libc_s.a(lib_a-vfprintf_float.o) (_printf_common)
c:/isis/application/toolchain/bin/../lib/gcc/arm-none-eabi/4.7.4/../../../../arm-none-eabi/lib\libc_s.a(lib_a-vfscanf_float.o)
                              (_scanf_float)
c:/isis/application/toolchain/bin/../lib/gcc/arm-none-eabi/4.7.4/../../../../arm-none-eabi/lib\libc_s.a(lib_a-dtoa.o)
                              c:/isis/application/toolchain/bin/../lib/gcc/arm-none-eabi/4.7.4/../../../../arm-none-eabi/lib\libc_s.a(lib_a-vfprintf_float.o) (_dtoa_r)
c:/isis/application/toolchain/bin/../lib/gcc/arm-none-eabi/4.7.4/../../../../arm-none-eabi/lib\libc_s.a(lib_a-locale.o)
                              c:/isis/application/toolchain/bin/../lib/gcc/arm-none-eabi/4.7.4/../../../../arm-none-eabi/lib\libc_s.a(lib_a-vfprintf_float.o) (_localeconv_r)
c:/isis/application/toolchain/bin/../lib/gcc/arm-none-eabi/4.7.4/../../../../arm-none-eabi/lib\libc_s.a(lib_a-malloc.o)
                              c:/isis/application/toolchain/bin/../lib/gcc/arm-none-eabi/4.7.4/../../../../arm-none-eabi/lib\libc_s.a(lib_a-dtoa.o) (malloc)
c:/isis/application/toolchain/bin/../lib/gcc/arm-none-eabi/4.7.4/../../../../arm-none-eabi/lib\libc_s.a(lib_a-mallocr.o)
                              c:/isis/application/toolchain/bin/../lib/gcc/arm-none-eabi/4.7.4/../../../../arm-none-eabi/lib\libc_s.a(lib_a-malloc.o) (_malloc_r)
c:/isis/application/toolchain/bin/../lib/gcc/arm-none-eabi/4.7.4/../../../../arm-none-eabi/lib\libc_s.a(lib_a-memcpy.o)
                              c:/isis/application/toolchain/bin/../lib/gcc/arm-none-eabi/4.7.4/../../../../arm-none-eabi/lib\libc_s.a(lib_a-dtoa.o) (memcpy)
c:/isis/application/toolchain/bin/../lib/gcc/arm-none-eabi/4.7.4/../../../../arm-none-eabi/lib\libc_s.a(lib_a-mprec.o)
                              c:/isis/application/toolchain/bin/../lib/gcc/arm-none-eabi/4.7.4/../../../../arm-none-eabi/lib\libc_s.a(lib_a-dtoa.o) (_Balloc)
c:/isis/application/toolchain/bin/../lib/gcc/arm-none-eabi/4.7.4/../../../../arm-none-eabi/lib\libc_s.a(lib_a-s_fpclassify.o)
                              c:/isis/application/toolchain/bin/../lib/gcc/arm-none-eabi/4.7.4/../../../../arm-none-eabi/lib\libc_s.a(lib_a-vfprintf_float.o) (__fpclassifyd)
c:/isis/application/toolchain/bin/../lib/gcc/arm-none-eabi/4.7.4/../../../../arm-none-eabi/lib\libc_s.a(lib_a-sbrkr.o)
                              c:/isis/application/toolchain/bin/../lib/gcc/arm-none-eabi/4.7.4/../../../../arm-none-eabi/lib\libc_s.a(lib_a-mallocr.o) (_sbrk_r)
c:/isis/application/toolchain/bin/../lib/gcc/arm-none-eabi/4.7.4/../../../../arm-none-eabi/lib\libc_s.a(lib_a-sf_nan.o)
                              c:/isis/application/toolchain/bin/../lib/gcc/arm-none-eabi/4.7.4/../../../../arm-none-eabi/lib\libc_s.a(lib_a-vfscanf_float.o) (nanf)
c:/isis/application/toolchain/bin/../lib/gcc/arm-none-eabi/4.7.4/../../../../arm-none-eabi/lib\libc_s.a(lib_a-sprintf.o)
                              c:/isis/application/toolchain/bin/../lib/gcc/arm-none-eabi/4.7.4/../../../../arm-none-eabi/lib\libc_s.a(lib_a-vfscanf_float.o) (sprintf)
c:/isis/application/toolchain/bin/../lib/gcc/arm-none-eabi/4.7.4/../../../../arm-none-eabi/lib\libc_s.a(lib_a-strcmp.o)
                              c:/isis/application/toolchain/bin/../lib/gcc/arm-none-eabi/4.7.4/../../../../arm-none-eabi/lib\libc_s.a(lib_a-locale.o) (strcmp)
c:/isis/application/toolchain/bin/../lib/gcc/arm-none-eabi/4.7.4/../../../../arm-none-eabi/lib\libc_s.a(lib_a-strlen.o)
                              c:/isis/application/toolchain/bin/../lib/gcc/arm-none-eabi/4.7.4/../../../../arm-none-eabi/lib\libc_s.a(lib_a-vfprintf_float.o) (strlen)
c:/isis/application/toolchain/bin/../lib/gcc/arm-none-eabi/4.7.4/../../../../arm-none-eabi/lib\libc_s.a(lib_a-strtod.o)
                              c:/isis/application/toolchain/bin/../lib/gcc/arm-none-eabi/4.7.4/../../../../arm-none-eabi/lib\libc_s.a(lib_a-vfscanf_float.o) (_strtod_r)
c:/isis/application/toolchain/bin/../lib/gcc/arm-none-eabi/4.7.4/../../../../arm-none-eabi/lib\libc_s.a(lib_a-strtol.o)
                              c:/isis/application/toolchain/bin/../lib/gcc/arm-none-eabi/4.7.4/../../../../arm-none-eabi/lib\libc_s.a(lib_a-vfscanf_float.o) (_strtol_r)
c:/isis/application/toolchain/bin/../lib/gcc/arm-none-eabi/4.7.4/../../../../arm-none-eabi/lib\libc_s.a(lib_a-svfprintf.o)
                              c:/isis/application/toolchain/bin/../lib/gcc/arm-none-eabi/4.7.4/../../../../arm-none-eabi/lib\libc_s.a(lib_a-sprintf.o) (_svfprintf_r)
[...]
Memory Configuration

Name             Origin             Length             Attributes
sram0            0x00200000         0x00004000         w !xr
sram1            0x00300000         0x00004000         w !xr
sdram            0x20000000         0x02000000         w !xr
*default*        0x00000000         0xffffffff

Linker script and memory map

LOAD c:/isis/application/toolchain/bin/../lib/gcc/arm-none-eabi/4.7.4/../../../../arm-none-eabi/lib\libc_s.a
LOAD ./src/TestingDemos/CommandsTestingDemo.o
LOAD ./src/TestingDemos/EpsTestingDemo.o
LOAD ./src/TestingDemos/FileSystemTestingDemo.o
LOAD ./src/TestingDemos/MainTest.o
LOAD ./src/TestingDemos/MaintenanceTestingDemo.o
LOAD ./src/TestingDemos/TelemetryTestingDemo.o
LOAD ./src/TestingDemos/TrxvuTestingDemo.o
LOAD ./src/SubSystemModules/PowerManagment/EPS.o
LOAD ./src/SubSystemModules/PowerManagment/EPSOperationModes.o
LOAD ./src/SubSystemModules/Maintenance/Maintenance.o
LOAD ./src/SubSystemModules/Housekepping/Dump.o
LOAD ./src/SubSystemModules/Housekepping/TelemetryCollector.o
LOAD ./src/SubSystemModules/Communication/SubsystemCommands/EPS_Commands.o
LOAD ./src/SubSystemModules/Communication/SubsystemCommands/FS_Commands.o
LOAD ./src/SubSystemModules/Communication/SubsystemCommands/Maintanence_Commands.o
LOAD ./src/SubSystemModules/Communication/SubsystemCommands/TRXVU_Commands.o
LOAD ./src/SubSystemModules/Communication/AckHandler.o
LOAD ./src/SubSystemModules/Communication/ActUponCommand.o
LOAD ./src/SubSystemModules/Communication/Beacon.o
LOAD ./src/SubSystemModules/Communication/CommandDictionary.o
LOAD ./src/SubSystemModules/Communication/SatCommandHandler.o
LOAD ./src/SubSystemModules/Communication/SatDataTx.o
LOAD ./src/SubSystemModules/Communication/TRXVU.o
LOAD ./src/InitSystem.o
LOAD ./src/TLM_management.o
LOAD ./src/main.o
LOAD C:/GivatShmuel/Base-Aug-2019/GlobusSatProject/..//hal/hal/lib\libHALD.a
LOAD C:/GivatShmuel/Base-Aug-2019/GlobusSatProject/..//hal/hcc/lib\libHCCD.a
LOAD C:/ISIS/workspace/satellite-subsystems/satellite-subsystems/lib\libSatelliteSubsystemsD.a
LOAD C:/GivatShmuel/Base-Aug-2019/GlobusSatProject/..//hal/freertos/lib\libFreeRTOSD.a
LOAD C:/GivatShmuel/Base-Aug-2019/GlobusSatProject/..//hal/at91/lib\libAt91D.a
START GROUP
LOAD c:/isis/application/toolchain/bin/../lib/gcc/arm-none-eabi/4.7.4\libgcc.a
LOAD c:/isis/application/toolchain/bin/../lib/gcc/arm-none-eabi/4.7.4/../../../../arm-none-eabi/lib\libc_s.a
END GROUP

.fixed          0x20000000    0x2f7d0
                0x20000000                . = ALIGN (0x4)
                0x20000000                _sfixed = .
 *(.startup)
 .startup       0x20000000      0x134 C:/GivatShmuel/Base-Aug-2019/GlobusSatProject/..//hal/at91/lib\libAt91D.a(board_cstartup.o)
                0x20000000                entry
 *(.text)
 .text          0x20000134       0x64 C:/GivatShmuel/Base-Aug-2019/GlobusSatProject/..//hal/at91/lib\libAt91D.a(cp15_asm.o)
                0x20000134                _readControlRegister
                0x20000140                _writeControlRegister
                0x20000148                _waitForInterrupt
                0x20000154                _writeTTB
                0x2000015c                _writeDomain
                0x20000164                _writeITLBLockdown
                0x2000016c                _prefetchICacheLine
                0x20000174                _flushDCache
                0x20000180                _flushWriteBuffer
                0x2000018c                _invalidateIDTLBs
 .text          0x20000198      0x114 c:/isis/application/toolchain/bin/../lib/gcc/arm-none-eabi/4.7.4\libgcc.a(_udivsi3.o)
                0x20000198                __aeabi_uidiv
                0x20000198                __udivsi3
                0x2000028c                __aeabi_uidivmod
 .text          0x200002ac      0x148 c:/isis/application/toolchain/bin/../lib/gcc/arm-none-eabi/4.7.4\libgcc.a(_divsi3.o)
                0x200002ac                __divsi3
                0x200002ac                __aeabi_idiv
                0x200003d4                __aeabi_idivmod
 .text          0x200003f4        0x4 c:/isis/application/toolchain/bin/../lib/gcc/arm-none-eabi/4.7.4\libgcc.a(_dvmd_tls.o)
                0x200003f4                __aeabi_idiv0
                0x200003f4                __aeabi_ldiv0
 .text          0x200003f8      0x41c c:/isis/application/toolchain/bin/../lib/gcc/arm-none-eabi/4.7.4\libgcc.a(_arm_addsubdf3.o)
                0x200003f8                __aeabi_drsub
                0x20000400                __aeabi_dsub
                0x20000400                __subdf3
                0x20000404                __aeabi_dadd
                0x20000404                __adddf3
                0x20000714                __floatunsidf
                0x20000714                __aeabi_ui2d
                0x20000738                __floatsidf
                0x20000738                __aeabi_i2d
                0x20000760                __aeabi_f2d
                0x20000760                __extendsfdf2
                0x200007a0                __floatundidf
                0x200007a0                __aeabi_ul2d
                0x200007b4                __floatdidf
                0x200007b4                __aeabi_l2d
 .text          0x20000814      0x49c c:/isis/application/toolchain/bin/../lib/gcc/arm-none-eabi/4.7.4\libgcc.a(_arm_muldivdf3.o)
                0x20000814                __aeabi_dmul
                0x20000814                __muldf3
                0x20000aa4                __divdf3
                0x20000aa4                __aeabi_ddiv
 .text          0x20000cb0      0x144 c:/isis/application/toolchain/bin/../lib/gcc/arm-none-eabi/4.7.4\libgcc.a(_arm_cmpdf2.o)
                0x20000cb0                __gtdf2
                0x20000cb0                __gedf2
                0x20000cb8                __ltdf2
                0x20000cb8                __ledf2
                0x20000cc0                __nedf2
                0x20000cc0                __eqdf2
                0x20000cc0                __cmpdf2
                0x20000d48                __aeabi_cdrcmple
                0x20000d64                __aeabi_cdcmpeq
                0x20000d64                __aeabi_cdcmple
                0x20000d7c                __aeabi_dcmpeq
                0x20000d94                __aeabi_dcmplt
                0x20000dac                __aeabi_dcmple
                0x20000dc4                __aeabi_dcmpge
                0x20000ddc                __aeabi_dcmpgt
 .text          0x20000df4       0x5c c:/isis/application/toolchain/bin/../lib/gcc/arm-none-eabi/4.7.4\libgcc.a(_arm_fixdfsi.o)
                0x20000df4                __aeabi_d2iz
                0x20000df4                __fixdfsi
 .text          0x20000e50       0x54 c:/isis/application/toolchain/bin/../lib/gcc/arm-none-eabi/4.7.4\libgcc.a(_arm_fixunsdfsi.o)
                0x20000e50                __aeabi_d2uiz
                0x20000e50                __fixunsdfsi
 .text          0x20000ea4       0xa0 c:/isis/application/toolchain/bin/../lib/gcc/arm-none-eabi/4.7.4\libgcc.a(_arm_truncdfsf2.o)
                0x20000ea4                __truncdfsf2
                0x20000ea4                __aeabi_d2f
 .text          0x20000f44      0x2ac c:/isis/application/toolchain/bin/../lib/gcc/arm-none-eabi/4.7.4\libgcc.a(_arm_addsubsf3.o)
                0x20000f44                __aeabi_frsub
                0x20000f4c                __subsf3
                0x20000f4c                __aeabi_fsub
                0x20000f50                __aeabi_fadd
                0x20000f50                __addsf3
                0x2000110c                __aeabi_ui2f
                0x2000110c                __floatunsisf
                0x20001114                __aeabi_i2f
                0x20001114                __floatsisf
                0x20001134                __aeabi_ul2f
                0x20001134                __floatundisf
                0x20001144                __aeabi_l2f
                0x20001144                __floatdisf
 .text          0x200011f0      0x2f8 c:/isis/application/toolchain/bin/../lib/gcc/arm-none-eabi/4.7.4\libgcc.a(_arm_muldivsf3.o)
                0x200011f0                __mulsf3
                0x200011f0                __aeabi_fmul
                0x20001388                __aeabi_fdiv
                0x20001388                __divsf3
 .text          0x200014e8      0x114 c:/isis/application/toolchain/bin/../lib/gcc/arm-none-eabi/4.7.4\libgcc.a(_arm_cmpsf2.o)
                0x200014e8                __gesf2
                0x200014e8                __gtsf2
                0x200014f0                __lesf2
                0x200014f0                __ltsf2
                0x200014f8                __nesf2
                0x200014f8                __eqsf2
                0x200014f8                __cmpsf2
                0x2000155c                __aeabi_cfrcmple
                0x2000156c                __aeabi_cfcmpeq
                0x2000156c                __aeabi_cfcmple
                0x20001584                __aeabi_fcmpeq
                0x2000159c                __aeabi_fcmplt
                0x200015b4                __aeabi_fcmple
                0x200015cc                __aeabi_fcmpge
                0x200015e4                __aeabi_fcmpgt
 .text          0x200015fc       0x54 c:/isis/application/toolchain/bin/../lib/gcc/arm-none-eabi/4.7.4\libgcc.a(_arm_fixunssfsi.o)
                0x200015fc                __fixunssfsi
                0x200015fc                __aeabi_f2uiz
 *(.text*)
 .text.__cvt    0x20001650      0x138 c:/isis/application/toolchain/bin/../lib/gcc/arm-none-eabi/4.7.4/../../../../arm-none-eabi/lib\libc_s.a(lib_a-vfprintf_float.o)
                0x20001650                __cvt
 .text.__exponent
                0x20001788       0xa8 c:/isis/application/toolchain/bin/../lib/gcc/arm-none-eabi/4.7.4/../../../../arm-none-eabi/lib\libc_s.a(lib_a-vfprintf_float.o)
                0x20001788                __exponent
 .text._printf_float
                0x20001830      0x7dc c:/isis/application/toolchain/bin/../lib/gcc/arm-none-eabi/4.7.4/../../../../arm-none-eabi/lib\libc_s.a(lib_a-vfprintf_float.o)
                0x20001830                _printf_float
 .text._printf_common
                0x2000200c      0x174 c:/isis/application/toolchain/bin/../lib/gcc/arm-none-eabi/4.7.4/../../../../arm-none-eabi/lib\libc_s.a(lib_a-vfprintf_i.o)
                0x2000200c                _printf_common
 .text._printf_i
                0x20002180      0x3c4 c:/isis/application/toolchain/bin/../lib/gcc/arm-none-eabi/4.7.4/../../../../arm-none-eabi/lib\libc_s.a(lib_a-vfprintf_i.o)
                0x20002180                _printf_i
 .text._scanf_float
                0x20002544      0x5f4 c:/isis/application/toolchain/bin/../lib/gcc/arm-none-eabi/4.7.4/../../../../arm-none-eabi/lib\libc_s.a(lib_a-vfscanf_float.o)
                0x20002544                _scanf_float
 .text.quorem   0x20002b38      0x1ac c:/isis/application/toolchain/bin/../lib/gcc/arm-none-eabi/4.7.4/../../../../arm-none-eabi/lib\libc_s.a(lib_a-dtoa.o)
 .text._dtoa_r  0x20002ce4     0x1268 c:/isis/application/toolchain/bin/../lib/gcc/arm-none-eabi/4.7.4/../../../../arm-none-eabi/lib\libc_s.a(lib_a-dtoa.o)
                0x20002ce4                _dtoa_r
 .text._localeconv_r
                0x20003f4c        0xc c:/isis/application/toolchain/bin/../lib/gcc/arm-none-eabi/4.7.4/../../../../arm-none-eabi/lib\libc_s.a(lib_a-locale.o)
                0x20003f4c                _localeconv_r
 .text.malloc   0x20003f58       0x20 c:/isis/application/toolchain/bin/../lib/gcc/arm-none-eabi/4.7.4/../../../../arm-none-eabi/lib\libc_s.a(lib_a-malloc.o)
                0x20003f58                malloc
 .text.free     0x20003f78       0x20 c:/isis/application/toolchain/bin/../lib/gcc/arm-none-eabi/4.7.4/../../../../arm-none-eabi/lib\libc_s.a(lib_a-malloc.o)
                0x20003f78                free
 .text._malloc_r
                0x20003f98       0xfc c:/isis/application/toolchain/bin/../lib/gcc/arm-none-eabi/4.7.4/../../../../arm-none-eabi/lib\libc_s.a(lib_a-mallocr.o)
                0x20003f98                _malloc_r
 .text.memcpy   0x20004094       0x20 c:/isis/application/toolchain/bin/../lib/gcc/arm-none-eabi/4.7.4/../../../../arm-none-eabi/lib\libc_s.a(lib_a-memcpy.o)
                0x20004094                memcpy
 .text._Balloc  0x200040b4       0xcc c:/isis/application/toolchain/bin/../lib/gcc/arm-none-eabi/4.7.4/../../../../arm-none-eabi/lib\libc_s.a(lib_a-mprec.o)
                0x200040b4                _Balloc
 .text._Bfree   0x20004180       0x5c c:/isis/application/toolchain/bin/../lib/gcc/arm-none-eabi/4.7.4/../../../../arm-none-eabi/lib\libc_s.a(lib_a-mprec.o)
                0x20004180                _Bfree
 .text.__multadd
                0x200041dc       0xbc c:/isis/application/toolchain/bin/../lib/gcc/arm-none-eabi/4.7.4/../../../../arm-none-eabi/lib\libc_s.a(lib_a-mprec.o)
                0x200041dc                __multadd
 .text.__s2b    0x20004298       0xd8 c:/isis/application/toolchain/bin/../lib/gcc/arm-none-eabi/4.7.4/../../../../arm-none-eabi/lib\libc_s.a(lib_a-mprec.o)
                0x20004298                __s2b
 .text.__hi0bits
                0x20004370       0x58 c:/isis/application/toolchain/bin/../lib/gcc/arm-none-eabi/4.7.4/../../../../arm-none-eabi/lib\libc_s.a(lib_a-mprec.o)
                0x20004370                __hi0bits
 .text.__lo0bits
                0x200043c8       0x94 c:/isis/application/toolchain/bin/../lib/gcc/arm-none-eabi/4.7.4/../../../../arm-none-eabi/lib\libc_s.a(lib_a-mprec.o)
                0x200043c8                __lo0bits
 .text.__i2b    0x2000445c       0x24 c:/isis/application/toolchain/bin/../lib/gcc/arm-none-eabi/4.7.4/../../../../arm-none-eabi/lib\libc_s.a(lib_a-mprec.o)
                0x2000445c                __i2b
 .text.__multiply
                0x20004480      0x1ac c:/isis/application/toolchain/bin/../lib/gcc/arm-none-eabi/4.7.4/../../../../arm-none-eabi/lib\libc_s.a(lib_a-mprec.o)
                0x20004480                __multiply
 .text.__pow5mult
                0x2000462c      0x10c c:/isis/application/toolchain/bin/../lib/gcc/arm-none-eabi/4.7.4/../../../../arm-none-eabi/lib\libc_s.a(lib_a-mprec.o)
                0x2000462c                __pow5mult
 .text.__lshift
                0x20004738       0xf0 c:/isis/application/toolchain/bin/../lib/gcc/arm-none-eabi/4.7.4/../../../../arm-none-eabi/lib\libc_s.a(lib_a-mprec.o)
                0x20004738                __lshift
 .text.__mcmp   0x20004828       0x60 c:/isis/application/toolchain/bin/../lib/gcc/arm-none-eabi/4.7.4/../../../../arm-none-eabi/lib\libc_s.a(lib_a-mprec.o)
                0x20004828                __mcmp
 .text.__mdiff  0x20004888      0x128 c:/isis/application/toolchain/bin/../lib/gcc/arm-none-eabi/4.7.4/../../../../arm-none-eabi/lib\libc_s.a(lib_a-mprec.o)
                0x20004888                __mdiff
 .text.__ulp    0x200049b0       0x5c c:/isis/application/toolchain/bin/../lib/gcc/arm-none-eabi/4.7.4/../../../../arm-none-eabi/lib\libc_s.a(lib_a-mprec.o)
                0x200049b0                __ulp
 .text.__b2d    0x20004a0c       0xc8 c:/isis/application/toolchain/bin/../lib/gcc/arm-none-eabi/4.7.4/../../../../arm-none-eabi/lib\libc_s.a(lib_a-mprec.o)
                0x20004a0c                __b2d
 .text.__d2b    0x20004ad4       0xfc c:/isis/application/toolchain/bin/../lib/gcc/arm-none-eabi/4.7.4/../../../../arm-none-eabi/lib\libc_s.a(lib_a-mprec.o)
                0x20004ad4                __d2b
 .text.__ratio  0x20004bd0       0x70 c:/isis/application/toolchain/bin/../lib/gcc/arm-none-eabi/4.7.4/../../../../arm-none-eabi/lib\libc_s.a(lib_a-mprec.o)
                0x20004bd0                __ratio
 .text.__copybits
                0x20004c40       0x4c c:/isis/application/toolchain/bin/../lib/gcc/arm-none-eabi/4.7.4/../../../../arm-none-eabi/lib\libc_s.a(lib_a-mprec.o)
                0x20004c40                __copybits
 .text.__any_on
                0x20004c8c       0x7c c:/isis/application/toolchain/bin/../lib/gcc/arm-none-eabi/4.7.4/../../../../arm-none-eabi/lib\libc_s.a(lib_a-mprec.o)
                0x20004c8c                __any_on
 .text.__fpclassifyd
                0x20004d08       0x6c c:/isis/application/toolchain/bin/../lib/gcc/arm-none-eabi/4.7.4/../../../../arm-none-eabi/lib\libc_s.a(lib_a-s_fpclassify.o)
                0x20004d08                __fpclassifyd
 .text._sbrk_r  0x20004d74       0x3c c:/isis/application/toolchain/bin/../lib/gcc/arm-none-eabi/4.7.4/../../../../arm-none-eabi/lib\libc_s.a(lib_a-sbrkr.o)
                0x20004d74                _sbrk_r
 .text.nanf     0x20004db0        0xc c:/isis/application/toolchain/bin/../lib/gcc/arm-none-eabi/4.7.4/../../../../arm-none-eabi/lib\libc_s.a(lib_a-sf_nan.o)
                0x20004db0                nanf
 .text.sprintf  0x20004dbc       0x6c c:/isis/application/toolchain/bin/../lib/gcc/arm-none-eabi/4.7.4/../../../../arm-none-eabi/lib\libc_s.a(lib_a-sprintf.o)
                0x20004dbc                siprintf
                0x20004dbc                sprintf
 .text.strcmp   0x20004e28       0x1c c:/isis/application/toolchain/bin/../lib/gcc/arm-none-eabi/4.7.4/../../../../arm-none-eabi/lib\libc_s.a(lib_a-strcmp.o)
                0x20004e28                strcmp
 .text.strlen   0x20004e44       0x1c c:/isis/application/toolchain/bin/../lib/gcc/arm-none-eabi/4.7.4/../../../../arm-none-eabi/lib\libc_s.a(lib_a-strlen.o)
                0x20004e44                strlen
 .text.match    0x20004e60       0x54 c:/isis/application/toolchain/bin/../lib/gcc/arm-none-eabi/4.7.4/../../../../arm-none-eabi/lib\libc_s.a(lib_a-strtod.o)
 .text._strtod_r
                0x20004eb4     0x1168 c:/isis/application/toolchain/bin/../lib/gcc/arm-none-eabi/4.7.4/../../../../arm-none-eabi/lib\libc_s.a(lib_a-strtod.o)
                0x20004eb4                _strtod_r
 .text._strtol_r
                0x2000601c      0x1b8 c:/isis/application/toolchain/bin/../lib/gcc/arm-none-eabi/4.7.4/../../../../arm-none-eabi/lib\libc_s.a(lib_a-strtol.o)
                0x2000601c                _strtol_r
 .text.__ssputc_r
                0x200061d4      0x10c c:/isis/application/toolchain/bin/../lib/gcc/arm-none-eabi/4.7.4/../../../../arm-none-eabi/lib\libc_s.a(lib_a-svfprintf.o)
                0x200061d4                __ssputc_r
 .text._svfprintf_r
                0x200062e0      0x328 c:/isis/application/toolchain/bin/../lib/gcc/arm-none-eabi/4.7.4/../../../../arm-none-eabi/lib\libc_s.a(lib_a-svfprintf.o)
                0x200062e0                _svfiprintf_r
                0x200062e0                _svfprintf_r
 .text._calloc_r
                0x20006608       0x2c c:/isis/application/toolchain/bin/../lib/gcc/arm-none-eabi/4.7.4/../../../../arm-none-eabi/lib\libc_s.a(lib_a-callocr.o)
                0x20006608                _calloc_r
 .text._free_r  0x20006634      0x108 c:/isis/application/toolchain/bin/../lib/gcc/arm-none-eabi/4.7.4/../../../../arm-none-eabi/lib\libc_s.a(lib_a-freer.o)
                0x20006634                _free_r
 .text.rshift   0x2000673c       0xb0 c:/isis/application/toolchain/bin/../lib/gcc/arm-none-eabi/4.7.4/../../../../arm-none-eabi/lib\libc_s.a(lib_a-gdtoa-gethex.o)
 .text.htinit.constprop.0
                0x200067ec       0x34 c:/isis/application/toolchain/bin/../lib/gcc/arm-none-eabi/4.7.4/../../../../arm-none-eabi/lib\libc_s.a(lib_a-gdtoa-gethex.o)
 .text.__hexdig_init
                0x20006820       0x38 c:/isis/application/toolchain/bin/../lib/gcc/arm-none-eabi/4.7.4/../../../../arm-none-eabi/lib\libc_s.a(lib_a-gdtoa-gethex.o)
                0x20006820                __hexdig_init
 .text.__gethex
                0x20006858      0x6cc c:/isis/application/toolchain/bin/../lib/gcc/arm-none-eabi/4.7.4/../../../../arm-none-eabi/lib\libc_s.a(lib_a-gdtoa-gethex.o)
                0x20006858                __gethex
 .text.L_shift  0x20006f24       0x38 c:/isis/application/toolchain/bin/../lib/gcc/arm-none-eabi/4.7.4/../../../../arm-none-eabi/lib\libc_s.a(lib_a-gdtoa-hexnan.o)
 .text.__hexnan
                0x20006f5c      0x1d8 c:/isis/application/toolchain/bin/../lib/gcc/arm-none-eabi/4.7.4/../../../../arm-none-eabi/lib\libc_s.a(lib_a-gdtoa-hexnan.o)
                0x20006f5c                __hexnan
 .text.memchr   0x20007134       0x34 c:/isis/application/toolchain/bin/../lib/gcc/arm-none-eabi/4.7.4/../../../../arm-none-eabi/lib\libc_s.a(lib_a-memchr.o)
                0x20007134                memchr
 .text.memset   0x20007168       0x1c c:/isis/application/toolchain/bin/../lib/gcc/arm-none-eabi/4.7.4/../../../../arm-none-eabi/lib\libc_s.a(lib_a-memset.o)
                0x20007168                memset
 .text._realloc_r
                0x20007184       0x80 c:/isis/application/toolchain/bin/../lib/gcc/arm-none-eabi/4.7.4/../../../../arm-none-eabi/lib\libc_s.a(lib_a-reallocr.o)
                0x20007184                _realloc_r
 .text.strncmp  0x20007204       0x64 c:/isis/application/toolchain/bin/../lib/gcc/arm-none-eabi/4.7.4/../../../../arm-none-eabi/lib\libc_s.a(lib_a-strncmp.o)
                0x20007204                strncmp
 .text._malloc_usable_size_r
                0x20007268       0x1c c:/isis/application/toolchain/bin/../lib/gcc/arm-none-eabi/4.7.4/../../../../arm-none-eabi/lib\libc_s.a(lib_a-msizer.o)
                0x20007268                _malloc_usable_size_r
 .text.taskTesting
                0x20007284       0x80 ./src/TestingDemos/MainTest.o
                0x20007284                taskTesting
 .text.EPS_Init
                0x20007304       0xc0 ./src/SubSystemModules/PowerManagment/EPS.o
                0x20007304                EPS_Init
 .text.EPS_Conditioning
                0x200073c4      0x1a8 ./src/SubSystemModules/PowerManagment/EPS.o
                0x200073c4                EPS_Conditioning
 .text.GetBatteryVoltage
                0x2000756c       0x54 ./src/SubSystemModules/PowerManagment/EPS.o
                0x2000756c                GetBatteryVoltage
 .text.UpdateAlpha
                0x200075c0       0x9c ./src/SubSystemModules/PowerManagment/EPS.o
                0x200075c0                UpdateAlpha
 .text.GetThresholdVoltages
                0x2000765c       0x4c ./src/SubSystemModules/PowerManagment/EPS.o
                0x2000765c                GetThresholdVoltages
 .text.GetAlpha
                0x200076a8       0x48 ./src/SubSystemModules/PowerManagment/EPS.o
                0x200076a8                GetAlpha
 .text.EnterFullMode
                0x200076f0       0x58 ./src/SubSystemModules/PowerManagment/EPSOperationModes.o
                0x200076f0                EnterFullMode
 .text.EnterCruiseMode
                0x20007748       0x58 ./src/SubSystemModules/PowerManagment/EPSOperationModes.o
                0x20007748                EnterCruiseMode
 .text.EnterSafeMode
                0x200077a0       0x58 ./src/SubSystemModules/PowerManagment/EPSOperationModes.o
                0x200077a0                EnterSafeMode
 .text.EnterCriticalMode
                0x200077f8       0x58 ./src/SubSystemModules/PowerManagment/EPSOperationModes.o
                0x200077f8                EnterCriticalMode
 .text.SetEPS_Channels
                0x20007850       0xac ./src/SubSystemModules/PowerManagment/EPSOperationModes.o
                0x20007850                SetEPS_Channels
 .text.EpsGetLowVoltageFlag
                0x200078fc       0x24 ./src/SubSystemModules/PowerManagment/EPSOperationModes.o
                0x200078fc                EpsGetLowVoltageFlag
 .text.EpsSetLowVoltageFlag
                0x20007920       0x2c ./src/SubSystemModules/PowerManagment/EPSOperationModes.o
                0x20007920                EpsSetLowVoltageFlag
 .text.CheckExecutionTime
                0x2000794c       0x70 ./src/SubSystemModules/Maintenance/Maintenance.o
                0x2000794c                CheckExecutionTime
 .text.SaveSatTimeInFRAM
                0x200079bc       0x44 ./src/SubSystemModules/Maintenance/Maintenance.o
                0x200079bc                SaveSatTimeInFRAM
 .text.ResetGroundCommWDT
                0x20007a00       0x1c ./src/SubSystemModules/Maintenance/Maintenance.o
                0x20007a00                ResetGroundCommWDT
 .text.InitDump
                0x20007a1c       0xa0 ./src/SubSystemModules/Housekepping/Dump.o
                0x20007a1c                InitDump
 .text.FinishDump
                0x20007abc       0xe8 ./src/SubSystemModules/Housekepping/Dump.o
                0x20007abc                FinishDump
 .text.AbortDump
                0x20007ba4       0x30 ./src/SubSystemModules/Housekepping/Dump.o
                0x20007ba4                AbortDump
 .text.SendDumpAbortRequest
                0x20007bd4       0xc0 ./src/SubSystemModules/Housekepping/Dump.o
                0x20007bd4                SendDumpAbortRequest
 .text.CheckDumpAbort
                0x20007c94       0x58 ./src/SubSystemModules/Housekepping/Dump.o
                0x20007c94                CheckDumpAbort
 .text.DumpTask
                0x20007cec      0x488 ./src/SubSystemModules/Housekepping/Dump.o
                0x20007cec                DumpTask
 .text.DumpTelemetry
                0x20008174      0x198 ./src/SubSystemModules/Housekepping/Dump.o
                0x20008174                DumpTelemetry
 .text.GetTelemetryFilenameByType
                0x2000830c      0x294 ./src/SubSystemModules/Housekepping/TelemetryCollector.o
                0x2000830c                GetTelemetryFilenameByType
 .text.TelemetryCollectorLogic
                0x200085a0      0x140 ./src/SubSystemModules/Housekepping/TelemetryCollector.o
                0x200085a0                TelemetryCollectorLogic
 .text.TelemetrySaveEPS
                0x200086e0      0x10c ./src/SubSystemModules/Housekepping/TelemetryCollector.o
                0x200086e0                TelemetrySaveEPS
 .text.TelemetrySaveTRXVU
                0x200087ec       0xec ./src/SubSystemModules/Housekepping/TelemetryCollector.o
                0x200087ec                TelemetrySaveTRXVU
 .text.TelemetrySaveANT
                0x200088d8       0x88 ./src/SubSystemModules/Housekepping/TelemetryCollector.o
                0x200088d8                TelemetrySaveANT
 .text.TelemetrySaveSolarPanels
                0x20008960      0x1c8 ./src/SubSystemModules/Housekepping/TelemetryCollector.o
                0x20008960                TelemetrySaveSolarPanels
 .text.TelemetrySaveWOD
                0x20008b28       0x98 ./src/SubSystemModules/Housekepping/TelemetryCollector.o
                0x20008b28                TelemetrySaveWOD
 .text.GetCurrentWODTelemetry
                0x20008bc0      0x388 ./src/SubSystemModules/Housekepping/TelemetryCollector.o
                0x20008bc0                GetCurrentWODTelemetry
 .text.CMD_ResetComponent
                0x20008f48      0x23c ./src/SubSystemModules/Communication/SubsystemCommands/Maintanence_Commands.o
                0x20008f48                CMD_ResetComponent
 .text.CMD_StartDump
                0x20009184       0x34 ./src/SubSystemModules/Communication/SubsystemCommands/TRXVU_Commands.o
                0x20009184                CMD_StartDump
 .text.CMD_SendDumpAbortRequest
                0x200091b8       0x24 ./src/SubSystemModules/Communication/SubsystemCommands/TRXVU_Commands.o
                0x200091b8                CMD_SendDumpAbortRequest
 .text.CMD_ForceDumpAbort
                0x200091dc       0x24 ./src/SubSystemModules/Communication/SubsystemCommands/TRXVU_Commands.o
                0x200091dc                CMD_ForceDumpAbort
 .text.CMD_MuteTRXVU
                0x20009200       0x5c ./src/SubSystemModules/Communication/SubsystemCommands/TRXVU_Commands.o
                0x20009200                CMD_MuteTRXVU
 .text.CMD_UnMuteTRXVU
                0x2000925c       0x24 ./src/SubSystemModules/Communication/SubsystemCommands/TRXVU_Commands.o
                0x2000925c                CMD_UnMuteTRXVU
 .text.CMD_GetBaudRate
                0x20009280       0x4c ./src/SubSystemModules/Communication/SubsystemCommands/TRXVU_Commands.o
                0x20009280                CMD_GetBaudRate
 .text.CMD_SetBeaconCycleTime
                0x200092cc       0x88 ./src/SubSystemModules/Communication/SubsystemCommands/TRXVU_Commands.o
                0x200092cc                CMD_SetBeaconCycleTime
 .text.CMD_GetBeaconInterval
                0x20009354       0x60 ./src/SubSystemModules/Communication/SubsystemCommands/TRXVU_Commands.o
                0x20009354                CMD_GetBeaconInterval
 .text.CMD_SetBeaconInterval
                0x200093b4       0x88 ./src/SubSystemModules/Communication/SubsystemCommands/TRXVU_Commands.o
                0x200093b4                CMD_SetBeaconInterval
 .text.CMD_SetBaudRate
                0x2000943c       0x48 ./src/SubSystemModules/Communication/SubsystemCommands/TRXVU_Commands.o
                0x2000943c                CMD_SetBaudRate
 .text.CMD_GetTxUptime
                0x20009484       0x58 ./src/SubSystemModules/Communication/SubsystemCommands/TRXVU_Commands.o
                0x20009484                CMD_GetTxUptime
 .text.CMD_GetRxUptime
                0x200094dc       0x58 ./src/SubSystemModules/Communication/SubsystemCommands/TRXVU_Commands.o
                0x200094dc                CMD_GetRxUptime
 .text.CMD_GetNumOfDelayedCommands
                0x20009534       0x50 ./src/SubSystemModules/Communication/SubsystemCommands/TRXVU_Commands.o
                0x20009534                CMD_GetNumOfDelayedCommands
 .text.CMD_GetNumOfOnlineCommands
                0x20009584       0x58 ./src/SubSystemModules/Communication/SubsystemCommands/TRXVU_Commands.o
                0x20009584                CMD_GetNumOfOnlineCommands
 .text.CMD_DeleteDelyedCmdByID
                0x200095dc       0x60 ./src/SubSystemModules/Communication/SubsystemCommands/TRXVU_Commands.o
                0x200095dc                CMD_DeleteDelyedCmdByID
 .text.CMD_DeleteAllDelyedBuffer
                0x2000963c       0x34 ./src/SubSystemModules/Communication/SubsystemCommands/TRXVU_Commands.o
                0x2000963c                CMD_DeleteAllDelyedBuffer
 .text.CMD_AntSetArmStatus
                0x20009670       0x80 ./src/SubSystemModules/Communication/SubsystemCommands/TRXVU_Commands.o
                0x20009670                CMD_AntSetArmStatus
 .text.CMD_AntGetArmStatus
                0x200096f0       0x64 ./src/SubSystemModules/Communication/SubsystemCommands/TRXVU_Commands.o
                0x200096f0                CMD_AntGetArmStatus
 .text.CMD_AntGetUptime
                0x20009754       0x58 ./src/SubSystemModules/Communication/SubsystemCommands/TRXVU_Commands.o
                0x20009754                CMD_AntGetUptime
 .text.CMD_AntCancelDeployment
                0x200097ac       0x48 ./src/SubSystemModules/Communication/SubsystemCommands/TRXVU_Commands.o
                0x200097ac                CMD_AntCancelDeployment
 .text.SendAckPacket
                0x200097f4       0xe4 ./src/SubSystemModules/Communication/AckHandler.o
                0x200097f4                SendAckPacket
 .text.SendErrorMSG
                0x200098d8       0x74 ./src/SubSystemModules/Communication/AckHandler.o
                0x200098d8                SendErrorMSG
 .text.SendErrorMSG_IfError
                0x2000994c       0x4c ./src/SubSystemModules/Communication/AckHandler.o
                0x2000994c                SendErrorMSG_IfError
 .text.ActUponCommand
                0x20009998       0xd0 ./src/SubSystemModules/Communication/ActUponCommand.o
                0x20009998                ActUponCommand
 .text.InitBeaconParams
                0x20009a68       0x6c ./src/SubSystemModules/Communication/Beacon.o
                0x20009a68                InitBeaconParams
 .text.BeaconSetBitrate
                0x20009ad4       0xa0 ./src/SubSystemModules/Communication/Beacon.o
                0x20009ad4                BeaconSetBitrate
 .text.BeaconLogic
                0x20009b74      0x150 ./src/SubSystemModules/Communication/Beacon.o
                0x20009b74                BeaconLogic
 .text.trxvu_command_router
                0x20009cc4      0x490 ./src/SubSystemModules/Communication/CommandDictionary.o
                0x20009cc4                trxvu_command_router
 .text.eps_command_router
                0x2000a154       0x80 ./src/SubSystemModules/Communication/CommandDictionary.o
                0x2000a154                eps_command_router
 .text.telemetry_command_router
                0x2000a1d4       0x54 ./src/SubSystemModules/Communication/CommandDictionary.o
                0x2000a1d4                telemetry_command_router
 .text.managment_command_router
                0x2000a228       0xd0 ./src/SubSystemModules/Communication/CommandDictionary.o
                0x2000a228                managment_command_router
 .text.filesystem_command_router
                0x2000a2f8       0x54 ./src/SubSystemModules/Communication/CommandDictionary.o
                0x2000a2f8                filesystem_command_router
 .text.ClearDelayedCMD_FromBuffer
                0x2000a34c       0xd8 ./src/SubSystemModules/Communication/SatCommandHandler.o
                0x2000a34c                ClearDelayedCMD_FromBuffer
 .text.ParseDataToCommand
                0x2000a424      0x18c ./src/SubSystemModules/Communication/SatCommandHandler.o
                0x2000a424                ParseDataToCommand
 .text.AssembleCommand
                0x2000a5b0      0x194 ./src/SubSystemModules/Communication/SatCommandHandler.o
                0x2000a5b0                AssembleCommand
 .text.isDelayedCommandDue
                0x2000a744       0xa4 ./src/SubSystemModules/Communication/SatCommandHandler.o
                0x2000a744                isDelayedCommandDue
 .text.GetDelayedCommand
                0x2000a7e8      0x100 ./src/SubSystemModules/Communication/SatCommandHandler.o
                0x2000a7e8                GetDelayedCommand
 .text.AddDelayedCommand
                0x2000a8e8       0xf0 ./src/SubSystemModules/Communication/SatCommandHandler.o
                0x2000a8e8                AddDelayedCommand
 .text.GetDelayedCommandBufferCount
                0x2000a9d8       0x50 ./src/SubSystemModules/Communication/SatCommandHandler.o
                0x2000a9d8                GetDelayedCommandBufferCount
 .text.GetOnlineCommand
                0x2000aa28      0x114 ./src/SubSystemModules/Communication/SatCommandHandler.o
                0x2000aa28                GetOnlineCommand
 .text.DeleteDelayedCommandByIndex
                0x2000ab3c       0x80 ./src/SubSystemModules/Communication/SatCommandHandler.o
                0x2000ab3c                DeleteDelayedCommandByIndex
 .text.DeleteDelayedBuffer
                0x2000abbc       0x48 ./src/SubSystemModules/Communication/SatCommandHandler.o
                0x2000abbc                DeleteDelayedBuffer
 .text.InitTxModule
                0x2000ac04       0x68 ./src/SubSystemModules/Communication/SatDataTx.o
                0x2000ac04                InitTxModule
 .text.muteTRXVU
                0x2000ac6c       0x78 ./src/SubSystemModules/Communication/SatDataTx.o
                0x2000ac6c                muteTRXVU
 .text.UnMuteTRXVU
                0x2000ace4       0x34 ./src/SubSystemModules/Communication/SatDataTx.o
                0x2000ace4                UnMuteTRXVU
 .text.GetNumberOfFramesInBuffer
                0x2000ad18       0x4c ./src/SubSystemModules/Communication/SatDataTx.o
                0x2000ad18                GetNumberOfFramesInBuffer
 .text.CheckTransmitionAllowed
                0x2000ad64       0xa4 ./src/SubSystemModules/Communication/SatDataTx.o
                0x2000ad64                CheckTransmitionAllowed
 .text.GetTrxvuBitrate
                0x2000ae08       0x70 ./src/SubSystemModules/Communication/SatDataTx.o
                0x2000ae08                GetTrxvuBitrate
 .text.TransmitDataAsSPL_Packet
                0x2000ae78      0x11c ./src/SubSystemModules/Communication/SatDataTx.o
                0x2000ae78                TransmitDataAsSPL_Packet
 .text.TransmitSplPacket
                0x2000af94       0xf8 ./src/SubSystemModules/Communication/SatDataTx.o
                0x2000af94                TransmitSplPacket
 .text.InitTrxvu
                0x2000b08c       0xe4 ./src/SubSystemModules/Communication/TRXVU.o
                0x2000b08c                InitTrxvu
 .text.TRX_Logic
                0x2000b170       0xe0 ./src/SubSystemModules/Communication/TRXVU.o
                0x2000b170                TRX_Logic
 .text.isFirstActivation
                0x2000b250       0x38 ./src/InitSystem.o
                0x2000b250                isFirstActivation
 .text.firstActivationProcedure
                0x2000b288       0xc8 ./src/InitSystem.o
                0x2000b288                firstActivationProcedure
 .text.WriteDefaultValuesToFRAM
                0x2000b350      0x14c ./src/InitSystem.o
                0x2000b350                WriteDefaultValuesToFRAM
 .text.StartFRAM
                0x2000b49c       0x24 ./src/InitSystem.o
                0x2000b49c                StartFRAM
 .text.StartI2C
                0x2000b4c0       0x30 ./src/InitSystem.o
                0x2000b4c0                StartI2C
 .text.StartSPI
                0x2000b4f0       0x2c ./src/InitSystem.o
                0x2000b4f0                StartSPI
 .text.StartTIME
                0x2000b51c       0xa8 ./src/InitSystem.o
                0x2000b51c                StartTIME
 .text.DeploySystem
                0x2000b5c4       0x80 ./src/InitSystem.o
                0x2000b5c4                DeploySystem
 .text.InitSubsystems
                0x2000b644      0x178 ./src/InitSystem.o
                0x2000b644                InitSubsystems
 .text.delete_allTMFilesFromSD
                0x2000b7bc       0xf8 ./src/TLM_management.o
                0x2000b7bc                delete_allTMFilesFromSD
 .text.getNumOfFilesInFS
                0x2000b8b4       0x44 ./src/TLM_management.o
 .text.InitializeFS
                0x2000b8f8      0x174 ./src/TLM_management.o
                0x2000b8f8                InitializeFS
 .text.writewithEpochtime
                0x2000ba6c       0x8c ./src/TLM_management.o
 .text.get_C_FILE_struct
                0x2000baf8       0xf4 ./src/TLM_management.o
 .text.getFileIndex
                0x2000bbec       0x40 ./src/TLM_management.o
 .text.get_file_name_by_index
                0x2000bc2c       0x44 ./src/TLM_management.o
                0x2000bc2c                get_file_name_by_index
 .text.c_fileWrite
                0x2000bc70       0xfc ./src/TLM_management.o
                0x2000bc70                c_fileWrite
 .text.c_fileRead
                0x2000bd6c      0x2a0 ./src/TLM_management.o
                0x2000bd6c                c_fileRead
 .text.c_fileGetNumOfElements
                0x2000c00c      0x258 ./src/TLM_management.o
                0x2000c00c                c_fileGetNumOfElements
 .text.DeInitializeFS
                0x2000c264       0xd0 ./src/TLM_management.o
                0x2000c264                DeInitializeFS
 .text.main     0x2000c334       0xac ./src/main.o
                0x2000c334                main
 .text.validateTransferParameters
                0x2000c3e0      0x10c C:/GivatShmuel/Base-Aug-2019/GlobusSatProject/..//hal/hal/lib\libHALD.a(I2C.o)
 .text.I2C_queueTransfer
                0x2000c4ec       0xe8 C:/GivatShmuel/Base-Aug-2019/GlobusSatProject/..//hal/hal/lib\libHALD.a(I2C.o)
                0x2000c4ec                I2C_queueTransfer
 .text.I2C_internalCallback
                0x2000c5d4       0x64 C:/GivatShmuel/Base-Aug-2019/GlobusSatProject/..//hal/hal/lib\libHALD.a(I2C.o)
 .text.I2C_doBlockingTransfer
                0x2000c638      0x160 C:/GivatShmuel/Base-Aug-2019/GlobusSatProject/..//hal/hal/lib\libHALD.a(I2C.o)
 .text.I2C_writeRead
                0x2000c798      0x180 C:/GivatShmuel/Base-Aug-2019/GlobusSatProject/..//hal/hal/lib\libHALD.a(I2C.o)
                0x2000c798                I2C_writeRead
 .text.I2C_start
                0x2000c918      0x2e8 C:/GivatShmuel/Base-Aug-2019/GlobusSatProject/..//hal/hal/lib\libHALD.a(I2C.o)
                0x2000c918                I2C_start
 .text.I2C_stop
                0x2000cc00      0x184 C:/GivatShmuel/Base-Aug-2019/GlobusSatProject/..//hal/hal/lib\libHALD.a(I2C.o)
                0x2000cc00                I2C_stop
 .text.I2C_setTransferTimeout
                0x2000cd84       0x48 C:/GivatShmuel/Base-Aug-2019/GlobusSatProject/..//hal/hal/lib\libHALD.a(I2C.o)
                0x2000cd84                I2C_setTransferTimeout
 .text.clearPDCtransfers
                0x2000cdcc       0xdc C:/GivatShmuel/Base-Aug-2019/GlobusSatProject/..//hal/hal/lib\libHALD.a(SPI.o)
 .text.SPI_start
                0x2000cea8      0x4c0 C:/GivatShmuel/Base-Aug-2019/GlobusSatProject/..//hal/hal/lib\libHALD.a(SPI.o)
                0x2000cea8                SPI_start
 .text.SPI_stop
                0x2000d368      0x22c C:/GivatShmuel/Base-Aug-2019/GlobusSatProject/..//hal/hal/lib\libHALD.a(SPI.o)
                0x2000d368                SPI_stop
 .text.SPI_queueTransfer
                0x2000d594      0x190 C:/GivatShmuel/Base-Aug-2019/GlobusSatProject/..//hal/hal/lib\libHALD.a(SPI.o)
                0x2000d594                SPI_queueTransfer
 .text.SPI_internalCallback
                0x2000d724       0x64 C:/GivatShmuel/Base-Aug-2019/GlobusSatProject/..//hal/hal/lib\libHALD.a(SPI.o)
 .text.SPI_writeRead
                0x2000d788      0x188 C:/GivatShmuel/Base-Aug-2019/GlobusSatProject/..//hal/hal/lib\libHALD.a(SPI.o)
                0x2000d788                SPI_writeRead
 .text.waitForTransfer
                0x2000d910       0x68 C:/GivatShmuel/Base-Aug-2019/GlobusSatProject/..//hal/hal/lib\libHALD.a(SPI.o)
 .text.SPI_getDriverState
                0x2000d978       0x58 C:/GivatShmuel/Base-Aug-2019/GlobusSatProject/..//hal/hal/lib\libHALD.a(SPI.o)
                0x2000d978                SPI_getDriverState
 .text.FRAM_start
                0x2000d9d0       0xf4 C:/GivatShmuel/Base-Aug-2019/GlobusSatProject/..//hal/hal/lib\libHALD.a(FRAM.o)
                0x2000d9d0                FRAM_start
 .text.FRAM_dummyCallback
                0x2000dac4       0x24 C:/GivatShmuel/Base-Aug-2019/GlobusSatProject/..//hal/hal/lib\libHALD.a(FRAM.o)
                0x2000dac4                FRAM_dummyCallback
 .text.FRAM_unlockingCallback
                0x2000dae8       0x78 C:/GivatShmuel/Base-Aug-2019/GlobusSatProject/..//hal/hal/lib\libHALD.a(FRAM.o)
                0x2000dae8                FRAM_unlockingCallback
 .text.doBlockingTransfer
                0x2000db60       0x88 C:/GivatShmuel/Base-Aug-2019/GlobusSatProject/..//hal/hal/lib\libHALD.a(FRAM.o)
 .text.FRAM_writePacket
                0x2000dbe8      0x148 C:/GivatShmuel/Base-Aug-2019/GlobusSatProject/..//hal/hal/lib\libHALD.a(FRAM.o)
 .text.FRAM_write
                0x2000dd30      0x1c8 C:/GivatShmuel/Base-Aug-2019/GlobusSatProject/..//hal/hal/lib\libHALD.a(FRAM.o)
                0x2000dd30                FRAM_write
 .text.FRAM_readPacket
                0x2000def8      0x114 C:/GivatShmuel/Base-Aug-2019/GlobusSatProject/..//hal/hal/lib\libHALD.a(FRAM.o)
 .text.FRAM_read
                0x2000e00c      0x1d4 C:/GivatShmuel/Base-Aug-2019/GlobusSatProject/..//hal/hal/lib\libHALD.a(FRAM.o)
                0x2000e00c                FRAM_read
 .text.Time_start
                0x2000e1e0      0x150 C:/GivatShmuel/Base-Aug-2019/GlobusSatProject/..//hal/hal/lib\libHALD.a(Time.o)
                0x2000e1e0                Time_start
 .text.taskTimeSync
                0x2000e330       0x38 C:/GivatShmuel/Base-Aug-2019/GlobusSatProject/..//hal/hal/lib\libHALD.a(Time.o)
 .text.Time_set
                0x2000e368      0x278 C:/GivatShmuel/Base-Aug-2019/GlobusSatProject/..//hal/hal/lib\libHALD.a(Time.o)
                0x2000e368                Time_set
 .text.Time_isLeapYear
                0x2000e5e0       0x98 C:/GivatShmuel/Base-Aug-2019/GlobusSatProject/..//hal/hal/lib\libHALD.a(Time.o)
                0x2000e5e0                Time_isLeapYear
 .text.Time_get
                0x2000e678      0x410 C:/GivatShmuel/Base-Aug-2019/GlobusSatProject/..//hal/hal/lib\libHALD.a(Time.o)
                0x2000e678                Time_get
 .text.Time_getUnixEpoch
                0x2000ea88       0xf4 C:/GivatShmuel/Base-Aug-2019/GlobusSatProject/..//hal/hal/lib\libHALD.a(Time.o)
                0x2000ea88                Time_getUnixEpoch
 .text.secondsOfYearToTime
                0x2000eb7c      0x328 C:/GivatShmuel/Base-Aug-2019/GlobusSatProject/..//hal/hal/lib\libHALD.a(Time.o)
 .text.Time_setUnixEpoch
                0x2000eea4      0x100 C:/GivatShmuel/Base-Aug-2019/GlobusSatProject/..//hal/hal/lib\libHALD.a(Time.o)
                0x2000eea4                Time_setUnixEpoch
 .text.Time_sync
                0x2000efa4      0x2b8 C:/GivatShmuel/Base-Aug-2019/GlobusSatProject/..//hal/hal/lib\libHALD.a(Time.o)
                0x2000efa4                Time_sync
 .text.Time_syncIfNeeded
                0x2000f25c       0x70 C:/GivatShmuel/Base-Aug-2019/GlobusSatProject/..//hal/hal/lib\libHALD.a(Time.o)
                0x2000f25c                Time_syncIfNeeded
 .text.Time_setSyncInterval
                0x2000f2cc       0x38 C:/GivatShmuel/Base-Aug-2019/GlobusSatProject/..//hal/hal/lib\libHALD.a(Time.o)
                0x2000f2cc                Time_setSyncInterval
 .text.WDT_start
                0x2000f304       0x48 C:/GivatShmuel/Base-Aug-2019/GlobusSatProject/..//hal/hal/lib\libHALD.a(WatchDogTimerNoOS.o)
                0x2000f304                WDT_start
 .text.WDT_startWatchdogKickTask
                0x2000f34c       0xb4 C:/GivatShmuel/Base-Aug-2019/GlobusSatProject/..//hal/hal/lib\libHALD.a(WatchDogTimerOS.o)
                0x2000f34c                WDT_startWatchdogKickTask
 .text.WDT_forceKickEveryNms
                0x2000f400       0x50 C:/GivatShmuel/Base-Aug-2019/GlobusSatProject/..//hal/hal/lib\libHALD.a(WatchDogTimerOS.o)
                0x2000f400                WDT_forceKickEveryNms
 .text.LED_glow
                0x2000f450       0x58 C:/GivatShmuel/Base-Aug-2019/GlobusSatProject/..//hal/hal/lib\libHALD.a(LED.o)
                0x2000f450                LED_glow
 .text.LED_dark
                0x2000f4a8       0x58 C:/GivatShmuel/Base-Aug-2019/GlobusSatProject/..//hal/hal/lib\libHALD.a(LED.o)
                0x2000f4a8                LED_dark
 .text.LED_toggle
                0x2000f500       0x50 C:/GivatShmuel/Base-Aug-2019/GlobusSatProject/..//hal/hal/lib\libHALD.a(LED.o)
                0x2000f500                LED_toggle
 .text.RTC_start
                0x2000f550       0x3c C:/GivatShmuel/Base-Aug-2019/GlobusSatProject/..//hal/hal/lib\libHALD.a(RTC.o)
                0x2000f550                RTC_start
 .text.RTC_setTime
                0x2000f58c      0x2a4 C:/GivatShmuel/Base-Aug-2019/GlobusSatProject/..//hal/hal/lib\libHALD.a(RTC.o)
                0x2000f58c                RTC_setTime
 .text.RTC_getTime
                0x2000f830      0x224 C:/GivatShmuel/Base-Aug-2019/GlobusSatProject/..//hal/hal/lib\libHALD.a(RTC.o)
                0x2000f830                RTC_getTime
 .text.RTC_checkTimeValid
                0x2000fa54       0xdc C:/GivatShmuel/Base-Aug-2019/GlobusSatProject/..//hal/hal/lib\libHALD.a(RTC.o)
                0x2000fa54                RTC_checkTimeValid
 .text.RTT_start
                0x2000fb30       0x24 C:/GivatShmuel/Base-Aug-2019/GlobusSatProject/..//hal/hal/lib\libHALD.a(RTT.o)
                0x2000fb30                RTT_start
 .text.fn_init  0x2000fb54      0x2e0 C:/GivatShmuel/Base-Aug-2019/GlobusSatProject/..//hal/hcc/lib\libHCCD.a(fat_common.o)
                0x2000fb54                fn_init
 .text.fsn_delete
                0x2000fe34       0xc8 C:/GivatShmuel/Base-Aug-2019/GlobusSatProject/..//hal/hcc/lib\libHCCD.a(fat_common.o)
                0x2000fe34                fsn_delete
 .text._f_get16bitl
                0x2000fefc       0x4c C:/GivatShmuel/Base-Aug-2019/GlobusSatProject/..//hal/hcc/lib\libHCCD.a(fat_common.o)
                0x2000fefc                _f_get16bitl
 .text._f_set16bitl
                0x2000ff48       0x54 C:/GivatShmuel/Base-Aug-2019/GlobusSatProject/..//hal/hcc/lib\libHCCD.a(fat_common.o)
                0x2000ff48                _f_set16bitl
 .text._f_get32bitl
                0x2000ff9c       0x68 C:/GivatShmuel/Base-Aug-2019/GlobusSatProject/..//hal/hcc/lib\libHCCD.a(fat_common.o)
                0x2000ff9c                _f_get32bitl
 .text._f_set32bitl
                0x20010004       0x78 C:/GivatShmuel/Base-Aug-2019/GlobusSatProject/..//hal/hcc/lib\libHCCD.a(fat_common.o)
                0x20010004                _f_set32bitl
 .text._get8bit
                0x2001007c       0xa0 C:/GivatShmuel/Base-Aug-2019/GlobusSatProject/..//hal/hcc/lib\libHCCD.a(fat_common.o)
 .text._get16bitl
                0x2001011c       0x40 C:/GivatShmuel/Base-Aug-2019/GlobusSatProject/..//hal/hcc/lib\libHCCD.a(fat_common.o)
 .text._get32bitl
                0x2001015c       0x3c C:/GivatShmuel/Base-Aug-2019/GlobusSatProject/..//hal/hcc/lib\libHCCD.a(fat_common.o)
 .text._f_setcardremoved
                0x20010198       0x94 C:/GivatShmuel/Base-Aug-2019/GlobusSatProject/..//hal/hcc/lib\libHCCD.a(fat_common.o)
 .text._f_checkstatus
                0x2001022c      0x104 C:/GivatShmuel/Base-Aug-2019/GlobusSatProject/..//hal/hcc/lib\libHCCD.a(fat_common.o)
                0x2001022c                _f_checkstatus
 .text._f_drvgetphy
                0x20010330      0x114 C:/GivatShmuel/Base-Aug-2019/GlobusSatProject/..//hal/hcc/lib\libHCCD.a(fat_common.o)
 .text._f_drvwritesector
                0x20010444       0xdc C:/GivatShmuel/Base-Aug-2019/GlobusSatProject/..//hal/hcc/lib\libHCCD.a(fat_common.o)
 .text._f_drvreadsector
                0x20010520       0xa8 C:/GivatShmuel/Base-Aug-2019/GlobusSatProject/..//hal/hcc/lib\libHCCD.a(fat_common.o)
 .text._f_writesector
                0x200105c8      0x23c C:/GivatShmuel/Base-Aug-2019/GlobusSatProject/..//hal/hcc/lib\libHCCD.a(fat_common.o)
                0x200105c8                _f_writesector
 .text._f_readsector
                0x20010804      0x1dc C:/GivatShmuel/Base-Aug-2019/GlobusSatProject/..//hal/hcc/lib\libHCCD.a(fat_common.o)
                0x20010804                _f_readsector
 .text._f_getmaxcluster
                0x200109e0       0x94 C:/GivatShmuel/Base-Aug-2019/GlobusSatProject/..//hal/hcc/lib\libHCCD.a(fat_common.o)
                0x200109e0                _f_getmaxcluster
 .text._getsectorfromcluster
                0x20010a74       0x68 C:/GivatShmuel/Base-Aug-2019/GlobusSatProject/..//hal/hcc/lib\libHCCD.a(fat_common.o)
 .text._f_buildsectors
                0x20010adc      0x268 C:/GivatShmuel/Base-Aug-2019/GlobusSatProject/..//hal/hcc/lib\libHCCD.a(fat_common.o)
 .text._f_getbootrecord
                0x20010d44      0x5e4 C:/GivatShmuel/Base-Aug-2019/GlobusSatProject/..//hal/hcc/lib\libHCCD.a(fat_common.o)
 .text._f_readbootrecord
                0x20011328      0x4f8 C:/GivatShmuel/Base-Aug-2019/GlobusSatProject/..//hal/hcc/lib\libHCCD.a(fat_common.o)
 .text._f_flushcffiles
                0x20011820      0x17c C:/GivatShmuel/Base-Aug-2019/GlobusSatProject/..//hal/hcc/lib\libHCCD.a(fat_common.o)
                0x20011820                _f_flushcffiles
 .text._f_fatcache_flush
                0x2001199c      0x270 C:/GivatShmuel/Base-Aug-2019/GlobusSatProject/..//hal/hcc/lib\libHCCD.a(fat_common.o)
                0x2001199c                _f_fatcache_flush
 .text._f_writefatsector
                0x20011c0c      0x100 C:/GivatShmuel/Base-Aug-2019/GlobusSatProject/..//hal/hcc/lib\libHCCD.a(fat_common.o)
                0x20011c0c                _f_writefatsector
 .text._f_getfatsector
                0x20011d0c      0x3bc C:/GivatShmuel/Base-Aug-2019/GlobusSatProject/..//hal/hcc/lib\libHCCD.a(fat_common.o)
 .text._f_setclustervalue
                0x200120c8      0x490 C:/GivatShmuel/Base-Aug-2019/GlobusSatProject/..//hal/hcc/lib\libHCCD.a(fat_common.o)
                0x200120c8                _f_setclustervalue
 .text._f_getclustervalue
                0x20012558      0x388 C:/GivatShmuel/Base-Aug-2019/GlobusSatProject/..//hal/hcc/lib\libHCCD.a(fat_common.o)
                0x20012558                _f_getclustervalue
 .text._f_close_drive_files
                0x200128e0       0xac C:/GivatShmuel/Base-Aug-2019/GlobusSatProject/..//hal/hcc/lib\libHCCD.a(fat_common.o)
 .text._f_inc_mount_count
                0x2001298c       0xa4 C:/GivatShmuel/Base-Aug-2019/GlobusSatProject/..//hal/hcc/lib\libHCCD.a(fat_common.o)
 .text._f_getvolume
                0x20012a30      0x2f8 C:/GivatShmuel/Base-Aug-2019/GlobusSatProject/..//hal/hcc/lib\libHCCD.a(fat_common.o)
                0x20012a30                _f_getvolume
 .text.fn_createdriver
                0x20012d28      0x118 C:/GivatShmuel/Base-Aug-2019/GlobusSatProject/..//hal/hcc/lib\libHCCD.a(fat_common.o)
                0x20012d28                fn_createdriver
 .text.fn_initvolume
                0x20012e40      0x12c C:/GivatShmuel/Base-Aug-2019/GlobusSatProject/..//hal/hcc/lib\libHCCD.a(fat_common.o)
                0x20012e40                fn_initvolume
 .text.fn_releasedriver
                0x20012f6c       0xf4 C:/GivatShmuel/Base-Aug-2019/GlobusSatProject/..//hal/hcc/lib\libHCCD.a(fat_common.o)
                0x20012f6c                fn_releasedriver
 .text.fn_initvolumepartition_sub
                0x20013060       0xe0 C:/GivatShmuel/Base-Aug-2019/GlobusSatProject/..//hal/hcc/lib\libHCCD.a(fat_common.o)
 .text.fn_initvolumepartition
                0x20013140       0xac C:/GivatShmuel/Base-Aug-2019/GlobusSatProject/..//hal/hcc/lib\libHCCD.a(fat_common.o)
                0x20013140                fn_initvolumepartition
 .text.fn_delvolume
                0x200131ec      0x194 C:/GivatShmuel/Base-Aug-2019/GlobusSatProject/..//hal/hcc/lib\libHCCD.a(fat_common.o)
                0x200131ec                fn_delvolume
 .text._f_clustertopos
                0x20013380       0xf8 C:/GivatShmuel/Base-Aug-2019/GlobusSatProject/..//hal/hcc/lib\libHCCD.a(fat_common.o)
                0x20013380                _f_clustertopos
 .text._f_getcurrsector
                0x20013478      0x6c8 C:/GivatShmuel/Base-Aug-2019/GlobusSatProject/..//hal/hcc/lib\libHCCD.a(fat_common.o)
                0x20013478                _f_getcurrsector
 .text._f_getdecluster
                0x20013b40       0x90 C:/GivatShmuel/Base-Aug-2019/GlobusSatProject/..//hal/hcc/lib\libHCCD.a(fat_common.o)
                0x20013b40                _f_getdecluster
 .text._f_setdecluster
                0x20013bd0       0x8c C:/GivatShmuel/Base-Aug-2019/GlobusSatProject/..//hal/hcc/lib\libHCCD.a(fat_common.o)
                0x20013bd0                _f_setdecluster
 .text.fn_getdrive
                0x20013c5c       0x30 C:/GivatShmuel/Base-Aug-2019/GlobusSatProject/..//hal/hcc/lib\libHCCD.a(fat_common.o)
                0x20013c5c                fn_getdrive
 .text._f_getcurrenttimedate
                0x20013c8c      0x138 C:/GivatShmuel/Base-Aug-2019/GlobusSatProject/..//hal/hcc/lib\libHCCD.a(fat_common.o)
                0x20013c8c                _f_getcurrenttimedate
 .text._f_initentry
                0x20013dc4       0xa0 C:/GivatShmuel/Base-Aug-2019/GlobusSatProject/..//hal/hcc/lib\libHCCD.a(fat_common.o)
                0x20013dc4                _f_initentry
 .text._f_alloccluster
                0x20013e64      0x344 C:/GivatShmuel/Base-Aug-2019/GlobusSatProject/..//hal/hcc/lib\libHCCD.a(fat_common.o)
                0x20013e64                _f_alloccluster
 .text._f_dobadblock
                0x200141a8      0x2cc C:/GivatShmuel/Base-Aug-2019/GlobusSatProject/..//hal/hcc/lib\libHCCD.a(fat_common.o)
                0x200141a8                _f_dobadblock
 .text._f_checklocked
                0x20014474       0xe4 C:/GivatShmuel/Base-Aug-2019/GlobusSatProject/..//hal/hcc/lib\libHCCD.a(fat_common.o)
                0x20014474                _f_checklocked
 .text._f_checkappendlocked
                0x20014558      0x110 C:/GivatShmuel/Base-Aug-2019/GlobusSatProject/..//hal/hcc/lib\libHCCD.a(fat_common.o)
                0x20014558                _f_checkappendlocked
 .text._f_setsyncafile
                0x20014668      0x114 C:/GivatShmuel/Base-Aug-2019/GlobusSatProject/..//hal/hcc/lib\libHCCD.a(fat_common.o)
                0x20014668                _f_setsyncafile
 .text._f_syncfiles
                0x2001477c      0x128 C:/GivatShmuel/Base-Aug-2019/GlobusSatProject/..//hal/hcc/lib\libHCCD.a(fat_common.o)
                0x2001477c                _f_syncfiles
 .text._f_syncfilescontent
                0x200148a4      0x15c C:/GivatShmuel/Base-Aug-2019/GlobusSatProject/..//hal/hcc/lib\libHCCD.a(fat_common.o)
 .text.fn_getfreespace
                0x20014a00      0x4c0 C:/GivatShmuel/Base-Aug-2019/GlobusSatProject/..//hal/hcc/lib\libHCCD.a(fat_common.o)
                0x20014a00                fn_getfreespace
 .text._f_emptywritecache
                0x20014ec0      0x4a4 C:/GivatShmuel/Base-Aug-2019/GlobusSatProject/..//hal/hcc/lib\libHCCD.a(fat_common.o)
 .text._f_allocnextcluster
                0x20015364      0x54c C:/GivatShmuel/Base-Aug-2019/GlobusSatProject/..//hal/hcc/lib\libHCCD.a(fat_common.o)
 .text._f_emptywritebuffer
                0x200158b0      0x20c C:/GivatShmuel/Base-Aug-2019/GlobusSatProject/..//hal/hcc/lib\libHCCD.a(fat_common.o)
 .text._f_writezeros
                0x20015abc       0xf0 C:/GivatShmuel/Base-Aug-2019/GlobusSatProject/..//hal/hcc/lib\libHCCD.a(fat_common.o)
                0x20015abc                _f_writezeros
 .text._f_extend_file
                0x20015bac      0x570 C:/GivatShmuel/Base-Aug-2019/GlobusSatProject/..//hal/hcc/lib\libHCCD.a(fat_common.o)
 .text._f_fseek
                0x2001611c      0x9bc C:/GivatShmuel/Base-Aug-2019/GlobusSatProject/..//hal/hcc/lib\libHCCD.a(fat_common.o)
                0x2001611c                _f_fseek
 .text._f_removechain
                0x20016ad8      0x104 C:/GivatShmuel/Base-Aug-2019/GlobusSatProject/..//hal/hcc/lib\libHCCD.a(fat_common.o)
                0x20016ad8                _f_removechain
 .text._f_updatefileentry
                0x20016bdc      0x1cc C:/GivatShmuel/Base-Aug-2019/GlobusSatProject/..//hal/hcc/lib\libHCCD.a(fat_common.o)
 .text._f_checkreadlocked
                0x20016da8      0x1bc C:/GivatShmuel/Base-Aug-2019/GlobusSatProject/..//hal/hcc/lib\libHCCD.a(fat_common.o)
                0x20016da8                _f_checkreadlocked
 .text._f_check_handle
                0x20016f64       0x98 C:/GivatShmuel/Base-Aug-2019/GlobusSatProject/..//hal/hcc/lib\libHCCD.a(fat_common.o)
                0x20016f64                _f_check_handle
 .text._f_removesyncafile
                0x20016ffc      0x1ec C:/GivatShmuel/Base-Aug-2019/GlobusSatProject/..//hal/hcc/lib\libHCCD.a(fat_common.o)
 .text.fn_close
                0x200171e8      0x3f8 C:/GivatShmuel/Base-Aug-2019/GlobusSatProject/..//hal/hcc/lib\libHCCD.a(fat_common.o)
                0x200171e8                fn_close
 .text.fn_flush
                0x200175e0      0x374 C:/GivatShmuel/Base-Aug-2019/GlobusSatProject/..//hal/hcc/lib\libHCCD.a(fat_common.o)
                0x200175e0                fn_flush
 .text.fn_read  0x20017954      0x690 C:/GivatShmuel/Base-Aug-2019/GlobusSatProject/..//hal/hcc/lib\libHCCD.a(fat_common.o)
                0x20017954                fn_read
 .text._f_abortwrite
                0x20017fe4      0x100 C:/GivatShmuel/Base-Aug-2019/GlobusSatProject/..//hal/hcc/lib\libHCCD.a(fat_common.o)
 .text._f_checkwritecluster
                0x200180e4       0xe4 C:/GivatShmuel/Base-Aug-2019/GlobusSatProject/..//hal/hcc/lib\libHCCD.a(fat_common.o)
 .text.fn_write
                0x200181c8      0x8a8 C:/GivatShmuel/Base-Aug-2019/GlobusSatProject/..//hal/hcc/lib\libHCCD.a(fat_common.o)
                0x200181c8                fn_write
 .text.fn_seek  0x20018a70      0x270 C:/GivatShmuel/Base-Aug-2019/GlobusSatProject/..//hal/hcc/lib\libHCCD.a(fat_common.o)
                0x20018a70                fn_seek
 .text.f_enterFS
                0x20018ce0      0x1c0 C:/GivatShmuel/Base-Aug-2019/GlobusSatProject/..//hal/hcc/lib\libHCCD.a(fat_common.o)
                0x20018ce0                f_enterFS
 .text.f_releaseFS
                0x20018ea0       0xb0 C:/GivatShmuel/Base-Aug-2019/GlobusSatProject/..//hal/hcc/lib\libHCCD.a(fat_common.o)
                0x20018ea0                f_releaseFS
 .text.fnGetTask
                0x20018f50       0xfc C:/GivatShmuel/Base-Aug-2019/GlobusSatProject/..//hal/hcc/lib\libHCCD.a(fat_common.o)
                0x20018f50                fnGetTask
 .text._f_mutex_get
                0x2001904c       0x98 C:/GivatShmuel/Base-Aug-2019/GlobusSatProject/..//hal/hcc/lib\libHCCD.a(fat_common.o)
                0x2001904c                _f_mutex_get
 .text._f_mutex_put
                0x200190e4       0x54 C:/GivatShmuel/Base-Aug-2019/GlobusSatProject/..//hal/hcc/lib\libHCCD.a(fat_common.o)
                0x200190e4                _f_mutex_put
 .text._fn_initseekdivisor
                0x20019138      0x158 C:/GivatShmuel/Base-Aug-2019/GlobusSatProject/..//hal/hcc/lib\libHCCD.a(fat_common.o)
                0x20019138                _fn_initseekdivisor
 .text._fn_updateseekpos
                0x20019290       0xc4 C:/GivatShmuel/Base-Aug-2019/GlobusSatProject/..//hal/hcc/lib\libHCCD.a(fat_common.o)
 .text._f_findopensize
                0x20019354       0x2c C:/GivatShmuel/Base-Aug-2019/GlobusSatProject/..//hal/hcc/lib\libHCCD.a(fat_common.o)
                0x20019354                _f_findopensize
 .text.fn_setlasterror
                0x20019380       0x34 C:/GivatShmuel/Base-Aug-2019/GlobusSatProject/..//hal/hcc/lib\libHCCD.a(fat_common.o)
                0x20019380                fn_setlasterror
 .text.fn_setlasterror_noret
                0x200193b4       0x2c C:/GivatShmuel/Base-Aug-2019/GlobusSatProject/..//hal/hcc/lib\libHCCD.a(fat_common.o)
                0x200193b4                fn_setlasterror_noret
 .text.fm_initvolume
                0x200193e0       0x70 C:/GivatShmuel/Base-Aug-2019/GlobusSatProject/..//hal/hcc/lib\libHCCD.a(fat_m.o)
                0x200193e0                fm_initvolume
 .text.fm_delvolume
                0x20019450       0x60 C:/GivatShmuel/Base-Aug-2019/GlobusSatProject/..//hal/hcc/lib\libHCCD.a(fat_m.o)
                0x20019450                fm_delvolume
 .text.fm_getdrive
                0x200194b0       0x70 C:/GivatShmuel/Base-Aug-2019/GlobusSatProject/..//hal/hcc/lib\libHCCD.a(fat_m.o)
                0x200194b0                fm_getdrive
 .text.fm_getfreespace
                0x20019520       0x68 C:/GivatShmuel/Base-Aug-2019/GlobusSatProject/..//hal/hcc/lib\libHCCD.a(fat_m.o)
                0x20019520                fm_getfreespace
 .text.fm_findfirst
                0x20019588       0x68 C:/GivatShmuel/Base-Aug-2019/GlobusSatProject/..//hal/hcc/lib\libHCCD.a(fat_m.o)
                0x20019588                fm_findfirst
 .text.fm_findnext
                0x200195f0       0x60 C:/GivatShmuel/Base-Aug-2019/GlobusSatProject/..//hal/hcc/lib\libHCCD.a(fat_m.o)
                0x200195f0                fm_findnext
 .text.fm_filelength
                0x20019650       0x60 C:/GivatShmuel/Base-Aug-2019/GlobusSatProject/..//hal/hcc/lib\libHCCD.a(fat_m.o)
                0x20019650                fm_filelength
 .text.fm_close
                0x200196b0       0x60 C:/GivatShmuel/Base-Aug-2019/GlobusSatProject/..//hal/hcc/lib\libHCCD.a(fat_m.o)
                0x200196b0                fm_close
 .text.fm_flush
                0x20019710       0x60 C:/GivatShmuel/Base-Aug-2019/GlobusSatProject/..//hal/hcc/lib\libHCCD.a(fat_m.o)
                0x20019710                fm_flush
 .text.fm_open  0x20019770       0x68 C:/GivatShmuel/Base-Aug-2019/GlobusSatProject/..//hal/hcc/lib\libHCCD.a(fat_m.o)
                0x20019770                fm_open
 .text.fm_read  0x200197d8       0x7c C:/GivatShmuel/Base-Aug-2019/GlobusSatProject/..//hal/hcc/lib\libHCCD.a(fat_m.o)
                0x200197d8                fm_read
 .text.fm_write
                0x20019854       0x7c C:/GivatShmuel/Base-Aug-2019/GlobusSatProject/..//hal/hcc/lib\libHCCD.a(fat_m.o)
                0x20019854                fm_write
 .text.fm_seek  0x200198d0       0x70 C:/GivatShmuel/Base-Aug-2019/GlobusSatProject/..//hal/hcc/lib\libHCCD.a(fat_m.o)
                0x200198d0                fm_seek
 .text.fm_delete
                0x20019940       0x64 C:/GivatShmuel/Base-Aug-2019/GlobusSatProject/..//hal/hcc/lib\libHCCD.a(fat_m.o)
                0x20019940                fm_delete
 .text._s_checkzeroclusteratend
                0x200199a4       0xf8 C:/GivatShmuel/Base-Aug-2019/GlobusSatProject/..//hal/hcc/lib\libHCCD.a(safefat.o)
 .text._s_clearclustercontent
                0x20019a9c      0x108 C:/GivatShmuel/Base-Aug-2019/GlobusSatProject/..//hal/hcc/lib\libHCCD.a(safefat.o)
 .text._s_clearclustercontentdir
                0x20019ba4      0x19c C:/GivatShmuel/Base-Aug-2019/GlobusSatProject/..//hal/hcc/lib\libHCCD.a(safefat.o)
 .text._s_writedirsector
                0x20019d40       0xd0 C:/GivatShmuel/Base-Aug-2019/GlobusSatProject/..//hal/hcc/lib\libHCCD.a(safefat.o)
 .text._s_getdirsector
                0x20019e10      0x100 C:/GivatShmuel/Base-Aug-2019/GlobusSatProject/..//hal/hcc/lib\libHCCD.a(safefat.o)
 .text._s_addentry
                0x20019f10      0x394 C:/GivatShmuel/Base-Aug-2019/GlobusSatProject/..//hal/hcc/lib\libHCCD.a(safefat.o)
 .text._s_findfile
                0x2001a2a4      0x33c C:/GivatShmuel/Base-Aug-2019/GlobusSatProject/..//hal/hcc/lib\libHCCD.a(safefat.o)
 .text._s_findsubdir
                0x2001a5e0      0x248 C:/GivatShmuel/Base-Aug-2019/GlobusSatProject/..//hal/hcc/lib\libHCCD.a(safefat.o)
 .text._s_createfile
                0x2001a828      0x190 C:/GivatShmuel/Base-Aug-2019/GlobusSatProject/..//hal/hcc/lib\libHCCD.a(safefat.o)
 .text._s_findsaffile
                0x2001a9b8      0x1b8 C:/GivatShmuel/Base-Aug-2019/GlobusSatProject/..//hal/hcc/lib\libHCCD.a(safefat.o)
 .text._s_open  0x2001ab70       0xe4 C:/GivatShmuel/Base-Aug-2019/GlobusSatProject/..//hal/hcc/lib\libHCCD.a(safefat.o)
 .text._s_open_saf
                0x2001ac54       0xe8 C:/GivatShmuel/Base-Aug-2019/GlobusSatProject/..//hal/hcc/lib\libHCCD.a(safefat.o)
 .text._s_flush
                0x2001ad3c       0x84 C:/GivatShmuel/Base-Aug-2019/GlobusSatProject/..//hal/hcc/lib\libHCCD.a(safefat.o)
 .text._s_allocnextcluster
                0x2001adc0      0x13c C:/GivatShmuel/Base-Aug-2019/GlobusSatProject/..//hal/hcc/lib\libHCCD.a(safefat.o)
 .text._s_getnextsector
                0x2001aefc       0xdc C:/GivatShmuel/Base-Aug-2019/GlobusSatProject/..//hal/hcc/lib\libHCCD.a(safefat.o)
 .text._s_seek  0x2001afd8      0x1e8 C:/GivatShmuel/Base-Aug-2019/GlobusSatProject/..//hal/hcc/lib\libHCCD.a(safefat.o)
 .text._s_get_len
                0x2001b1c0      0x10c C:/GivatShmuel/Base-Aug-2019/GlobusSatProject/..//hal/hcc/lib\libHCCD.a(safefat.o)
 .text._s_set_len
                0x2001b2cc       0xb4 C:/GivatShmuel/Base-Aug-2019/GlobusSatProject/..//hal/hcc/lib\libHCCD.a(safefat.o)
 .text.safe_fix_filelengths
                0x2001b380       0xcc C:/GivatShmuel/Base-Aug-2019/GlobusSatProject/..//hal/hcc/lib\libHCCD.a(safefat.o)
                0x2001b380                safe_fix_filelengths
 .text._s_read  0x2001b44c      0x228 C:/GivatShmuel/Base-Aug-2019/GlobusSatProject/..//hal/hcc/lib\libHCCD.a(safefat.o)
 .text._s_write
                0x2001b674      0x384 C:/GivatShmuel/Base-Aug-2019/GlobusSatProject/..//hal/hcc/lib\libHCCD.a(safefat.o)
 .text._s_restoreclusters
                0x2001b9f8      0x270 C:/GivatShmuel/Base-Aug-2019/GlobusSatProject/..//hal/hcc/lib\libHCCD.a(safefat.o)
                0x2001b9f8                _s_restoreclusters
 .text._s_findrestore
                0x2001bc68      0x18c C:/GivatShmuel/Base-Aug-2019/GlobusSatProject/..//hal/hcc/lib\libHCCD.a(safefat.o)
 .text._s_cmd_writede
                0x2001bdf4       0xd8 C:/GivatShmuel/Base-Aug-2019/GlobusSatProject/..//hal/hcc/lib\libHCCD.a(safefat.o)
 .text._s_cmd_setcluster
                0x2001becc       0x88 C:/GivatShmuel/Base-Aug-2019/GlobusSatProject/..//hal/hcc/lib\libHCCD.a(safefat.o)
 .text._s_cmd_deletechain
                0x2001bf54      0x100 C:/GivatShmuel/Base-Aug-2019/GlobusSatProject/..//hal/hcc/lib\libHCCD.a(safefat.o)
 .text._s_cmd_validatecfn
                0x2001c054      0x308 C:/GivatShmuel/Base-Aug-2019/GlobusSatProject/..//hal/hcc/lib\libHCCD.a(safefat.o)
 .text._s_cmd_seteof
                0x2001c35c      0x3c4 C:/GivatShmuel/Base-Aug-2019/GlobusSatProject/..//hal/hcc/lib\libHCCD.a(safefat.o)
 .text.safe_docommands
                0x2001c720      0x56c C:/GivatShmuel/Base-Aug-2019/GlobusSatProject/..//hal/hcc/lib\libHCCD.a(safefat.o)
                0x2001c720                safe_docommands
 .text.safe_entercommand
                0x2001cc8c       0x68 C:/GivatShmuel/Base-Aug-2019/GlobusSatProject/..//hal/hcc/lib\libHCCD.a(safefat.o)
                0x2001cc8c                safe_entercommand
 .text.safe_ready
                0x2001ccf4       0xf4 C:/GivatShmuel/Base-Aug-2019/GlobusSatProject/..//hal/hcc/lib\libHCCD.a(safefat.o)
                0x2001ccf4                safe_ready
 .text.safe_copycfn
                0x2001cde8       0xb8 C:/GivatShmuel/Base-Aug-2019/GlobusSatProject/..//hal/hcc/lib\libHCCD.a(safefat.o)
                0x2001cde8                safe_copycfn
 .text.safe_cfremove
                0x2001cea0       0xb8 C:/GivatShmuel/Base-Aug-2019/GlobusSatProject/..//hal/hcc/lib\libHCCD.a(safefat.o)
                0x2001cea0                safe_cfremove
 .text.safe_writede
                0x2001cf58      0x104 C:/GivatShmuel/Base-Aug-2019/GlobusSatProject/..//hal/hcc/lib\libHCCD.a(safefat.o)
                0x2001cf58                safe_writede
 .text.safe_setcluster
                0x2001d05c       0xcc C:/GivatShmuel/Base-Aug-2019/GlobusSatProject/..//hal/hcc/lib\libHCCD.a(safefat.o)
                0x2001d05c                safe_setcluster
 .text.safe_deletechain
                0x2001d128      0x1c8 C:/GivatShmuel/Base-Aug-2019/GlobusSatProject/..//hal/hcc/lib\libHCCD.a(safefat.o)
                0x2001d128                safe_deletechain
 .text.safe_cfclose
                0x2001d2f0      0x104 C:/GivatShmuel/Base-Aug-2019/GlobusSatProject/..//hal/hcc/lib\libHCCD.a(safefat.o)
                0x2001d2f0                safe_cfclose
 .text.safe_cfflush
                0x2001d3f4      0x124 C:/GivatShmuel/Base-Aug-2019/GlobusSatProject/..//hal/hcc/lib\libHCCD.a(safefat.o)
                0x2001d3f4                safe_cfflush
 .text.safe_reset
                0x2001d518       0x78 C:/GivatShmuel/Base-Aug-2019/GlobusSatProject/..//hal/hcc/lib\libHCCD.a(safefat.o)
                0x2001d518                safe_reset
 .text.safe_loadcommands
                0x2001d590       0x78 C:/GivatShmuel/Base-Aug-2019/GlobusSatProject/..//hal/hcc/lib\libHCCD.a(safefat.o)
                0x2001d590                safe_loadcommands
 .text.safe_poweron
                0x2001d608      0x1fc C:/GivatShmuel/Base-Aug-2019/GlobusSatProject/..//hal/hcc/lib\libHCCD.a(safefat.o)
                0x2001d608                safe_poweron
 .text.cf_getname
                0x2001d804       0xc0 C:/GivatShmuel/Base-Aug-2019/GlobusSatProject/..//hal/hcc/lib\libHCCD.a(safefat.o)
 .text.cf_copyclusterchain
                0x2001d8c4      0x138 C:/GivatShmuel/Base-Aug-2019/GlobusSatProject/..//hal/hcc/lib\libHCCD.a(safefat.o)
 .text.cf_seektozero
                0x2001d9fc       0x94 C:/GivatShmuel/Base-Aug-2019/GlobusSatProject/..//hal/hcc/lib\libHCCD.a(safefat.o)
                0x2001d9fc                cf_seektozero
 .text.cf_create
                0x2001da90      0x3a8 C:/GivatShmuel/Base-Aug-2019/GlobusSatProject/..//hal/hcc/lib\libHCCD.a(safefat.o)
                0x2001da90                cf_create
 .text.cf_copyclustercontent
                0x2001de38      0x128 C:/GivatShmuel/Base-Aug-2019/GlobusSatProject/..//hal/hcc/lib\libHCCD.a(safefat.o)
                0x2001de38                cf_copyclustercontent
 .text.cf_copycfn
                0x2001df60      0x4bc C:/GivatShmuel/Base-Aug-2019/GlobusSatProject/..//hal/hcc/lib\libHCCD.a(safefat.o)
                0x2001df60                cf_copycfn
 .text.cf_remove
                0x2001e41c      0x344 C:/GivatShmuel/Base-Aug-2019/GlobusSatProject/..//hal/hcc/lib\libHCCD.a(safefat.o)
                0x2001e41c                cf_remove
 .text.cf_setclusternew
                0x2001e760       0xf0 C:/GivatShmuel/Base-Aug-2019/GlobusSatProject/..//hal/hcc/lib\libHCCD.a(safefat.o)
                0x2001e760                cf_setclusternew
 .text.cf_flush
                0x2001e850       0x58 C:/GivatShmuel/Base-Aug-2019/GlobusSatProject/..//hal/hcc/lib\libHCCD.a(safefat.o)
                0x2001e850                cf_flush
 .text.cf_getcluster
                0x2001e8a8      0x1b4 C:/GivatShmuel/Base-Aug-2019/GlobusSatProject/..//hal/hcc/lib\libHCCD.a(safefat.o)
                0x2001e8a8                cf_getcluster
 .text.cf_setnextcluster
                0x2001ea5c      0x194 C:/GivatShmuel/Base-Aug-2019/GlobusSatProject/..//hal/hcc/lib\libHCCD.a(safefat.o)
                0x2001ea5c                cf_setnextcluster
 .text.cf_getpositions
                0x2001ebf0       0xbc C:/GivatShmuel/Base-Aug-2019/GlobusSatProject/..//hal/hcc/lib\libHCCD.a(safefat.o)
                0x2001ebf0                cf_getpositions
 .text.cf_setpositions
                0x2001ecac       0xb0 C:/GivatShmuel/Base-Aug-2019/GlobusSatProject/..//hal/hcc/lib\libHCCD.a(safefat.o)
                0x2001ecac                cf_setpositions
 .text.cf_opensyncafile
                0x2001ed5c      0x150 C:/GivatShmuel/Base-Aug-2019/GlobusSatProject/..//hal/hcc/lib\libHCCD.a(safefat.o)
                0x2001ed5c                cf_opensyncafile
 .text.cf_reloadcfo
                0x2001eeac       0xd8 C:/GivatShmuel/Base-Aug-2019/GlobusSatProject/..//hal/hcc/lib\libHCCD.a(safefat.o)
                0x2001eeac                cf_reloadcfo
 .text.mcipdc_cmd
                0x2001ef84      0x22c C:/GivatShmuel/Base-Aug-2019/GlobusSatProject/..//hal/hcc/lib\libHCCD.a(atmel_mcipdc.o)
 .text.mcipdc_stop
                0x2001f1b0       0xfc C:/GivatShmuel/Base-Aug-2019/GlobusSatProject/..//hal/hcc/lib\libHCCD.a(atmel_mcipdc.o)
                0x2001f1b0                mcipdc_stop
 .text.mcipdc_read
                0x2001f2ac      0x27c C:/GivatShmuel/Base-Aug-2019/GlobusSatProject/..//hal/hcc/lib\libHCCD.a(atmel_mcipdc.o)
 .text.mcipdc_write
                0x2001f528      0x298 C:/GivatShmuel/Base-Aug-2019/GlobusSatProject/..//hal/hcc/lib\libHCCD.a(atmel_mcipdc.o)
 .text.mcipdc_readsector
                0x2001f7c0       0x9c C:/GivatShmuel/Base-Aug-2019/GlobusSatProject/..//hal/hcc/lib\libHCCD.a(atmel_mcipdc.o)
                0x2001f7c0                mcipdc_readsector
 .text.mcipdc_readmultiplesector
                0x2001f85c      0x124 C:/GivatShmuel/Base-Aug-2019/GlobusSatProject/..//hal/hcc/lib\libHCCD.a(atmel_mcipdc.o)
                0x2001f85c                mcipdc_readmultiplesector
 .text.mcipdc_writesector
                0x2001f980       0x90 C:/GivatShmuel/Base-Aug-2019/GlobusSatProject/..//hal/hcc/lib\libHCCD.a(atmel_mcipdc.o)
                0x2001f980                mcipdc_writesector
 .text.mcipdc_writemultiplesector
                0x2001fa10      0x120 C:/GivatShmuel/Base-Aug-2019/GlobusSatProject/..//hal/hcc/lib\libHCCD.a(atmel_mcipdc.o)
                0x2001fa10                mcipdc_writemultiplesector
 .text.mcipdc_set_speed
                0x2001fb30       0xb0 C:/GivatShmuel/Base-Aug-2019/GlobusSatProject/..//hal/hcc/lib\libHCCD.a(atmel_mcipdc.o)
 .text.mcipdc_get_speed
                0x2001fbe0       0x48 C:/GivatShmuel/Base-Aug-2019/GlobusSatProject/..//hal/hcc/lib\libHCCD.a(atmel_mcipdc.o)
 .text._get_csd_bits
                0x2001fc28      0x14c C:/GivatShmuel/Base-Aug-2019/GlobusSatProject/..//hal/hcc/lib\libHCCD.a(atmel_mcipdc.o)
 .text.mcipdc_initcard
                0x2001fd74      0x8f4 C:/GivatShmuel/Base-Aug-2019/GlobusSatProject/..//hal/hcc/lib\libHCCD.a(atmel_mcipdc.o)
 .text.mcipdc_getstatus
                0x20020668       0xe8 C:/GivatShmuel/Base-Aug-2019/GlobusSatProject/..//hal/hcc/lib\libHCCD.a(atmel_mcipdc.o)
 .text.mcipdc_getphy
                0x20020750       0x90 C:/GivatShmuel/Base-Aug-2019/GlobusSatProject/..//hal/hcc/lib\libHCCD.a(atmel_mcipdc.o)
 .text.mcipdc_release
                0x200207e0       0x50 C:/GivatShmuel/Base-Aug-2019/GlobusSatProject/..//hal/hcc/lib\libHCCD.a(atmel_mcipdc.o)
 .text.atmel_mcipdc_initfunc
                0x20020830      0x160 C:/GivatShmuel/Base-Aug-2019/GlobusSatProject/..//hal/hcc/lib\libHCCD.a(atmel_mcipdc.o)
                0x20020830                atmel_mcipdc_initfunc
 .text.oal_mutex_create
                0x20020990       0x54 C:/GivatShmuel/Base-Aug-2019/GlobusSatProject/..//hal/hcc/lib\libHCCD.a(oalp_mutex.o)
                0x20020990                oal_mutex_create
 .text.oal_mutex_delete
                0x200209e4       0x30 C:/GivatShmuel/Base-Aug-2019/GlobusSatProject/..//hal/hcc/lib\libHCCD.a(oalp_mutex.o)
                0x200209e4                oal_mutex_delete
 .text.oal_mutex_get
                0x20020a14       0x58 C:/GivatShmuel/Base-Aug-2019/GlobusSatProject/..//hal/hcc/lib\libHCCD.a(oalp_mutex.o)
                0x20020a14                oal_mutex_get
 .text.oal_mutex_put
                0x20020a6c       0x58 C:/GivatShmuel/Base-Aug-2019/GlobusSatProject/..//hal/hcc/lib\libHCCD.a(oalp_mutex.o)
                0x20020a6c                oal_mutex_put
 .text.oal_task_get_id
                0x20020ac4       0x18 C:/GivatShmuel/Base-Aug-2019/GlobusSatProject/..//hal/hcc/lib\libHCCD.a(oalp_task.o)
                0x20020ac4                oal_task_get_id
 .text.mcipdc_hw_init
                0x20020adc       0xe8 C:/GivatShmuel/Base-Aug-2019/GlobusSatProject/..//hal/hcc/lib\libHCCD.a(atmel_mcipdc_hw.o)
                0x20020adc                mcipdc_hw_init
 .text.mcipdc_hw_delete
                0x20020bc4       0x78 C:/GivatShmuel/Base-Aug-2019/GlobusSatProject/..//hal/hcc/lib\libHCCD.a(atmel_mcipdc_hw.o)
                0x20020bc4                mcipdc_hw_delete
 .text.mcipdc_hw_card_plugged
                0x20020c3c       0x1c C:/GivatShmuel/Base-Aug-2019/GlobusSatProject/..//hal/hcc/lib\libHCCD.a(atmel_mcipdc_hw.o)
                0x20020c3c                mcipdc_hw_card_plugged
 .text.mcipdc_hw_card_writeprotect
                0x20020c58       0x1c C:/GivatShmuel/Base-Aug-2019/GlobusSatProject/..//hal/hcc/lib\libHCCD.a(atmel_mcipdc_hw.o)
                0x20020c58                mcipdc_hw_card_writeprotect
 .text.psp_getcurrenttimedate
                0x20020c74       0x8c C:/GivatShmuel/Base-Aug-2019/GlobusSatProject/..//hal/hcc/lib\libHCCD.a(psp_rtc.o)
                0x20020c74                psp_getcurrenttimedate
 .text._hcc_get_buf_dsc
                0x20020d00       0x8c C:/GivatShmuel/Base-Aug-2019/GlobusSatProject/..//hal/hcc/lib\libHCCD.a(hcc_mem.o)
 .text._hcc_check_free_pages
                0x20020d8c      0x18c C:/GivatShmuel/Base-Aug-2019/GlobusSatProject/..//hal/hcc/lib\libHCCD.a(hcc_mem.o)
 .text._hcc_mark_pages
                0x20020f18      0x158 C:/GivatShmuel/Base-Aug-2019/GlobusSatProject/..//hal/hcc/lib\libHCCD.a(hcc_mem.o)
 .text._hcc_clear_lock_dsc
                0x20021070       0x80 C:/GivatShmuel/Base-Aug-2019/GlobusSatProject/..//hal/hcc/lib\libHCCD.a(hcc_mem.o)
 .text._hcc_lock_access
                0x200210f0      0x128 C:/GivatShmuel/Base-Aug-2019/GlobusSatProject/..//hal/hcc/lib\libHCCD.a(hcc_mem.o)
 .text._hcc_unlock_access
                0x20021218       0x30 C:/GivatShmuel/Base-Aug-2019/GlobusSatProject/..//hal/hcc/lib\libHCCD.a(hcc_mem.o)
 .text.hcc_mem_alloc
                0x20021248      0x454 C:/GivatShmuel/Base-Aug-2019/GlobusSatProject/..//hal/hcc/lib\libHCCD.a(hcc_mem.o)
                0x20021248                hcc_mem_alloc
 .text.hcc_mem_free
                0x2002169c      0x178 C:/GivatShmuel/Base-Aug-2019/GlobusSatProject/..//hal/hcc/lib\libHCCD.a(hcc_mem.o)
                0x2002169c                hcc_mem_free
 .text.hcc_mem_add
                0x20021814      0x3b0 C:/GivatShmuel/Base-Aug-2019/GlobusSatProject/..//hal/hcc/lib\libHCCD.a(hcc_mem.o)
                0x20021814                hcc_mem_add
 .text.hcc_mem_init
                0x20021bc4      0x164 C:/GivatShmuel/Base-Aug-2019/GlobusSatProject/..//hal/hcc/lib\libHCCD.a(hcc_mem.o)
                0x20021bc4                hcc_mem_init
 .text.hcc_mem_delete
                0x20021d28       0x94 C:/GivatShmuel/Base-Aug-2019/GlobusSatProject/..//hal/hcc/lib\libHCCD.a(hcc_mem.o)
                0x20021d28                hcc_mem_delete
 .text._f_invalidatedir
                0x20021dbc       0x28 C:/GivatShmuel/Base-Aug-2019/GlobusSatProject/..//hal/hcc/lib\libHCCD.a(fat.o)
                0x20021dbc                _f_invalidatedir
 .text._f_getdirsector
                0x20021de4       0x88 C:/GivatShmuel/Base-Aug-2019/GlobusSatProject/..//hal/hcc/lib\libHCCD.a(fat.o)
                0x20021de4                _f_getdirsector
 .text._f_writedirsector
                0x20021e6c       0x74 C:/GivatShmuel/Base-Aug-2019/GlobusSatProject/..//hal/hcc/lib\libHCCD.a(fat.o)
                0x20021e6c                _f_writedirsector
 .text._f_checknameinv
                0x20021ee0      0x180 C:/GivatShmuel/Base-Aug-2019/GlobusSatProject/..//hal/hcc/lib\libHCCD.a(fat.o)
 .text._f_checkname
                0x20022060       0x7c C:/GivatShmuel/Base-Aug-2019/GlobusSatProject/..//hal/hcc/lib\libHCCD.a(fat.o)
 .text._f_checknamewc
                0x200220dc       0xf8 C:/GivatShmuel/Base-Aug-2019/GlobusSatProject/..//hal/hcc/lib\libHCCD.a(fat.o)
 .text._f_setnameext
                0x200221d4      0x300 C:/GivatShmuel/Base-Aug-2019/GlobusSatProject/..//hal/hcc/lib\libHCCD.a(fat.o)
 .text._f_setfsname
                0x200224d4      0x584 C:/GivatShmuel/Base-Aug-2019/GlobusSatProject/..//hal/hcc/lib\libHCCD.a(fat.o)
 .text._f_findfile
                0x20022a58      0x30c C:/GivatShmuel/Base-Aug-2019/GlobusSatProject/..//hal/hcc/lib\libHCCD.a(fat.o)
 .text._f_cmp_wname
                0x20022d64      0x274 C:/GivatShmuel/Base-Aug-2019/GlobusSatProject/..//hal/hcc/lib\libHCCD.a(fat.o)
 .text._f_to_string
                0x20022fd8      0x130 C:/GivatShmuel/Base-Aug-2019/GlobusSatProject/..//hal/hcc/lib\libHCCD.a(fat.o)
 .text._f_findfilewc
                0x20023108      0x278 C:/GivatShmuel/Base-Aug-2019/GlobusSatProject/..//hal/hcc/lib\libHCCD.a(fat.o)
 .text._f_getfilename
                0x20023380      0x20c C:/GivatShmuel/Base-Aug-2019/GlobusSatProject/..//hal/hcc/lib\libHCCD.a(fat.o)
 .text._f_findpath
                0x2002358c      0x35c C:/GivatShmuel/Base-Aug-2019/GlobusSatProject/..//hal/hcc/lib\libHCCD.a(fat.o)
 .text.fn_getdcwd
                0x200238e8      0x1e0 C:/GivatShmuel/Base-Aug-2019/GlobusSatProject/..//hal/hcc/lib\libHCCD.a(fat.o)
                0x200238e8                fn_getdcwd
 .text.fn_findfirst
                0x20023ac8      0x13c C:/GivatShmuel/Base-Aug-2019/GlobusSatProject/..//hal/hcc/lib\libHCCD.a(fat.o)
                0x20023ac8                fn_findfirst
 .text.fn_findnext
                0x20023c04      0x360 C:/GivatShmuel/Base-Aug-2019/GlobusSatProject/..//hal/hcc/lib\libHCCD.a(fat.o)
                0x20023c04                fn_findnext
 .text._f_lock_resfile
                0x20023f64       0x6c C:/GivatShmuel/Base-Aug-2019/GlobusSatProject/..//hal/hcc/lib\libHCCD.a(fat.o)
 .text._f_unlock_resfile
                0x20023fd0       0x40 C:/GivatShmuel/Base-Aug-2019/GlobusSatProject/..//hal/hcc/lib\libHCCD.a(fat.o)
 .text._f_getintfile
                0x20024010      0x124 C:/GivatShmuel/Base-Aug-2019/GlobusSatProject/..//hal/hcc/lib\libHCCD.a(fat.o)
 .text._f_addentry
                0x20024134      0x540 C:/GivatShmuel/Base-Aug-2019/GlobusSatProject/..//hal/hcc/lib\libHCCD.a(fat.o)
 .text.fn_filelength
                0x20024674      0x1cc C:/GivatShmuel/Base-Aug-2019/GlobusSatProject/..//hal/hcc/lib\libHCCD.a(fat.o)
                0x20024674                fn_filelength
 .text.fn_open_sub
                0x20024840     0x1698 C:/GivatShmuel/Base-Aug-2019/GlobusSatProject/..//hal/hcc/lib\libHCCD.a(fat.o)
 .text.fn_open  0x20025ed8       0x44 C:/GivatShmuel/Base-Aug-2019/GlobusSatProject/..//hal/hcc/lib\libHCCD.a(fat.o)
                0x20025ed8                fn_open
 .text.fn_delete
                0x20025f1c      0x490 C:/GivatShmuel/Base-Aug-2019/GlobusSatProject/..//hal/hcc/lib\libHCCD.a(fat.o)
                0x20025f1c                fn_delete
 .text.hcc_mem_buf_alloc
                0x200263ac       0xe4 C:/GivatShmuel/Base-Aug-2019/GlobusSatProject/..//hal/hcc/lib\libHCCD.a(psp_hcc_mem.o)
                0x200263ac                hcc_mem_buf_alloc
 .text.hcc_mem_buf_free
                0x20026490       0x6c C:/GivatShmuel/Base-Aug-2019/GlobusSatProject/..//hal/hcc/lib\libHCCD.a(psp_hcc_mem.o)
                0x20026490                hcc_mem_buf_free
 .text.makeAntStransfer
                0x200264fc       0x4c C:/ISIS/workspace/satellite-subsystems/satellite-subsystems/lib\libSatelliteSubsystemsD.a(IsisAntS.o)
 .text.checkInputsValid
                0x20026548       0x7c C:/ISIS/workspace/satellite-subsystems/satellite-subsystems/lib\libSatelliteSubsystemsD.a(IsisAntS.o)
 .text.IsisAntS_initialize
                0x200265c4      0x26c C:/ISIS/workspace/satellite-subsystems/satellite-subsystems/lib\libSatelliteSubsystemsD.a(IsisAntS.o)
                0x200265c4                IsisAntS_initialize
 .text.IsisAntS_setArmStatus
                0x20026830      0x104 C:/ISIS/workspace/satellite-subsystems/satellite-subsystems/lib\libSatelliteSubsystemsD.a(IsisAntS.o)
                0x20026830                IsisAntS_setArmStatus
 .text.IsisAntS_getStatusData
                0x20026934      0x120 C:/ISIS/workspace/satellite-subsystems/satellite-subsystems/lib\libSatelliteSubsystemsD.a(IsisAntS.o)
                0x20026934                IsisAntS_getStatusData
 .text.IsisAntS_getUptime
                0x20026a54      0x120 C:/ISIS/workspace/satellite-subsystems/satellite-subsystems/lib\libSatelliteSubsystemsD.a(IsisAntS.o)
                0x20026a54                IsisAntS_getUptime
 .text.IsisAntS_getAlltelemetry
                0x20026b74      0x120 C:/ISIS/workspace/satellite-subsystems/satellite-subsystems/lib\libSatelliteSubsystemsD.a(IsisAntS.o)
                0x20026b74                IsisAntS_getAlltelemetry
 .text.IsisAntS_reset
                0x20026c94      0x104 C:/ISIS/workspace/satellite-subsystems/satellite-subsystems/lib\libSatelliteSubsystemsD.a(IsisAntS.o)
                0x20026c94                IsisAntS_reset
 .text.IsisAntS_cancelDeployment
                0x20026d98      0x104 C:/ISIS/workspace/satellite-subsystems/satellite-subsystems/lib\libSatelliteSubsystemsD.a(IsisAntS.o)
                0x20026d98                IsisAntS_cancelDeployment
 .text._make_IsisEPStransfer
                0x20026e9c       0x3c C:/ISIS/workspace/satellite-subsystems/satellite-subsystems/lib\libSatelliteSubsystemsD.a(IsisEPS.o)
 .text.IsisEPS_initialize
                0x20026ed8      0x18c C:/ISIS/workspace/satellite-subsystems/satellite-subsystems/lib\libSatelliteSubsystemsD.a(IsisEPS.o)
                0x20026ed8                IsisEPS_initialize
 .text.IsisEPS_hardReset
                0x20027064       0xc8 C:/ISIS/workspace/satellite-subsystems/satellite-subsystems/lib\libSatelliteSubsystemsD.a(IsisEPS.o)
                0x20027064                IsisEPS_hardReset
 .text.IsisEPS_resetWDT
                0x2002712c       0xac C:/ISIS/workspace/satellite-subsystems/satellite-subsystems/lib\libSatelliteSubsystemsD.a(IsisEPS.o)
                0x2002712c                IsisEPS_resetWDT
 .text.IsisEPS_outputBusGroupOn
                0x200271d8       0xc4 C:/ISIS/workspace/satellite-subsystems/satellite-subsystems/lib\libSatelliteSubsystemsD.a(IsisEPS.o)
                0x200271d8                IsisEPS_outputBusGroupOn
 .text.IsisEPS_outputBusGroupOff
                0x2002729c       0xc4 C:/ISIS/workspace/satellite-subsystems/satellite-subsystems/lib\libSatelliteSubsystemsD.a(IsisEPS.o)
                0x2002729c                IsisEPS_outputBusGroupOff
 .text.IsisEPS_getRawHKDataMB
                0x20027360       0xf8 C:/ISIS/workspace/satellite-subsystems/satellite-subsystems/lib\libSatelliteSubsystemsD.a(IsisEPS.o)
                0x20027360                IsisEPS_getRawHKDataMB
 .text.IsisEPS_getEngHKDataMB
                0x20027458       0xf8 C:/ISIS/workspace/satellite-subsystems/satellite-subsystems/lib\libSatelliteSubsystemsD.a(IsisEPS.o)
                0x20027458                IsisEPS_getEngHKDataMB
 .text.IsisEPS_getRAEngHKDataMB
                0x20027550       0xf8 C:/ISIS/workspace/satellite-subsystems/satellite-subsystems/lib\libSatelliteSubsystemsD.a(IsisEPS.o)
                0x20027550                IsisEPS_getRAEngHKDataMB
 .text.IsisEPS_getRawHKDataCDB
                0x20027648      0x154 C:/ISIS/workspace/satellite-subsystems/satellite-subsystems/lib\libSatelliteSubsystemsD.a(IsisEPS.o)
                0x20027648                IsisEPS_getRawHKDataCDB
 .text.IsisEPS_getEngHKDataCDB
                0x2002779c      0x154 C:/ISIS/workspace/satellite-subsystems/satellite-subsystems/lib\libSatelliteSubsystemsD.a(IsisEPS.o)
                0x2002779c                IsisEPS_getEngHKDataCDB
 .text.IsisSolarPanelv2_getTemperature
                0x200278f0       0xc8 C:/ISIS/workspace/satellite-subsystems/satellite-subsystems/lib\libSatelliteSubsystemsD.a(IsisSolarPanelv2.o)
                0x200278f0                IsisSolarPanelv2_getTemperature
 .text.IsisSolarPanelv2_getState
                0x200279b8       0x24 C:/ISIS/workspace/satellite-subsystems/satellite-subsystems/lib\libSatelliteSubsystemsD.a(IsisSolarPanelv2.o)
                0x200279b8                IsisSolarPanelv2_getState
 .text._InitiateConversion
                0x200279dc       0xac C:/ISIS/workspace/satellite-subsystems/satellite-subsystems/lib\libSatelliteSubsystemsD.a(IsisSolarPanelv2.o)
 .text._WaitForConversionComplete
                0x20027a88      0x100 C:/ISIS/workspace/satellite-subsystems/satellite-subsystems/lib\libSatelliteSubsystemsD.a(IsisSolarPanelv2.o)
 .text._ReadResult
                0x20027b88      0x158 C:/ISIS/workspace/satellite-subsystems/satellite-subsystems/lib\libSatelliteSubsystemsD.a(IsisSolarPanelv2.o)
 .text._ExtractByte
                0x20027ce0       0x38 C:/ISIS/workspace/satellite-subsystems/satellite-subsystems/lib\libSatelliteSubsystemsD.a(IsisSolarPanelv2.o)
 .text._ExtendSign
                0x20027d18       0x6c C:/ISIS/workspace/satellite-subsystems/satellite-subsystems/lib\libSatelliteSubsystemsD.a(IsisSolarPanelv2.o)
 .text._SpiWriteRead
                0x20027d84       0x70 C:/ISIS/workspace/satellite-subsystems/satellite-subsystems/lib\libSatelliteSubsystemsD.a(IsisSolarPanelv2.o)
 .text.IsisTrxvu_initialize
                0x20027df4      0x2f4 C:/ISIS/workspace/satellite-subsystems/satellite-subsystems/lib\libSatelliteSubsystemsD.a(IsisTRXVU.o)
                0x20027df4                IsisTrxvu_initialize
 .text.makeTRXVUtransfer
                0x200280e8       0x44 C:/ISIS/workspace/satellite-subsystems/satellite-subsystems/lib\libSatelliteSubsystemsD.a(IsisTRXVU.o)
 .text.IsisTrxvu_componentSoftReset
                0x2002812c       0x6c C:/ISIS/workspace/satellite-subsystems/satellite-subsystems/lib\libSatelliteSubsystemsD.a(IsisTRXVU.o)
                0x2002812c                IsisTrxvu_componentSoftReset
 .text.IsisTrxvu_componentHardReset
                0x20028198       0xc8 C:/ISIS/workspace/satellite-subsystems/satellite-subsystems/lib\libSatelliteSubsystemsD.a(IsisTRXVU.o)
                0x20028198                IsisTrxvu_componentHardReset
 .text.IsisTrxvu_softReset
                0x20028260       0x74 C:/ISIS/workspace/satellite-subsystems/satellite-subsystems/lib\libSatelliteSubsystemsD.a(IsisTRXVU.o)
                0x20028260                IsisTrxvu_softReset
 .text.IsisTrxvu_hardReset
                0x200282d4       0x74 C:/ISIS/workspace/satellite-subsystems/satellite-subsystems/lib\libSatelliteSubsystemsD.a(IsisTRXVU.o)
                0x200282d4                IsisTrxvu_hardReset
 .text.IsisTrxvu_tcSendAX25DefClSign
                0x20028348       0xec C:/ISIS/workspace/satellite-subsystems/satellite-subsystems/lib\libSatelliteSubsystemsD.a(IsisTRXVU.o)
                0x20028348                IsisTrxvu_tcSendAX25DefClSign
 .text.IsisTrxvu_tcSetAx25Bitrate
                0x20028434       0xc4 C:/ISIS/workspace/satellite-subsystems/satellite-subsystems/lib\libSatelliteSubsystemsD.a(IsisTRXVU.o)
                0x20028434                IsisTrxvu_tcSetAx25Bitrate
 .text.IsisTrxvu_tcGetUptime
                0x200284f8       0xa0 C:/ISIS/workspace/satellite-subsystems/satellite-subsystems/lib\libSatelliteSubsystemsD.a(IsisTRXVU.o)
                0x200284f8                IsisTrxvu_tcGetUptime
 .text.IsisTrxvu_tcGetState
                0x20028598       0xd0 C:/ISIS/workspace/satellite-subsystems/satellite-subsystems/lib\libSatelliteSubsystemsD.a(IsisTRXVU.o)
                0x20028598                IsisTrxvu_tcGetState
 .text.IsisTrxvu_tcGetTelemetryAll
                0x20028668       0xd0 C:/ISIS/workspace/satellite-subsystems/satellite-subsystems/lib\libSatelliteSubsystemsD.a(IsisTRXVU.o)
                0x20028668                IsisTrxvu_tcGetTelemetryAll
 .text.IsisTrxvu_tcGetTelemetryAll_revC
                0x20028738       0xd0 C:/ISIS/workspace/satellite-subsystems/satellite-subsystems/lib\libSatelliteSubsystemsD.a(IsisTRXVU.o)
                0x20028738                IsisTrxvu_tcGetTelemetryAll_revC
 .text.IsisTrxvu_rcGetFrameCount
                0x20028808       0xa0 C:/ISIS/workspace/satellite-subsystems/satellite-subsystems/lib\libSatelliteSubsystemsD.a(IsisTRXVU.o)
                0x20028808                IsisTrxvu_rcGetFrameCount
 .text.IsisTrxvu_rcGetCommandFrame