Archive member included because of file (symbol)

c:/isis/application/toolchain/bin/../lib/gcc/arm-none-eabi/4.7.4/../../../../arm-none-eabi/lib\libc_s.a(lib_a-vfprintf_float.o)
                              (_printf_float)
c:/isis/application/toolchain/bin/../lib/gcc/arm-none-eabi/4.7.4/../../../../arm-none-eabi/lib\libc_s.a(lib_a-vfprintf_i.o)
                              c:/isis/application/toolchain/bin/../lib/gcc/arm-none-eabi/4.7.4/../../../../arm-none-eabi/lib\libc_s.a(lib_a-vfprintf_float.o) (_printf_common)
c:/isis/application/toolchain/bin/../lib/gcc/arm-none-eabi/4.7.4/../../../../arm-none-eabi/lib\libc_s.a(lib_a-vfscanf_float.o)
                              (_scanf_float)
c:/isis/application/toolchain/bin/../lib/gcc/arm-none-eabi/4.7.4/../../../../arm-none-eabi/lib\libc_s.a(lib_a-dtoa.o)
                              c:/isis/application/toolchain/bin/../lib/gcc/arm-none-eabi/4.7.4/../../../../arm-none-eabi/lib\libc_s.a(lib_a-vfprintf_float.o) (_dtoa_r)
c:/isis/application/toolchain/bin/../lib/gcc/arm-none-eabi/4.7.4/../../../../arm-none-eabi/lib\libc_s.a(lib_a-locale.o)
                              c:/isis/application/toolchain/bin/../lib/gcc/arm-none-eabi/4.7.4/../../../../arm-none-eabi/lib\libc_s.a(lib_a-vfprintf_float.o) (_localeconv_r)
c:/isis/application/toolchain/bin/../lib/gcc/arm-none-eabi/4.7.4/../../../../arm-none-eabi/lib\libc_s.a(lib_a-malloc.o)
                              c:/isis/application/toolchain/bin/../lib/gcc/arm-none-eabi/4.7.4/../../../../arm-none-eabi/lib\libc_s.a(lib_a-dtoa.o) (malloc)
c:/isis/application/toolchain/bin/../lib/gcc/arm-none-eabi/4.7.4/../../../../arm-none-eabi/lib\libc_s.a(lib_a-mallocr.o)
                              c:/isis/application/toolchain/bin/../lib/gcc/arm-none-eabi/4.7.4/../../../../arm-none-eabi/lib\libc_s.a(lib_a-malloc.o) (_malloc_r)
c:/isis/application/toolchain/bin/../lib/gcc/arm-none-eabi/4.7.4/../../../../arm-none-eabi/lib\libc_s.a(lib_a-memcpy.o)
                              c:/isis/application/toolchain/bin/../lib/gcc/arm-none-eabi/4.7.4/../../../../arm-none-eabi/lib\libc_s.a(lib_a-dtoa.o) (memcpy)
c:/isis/application/toolchain/bin/../lib/gcc/arm-none-eabi/4.7.4/../../../../arm-none-eabi/lib\libc_s.a(lib_a-mprec.o)
                              c:/isis/application/toolchain/bin/../lib/gcc/arm-none-eabi/4.7.4/../../../../arm-none-eabi/lib\libc_s.a(lib_a-dtoa.o) (_Balloc)
c:/isis/application/toolchain/bin/../lib/gcc/arm-none-eabi/4.7.4/../../../../arm-none-eabi/lib\libc_s.a(lib_a-s_fpclassify.o)
                              c:/isis/application/toolchain/bin/../lib/gcc/arm-none-eabi/4.7.4/../../../../arm-none-eabi/lib\libc_s.a(lib_a-vfprintf_float.o) (__fpclassifyd)
c:/isis/application/toolchain/bin/../lib/gcc/arm-none-eabi/4.7.4/../../../../arm-none-eabi/lib\libc_s.a(lib_a-sbrkr.o)
                              c:/isis/application/toolchain/bin/../lib/gcc/arm-none-eabi/4.7.4/../../../../arm-none-eabi/lib\libc_s.a(lib_a-mallocr.o) (_sbrk_r)
c:/isis/application/toolchain/bin/../lib/gcc/arm-none-eabi/4.7.4/../../../../arm-none-eabi/lib\libc_s.a(lib_a-sf_nan.o)
                              c:/isis/application/toolchain/bin/../lib/gcc/arm-none-eabi/4.7.4/../../../../arm-none-eabi/lib\libc_s.a(lib_a-vfscanf_float.o) (nanf)
c:/isis/application/toolchain/bin/../lib/gcc/arm-none-eabi/4.7.4/../../../../arm-none-eabi/lib\libc_s.a(lib_a-sprintf.o)
                              c:/isis/application/toolchain/bin/../lib/gcc/arm-none-eabi/4.7.4/../../../../arm-none-eabi/lib\libc_s.a(lib_a-vfscanf_float.o) (sprintf)
c:/isis/application/toolchain/bin/../lib/gcc/arm-none-eabi/4.7.4/../../../../arm-none-eabi/lib\libc_s.a(lib_a-strcmp.o)
                              c:/isis/application/toolchain/bin/../lib/gcc/arm-none-eabi/4.7.4/../../../../arm-none-eabi/lib\libc_s.a(lib_a-locale.o) (strcmp)
c:/isis/application/toolchain/bin/../lib/gcc/arm-none-eabi/4.7.4/../../../../arm-none-eabi/lib\libc_s.a(lib_a-strlen.o)
                              c:/isis/application/toolchain/bin/../lib/gcc/arm-none-eabi/4.7.4/../../../../arm-none-eabi/lib\libc_s.a(lib_a-vfprintf_float.o) (strlen)
c:/isis/application/toolchain/bin/../lib/gcc/arm-none-eabi/4.7.4/../../../../arm-none-eabi/lib\libc_s.a(lib_a-strtod.o)
                              c:/isis/application/toolchain/bin/../lib/gcc/arm-none-eabi/4.7.4/../../../../arm-none-eabi/lib\libc_s.a(lib_a-vfscanf_float.o) (_strtod_r)
c:/isis/application/toolchain/bin/../lib/gcc/arm-none-eabi/4.7.4/../../../../arm-none-eabi/lib\libc_s.a(lib_a-strtol.o)
                              c:/isis/application/toolchain/bin/../lib/gcc/arm-none-eabi/4.7.4/../../../../arm-none-eabi/lib\libc_s.a(lib_a-vfscanf_float.o) (_strtol_r)
c:/isis/application/toolchain/bin/../lib/gcc/arm-none-eabi/4.7.4/../../../../arm-none-eabi/lib\libc_s.a(lib_a-svfprintf.o)
                              c:/isis/application/toolchain/bin/../lib/gcc/arm-none-eabi/4.7.4/../../../../arm-none-eabi/lib\libc_s.a(lib_a-sprintf.o) (_svfprintf_r)
[...]
Memory Configuration

Name             Origin             Length             Attributes
sram0            0x00200000         0x00004000         w !xr
sram1            0x00300000         0x00004000         w !xr
sdram            0x20000000         0x02000000         w !xr
*default*        0x00000000         0xffffffff

Linker script and memory map

LOAD c:/isis/application/toolchain/bin/../lib/gcc/arm-none-eabi/4.7.4/../../../../arm-none-eabi/lib\libc_s.a
LOAD ./src/TestingDemos/CommandsTestingDemo.o
LOAD ./src/TestingDemos/EpsTestingDemo.o
LOAD ./src/TestingDemos/FileSystemTestingDemo.o
LOAD ./src/TestingDemos/MainTest.o
LOAD ./src/TestingDemos/MaintenanceTestingDemo.o
LOAD ./src/TestingDemos/TelemetryTestingDemo.o
LOAD ./src/TestingDemos/TrxvuTestingDemo.o
LOAD ./src/SubSystemModules/PowerManagment/EPS.o
LOAD ./src/SubSystemModules/PowerManagment/EPSOperationModes.o
LOAD ./src/SubSystemModules/Payload/payload_drivers.o
LOAD ./src/SubSystemModules/Maintenance/Log.o
LOAD ./src/SubSystemModules/Maintenance/Maintenance.o
LOAD ./src/SubSystemModules/Housekepping/Dump.o
LOAD ./src/SubSystemModules/Housekepping/TelemetryCollector.o
LOAD ./src/SubSystemModules/Communication/SubsystemCommands/EPS_Commands.o
LOAD ./src/SubSystemModules/Communication/SubsystemCommands/FS_Commands.o
LOAD ./src/SubSystemModules/Communication/SubsystemCommands/Maintanence_Commands.o
LOAD ./src/SubSystemModules/Communication/SubsystemCommands/TRXVU_Commands.o
LOAD ./src/SubSystemModules/Communication/AckHandler.o
LOAD ./src/SubSystemModules/Communication/ActUponCommand.o
LOAD ./src/SubSystemModules/Communication/Beacon.o
LOAD ./src/SubSystemModules/Communication/CommandDictionary.o
LOAD ./src/SubSystemModules/Communication/SatCommandHandler.o
LOAD ./src/SubSystemModules/Communication/SatDataTx.o
LOAD ./src/SubSystemModules/Communication/TRXVU.o
LOAD ./src/SubSystemModules/Communication/Transponder.o
LOAD ./src/InitSystem.o
LOAD ./src/TLM_management.o
LOAD ./src/main.o
LOAD C:/Users/ground/Documents/GitHub/tevel2/GlobusSatProject/..//hal/hal/lib\libHALD.a
LOAD C:/Users/ground/Documents/GitHub/tevel2/GlobusSatProject/..//hal/hcc/lib\libHCCD.a
LOAD C:/Users/ground/Documents/GitHub/tevel2/GlobusSatProject/..//satellite-subsystems/satellite-subsystems/lib\libSatelliteSubsystemsD.a
LOAD C:/Users/ground/Documents/GitHub/tevel2/GlobusSatProject/..//hal/freertos/lib\libFreeRTOSD.a
LOAD C:/Users/ground/Documents/GitHub/tevel2/GlobusSatProject/..//hal/at91/lib\libAt91D.a
START GROUP
LOAD c:/isis/application/toolchain/bin/../lib/gcc/arm-none-eabi/4.7.4\libgcc.a
LOAD c:/isis/application/toolchain/bin/../lib/gcc/arm-none-eabi/4.7.4/../../../../arm-none-eabi/lib\libc_s.a
END GROUP

.fixed          0x20000000    0x3c62c
                0x20000000                . = ALIGN (0x4)
                0x20000000                _sfixed = .
 *(.startup)
 .startup       0x20000000      0x184 C:/Users/ground/Documents/GitHub/tevel2/GlobusSatProject/..//hal/at91/lib\libAt91D.a(board_cstartup.o)
                0x20000000                entry
 *(.text)
 .text          0x20000184       0x64 C:/Users/ground/Documents/GitHub/tevel2/GlobusSatProject/..//hal/at91/lib\libAt91D.a(cp15_asm.o)
                0x20000184                _readControlRegister
                0x20000190                _writeControlRegister
                0x20000198                _waitForInterrupt
                0x200001a4                _writeTTB
                0x200001ac                _writeDomain
                0x200001b4                _writeITLBLockdown
                0x200001bc                _prefetchICacheLine
                0x200001c4                _flushDCache
                0x200001d0                _flushWriteBuffer
                0x200001dc                _invalidateIDTLBs
 .text          0x200001e8      0x114 c:/isis/application/toolchain/bin/../lib/gcc/arm-none-eabi/4.7.4\libgcc.a(_udivsi3.o)
                0x200001e8                __aeabi_uidiv
                0x200001e8                __udivsi3
                0x200002dc                __aeabi_uidivmod
 .text          0x200002fc      0x148 c:/isis/application/toolchain/bin/../lib/gcc/arm-none-eabi/4.7.4\libgcc.a(_divsi3.o)
                0x200002fc                __divsi3
                0x200002fc                __aeabi_idiv
                0x20000424                __aeabi_idivmod
 .text          0x20000444        0x4 c:/isis/application/toolchain/bin/../lib/gcc/arm-none-eabi/4.7.4\libgcc.a(_dvmd_tls.o)
                0x20000444                __aeabi_idiv0
                0x20000444                __aeabi_ldiv0
 .text          0x20000448      0x41c c:/isis/application/toolchain/bin/../lib/gcc/arm-none-eabi/4.7.4\libgcc.a(_arm_addsubdf3.o)
                0x20000448                __aeabi_drsub
                0x20000450                __aeabi_dsub
                0x20000450                __subdf3
                0x20000454                __aeabi_dadd
                0x20000454                __adddf3
                0x20000764                __floatunsidf
                0x20000764                __aeabi_ui2d
                0x20000788                __floatsidf
                0x20000788                __aeabi_i2d
                0x200007b0                __aeabi_f2d
                0x200007b0                __extendsfdf2
                0x200007f0                __floatundidf
                0x200007f0                __aeabi_ul2d
                0x20000804                __floatdidf
                0x20000804                __aeabi_l2d
 .text          0x20000864      0x49c c:/isis/application/toolchain/bin/../lib/gcc/arm-none-eabi/4.7.4\libgcc.a(_arm_muldivdf3.o)
                0x20000864                __aeabi_dmul
                0x20000864                __muldf3
                0x20000af4                __divdf3
                0x20000af4                __aeabi_ddiv
 .text          0x20000d00      0x144 c:/isis/application/toolchain/bin/../lib/gcc/arm-none-eabi/4.7.4\libgcc.a(_arm_cmpdf2.o)
                0x20000d00                __gtdf2
                0x20000d00                __gedf2
                0x20000d08                __ltdf2
                0x20000d08                __ledf2
                0x20000d10                __nedf2
                0x20000d10                __eqdf2
                0x20000d10                __cmpdf2
                0x20000d98                __aeabi_cdrcmple
                0x20000db4                __aeabi_cdcmpeq
                0x20000db4                __aeabi_cdcmple
                0x20000dcc                __aeabi_dcmpeq
                0x20000de4                __aeabi_dcmplt
                0x20000dfc                __aeabi_dcmple
                0x20000e14                __aeabi_dcmpge
                0x20000e2c                __aeabi_dcmpgt
 .text          0x20000e44       0x5c c:/isis/application/toolchain/bin/../lib/gcc/arm-none-eabi/4.7.4\libgcc.a(_arm_fixdfsi.o)
                0x20000e44                __aeabi_d2iz
                0x20000e44                __fixdfsi
 .text          0x20000ea0       0x54 c:/isis/application/toolchain/bin/../lib/gcc/arm-none-eabi/4.7.4\libgcc.a(_arm_fixunsdfsi.o)
                0x20000ea0                __aeabi_d2uiz
                0x20000ea0                __fixunsdfsi
 .text          0x20000ef4       0xa0 c:/isis/application/toolchain/bin/../lib/gcc/arm-none-eabi/4.7.4\libgcc.a(_arm_truncdfsf2.o)
                0x20000ef4                __truncdfsf2
                0x20000ef4                __aeabi_d2f
 .text          0x20000f94      0x2ac c:/isis/application/toolchain/bin/../lib/gcc/arm-none-eabi/4.7.4\libgcc.a(_arm_addsubsf3.o)
                0x20000f94                __aeabi_frsub
                0x20000f9c                __subsf3
                0x20000f9c                __aeabi_fsub
                0x20000fa0                __aeabi_fadd
                0x20000fa0                __addsf3
                0x2000115c                __aeabi_ui2f
                0x2000115c                __floatunsisf
                0x20001164                __aeabi_i2f
                0x20001164                __floatsisf
                0x20001184                __aeabi_ul2f
                0x20001184                __floatundisf
                0x20001194                __aeabi_l2f
                0x20001194                __floatdisf
 *(.text*)
 .text.__cvt    0x20001240      0x138 c:/isis/application/toolchain/bin/../lib/gcc/arm-none-eabi/4.7.4/../../../../arm-none-eabi/lib\libc_s.a(lib_a-vfprintf_float.o)
                0x20001240                __cvt
 .text.__exponent
                0x20001378       0xa8 c:/isis/application/toolchain/bin/../lib/gcc/arm-none-eabi/4.7.4/../../../../arm-none-eabi/lib\libc_s.a(lib_a-vfprintf_float.o)
                0x20001378                __exponent
 .text._printf_float
                0x20001420      0x7dc c:/isis/application/toolchain/bin/../lib/gcc/arm-none-eabi/4.7.4/../../../../arm-none-eabi/lib\libc_s.a(lib_a-vfprintf_float.o)
                0x20001420                _printf_float
 .text._printf_common
                0x20001bfc      0x174 c:/isis/application/toolchain/bin/../lib/gcc/arm-none-eabi/4.7.4/../../../../arm-none-eabi/lib\libc_s.a(lib_a-vfprintf_i.o)
                0x20001bfc                _printf_common
 .text._printf_i
                0x20001d70      0x3c4 c:/isis/application/toolchain/bin/../lib/gcc/arm-none-eabi/4.7.4/../../../../arm-none-eabi/lib\libc_s.a(lib_a-vfprintf_i.o)
                0x20001d70                _printf_i
 .text._scanf_float
                0x20002134      0x5f4 c:/isis/application/toolchain/bin/../lib/gcc/arm-none-eabi/4.7.4/../../../../arm-none-eabi/lib\libc_s.a(lib_a-vfscanf_float.o)
                0x20002134                _scanf_float
 .text.quorem   0x20002728      0x1ac c:/isis/application/toolchain/bin/../lib/gcc/arm-none-eabi/4.7.4/../../../../arm-none-eabi/lib\libc_s.a(lib_a-dtoa.o)
 .text._dtoa_r  0x200028d4     0x1268 c:/isis/application/toolchain/bin/../lib/gcc/arm-none-eabi/4.7.4/../../../../arm-none-eabi/lib\libc_s.a(lib_a-dtoa.o)
                0x200028d4                _dtoa_r
 .text._localeconv_r
                0x20003b3c        0xc c:/isis/application/toolchain/bin/../lib/gcc/arm-none-eabi/4.7.4/../../../../arm-none-eabi/lib\libc_s.a(lib_a-locale.o)
                0x20003b3c                _localeconv_r
 .text.malloc   0x20003b48       0x20 c:/isis/application/toolchain/bin/../lib/gcc/arm-none-eabi/4.7.4/../../../../arm-none-eabi/lib\libc_s.a(lib_a-malloc.o)
                0x20003b48                malloc
 .text.free     0x20003b68       0x20 c:/isis/application/toolchain/bin/../lib/gcc/arm-none-eabi/4.7.4/../../../../arm-none-eabi/lib\libc_s.a(lib_a-malloc.o)
                0x20003b68                free
 .text._malloc_r
                0x20003b88       0xfc c:/isis/application/toolchain/bin/../lib/gcc/arm-none-eabi/4.7.4/../../../../arm-none-eabi/lib\libc_s.a(lib_a-mallocr.o)
                0x20003b88                _malloc_r
 .text.memcpy   0x20003c84       0x20 c:/isis/application/toolchain/bin/../lib/gcc/arm-none-eabi/4.7.4/../../../../arm-none-eabi/lib\libc_s.a(lib_a-memcpy.o)
                0x20003c84                memcpy
 .text._Balloc  0x20003ca4       0xcc c:/isis/application/toolchain/bin/../lib/gcc/arm-none-eabi/4.7.4/../../../../arm-none-eabi/lib\libc_s.a(lib_a-mprec.o)
                0x20003ca4                _Balloc
 .text._Bfree   0x20003d70       0x5c c:/isis/application/toolchain/bin/../lib/gcc/arm-none-eabi/4.7.4/../../../../arm-none-eabi/lib\libc_s.a(lib_a-mprec.o)
                0x20003d70                _Bfree
 .text.__multadd
                0x20003dcc       0xbc c:/isis/application/toolchain/bin/../lib/gcc/arm-none-eabi/4.7.4/../../../../arm-none-eabi/lib\libc_s.a(lib_a-mprec.o)
                0x20003dcc                __multadd
 .text.__s2b    0x20003e88       0xd8 c:/isis/application/toolchain/bin/../lib/gcc/arm-none-eabi/4.7.4/../../../../arm-none-eabi/lib\libc_s.a(lib_a-mprec.o)
                0x20003e88                __s2b
 .text.__hi0bits
                0x20003f60       0x58 c:/isis/application/toolchain/bin/../lib/gcc/arm-none-eabi/4.7.4/../../../../arm-none-eabi/lib\libc_s.a(lib_a-mprec.o)
                0x20003f60                __hi0bits
 .text.__lo0bits
                0x20003fb8       0x94 c:/isis/application/toolchain/bin/../lib/gcc/arm-none-eabi/4.7.4/../../../../arm-none-eabi/lib\libc_s.a(lib_a-mprec.o)
                0x20003fb8                __lo0bits
 .text.__i2b    0x2000404c       0x24 c:/isis/application/toolchain/bin/../lib/gcc/arm-none-eabi/4.7.4/../../../../arm-none-eabi/lib\libc_s.a(lib_a-mprec.o)
                0x2000404c                __i2b
 .text.__multiply
                0x20004070      0x1ac c:/isis/application/toolchain/bin/../lib/gcc/arm-none-eabi/4.7.4/../../../../arm-none-eabi/lib\libc_s.a(lib_a-mprec.o)
                0x20004070                __multiply
 .text.__pow5mult
                0x2000421c      0x10c c:/isis/application/toolchain/bin/../lib/gcc/arm-none-eabi/4.7.4/../../../../arm-none-eabi/lib\libc_s.a(lib_a-mprec.o)
                0x2000421c                __pow5mult
 .text.__lshift
                0x20004328       0xf0 c:/isis/application/toolchain/bin/../lib/gcc/arm-none-eabi/4.7.4/../../../../arm-none-eabi/lib\libc_s.a(lib_a-mprec.o)
                0x20004328                __lshift
 .text.__mcmp   0x20004418       0x60 c:/isis/application/toolchain/bin/../lib/gcc/arm-none-eabi/4.7.4/../../../../arm-none-eabi/lib\libc_s.a(lib_a-mprec.o)
                0x20004418                __mcmp
 .text.__mdiff  0x20004478      0x128 c:/isis/application/toolchain/bin/../lib/gcc/arm-none-eabi/4.7.4/../../../../arm-none-eabi/lib\libc_s.a(lib_a-mprec.o)
                0x20004478                __mdiff
 .text.__ulp    0x200045a0       0x5c c:/isis/application/toolchain/bin/../lib/gcc/arm-none-eabi/4.7.4/../../../../arm-none-eabi/lib\libc_s.a(lib_a-mprec.o)
                0x200045a0                __ulp
 .text.__b2d    0x200045fc       0xc8 c:/isis/application/toolchain/bin/../lib/gcc/arm-none-eabi/4.7.4/../../../../arm-none-eabi/lib\libc_s.a(lib_a-mprec.o)
                0x200045fc                __b2d
 .text.__d2b    0x200046c4       0xfc c:/isis/application/toolchain/bin/../lib/gcc/arm-none-eabi/4.7.4/../../../../arm-none-eabi/lib\libc_s.a(lib_a-mprec.o)
                0x200046c4                __d2b
 .text.__ratio  0x200047c0       0x70 c:/isis/application/toolchain/bin/../lib/gcc/arm-none-eabi/4.7.4/../../../../arm-none-eabi/lib\libc_s.a(lib_a-mprec.o)
                0x200047c0                __ratio
 .text.__copybits
                0x20004830       0x4c c:/isis/application/toolchain/bin/../lib/gcc/arm-none-eabi/4.7.4/../../../../arm-none-eabi/lib\libc_s.a(lib_a-mprec.o)
                0x20004830                __copybits
 .text.__any_on
                0x2000487c       0x7c c:/isis/application/toolchain/bin/../lib/gcc/arm-none-eabi/4.7.4/../../../../arm-none-eabi/lib\libc_s.a(lib_a-mprec.o)
                0x2000487c                __any_on
 .text.__fpclassifyd
                0x200048f8       0x6c c:/isis/application/toolchain/bin/../lib/gcc/arm-none-eabi/4.7.4/../../../../arm-none-eabi/lib\libc_s.a(lib_a-s_fpclassify.o)
                0x200048f8                __fpclassifyd
 .text._sbrk_r  0x20004964       0x3c c:/isis/application/toolchain/bin/../lib/gcc/arm-none-eabi/4.7.4/../../../../arm-none-eabi/lib\libc_s.a(lib_a-sbrkr.o)
                0x20004964                _sbrk_r
 .text.nanf     0x200049a0        0xc c:/isis/application/toolchain/bin/../lib/gcc/arm-none-eabi/4.7.4/../../../../arm-none-eabi/lib\libc_s.a(lib_a-sf_nan.o)
                0x200049a0                nanf
 .text.sprintf  0x200049ac       0x6c c:/isis/application/toolchain/bin/../lib/gcc/arm-none-eabi/4.7.4/../../../../arm-none-eabi/lib\libc_s.a(lib_a-sprintf.o)
                0x200049ac                siprintf
                0x200049ac                sprintf
 .text.strcmp   0x20004a18       0x1c c:/isis/application/toolchain/bin/../lib/gcc/arm-none-eabi/4.7.4/../../../../arm-none-eabi/lib\libc_s.a(lib_a-strcmp.o)
                0x20004a18                strcmp
 .text.strlen   0x20004a34       0x1c c:/isis/application/toolchain/bin/../lib/gcc/arm-none-eabi/4.7.4/../../../../arm-none-eabi/lib\libc_s.a(lib_a-strlen.o)
                0x20004a34                strlen
 .text.match    0x20004a50       0x54 c:/isis/application/toolchain/bin/../lib/gcc/arm-none-eabi/4.7.4/../../../../arm-none-eabi/lib\libc_s.a(lib_a-strtod.o)
 .text._strtod_r
                0x20004aa4     0x1168 c:/isis/application/toolchain/bin/../lib/gcc/arm-none-eabi/4.7.4/../../../../arm-none-eabi/lib\libc_s.a(lib_a-strtod.o)
                0x20004aa4                _strtod_r
 .text._strtol_r
                0x20005c0c      0x1b8 c:/isis/application/toolchain/bin/../lib/gcc/arm-none-eabi/4.7.4/../../../../arm-none-eabi/lib\libc_s.a(lib_a-strtol.o)
                0x20005c0c                _strtol_r
 .text.__ssputc_r
                0x20005dc4      0x10c c:/isis/application/toolchain/bin/../lib/gcc/arm-none-eabi/4.7.4/../../../../arm-none-eabi/lib\libc_s.a(lib_a-svfprintf.o)
                0x20005dc4                __ssputc_r
 .text._svfprintf_r
                0x20005ed0      0x328 c:/isis/application/toolchain/bin/../lib/gcc/arm-none-eabi/4.7.4/../../../../arm-none-eabi/lib\libc_s.a(lib_a-svfprintf.o)
                0x20005ed0                _svfiprintf_r
                0x20005ed0                _svfprintf_r
 .text._calloc_r
                0x200061f8       0x2c c:/isis/application/toolchain/bin/../lib/gcc/arm-none-eabi/4.7.4/../../../../arm-none-eabi/lib\libc_s.a(lib_a-callocr.o)
                0x200061f8                _calloc_r
 .text._free_r  0x20006224      0x108 c:/isis/application/toolchain/bin/../lib/gcc/arm-none-eabi/4.7.4/../../../../arm-none-eabi/lib\libc_s.a(lib_a-freer.o)
                0x20006224                _free_r
 .text.rshift   0x2000632c       0xb0 c:/isis/application/toolchain/bin/../lib/gcc/arm-none-eabi/4.7.4/../../../../arm-none-eabi/lib\libc_s.a(lib_a-gdtoa-gethex.o)
 .text.htinit.constprop.0
                0x200063dc       0x34 c:/isis/application/toolchain/bin/../lib/gcc/arm-none-eabi/4.7.4/../../../../arm-none-eabi/lib\libc_s.a(lib_a-gdtoa-gethex.o)
 .text.__hexdig_init
                0x20006410       0x38 c:/isis/application/toolchain/bin/../lib/gcc/arm-none-eabi/4.7.4/../../../../arm-none-eabi/lib\libc_s.a(lib_a-gdtoa-gethex.o)
                0x20006410                __hexdig_init
 .text.__gethex
                0x20006448      0x6cc c:/isis/application/toolchain/bin/../lib/gcc/arm-none-eabi/4.7.4/../../../../arm-none-eabi/lib\libc_s.a(lib_a-gdtoa-gethex.o)
                0x20006448                __gethex
 .text.L_shift  0x20006b14       0x38 c:/isis/application/toolchain/bin/../lib/gcc/arm-none-eabi/4.7.4/../../../../arm-none-eabi/lib\libc_s.a(lib_a-gdtoa-hexnan.o)
 .text.__hexnan
                0x20006b4c      0x1d8 c:/isis/application/toolchain/bin/../lib/gcc/arm-none-eabi/4.7.4/../../../../arm-none-eabi/lib\libc_s.a(lib_a-gdtoa-hexnan.o)
                0x20006b4c                __hexnan
 .text.memchr   0x20006d24       0x34 c:/isis/application/toolchain/bin/../lib/gcc/arm-none-eabi/4.7.4/../../../../arm-none-eabi/lib\libc_s.a(lib_a-memchr.o)
                0x20006d24                memchr
 .text.memset   0x20006d58       0x1c c:/isis/application/toolchain/bin/../lib/gcc/arm-none-eabi/4.7.4/../../../../arm-none-eabi/lib\libc_s.a(lib_a-memset.o)
                0x20006d58                memset
 .text._realloc_r
                0x20006d74       0x80 c:/isis/application/toolchain/bin/../lib/gcc/arm-none-eabi/4.7.4/../../../../arm-none-eabi/lib\libc_s.a(lib_a-reallocr.o)
                0x20006d74                _realloc_r
 .text.strncmp  0x20006df4       0x64 c:/isis/application/toolchain/bin/../lib/gcc/arm-none-eabi/4.7.4/../../../../arm-none-eabi/lib\libc_s.a(lib_a-strncmp.o)
                0x20006df4                strncmp
 .text._malloc_usable_size_r
                0x20006e58       0x1c c:/isis/application/toolchain/bin/../lib/gcc/arm-none-eabi/4.7.4/../../../../arm-none-eabi/lib\libc_s.a(lib_a-msizer.o)
                0x20006e58                _malloc_usable_size_r
 .text.GetHeatersActiveMode
                0x20006e74       0x3c ./src/SubSystemModules/PowerManagment/EPS.o
                0x20006e74                GetHeatersActiveMode
 .text.print_byte_arr
                0x20006eb0       0xb0 ./src/SubSystemModules/PowerManagment/EPS.o
                0x20006eb0                print_byte_arr
 .text.byte_arr_2_int16
                0x20006f60       0x54 ./src/SubSystemModules/PowerManagment/EPS.o
                0x20006f60                byte_arr_2_int16
 .text.i2c_write_read
                0x20006fb4       0xe0 ./src/SubSystemModules/PowerManagment/EPS.o
                0x20006fb4                i2c_write_read
 .text.eps_i2c_comm_set_config
                0x20007094      0x27c ./src/SubSystemModules/PowerManagment/EPS.o
                0x20007094                eps_i2c_comm_set_config
 .text.eps_set_battary_heater_mode
                0x20007310       0x40 ./src/SubSystemModules/PowerManagment/EPS.o
                0x20007310                eps_set_battary_heater_mode
 .text.EPS_Init
                0x20007350       0xfc ./src/SubSystemModules/PowerManagment/EPS.o
                0x20007350                EPS_Init
 .text.eps_set_channels_on
                0x2000744c       0x68 ./src/SubSystemModules/PowerManagment/EPS.o
                0x2000744c                eps_set_channels_on
 .text.EPS_Conditioning
                0x200074b4       0xa8 ./src/SubSystemModules/PowerManagment/EPS.o
                0x200074b4                EPS_Conditioning
 .text.GetBatteryVoltage
                0x2000755c       0x54 ./src/SubSystemModules/PowerManagment/EPS.o
                0x2000755c                GetBatteryVoltage
 .text.GetThresholdVoltages
                0x200075b0       0x4c ./src/SubSystemModules/PowerManagment/EPS.o
                0x200075b0                GetThresholdVoltages
 .text.GetAlpha
                0x200075fc       0x48 ./src/SubSystemModules/PowerManagment/EPS.o
                0x200075fc                GetAlpha
 .text.is_time_linger_passed
                0x20007644       0x58 ./src/SubSystemModules/PowerManagment/EPSOperationModes.o
                0x20007644                is_time_linger_passed
 .text.is_next_state_time_linger_passed
                0x2000769c       0x9c ./src/SubSystemModules/PowerManagment/EPSOperationModes.o
                0x2000769c                is_next_state_time_linger_passed
 .text.EnterFullMode
                0x20007738       0xb8 ./src/SubSystemModules/PowerManagment/EPSOperationModes.o
                0x20007738                EnterFullMode
 .text.EnterCruiseMode
                0x200077f0       0xb4 ./src/SubSystemModules/PowerManagment/EPSOperationModes.o
                0x200077f0                EnterCruiseMode
 .text.EnterSafeMode
                0x200078a4       0xb4 ./src/SubSystemModules/PowerManagment/EPSOperationModes.o
                0x200078a4                EnterSafeMode
 .text.EnterCriticalMode
                0x20007958       0xb4 ./src/SubSystemModules/PowerManagment/EPSOperationModes.o
                0x20007958                EnterCriticalMode
 .text.GetEPSSystemState
                0x20007a0c       0x24 ./src/SubSystemModules/PowerManagment/EPSOperationModes.o
                0x20007a0c                GetEPSSystemState
 .text.EpsSetLowVoltageFlag
                0x20007a30       0x2c ./src/SubSystemModules/PowerManagment/EPSOperationModes.o
                0x20007a30                EpsSetLowVoltageFlag
 .text.payloadInit
                0x20007a5c       0xe4 ./src/SubSystemModules/Payload/payload_drivers.o
                0x20007a5c                payloadInit
 .text.payloadRead
                0x20007b40       0xbc ./src/SubSystemModules/Payload/payload_drivers.o
                0x20007b40                payloadRead
 .text.payloadSendCommand
                0x20007bfc       0x70 ./src/SubSystemModules/Payload/payload_drivers.o
                0x20007bfc                payloadSendCommand
 .text.payloadReadEnvironment
                0x20007c6c      0x4d0 ./src/SubSystemModules/Payload/payload_drivers.o
                0x20007c6c                payloadReadEnvironment
 .text.payloadReadEvents
                0x2000813c      0x410 ./src/SubSystemModules/Payload/payload_drivers.o
                0x2000813c                payloadReadEvents
 .text.payloadCommandRestartCount
                0x2000854c       0x80 ./src/SubSystemModules/Payload/payload_drivers.o
                0x2000854c                payloadCommandRestartCount
 .text.payloadTurnOff
                0x200085cc       0x68 ./src/SubSystemModules/Payload/payload_drivers.o
                0x200085cc                payloadTurnOff
 .text.payloadTurnOn
                0x20008634       0x84 ./src/SubSystemModules/Payload/payload_drivers.o
                0x20008634                payloadTurnOn
 .text.dump_now
                0x200086b8       0x60 ./src/SubSystemModules/Maintenance/Log.o
                0x200086b8                dump_now
 .text._logg    0x20008718      0x32c ./src/SubSystemModules/Maintenance/Log.o
                0x20008718                _logg
 .text.logg     0x20008a44       0xc8 ./src/SubSystemModules/Maintenance/Log.o
                0x20008a44                logg
 .text.setLogLevel
                0x20008b0c       0x30 ./src/SubSystemModules/Maintenance/Log.o
                0x20008b0c                setLogLevel
 .text.getLogLevel
                0x20008b3c       0x24 ./src/SubSystemModules/Maintenance/Log.o
                0x20008b3c                getLogLevel
 .text.initLog  0x20008b60       0x34 ./src/SubSystemModules/Maintenance/Log.o
                0x20008b60                initLog
 .text.getLastErrorMsgSize
                0x20008b94       0x24 ./src/SubSystemModules/Maintenance/Log.o
                0x20008b94                getLastErrorMsgSize
 .text.copyLastErrorMsg
                0x20008bb8       0x60 ./src/SubSystemModules/Maintenance/Log.o
                0x20008bb8                copyLastErrorMsg
 .text.getLog_TLM
                0x20008c18       0xb0 ./src/SubSystemModules/Maintenance/Log.o
                0x20008c18                getLog_TLM
 .text.CheckExecutionTime
                0x20008cc8       0x90 ./src/SubSystemModules/Maintenance/Maintenance.o
                0x20008cc8                CheckExecutionTime
 .text.SaveSatTimeInFRAM
                0x20008d58       0x44 ./src/SubSystemModules/Maintenance/Maintenance.o
                0x20008d58                SaveSatTimeInFRAM
 .text.IsFS_Corrupted
                0x20008d9c       0x48 ./src/SubSystemModules/Maintenance/Maintenance.o
                0x20008d9c                IsFS_Corrupted
 .text.WakeUpFromReset
                0x20008de4       0xfc ./src/SubSystemModules/Maintenance/Maintenance.o
                0x20008de4                WakeUpFromReset
 .text.WakeupFromResetCMD
                0x20008ee0       0xf0 ./src/SubSystemModules/Maintenance/Maintenance.o
                0x20008ee0                WakeupFromResetCMD
 .text.ResetGroundCommWDT
                0x20008fd0       0x1c ./src/SubSystemModules/Maintenance/Maintenance.o
                0x20008fd0                ResetGroundCommWDT
 .text.IsGroundCommunicationWDTKick
                0x20008fec       0xd0 ./src/SubSystemModules/Maintenance/Maintenance.o
                0x20008fec                IsGroundCommunicationWDTKick
 .text.GetGsWdtKickTime
                0x200090bc       0x38 ./src/SubSystemModules/Maintenance/Maintenance.o
                0x200090bc                GetGsWdtKickTime
 .text.Maintenance
                0x200090f4       0x48 ./src/SubSystemModules/Maintenance/Maintenance.o
                0x200090f4                Maintenance
 .text.InitDump
                0x2000913c       0xa0 ./src/SubSystemModules/Housekepping/Dump.o
                0x2000913c                InitDump
 .text.FinishDump
                0x200091dc       0xf0 ./src/SubSystemModules/Housekepping/Dump.o
                0x200091dc                FinishDump
 .text.SendDumpAbortRequest
                0x200092cc       0xa0 ./src/SubSystemModules/Housekepping/Dump.o
                0x200092cc                SendDumpAbortRequest
 .text.CheckDumpAbort
                0x2000936c       0x58 ./src/SubSystemModules/Housekepping/Dump.o
                0x2000936c                CheckDumpAbort
 .text.getTelemetryMetaData
                0x200093c4       0x7c ./src/SubSystemModules/Housekepping/Dump.o
                0x200093c4                getTelemetryMetaData
 .text.send     0x20009440       0xa0 ./src/SubSystemModules/Housekepping/Dump.o
                0x20009440                send
 .text.DumpStart
                0x200094e0      0x308 ./src/SubSystemModules/Housekepping/Dump.o
                0x200094e0                DumpStart
 .text.DumpTask
                0x200097e8       0x34 ./src/SubSystemModules/Housekepping/Dump.o
                0x200097e8                DumpTask
 .text.DumpTelemetry
                0x2000981c      0x208 ./src/SubSystemModules/Housekepping/Dump.o
                0x2000981c                DumpTelemetry
 .text.CalcPacketSize
                0x20009a24       0xd4 ./src/SubSystemModules/Housekepping/Dump.o
                0x20009a24                CalcPacketSize
 .text.SendAll  0x20009af8      0x294 ./src/SubSystemModules/Housekepping/Dump.o
                0x20009af8                SendAll
 .text.CMD_GetDumpByIndex
                0x20009d8c      0x248 ./src/SubSystemModules/Housekepping/Dump.o
                0x20009d8c                CMD_GetDumpByIndex
 .text.FirstScan
                0x20009fd4      0x3f8 ./src/SubSystemModules/Housekepping/Dump.o
                0x20009fd4                FirstScan
 .text.AddTime  0x2000a3cc       0x80 ./src/SubSystemModules/Housekepping/TelemetryCollector.o
                0x2000a3cc                AddTime
 .text.InitTelemetryCollector
                0x2000a44c       0x28 ./src/SubSystemModules/Housekepping/TelemetryCollector.o
                0x2000a44c                InitTelemetryCollector
 .text.GetTelemetryFilenameByType
                0x2000a474      0x2c4 ./src/SubSystemModules/Housekepping/TelemetryCollector.o
                0x2000a474                GetTelemetryFilenameByType
 .text.TelemetryCollectorLogic
                0x2000a738      0x1f8 ./src/SubSystemModules/Housekepping/TelemetryCollector.o
                0x2000a738                TelemetryCollectorLogic
 .text.TelemetryCreateFiles
                0x2000a930      0x364 ./src/SubSystemModules/Housekepping/TelemetryCollector.o
                0x2000a930                TelemetryCreateFiles
 .text.to_hk_eps_eng
                0x2000ac94      0x418 ./src/SubSystemModules/Housekepping/TelemetryCollector.o
                0x2000ac94                to_hk_eps_eng
 .text.to_hk_eps_avg
                0x2000b0ac      0x418 ./src/SubSystemModules/Housekepping/TelemetryCollector.o
                0x2000b0ac                to_hk_eps_avg
 .text.to_hk_eps_raw
                0x2000b4c4      0x3e8 ./src/SubSystemModules/Housekepping/TelemetryCollector.o
                0x2000b4c4                to_hk_eps_raw
 .text.TelemetrySaveEPS
                0x2000b8ac      0x158 ./src/SubSystemModules/Housekepping/TelemetryCollector.o
                0x2000b8ac                TelemetrySaveEPS
 .text.CMD_getEPS_ENG_TLM
                0x2000ba04       0x94 ./src/SubSystemModules/Housekepping/TelemetryCollector.o
                0x2000ba04                CMD_getEPS_ENG_TLM
 .text.CMD_getEPS_RAW_TLM
                0x2000ba98       0x94 ./src/SubSystemModules/Housekepping/TelemetryCollector.o
                0x2000ba98                CMD_getEPS_RAW_TLM
 .text.CMD_getEPS_AVG_TLM
                0x2000bb2c       0x94 ./src/SubSystemModules/Housekepping/TelemetryCollector.o
                0x2000bb2c                CMD_getEPS_AVG_TLM
 .text.TelemetrySaveTRXVU
                0x2000bbc0       0xd0 ./src/SubSystemModules/Housekepping/TelemetryCollector.o
                0x2000bbc0                TelemetrySaveTRXVU
 .text.CMD_getTX_TLM
                0x2000bc90       0xa8 ./src/SubSystemModules/Housekepping/TelemetryCollector.o
                0x2000bc90                CMD_getTX_TLM
 .text.CMD_getRX_TLM
                0x2000bd38       0x98 ./src/SubSystemModules/Housekepping/TelemetryCollector.o
                0x2000bd38                CMD_getRX_TLM
 .text.TelemetrySaveANT
                0x2000bdd0      0x160 ./src/SubSystemModules/Housekepping/TelemetryCollector.o
                0x2000bdd0                TelemetrySaveANT
 .text.CMD_getAnts_A_TLM
                0x2000bf30       0x70 ./src/SubSystemModules/Housekepping/TelemetryCollector.o
                0x2000bf30                CMD_getAnts_A_TLM
 .text.CMD_getAnts_B_TLM
                0x2000bfa0       0x70 ./src/SubSystemModules/Housekepping/TelemetryCollector.o
                0x2000bfa0                CMD_getAnts_B_TLM
 .text.SolarPanelv2_Temperature
                0x2000c010      0x134 ./src/SubSystemModules/Housekepping/TelemetryCollector.o
                0x2000c010                SolarPanelv2_Temperature
 .text.SaveSolar_TLM
                0x2000c144       0x50 ./src/SubSystemModules/Housekepping/TelemetryCollector.o
                0x2000c144                SaveSolar_TLM
 .text.SaveADC_TLM
                0x2000c194       0xbc ./src/SubSystemModules/Housekepping/TelemetryCollector.o
                0x2000c194                SaveADC_TLM
 .text.CMD_getADC_TLM
                0x2000c250       0xdc ./src/SubSystemModules/Housekepping/TelemetryCollector.o
                0x2000c250                CMD_getADC_TLM
 .text.CMD_getSolar_TLM
                0x2000c32c       0x64 ./src/SubSystemModules/Housekepping/TelemetryCollector.o
                0x2000c32c                CMD_getSolar_TLM
 .text.GetCurrentWODTelemetry
                0x2000c390      0x17c ./src/SubSystemModules/Housekepping/TelemetryCollector.o
                0x2000c390                GetCurrentWODTelemetry
 .text.CMD_getWOD_TLM
                0x2000c50c       0x38 ./src/SubSystemModules/Housekepping/TelemetryCollector.o
                0x2000c50c                CMD_getWOD_TLM
 .text.CMD_getLOG_TLM
                0x2000c544       0x44 ./src/SubSystemModules/Housekepping/TelemetryCollector.o
                0x2000c544                CMD_getLOG_TLM
 .text.TelemetrySavePIC32
                0x2000c588       0x88 ./src/SubSystemModules/Housekepping/TelemetryCollector.o
                0x2000c588                TelemetrySavePIC32
 .text.TelemetrySaveRADFET
                0x2000c610       0x88 ./src/SubSystemModules/Housekepping/TelemetryCollector.o
                0x2000c610                TelemetrySaveRADFET
 .text.CMD_getPic32_TLM
                0x2000c698       0xb4 ./src/SubSystemModules/Housekepping/TelemetryCollector.o
                0x2000c698                CMD_getPic32_TLM
 .text.CMD_getRadfet_TLM
                0x2000c74c       0xb8 ./src/SubSystemModules/Housekepping/TelemetryCollector.o
                0x2000c74c                CMD_getRadfet_TLM
 .text.CMD_EPS_ResetWDT
                0x2000c804       0x2c ./src/SubSystemModules/Communication/SubsystemCommands/EPS_Commands.o
                0x2000c804                CMD_EPS_ResetWDT
 .text.CMD_EPS_SetChannelStateOn
                0x2000c830       0xa4 ./src/SubSystemModules/Communication/SubsystemCommands/EPS_Commands.o
                0x2000c830                CMD_EPS_SetChannelStateOn
 .text.CMD_EPS_SetChannelStateOff
                0x2000c8d4       0xa0 ./src/SubSystemModules/Communication/SubsystemCommands/EPS_Commands.o
                0x2000c8d4                CMD_EPS_SetChannelStateOff
 .text.CMD_DeleteFileByTime
                0x2000c974      0x108 ./src/SubSystemModules/Communication/SubsystemCommands/FS_Commands.o
                0x2000c974                CMD_DeleteFileByTime
 .text.CMD_DeleteFilesOfType
                0x2000ca7c       0xa8 ./src/SubSystemModules/Communication/SubsystemCommands/FS_Commands.o
                0x2000ca7c                CMD_DeleteFilesOfType
 .text.CMD_DeleteFS
                0x2000cb24       0x54 ./src/SubSystemModules/Communication/SubsystemCommands/FS_Commands.o
                0x2000cb24                CMD_DeleteFS
 .text.CMD_GetLastFS_Error
                0x2000cb78       0x40 ./src/SubSystemModules/Communication/SubsystemCommands/FS_Commands.o
                0x2000cb78                CMD_GetLastFS_Error
 .text.CMD_FreeSpace
                0x2000cbb8       0x58 ./src/SubSystemModules/Communication/SubsystemCommands/FS_Commands.o
                0x2000cbb8                CMD_FreeSpace
 .text.CMD_isFS_Corrupt
                0x2000cc10       0x40 ./src/SubSystemModules/Communication/SubsystemCommands/FS_Commands.o
                0x2000cc10                CMD_isFS_Corrupt
 .text.CMD_GenericI2C
                0x2000cc50      0x158 ./src/SubSystemModules/Communication/SubsystemCommands/Maintanence_Commands.o
                0x2000cc50                CMD_GenericI2C
 .text.CMD_FRAM_Init
                0x2000cda8       0x54 ./src/SubSystemModules/Communication/SubsystemCommands/Maintanence_Commands.o
                0x2000cda8                CMD_FRAM_Init
 .text.CMD_FRAM_ReadAndTransmitt
                0x2000cdfc      0x128 ./src/SubSystemModules/Communication/SubsystemCommands/Maintanence_Commands.o
                0x2000cdfc                CMD_FRAM_ReadAndTransmitt
 .text.CMD_FRAM_WriteAndTransmitt
                0x2000cf24      0x13c ./src/SubSystemModules/Communication/SubsystemCommands/Maintanence_Commands.o
                0x2000cf24                CMD_FRAM_WriteAndTransmitt
 .text.CMD_FRAM_Start
                0x2000d060       0x58 ./src/SubSystemModules/Communication/SubsystemCommands/Maintanence_Commands.o
                0x2000d060                CMD_FRAM_Start
 .text.CMD_FRAM_Stop
                0x2000d0b8       0x3c ./src/SubSystemModules/Communication/SubsystemCommands/Maintanence_Commands.o
                0x2000d0b8                CMD_FRAM_Stop
 .text.CMD_FRAM_Restart
                0x2000d0f4       0x40 ./src/SubSystemModules/Communication/SubsystemCommands/Maintanence_Commands.o
                0x2000d0f4                CMD_FRAM_Restart
 .text.CMD_UpdateSatTime
                0x2000d134       0xf0 ./src/SubSystemModules/Communication/SubsystemCommands/Maintanence_Commands.o
                0x2000d134                CMD_UpdateSatTime
 .text.CMD_GetSatTime
                0x2000d224       0x78 ./src/SubSystemModules/Communication/SubsystemCommands/Maintanence_Commands.o
                0x2000d224                CMD_GetSatTime
 .text.CMD_GetSatUptime
                0x2000d29c       0x60 ./src/SubSystemModules/Communication/SubsystemCommands/Maintanence_Commands.o
                0x2000d29c                CMD_GetSatUptime
 .text.CMD_AntennaDeploy
                0x2000d2fc       0x40 ./src/SubSystemModules/Communication/SubsystemCommands/Maintanence_Commands.o
                0x2000d2fc                CMD_AntennaDeploy
 .text.CMD_setLogLevel
                0x2000d33c       0x94 ./src/SubSystemModules/Communication/SubsystemCommands/Maintanence_Commands.o
                0x2000d33c                CMD_setLogLevel
 .text.CMD_getLogLevel
                0x2000d3d0       0x9c ./src/SubSystemModules/Communication/SubsystemCommands/Maintanence_Commands.o
                0x2000d3d0                CMD_getLogLevel
 .text.CMD_SetTLM_CollectionCycle
                0x2000d46c      0x1a0 ./src/SubSystemModules/Communication/SubsystemCommands/Maintanence_Commands.o
                0x2000d46c                CMD_SetTLM_CollectionCycle
 .text.CMD_GetTLM_CollectionCycle
                0x2000d60c      0x170 ./src/SubSystemModules/Communication/SubsystemCommands/Maintanence_Commands.o
                0x2000d60c                CMD_GetTLM_CollectionCycle
 .text.CMD_ResetComponent
                0x2000d77c      0x264 ./src/SubSystemModules/Communication/SubsystemCommands/Maintanence_Commands.o
                0x2000d77c                CMD_ResetComponent
 .text.CMD_StartDump
                0x2000d9e0       0x34 ./src/SubSystemModules/Communication/SubsystemCommands/TRXVU_Commands.o
                0x2000d9e0                CMD_StartDump
 .text.CMD_SendDumpAbortRequest
                0x2000da14       0x24 ./src/SubSystemModules/Communication/SubsystemCommands/TRXVU_Commands.o
                0x2000da14                CMD_SendDumpAbortRequest
 .text.CMD_MuteTRXVU
                0x2000da38       0x5c ./src/SubSystemModules/Communication/SubsystemCommands/TRXVU_Commands.o
                0x2000da38                CMD_MuteTRXVU
 .text.CMD_UnMuteTRXVU
                0x2000da94       0x24 ./src/SubSystemModules/Communication/SubsystemCommands/TRXVU_Commands.o
                0x2000da94                CMD_UnMuteTRXVU
 .text.CMD_GetBeaconInterval
                0x2000dab8       0x60 ./src/SubSystemModules/Communication/SubsystemCommands/TRXVU_Commands.o
                0x2000dab8                CMD_GetBeaconInterval
 .text.CMD_GetTxUptime
                0x2000db18       0x5c ./src/SubSystemModules/Communication/SubsystemCommands/TRXVU_Commands.o
                0x2000db18                CMD_GetTxUptime
 .text.CMD_GetRxUptime
                0x2000db74       0x5c ./src/SubSystemModules/Communication/SubsystemCommands/TRXVU_Commands.o
                0x2000db74                CMD_GetRxUptime
 .text.CMD_GetNumOfOnlineCommands
                0x2000dbd0       0x54 ./src/SubSystemModules/Communication/SubsystemCommands/TRXVU_Commands.o
                0x2000dbd0                CMD_GetNumOfOnlineCommands
 .text.CMD_AntSetArmStatus
                0x2000dc24       0x9c ./src/SubSystemModules/Communication/SubsystemCommands/TRXVU_Commands.o
                0x2000dc24                CMD_AntSetArmStatus
 .text.CMD_AntGetArmStatus
                0x2000dcc0       0x64 ./src/SubSystemModules/Communication/SubsystemCommands/TRXVU_Commands.o
                0x2000dcc0                CMD_AntGetArmStatus
 .text.CMD_AntGetUptime
                0x2000dd24       0x6c ./src/SubSystemModules/Communication/SubsystemCommands/TRXVU_Commands.o
                0x2000dd24                CMD_AntGetUptime
 .text.CMD_AntCancelDeployment
                0x2000dd90       0x40 ./src/SubSystemModules/Communication/SubsystemCommands/TRXVU_Commands.o
                0x2000dd90                CMD_AntCancelDeployment
 .text.CMD_AntStopAutoDeployment
                0x2000ddd0       0x48 ./src/SubSystemModules/Communication/SubsystemCommands/TRXVU_Commands.o
                0x2000ddd0                CMD_AntStopAutoDeployment
 .text.SendAckPacket
                0x2000de18       0xc0 ./src/SubSystemModules/Communication/AckHandler.o
                0x2000de18                SendAckPacket
 .text.SendErrorMSG
                0x2000ded8       0xe8 ./src/SubSystemModules/Communication/AckHandler.o
                0x2000ded8                SendErrorMSG
 .text.ActUponCommand
                0x2000dfc0      0x1d4 ./src/SubSystemModules/Communication/ActUponCommand.o
                0x2000dfc0                ActUponCommand
 .text.InitBeaconParams
                0x2000e194       0x74 ./src/SubSystemModules/Communication/Beacon.o
                0x2000e194                InitBeaconParams
 .text.BeaconLogic
                0x2000e208      0x128 ./src/SubSystemModules/Communication/Beacon.o
                0x2000e208                BeaconLogic
 .text.UpdateBeaconInterval
                0x2000e330       0xe8 ./src/SubSystemModules/Communication/Beacon.o
                0x2000e330                UpdateBeaconInterval
 .text.trxvu_command_router
                0x2000e418      0x260 ./src/SubSystemModules/Communication/CommandDictionary.o
                0x2000e418                trxvu_command_router
 .text.eps_command_router
                0x2000e678      0x120 ./src/SubSystemModules/Communication/CommandDictionary.o
                0x2000e678                eps_command_router
 .text.telemetry_command_router
                0x2000e798      0x1cc ./src/SubSystemModules/Communication/CommandDictionary.o
                0x2000e798                telemetry_command_router
 .text.managment_command_router
                0x2000e964      0x2c4 ./src/SubSystemModules/Communication/CommandDictionary.o
                0x2000e964                managment_command_router
 .text.filesystem_command_router
                0x2000ec28      0x108 ./src/SubSystemModules/Communication/CommandDictionary.o
                0x2000ec28                filesystem_command_router
 .text.AssembleCommand
                0x2000ed30      0x270 ./src/SubSystemModules/Communication/SatCommandHandler.o
                0x2000ed30                AssembleCommand
 .text.ParseDataToCommand
                0x2000efa0      0x308 ./src/SubSystemModules/Communication/SatCommandHandler.o
                0x2000efa0                ParseDataToCommand
 .text.GetOnlineCommand
                0x2000f2a8      0x134 ./src/SubSystemModules/Communication/SatCommandHandler.o
                0x2000f2a8                GetOnlineCommand
 .text.InitTxModule
                0x2000f3dc      0x100 ./src/SubSystemModules/Communication/SatDataTx.o
                0x2000f3dc                InitTxModule
 .text.muteTRXVU
                0x2000f4dc       0xbc ./src/SubSystemModules/Communication/SatDataTx.o
                0x2000f4dc                muteTRXVU
 .text.UnMuteTRXVU
                0x2000f598       0x60 ./src/SubSystemModules/Communication/SatDataTx.o
                0x2000f598                UnMuteTRXVU
 .text.GetMuteFlag
                0x2000f5f8       0x24 ./src/SubSystemModules/Communication/SatDataTx.o
                0x2000f5f8                GetMuteFlag
 .text.CheckForMuteEnd
                0x2000f61c       0x70 ./src/SubSystemModules/Communication/SatDataTx.o
                0x2000f61c                CheckForMuteEnd
 .text.GetNumberOfFramesInBuffer
                0x2000f68c       0x50 ./src/SubSystemModules/Communication/SatDataTx.o
                0x2000f68c                GetNumberOfFramesInBuffer
 .text.CheckTransmitionAllowed
                0x2000f6dc       0x98 ./src/SubSystemModules/Communication/SatDataTx.o
                0x2000f6dc                CheckTransmitionAllowed
 .text.TransmitDataAsSPL_Packet
                0x2000f774      0x1ec ./src/SubSystemModules/Communication/SatDataTx.o
                0x2000f774                TransmitDataAsSPL_Packet
 .text.TransmitSplPacket
                0x2000f960      0x160 ./src/SubSystemModules/Communication/SatDataTx.o
                0x2000f960                TransmitSplPacket
 .text.vu_getFrequenciesTest_revE
                0x2000fac0      0x120 ./src/SubSystemModules/Communication/TRXVU.o
                0x2000fac0                vu_getFrequenciesTest_revE
 .text.setLastAntsAutoDeploymentTime
                0x2000fbe0       0x3c ./src/SubSystemModules/Communication/TRXVU.o
                0x2000fbe0                setLastAntsAutoDeploymentTime
 .text.HandleOpenAnts
                0x2000fc1c       0x54 ./src/SubSystemModules/Communication/TRXVU.o
                0x2000fc1c                HandleOpenAnts
 .text.SetIdleOff
                0x2000fc70       0x94 ./src/SubSystemModules/Communication/TRXVU.o
                0x2000fc70                SetIdleOff
 .text.HandleIdleAndMuteTime
                0x2000fd04       0x9c ./src/SubSystemModules/Communication/TRXVU.o
                0x2000fd04                HandleIdleAndMuteTime
 .text.HandleTransponderTime
                0x2000fda0       0x40 ./src/SubSystemModules/Communication/TRXVU.o
                0x2000fda0                HandleTransponderTime
 .text.InitAnts
                0x2000fde0       0x6c ./src/SubSystemModules/Communication/TRXVU.o
                0x2000fde0                InitAnts
 .text.get_ground_tx_bitrate
                0x2000fe4c       0xa0 ./src/SubSystemModules/Communication/TRXVU.o
                0x2000fe4c                get_ground_tx_bitrate
 .text.tx_bitrate_to_i2c
                0x2000feec       0x68 ./src/SubSystemModules/Communication/TRXVU.o
                0x2000feec                tx_bitrate_to_i2c
 .text.SetBitRate
                0x2000ff54      0x148 ./src/SubSystemModules/Communication/TRXVU.o
                0x2000ff54                SetBitRate
 .text.SetRxFreq
                0x2001009c       0xfc ./src/SubSystemModules/Communication/TRXVU.o
                0x2001009c                SetRxFreq
 .text.SetTxFreq
                0x20010198       0xe8 ./src/SubSystemModules/Communication/TRXVU.o
                0x20010198                SetTxFreq
 .text.SetFreqAndBitrate
                0x20010280       0x18 ./src/SubSystemModules/Communication/TRXVU.o
                0x20010280                SetFreqAndBitrate
 .text.InitTrxvu
                0x20010298       0xbc ./src/SubSystemModules/Communication/TRXVU.o
                0x20010298                InitTrxvu
 .text.TRX_Logic
                0x20010354      0x168 ./src/SubSystemModules/Communication/TRXVU.o
                0x20010354                TRX_Logic
 .text.CMD_SetIdleOn
                0x200104bc       0xfc ./src/SubSystemModules/Communication/TRXVU.o
                0x200104bc                CMD_SetIdleOn
 .text.CMD_SetIdleOff
                0x200105b8       0x28 ./src/SubSystemModules/Communication/TRXVU.o
                0x200105b8                CMD_SetIdleOff
 .text.areAntennasOpen
                0x200105e0       0x7c ./src/SubSystemModules/Communication/TRXVU.o
                0x200105e0                areAntennasOpen
 .text.initTransponder
                0x2001065c      0x100 ./src/SubSystemModules/Communication/Transponder.o
                0x2001065c                initTransponder
 .text.set_transonder_mode
                0x2001075c       0xa8 ./src/SubSystemModules/Communication/Transponder.o
                0x2001075c                set_transonder_mode
 .text.set_transponder_RSSI
                0x20010804       0x58 ./src/SubSystemModules/Communication/Transponder.o
                0x20010804                set_transponder_RSSI
 .text.CMD_turnOnTransponder
                0x2001085c      0x258 ./src/SubSystemModules/Communication/Transponder.o
                0x2001085c                CMD_turnOnTransponder
 .text.CMD_set_transponder_RSSI
                0x20010ab4       0xc4 ./src/SubSystemModules/Communication/Transponder.o
                0x20010ab4                CMD_set_transponder_RSSI
 .text.CMD_turnOffTransponder
                0x20010b78       0x3c ./src/SubSystemModules/Communication/Transponder.o
                0x20010b78                CMD_turnOffTransponder
 .text.getTransponderMode
                0x20010bb4       0x24 ./src/SubSystemModules/Communication/Transponder.o
                0x20010bb4                getTransponderMode
 .text.checkEndTransponderMode
                0x20010bd8       0x80 ./src/SubSystemModules/Communication/Transponder.o
                0x20010bd8                checkEndTransponderMode
 .text.getDuration
                0x20010c58       0x80 ./src/SubSystemModules/Communication/Transponder.o
                0x20010c58                getDuration
 .text.SolarPanelv2Init
                0x20010cd8       0xc4 ./src/InitSystem.o
                0x20010cd8                SolarPanelv2Init
 .text.isFirstActivation
                0x20010d9c       0x74 ./src/InitSystem.o
                0x20010d9c                isFirstActivation
 .text.firstActivationProcedure
                0x20010e10      0x15c ./src/InitSystem.o
                0x20010e10                firstActivationProcedure
 .text.IntializeFRAM
                0x20010f6c       0x8c ./src/InitSystem.o
                0x20010f6c                IntializeFRAM
 .text.WriteDefaultValuesToFRAM
                0x20010ff8      0x354 ./src/InitSystem.o
                0x20010ff8                WriteDefaultValuesToFRAM
 .text.StartFRAM
                0x2001134c       0x18 ./src/InitSystem.o
                0x2001134c                StartFRAM
 .text.StartI2C
                0x20011364       0x24 ./src/InitSystem.o
                0x20011364                StartI2C
 .text.StartSPI
                0x20011388       0x20 ./src/InitSystem.o
                0x20011388                StartSPI
 .text.StartTIME
                0x200113a8       0xd4 ./src/InitSystem.o
                0x200113a8                StartTIME
 .text.autoDeploy
                0x2001147c      0x17c ./src/InitSystem.o
                0x2001147c                autoDeploy
 .text.DeploySystem
                0x200115f8       0x58 ./src/InitSystem.o
                0x200115f8                DeploySystem
 .text.InitSubsystems
                0x20011650      0x2e4 ./src/InitSystem.o
                0x20011650                InitSubsystems
 .text.getSdIndex
                0x20011934       0x44 ./src/TLM_management.o
 .text.setSdIndex
                0x20011978       0x4c ./src/TLM_management.o
 .text.sd_format
                0x200119c4       0x28 ./src/TLM_management.o
                0x200119c4                sd_format
 .text.getNumOfFilesInFS
                0x200119ec       0x44 ./src/TLM_management.o
 .text.setNumOfFilesInFS
                0x20011a30       0x48 ./src/TLM_management.o
 .text.f_managed_enterFS
                0x20011a78       0x18 ./src/TLM_management.o
                0x20011a78                f_managed_enterFS
 .text.f_managed_open
                0x20011a90       0x60 ./src/TLM_management.o
                0x20011a90                f_managed_open
 .text.f_managed_close
                0x20011af0       0x3c ./src/TLM_management.o
                0x20011af0                f_managed_close
 .text.createSemahores_FS
                0x20011b2c       0x78 ./src/TLM_management.o
                0x20011b2c                createSemahores_FS
 .text.formatAndCreateFiles
                0x20011ba4       0x6c ./src/TLM_management.o
                0x20011ba4                formatAndCreateFiles
 .text.InitializeFS
                0x20011c10      0x154 ./src/TLM_management.o
                0x20011c10                InitializeFS
 .text.c_fileCreate
                0x20011d64      0x12c ./src/TLM_management.o
                0x20011d64                c_fileCreate
 .text.writewithEpochtime
                0x20011e90       0x90 ./src/TLM_management.o
 .text.write    0x20011f20       0x3c ./src/TLM_management.o
 .text.get_C_FILE_struct
                0x20011f5c       0xe4 ./src/TLM_management.o
                0x20011f5c                get_C_FILE_struct
 .text.getFileIndex
                0x20012040       0x84 ./src/TLM_management.o
                0x20012040                getFileIndex
 .text.get_file_name_by_index
                0x200120c4       0x44 ./src/TLM_management.o
                0x200120c4                get_file_name_by_index
 .text.c_fileWrite
                0x20012108       0x38 ./src/TLM_management.o
                0x20012108                c_fileWrite
 .text._c_fileWrite
                0x20012140      0x194 ./src/TLM_management.o
                0x20012140                _c_fileWrite
 .text.deleteElementsFromFile
                0x200122d4      0x1a0 ./src/TLM_management.o
 .text.c_fileGetSizeOfElement
                0x20012474       0x5c ./src/TLM_management.o
                0x20012474                c_fileGetSizeOfElement
 .text.c_fileDeleteElements
                0x200124d0      0x158 ./src/TLM_management.o
                0x200124d0                c_fileDeleteElements
 .text.DeInitializeFS
                0x20012628       0x78 ./src/TLM_management.o
                0x20012628                DeInitializeFS
 .text.taskMain
                0x200126a0       0x6c ./src/main.o
                0x200126a0                taskMain
 .text.main     0x2001270c       0x98 ./src/main.o
                0x2001270c                main
 .text.clearPDCtransfers
                0x200127a4       0xe8 C:/Users/ground/Documents/GitHub/tevel2/GlobusSatProject/..//hal/hal/lib\libHALD.a(SPI.o)
 .text.SPI_start
                0x2001288c      0x4b0 C:/Users/ground/Documents/GitHub/tevel2/GlobusSatProject/..//hal/hal/lib\libHALD.a(SPI.o)
                0x2001288c                SPI_start
 .text.SPI_stop
                0x20012d3c      0x244 C:/Users/ground/Documents/GitHub/tevel2/GlobusSatProject/..//hal/hal/lib\libHALD.a(SPI.o)
                0x20012d3c                SPI_stop
 .text.SPI_queueTransfer
                0x20012f80      0x1cc C:/Users/ground/Documents/GitHub/tevel2/GlobusSatProject/..//hal/hal/lib\libHALD.a(SPI.o)
                0x20012f80                SPI_queueTransfer
 .text.SPI_internalCallback
                0x2001314c       0x64 C:/Users/ground/Documents/GitHub/tevel2/GlobusSatProject/..//hal/hal/lib\libHALD.a(SPI.o)
 .text.SPI_writeRead
                0x200131b0      0x1c0 C:/Users/ground/Documents/GitHub/tevel2/GlobusSatProject/..//hal/hal/lib\libHALD.a(SPI.o)
                0x200131b0                SPI_writeRead
 .text.waitForTransfer
                0x20013370       0x78 C:/Users/ground/Documents/GitHub/tevel2/GlobusSatProject/..//hal/hal/lib\libHALD.a(SPI.o)
 .text.SPI_getDriverState
                0x200133e8       0x58 C:/Users/ground/Documents/GitHub/tevel2/GlobusSatProject/..//hal/hal/lib\libHALD.a(SPI.o)
                0x200133e8                SPI_getDriverState
 .text.validateTransferParameters
                0x20013440      0x10c C:/Users/ground/Documents/GitHub/tevel2/GlobusSatProject/..//hal/hal/lib\libHALD.a(I2C.o)
 .text.I2C_queueTransfer
                0x2001354c       0xfc C:/Users/ground/Documents/GitHub/tevel2/GlobusSatProject/..//hal/hal/lib\libHALD.a(I2C.o)
                0x2001354c                I2C_queueTransfer
 .text.I2C_internalCallback
                0x20013648       0x64 C:/Users/ground/Documents/GitHub/tevel2/GlobusSatProject/..//hal/hal/lib\libHALD.a(I2C.o)
 .text.I2C_doBlockingTransfer
                0x200136ac      0x180 C:/Users/ground/Documents/GitHub/tevel2/GlobusSatProject/..//hal/hal/lib\libHALD.a(I2C.o)
 .text.I2C_write
                0x2001382c      0x110 C:/Users/ground/Documents/GitHub/tevel2/GlobusSatProject/..//hal/hal/lib\libHALD.a(I2C.o)
                0x2001382c                I2C_write
 .text.I2C_read
                0x2001393c      0x110 C:/Users/ground/Documents/GitHub/tevel2/GlobusSatProject/..//hal/hal/lib\libHALD.a(I2C.o)
                0x2001393c                I2C_read
 .text.I2C_writeRead
                0x20013a4c      0x17c C:/Users/ground/Documents/GitHub/tevel2/GlobusSatProject/..//hal/hal/lib\libHALD.a(I2C.o)
                0x20013a4c                I2C_writeRead
 .text.I2C_start
                0x20013bc8      0x2e8 C:/Users/ground/Documents/GitHub/tevel2/GlobusSatProject/..//hal/hal/lib\libHALD.a(I2C.o)
                0x20013bc8                I2C_start
 .text.I2C_stop
                0x20013eb0      0x184 C:/Users/ground/Documents/GitHub/tevel2/GlobusSatProject/..//hal/hal/lib\libHALD.a(I2C.o)
                0x20013eb0                I2C_stop
 .text.I2C_setTransferTimeout
                0x20014034       0x48 C:/Users/ground/Documents/GitHub/tevel2/GlobusSatProject/..//hal/hal/lib\libHALD.a(I2C.o)
                0x20014034                I2C_setTransferTimeout
 .text.ADC_ConvertRaw10bitToMillivolt
                0x2001407c       0x50 C:/Users/ground/Documents/GitHub/tevel2/GlobusSatProject/..//hal/hal/lib\libHALD.a(ADC.o)
                0x2001407c                ADC_ConvertRaw10bitToMillivolt
 .text.ADC_SingleShot
                0x200140cc      0x230 C:/Users/ground/Documents/GitHub/tevel2/GlobusSatProject/..//hal/hal/lib\libHALD.a(ADC.o)
                0x200140cc                ADC_SingleShot
 .text.FRAM_start
                0x200142fc      0x120 C:/Users/ground/Documents/GitHub/tevel2/GlobusSatProject/..//hal/hal/lib\libHALD.a(FRAM.o)
                0x200142fc                FRAM_start
 .text.FRAM_stop
                0x2001441c       0x6c C:/Users/ground/Documents/GitHub/tevel2/GlobusSatProject/..//hal/hal/lib\libHALD.a(FRAM.o)
                0x2001441c                FRAM_stop
 .text.FRAM_dummyCallback
                0x20014488       0x24 C:/Users/ground/Documents/GitHub/tevel2/GlobusSatProject/..//hal/hal/lib\libHALD.a(FRAM.o)
                0x20014488                FRAM_dummyCallback
 .text.FRAM_unlockingCallback
                0x200144ac       0x64 C:/Users/ground/Documents/GitHub/tevel2/GlobusSatProject/..//hal/hal/lib\libHALD.a(FRAM.o)
                0x200144ac                FRAM_unlockingCallback
 .text.doBlockingTransfer
                0x20014510       0x78 C:/Users/ground/Documents/GitHub/tevel2/GlobusSatProject/..//hal/hal/lib\libHALD.a(FRAM.o)
 .text.FRAM_writePacket
                0x20014588      0x134 C:/Users/ground/Documents/GitHub/tevel2/GlobusSatProject/..//hal/hal/lib\libHALD.a(FRAM.o)
 .text.FRAM_write
                0x200146bc      0x1e0 C:/Users/ground/Documents/GitHub/tevel2/GlobusSatProject/..//hal/hal/lib\libHALD.a(FRAM.o)
                0x200146bc                FRAM_write
 .text.FRAM_readPacket
                0x2001489c       0xf0 C:/Users/ground/Documents/GitHub/tevel2/GlobusSatProject/..//hal/hal/lib\libHALD.a(FRAM.o)
 .text.FRAM_read
                0x2001498c      0x1ec C:/Users/ground/Documents/GitHub/tevel2/GlobusSatProject/..//hal/hal/lib\libHALD.a(FRAM.o)
                0x2001498c                FRAM_read
 .text.Time_start
                0x20014b78      0x170 C:/Users/ground/Documents/GitHub/tevel2/GlobusSatProject/..//hal/hal/lib\libHALD.a(Time.o)
                0x20014b78                Time_start
 .text.taskTimeSync
                0x20014ce8       0x64 C:/Users/ground/Documents/GitHub/tevel2/GlobusSatProject/..//hal/hal/lib\libHALD.a(Time.o)
 .text.Time_convertEpochToTime
                0x20014d4c      0x100 C:/Users/ground/Documents/GitHub/tevel2/GlobusSatProject/..//hal/hal/lib\libHALD.a(Time.o)
                0x20014d4c                Time_convertEpochToTime
 .text.Time_calculateSecondsOfYear
                0x20014e4c       0xd8 C:/Users/ground/Documents/GitHub/tevel2/GlobusSatProject/..//hal/hal/lib\libHALD.a(Time.o)
 .text.Time_set
                0x20014f24       0xd8 C:/Users/ground/Documents/GitHub/tevel2/GlobusSatProject/..//hal/hal/lib\libHALD.a(Time.o)
                0x20014f24                Time_set
 .text.Time_isLeapYear
                0x20014ffc       0x98 C:/Users/ground/Documents/GitHub/tevel2/GlobusSatProject/..//hal/hal/lib\libHALD.a(Time.o)
                0x20014ffc                Time_isLeapYear
 .text.Time_get
                0x20015094      0x478 C:/Users/ground/Documents/GitHub/tevel2/GlobusSatProject/..//hal/hal/lib\libHALD.a(Time.o)
                0x20015094                Time_get
 .text.Time_getUnixEpoch
                0x2001550c      0x108 C:/Users/ground/Documents/GitHub/tevel2/GlobusSatProject/..//hal/hal/lib\libHALD.a(Time.o)
                0x2001550c                Time_getUnixEpoch
 .text.Time_secondsOfYearToTime
                0x20015614      0x33c C:/Users/ground/Documents/GitHub/tevel2/GlobusSatProject/..//hal/hal/lib\libHALD.a(Time.o)
 .text.Time_setUnixEpoch
                0x20015950       0x54 C:/Users/ground/Documents/GitHub/tevel2/GlobusSatProject/..//hal/hal/lib\libHALD.a(Time.o)
                0x20015950                Time_setUnixEpoch
 .text.Time_getUptimeSeconds
                0x200159a4       0x28 C:/Users/ground/Documents/GitHub/tevel2/GlobusSatProject/..//hal/hal/lib\libHALD.a(Time.o)
                0x200159a4                Time_getUptimeSeconds
 .text.Time_sync
                0x200159cc      0x1a8 C:/Users/ground/Documents/GitHub/tevel2/GlobusSatProject/..//hal/hal/lib\libHALD.a(Time.o)
                0x200159cc                Time_sync
 .text.Time_syncIfNeeded
                0x20015b74       0xac C:/Users/ground/Documents/GitHub/tevel2/GlobusSatProject/..//hal/hal/lib\libHALD.a(Time.o)
                0x20015b74                Time_syncIfNeeded
 .text.WDT_start
                0x20015c20       0x48 C:/Users/ground/Documents/GitHub/tevel2/GlobusSatProject/..//hal/hal/lib\libHALD.a(WatchDogTimerNoOS.o)
                0x20015c20                WDT_start
 .text.RTT_start
                0x20015c68       0x24 C:/Users/ground/Documents/GitHub/tevel2/GlobusSatProject/..//hal/hal/lib\libHALD.a(RTT.o)
                0x20015c68                RTT_start
 .text.RTT_GetTime
                0x20015c8c       0x24 C:/Users/ground/Documents/GitHub/tevel2/GlobusSatProject/..//hal/hal/lib\libHALD.a(RTT.o)
                0x20015c8c                RTT_GetTime
 .text.RTC_start
                0x20015cb0       0x3c C:/Users/ground/Documents/GitHub/tevel2/GlobusSatProject/..//hal/hal/lib\libHALD.a(RTC.o)
                0x20015cb0                RTC_start
 .text.RTC_setTime
                0x20015cec      0x2a4 C:/Users/ground/Documents/GitHub/tevel2/GlobusSatProject/..//hal/hal/lib\libHALD.a(RTC.o)
                0x20015cec                RTC_setTime
 .text.RTC_getTime
                0x20015f90      0x230 C:/Users/ground/Documents/GitHub/tevel2/GlobusSatProject/..//hal/hal/lib\libHALD.a(RTC.o)
                0x20015f90                RTC_getTime
 .text.RTC_checkTimeValid
                0x200161c0       0xd8 C:/Users/ground/Documents/GitHub/tevel2/GlobusSatProject/..//hal/hal/lib\libHALD.a(RTC.o)
                0x200161c0                RTC_checkTimeValid
 .text.WDT_startWatchdogKickTask
                0x20016298       0xb4 C:/Users/ground/Documents/GitHub/tevel2/GlobusSatProject/..//hal/hal/lib\libHALD.a(WatchDogTimerOS.o)
                0x20016298                WDT_startWatchdogKickTask
 .text.WDT_forceKickEveryNms
                0x2001634c       0x50 C:/Users/ground/Documents/GitHub/tevel2/GlobusSatProject/..//hal/hal/lib\libHALD.a(WatchDogTimerOS.o)
                0x2001634c                WDT_forceKickEveryNms
 .text.LED_glow
                0x2001639c       0x58 C:/Users/ground/Documents/GitHub/tevel2/GlobusSatProject/..//hal/hal/lib\libHALD.a(LED.o)
                0x2001639c                LED_glow
 .text.LED_dark
                0x200163f4       0x58 C:/Users/ground/Documents/GitHub/tevel2/GlobusSatProject/..//hal/hal/lib\libHALD.a(LED.o)
                0x200163f4                LED_dark
 .text.LED_toggle
                0x2001644c       0x50 C:/Users/ground/Documents/GitHub/tevel2/GlobusSatProject/..//hal/hal/lib\libHALD.a(LED.o)
                0x2001644c                LED_toggle
 .text.fm_initvolume
                0x2001649c       0x70 C:/Users/ground/Documents/GitHub/tevel2/GlobusSatProject/..//hal/hcc/lib\libHCCD.a(fat_m.o)
                0x2001649c                fm_initvolume
 .text.fm_delvolume
                0x2001650c       0x60 C:/Users/ground/Documents/GitHub/tevel2/GlobusSatProject/..//hal/hcc/lib\libHCCD.a(fat_m.o)
                0x2001650c                fm_delvolume
 .text.fm_format
                0x2001656c       0x68 C:/Users/ground/Documents/GitHub/tevel2/GlobusSatProject/..//hal/hcc/lib\libHCCD.a(fat_m.o)
                0x2001656c                fm_format
 .text.fm_getdrive
                0x200165d4       0x70 C:/Users/ground/Documents/GitHub/tevel2/GlobusSatProject/..//hal/hcc/lib\libHCCD.a(fat_m.o)
                0x200165d4                fm_getdrive
 .text.fm_getfreespace
                0x20016644       0x68 C:/Users/ground/Documents/GitHub/tevel2/GlobusSatProject/..//hal/hcc/lib\libHCCD.a(fat_m.o)
                0x20016644                fm_getfreespace
 .text.fm_mkdir
                0x200166ac       0x60 C:/Users/ground/Documents/GitHub/tevel2/GlobusSatProject/..//hal/hcc/lib\libHCCD.a(fat_m.o)
                0x200166ac                fm_mkdir
 .text.fm_rename
                0x2001670c       0x68 C:/Users/ground/Documents/GitHub/tevel2/GlobusSatProject/..//hal/hcc/lib\libHCCD.a(fat_m.o)
                0x2001670c                fm_rename
 .text.fm_filelength
                0x20016774       0x60 C:/Users/ground/Documents/GitHub/tevel2/GlobusSatProject/..//hal/hcc/lib\libHCCD.a(fat_m.o)
                0x20016774                fm_filelength
 .text.fm_close
                0x200167d4       0x60 C:/Users/ground/Documents/GitHub/tevel2/GlobusSatProject/..//hal/hcc/lib\libHCCD.a(fat_m.o)
                0x200167d4                fm_close
 .text.fm_flush
                0x20016834       0x60 C:/Users/ground/Documents/GitHub/tevel2/GlobusSatProject/..//hal/hcc/lib\libHCCD.a(fat_m.o)
                0x20016834                fm_flush
 .text.fm_open  0x20016894       0x68 C:/Users/ground/Documents/GitHub/tevel2/GlobusSatProject/..//hal/hcc/lib\libHCCD.a(fat_m.o)
                0x20016894                fm_open
 .text.fm_read  0x200168fc       0x7c C:/Users/ground/Documents/GitHub/tevel2/GlobusSatProject/..//hal/hcc/lib\libHCCD.a(fat_m.o)
                0x200168fc                fm_read
 .text.fm_write
                0x20016978       0x7c C:/Users/ground/Documents/GitHub/tevel2/GlobusSatProject/..//hal/hcc/lib\libHCCD.a(fat_m.o)
                0x20016978                fm_write
 .text.fm_seek  0x200169f4       0x70 C:/Users/ground/Documents/GitHub/tevel2/GlobusSatProject/..//hal/hcc/lib\libHCCD.a(fat_m.o)
                0x200169f4                fm_seek
 .text.fm_delete
                0x20016a64       0x64 C:/Users/ground/Documents/GitHub/tevel2/GlobusSatProject/..//hal/hcc/lib\libHCCD.a(fat_m.o)
                0x20016a64                fm_delete
 .text.fm_getlasterror
                0x20016ac8       0x40 C:/Users/ground/Documents/GitHub/tevel2/GlobusSatProject/..//hal/hcc/lib\libHCCD.a(fat_m.o)
                0x20016ac8                fm_getlasterror
 .text._f_invalidatedir
                0x20016b08       0x28 C:/Users/ground/Documents/GitHub/tevel2/GlobusSatProject/..//hal/hcc/lib\libHCCD.a(fat.o)
                0x20016b08                _f_invalidatedir
 .text._f_getdirsector
                0x20016b30       0x88 C:/Users/ground/Documents/GitHub/tevel2/GlobusSatProject/..//hal/hcc/lib\libHCCD.a(fat.o)
                0x20016b30                _f_getdirsector
 .text._f_writedirsector
                0x20016bb8       0x74 C:/Users/ground/Documents/GitHub/tevel2/GlobusSatProject/..//hal/hcc/lib\libHCCD.a(fat.o)
                0x20016bb8                _f_writedirsector
 .text._f_checknameinv
                0x20016c2c      0x180 C:/Users/ground/Documents/GitHub/tevel2/GlobusSatProject/..//hal/hcc/lib\libHCCD.a(fat.o)
 .text._f_checkname
                0x20016dac       0x7c C:/Users/ground/Documents/GitHub/tevel2/GlobusSatProject/..//hal/hcc/lib\libHCCD.a(fat.o)
 .text._f_checknamewc
                0x20016e28       0xf8 C:/Users/ground/Documents/GitHub/tevel2/GlobusSatProject/..//hal/hcc/lib\libHCCD.a(fat.o)
 .text._f_setnameext
                0x20016f20      0x300 C:/Users/ground/Documents/GitHub/tevel2/GlobusSatProject/..//hal/hcc/lib\libHCCD.a(fat.o)
 .text._f_setfsname
                0x20017220      0x584 C:/Users/ground/Documents/GitHub/tevel2/GlobusSatProject/..//hal/hcc/lib\libHCCD.a(fat.o)
 .text._f_findfile
                0x200177a4      0x30c C:/Users/ground/Documents/GitHub/tevel2/GlobusSatProject/..//hal/hcc/lib\libHCCD.a(fat.o)
 .text._f_findpath
                0x20017ab0      0x35c C:/Users/ground/Documents/GitHub/tevel2/GlobusSatProject/..//hal/hcc/lib\libHCCD.a(fat.o)
 .text.fn_getdcwd
                0x20017e0c      0x1e0 C:/Users/ground/Documents/GitHub/tevel2/GlobusSatProject/..//hal/hcc/lib\libHCCD.a(fat.o)
                0x20017e0c                fn_getdcwd
 .text.fn_move  0x20017fec      0xad0 C:/Users/ground/Documents/GitHub/tevel2/GlobusSatProject/..//hal/hcc/lib\libHCCD.a(fat.o)
                0x20017fec                fn_move
 .text.fn_rename
                0x20018abc      0x214 C:/Users/ground/Documents/GitHub/tevel2/GlobusSatProject/..//hal/hcc/lib\libHCCD.a(fat.o)
                0x20018abc                fn_rename
 .text._f_lock_resfile
                0x20018cd0       0x6c C:/Users/ground/Documents/GitHub/tevel2/GlobusSatProject/..//hal/hcc/lib\libHCCD.a(fat.o)
 .text._f_unlock_resfile
                0x20018d3c       0x40 C:/Users/ground/Documents/GitHub/tevel2/GlobusSatProject/..//hal/hcc/lib\libHCCD.a(fat.o)
 .text._f_getintfile
                0x20018d7c      0x124 C:/Users/ground/Documents/GitHub/tevel2/GlobusSatProject/..//hal/hcc/lib\libHCCD.a(fat.o)
 .text._f_addentry
                0x20018ea0      0x540 C:/Users/ground/Documents/GitHub/tevel2/GlobusSatProject/..//hal/hcc/lib\libHCCD.a(fat.o)
 .text.fn_mkdir
                0x200193e0      0x75c C:/Users/ground/Documents/GitHub/tevel2/GlobusSatProject/..//hal/hcc/lib\libHCCD.a(fat.o)
                0x200193e0                fn_mkdir
 .text.fn_filelength
                0x20019b3c      0x1cc C:/Users/ground/Documents/GitHub/tevel2/GlobusSatProject/..//hal/hcc/lib\libHCCD.a(fat.o)
                0x20019b3c                fn_filelength
 .text.fn_open_sub
                0x20019d08     0x1698 C:/Users/ground/Documents/GitHub/tevel2/GlobusSatProject/..//hal/hcc/lib\libHCCD.a(fat.o)
 .text.fn_open  0x2001b3a0       0x44 C:/Users/ground/Documents/GitHub/tevel2/GlobusSatProject/..//hal/hcc/lib\libHCCD.a(fat.o)
                0x2001b3a0                fn_open
 .text.fn_delete
                0x2001b3e4      0x490 C:/Users/ground/Documents/GitHub/tevel2/GlobusSatProject/..//hal/hcc/lib\libHCCD.a(fat.o)
                0x2001b3e4                fn_delete
 .text.fn_init  0x2001b874      0x2dc C:/Users/ground/Documents/GitHub/tevel2/GlobusSatProject/..//hal/hcc/lib\libHCCD.a(fat_common.o)
                0x2001b874                fn_init
 .text.fsn_delete
                0x2001bb50       0xc8 C:/Users/ground/Documents/GitHub/tevel2/GlobusSatProject/..//hal/hcc/lib\libHCCD.a(fat_common.o)
                0x2001bb50                fsn_delete
 .text._f_get16bitl
                0x2001bc18       0x4c C:/Users/ground/Documents/GitHub/tevel2/GlobusSatProject/..//hal/hcc/lib\libHCCD.a(fat_common.o)
                0x2001bc18                _f_get16bitl
 .text._f_set16bitl
                0x2001bc64       0x54 C:/Users/ground/Documents/GitHub/tevel2/GlobusSatProject/..//hal/hcc/lib\libHCCD.a(fat_common.o)
                0x2001bc64                _f_set16bitl
 .text._f_get32bitl
                0x2001bcb8       0x68 C:/Users/ground/Documents/GitHub/tevel2/GlobusSatProject/..//hal/hcc/lib\libHCCD.a(fat_common.o)
                0x2001bcb8                _f_get32bitl
 .text._f_set32bitl
                0x2001bd20       0x78 C:/Users/ground/Documents/GitHub/tevel2/GlobusSatProject/..//hal/hcc/lib\libHCCD.a(fat_common.o)
                0x2001bd20                _f_set32bitl
 .text._get8bit
                0x2001bd98       0xa0 C:/Users/ground/Documents/GitHub/tevel2/GlobusSatProject/..//hal/hcc/lib\libHCCD.a(fat_common.o)
 .text._get16bitl
                0x2001be38       0x40 C:/Users/ground/Documents/GitHub/tevel2/GlobusSatProject/..//hal/hcc/lib\libHCCD.a(fat_common.o)
 .text._get32bitl
                0x2001be78       0x3c C:/Users/ground/Documents/GitHub/tevel2/GlobusSatProject/..//hal/hcc/lib\libHCCD.a(fat_common.o)
 .text._set8bitzero
                0x2001beb4       0x6c C:/Users/ground/Documents/GitHub/tevel2/GlobusSatProject/..//hal/hcc/lib\libHCCD.a(fat_common.o)
 .text._set8bit
                0x2001bf20       0xa0 C:/Users/ground/Documents/GitHub/tevel2/GlobusSatProject/..//hal/hcc/lib\libHCCD.a(fat_common.o)
 .text._set16bitl
                0x2001bfc0       0x3c C:/Users/ground/Documents/GitHub/tevel2/GlobusSatProject/..//hal/hcc/lib\libHCCD.a(fat_common.o)
 .text._set32bitl
                0x2001bffc       0x34 C:/Users/ground/Documents/GitHub/tevel2/GlobusSatProject/..//hal/hcc/lib\libHCCD.a(fat_common.o)
 .text._f_setcardremoved
                0x2001c030       0x94 C:/Users/ground/Documents/GitHub/tevel2/GlobusSatProject/..//hal/hcc/lib\libHCCD.a(fat_common.o)
 .text._f_checkstatus
                0x2001c0c4      0x104 C:/Users/ground/Documents/GitHub/tevel2/GlobusSatProject/..//hal/hcc/lib\libHCCD.a(fat_common.o)
                0x2001c0c4                _f_checkstatus
 .text._f_drvgetphy
                0x2001c1c8      0x114 C:/Users/ground/Documents/GitHub/tevel2/GlobusSatProject/..//hal/hcc/lib\libHCCD.a(fat_common.o)
 .text._f_drvwritesector
                0x2001c2dc       0xdc C:/Users/ground/Documents/GitHub/tevel2/GlobusSatProject/..//hal/hcc/lib\libHCCD.a(fat_common.o)
 .text._f_drvreadsector
                0x2001c3b8       0xa8 C:/Users/ground/Documents/GitHub/tevel2/GlobusSatProject/..//hal/hcc/lib\libHCCD.a(fat_common.o)
 .text._f_writesector
                0x2001c460      0x23c C:/Users/ground/Documents/GitHub/tevel2/GlobusSatProject/..//hal/hcc/lib\libHCCD.a(fat_common.o)
                0x2001c460                _f_writesector
 .text._f_readsector
                0x2001c69c      0x1dc C:/Users/ground/Documents/GitHub/tevel2/GlobusSatProject/..//hal/hcc/lib\libHCCD.a(fat_common.o)
                0x2001c69c                _f_readsector
 .text._f_getmaxcluster
                0x2001c878       0x94 C:/Users/ground/Documents/GitHub/tevel2/GlobusSatProject/..//hal/hcc/lib\libHCCD.a(fat_common.o)
                0x2001c878                _f_getmaxcluster
 .text._getsectorfromcluster
                0x2001c90c       0x68 C:/Users/ground/Documents/GitHub/tevel2/GlobusSatProject/..//hal/hcc/lib\libHCCD.a(fat_common.o)
 .text._f_buildsectors
                0x2001c974      0x268 C:/Users/ground/Documents/GitHub/tevel2/GlobusSatProject/..//hal/hcc/lib\libHCCD.a(fat_common.o)
 .text._f_getbootrecord
                0x2001cbdc      0x5e4 C:/Users/ground/Documents/GitHub/tevel2/GlobusSatProject/..//hal/hcc/lib\libHCCD.a(fat_common.o)
 .text._f_readbootrecord
                0x2001d1c0      0x4f8 C:/Users/ground/Documents/GitHub/tevel2/GlobusSatProject/..//hal/hcc/lib\libHCCD.a(fat_common.o)
 .text._f_writebootrecord
                0x2001d6b8      0x5e4 C:/Users/ground/Documents/GitHub/tevel2/GlobusSatProject/..//hal/hcc/lib\libHCCD.a(fat_common.o)
 .text._f_flushcffiles
                0x2001dc9c      0x17c C:/Users/ground/Documents/GitHub/tevel2/GlobusSatProject/..//hal/hcc/lib\libHCCD.a(fat_common.o)
                0x2001dc9c                _f_flushcffiles
 .text._f_fatcache_flush
                0x2001de18      0x270 C:/Users/ground/Documents/GitHub/tevel2/GlobusSatProject/..//hal/hcc/lib\libHCCD.a(fat_common.o)
                0x2001de18                _f_fatcache_flush
 .text._f_writefatsector
                0x2001e088      0x100 C:/Users/ground/Documents/GitHub/tevel2/GlobusSatProject/..//hal/hcc/lib\libHCCD.a(fat_common.o)
                0x2001e088                _f_writefatsector
 .text._f_getfatsector
                0x2001e188      0x3bc C:/Users/ground/Documents/GitHub/tevel2/GlobusSatProject/..//hal/hcc/lib\libHCCD.a(fat_common.o)
 .text._f_setclustervalue
                0x2001e544      0x490 C:/Users/ground/Documents/GitHub/tevel2/GlobusSatProject/..//hal/hcc/lib\libHCCD.a(fat_common.o)
                0x2001e544                _f_setclustervalue
 .text._f_getclustervalue
                0x2001e9d4      0x388 C:/Users/ground/Documents/GitHub/tevel2/GlobusSatProject/..//hal/hcc/lib\libHCCD.a(fat_common.o)
                0x2001e9d4                _f_getclustervalue
 .text._f_close_drive_files
                0x2001ed5c       0xac C:/Users/ground/Documents/GitHub/tevel2/GlobusSatProject/..//hal/hcc/lib\libHCCD.a(fat_common.o)
 .text._f_inc_mount_count
                0x2001ee08       0xa4 C:/Users/ground/Documents/GitHub/tevel2/GlobusSatProject/..//hal/hcc/lib\libHCCD.a(fat_common.o)
 .text._f_getvolume
                0x2001eeac      0x2f8 C:/Users/ground/Documents/GitHub/tevel2/GlobusSatProject/..//hal/hcc/lib\libHCCD.a(fat_common.o)
                0x2001eeac                _f_getvolume
 .text.fn_createdriver
                0x2001f1a4      0x118 C:/Users/ground/Documents/GitHub/tevel2/GlobusSatProject/..//hal/hcc/lib\libHCCD.a(fat_common.o)
                0x2001f1a4                fn_createdriver
 .text.fn_initvolume
                0x2001f2bc      0x12c C:/Users/ground/Documents/GitHub/tevel2/GlobusSatProject/..//hal/hcc/lib\libHCCD.a(fat_common.o)
                0x2001f2bc                fn_initvolume
 .text.fn_releasedriver
                0x2001f3e8       0xf4 C:/Users/ground/Documents/GitHub/tevel2/GlobusSatProject/..//hal/hcc/lib\libHCCD.a(fat_common.o)
                0x2001f3e8                fn_releasedriver
 .text.fn_initvolumepartition_sub
                0x2001f4dc       0xe0 C:/Users/ground/Documents/GitHub/tevel2/GlobusSatProject/..//hal/hcc/lib\libHCCD.a(fat_common.o)
 .text.fn_initvolumepartition
                0x2001f5bc       0xac C:/Users/ground/Documents/GitHub/tevel2/GlobusSatProject/..//hal/hcc/lib\libHCCD.a(fat_common.o)
                0x2001f5bc                fn_initvolumepartition
 .text.fn_delvolume
                0x2001f668      0x194 C:/Users/ground/Documents/GitHub/tevel2/GlobusSatProject/..//hal/hcc/lib\libHCCD.a(fat_common.o)
                0x2001f668                fn_delvolume
 .text._f_clustertopos
                0x2001f7fc       0xf8 C:/Users/ground/Documents/GitHub/tevel2/GlobusSatProject/..//hal/hcc/lib\libHCCD.a(fat_common.o)
                0x2001f7fc                _f_clustertopos
 .text._f_prepareformat
                0x2001f8f4      0x8b8 C:/Users/ground/Documents/GitHub/tevel2/GlobusSatProject/..//hal/hcc/lib\libHCCD.a(fat_common.o)
 .text._f_resetfatentries
                0x200201ac      0x410 C:/Users/ground/Documents/GitHub/tevel2/GlobusSatProject/..//hal/hcc/lib\libHCCD.a(fat_common.o)
 .text._f_resetrootdir
                0x200205bc       0xcc C:/Users/ground/Documents/GitHub/tevel2/GlobusSatProject/..//hal/hcc/lib\libHCCD.a(fat_common.o)
 .text._f_postformat
                0x20020688      0x178 C:/Users/ground/Documents/GitHub/tevel2/GlobusSatProject/..//hal/hcc/lib\libHCCD.a(fat_common.o)
 .text.fn_format
                0x20020800      0x148 C:/Users/ground/Documents/GitHub/tevel2/GlobusSatProject/..//hal/hcc/lib\libHCCD.a(fat_common.o)
                0x20020800                fn_format
 .text._f_getcurrsector
                0x20020948      0x6c8 C:/Users/ground/Documents/GitHub/tevel2/GlobusSatProject/..//hal/hcc/lib\libHCCD.a(fat_common.o)
                0x20020948                _f_getcurrsector
 .text._f_getdecluster
                0x20021010       0x90 C:/Users/ground/Documents/GitHub/tevel2/GlobusSatProject/..//hal/hcc/lib\libHCCD.a(fat_common.o)
                0x20021010                _f_getdecluster
 .text._f_setdecluster
                0x200210a0       0x8c C:/Users/ground/Documents/GitHub/tevel2/GlobusSatProject/..//hal/hcc/lib\libHCCD.a(fat_common.o)
                0x200210a0                _f_setdecluster
 .text.fn_getdrive
                0x2002112c       0x30 C:/Users/ground/Documents/GitHub/tevel2/GlobusSatProject/..//hal/hcc/lib\libHCCD.a(fat_common.o)
                0x2002112c                fn_getdrive
 .text._f_getcurrenttimedate
                0x2002115c      0x138 C:/Users/ground/Documents/GitHub/tevel2/GlobusSatProject/..//hal/hcc/lib\libHCCD.a(fat_common.o)
                0x2002115c                _f_getcurrenttimedate
 .text._f_initentry
                0x20021294       0xa0 C:/Users/ground/Documents/GitHub/tevel2/GlobusSatProject/..//hal/hcc/lib\libHCCD.a(fat_common.o)
                0x20021294                _f_initentry
 .text._f_alloccluster
                0x20021334      0x344 C:/Users/ground/Documents/GitHub/tevel2/GlobusSatProject/..//hal/hcc/lib\libHCCD.a(fat_common.o)
                0x20021334                _f_alloccluster
 .text._f_dobadblock
                0x20021678      0x2cc C:/Users/ground/Documents/GitHub/tevel2/GlobusSatProject/..//hal/hcc/lib\libHCCD.a(fat_common.o)
                0x20021678                _f_dobadblock
 .text._f_checklocked
                0x20021944       0xe4 C:/Users/ground/Documents/GitHub/tevel2/GlobusSatProject/..//hal/hcc/lib\libHCCD.a(fat_common.o)
                0x20021944                _f_checklocked
 .text._f_checkappendlocked
                0x20021a28      0x110 C:/Users/ground/Documents/GitHub/tevel2/GlobusSatProject/..//hal/hcc/lib\libHCCD.a(fat_common.o)
                0x20021a28                _f_checkappendlocked
 .text._f_setsyncafile
                0x20021b38      0x114 C:/Users/ground/Documents/GitHub/tevel2/GlobusSatProject/..//hal/hcc/lib\libHCCD.a(fat_common.o)
                0x20021b38                _f_setsyncafile
 .text._f_syncfiles
                0x20021c4c      0x128 C:/Users/ground/Documents/GitHub/tevel2/GlobusSatProject/..//hal/hcc/lib\libHCCD.a(fat_common.o)
                0x20021c4c                _f_syncfiles
 .text._f_syncfilescontent
                0x20021d74      0x15c C:/Users/ground/Documents/GitHub/tevel2/GlobusSatProject/..//hal/hcc/lib\libHCCD.a(fat_common.o)
 .text.fn_getfreespace
                0x20021ed0      0x4c0 C:/Users/ground/Documents/GitHub/tevel2/GlobusSatProject/..//hal/hcc/lib\libHCCD.a(fat_common.o)
                0x20021ed0                fn_getfreespace
 .text._f_emptywritecache
                0x20022390      0x4a4 C:/Users/ground/Documents/GitHub/tevel2/GlobusSatProject/..//hal/hcc/lib\libHCCD.a(fat_common.o)
 .text._f_allocnextcluster
                0x20022834      0x54c C:/Users/ground/Documents/GitHub/tevel2/GlobusSatProject/..//hal/hcc/lib\libHCCD.a(fat_common.o)
 .text._f_emptywritebuffer
                0x20022d80      0x20c C:/Users/ground/Documents/GitHub/tevel2/GlobusSatProject/..//hal/hcc/lib\libHCCD.a(fat_common.o)
 .text._f_writezeros
                0x20022f8c       0xf0 C:/Users/ground/Documents/GitHub/tevel2/GlobusSatProject/..//hal/hcc/lib\libHCCD.a(fat_common.o)
                0x20022f8c                _f_writezeros
 .text._f_extend_file
                0x2002307c      0x570 C:/Users/ground/Documents/GitHub/tevel2/GlobusSatProject/..//hal/hcc/lib\libHCCD.a(fat_common.o)
 .text._f_fseek
                0x200235ec      0x9bc C:/Users/ground/Documents/GitHub/tevel2/GlobusSatProject/..//hal/hcc/lib\libHCCD.a(fat_common.o)
                0x200235ec                _f_fseek
 .text._f_removechain
                0x20023fa8      0x104 C:/Users/ground/Documents/GitHub/tevel2/GlobusSatProject/..//hal/hcc/lib\libHCCD.a(fat_common.o)
                0x20023fa8                _f_removechain
 .text._f_updatefileentry
                0x200240ac      0x1cc C:/Users/ground/Documents/GitHub/tevel2/GlobusSatProject/..//hal/hcc/lib\libHCCD.a(fat_common.o)
 .text._f_checkreadlocked
                0x20024278      0x1bc C:/Users/ground/Documents/GitHub/tevel2/GlobusSatProject/..//hal/hcc/lib\libHCCD.a(fat_common.o)
                0x20024278                _f_checkreadlocked
 .text._f_check_handle
                0x20024434       0x98 C:/Users/ground/Documents/GitHub/tevel2/GlobusSatProject/..//hal/hcc/lib\libHCCD.a(fat_common.o)
                0x20024434                _f_check_handle
 .text._f_removesyncafile
                0x200244cc      0x1ec C:/Users/ground/Documents/GitHub/tevel2/GlobusSatProject/..//hal/hcc/lib\libHCCD.a(fat_common.o)
 .text.fn_close
                0x200246b8      0x3f8 C:/Users/ground/Documents/GitHub/tevel2/GlobusSatProject/..//hal/hcc/lib\libHCCD.a(fat_common.o)
                0x200246b8                fn_close
 .text.fn_flush
                0x20024ab0      0x374 C:/Users/ground/Documents/GitHub/tevel2/GlobusSatProject/..//hal/hcc/lib\libHCCD.a(fat_common.o)
                0x20024ab0                fn_flush
 .text.fn_read  0x20024e24      0x690 C:/Users/ground/Documents/GitHub/tevel2/GlobusSatProject/..//hal/hcc/lib\libHCCD.a(fat_common.o)
                0x20024e24                fn_read
 .text._f_abortwrite
                0x200254b4      0x100 C:/Users/ground/Documents/GitHub/tevel2/GlobusSatProject/..//hal/hcc/lib\libHCCD.a(fat_common.o)
 .text._f_checkwritecluster
                0x200255b4       0xe4 C:/Users/ground/Documents/GitHub/tevel2/GlobusSatProject/..//hal/hcc/lib\libHCCD.a(fat_common.o)
 .text.fn_write
                0x20025698      0x8a8 C:/Users/ground/Documents/GitHub/tevel2/GlobusSatProject/..//hal/hcc/lib\libHCCD.a(fat_common.o)
                0x20025698                fn_write
 .text.fn_seek  0x20025f40      0x270 C:/Users/ground/Documents/GitHub/tevel2/GlobusSatProject/..//hal/hcc/lib\libHCCD.a(fat_common.o)
                0x20025f40                fn_seek
 .text.f_enterFS
                0x200261b0      0x1c0 C:/Users/ground/Documents/GitHub/tevel2/GlobusSatProject/..//hal/hcc/lib\libHCCD.a(fat_common.o)
                0x200261b0                f_enterFS
 .text.fnGetTask
                0x20026370       0xfc C:/Users/ground/Documents/GitHub/tevel2/GlobusSatProject/..//hal/hcc/lib\libHCCD.a(fat_common.o)
                0x20026370                fnGetTask
 .text._f_mutex_get
                0x2002646c       0x98 C:/Users/ground/Documents/GitHub/tevel2/GlobusSatProject/..//hal/hcc/lib\libHCCD.a(fat_common.o)
                0x2002646c                _f_mutex_get
 .text._f_mutex_put
                0x20026504       0x54 C:/Users/ground/Documents/GitHub/tevel2/GlobusSatProject/..//hal/hcc/lib\libHCCD.a(fat_common.o)
                0x20026504                _f_mutex_put
 .text._fn_initseekdivisor
                0x20026558      0x158 C:/Users/ground/Documents/GitHub/tevel2/GlobusSatProject/..//hal/hcc/lib\libHCCD.a(fat_common.o)
                0x20026558                _fn_initseekdivisor
 .text._fn_updateseekpos
                0x200266b0       0xc4 C:/Users/ground/Documents/GitHub/tevel2/GlobusSatProject/..//hal/hcc/lib\libHCCD.a(fat_common.o)
 .text._f_findopensize
                0x20026774       0x2c C:/Users/ground/Documents/GitHub/tevel2/GlobusSatProject/..//hal/hcc/lib\libHCCD.a(fat_common.o)
                0x20026774                _f_findopensize
 .text.fn_setlasterror
                0x200267a0       0x34 C:/Users/ground/Documents/GitHub/tevel2/GlobusSatProject/..//hal/hcc/lib\libHCCD.a(fat_common.o)
                0x200267a0                fn_setlasterror
 .text.fn_setlasterror_noret
                0x200267d4       0x2c C:/Users/ground/Documents/GitHub/tevel2/GlobusSatProject/..//hal/hcc/lib\libHCCD.a(fat_common.o)
                0x200267d4                fn_setlasterror_noret
 .text._s_checkzeroclusteratend
                0x20026800       0xf8 C:/Users/ground/Documents/GitHub/tevel2/GlobusSatProject/..//hal/hcc/lib\libHCCD.a(safefat.o)
 .text._s_clearclustercontent
                0x200268f8      0x108 C:/Users/ground/Documents/GitHub/tevel2/GlobusSatProject/..//hal/hcc/lib\libHCCD.a(safefat.o)
 .text._s_clearclustercontentdir
                0x20026a00      0x19c C:/Users/ground/Documents/GitHub/tevel2/GlobusSatProject/..//hal/hcc/lib\libHCCD.a(safefat.o)
 .text._s_writedirsector
                0x20026b9c       0xd0 C:/Users/ground/Documents/GitHub/tevel2/GlobusSatProject/..//hal/hcc/lib\libHCCD.a(safefat.o)
 .text._s_getdirsector
                0x20026c6c      0x100 C:/Users/ground/Documents/GitHub/tevel2/GlobusSatProject/..//hal/hcc/lib\libHCCD.a(safefat.o)
 .text._s_addentry
                0x20026d6c      0x394 C:/Users/ground/Documents/GitHub/tevel2/GlobusSatProject/..//hal/hcc/lib\libHCCD.a(safefat.o)
 .text._s_findfile
                0x20027100      0x33c C:/Users/ground/Documents/GitHub/tevel2/GlobusSatProject/..//hal/hcc/lib\libHCCD.a(safefat.o)
 .text._s_findsubdir
                0x2002743c      0x248 C:/Users/ground/Documents/GitHub/tevel2/GlobusSatProject/..//hal/hcc/lib\libHCCD.a(safefat.o)
 .text._s_createfile
                0x20027684      0x190 C:/Users/ground/Documents/GitHub/tevel2/GlobusSatProject/..//hal/hcc/lib\libHCCD.a(safefat.o)
 .text._s_findsaffile
                0x20027814      0x1b8 C:/Users/ground/Documents/GitHub/tevel2/GlobusSatProject/..//hal/hcc/lib\libHCCD.a(safefat.o)
 .text._s_open  0x200279cc       0xe4 C:/Users/ground/Documents/GitHub/tevel2/GlobusSatProject/..//hal/hcc/lib\libHCCD.a(safefat.o)
 .text._s_open_saf
                0x20027ab0       0xe8 C:/Users/ground/Documents/GitHub/tevel2/GlobusSatProject/..//hal/hcc/lib\libHCCD.a(safefat.o)
 .text._s_flush
                0x20027b98       0x84 C:/Users/ground/Documents/GitHub/tevel2/GlobusSatProject/..//hal/hcc/lib\libHCCD.a(safefat.o)
 .text._s_allocnextcluster
                0x20027c1c      0x13c C:/Users/ground/Documents/GitHub/tevel2/GlobusSatProject/..//hal/hcc/lib\libHCCD.a(safefat.o)
 .text._s_getnextsector
                0x20027d58       0xdc C:/Users/ground/Documents/GitHub/tevel2/GlobusSatProject/..//hal/hcc/lib\libHCCD.a(safefat.o)
 .text._s_seek  0x20027e34      0x1e8 C:/Users/ground/Documents/GitHub/tevel2/GlobusSatProject/..//hal/hcc/lib\libHCCD.a(safefat.o)
 .text._s_get_len
                0x2002801c      0x10c C:/Users/ground/Documents/GitHub/tevel2/GlobusSatProject/..//hal/hcc/lib\libHCCD.a(safefat.o)
 .text._s_set_len
                0x20028128       0xb4 C:/Users/ground/Documents/GitHub/tevel2/GlobusSatProject/..//hal/hcc/lib\libHCCD.a(safefat.o)
 .text.safe_fix_filelengths
                0x200281dc       0xcc C:/Users/ground/Documents/GitHub/tevel2/GlobusSatProject/..//hal/hcc/lib\libHCCD.a(safefat.o)
                0x200281dc                safe_fix_filelengths
 .text._s_read  0x200282a8      0x228 C:/Users/ground/Documents/GitHub/tevel2/GlobusSatProject/..//hal/hcc/lib\libHCCD.a(safefat.o)
 .text._s_write
                0x200284d0      0x384 C:/Users/ground/Documents/GitHub/tevel2/GlobusSatProject/..//hal/hcc/lib\libHCCD.a(safefat.o)
 .text._s_restoreclusters
                0x20028854      0x270 C:/Users/ground/Documents/GitHub/tevel2/GlobusSatProject/..//hal/hcc/lib\libHCCD.a(safefat.o)
                0x20028854                _s_restoreclusters
 .text._s_findrestore
                0x20028ac4      0x18c C:/Users/ground/Documents/GitHub/tevel2/GlobusSatProject/..//hal/hcc/lib\libHCCD.a(safefat.o)
 .text._s_cmd_writede
                0x20028c50       0xd8 C:/Users/ground/Documents/GitHub/tevel2/GlobusSatProject/..//hal/hcc/lib\libHCCD.a(safefat.o)
 .text._s_cmd_setcluster
                0x20028d28       0x88 C:/Users/ground/Documents/GitHub/tevel2/GlobusSatProject/..//hal/hcc/lib\libHCCD.a(safefat.o)
 .text._s_cmd_deletechain
                0x20028db0      0x100 C:/Users/ground/Documents/GitHub/tevel2/GlobusSatProject/..//hal/hcc/lib\libHCCD.a(safefat.o)
 .text._s_cmd_validatecfn
                0x20028eb0      0x308 C:/Users/ground/Documents/GitHub/tevel2/GlobusSatProject/..//hal/hcc/lib\libHCCD.a(safefat.o)
 .text._s_cmd_seteof