Archive member included because of file (symbol)

c:/isis/application/toolchain/bin/../lib/gcc/arm-none-eabi/4.7.4/../../../../arm-none-eabi/lib\libc_s.a(lib_a-vfprintf_float.o)
                              (_printf_float)
c:/isis/application/toolchain/bin/../lib/gcc/arm-none-eabi/4.7.4/../../../../arm-none-eabi/lib\libc_s.a(lib_a-vfprintf_i.o)
                              c:/isis/application/toolchain/bin/../lib/gcc/arm-none-eabi/4.7.4/../../../../arm-none-eabi/lib\libc_s.a(lib_a-vfprintf_float.o) (_printf_common)
c:/isis/application/toolchain/bin/../lib/gcc/arm-none-eabi/4.7.4/../../../../arm-none-eabi/lib\libc_s.a(lib_a-vfscanf_float.o)
                              (_scanf_float)
c:/isis/application/toolchain/bin/../lib/gcc/arm-none-eabi/4.7.4/../../../../arm-none-eabi/lib\libc_s.a(lib_a-dtoa.o)
                              c:/isis/application/toolchain/bin/../lib/gcc/arm-none-eabi/4.7.4/../../../../arm-none-eabi/lib\libc_s.a(lib_a-vfprintf_float.o) (_dtoa_r)
c:/isis/application/toolchain/bin/../lib/gcc/arm-none-eabi/4.7.4/../../../../arm-none-eabi/lib\libc_s.a(lib_a-locale.o)
                              c:/isis/application/toolchain/bin/../lib/gcc/arm-none-eabi/4.7.4/../../../../arm-none-eabi/lib\libc_s.a(lib_a-vfprintf_float.o) (_localeconv_r)
c:/isis/application/toolchain/bin/../lib/gcc/arm-none-eabi/4.7.4/../../../../arm-none-eabi/lib\libc_s.a(lib_a-malloc.o)
                              c:/isis/application/toolchain/bin/../lib/gcc/arm-none-eabi/4.7.4/../../../../arm-none-eabi/lib\libc_s.a(lib_a-dtoa.o) (malloc)
c:/isis/application/toolchain/bin/../lib/gcc/arm-none-eabi/4.7.4/../../../../arm-none-eabi/lib\libc_s.a(lib_a-mallocr.o)
                              c:/isis/application/toolchain/bin/../lib/gcc/arm-none-eabi/4.7.4/../../../../arm-none-eabi/lib\libc_s.a(lib_a-malloc.o) (_malloc_r)
c:/isis/application/toolchain/bin/../lib/gcc/arm-none-eabi/4.7.4/../../../../arm-none-eabi/lib\libc_s.a(lib_a-memcpy.o)
                              c:/isis/application/toolchain/bin/../lib/gcc/arm-none-eabi/4.7.4/../../../../arm-none-eabi/lib\libc_s.a(lib_a-dtoa.o) (memcpy)
c:/isis/application/toolchain/bin/../lib/gcc/arm-none-eabi/4.7.4/../../../../arm-none-eabi/lib\libc_s.a(lib_a-mprec.o)
                              c:/isis/application/toolchain/bin/../lib/gcc/arm-none-eabi/4.7.4/../../../../arm-none-eabi/lib\libc_s.a(lib_a-dtoa.o) (_Balloc)
c:/isis/application/toolchain/bin/../lib/gcc/arm-none-eabi/4.7.4/../../../../arm-none-eabi/lib\libc_s.a(lib_a-s_fpclassify.o)
                              c:/isis/application/toolchain/bin/../lib/gcc/arm-none-eabi/4.7.4/../../../../arm-none-eabi/lib\libc_s.a(lib_a-vfprintf_float.o) (__fpclassifyd)
c:/isis/application/toolchain/bin/../lib/gcc/arm-none-eabi/4.7.4/../../../../arm-none-eabi/lib\libc_s.a(lib_a-sbrkr.o)
                              c:/isis/application/toolchain/bin/../lib/gcc/arm-none-eabi/4.7.4/../../../../arm-none-eabi/lib\libc_s.a(lib_a-mallocr.o) (_sbrk_r)
c:/isis/application/toolchain/bin/../lib/gcc/arm-none-eabi/4.7.4/../../../../arm-none-eabi/lib\libc_s.a(lib_a-sf_nan.o)
                              c:/isis/application/toolchain/bin/../lib/gcc/arm-none-eabi/4.7.4/../../../../arm-none-eabi/lib\libc_s.a(lib_a-vfscanf_float.o) (nanf)
c:/isis/application/toolchain/bin/../lib/gcc/arm-none-eabi/4.7.4/../../../../arm-none-eabi/lib\libc_s.a(lib_a-sprintf.o)
                              c:/isis/application/toolchain/bin/../lib/gcc/arm-none-eabi/4.7.4/../../../../arm-none-eabi/lib\libc_s.a(lib_a-vfscanf_float.o) (sprintf)
c:/isis/application/toolchain/bin/../lib/gcc/arm-none-eabi/4.7.4/../../../../arm-none-eabi/lib\libc_s.a(lib_a-strcmp.o)
                              c:/isis/application/toolchain/bin/../lib/gcc/arm-none-eabi/4.7.4/../../../../arm-none-eabi/lib\libc_s.a(lib_a-locale.o) (strcmp)
c:/isis/application/toolchain/bin/../lib/gcc/arm-none-eabi/4.7.4/../../../../arm-none-eabi/lib\libc_s.a(lib_a-strlen.o)
                              c:/isis/application/toolchain/bin/../lib/gcc/arm-none-eabi/4.7.4/../../../../arm-none-eabi/lib\libc_s.a(lib_a-vfprintf_float.o) (strlen)
c:/isis/application/toolchain/bin/../lib/gcc/arm-none-eabi/4.7.4/../../../../arm-none-eabi/lib\libc_s.a(lib_a-strtod.o)
                              c:/isis/application/toolchain/bin/../lib/gcc/arm-none-eabi/4.7.4/../../../../arm-none-eabi/lib\libc_s.a(lib_a-vfscanf_float.o) (_strtod_r)
c:/isis/application/toolchain/bin/../lib/gcc/arm-none-eabi/4.7.4/../../../../arm-none-eabi/lib\libc_s.a(lib_a-strtol.o)
                              c:/isis/application/toolchain/bin/../lib/gcc/arm-none-eabi/4.7.4/../../../../arm-none-eabi/lib\libc_s.a(lib_a-vfscanf_float.o) (_strtol_r)
c:/isis/application/toolchain/bin/../lib/gcc/arm-none-eabi/4.7.4/../../../../arm-none-eabi/lib\libc_s.a(lib_a-svfprintf.o)
                              c:/isis/application/toolchain/bin/../lib/gcc/arm-none-eabi/4.7.4/../../../../arm-none-eabi/lib\libc_s.a(lib_a-sprintf.o) (_svfprintf_r)
[...]
Memory Configuration

Name             Origin             Length             Attributes
sram0            0x00200000         0x00004000         w !xr
sram1            0x00300000         0x00004000         w !xr
sdram            0x20000000         0x02000000         w !xr
*default*        0x00000000         0xffffffff

Linker script and memory map

LOAD c:/isis/application/toolchain/bin/../lib/gcc/arm-none-eabi/4.7.4/../../../../arm-none-eabi/lib\libc_s.a
LOAD ./src/TestingDemos/CommandsTestingDemo.o
LOAD ./src/TestingDemos/EpsTestingDemo.o
LOAD ./src/TestingDemos/FileSystemTestingDemo.o
LOAD ./src/TestingDemos/MainTest.o
LOAD ./src/TestingDemos/MaintenanceTestingDemo.o
LOAD ./src/TestingDemos/TelemetryTestingDemo.o
LOAD ./src/TestingDemos/TrxvuTestingDemo.o
LOAD ./src/SubSystemModules/PowerManagment/EPS.o
LOAD ./src/SubSystemModules/Maintenance/Log.o
LOAD ./src/SubSystemModules/Maintenance/Maintenance.o
LOAD ./src/SubSystemModules/Housekepping/Dump.o
LOAD ./src/SubSystemModules/Housekepping/TelemetryCollector.o
LOAD ./src/SubSystemModules/Communication/SubsystemCommands/EPS_Commands.o
LOAD ./src/SubSystemModules/Communication/SubsystemCommands/FS_Commands.o
LOAD ./src/SubSystemModules/Communication/SubsystemCommands/Maintanence_Commands.o
LOAD ./src/SubSystemModules/Communication/SubsystemCommands/TRXVU_Commands.o
LOAD ./src/SubSystemModules/Communication/AckHandler.o
LOAD ./src/SubSystemModules/Communication/ActUponCommand.o
LOAD ./src/SubSystemModules/Communication/Beacon.o
LOAD ./src/SubSystemModules/Communication/CommandDictionary.o
LOAD ./src/SubSystemModules/Communication/SatCommandHandler.o
LOAD ./src/SubSystemModules/Communication/SatDataTx.o
LOAD ./src/SubSystemModules/Communication/TRXVU.o
LOAD ./src/SubSystemModules/Communication/Transponder.o
LOAD ./src/InitSystem.o
LOAD ./src/TLM_management.o
LOAD ./src/main.o
LOAD C:/TEVEL/GivatShmuel/Base-Aug-2019/GlobusSatProject/..//hal/hal/lib\libHALD.a
LOAD C:/TEVEL/GivatShmuel/Base-Aug-2019/GlobusSatProject/..//hal/hcc/lib\libHCCD.a
LOAD C:/TEVEL/GivatShmuel/Base-Aug-2019/GlobusSatProject/..//satellite-subsystems/satellite-subsystems/lib\libSatelliteSubsystemsD.a
LOAD C:/TEVEL/GivatShmuel/Base-Aug-2019/GlobusSatProject/..//hal/freertos/lib\libFreeRTOSD.a
LOAD C:/TEVEL/GivatShmuel/Base-Aug-2019/GlobusSatProject/..//hal/at91/lib\libAt91D.a
START GROUP
LOAD c:/isis/application/toolchain/bin/../lib/gcc/arm-none-eabi/4.7.4\libgcc.a
LOAD c:/isis/application/toolchain/bin/../lib/gcc/arm-none-eabi/4.7.4/../../../../arm-none-eabi/lib\libc_s.a
END GROUP

.fixed          0x20000000    0x35364
                0x20000000                . = ALIGN (0x4)
                0x20000000                _sfixed = .
 *(.startup)
 .startup       0x20000000      0x134 C:/TEVEL/GivatShmuel/Base-Aug-2019/GlobusSatProject/..//hal/at91/lib\libAt91D.a(board_cstartup.o)
                0x20000000                entry
 *(.text)
 .text          0x20000134       0x64 C:/TEVEL/GivatShmuel/Base-Aug-2019/GlobusSatProject/..//hal/at91/lib\libAt91D.a(cp15_asm.o)
                0x20000134                _readControlRegister
                0x20000140                _writeControlRegister
                0x20000148                _waitForInterrupt
                0x20000154                _writeTTB
                0x2000015c                _writeDomain
                0x20000164                _writeITLBLockdown
                0x2000016c                _prefetchICacheLine
                0x20000174                _flushDCache
                0x20000180                _flushWriteBuffer
                0x2000018c                _invalidateIDTLBs
 .text          0x20000198      0x114 c:/isis/application/toolchain/bin/../lib/gcc/arm-none-eabi/4.7.4\libgcc.a(_udivsi3.o)
                0x20000198                __aeabi_uidiv
                0x20000198                __udivsi3
                0x2000028c                __aeabi_uidivmod
 .text          0x200002ac      0x148 c:/isis/application/toolchain/bin/../lib/gcc/arm-none-eabi/4.7.4\libgcc.a(_divsi3.o)
                0x200002ac                __divsi3
                0x200002ac                __aeabi_idiv
                0x200003d4                __aeabi_idivmod
 .text          0x200003f4        0x4 c:/isis/application/toolchain/bin/../lib/gcc/arm-none-eabi/4.7.4\libgcc.a(_dvmd_tls.o)
                0x200003f4                __aeabi_idiv0
                0x200003f4                __aeabi_ldiv0
 .text          0x200003f8      0x41c c:/isis/application/toolchain/bin/../lib/gcc/arm-none-eabi/4.7.4\libgcc.a(_arm_addsubdf3.o)
                0x200003f8                __aeabi_drsub
                0x20000400                __aeabi_dsub
                0x20000400                __subdf3
                0x20000404                __aeabi_dadd
                0x20000404                __adddf3
                0x20000714                __floatunsidf
                0x20000714                __aeabi_ui2d
                0x20000738                __floatsidf
                0x20000738                __aeabi_i2d
                0x20000760                __aeabi_f2d
                0x20000760                __extendsfdf2
                0x200007a0                __floatundidf
                0x200007a0                __aeabi_ul2d
                0x200007b4                __floatdidf
                0x200007b4                __aeabi_l2d
 .text          0x20000814      0x49c c:/isis/application/toolchain/bin/../lib/gcc/arm-none-eabi/4.7.4\libgcc.a(_arm_muldivdf3.o)
                0x20000814                __aeabi_dmul
                0x20000814                __muldf3
                0x20000aa4                __divdf3
                0x20000aa4                __aeabi_ddiv
 .text          0x20000cb0      0x144 c:/isis/application/toolchain/bin/../lib/gcc/arm-none-eabi/4.7.4\libgcc.a(_arm_cmpdf2.o)
                0x20000cb0                __gtdf2
                0x20000cb0                __gedf2
                0x20000cb8                __ltdf2
                0x20000cb8                __ledf2
                0x20000cc0                __nedf2
                0x20000cc0                __eqdf2
                0x20000cc0                __cmpdf2
                0x20000d48                __aeabi_cdrcmple
                0x20000d64                __aeabi_cdcmpeq
                0x20000d64                __aeabi_cdcmple
                0x20000d7c                __aeabi_dcmpeq
                0x20000d94                __aeabi_dcmplt
                0x20000dac                __aeabi_dcmple
                0x20000dc4                __aeabi_dcmpge
                0x20000ddc                __aeabi_dcmpgt
 .text          0x20000df4       0x5c c:/isis/application/toolchain/bin/../lib/gcc/arm-none-eabi/4.7.4\libgcc.a(_arm_fixdfsi.o)
                0x20000df4                __aeabi_d2iz
                0x20000df4                __fixdfsi
 .text          0x20000e50       0x54 c:/isis/application/toolchain/bin/../lib/gcc/arm-none-eabi/4.7.4\libgcc.a(_arm_fixunsdfsi.o)
                0x20000e50                __aeabi_d2uiz
                0x20000e50                __fixunsdfsi
 .text          0x20000ea4       0xa0 c:/isis/application/toolchain/bin/../lib/gcc/arm-none-eabi/4.7.4\libgcc.a(_arm_truncdfsf2.o)
                0x20000ea4                __truncdfsf2
                0x20000ea4                __aeabi_d2f
 *(.text*)
 .text.__cvt    0x20000f44      0x138 c:/isis/application/toolchain/bin/../lib/gcc/arm-none-eabi/4.7.4/../../../../arm-none-eabi/lib\libc_s.a(lib_a-vfprintf_float.o)
                0x20000f44                __cvt
 .text.__exponent
                0x2000107c       0xa8 c:/isis/application/toolchain/bin/../lib/gcc/arm-none-eabi/4.7.4/../../../../arm-none-eabi/lib\libc_s.a(lib_a-vfprintf_float.o)
                0x2000107c                __exponent
 .text._printf_float
                0x20001124      0x7dc c:/isis/application/toolchain/bin/../lib/gcc/arm-none-eabi/4.7.4/../../../../arm-none-eabi/lib\libc_s.a(lib_a-vfprintf_float.o)
                0x20001124                _printf_float
 .text._printf_common
                0x20001900      0x174 c:/isis/application/toolchain/bin/../lib/gcc/arm-none-eabi/4.7.4/../../../../arm-none-eabi/lib\libc_s.a(lib_a-vfprintf_i.o)
                0x20001900                _printf_common
 .text._printf_i
                0x20001a74      0x3c4 c:/isis/application/toolchain/bin/../lib/gcc/arm-none-eabi/4.7.4/../../../../arm-none-eabi/lib\libc_s.a(lib_a-vfprintf_i.o)
                0x20001a74                _printf_i
 .text._scanf_float
                0x20001e38      0x5f4 c:/isis/application/toolchain/bin/../lib/gcc/arm-none-eabi/4.7.4/../../../../arm-none-eabi/lib\libc_s.a(lib_a-vfscanf_float.o)
                0x20001e38                _scanf_float
 .text.quorem   0x2000242c      0x1ac c:/isis/application/toolchain/bin/../lib/gcc/arm-none-eabi/4.7.4/../../../../arm-none-eabi/lib\libc_s.a(lib_a-dtoa.o)
 .text._dtoa_r  0x200025d8     0x1268 c:/isis/application/toolchain/bin/../lib/gcc/arm-none-eabi/4.7.4/../../../../arm-none-eabi/lib\libc_s.a(lib_a-dtoa.o)
                0x200025d8                _dtoa_r
 .text._localeconv_r
                0x20003840        0xc c:/isis/application/toolchain/bin/../lib/gcc/arm-none-eabi/4.7.4/../../../../arm-none-eabi/lib\libc_s.a(lib_a-locale.o)
                0x20003840                _localeconv_r
 .text.malloc   0x2000384c       0x20 c:/isis/application/toolchain/bin/../lib/gcc/arm-none-eabi/4.7.4/../../../../arm-none-eabi/lib\libc_s.a(lib_a-malloc.o)
                0x2000384c                malloc
 .text.free     0x2000386c       0x20 c:/isis/application/toolchain/bin/../lib/gcc/arm-none-eabi/4.7.4/../../../../arm-none-eabi/lib\libc_s.a(lib_a-malloc.o)
                0x2000386c                free
 .text._malloc_r
                0x2000388c       0xfc c:/isis/application/toolchain/bin/../lib/gcc/arm-none-eabi/4.7.4/../../../../arm-none-eabi/lib\libc_s.a(lib_a-mallocr.o)
                0x2000388c                _malloc_r
 .text.memcpy   0x20003988       0x20 c:/isis/application/toolchain/bin/../lib/gcc/arm-none-eabi/4.7.4/../../../../arm-none-eabi/lib\libc_s.a(lib_a-memcpy.o)
                0x20003988                memcpy
 .text._Balloc  0x200039a8       0xcc c:/isis/application/toolchain/bin/../lib/gcc/arm-none-eabi/4.7.4/../../../../arm-none-eabi/lib\libc_s.a(lib_a-mprec.o)
                0x200039a8                _Balloc
 .text._Bfree   0x20003a74       0x5c c:/isis/application/toolchain/bin/../lib/gcc/arm-none-eabi/4.7.4/../../../../arm-none-eabi/lib\libc_s.a(lib_a-mprec.o)
                0x20003a74                _Bfree
 .text.__multadd
                0x20003ad0       0xbc c:/isis/application/toolchain/bin/../lib/gcc/arm-none-eabi/4.7.4/../../../../arm-none-eabi/lib\libc_s.a(lib_a-mprec.o)
                0x20003ad0                __multadd
 .text.__s2b    0x20003b8c       0xd8 c:/isis/application/toolchain/bin/../lib/gcc/arm-none-eabi/4.7.4/../../../../arm-none-eabi/lib\libc_s.a(lib_a-mprec.o)
                0x20003b8c                __s2b
 .text.__hi0bits
                0x20003c64       0x58 c:/isis/application/toolchain/bin/../lib/gcc/arm-none-eabi/4.7.4/../../../../arm-none-eabi/lib\libc_s.a(lib_a-mprec.o)
                0x20003c64                __hi0bits
 .text.__lo0bits
                0x20003cbc       0x94 c:/isis/application/toolchain/bin/../lib/gcc/arm-none-eabi/4.7.4/../../../../arm-none-eabi/lib\libc_s.a(lib_a-mprec.o)
                0x20003cbc                __lo0bits
 .text.__i2b    0x20003d50       0x24 c:/isis/application/toolchain/bin/../lib/gcc/arm-none-eabi/4.7.4/../../../../arm-none-eabi/lib\libc_s.a(lib_a-mprec.o)
                0x20003d50                __i2b
 .text.__multiply
                0x20003d74      0x1ac c:/isis/application/toolchain/bin/../lib/gcc/arm-none-eabi/4.7.4/../../../../arm-none-eabi/lib\libc_s.a(lib_a-mprec.o)
                0x20003d74                __multiply
 .text.__pow5mult
                0x20003f20      0x10c c:/isis/application/toolchain/bin/../lib/gcc/arm-none-eabi/4.7.4/../../../../arm-none-eabi/lib\libc_s.a(lib_a-mprec.o)
                0x20003f20                __pow5mult
 .text.__lshift
                0x2000402c       0xf0 c:/isis/application/toolchain/bin/../lib/gcc/arm-none-eabi/4.7.4/../../../../arm-none-eabi/lib\libc_s.a(lib_a-mprec.o)
                0x2000402c                __lshift
 .text.__mcmp   0x2000411c       0x60 c:/isis/application/toolchain/bin/../lib/gcc/arm-none-eabi/4.7.4/../../../../arm-none-eabi/lib\libc_s.a(lib_a-mprec.o)
                0x2000411c                __mcmp
 .text.__mdiff  0x2000417c      0x128 c:/isis/application/toolchain/bin/../lib/gcc/arm-none-eabi/4.7.4/../../../../arm-none-eabi/lib\libc_s.a(lib_a-mprec.o)
                0x2000417c                __mdiff
 .text.__ulp    0x200042a4       0x5c c:/isis/application/toolchain/bin/../lib/gcc/arm-none-eabi/4.7.4/../../../../arm-none-eabi/lib\libc_s.a(lib_a-mprec.o)
                0x200042a4                __ulp
 .text.__b2d    0x20004300       0xc8 c:/isis/application/toolchain/bin/../lib/gcc/arm-none-eabi/4.7.4/../../../../arm-none-eabi/lib\libc_s.a(lib_a-mprec.o)
                0x20004300                __b2d
 .text.__d2b    0x200043c8       0xfc c:/isis/application/toolchain/bin/../lib/gcc/arm-none-eabi/4.7.4/../../../../arm-none-eabi/lib\libc_s.a(lib_a-mprec.o)
                0x200043c8                __d2b
 .text.__ratio  0x200044c4       0x70 c:/isis/application/toolchain/bin/../lib/gcc/arm-none-eabi/4.7.4/../../../../arm-none-eabi/lib\libc_s.a(lib_a-mprec.o)
                0x200044c4                __ratio
 .text.__copybits
                0x20004534       0x4c c:/isis/application/toolchain/bin/../lib/gcc/arm-none-eabi/4.7.4/../../../../arm-none-eabi/lib\libc_s.a(lib_a-mprec.o)
                0x20004534                __copybits
 .text.__any_on
                0x20004580       0x7c c:/isis/application/toolchain/bin/../lib/gcc/arm-none-eabi/4.7.4/../../../../arm-none-eabi/lib\libc_s.a(lib_a-mprec.o)
                0x20004580                __any_on
 .text.__fpclassifyd
                0x200045fc       0x6c c:/isis/application/toolchain/bin/../lib/gcc/arm-none-eabi/4.7.4/../../../../arm-none-eabi/lib\libc_s.a(lib_a-s_fpclassify.o)
                0x200045fc                __fpclassifyd
 .text._sbrk_r  0x20004668       0x3c c:/isis/application/toolchain/bin/../lib/gcc/arm-none-eabi/4.7.4/../../../../arm-none-eabi/lib\libc_s.a(lib_a-sbrkr.o)
                0x20004668                _sbrk_r
 .text.nanf     0x200046a4        0xc c:/isis/application/toolchain/bin/../lib/gcc/arm-none-eabi/4.7.4/../../../../arm-none-eabi/lib\libc_s.a(lib_a-sf_nan.o)
                0x200046a4                nanf
 .text.sprintf  0x200046b0       0x6c c:/isis/application/toolchain/bin/../lib/gcc/arm-none-eabi/4.7.4/../../../../arm-none-eabi/lib\libc_s.a(lib_a-sprintf.o)
                0x200046b0                siprintf
                0x200046b0                sprintf
 .text.strcmp   0x2000471c       0x1c c:/isis/application/toolchain/bin/../lib/gcc/arm-none-eabi/4.7.4/../../../../arm-none-eabi/lib\libc_s.a(lib_a-strcmp.o)
                0x2000471c                strcmp
 .text.strlen   0x20004738       0x1c c:/isis/application/toolchain/bin/../lib/gcc/arm-none-eabi/4.7.4/../../../../arm-none-eabi/lib\libc_s.a(lib_a-strlen.o)
                0x20004738                strlen
 .text.match    0x20004754       0x54 c:/isis/application/toolchain/bin/../lib/gcc/arm-none-eabi/4.7.4/../../../../arm-none-eabi/lib\libc_s.a(lib_a-strtod.o)
 .text._strtod_r
                0x200047a8     0x1168 c:/isis/application/toolchain/bin/../lib/gcc/arm-none-eabi/4.7.4/../../../../arm-none-eabi/lib\libc_s.a(lib_a-strtod.o)
                0x200047a8                _strtod_r
 .text._strtol_r
                0x20005910      0x1b8 c:/isis/application/toolchain/bin/../lib/gcc/arm-none-eabi/4.7.4/../../../../arm-none-eabi/lib\libc_s.a(lib_a-strtol.o)
                0x20005910                _strtol_r
 .text.__ssputc_r
                0x20005ac8      0x10c c:/isis/application/toolchain/bin/../lib/gcc/arm-none-eabi/4.7.4/../../../../arm-none-eabi/lib\libc_s.a(lib_a-svfprintf.o)
                0x20005ac8                __ssputc_r
 .text._svfprintf_r
                0x20005bd4      0x328 c:/isis/application/toolchain/bin/../lib/gcc/arm-none-eabi/4.7.4/../../../../arm-none-eabi/lib\libc_s.a(lib_a-svfprintf.o)
                0x20005bd4                _svfiprintf_r
                0x20005bd4                _svfprintf_r
 .text._calloc_r
                0x20005efc       0x2c c:/isis/application/toolchain/bin/../lib/gcc/arm-none-eabi/4.7.4/../../../../arm-none-eabi/lib\libc_s.a(lib_a-callocr.o)
                0x20005efc                _calloc_r
 .text._free_r  0x20005f28      0x108 c:/isis/application/toolchain/bin/../lib/gcc/arm-none-eabi/4.7.4/../../../../arm-none-eabi/lib\libc_s.a(lib_a-freer.o)
                0x20005f28                _free_r
 .text.rshift   0x20006030       0xb0 c:/isis/application/toolchain/bin/../lib/gcc/arm-none-eabi/4.7.4/../../../../arm-none-eabi/lib\libc_s.a(lib_a-gdtoa-gethex.o)
 .text.htinit.constprop.0
                0x200060e0       0x34 c:/isis/application/toolchain/bin/../lib/gcc/arm-none-eabi/4.7.4/../../../../arm-none-eabi/lib\libc_s.a(lib_a-gdtoa-gethex.o)
 .text.__hexdig_init
                0x20006114       0x38 c:/isis/application/toolchain/bin/../lib/gcc/arm-none-eabi/4.7.4/../../../../arm-none-eabi/lib\libc_s.a(lib_a-gdtoa-gethex.o)
                0x20006114                __hexdig_init
 .text.__gethex
                0x2000614c      0x6cc c:/isis/application/toolchain/bin/../lib/gcc/arm-none-eabi/4.7.4/../../../../arm-none-eabi/lib\libc_s.a(lib_a-gdtoa-gethex.o)
                0x2000614c                __gethex
 .text.L_shift  0x20006818       0x38 c:/isis/application/toolchain/bin/../lib/gcc/arm-none-eabi/4.7.4/../../../../arm-none-eabi/lib\libc_s.a(lib_a-gdtoa-hexnan.o)
 .text.__hexnan
                0x20006850      0x1d8 c:/isis/application/toolchain/bin/../lib/gcc/arm-none-eabi/4.7.4/../../../../arm-none-eabi/lib\libc_s.a(lib_a-gdtoa-hexnan.o)
                0x20006850                __hexnan
 .text.memchr   0x20006a28       0x34 c:/isis/application/toolchain/bin/../lib/gcc/arm-none-eabi/4.7.4/../../../../arm-none-eabi/lib\libc_s.a(lib_a-memchr.o)
                0x20006a28                memchr
 .text.memset   0x20006a5c       0x1c c:/isis/application/toolchain/bin/../lib/gcc/arm-none-eabi/4.7.4/../../../../arm-none-eabi/lib\libc_s.a(lib_a-memset.o)
                0x20006a5c                memset
 .text._realloc_r
                0x20006a78       0x80 c:/isis/application/toolchain/bin/../lib/gcc/arm-none-eabi/4.7.4/../../../../arm-none-eabi/lib\libc_s.a(lib_a-reallocr.o)
                0x20006a78                _realloc_r
 .text.strncmp  0x20006af8       0x64 c:/isis/application/toolchain/bin/../lib/gcc/arm-none-eabi/4.7.4/../../../../arm-none-eabi/lib\libc_s.a(lib_a-strncmp.o)
                0x20006af8                strncmp
 .text._malloc_usable_size_r
                0x20006b5c       0x1c c:/isis/application/toolchain/bin/../lib/gcc/arm-none-eabi/4.7.4/../../../../arm-none-eabi/lib\libc_s.a(lib_a-msizer.o)
                0x20006b5c                _malloc_usable_size_r
 .text.EPS_Init
                0x20006b78       0x7c ./src/SubSystemModules/PowerManagment/EPS.o
                0x20006b78                EPS_Init
 .text._logg    0x20006bf4      0x328 ./src/SubSystemModules/Maintenance/Log.o
                0x20006bf4                _logg
 .text.logg     0x20006f1c       0xc4 ./src/SubSystemModules/Maintenance/Log.o
                0x20006f1c                logg
 .text.setLogLevel
                0x20006fe0       0x30 ./src/SubSystemModules/Maintenance/Log.o
                0x20006fe0                setLogLevel
 .text.initLog  0x20007010       0x34 ./src/SubSystemModules/Maintenance/Log.o
                0x20007010                initLog
 .text.getLastErrorMsgSize
                0x20007044       0x24 ./src/SubSystemModules/Maintenance/Log.o
                0x20007044                getLastErrorMsgSize
 .text.copyLastErrorMsg
                0x20007068       0x5c ./src/SubSystemModules/Maintenance/Log.o
                0x20007068                copyLastErrorMsg
 .text.CheckExecutionTime
                0x200070c4       0x90 ./src/SubSystemModules/Maintenance/Maintenance.o
                0x200070c4                CheckExecutionTime
 .text.SaveSatTimeInFRAM
                0x20007154       0x44 ./src/SubSystemModules/Maintenance/Maintenance.o
                0x20007154                SaveSatTimeInFRAM
 .text.IsFS_Corrupted
                0x20007198       0x48 ./src/SubSystemModules/Maintenance/Maintenance.o
                0x20007198                IsFS_Corrupted
 .text.WakeupFromResetCMD
                0x200071e0       0xfc ./src/SubSystemModules/Maintenance/Maintenance.o
                0x200071e0                WakeupFromResetCMD
 .text.ResetGroundCommWDT
                0x200072dc       0x1c ./src/SubSystemModules/Maintenance/Maintenance.o
                0x200072dc                ResetGroundCommWDT
 .text.IsGroundCommunicationWDTKick
                0x200072f8       0xd0 ./src/SubSystemModules/Maintenance/Maintenance.o
                0x200072f8                IsGroundCommunicationWDTKick
 .text.GetGsWdtKickTime
                0x200073c8       0x38 ./src/SubSystemModules/Maintenance/Maintenance.o
                0x200073c8                GetGsWdtKickTime
 .text.Maintenance
                0x20007400       0x48 ./src/SubSystemModules/Maintenance/Maintenance.o
                0x20007400                Maintenance
 .text.InitDump
                0x20007448       0xa0 ./src/SubSystemModules/Housekepping/Dump.o
                0x20007448                InitDump
 .text.FinishDump
                0x200074e8       0xd8 ./src/SubSystemModules/Housekepping/Dump.o
                0x200074e8                FinishDump
 .text.SendDumpAbortRequest
                0x200075c0       0xa0 ./src/SubSystemModules/Housekepping/Dump.o
                0x200075c0                SendDumpAbortRequest
 .text.CheckDumpAbort
                0x20007660       0x58 ./src/SubSystemModules/Housekepping/Dump.o
                0x20007660                CheckDumpAbort
 .text.getTelemetryMetaData
                0x200076b8       0x7c ./src/SubSystemModules/Housekepping/Dump.o
                0x200076b8                getTelemetryMetaData
 .text.send     0x20007734       0x94 ./src/SubSystemModules/Housekepping/Dump.o
                0x20007734                send
 .text.c_fileReadAndSend
                0x200077c8      0x41c ./src/SubSystemModules/Housekepping/Dump.o
                0x200077c8                c_fileReadAndSend
 .text.DumpStart
                0x20007be4      0x340 ./src/SubSystemModules/Housekepping/Dump.o
                0x20007be4                DumpStart
 .text.DumpTask
                0x20007f24       0x34 ./src/SubSystemModules/Housekepping/Dump.o
                0x20007f24                DumpTask
 .text.DumpTelemetry
                0x20007f58      0x1c4 ./src/SubSystemModules/Housekepping/Dump.o
                0x20007f58                DumpTelemetry
 .text.InitTelemetryCollector
                0x2000811c       0x28 ./src/SubSystemModules/Housekepping/TelemetryCollector.o
                0x2000811c                InitTelemetryCollector
 .text.GetTelemetryFilenameByType
                0x20008144      0x1a4 ./src/SubSystemModules/Housekepping/TelemetryCollector.o
                0x20008144                GetTelemetryFilenameByType
 .text.TelemetryCollectorLogic
                0x200082e8      0x13c ./src/SubSystemModules/Housekepping/TelemetryCollector.o
                0x200082e8                TelemetryCollectorLogic
 .text.TelemetryCreateFiles
                0x20008424      0x1e0 ./src/SubSystemModules/Housekepping/TelemetryCollector.o
                0x20008424                TelemetryCreateFiles
 .text.TelemetrySaveEPS
                0x20008604       0xb4 ./src/SubSystemModules/Housekepping/TelemetryCollector.o
                0x20008604                TelemetrySaveEPS
 .text.TelemetrySaveTRXVU
                0x200086b8       0x84 ./src/SubSystemModules/Housekepping/TelemetryCollector.o
                0x200086b8                TelemetrySaveTRXVU
 .text.TelemetrySaveANT
                0x2000873c       0x88 ./src/SubSystemModules/Housekepping/TelemetryCollector.o
                0x2000873c                TelemetrySaveANT
 .text.getSolarPanelsTLM
                0x200087c4       0xc0 ./src/SubSystemModules/Housekepping/TelemetryCollector.o
                0x200087c4                getSolarPanelsTLM
 .text.TelemetrySaveWOD
                0x20008884       0x4c ./src/SubSystemModules/Housekepping/TelemetryCollector.o
                0x20008884                TelemetrySaveWOD
 .text.GetCurrentWODTelemetry
                0x200088d0      0x78c ./src/SubSystemModules/Housekepping/TelemetryCollector.o
                0x200088d0                GetCurrentWODTelemetry
 .text.CMD_getEPS_TLM
                0x2000905c      0x11c ./src/SubSystemModules/Housekepping/TelemetryCollector.o
                0x2000905c                CMD_getEPS_TLM
 .text.CMD_getSolar_TLM
                0x20009178       0x68 ./src/SubSystemModules/Housekepping/TelemetryCollector.o
                0x20009178                CMD_getSolar_TLM
 .text.CMD_getTRXVU_TLM
                0x200091e0       0xf4 ./src/SubSystemModules/Housekepping/TelemetryCollector.o
                0x200091e0                CMD_getTRXVU_TLM
 .text.CMD_getAnts_TLM
                0x200092d4       0x84 ./src/SubSystemModules/Housekepping/TelemetryCollector.o
                0x200092d4                CMD_getAnts_TLM
 .text.CMD_EPS_ResetWDT
                0x20009358       0x3c ./src/SubSystemModules/Communication/SubsystemCommands/EPS_Commands.o
                0x20009358                CMD_EPS_ResetWDT
 .text.CMD_DeleteFileByTime
                0x20009394      0x108 ./src/SubSystemModules/Communication/SubsystemCommands/FS_Commands.o
                0x20009394                CMD_DeleteFileByTime
 .text.CMD_DeleteFilesOfType
                0x2000949c       0xa8 ./src/SubSystemModules/Communication/SubsystemCommands/FS_Commands.o
                0x2000949c                CMD_DeleteFilesOfType
 .text.CMD_DeleteFS
                0x20009544       0x24 ./src/SubSystemModules/Communication/SubsystemCommands/FS_Commands.o
                0x20009544                CMD_DeleteFS
 .text.CMD_GetLastFS_Error
                0x20009568       0x40 ./src/SubSystemModules/Communication/SubsystemCommands/FS_Commands.o
                0x20009568                CMD_GetLastFS_Error
 .text.CMD_FreeSpace
                0x200095a8       0x58 ./src/SubSystemModules/Communication/SubsystemCommands/FS_Commands.o
                0x200095a8                CMD_FreeSpace
 .text.CMD_isFS_Corrupt
                0x20009600       0x40 ./src/SubSystemModules/Communication/SubsystemCommands/FS_Commands.o
                0x20009600                CMD_isFS_Corrupt
 .text.CMD_GenericI2C
                0x20009640      0x15c ./src/SubSystemModules/Communication/SubsystemCommands/Maintanence_Commands.o
                0x20009640                CMD_GenericI2C
 .text.CMD_FRAM_ReadAndTransmitt
                0x2000979c      0x128 ./src/SubSystemModules/Communication/SubsystemCommands/Maintanence_Commands.o
                0x2000979c                CMD_FRAM_ReadAndTransmitt
 .text.CMD_FRAM_WriteAndTransmitt
                0x200098c4      0x138 ./src/SubSystemModules/Communication/SubsystemCommands/Maintanence_Commands.o
                0x200098c4                CMD_FRAM_WriteAndTransmitt
 .text.CMD_FRAM_Start
                0x200099fc       0x58 ./src/SubSystemModules/Communication/SubsystemCommands/Maintanence_Commands.o
                0x200099fc                CMD_FRAM_Start
 .text.CMD_FRAM_Stop
                0x20009a54       0x3c ./src/SubSystemModules/Communication/SubsystemCommands/Maintanence_Commands.o
                0x20009a54                CMD_FRAM_Stop
 .text.CMD_FRAM_Restart
                0x20009a90       0x40 ./src/SubSystemModules/Communication/SubsystemCommands/Maintanence_Commands.o
                0x20009a90                CMD_FRAM_Restart
 .text.CMD_UpdateSatTime
                0x20009ad0       0xb4 ./src/SubSystemModules/Communication/SubsystemCommands/Maintanence_Commands.o
                0x20009ad0                CMD_UpdateSatTime
 .text.CMD_GetSatTime
                0x20009b84       0x78 ./src/SubSystemModules/Communication/SubsystemCommands/Maintanence_Commands.o
                0x20009b84                CMD_GetSatTime
 .text.CMD_GetSatUptime
                0x20009bfc       0x60 ./src/SubSystemModules/Communication/SubsystemCommands/Maintanence_Commands.o
                0x20009bfc                CMD_GetSatUptime
 .text.CMD_AntennaDeploy
                0x20009c5c       0x40 ./src/SubSystemModules/Communication/SubsystemCommands/Maintanence_Commands.o
                0x20009c5c                CMD_AntennaDeploy
 .text.CMD_setLogLevel
                0x20009c9c       0x94 ./src/SubSystemModules/Communication/SubsystemCommands/Maintanence_Commands.o
                0x20009c9c                CMD_setLogLevel
 .text.CMD_SetTLM_CollectionCycle
                0x20009d30      0x1a0 ./src/SubSystemModules/Communication/SubsystemCommands/Maintanence_Commands.o
                0x20009d30                CMD_SetTLM_CollectionCycle
 .text.CMD_GetTLM_CollectionCycle
                0x20009ed0      0x170 ./src/SubSystemModules/Communication/SubsystemCommands/Maintanence_Commands.o
                0x20009ed0                CMD_GetTLM_CollectionCycle
 .text.CMD_ResetComponent
                0x2000a040      0x27c ./src/SubSystemModules/Communication/SubsystemCommands/Maintanence_Commands.o
                0x2000a040                CMD_ResetComponent
 .text.CMD_StartDump
                0x2000a2bc       0x34 ./src/SubSystemModules/Communication/SubsystemCommands/TRXVU_Commands.o
                0x2000a2bc                CMD_StartDump
 .text.CMD_SendDumpAbortRequest
                0x2000a2f0       0x24 ./src/SubSystemModules/Communication/SubsystemCommands/TRXVU_Commands.o
                0x2000a2f0                CMD_SendDumpAbortRequest
 .text.CMD_MuteTRXVU
                0x2000a314       0x5c ./src/SubSystemModules/Communication/SubsystemCommands/TRXVU_Commands.o
                0x2000a314                CMD_MuteTRXVU
 .text.CMD_UnMuteTRXVU
                0x2000a370       0x24 ./src/SubSystemModules/Communication/SubsystemCommands/TRXVU_Commands.o
                0x2000a370                CMD_UnMuteTRXVU
 .text.CMD_GetBeaconInterval
                0x2000a394       0x60 ./src/SubSystemModules/Communication/SubsystemCommands/TRXVU_Commands.o
                0x2000a394                CMD_GetBeaconInterval
 .text.CMD_GetTxUptime
                0x2000a3f4       0x58 ./src/SubSystemModules/Communication/SubsystemCommands/TRXVU_Commands.o
                0x2000a3f4                CMD_GetTxUptime
 .text.CMD_GetRxUptime
                0x2000a44c       0x58 ./src/SubSystemModules/Communication/SubsystemCommands/TRXVU_Commands.o
                0x2000a44c                CMD_GetRxUptime
 .text.CMD_GetNumOfOnlineCommands
                0x2000a4a4       0x58 ./src/SubSystemModules/Communication/SubsystemCommands/TRXVU_Commands.o
                0x2000a4a4                CMD_GetNumOfOnlineCommands
 .text.CMD_AntSetArmStatus
                0x2000a4fc       0x80 ./src/SubSystemModules/Communication/SubsystemCommands/TRXVU_Commands.o
                0x2000a4fc                CMD_AntSetArmStatus
 .text.CMD_AntGetArmStatus
                0x2000a57c       0x64 ./src/SubSystemModules/Communication/SubsystemCommands/TRXVU_Commands.o
                0x2000a57c                CMD_AntGetArmStatus
 .text.CMD_AntGetUptime
                0x2000a5e0       0x6c ./src/SubSystemModules/Communication/SubsystemCommands/TRXVU_Commands.o
                0x2000a5e0                CMD_AntGetUptime
 .text.CMD_AntCancelDeployment
                0x2000a64c       0x48 ./src/SubSystemModules/Communication/SubsystemCommands/TRXVU_Commands.o
                0x2000a64c                CMD_AntCancelDeployment
 .text.CMD_AntStopAutoDeployment
                0x2000a694       0x48 ./src/SubSystemModules/Communication/SubsystemCommands/TRXVU_Commands.o
                0x2000a694                CMD_AntStopAutoDeployment
 .text.SendAckPacket
                0x2000a6dc       0xa8 ./src/SubSystemModules/Communication/AckHandler.o
                0x2000a6dc                SendAckPacket
 .text.SendErrorMSG
                0x2000a784       0xc4 ./src/SubSystemModules/Communication/AckHandler.o
                0x2000a784                SendErrorMSG
 .text.ActUponCommand
                0x2000a848      0x1ac ./src/SubSystemModules/Communication/ActUponCommand.o
                0x2000a848                ActUponCommand
 .text.InitBeaconParams
                0x2000a9f4       0x74 ./src/SubSystemModules/Communication/Beacon.o
                0x2000a9f4                InitBeaconParams
 .text.BeaconLogic
                0x2000aa68      0x184 ./src/SubSystemModules/Communication/Beacon.o
                0x2000aa68                BeaconLogic
 .text.UpdateBeaconInterval
                0x2000abec       0xe8 ./src/SubSystemModules/Communication/Beacon.o
                0x2000abec                UpdateBeaconInterval
 .text.trxvu_command_router
                0x2000acd4      0x484 ./src/SubSystemModules/Communication/CommandDictionary.o
                0x2000acd4                trxvu_command_router
 .text.eps_command_router
                0x2000b158       0xa4 ./src/SubSystemModules/Communication/CommandDictionary.o
                0x2000b158                eps_command_router
 .text.telemetry_command_router
                0x2000b1fc       0xd4 ./src/SubSystemModules/Communication/CommandDictionary.o
                0x2000b1fc                telemetry_command_router
 .text.managment_command_router
                0x2000b2d0      0x300 ./src/SubSystemModules/Communication/CommandDictionary.o
                0x2000b2d0                managment_command_router
 .text.filesystem_command_router
                0x2000b5d0      0x10c ./src/SubSystemModules/Communication/CommandDictionary.o
                0x2000b5d0                filesystem_command_router
 .text.ParseDataToCommand
                0x2000b6dc      0x268 ./src/SubSystemModules/Communication/SatCommandHandler.o
                0x2000b6dc                ParseDataToCommand
 .text.AssembleCommand
                0x2000b944      0x1f8 ./src/SubSystemModules/Communication/SatCommandHandler.o
                0x2000b944                AssembleCommand
 .text.GetOnlineCommand
                0x2000bb3c      0x104 ./src/SubSystemModules/Communication/SatCommandHandler.o
                0x2000bb3c                GetOnlineCommand
 .text.InitTxModule
                0x2000bc40       0xec ./src/SubSystemModules/Communication/SatDataTx.o
                0x2000bc40                InitTxModule
 .text.muteTRXVU
                0x2000bd2c       0xbc ./src/SubSystemModules/Communication/SatDataTx.o
                0x2000bd2c                muteTRXVU
 .text.UnMuteTRXVU
                0x2000bde8       0x60 ./src/SubSystemModules/Communication/SatDataTx.o
                0x2000bde8                UnMuteTRXVU
 .text.GetMuteFlag
                0x2000be48       0x24 ./src/SubSystemModules/Communication/SatDataTx.o
                0x2000be48                GetMuteFlag
 .text.CheckForMuteEnd
                0x2000be6c       0x70 ./src/SubSystemModules/Communication/SatDataTx.o
                0x2000be6c                CheckForMuteEnd
 .text.GetNumberOfFramesInBuffer
                0x2000bedc       0x4c ./src/SubSystemModules/Communication/SatDataTx.o
                0x2000bedc                GetNumberOfFramesInBuffer
 .text.CheckTransmitionAllowed
                0x2000bf28       0x98 ./src/SubSystemModules/Communication/SatDataTx.o
                0x2000bf28                CheckTransmitionAllowed
 .text.TransmitDataAsSPL_Packet
                0x2000bfc0      0x13c ./src/SubSystemModules/Communication/SatDataTx.o
                0x2000bfc0                TransmitDataAsSPL_Packet
 .text.TransmitSplPacket
                0x2000c0fc       0xec ./src/SubSystemModules/Communication/SatDataTx.o
                0x2000c0fc                TransmitSplPacket
 .text.setLastAntsAutoDeploymentTime
                0x2000c1e8       0x3c ./src/SubSystemModules/Communication/TRXVU.o
                0x2000c1e8                setLastAntsAutoDeploymentTime
 .text.SetIdleOff
                0x2000c224       0x98 ./src/SubSystemModules/Communication/TRXVU.o
                0x2000c224                SetIdleOff
 .text.HandleOpenAnts
                0x2000c2bc       0x54 ./src/SubSystemModules/Communication/TRXVU.o
                0x2000c2bc                HandleOpenAnts
 .text.HandleIdleAndMuteTime
                0x2000c310       0x8c ./src/SubSystemModules/Communication/TRXVU.o
                0x2000c310                HandleIdleAndMuteTime
 .text.HandleTransponderTime
                0x2000c39c       0x30 ./src/SubSystemModules/Communication/TRXVU.o
                0x2000c39c                HandleTransponderTime
 .text.InitAnts
                0x2000c3cc       0x74 ./src/SubSystemModules/Communication/TRXVU.o
                0x2000c3cc                InitAnts
 .text.InitTrxvu
                0x2000c440      0x120 ./src/SubSystemModules/Communication/TRXVU.o
                0x2000c440                InitTrxvu
 .text.TRX_Logic
                0x2000c560      0x168 ./src/SubSystemModules/Communication/TRXVU.o
                0x2000c560                TRX_Logic
 .text.CMD_SetIdleOn
                0x2000c6c8       0xf8 ./src/SubSystemModules/Communication/TRXVU.o
                0x2000c6c8                CMD_SetIdleOn
 .text.CMD_SetIdleOff
                0x2000c7c0       0x28 ./src/SubSystemModules/Communication/TRXVU.o
                0x2000c7c0                CMD_SetIdleOff
 .text.areAntennasOpen
                0x2000c7e8       0x7c ./src/SubSystemModules/Communication/TRXVU.o
                0x2000c7e8                areAntennasOpen
 .text.initTransponder
                0x2000c864      0x100 ./src/SubSystemModules/Communication/Transponder.o
                0x2000c864                initTransponder
 .text.set_transonder_mode
                0x2000c964       0xcc ./src/SubSystemModules/Communication/Transponder.o
                0x2000c964                set_transonder_mode
 .text.set_transponder_RSSI
                0x2000ca30       0x58 ./src/SubSystemModules/Communication/Transponder.o
                0x2000ca30                set_transponder_RSSI
 .text.CMD_turnOnTransponder
                0x2000ca88      0x1a4 ./src/SubSystemModules/Communication/Transponder.o
                0x2000ca88                CMD_turnOnTransponder
 .text.CMD_set_transponder_RSSI
                0x2000cc2c       0xc4 ./src/SubSystemModules/Communication/Transponder.o
                0x2000cc2c                CMD_set_transponder_RSSI
 .text.CMD_turnOffTransponder
                0x2000ccf0       0x74 ./src/SubSystemModules/Communication/Transponder.o
                0x2000ccf0                CMD_turnOffTransponder
 .text.getTransponderMode
                0x2000cd64       0x24 ./src/SubSystemModules/Communication/Transponder.o
                0x2000cd64                getTransponderMode
 .text.checkEndTransponderMode
                0x2000cd88       0x80 ./src/SubSystemModules/Communication/Transponder.o
                0x2000cd88                checkEndTransponderMode
 .text.getDuration
                0x2000ce08       0x80 ./src/SubSystemModules/Communication/Transponder.o
                0x2000ce08                getDuration
 .text.isFirstActivation
                0x2000ce88       0x74 ./src/InitSystem.o
                0x2000ce88                isFirstActivation
 .text.firstActivationProcedure
                0x2000cefc      0x15c ./src/InitSystem.o
                0x2000cefc                firstActivationProcedure
 .text.StartFRAM
                0x2000d058       0x18 ./src/InitSystem.o
                0x2000d058                StartFRAM
 .text.StartI2C
                0x2000d070       0x24 ./src/InitSystem.o
                0x2000d070                StartI2C
 .text.StartSPI
                0x2000d094       0x20 ./src/InitSystem.o
                0x2000d094                StartSPI
 .text.StartTIME
                0x2000d0b4       0xd4 ./src/InitSystem.o
                0x2000d0b4                StartTIME
 .text.autoDeploy
                0x2000d188      0x194 ./src/InitSystem.o
                0x2000d188                autoDeploy
 .text.DeploySystem
                0x2000d31c       0x58 ./src/InitSystem.o
                0x2000d31c                DeploySystem
 .text.InitSubsystems
                0x2000d374      0x2d8 ./src/InitSystem.o
                0x2000d374                InitSubsystems
 .text.getSdIndex
                0x2000d64c       0x44 ./src/TLM_management.o
 .text.setSdIndex
                0x2000d690       0x4c ./src/TLM_management.o
 .text.sd_format
                0x2000d6dc       0x28 ./src/TLM_management.o
                0x2000d6dc                sd_format
 .text.getNumOfFilesInFS
                0x2000d704       0x44 ./src/TLM_management.o
 .text.setNumOfFilesInFS
                0x2000d748       0x48 ./src/TLM_management.o
 .text.f_managed_enterFS
                0x2000d790       0x18 ./src/TLM_management.o
                0x2000d790                f_managed_enterFS
 .text.f_managed_open
                0x2000d7a8       0x60 ./src/TLM_management.o
                0x2000d7a8                f_managed_open
 .text.f_managed_close
                0x2000d808       0x3c ./src/TLM_management.o
                0x2000d808                f_managed_close
 .text.createSemahores_FS
                0x2000d844       0x78 ./src/TLM_management.o
                0x2000d844                createSemahores_FS
 .text.formatAndCreateFiles
                0x2000d8bc       0x68 ./src/TLM_management.o
                0x2000d8bc                formatAndCreateFiles
 .text.InitializeFS
                0x2000d924      0x150 ./src/TLM_management.o
                0x2000d924                InitializeFS
 .text.c_fileCreate
                0x2000da74      0x138 ./src/TLM_management.o
                0x2000da74                c_fileCreate
 .text.writewithEpochtime
                0x2000dbac       0x90 ./src/TLM_management.o
 .text.write    0x2000dc3c       0x3c ./src/TLM_management.o
 .text.get_C_FILE_struct
                0x2000dc78       0xf0 ./src/TLM_management.o
                0x2000dc78                get_C_FILE_struct
 .text.getFileIndex
                0x2000dd68       0x84 ./src/TLM_management.o
                0x2000dd68                getFileIndex
 .text.get_file_name_by_index
                0x2000ddec       0x44 ./src/TLM_management.o
                0x2000ddec                get_file_name_by_index
 .text.c_fileWrite
                0x2000de30       0x38 ./src/TLM_management.o
                0x2000de30                c_fileWrite
 .text._c_fileWrite
                0x2000de68      0x194 ./src/TLM_management.o
                0x2000de68                _c_fileWrite
 .text.deleteElementsFromFile
                0x2000dffc      0x1a0 ./src/TLM_management.o
 .text.c_fileGetSizeOfElement
                0x2000e19c       0x5c ./src/TLM_management.o
                0x2000e19c                c_fileGetSizeOfElement
 .text.c_fileDeleteElements
                0x2000e1f8      0x158 ./src/TLM_management.o
                0x2000e1f8                c_fileDeleteElements
 .text.DeInitializeFS
                0x2000e350       0x78 ./src/TLM_management.o
                0x2000e350                DeInitializeFS
 .text.taskMain
                0x2000e3c8       0x28 ./src/main.o
                0x2000e3c8                taskMain
 .text.main     0x2000e3f0       0xa0 ./src/main.o
                0x2000e3f0                main
 .text.ADC_ConvertRaw10bitToMillivolt
                0x2000e490       0x50 C:/TEVEL/GivatShmuel/Base-Aug-2019/GlobusSatProject/..//hal/hal/lib\libHALD.a(ADC.o)
                0x2000e490                ADC_ConvertRaw10bitToMillivolt
 .text.ADC_SingleShot
                0x2000e4e0      0x230 C:/TEVEL/GivatShmuel/Base-Aug-2019/GlobusSatProject/..//hal/hal/lib\libHALD.a(ADC.o)
                0x2000e4e0                ADC_SingleShot
 .text.validateTransferParameters
                0x2000e710      0x10c C:/TEVEL/GivatShmuel/Base-Aug-2019/GlobusSatProject/..//hal/hal/lib\libHALD.a(I2C.o)
 .text.I2C_queueTransfer
                0x2000e81c       0xe8 C:/TEVEL/GivatShmuel/Base-Aug-2019/GlobusSatProject/..//hal/hal/lib\libHALD.a(I2C.o)
                0x2000e81c                I2C_queueTransfer
 .text.I2C_internalCallback
                0x2000e904       0x64 C:/TEVEL/GivatShmuel/Base-Aug-2019/GlobusSatProject/..//hal/hal/lib\libHALD.a(I2C.o)
 .text.I2C_doBlockingTransfer
                0x2000e968      0x160 C:/TEVEL/GivatShmuel/Base-Aug-2019/GlobusSatProject/..//hal/hal/lib\libHALD.a(I2C.o)
 .text.I2C_write
                0x2000eac8      0x110 C:/TEVEL/GivatShmuel/Base-Aug-2019/GlobusSatProject/..//hal/hal/lib\libHALD.a(I2C.o)
                0x2000eac8                I2C_write
 .text.I2C_read
                0x2000ebd8      0x110 C:/TEVEL/GivatShmuel/Base-Aug-2019/GlobusSatProject/..//hal/hal/lib\libHALD.a(I2C.o)
                0x2000ebd8                I2C_read
 .text.I2C_writeRead
                0x2000ece8      0x180 C:/TEVEL/GivatShmuel/Base-Aug-2019/GlobusSatProject/..//hal/hal/lib\libHALD.a(I2C.o)
                0x2000ece8                I2C_writeRead
 .text.I2C_start
                0x2000ee68      0x2e8 C:/TEVEL/GivatShmuel/Base-Aug-2019/GlobusSatProject/..//hal/hal/lib\libHALD.a(I2C.o)
                0x2000ee68                I2C_start
 .text.I2C_stop
                0x2000f150      0x184 C:/TEVEL/GivatShmuel/Base-Aug-2019/GlobusSatProject/..//hal/hal/lib\libHALD.a(I2C.o)
                0x2000f150                I2C_stop
 .text.I2C_setTransferTimeout
                0x2000f2d4       0x48 C:/TEVEL/GivatShmuel/Base-Aug-2019/GlobusSatProject/..//hal/hal/lib\libHALD.a(I2C.o)
                0x2000f2d4                I2C_setTransferTimeout
 .text.clearPDCtransfers
                0x2000f31c       0xdc C:/TEVEL/GivatShmuel/Base-Aug-2019/GlobusSatProject/..//hal/hal/lib\libHALD.a(SPI.o)
 .text.SPI_start
                0x2000f3f8      0x4c0 C:/TEVEL/GivatShmuel/Base-Aug-2019/GlobusSatProject/..//hal/hal/lib\libHALD.a(SPI.o)
                0x2000f3f8                SPI_start
 .text.SPI_stop
                0x2000f8b8      0x22c C:/TEVEL/GivatShmuel/Base-Aug-2019/GlobusSatProject/..//hal/hal/lib\libHALD.a(SPI.o)
                0x2000f8b8                SPI_stop
 .text.SPI_queueTransfer
                0x2000fae4      0x190 C:/TEVEL/GivatShmuel/Base-Aug-2019/GlobusSatProject/..//hal/hal/lib\libHALD.a(SPI.o)
                0x2000fae4                SPI_queueTransfer
 .text.SPI_internalCallback
                0x2000fc74       0x64 C:/TEVEL/GivatShmuel/Base-Aug-2019/GlobusSatProject/..//hal/hal/lib\libHALD.a(SPI.o)
 .text.SPI_writeRead
                0x2000fcd8      0x188 C:/TEVEL/GivatShmuel/Base-Aug-2019/GlobusSatProject/..//hal/hal/lib\libHALD.a(SPI.o)
                0x2000fcd8                SPI_writeRead
 .text.waitForTransfer
                0x2000fe60       0x68 C:/TEVEL/GivatShmuel/Base-Aug-2019/GlobusSatProject/..//hal/hal/lib\libHALD.a(SPI.o)
 .text.SPI_getDriverState
                0x2000fec8       0x58 C:/TEVEL/GivatShmuel/Base-Aug-2019/GlobusSatProject/..//hal/hal/lib\libHALD.a(SPI.o)
                0x2000fec8                SPI_getDriverState
 .text.FRAM_start
                0x2000ff20       0xf4 C:/TEVEL/GivatShmuel/Base-Aug-2019/GlobusSatProject/..//hal/hal/lib\libHALD.a(FRAM.o)
                0x2000ff20                FRAM_start
 .text.FRAM_stop
                0x20010014       0x6c C:/TEVEL/GivatShmuel/Base-Aug-2019/GlobusSatProject/..//hal/hal/lib\libHALD.a(FRAM.o)
                0x20010014                FRAM_stop
 .text.FRAM_dummyCallback
                0x20010080       0x24 C:/TEVEL/GivatShmuel/Base-Aug-2019/GlobusSatProject/..//hal/hal/lib\libHALD.a(FRAM.o)
                0x20010080                FRAM_dummyCallback
 .text.FRAM_unlockingCallback
                0x200100a4       0x78 C:/TEVEL/GivatShmuel/Base-Aug-2019/GlobusSatProject/..//hal/hal/lib\libHALD.a(FRAM.o)
                0x200100a4                FRAM_unlockingCallback
 .text.doBlockingTransfer
                0x2001011c       0x88 C:/TEVEL/GivatShmuel/Base-Aug-2019/GlobusSatProject/..//hal/hal/lib\libHALD.a(FRAM.o)
 .text.FRAM_writePacket
                0x200101a4      0x148 C:/TEVEL/GivatShmuel/Base-Aug-2019/GlobusSatProject/..//hal/hal/lib\libHALD.a(FRAM.o)
 .text.FRAM_write
                0x200102ec      0x1c8 C:/TEVEL/GivatShmuel/Base-Aug-2019/GlobusSatProject/..//hal/hal/lib\libHALD.a(FRAM.o)
                0x200102ec                FRAM_write
 .text.FRAM_readPacket
                0x200104b4      0x114 C:/TEVEL/GivatShmuel/Base-Aug-2019/GlobusSatProject/..//hal/hal/lib\libHALD.a(FRAM.o)
 .text.FRAM_read
                0x200105c8      0x1d4 C:/TEVEL/GivatShmuel/Base-Aug-2019/GlobusSatProject/..//hal/hal/lib\libHALD.a(FRAM.o)
                0x200105c8                FRAM_read
 .text.Time_start
                0x2001079c      0x150 C:/TEVEL/GivatShmuel/Base-Aug-2019/GlobusSatProject/..//hal/hal/lib\libHALD.a(Time.o)
                0x2001079c                Time_start
 .text.taskTimeSync
                0x200108ec       0x38 C:/TEVEL/GivatShmuel/Base-Aug-2019/GlobusSatProject/..//hal/hal/lib\libHALD.a(Time.o)
 .text.Time_set
                0x20010924      0x278 C:/TEVEL/GivatShmuel/Base-Aug-2019/GlobusSatProject/..//hal/hal/lib\libHALD.a(Time.o)
                0x20010924                Time_set
 .text.Time_isLeapYear
                0x20010b9c       0x98 C:/TEVEL/GivatShmuel/Base-Aug-2019/GlobusSatProject/..//hal/hal/lib\libHALD.a(Time.o)
                0x20010b9c                Time_isLeapYear
 .text.Time_get
                0x20010c34      0x410 C:/TEVEL/GivatShmuel/Base-Aug-2019/GlobusSatProject/..//hal/hal/lib\libHALD.a(Time.o)
                0x20010c34                Time_get
 .text.Time_getUnixEpoch
                0x20011044       0xf4 C:/TEVEL/GivatShmuel/Base-Aug-2019/GlobusSatProject/..//hal/hal/lib\libHALD.a(Time.o)
                0x20011044                Time_getUnixEpoch
 .text.secondsOfYearToTime
                0x20011138      0x328 C:/TEVEL/GivatShmuel/Base-Aug-2019/GlobusSatProject/..//hal/hal/lib\libHALD.a(Time.o)
 .text.Time_setUnixEpoch
                0x20011460      0x100 C:/TEVEL/GivatShmuel/Base-Aug-2019/GlobusSatProject/..//hal/hal/lib\libHALD.a(Time.o)
                0x20011460                Time_setUnixEpoch
 .text.Time_getUptimeSeconds
                0x20011560       0x28 C:/TEVEL/GivatShmuel/Base-Aug-2019/GlobusSatProject/..//hal/hal/lib\libHALD.a(Time.o)
                0x20011560                Time_getUptimeSeconds
 .text.Time_sync
                0x20011588      0x2b8 C:/TEVEL/GivatShmuel/Base-Aug-2019/GlobusSatProject/..//hal/hal/lib\libHALD.a(Time.o)
                0x20011588                Time_sync
 .text.Time_syncIfNeeded
                0x20011840       0x70 C:/TEVEL/GivatShmuel/Base-Aug-2019/GlobusSatProject/..//hal/hal/lib\libHALD.a(Time.o)
                0x20011840                Time_syncIfNeeded
 .text.Time_setSyncInterval
                0x200118b0       0x38 C:/TEVEL/GivatShmuel/Base-Aug-2019/GlobusSatProject/..//hal/hal/lib\libHALD.a(Time.o)
                0x200118b0                Time_setSyncInterval
 .text.WDT_start
                0x200118e8       0x48 C:/TEVEL/GivatShmuel/Base-Aug-2019/GlobusSatProject/..//hal/hal/lib\libHALD.a(WatchDogTimerNoOS.o)
                0x200118e8                WDT_start
 .text.WDT_startWatchdogKickTask
                0x20011930       0xb4 C:/TEVEL/GivatShmuel/Base-Aug-2019/GlobusSatProject/..//hal/hal/lib\libHALD.a(WatchDogTimerOS.o)
                0x20011930                WDT_startWatchdogKickTask
 .text.WDT_forceKickEveryNms
                0x200119e4       0x50 C:/TEVEL/GivatShmuel/Base-Aug-2019/GlobusSatProject/..//hal/hal/lib\libHALD.a(WatchDogTimerOS.o)
                0x200119e4                WDT_forceKickEveryNms
 .text.LED_glow
                0x20011a34       0x58 C:/TEVEL/GivatShmuel/Base-Aug-2019/GlobusSatProject/..//hal/hal/lib\libHALD.a(LED.o)
                0x20011a34                LED_glow
 .text.LED_dark
                0x20011a8c       0x58 C:/TEVEL/GivatShmuel/Base-Aug-2019/GlobusSatProject/..//hal/hal/lib\libHALD.a(LED.o)
                0x20011a8c                LED_dark
 .text.LED_toggle
                0x20011ae4       0x50 C:/TEVEL/GivatShmuel/Base-Aug-2019/GlobusSatProject/..//hal/hal/lib\libHALD.a(LED.o)
                0x20011ae4                LED_toggle
 .text.RTC_start
                0x20011b34       0x3c C:/TEVEL/GivatShmuel/Base-Aug-2019/GlobusSatProject/..//hal/hal/lib\libHALD.a(RTC.o)
                0x20011b34                RTC_start
 .text.RTC_setTime
                0x20011b70      0x2a4 C:/TEVEL/GivatShmuel/Base-Aug-2019/GlobusSatProject/..//hal/hal/lib\libHALD.a(RTC.o)
                0x20011b70                RTC_setTime
 .text.RTC_getTime
                0x20011e14      0x224 C:/TEVEL/GivatShmuel/Base-Aug-2019/GlobusSatProject/..//hal/hal/lib\libHALD.a(RTC.o)
                0x20011e14                RTC_getTime
 .text.RTC_checkTimeValid
                0x20012038       0xdc C:/TEVEL/GivatShmuel/Base-Aug-2019/GlobusSatProject/..//hal/hal/lib\libHALD.a(RTC.o)
                0x20012038                RTC_checkTimeValid
 .text.RTT_start
                0x20012114       0x24 C:/TEVEL/GivatShmuel/Base-Aug-2019/GlobusSatProject/..//hal/hal/lib\libHALD.a(RTT.o)
                0x20012114                RTT_start
 .text.fn_init  0x20012138      0x2e0 C:/TEVEL/GivatShmuel/Base-Aug-2019/GlobusSatProject/..//hal/hcc/lib\libHCCD.a(fat_common.o)
                0x20012138                fn_init
 .text.fsn_delete
                0x20012418       0xc8 C:/TEVEL/GivatShmuel/Base-Aug-2019/GlobusSatProject/..//hal/hcc/lib\libHCCD.a(fat_common.o)
                0x20012418                fsn_delete
 .text._f_get16bitl
                0x200124e0       0x4c C:/TEVEL/GivatShmuel/Base-Aug-2019/GlobusSatProject/..//hal/hcc/lib\libHCCD.a(fat_common.o)
                0x200124e0                _f_get16bitl
 .text._f_set16bitl
                0x2001252c       0x54 C:/TEVEL/GivatShmuel/Base-Aug-2019/GlobusSatProject/..//hal/hcc/lib\libHCCD.a(fat_common.o)
                0x2001252c                _f_set16bitl
 .text._f_get32bitl
                0x20012580       0x68 C:/TEVEL/GivatShmuel/Base-Aug-2019/GlobusSatProject/..//hal/hcc/lib\libHCCD.a(fat_common.o)
                0x20012580                _f_get32bitl
 .text._f_set32bitl
                0x200125e8       0x78 C:/TEVEL/GivatShmuel/Base-Aug-2019/GlobusSatProject/..//hal/hcc/lib\libHCCD.a(fat_common.o)
                0x200125e8                _f_set32bitl
 .text._get8bit
                0x20012660       0xa0 C:/TEVEL/GivatShmuel/Base-Aug-2019/GlobusSatProject/..//hal/hcc/lib\libHCCD.a(fat_common.o)
 .text._get16bitl
                0x20012700       0x40 C:/TEVEL/GivatShmuel/Base-Aug-2019/GlobusSatProject/..//hal/hcc/lib\libHCCD.a(fat_common.o)
 .text._get32bitl
                0x20012740       0x3c C:/TEVEL/GivatShmuel/Base-Aug-2019/GlobusSatProject/..//hal/hcc/lib\libHCCD.a(fat_common.o)
 .text._set8bitzero
                0x2001277c       0x6c C:/TEVEL/GivatShmuel/Base-Aug-2019/GlobusSatProject/..//hal/hcc/lib\libHCCD.a(fat_common.o)
 .text._set8bit
                0x200127e8       0xa0 C:/TEVEL/GivatShmuel/Base-Aug-2019/GlobusSatProject/..//hal/hcc/lib\libHCCD.a(fat_common.o)
 .text._set16bitl
                0x20012888       0x3c C:/TEVEL/GivatShmuel/Base-Aug-2019/GlobusSatProject/..//hal/hcc/lib\libHCCD.a(fat_common.o)
 .text._set32bitl
                0x200128c4       0x34 C:/TEVEL/GivatShmuel/Base-Aug-2019/GlobusSatProject/..//hal/hcc/lib\libHCCD.a(fat_common.o)
 .text._f_setcardremoved
                0x200128f8       0x94 C:/TEVEL/GivatShmuel/Base-Aug-2019/GlobusSatProject/..//hal/hcc/lib\libHCCD.a(fat_common.o)
 .text._f_checkstatus
                0x2001298c      0x104 C:/TEVEL/GivatShmuel/Base-Aug-2019/GlobusSatProject/..//hal/hcc/lib\libHCCD.a(fat_common.o)
                0x2001298c                _f_checkstatus
 .text._f_drvgetphy
                0x20012a90      0x114 C:/TEVEL/GivatShmuel/Base-Aug-2019/GlobusSatProject/..//hal/hcc/lib\libHCCD.a(fat_common.o)
 .text._f_drvwritesector
                0x20012ba4       0xdc C:/TEVEL/GivatShmuel/Base-Aug-2019/GlobusSatProject/..//hal/hcc/lib\libHCCD.a(fat_common.o)
 .text._f_drvreadsector
                0x20012c80       0xa8 C:/TEVEL/GivatShmuel/Base-Aug-2019/GlobusSatProject/..//hal/hcc/lib\libHCCD.a(fat_common.o)
 .text._f_writesector
                0x20012d28      0x23c C:/TEVEL/GivatShmuel/Base-Aug-2019/GlobusSatProject/..//hal/hcc/lib\libHCCD.a(fat_common.o)
                0x20012d28                _f_writesector
 .text._f_readsector
                0x20012f64      0x1dc C:/TEVEL/GivatShmuel/Base-Aug-2019/GlobusSatProject/..//hal/hcc/lib\libHCCD.a(fat_common.o)
                0x20012f64                _f_readsector
 .text._f_getmaxcluster
                0x20013140       0x94 C:/TEVEL/GivatShmuel/Base-Aug-2019/GlobusSatProject/..//hal/hcc/lib\libHCCD.a(fat_common.o)
                0x20013140                _f_getmaxcluster
 .text._getsectorfromcluster
                0x200131d4       0x68 C:/TEVEL/GivatShmuel/Base-Aug-2019/GlobusSatProject/..//hal/hcc/lib\libHCCD.a(fat_common.o)
 .text._f_buildsectors
                0x2001323c      0x268 C:/TEVEL/GivatShmuel/Base-Aug-2019/GlobusSatProject/..//hal/hcc/lib\libHCCD.a(fat_common.o)
 .text._f_getbootrecord
                0x200134a4      0x5e4 C:/TEVEL/GivatShmuel/Base-Aug-2019/GlobusSatProject/..//hal/hcc/lib\libHCCD.a(fat_common.o)
 .text._f_readbootrecord
                0x20013a88      0x4f8 C:/TEVEL/GivatShmuel/Base-Aug-2019/GlobusSatProject/..//hal/hcc/lib\libHCCD.a(fat_common.o)
 .text._f_writebootrecord
                0x20013f80      0x5e4 C:/TEVEL/GivatShmuel/Base-Aug-2019/GlobusSatProject/..//hal/hcc/lib\libHCCD.a(fat_common.o)
 .text._f_flushcffiles
                0x20014564      0x17c C:/TEVEL/GivatShmuel/Base-Aug-2019/GlobusSatProject/..//hal/hcc/lib\libHCCD.a(fat_common.o)
                0x20014564                _f_flushcffiles
 .text._f_fatcache_flush
                0x200146e0      0x270 C:/TEVEL/GivatShmuel/Base-Aug-2019/GlobusSatProject/..//hal/hcc/lib\libHCCD.a(fat_common.o)
                0x200146e0                _f_fatcache_flush
 .text._f_writefatsector
                0x20014950      0x100 C:/TEVEL/GivatShmuel/Base-Aug-2019/GlobusSatProject/..//hal/hcc/lib\libHCCD.a(fat_common.o)
                0x20014950                _f_writefatsector
 .text._f_getfatsector
                0x20014a50      0x3bc C:/TEVEL/GivatShmuel/Base-Aug-2019/GlobusSatProject/..//hal/hcc/lib\libHCCD.a(fat_common.o)
 .text._f_setclustervalue
                0x20014e0c      0x490 C:/TEVEL/GivatShmuel/Base-Aug-2019/GlobusSatProject/..//hal/hcc/lib\libHCCD.a(fat_common.o)
                0x20014e0c                _f_setclustervalue
 .text._f_getclustervalue
                0x2001529c      0x388 C:/TEVEL/GivatShmuel/Base-Aug-2019/GlobusSatProject/..//hal/hcc/lib\libHCCD.a(fat_common.o)
                0x2001529c                _f_getclustervalue
 .text._f_close_drive_files
                0x20015624       0xac C:/TEVEL/GivatShmuel/Base-Aug-2019/GlobusSatProject/..//hal/hcc/lib\libHCCD.a(fat_common.o)
 .text._f_inc_mount_count
                0x200156d0       0xa4 C:/TEVEL/GivatShmuel/Base-Aug-2019/GlobusSatProject/..//hal/hcc/lib\libHCCD.a(fat_common.o)
 .text._f_getvolume
                0x20015774      0x2f8 C:/TEVEL/GivatShmuel/Base-Aug-2019/GlobusSatProject/..//hal/hcc/lib\libHCCD.a(fat_common.o)
                0x20015774                _f_getvolume
 .text.fn_createdriver
                0x20015a6c      0x118 C:/TEVEL/GivatShmuel/Base-Aug-2019/GlobusSatProject/..//hal/hcc/lib\libHCCD.a(fat_common.o)
                0x20015a6c                fn_createdriver
 .text.fn_initvolume
                0x20015b84      0x12c C:/TEVEL/GivatShmuel/Base-Aug-2019/GlobusSatProject/..//hal/hcc/lib\libHCCD.a(fat_common.o)
                0x20015b84                fn_initvolume
 .text.fn_releasedriver
                0x20015cb0       0xf4 C:/TEVEL/GivatShmuel/Base-Aug-2019/GlobusSatProject/..//hal/hcc/lib\libHCCD.a(fat_common.o)
                0x20015cb0                fn_releasedriver
 .text.fn_initvolumepartition_sub
                0x20015da4       0xe0 C:/TEVEL/GivatShmuel/Base-Aug-2019/GlobusSatProject/..//hal/hcc/lib\libHCCD.a(fat_common.o)
 .text.fn_initvolumepartition
                0x20015e84       0xac C:/TEVEL/GivatShmuel/Base-Aug-2019/GlobusSatProject/..//hal/hcc/lib\libHCCD.a(fat_common.o)
                0x20015e84                fn_initvolumepartition
 .text.fn_delvolume
                0x20015f30      0x194 C:/TEVEL/GivatShmuel/Base-Aug-2019/GlobusSatProject/..//hal/hcc/lib\libHCCD.a(fat_common.o)
                0x20015f30                fn_delvolume
 .text._f_clustertopos
                0x200160c4       0xf8 C:/TEVEL/GivatShmuel/Base-Aug-2019/GlobusSatProject/..//hal/hcc/lib\libHCCD.a(fat_common.o)
                0x200160c4                _f_clustertopos
 .text._f_prepareformat
                0x200161bc      0x8b8 C:/TEVEL/GivatShmuel/Base-Aug-2019/GlobusSatProject/..//hal/hcc/lib\libHCCD.a(fat_common.o)
 .text._f_resetfatentries
                0x20016a74      0x410 C:/TEVEL/GivatShmuel/Base-Aug-2019/GlobusSatProject/..//hal/hcc/lib\libHCCD.a(fat_common.o)
 .text._f_resetrootdir
                0x20016e84       0xcc C:/TEVEL/GivatShmuel/Base-Aug-2019/GlobusSatProject/..//hal/hcc/lib\libHCCD.a(fat_common.o)
 .text._f_postformat
                0x20016f50      0x178 C:/TEVEL/GivatShmuel/Base-Aug-2019/GlobusSatProject/..//hal/hcc/lib\libHCCD.a(fat_common.o)
 .text.fn_format
                0x200170c8      0x148 C:/TEVEL/GivatShmuel/Base-Aug-2019/GlobusSatProject/..//hal/hcc/lib\libHCCD.a(fat_common.o)
                0x200170c8                fn_format
 .text._f_getcurrsector
                0x20017210      0x6c8 C:/TEVEL/GivatShmuel/Base-Aug-2019/GlobusSatProject/..//hal/hcc/lib\libHCCD.a(fat_common.o)
                0x20017210                _f_getcurrsector
 .text._f_getdecluster
                0x200178d8       0x90 C:/TEVEL/GivatShmuel/Base-Aug-2019/GlobusSatProject/..//hal/hcc/lib\libHCCD.a(fat_common.o)
                0x200178d8                _f_getdecluster
 .text._f_setdecluster
                0x20017968       0x8c C:/TEVEL/GivatShmuel/Base-Aug-2019/GlobusSatProject/..//hal/hcc/lib\libHCCD.a(fat_common.o)
                0x20017968                _f_setdecluster
 .text.fn_getdrive
                0x200179f4       0x30 C:/TEVEL/GivatShmuel/Base-Aug-2019/GlobusSatProject/..//hal/hcc/lib\libHCCD.a(fat_common.o)
                0x200179f4                fn_getdrive
 .text._f_getcurrenttimedate
                0x20017a24      0x138 C:/TEVEL/GivatShmuel/Base-Aug-2019/GlobusSatProject/..//hal/hcc/lib\libHCCD.a(fat_common.o)
                0x20017a24                _f_getcurrenttimedate
 .text._f_initentry
                0x20017b5c       0xa0 C:/TEVEL/GivatShmuel/Base-Aug-2019/GlobusSatProject/..//hal/hcc/lib\libHCCD.a(fat_common.o)
                0x20017b5c                _f_initentry
 .text._f_alloccluster
                0x20017bfc      0x344 C:/TEVEL/GivatShmuel/Base-Aug-2019/GlobusSatProject/..//hal/hcc/lib\libHCCD.a(fat_common.o)
                0x20017bfc                _f_alloccluster
 .text._f_dobadblock
                0x20017f40      0x2cc C:/TEVEL/GivatShmuel/Base-Aug-2019/GlobusSatProject/..//hal/hcc/lib\libHCCD.a(fat_common.o)
                0x20017f40                _f_dobadblock
 .text._f_checklocked
                0x2001820c       0xe4 C:/TEVEL/GivatShmuel/Base-Aug-2019/GlobusSatProject/..//hal/hcc/lib\libHCCD.a(fat_common.o)
                0x2001820c                _f_checklocked
 .text._f_checkappendlocked
                0x200182f0      0x110 C:/TEVEL/GivatShmuel/Base-Aug-2019/GlobusSatProject/..//hal/hcc/lib\libHCCD.a(fat_common.o)
                0x200182f0                _f_checkappendlocked
 .text._f_setsyncafile
                0x20018400      0x114 C:/TEVEL/GivatShmuel/Base-Aug-2019/GlobusSatProject/..//hal/hcc/lib\libHCCD.a(fat_common.o)
                0x20018400                _f_setsyncafile
 .text._f_syncfiles
                0x20018514      0x128 C:/TEVEL/GivatShmuel/Base-Aug-2019/GlobusSatProject/..//hal/hcc/lib\libHCCD.a(fat_common.o)
                0x20018514                _f_syncfiles
 .text._f_syncfilescontent
                0x2001863c      0x15c C:/TEVEL/GivatShmuel/Base-Aug-2019/GlobusSatProject/..//hal/hcc/lib\libHCCD.a(fat_common.o)
 .text.fn_getfreespace
                0x20018798      0x4c0 C:/TEVEL/GivatShmuel/Base-Aug-2019/GlobusSatProject/..//hal/hcc/lib\libHCCD.a(fat_common.o)
                0x20018798                fn_getfreespace
 .text._f_emptywritecache
                0x20018c58      0x4a4 C:/TEVEL/GivatShmuel/Base-Aug-2019/GlobusSatProject/..//hal/hcc/lib\libHCCD.a(fat_common.o)
 .text._f_allocnextcluster
                0x200190fc      0x54c C:/TEVEL/GivatShmuel/Base-Aug-2019/GlobusSatProject/..//hal/hcc/lib\libHCCD.a(fat_common.o)
 .text._f_emptywritebuffer
                0x20019648      0x20c C:/TEVEL/GivatShmuel/Base-Aug-2019/GlobusSatProject/..//hal/hcc/lib\libHCCD.a(fat_common.o)
 .text._f_writezeros
                0x20019854       0xf0 C:/TEVEL/GivatShmuel/Base-Aug-2019/GlobusSatProject/..//hal/hcc/lib\libHCCD.a(fat_common.o)
                0x20019854                _f_writezeros
 .text._f_extend_file
                0x20019944      0x570 C:/TEVEL/GivatShmuel/Base-Aug-2019/GlobusSatProject/..//hal/hcc/lib\libHCCD.a(fat_common.o)
 .text._f_fseek
                0x20019eb4      0x9bc C:/TEVEL/GivatShmuel/Base-Aug-2019/GlobusSatProject/..//hal/hcc/lib\libHCCD.a(fat_common.o)
                0x20019eb4                _f_fseek
 .text._f_removechain
                0x2001a870      0x104 C:/TEVEL/GivatShmuel/Base-Aug-2019/GlobusSatProject/..//hal/hcc/lib\libHCCD.a(fat_common.o)
                0x2001a870                _f_removechain
 .text._f_updatefileentry
                0x2001a974      0x1cc C:/TEVEL/GivatShmuel/Base-Aug-2019/GlobusSatProject/..//hal/hcc/lib\libHCCD.a(fat_common.o)
 .text._f_checkreadlocked
                0x2001ab40      0x1bc C:/TEVEL/GivatShmuel/Base-Aug-2019/GlobusSatProject/..//hal/hcc/lib\libHCCD.a(fat_common.o)
                0x2001ab40                _f_checkreadlocked
 .text._f_check_handle
                0x2001acfc       0x98 C:/TEVEL/GivatShmuel/Base-Aug-2019/GlobusSatProject/..//hal/hcc/lib\libHCCD.a(fat_common.o)
                0x2001acfc                _f_check_handle
 .text._f_removesyncafile
                0x2001ad94      0x1ec C:/TEVEL/GivatShmuel/Base-Aug-2019/GlobusSatProject/..//hal/hcc/lib\libHCCD.a(fat_common.o)
 .text.fn_close
                0x2001af80      0x3f8 C:/TEVEL/GivatShmuel/Base-Aug-2019/GlobusSatProject/..//hal/hcc/lib\libHCCD.a(fat_common.o)
                0x2001af80                fn_close
 .text.fn_flush
                0x2001b378      0x374 C:/TEVEL/GivatShmuel/Base-Aug-2019/GlobusSatProject/..//hal/hcc/lib\libHCCD.a(fat_common.o)
                0x2001b378                fn_flush
 .text.fn_read  0x2001b6ec      0x690 C:/TEVEL/GivatShmuel/Base-Aug-2019/GlobusSatProject/..//hal/hcc/lib\libHCCD.a(fat_common.o)
                0x2001b6ec                fn_read
 .text._f_abortwrite
                0x2001bd7c      0x100 C:/TEVEL/GivatShmuel/Base-Aug-2019/GlobusSatProject/..//hal/hcc/lib\libHCCD.a(fat_common.o)
 .text._f_checkwritecluster
                0x2001be7c       0xe4 C:/TEVEL/GivatShmuel/Base-Aug-2019/GlobusSatProject/..//hal/hcc/lib\libHCCD.a(fat_common.o)
 .text.fn_write
                0x2001bf60      0x8a8 C:/TEVEL/GivatShmuel/Base-Aug-2019/GlobusSatProject/..//hal/hcc/lib\libHCCD.a(fat_common.o)
                0x2001bf60                fn_write
 .text.fn_seek  0x2001c808      0x270 C:/TEVEL/GivatShmuel/Base-Aug-2019/GlobusSatProject/..//hal/hcc/lib\libHCCD.a(fat_common.o)
                0x2001c808                fn_seek
 .text.f_enterFS
                0x2001ca78      0x1c0 C:/TEVEL/GivatShmuel/Base-Aug-2019/GlobusSatProject/..//hal/hcc/lib\libHCCD.a(fat_common.o)
                0x2001ca78                f_enterFS
 .text.fnGetTask
                0x2001cc38       0xfc C:/TEVEL/GivatShmuel/Base-Aug-2019/GlobusSatProject/..//hal/hcc/lib\libHCCD.a(fat_common.o)
                0x2001cc38                fnGetTask
 .text._f_mutex_get
                0x2001cd34       0x98 C:/TEVEL/GivatShmuel/Base-Aug-2019/GlobusSatProject/..//hal/hcc/lib\libHCCD.a(fat_common.o)
                0x2001cd34                _f_mutex_get
 .text._f_mutex_put
                0x2001cdcc       0x54 C:/TEVEL/GivatShmuel/Base-Aug-2019/GlobusSatProject/..//hal/hcc/lib\libHCCD.a(fat_common.o)
                0x2001cdcc                _f_mutex_put
 .text._fn_initseekdivisor
                0x2001ce20      0x158 C:/TEVEL/GivatShmuel/Base-Aug-2019/GlobusSatProject/..//hal/hcc/lib\libHCCD.a(fat_common.o)
                0x2001ce20                _fn_initseekdivisor
 .text._fn_updateseekpos
                0x2001cf78       0xc4 C:/TEVEL/GivatShmuel/Base-Aug-2019/GlobusSatProject/..//hal/hcc/lib\libHCCD.a(fat_common.o)
 .text._f_findopensize
                0x2001d03c       0x2c C:/TEVEL/GivatShmuel/Base-Aug-2019/GlobusSatProject/..//hal/hcc/lib\libHCCD.a(fat_common.o)
                0x2001d03c                _f_findopensize
 .text.fn_setlasterror
                0x2001d068       0x34 C:/TEVEL/GivatShmuel/Base-Aug-2019/GlobusSatProject/..//hal/hcc/lib\libHCCD.a(fat_common.o)
                0x2001d068                fn_setlasterror
 .text.fn_setlasterror_noret
                0x2001d09c       0x2c C:/TEVEL/GivatShmuel/Base-Aug-2019/GlobusSatProject/..//hal/hcc/lib\libHCCD.a(fat_common.o)
                0x2001d09c                fn_setlasterror_noret
 .text.fm_initvolume
                0x2001d0c8       0x70 C:/TEVEL/GivatShmuel/Base-Aug-2019/GlobusSatProject/..//hal/hcc/lib\libHCCD.a(fat_m.o)
                0x2001d0c8                fm_initvolume
 .text.fm_delvolume
                0x2001d138       0x60 C:/TEVEL/GivatShmuel/Base-Aug-2019/GlobusSatProject/..//hal/hcc/lib\libHCCD.a(fat_m.o)
                0x2001d138                fm_delvolume
 .text.fm_format
                0x2001d198       0x68 C:/TEVEL/GivatShmuel/Base-Aug-2019/GlobusSatProject/..//hal/hcc/lib\libHCCD.a(fat_m.o)
                0x2001d198                fm_format
 .text.fm_getdrive
                0x2001d200       0x70 C:/TEVEL/GivatShmuel/Base-Aug-2019/GlobusSatProject/..//hal/hcc/lib\libHCCD.a(fat_m.o)
                0x2001d200                fm_getdrive
 .text.fm_getfreespace
                0x2001d270       0x68 C:/TEVEL/GivatShmuel/Base-Aug-2019/GlobusSatProject/..//hal/hcc/lib\libHCCD.a(fat_m.o)
                0x2001d270                fm_getfreespace
 .text.fm_mkdir
                0x2001d2d8       0x60 C:/TEVEL/GivatShmuel/Base-Aug-2019/GlobusSatProject/..//hal/hcc/lib\libHCCD.a(fat_m.o)
                0x2001d2d8                fm_mkdir
 .text.fm_rename
                0x2001d338       0x68 C:/TEVEL/GivatShmuel/Base-Aug-2019/GlobusSatProject/..//hal/hcc/lib\libHCCD.a(fat_m.o)
                0x2001d338                fm_rename
 .text.fm_filelength
                0x2001d3a0       0x60 C:/TEVEL/GivatShmuel/Base-Aug-2019/GlobusSatProject/..//hal/hcc/lib\libHCCD.a(fat_m.o)
                0x2001d3a0                fm_filelength
 .text.fm_close
                0x2001d400       0x60 C:/TEVEL/GivatShmuel/Base-Aug-2019/GlobusSatProject/..//hal/hcc/lib\libHCCD.a(fat_m.o)
                0x2001d400                fm_close
 .text.fm_flush
                0x2001d460       0x60 C:/TEVEL/GivatShmuel/Base-Aug-2019/GlobusSatProject/..//hal/hcc/lib\libHCCD.a(fat_m.o)
                0x2001d460                fm_flush
 .text.fm_open  0x2001d4c0       0x68 C:/TEVEL/GivatShmuel/Base-Aug-2019/GlobusSatProject/..//hal/hcc/lib\libHCCD.a(fat_m.o)
                0x2001d4c0                fm_open
 .text.fm_read  0x2001d528       0x7c C:/TEVEL/GivatShmuel/Base-Aug-2019/GlobusSatProject/..//hal/hcc/lib\libHCCD.a(fat_m.o)
                0x2001d528                fm_read
 .text.fm_write
                0x2001d5a4       0x7c C:/TEVEL/GivatShmuel/Base-Aug-2019/GlobusSatProject/..//hal/hcc/lib\libHCCD.a(fat_m.o)
                0x2001d5a4                fm_write
 .text.fm_seek  0x2001d620       0x70 C:/TEVEL/GivatShmuel/Base-Aug-2019/GlobusSatProject/..//hal/hcc/lib\libHCCD.a(fat_m.o)
                0x2001d620                fm_seek
 .text.fm_delete
                0x2001d690       0x64 C:/TEVEL/GivatShmuel/Base-Aug-2019/GlobusSatProject/..//hal/hcc/lib\libHCCD.a(fat_m.o)
                0x2001d690                fm_delete
 .text.fm_getlasterror
                0x2001d6f4       0x40 C:/TEVEL/GivatShmuel/Base-Aug-2019/GlobusSatProject/..//hal/hcc/lib\libHCCD.a(fat_m.o)
                0x2001d6f4                fm_getlasterror
 .text._s_checkzeroclusteratend
                0x2001d734       0xf8 C:/TEVEL/GivatShmuel/Base-Aug-2019/GlobusSatProject/..//hal/hcc/lib\libHCCD.a(safefat.o)
 .text._s_clearclustercontent
                0x2001d82c      0x108 C:/TEVEL/GivatShmuel/Base-Aug-2019/GlobusSatProject/..//hal/hcc/lib\libHCCD.a(safefat.o)
 .text._s_clearclustercontentdir
                0x2001d934      0x19c C:/TEVEL/GivatShmuel/Base-Aug-2019/GlobusSatProject/..//hal/hcc/lib\libHCCD.a(safefat.o)
 .text._s_writedirsector
                0x2001dad0       0xd0 C:/TEVEL/GivatShmuel/Base-Aug-2019/GlobusSatProject/..//hal/hcc/lib\libHCCD.a(safefat.o)
 .text._s_getdirsector
                0x2001dba0      0x100 C:/TEVEL/GivatShmuel/Base-Aug-2019/GlobusSatProject/..//hal/hcc/lib\libHCCD.a(safefat.o)
 .text._s_addentry
                0x2001dca0      0x394 C:/TEVEL/GivatShmuel/Base-Aug-2019/GlobusSatProject/..//hal/hcc/lib\libHCCD.a(safefat.o)
 .text._s_findfile
                0x2001e034      0x33c C:/TEVEL/GivatShmuel/Base-Aug-2019/GlobusSatProject/..//hal/hcc/lib\libHCCD.a(safefat.o)
 .text._s_findsubdir
                0x2001e370      0x248 C:/TEVEL/GivatShmuel/Base-Aug-2019/GlobusSatProject/..//hal/hcc/lib\libHCCD.a(safefat.o)
 .text._s_createfile
                0x2001e5b8      0x190 C:/TEVEL/GivatShmuel/Base-Aug-2019/GlobusSatProject/..//hal/hcc/lib\libHCCD.a(safefat.o)
 .text._s_findsaffile
                0x2001e748      0x1b8 C:/TEVEL/GivatShmuel/Base-Aug-2019/GlobusSatProject/..//hal/hcc/lib\libHCCD.a(safefat.o)
 .text._s_open  0x2001e900       0xe4 C:/TEVEL/GivatShmuel/Base-Aug-2019/GlobusSatProject/..//hal/hcc/lib\libHCCD.a(safefat.o)
 .text._s_open_saf
                0x2001e9e4       0xe8 C:/TEVEL/GivatShmuel/Base-Aug-2019/GlobusSatProject/..//hal/hcc/lib\libHCCD.a(safefat.o)
 .text._s_flush
                0x2001eacc       0x84 C:/TEVEL/GivatShmuel/Base-Aug-2019/GlobusSatProject/..//hal/hcc/lib\libHCCD.a(safefat.o)
 .text._s_allocnextcluster
                0x2001eb50      0x13c C:/TEVEL/GivatShmuel/Base-Aug-2019/GlobusSatProject/..//hal/hcc/lib\libHCCD.a(safefat.o)
 .text._s_getnextsector
                0x2001ec8c       0xdc C:/TEVEL/GivatShmuel/Base-Aug-2019/GlobusSatProject/..//hal/hcc/lib\libHCCD.a(safefat.o)
 .text._s_seek  0x2001ed68      0x1e8 C:/TEVEL/GivatShmuel/Base-Aug-2019/GlobusSatProject/..//hal/hcc/lib\libHCCD.a(safefat.o)
 .text._s_get_len
                0x2001ef50      0x10c C:/TEVEL/GivatShmuel/Base-Aug-2019/GlobusSatProject/..//hal/hcc/lib\libHCCD.a(safefat.o)
 .text._s_set_len
                0x2001f05c       0xb4 C:/TEVEL/GivatShmuel/Base-Aug-2019/GlobusSatProject/..//hal/hcc/lib\libHCCD.a(safefat.o)
 .text.safe_fix_filelengths
                0x2001f110       0xcc C:/TEVEL/GivatShmuel/Base-Aug-2019/GlobusSatProject/..//hal/hcc/lib\libHCCD.a(safefat.o)
                0x2001f110                safe_fix_filelengths
 .text._s_read  0x2001f1dc      0x228 C:/TEVEL/GivatShmuel/Base-Aug-2019/GlobusSatProject/..//hal/hcc/lib\libHCCD.a(safefat.o)
 .text._s_write
                0x2001f404      0x384 C:/TEVEL/GivatShmuel/Base-Aug-2019/GlobusSatProject/..//hal/hcc/lib\libHCCD.a(safefat.o)
 .text._s_restoreclusters
                0x2001f788      0x270 C:/TEVEL/GivatShmuel/Base-Aug-2019/GlobusSatProject/..//hal/hcc/lib\libHCCD.a(safefat.o)
                0x2001f788                _s_restoreclusters
 .text._s_findrestore
                0x2001f9f8      0x18c C:/TEVEL/GivatShmuel/Base-Aug-2019/GlobusSatProject/..//hal/hcc/lib\libHCCD.a(safefat.o)
 .text._s_cmd_writede
                0x2001fb84       0xd8 C:/TEVEL/GivatShmuel/Base-Aug-2019/GlobusSatProject/..//hal/hcc/lib\libHCCD.a(safefat.o)
 .text._s_cmd_setcluster
                0x2001fc5c       0x88 C:/TEVEL/GivatShmuel/Base-Aug-2019/GlobusSatProject/..//hal/hcc/lib\libHCCD.a(safefat.o)
 .text._s_cmd_deletechain
                0x2001fce4      0x100 C:/TEVEL/GivatShmuel/Base-Aug-2019/GlobusSatProject/..//hal/hcc/lib\libHCCD.a(safefat.o)
 .text._s_cmd_validatecfn
                0x2001fde4      0x308 C:/TEVEL/GivatShmuel/Base-Aug-2019/GlobusSatProject/..//hal/hcc/lib\libHCCD.a(safefat.o)
 .text._s_cmd_seteof
                0x200200ec      0x3c4 C:/TEVEL/GivatShmuel/Base-Aug-2019/GlobusSatProject/..//hal/hcc/lib\libHCCD.a(safefat.o)
 .text.safe_docommands
                0x200204b0      0x56c C:/TEVEL/GivatShmuel/Base-Aug-2019/GlobusSatProject/..//hal/hcc/lib\libHCCD.a(safefat.o)
                0x200204b0                safe_docommands
 .text.safe_entercommand
                0x20020a1c       0x68 C:/TEVEL/GivatShmuel/Base-Aug-2019/GlobusSatProject/..//hal/hcc/lib\libHCCD.a(safefat.o)
                0x20020a1c                safe_entercommand
 .text.safe_ready
                0x20020a84       0xf4 C:/TEVEL/GivatShmuel/Base-Aug-2019/GlobusSatProject/..//hal/hcc/lib\libHCCD.a(safefat.o)
                0x20020a84                safe_ready
 .text.safe_copycfn
                0x20020b78       0xb8 C:/TEVEL/GivatShmuel/Base-Aug-2019/GlobusSatProject/..//hal/hcc/lib\libHCCD.a(safefat.o)
                0x20020b78                safe_copycfn
 .text.safe_cfremove
                0x20020c30       0xb8 C:/TEVEL/GivatShmuel/Base-Aug-2019/GlobusSatProject/..//hal/hcc/lib\libHCCD.a(safefat.o)
                0x20020c30                safe_cfremove
 .text.safe_writede
                0x20020ce8      0x104 C:/TEVEL/GivatShmuel/Base-Aug-2019/GlobusSatProject/..//hal/hcc/lib\libHCCD.a(safefat.o)
                0x20020ce8                safe_writede
 .text.safe_setcluster
                0x20020dec       0xcc C:/TEVEL/GivatShmuel/Base-Aug-2019/GlobusSatProject/..//hal/hcc/lib\libHCCD.a(safefat.o)
                0x20020dec                safe_setcluster
 .text.safe_deletechain
                0x20020eb8      0x1c8 C:/TEVEL/GivatShmuel/Base-Aug-2019/GlobusSatProject/..//hal/hcc/lib\libHCCD.a(safefat.o)
                0x20020eb8                safe_deletechain
 .text.safe_cfclose
                0x20021080      0x104 C:/TEVEL/GivatShmuel/Base-Aug-2019/GlobusSatProject/..//hal/hcc/lib\libHCCD.a(safefat.o)
                0x20021080                safe_cfclose
 .text.safe_cfflush
                0x20021184      0x124 C:/TEVEL/GivatShmuel/Base-Aug-2019/GlobusSatProject/..//hal/hcc/lib\libHCCD.a(safefat.o)
                0x20021184                safe_cfflush
 .text.safe_reset
                0x200212a8       0x78 C:/TEVEL/GivatShmuel/Base-Aug-2019/GlobusSatProject/..//hal/hcc/lib\libHCCD.a(safefat.o)
                0x200212a8                safe_reset
 .text.safe_loadcommands
                0x20021320       0x78 C:/TEVEL/GivatShmuel/Base-Aug-2019/GlobusSatProject/..//hal/hcc/lib\libHCCD.a(safefat.o)
                0x20021320                safe_loadcommands
 .text.safe_poweron
                0x20021398      0x1fc C:/TEVEL/GivatShmuel/Base-Aug-2019/GlobusSatProject/..//hal/hcc/lib\libHCCD.a(safefat.o)
                0x20021398                safe_poweron
 .text.cf_getname
                0x20021594       0xc0 C:/TEVEL/GivatShmuel/Base-Aug-2019/GlobusSatProject/..//hal/hcc/lib\libHCCD.a(safefat.o)
 .text.cf_copyclusterchain
                0x20021654      0x138 C:/TEVEL/GivatShmuel/Base-Aug-2019/GlobusSatProject/..//hal/hcc/lib\libHCCD.a(safefat.o)
 .text.cf_seektozero
                0x2002178c       0x94 C:/TEVEL/GivatShmuel/Base-Aug-2019/GlobusSatProject/..//hal/hcc/lib\libHCCD.a(safefat.o)
                0x2002178c                cf_seektozero
 .text.cf_create
                0x20021820      0x3a8 C:/TEVEL/GivatShmuel/Base-Aug-2019/GlobusSatProject/..//hal/hcc/lib\libHCCD.a(safefat.o)
                0x20021820                cf_create
 .text.cf_copyclustercontent
                0x20021bc8      0x128 C:/TEVEL/GivatShmuel/Base-Aug-2019/GlobusSatProject/..//hal/hcc/lib\libHCCD.a(safefat.o)
                0x20021bc8                cf_copyclustercontent
 .text.cf_copycfn
                0x20021cf0      0x4bc C:/TEVEL/GivatShmuel/Base-Aug-2019/GlobusSatProject/..//hal/hcc/lib\libHCCD.a(safefat.o)
                0x20021cf0                cf_copycfn
 .text.cf_remove
                0x200221ac      0x344 C:/TEVEL/GivatShmuel/Base-Aug-2019/GlobusSatProject/..//hal/hcc/lib\libHCCD.a(safefat.o)
                0x200221ac                cf_remove
 .text.cf_setclusternew
                0x200224f0       0xf0 C:/TEVEL/GivatShmuel/Base-Aug-2019/GlobusSatProject/..//hal/hcc/lib\libHCCD.a(safefat.o)
                0x200224f0                cf_setclusternew
 .text.cf_flush
                0x200225e0       0x58 C:/TEVEL/GivatShmuel/Base-Aug-2019/GlobusSatProject/..//hal/hcc/lib\libHCCD.a(safefat.o)
                0x200225e0                cf_flush
 .text.cf_getcluster
                0x20022638      0x1b4 C:/TEVEL/GivatShmuel/Base-Aug-2019/GlobusSatProject/..//hal/hcc/lib\libHCCD.a(safefat.o)
                0x20022638                cf_getcluster
 .text.cf_setnextcluster
                0x200227ec      0x194 C:/TEVEL/GivatShmuel/Base-Aug-2019/GlobusSatProject/..//hal/hcc/lib\libHCCD.a(safefat.o)
                0x200227ec                cf_setnextcluster
 .text.cf_getpositions
                0x20022980       0xbc C:/TEVEL/GivatShmuel/Base-Aug-2019/GlobusSatProject/..//hal/hcc/lib\libHCCD.a(safefat.o)
                0x20022980                cf_getpositions
 .text.cf_setpositions
                0x20022a3c       0xb0 C:/TEVEL/GivatShmuel/Base-Aug-2019/GlobusSatProject/..//hal/hcc/lib\libHCCD.a(safefat.o)
                0x20022a3c                cf_setpositions
 .text.cf_opensyncafile
                0x20022aec      0x150 C:/TEVEL/GivatShmuel/Base-Aug-2019/GlobusSatProject/..//hal/hcc/lib\libHCCD.a(safefat.o)
                0x20022aec                cf_opensyncafile
 .text.cf_reloadcfo
                0x20022c3c       0xd8 C:/TEVEL/GivatShmuel/Base-Aug-2019/GlobusSatProject/..//hal/hcc/lib\libHCCD.a(safefat.o)
                0x20022c3c                cf_reloadcfo
 .text.mcipdc_cmd
                0x20022d14      0x22c C:/TEVEL/GivatShmuel/Base-Aug-2019/GlobusSatProject/..//hal/hcc/lib\libHCCD.a(atmel_mcipdc.o)
 .text.mcipdc_stop
                0x20022f40       0xfc C:/TEVEL/GivatShmuel/Base-Aug-2019/GlobusSatProject/..//hal/hcc/lib\libHCCD.a(atmel_mcipdc.o)
                0x20022f40                mcipdc_stop
 .text.mcipdc_read
                0x2002303c      0x27c C:/TEVEL/GivatShmuel/Base-Aug-2019/GlobusSatProject/..//hal/hcc/lib\libHCCD.a(atmel_mcipdc.o)
 .text.mcipdc_write
                0x200232b8      0x298 C:/TEVEL/GivatShmuel/Base-Aug-2019/GlobusSatProject/..//hal/hcc/lib\libHCCD.a(atmel_mcipdc.o)
 .text.mcipdc_readsector
                0x20023550       0x9c C:/TEVEL/GivatShmuel/Base-Aug-2019/GlobusSatProject/..//hal/hcc/lib\libHCCD.a(atmel_mcipdc.o)
                0x20023550                mcipdc_readsector
 .text.mcipdc_readmultiplesector
                0x200235ec      0x124 C:/TEVEL/GivatShmuel/Base-Aug-2019/GlobusSatProject/..//hal/hcc/lib\libHCCD.a(atmel_mcipdc.o)
                0x200235ec                mcipdc_readmultiplesector
 .text.mcipdc_writesector
                0x20023710       0x90 C:/TEVEL/GivatShmuel/Base-Aug-2019/GlobusSatProject/..//hal/hcc/lib\libHCCD.a(atmel_mcipdc.o)
                0x20023710                mcipdc_writesector
 .text.mcipdc_writemultiplesector
                0x200237a0      0x120 C:/TEVEL/GivatShmuel/Base-Aug-2019/GlobusSatProject/..//hal/hcc/lib\libHCCD.a(atmel_mcipdc.o)
                0x200237a0                mcipdc_writemultiplesector
 .text.mcipdc_set_speed
                0x200238c0       0xb0 C:/TEVEL/GivatShmuel/Base-Aug-2019/GlobusSatProject/..//hal/hcc/lib\libHCCD.a(atmel_mcipdc.o)
 .text.mcipdc_get_speed
                0x20023970       0x48 C:/TEVEL/GivatShmuel/Base-Aug-2019/GlobusSatProject/..//hal/hcc/lib\libHCCD.a(atmel_mcipdc.o)
 .text._get_csd_bits
                0x200239b8      0x14c C:/TEVEL/GivatShmuel/Base-Aug-2019/GlobusSatProject/..//hal/hcc/lib\libHCCD.a(atmel_mcipdc.o)
 .text.mcipdc_initcard
                0x20023b04      0x8f4 C:/TEVEL/GivatShmuel/Base-Aug-2019/GlobusSatProject/..//hal/hcc/lib\libHCCD.a(atmel_mcipdc.o)
 .text.mcipdc_getstatus
                0x200243f8       0xe8 C:/TEVEL/GivatShmuel/Base-Aug-2019/GlobusSatProject/..//hal/hcc/lib\libHCCD.a(atmel_mcipdc.o)
 .text.mcipdc_getphy
                0x200244e0       0x90 C:/TEVEL/GivatShmuel/Base-Aug-2019/GlobusSatProject/..//hal/hcc/lib\libHCCD.a(atmel_mcipdc.o)
 .text.mcipdc_release
                0x20024570       0x50 C:/TEVEL/GivatShmuel/Base-Aug-2019/GlobusSatProject/..//hal/hcc/lib\libHCCD.a(atmel_mcipdc.o)
 .text.atmel_mcipdc_initfunc
                0x200245c0      0x160 C:/TEVEL/GivatShmuel/Base-Aug-2019/GlobusSatProject/..//hal/hcc/lib\libHCCD.a(atmel_mcipdc.o)
                0x200245c0                atmel_mcipdc_initfunc
 .text.oal_mutex_create
                0x20024720       0x54 C:/TEVEL/GivatShmuel/Base-Aug-2019/GlobusSatProject/..//hal/hcc/lib\libHCCD.a(oalp_mutex.o)
                0x20024720                oal_mutex_create
 .text.oal_mutex_delete
                0x20024774       0x30 C:/TEVEL/GivatShmuel/Base-Aug-2019/GlobusSatProject/..//hal/hcc/lib\libHCCD.a(oalp_mutex.o)
                0x20024774                oal_mutex_delete
 .text.oal_mutex_get
                0x200247a4       0x58 C:/TEVEL/GivatShmuel/Base-Aug-2019/GlobusSatProject/..//hal/hcc/lib\libHCCD.a(oalp_mutex.o)
                0x200247a4                oal_mutex_get
 .text.oal_mutex_put
                0x200247fc       0x58 C:/TEVEL/GivatShmuel/Base-Aug-2019/GlobusSatProject/..//hal/hcc/lib\libHCCD.a(oalp_mutex.o)
                0x200247fc                oal_mutex_put
 .text.oal_task_get_id
                0x20024854       0x18 C:/TEVEL/GivatShmuel/Base-Aug-2019/GlobusSatProject/..//hal/hcc/lib\libHCCD.a(oalp_task.o)
                0x20024854                oal_task_get_id
 .text.mcipdc_hw_init
                0x2002486c       0xe8 C:/TEVEL/GivatShmuel/Base-Aug-2019/GlobusSatProject/..//hal/hcc/lib\libHCCD.a(atmel_mcipdc_hw.o)
                0x2002486c                mcipdc_hw_init
 .text.mcipdc_hw_delete
                0x20024954       0x78 C:/TEVEL/GivatShmuel/Base-Aug-2019/GlobusSatProject/..//hal/hcc/lib\libHCCD.a(atmel_mcipdc_hw.o)
                0x20024954                mcipdc_hw_delete
 .text.mcipdc_hw_card_plugged
                0x200249cc       0x1c C:/TEVEL/GivatShmuel/Base-Aug-2019/GlobusSatProject/..//hal/hcc/lib\libHCCD.a(atmel_mcipdc_hw.o)
                0x200249cc                mcipdc_hw_card_plugged
 .text.mcipdc_hw_card_writeprotect
                0x200249e8       0x1c C:/TEVEL/GivatShmuel/Base-Aug-2019/GlobusSatProject/..//hal/hcc/lib\libHCCD.a(atmel_mcipdc_hw.o)
                0x200249e8                mcipdc_hw_card_writeprotect
 .text.psp_getrand
                0x20024a04      0x14c C:/TEVEL/GivatShmuel/Base-Aug-2019/GlobusSatProject/..//hal/hcc/lib\libHCCD.a(psp_rand.o)
                0x20024a04                psp_getrand
 .text.psp_getcurrenttimedate
                0x20024b50       0x8c C:/TEVEL/GivatShmuel/Base-Aug-2019/GlobusSatProject/..//hal/hcc/lib\libHCCD.a(psp_rtc.o)
                0x20024b50                psp_getcurrenttimedate
 .text._hcc_get_buf_dsc
                0x20024bdc       0x8c C:/TEVEL/GivatShmuel/Base-Aug-2019/GlobusSatProject/..//hal/hcc/lib\libHCCD.a(hcc_mem.o)
 .text._hcc_check_free_pages
                0x20024c68      0x18c C:/TEVEL/GivatShmuel/Base-Aug-2019/GlobusSatProject/..//hal/hcc/lib\libHCCD.a(hcc_mem.o)
 .text._hcc_mark_pages
                0x20024df4      0x158 C:/TEVEL/GivatShmuel/Base-Aug-2019/GlobusSatProject/..//hal/hcc/lib\libHCCD.a(hcc_mem.o)
 .text._hcc_clear_lock_dsc
                0x20024f4c       0x80 C:/TEVEL/GivatShmuel/Base-Aug-2019/GlobusSatProject/..//hal/hcc/lib\libHCCD.a(hcc_mem.o)
 .text._hcc_lock_access
                0x20024fcc      0x128 C:/TEVEL/GivatShmuel/Base-Aug-2019/GlobusSatProject/..//hal/hcc/lib\libHCCD.a(hcc_mem.o)
 .text._hcc_unlock_access
                0x200250f4       0x30 C:/TEVEL/GivatShmuel/Base-Aug-2019/GlobusSatProject/..//hal/hcc/lib\libHCCD.a(hcc_mem.o)
 .text.hcc_mem_alloc
                0x20025124      0x454 C:/TEVEL/GivatShmuel/Base-Aug-2019/GlobusSatProject/..//hal/hcc/lib\libHCCD.a(hcc_mem.o)
                0x20025124                hcc_mem_alloc
 .text.hcc_mem_free
                0x20025578      0x178 C:/TEVEL/GivatShmuel/Base-Aug-2019/GlobusSatProject/..//hal/hcc/lib\libHCCD.a(hcc_mem.o)
                0x20025578                hcc_mem_free
 .text.hcc_mem_add
                0x200256f0      0x3b0 C:/TEVEL/GivatShmuel/Base-Aug-2019/GlobusSatProject/..//hal/hcc/lib\libHCCD.a(hcc_mem.o)
                0x200256f0                hcc_mem_add
 .text.hcc_mem_init
                0x20025aa0      0x164 C:/TEVEL/GivatShmuel/Base-Aug-2019/GlobusSatProject/..//hal/hcc/lib\libHCCD.a(hcc_mem.o)
                0x20025aa0                hcc_mem_init
 .text.hcc_mem_delete
                0x20025c04       0x94 C:/TEVEL/GivatShmuel/Base-Aug-2019/GlobusSatProject/..//hal/hcc/lib\libHCCD.a(hcc_mem.o)
                0x20025c04                hcc_mem_delete
 .text._f_invalidatedir
                0x20025c98       0x28 C:/TEVEL/GivatShmuel/Base-Aug-2019/GlobusSatProject/..//hal/hcc/lib\libHCCD.a(fat.o)
                0x20025c98                _f_invalidatedir
 .text._f_getdirsector
                0x20025cc0       0x88 C:/TEVEL/GivatShmuel/Base-Aug-2019/GlobusSatProject/..//hal/hcc/lib\libHCCD.a(fat.o)
                0x20025cc0                _f_getdirsector
 .text._f_writedirsector
                0x20025d48       0x74 C:/TEVEL/GivatShmuel/Base-Aug-2019/GlobusSatProject/..//hal/hcc/lib\libHCCD.a(fat.o)
                0x20025d48                _f_writedirsector
 .text._f_checknameinv
                0x20025dbc      0x180 C:/TEVEL/GivatShmuel/Base-Aug-2019/GlobusSatProject/..//hal/hcc/lib\libHCCD.a(fat.o)
 .text._f_checkname
                0x20025f3c       0x7c C:/TEVEL/GivatShmuel/Base-Aug-2019/GlobusSatProject/..//hal/hcc/lib\libHCCD.a(fat.o)
 .text._f_checknamewc
                0x20025fb8       0xf8 C:/TEVEL/GivatShmuel/Base-Aug-2019/GlobusSatProject/..//hal/hcc/lib\libHCCD.a(fat.o)
 .text._f_setnameext
                0x200260b0      0x300 C:/TEVEL/GivatShmuel/Base-Aug-2019/GlobusSatProject/..//hal/hcc/lib\libHCCD.a(fat.o)
 .text._f_setfsname
                0x200263b0      0x584 C:/TEVEL/GivatShmuel/Base-Aug-2019/GlobusSatProject/..//hal/hcc/lib\libHCCD.a(fat.o)
 .text._f_findfile
                0x20026934      0x30c C:/TEVEL/GivatShmuel/Base-Aug-2019/GlobusSatProject/..//hal/hcc/lib\libHCCD.a(fat.o)
 .text._f_findpath
                0x20026c40      0x35c C:/TEVEL/GivatShmuel/Base-Aug-2019/GlobusSatProject/..//hal/hcc/lib\libHCCD.a(fat.o)
 .text.fn_getdcwd
                0x20026f9c      0x1e0 C:/TEVEL/GivatShmuel/Base-Aug-2019/GlobusSatProject/..//hal/hcc/lib\libHCCD.a(fat.o)
                0x20026f9c                fn_getdcwd
 .text.fn_move  0x2002717c      0xad0 C:/TEVEL/GivatShmuel/Base-Aug-2019/GlobusSatProject/..//hal/hcc/lib\libHCCD.a(fat.o)
                0x2002717c                fn_move
 .text.fn_rename
                0x20027c4c      0x214 C:/TEVEL/GivatShmuel/Base-Aug-2019/GlobusSatProject/..//hal/hcc/lib\libHCCD.a(fat.o)
                0x20027c4c                fn_rename
 .text._f_lock_resfile
                0x20027e60       0x6c C:/TEVEL/GivatShmuel/Base-Aug-2019/GlobusSatProject/..//hal/hcc/lib\libHCCD.a(fat.o)
 .text._f_unlock_resfile
                0x20027ecc       0x40 C:/TEVEL/GivatShmuel/Base-Aug-2019/GlobusSatProject/..//hal/hcc/lib\libHCCD.a(fat.o)
 .text._f_getintfile
                0x20027f0c      0x124 C:/TEVEL/GivatShmuel/Base-Aug-2019/GlobusSatProject/..//hal/hcc/lib\libHCCD.a(fat.o)
 .text._f_addentry
                0x20028030      0x540 C:/TEVEL/GivatShmuel/Base-Aug-2019/GlobusSatProject/..//hal/hcc/lib\libHCCD.a(fat.o)
 .text.fn_mkdir
                0x20028570      0x75c C:/TEVEL/GivatShmuel/Base-Aug-2019/GlobusSatProject/..//hal/hcc/lib\libHCCD.a(fat.o)
                0x20028570                fn_mkdir
 .text.fn_filelength
                0x20028ccc      0x1cc C:/TEVEL/GivatShmuel/Base-Aug-2019/GlobusSatProject/..//hal/hcc/lib\libHCCD.a(fat.o)
                0x20028ccc                fn_filelength
 .text.fn_open_sub
                0x20028e98     0x1698 C:/TEVEL/GivatShmuel/Base-Aug-2019/GlobusSatProject/..//hal/hcc/lib\libHCCD.a(fat.o)
 .text.fn_open  0x2002a530       0x44 C:/TEVEL/GivatShmuel/Base-Aug-2019/GlobusSatProject/..//hal/hcc/lib\libHCCD.a(fat.o)
                0x2002a530                fn_open
 .text.fn_delete
                0x2002a574      0x490 C:/TEVEL/GivatShmuel/Base-Aug-2019/GlobusSatProject/..//hal/hcc/lib\libHCCD.a(fat.o)
                0x2002a574                fn_delete
 .text.hcc_mem_buf_alloc
                0x2002aa04       0xe4 C:/TEVEL/GivatShmuel/Base-Aug-2019/GlobusSatProject/..//hal/hcc/lib\libHCCD.a(psp_hcc_mem.o)
                0x2002aa04                hcc_mem_buf_alloc
 .text.hcc_mem_buf_free
                0x2002aae8       0x6c C:/TEVEL/GivatShmuel/Base-Aug-2019/GlobusSatProject/..//hal/hcc/lib\libHCCD.a(psp_hcc_mem.o)
                0x2002aae8                hcc_mem_buf_free
 .text.makeAntStransfer