Archive member included because of file (symbol)

c:/isis/application/toolchain/bin/../lib/gcc/arm-none-eabi/4.7.4/../../../../arm-none-eabi/lib\libc_s.a(lib_a-vfprintf_float.o)
                              (_printf_float)
c:/isis/application/toolchain/bin/../lib/gcc/arm-none-eabi/4.7.4/../../../../arm-none-eabi/lib\libc_s.a(lib_a-vfprintf_i.o)
                              c:/isis/application/toolchain/bin/../lib/gcc/arm-none-eabi/4.7.4/../../../../arm-none-eabi/lib\libc_s.a(lib_a-vfprintf_float.o) (_printf_common)
c:/isis/application/toolchain/bin/../lib/gcc/arm-none-eabi/4.7.4/../../../../arm-none-eabi/lib\libc_s.a(lib_a-vfscanf_float.o)
                              (_scanf_float)
c:/isis/application/toolchain/bin/../lib/gcc/arm-none-eabi/4.7.4/../../../../arm-none-eabi/lib\libc_s.a(lib_a-dtoa.o)
                              c:/isis/application/toolchain/bin/../lib/gcc/arm-none-eabi/4.7.4/../../../../arm-none-eabi/lib\libc_s.a(lib_a-vfprintf_float.o) (_dtoa_r)
c:/isis/application/toolchain/bin/../lib/gcc/arm-none-eabi/4.7.4/../../../../arm-none-eabi/lib\libc_s.a(lib_a-locale.o)
                              c:/isis/application/toolchain/bin/../lib/gcc/arm-none-eabi/4.7.4/../../../../arm-none-eabi/lib\libc_s.a(lib_a-vfprintf_float.o) (_localeconv_r)
c:/isis/application/toolchain/bin/../lib/gcc/arm-none-eabi/4.7.4/../../../../arm-none-eabi/lib\libc_s.a(lib_a-malloc.o)
                              c:/isis/application/toolchain/bin/../lib/gcc/arm-none-eabi/4.7.4/../../../../arm-none-eabi/lib\libc_s.a(lib_a-dtoa.o) (malloc)
c:/isis/application/toolchain/bin/../lib/gcc/arm-none-eabi/4.7.4/../../../../arm-none-eabi/lib\libc_s.a(lib_a-mallocr.o)
                              c:/isis/application/toolchain/bin/../lib/gcc/arm-none-eabi/4.7.4/../../../../arm-none-eabi/lib\libc_s.a(lib_a-malloc.o) (_malloc_r)
c:/isis/application/toolchain/bin/../lib/gcc/arm-none-eabi/4.7.4/../../../../arm-none-eabi/lib\libc_s.a(lib_a-memcpy.o)
                              c:/isis/application/toolchain/bin/../lib/gcc/arm-none-eabi/4.7.4/../../../../arm-none-eabi/lib\libc_s.a(lib_a-dtoa.o) (memcpy)
c:/isis/application/toolchain/bin/../lib/gcc/arm-none-eabi/4.7.4/../../../../arm-none-eabi/lib\libc_s.a(lib_a-mprec.o)
                              c:/isis/application/toolchain/bin/../lib/gcc/arm-none-eabi/4.7.4/../../../../arm-none-eabi/lib\libc_s.a(lib_a-dtoa.o) (_Balloc)
c:/isis/application/toolchain/bin/../lib/gcc/arm-none-eabi/4.7.4/../../../../arm-none-eabi/lib\libc_s.a(lib_a-s_fpclassify.o)
                              c:/isis/application/toolchain/bin/../lib/gcc/arm-none-eabi/4.7.4/../../../../arm-none-eabi/lib\libc_s.a(lib_a-vfprintf_float.o) (__fpclassifyd)
c:/isis/application/toolchain/bin/../lib/gcc/arm-none-eabi/4.7.4/../../../../arm-none-eabi/lib\libc_s.a(lib_a-sbrkr.o)
                              c:/isis/application/toolchain/bin/../lib/gcc/arm-none-eabi/4.7.4/../../../../arm-none-eabi/lib\libc_s.a(lib_a-mallocr.o) (_sbrk_r)
c:/isis/application/toolchain/bin/../lib/gcc/arm-none-eabi/4.7.4/../../../../arm-none-eabi/lib\libc_s.a(lib_a-sf_nan.o)
                              c:/isis/application/toolchain/bin/../lib/gcc/arm-none-eabi/4.7.4/../../../../arm-none-eabi/lib\libc_s.a(lib_a-vfscanf_float.o) (nanf)
c:/isis/application/toolchain/bin/../lib/gcc/arm-none-eabi/4.7.4/../../../../arm-none-eabi/lib\libc_s.a(lib_a-sprintf.o)
                              c:/isis/application/toolchain/bin/../lib/gcc/arm-none-eabi/4.7.4/../../../../arm-none-eabi/lib\libc_s.a(lib_a-vfscanf_float.o) (sprintf)
c:/isis/application/toolchain/bin/../lib/gcc/arm-none-eabi/4.7.4/../../../../arm-none-eabi/lib\libc_s.a(lib_a-strcmp.o)
                              c:/isis/application/toolchain/bin/../lib/gcc/arm-none-eabi/4.7.4/../../../../arm-none-eabi/lib\libc_s.a(lib_a-locale.o) (strcmp)
c:/isis/application/toolchain/bin/../lib/gcc/arm-none-eabi/4.7.4/../../../../arm-none-eabi/lib\libc_s.a(lib_a-strlen.o)
                              c:/isis/application/toolchain/bin/../lib/gcc/arm-none-eabi/4.7.4/../../../../arm-none-eabi/lib\libc_s.a(lib_a-vfprintf_float.o) (strlen)
c:/isis/application/toolchain/bin/../lib/gcc/arm-none-eabi/4.7.4/../../../../arm-none-eabi/lib\libc_s.a(lib_a-strtod.o)
                              c:/isis/application/toolchain/bin/../lib/gcc/arm-none-eabi/4.7.4/../../../../arm-none-eabi/lib\libc_s.a(lib_a-vfscanf_float.o) (_strtod_r)
c:/isis/application/toolchain/bin/../lib/gcc/arm-none-eabi/4.7.4/../../../../arm-none-eabi/lib\libc_s.a(lib_a-strtol.o)
                              c:/isis/application/toolchain/bin/../lib/gcc/arm-none-eabi/4.7.4/../../../../arm-none-eabi/lib\libc_s.a(lib_a-vfscanf_float.o) (_strtol_r)
c:/isis/application/toolchain/bin/../lib/gcc/arm-none-eabi/4.7.4/../../../../arm-none-eabi/lib\libc_s.a(lib_a-svfprintf.o)
                              c:/isis/application/toolchain/bin/../lib/gcc/arm-none-eabi/4.7.4/../../../../arm-none-eabi/lib\libc_s.a(lib_a-sprintf.o) (_svfprintf_r)
[...]
Memory Configuration

Name             Origin             Length             Attributes
sram0            0x00200000         0x00004000         w !xr
sram1            0x00300000         0x00004000         w !xr
sdram            0x20000000         0x02000000         w !xr
*default*        0x00000000         0xffffffff

Linker script and memory map

LOAD c:/isis/application/toolchain/bin/../lib/gcc/arm-none-eabi/4.7.4/../../../../arm-none-eabi/lib\libc_s.a
LOAD ./src/TestingDemos/CommandsTestingDemo.o
LOAD ./src/TestingDemos/EpsTestingDemo.o
LOAD ./src/TestingDemos/FileSystemTestingDemo.o
LOAD ./src/TestingDemos/MainTest.o
LOAD ./src/TestingDemos/MaintenanceTestingDemo.o
LOAD ./src/TestingDemos/TelemetryTestingDemo.o
LOAD ./src/TestingDemos/TrxvuTestingDemo.o
LOAD ./src/SubSystemModules/PowerManagment/EPS.o
LOAD ./src/SubSystemModules/PowerManagment/EPSOperationModes.o
LOAD ./src/SubSystemModules/Payload/payload_drivers.o
LOAD ./src/SubSystemModules/Maintenance/Log.o
LOAD ./src/SubSystemModules/Maintenance/Maintenance.o
LOAD ./src/SubSystemModules/Housekepping/Dump.o
LOAD ./src/SubSystemModules/Housekepping/TelemetryCollector.o
LOAD ./src/SubSystemModules/Communication/SubsystemCommands/EPS_Commands.o
LOAD ./src/SubSystemModules/Communication/SubsystemCommands/FS_Commands.o
LOAD ./src/SubSystemModules/Communication/SubsystemCommands/Maintanence_Commands.o
LOAD ./src/SubSystemModules/Communication/SubsystemCommands/TRXVU_Commands.o
LOAD ./src/SubSystemModules/Communication/AckHandler.o
LOAD ./src/SubSystemModules/Communication/ActUponCommand.o
LOAD ./src/SubSystemModules/Communication/Beacon.o
LOAD ./src/SubSystemModules/Communication/CommandDictionary.o
LOAD ./src/SubSystemModules/Communication/SatCommandHandler.o
LOAD ./src/SubSystemModules/Communication/SatDataTx.o
LOAD ./src/SubSystemModules/Communication/TRXVU.o
LOAD ./src/SubSystemModules/Communication/Transponder.o
LOAD ./src/InitSystem.o
LOAD ./src/TLM_management.o
LOAD ./src/main.o
LOAD C:/Users/ground/Documents/GitHub/tevel2/GlobusSatProject/..//hal/hal/lib\libHALD.a
LOAD C:/Users/ground/Documents/GitHub/tevel2/GlobusSatProject/..//hal/hcc/lib\libHCCD.a
LOAD C:/Users/ground/Documents/GitHub/tevel2/GlobusSatProject/..//satellite-subsystems/satellite-subsystems/lib\libSatelliteSubsystemsD.a
LOAD C:/Users/ground/Documents/GitHub/tevel2/GlobusSatProject/..//hal/freertos/lib\libFreeRTOSD.a
LOAD C:/Users/ground/Documents/GitHub/tevel2/GlobusSatProject/..//hal/at91/lib\libAt91D.a
START GROUP
LOAD c:/isis/application/toolchain/bin/../lib/gcc/arm-none-eabi/4.7.4\libgcc.a
LOAD c:/isis/application/toolchain/bin/../lib/gcc/arm-none-eabi/4.7.4/../../../../arm-none-eabi/lib\libc_s.a
END GROUP

.fixed          0x20000000    0x3a88c
                0x20000000                . = ALIGN (0x4)
                0x20000000                _sfixed = .
 *(.startup)
 .startup       0x20000000      0x184 C:/Users/ground/Documents/GitHub/tevel2/GlobusSatProject/..//hal/at91/lib\libAt91D.a(board_cstartup.o)
                0x20000000                entry
 *(.text)
 .text          0x20000184       0x64 C:/Users/ground/Documents/GitHub/tevel2/GlobusSatProject/..//hal/at91/lib\libAt91D.a(cp15_asm.o)
                0x20000184                _readControlRegister
                0x20000190                _writeControlRegister
                0x20000198                _waitForInterrupt
                0x200001a4                _writeTTB
                0x200001ac                _writeDomain
                0x200001b4                _writeITLBLockdown
                0x200001bc                _prefetchICacheLine
                0x200001c4                _flushDCache
                0x200001d0                _flushWriteBuffer
                0x200001dc                _invalidateIDTLBs
 .text          0x200001e8      0x114 c:/isis/application/toolchain/bin/../lib/gcc/arm-none-eabi/4.7.4\libgcc.a(_udivsi3.o)
                0x200001e8                __aeabi_uidiv
                0x200001e8                __udivsi3
                0x200002dc                __aeabi_uidivmod
 .text          0x200002fc      0x148 c:/isis/application/toolchain/bin/../lib/gcc/arm-none-eabi/4.7.4\libgcc.a(_divsi3.o)
                0x200002fc                __divsi3
                0x200002fc                __aeabi_idiv
                0x20000424                __aeabi_idivmod
 .text          0x20000444        0x4 c:/isis/application/toolchain/bin/../lib/gcc/arm-none-eabi/4.7.4\libgcc.a(_dvmd_tls.o)
                0x20000444                __aeabi_idiv0
                0x20000444                __aeabi_ldiv0
 .text          0x20000448      0x41c c:/isis/application/toolchain/bin/../lib/gcc/arm-none-eabi/4.7.4\libgcc.a(_arm_addsubdf3.o)
                0x20000448                __aeabi_drsub
                0x20000450                __aeabi_dsub
                0x20000450                __subdf3
                0x20000454                __aeabi_dadd
                0x20000454                __adddf3
                0x20000764                __floatunsidf
                0x20000764                __aeabi_ui2d
                0x20000788                __floatsidf
                0x20000788                __aeabi_i2d
                0x200007b0                __aeabi_f2d
                0x200007b0                __extendsfdf2
                0x200007f0                __floatundidf
                0x200007f0                __aeabi_ul2d
                0x20000804                __floatdidf
                0x20000804                __aeabi_l2d
 .text          0x20000864      0x49c c:/isis/application/toolchain/bin/../lib/gcc/arm-none-eabi/4.7.4\libgcc.a(_arm_muldivdf3.o)
                0x20000864                __aeabi_dmul
                0x20000864                __muldf3
                0x20000af4                __divdf3
                0x20000af4                __aeabi_ddiv
 .text          0x20000d00      0x144 c:/isis/application/toolchain/bin/../lib/gcc/arm-none-eabi/4.7.4\libgcc.a(_arm_cmpdf2.o)
                0x20000d00                __gtdf2
                0x20000d00                __gedf2
                0x20000d08                __ltdf2
                0x20000d08                __ledf2
                0x20000d10                __nedf2
                0x20000d10                __eqdf2
                0x20000d10                __cmpdf2
                0x20000d98                __aeabi_cdrcmple
                0x20000db4                __aeabi_cdcmpeq
                0x20000db4                __aeabi_cdcmple
                0x20000dcc                __aeabi_dcmpeq
                0x20000de4                __aeabi_dcmplt
                0x20000dfc                __aeabi_dcmple
                0x20000e14                __aeabi_dcmpge
                0x20000e2c                __aeabi_dcmpgt
 .text          0x20000e44       0x5c c:/isis/application/toolchain/bin/../lib/gcc/arm-none-eabi/4.7.4\libgcc.a(_arm_fixdfsi.o)
                0x20000e44                __aeabi_d2iz
                0x20000e44                __fixdfsi
 .text          0x20000ea0       0x54 c:/isis/application/toolchain/bin/../lib/gcc/arm-none-eabi/4.7.4\libgcc.a(_arm_fixunsdfsi.o)
                0x20000ea0                __aeabi_d2uiz
                0x20000ea0                __fixunsdfsi
 .text          0x20000ef4       0xa0 c:/isis/application/toolchain/bin/../lib/gcc/arm-none-eabi/4.7.4\libgcc.a(_arm_truncdfsf2.o)
                0x20000ef4                __truncdfsf2
                0x20000ef4                __aeabi_d2f
 .text          0x20000f94      0x2ac c:/isis/application/toolchain/bin/../lib/gcc/arm-none-eabi/4.7.4\libgcc.a(_arm_addsubsf3.o)
                0x20000f94                __aeabi_frsub
                0x20000f9c                __subsf3
                0x20000f9c                __aeabi_fsub
                0x20000fa0                __aeabi_fadd
                0x20000fa0                __addsf3
                0x2000115c                __aeabi_ui2f
                0x2000115c                __floatunsisf
                0x20001164                __aeabi_i2f
                0x20001164                __floatsisf
                0x20001184                __aeabi_ul2f
                0x20001184                __floatundisf
                0x20001194                __aeabi_l2f
                0x20001194                __floatdisf
 .text          0x20001240      0x2f8 c:/isis/application/toolchain/bin/../lib/gcc/arm-none-eabi/4.7.4\libgcc.a(_arm_muldivsf3.o)
                0x20001240                __mulsf3
                0x20001240                __aeabi_fmul
                0x200013d8                __aeabi_fdiv
                0x200013d8                __divsf3
 .text          0x20001538       0x54 c:/isis/application/toolchain/bin/../lib/gcc/arm-none-eabi/4.7.4\libgcc.a(_arm_fixunssfsi.o)
                0x20001538                __fixunssfsi
                0x20001538                __aeabi_f2uiz
 *(.text*)
 .text.__cvt    0x2000158c      0x138 c:/isis/application/toolchain/bin/../lib/gcc/arm-none-eabi/4.7.4/../../../../arm-none-eabi/lib\libc_s.a(lib_a-vfprintf_float.o)
                0x2000158c                __cvt
 .text.__exponent
                0x200016c4       0xa8 c:/isis/application/toolchain/bin/../lib/gcc/arm-none-eabi/4.7.4/../../../../arm-none-eabi/lib\libc_s.a(lib_a-vfprintf_float.o)
                0x200016c4                __exponent
 .text._printf_float
                0x2000176c      0x7dc c:/isis/application/toolchain/bin/../lib/gcc/arm-none-eabi/4.7.4/../../../../arm-none-eabi/lib\libc_s.a(lib_a-vfprintf_float.o)
                0x2000176c                _printf_float
 .text._printf_common
                0x20001f48      0x174 c:/isis/application/toolchain/bin/../lib/gcc/arm-none-eabi/4.7.4/../../../../arm-none-eabi/lib\libc_s.a(lib_a-vfprintf_i.o)
                0x20001f48                _printf_common
 .text._printf_i
                0x200020bc      0x3c4 c:/isis/application/toolchain/bin/../lib/gcc/arm-none-eabi/4.7.4/../../../../arm-none-eabi/lib\libc_s.a(lib_a-vfprintf_i.o)
                0x200020bc                _printf_i
 .text._scanf_float
                0x20002480      0x5f4 c:/isis/application/toolchain/bin/../lib/gcc/arm-none-eabi/4.7.4/../../../../arm-none-eabi/lib\libc_s.a(lib_a-vfscanf_float.o)
                0x20002480                _scanf_float
 .text.quorem   0x20002a74      0x1ac c:/isis/application/toolchain/bin/../lib/gcc/arm-none-eabi/4.7.4/../../../../arm-none-eabi/lib\libc_s.a(lib_a-dtoa.o)
 .text._dtoa_r  0x20002c20     0x1268 c:/isis/application/toolchain/bin/../lib/gcc/arm-none-eabi/4.7.4/../../../../arm-none-eabi/lib\libc_s.a(lib_a-dtoa.o)
                0x20002c20                _dtoa_r
 .text._localeconv_r
                0x20003e88        0xc c:/isis/application/toolchain/bin/../lib/gcc/arm-none-eabi/4.7.4/../../../../arm-none-eabi/lib\libc_s.a(lib_a-locale.o)
                0x20003e88                _localeconv_r
 .text.malloc   0x20003e94       0x20 c:/isis/application/toolchain/bin/../lib/gcc/arm-none-eabi/4.7.4/../../../../arm-none-eabi/lib\libc_s.a(lib_a-malloc.o)
                0x20003e94                malloc
 .text.free     0x20003eb4       0x20 c:/isis/application/toolchain/bin/../lib/gcc/arm-none-eabi/4.7.4/../../../../arm-none-eabi/lib\libc_s.a(lib_a-malloc.o)
                0x20003eb4                free
 .text._malloc_r
                0x20003ed4       0xfc c:/isis/application/toolchain/bin/../lib/gcc/arm-none-eabi/4.7.4/../../../../arm-none-eabi/lib\libc_s.a(lib_a-mallocr.o)
                0x20003ed4                _malloc_r
 .text.memcpy   0x20003fd0       0x20 c:/isis/application/toolchain/bin/../lib/gcc/arm-none-eabi/4.7.4/../../../../arm-none-eabi/lib\libc_s.a(lib_a-memcpy.o)
                0x20003fd0                memcpy
 .text._Balloc  0x20003ff0       0xcc c:/isis/application/toolchain/bin/../lib/gcc/arm-none-eabi/4.7.4/../../../../arm-none-eabi/lib\libc_s.a(lib_a-mprec.o)
                0x20003ff0                _Balloc
 .text._Bfree   0x200040bc       0x5c c:/isis/application/toolchain/bin/../lib/gcc/arm-none-eabi/4.7.4/../../../../arm-none-eabi/lib\libc_s.a(lib_a-mprec.o)
                0x200040bc                _Bfree
 .text.__multadd
                0x20004118       0xbc c:/isis/application/toolchain/bin/../lib/gcc/arm-none-eabi/4.7.4/../../../../arm-none-eabi/lib\libc_s.a(lib_a-mprec.o)
                0x20004118                __multadd
 .text.__s2b    0x200041d4       0xd8 c:/isis/application/toolchain/bin/../lib/gcc/arm-none-eabi/4.7.4/../../../../arm-none-eabi/lib\libc_s.a(lib_a-mprec.o)
                0x200041d4                __s2b
 .text.__hi0bits
                0x200042ac       0x58 c:/isis/application/toolchain/bin/../lib/gcc/arm-none-eabi/4.7.4/../../../../arm-none-eabi/lib\libc_s.a(lib_a-mprec.o)
                0x200042ac                __hi0bits
 .text.__lo0bits
                0x20004304       0x94 c:/isis/application/toolchain/bin/../lib/gcc/arm-none-eabi/4.7.4/../../../../arm-none-eabi/lib\libc_s.a(lib_a-mprec.o)
                0x20004304                __lo0bits
 .text.__i2b    0x20004398       0x24 c:/isis/application/toolchain/bin/../lib/gcc/arm-none-eabi/4.7.4/../../../../arm-none-eabi/lib\libc_s.a(lib_a-mprec.o)
                0x20004398                __i2b
 .text.__multiply
                0x200043bc      0x1ac c:/isis/application/toolchain/bin/../lib/gcc/arm-none-eabi/4.7.4/../../../../arm-none-eabi/lib\libc_s.a(lib_a-mprec.o)
                0x200043bc                __multiply
 .text.__pow5mult
                0x20004568      0x10c c:/isis/application/toolchain/bin/../lib/gcc/arm-none-eabi/4.7.4/../../../../arm-none-eabi/lib\libc_s.a(lib_a-mprec.o)
                0x20004568                __pow5mult
 .text.__lshift
                0x20004674       0xf0 c:/isis/application/toolchain/bin/../lib/gcc/arm-none-eabi/4.7.4/../../../../arm-none-eabi/lib\libc_s.a(lib_a-mprec.o)
                0x20004674                __lshift
 .text.__mcmp   0x20004764       0x60 c:/isis/application/toolchain/bin/../lib/gcc/arm-none-eabi/4.7.4/../../../../arm-none-eabi/lib\libc_s.a(lib_a-mprec.o)
                0x20004764                __mcmp
 .text.__mdiff  0x200047c4      0x128 c:/isis/application/toolchain/bin/../lib/gcc/arm-none-eabi/4.7.4/../../../../arm-none-eabi/lib\libc_s.a(lib_a-mprec.o)
                0x200047c4                __mdiff
 .text.__ulp    0x200048ec       0x5c c:/isis/application/toolchain/bin/../lib/gcc/arm-none-eabi/4.7.4/../../../../arm-none-eabi/lib\libc_s.a(lib_a-mprec.o)
                0x200048ec                __ulp
 .text.__b2d    0x20004948       0xc8 c:/isis/application/toolchain/bin/../lib/gcc/arm-none-eabi/4.7.4/../../../../arm-none-eabi/lib\libc_s.a(lib_a-mprec.o)
                0x20004948                __b2d
 .text.__d2b    0x20004a10       0xfc c:/isis/application/toolchain/bin/../lib/gcc/arm-none-eabi/4.7.4/../../../../arm-none-eabi/lib\libc_s.a(lib_a-mprec.o)
                0x20004a10                __d2b
 .text.__ratio  0x20004b0c       0x70 c:/isis/application/toolchain/bin/../lib/gcc/arm-none-eabi/4.7.4/../../../../arm-none-eabi/lib\libc_s.a(lib_a-mprec.o)
                0x20004b0c                __ratio
 .text.__copybits
                0x20004b7c       0x4c c:/isis/application/toolchain/bin/../lib/gcc/arm-none-eabi/4.7.4/../../../../arm-none-eabi/lib\libc_s.a(lib_a-mprec.o)
                0x20004b7c                __copybits
 .text.__any_on
                0x20004bc8       0x7c c:/isis/application/toolchain/bin/../lib/gcc/arm-none-eabi/4.7.4/../../../../arm-none-eabi/lib\libc_s.a(lib_a-mprec.o)
                0x20004bc8                __any_on
 .text.__fpclassifyd
                0x20004c44       0x6c c:/isis/application/toolchain/bin/../lib/gcc/arm-none-eabi/4.7.4/../../../../arm-none-eabi/lib\libc_s.a(lib_a-s_fpclassify.o)
                0x20004c44                __fpclassifyd
 .text._sbrk_r  0x20004cb0       0x3c c:/isis/application/toolchain/bin/../lib/gcc/arm-none-eabi/4.7.4/../../../../arm-none-eabi/lib\libc_s.a(lib_a-sbrkr.o)
                0x20004cb0                _sbrk_r
 .text.nanf     0x20004cec        0xc c:/isis/application/toolchain/bin/../lib/gcc/arm-none-eabi/4.7.4/../../../../arm-none-eabi/lib\libc_s.a(lib_a-sf_nan.o)
                0x20004cec                nanf
 .text.sprintf  0x20004cf8       0x6c c:/isis/application/toolchain/bin/../lib/gcc/arm-none-eabi/4.7.4/../../../../arm-none-eabi/lib\libc_s.a(lib_a-sprintf.o)
                0x20004cf8                siprintf
                0x20004cf8                sprintf
 .text.strcmp   0x20004d64       0x1c c:/isis/application/toolchain/bin/../lib/gcc/arm-none-eabi/4.7.4/../../../../arm-none-eabi/lib\libc_s.a(lib_a-strcmp.o)
                0x20004d64                strcmp
 .text.strlen   0x20004d80       0x1c c:/isis/application/toolchain/bin/../lib/gcc/arm-none-eabi/4.7.4/../../../../arm-none-eabi/lib\libc_s.a(lib_a-strlen.o)
                0x20004d80                strlen
 .text.match    0x20004d9c       0x54 c:/isis/application/toolchain/bin/../lib/gcc/arm-none-eabi/4.7.4/../../../../arm-none-eabi/lib\libc_s.a(lib_a-strtod.o)
 .text._strtod_r
                0x20004df0     0x1168 c:/isis/application/toolchain/bin/../lib/gcc/arm-none-eabi/4.7.4/../../../../arm-none-eabi/lib\libc_s.a(lib_a-strtod.o)
                0x20004df0                _strtod_r
 .text._strtol_r
                0x20005f58      0x1b8 c:/isis/application/toolchain/bin/../lib/gcc/arm-none-eabi/4.7.4/../../../../arm-none-eabi/lib\libc_s.a(lib_a-strtol.o)
                0x20005f58                _strtol_r
 .text.__ssputc_r
                0x20006110      0x10c c:/isis/application/toolchain/bin/../lib/gcc/arm-none-eabi/4.7.4/../../../../arm-none-eabi/lib\libc_s.a(lib_a-svfprintf.o)
                0x20006110                __ssputc_r
 .text._svfprintf_r
                0x2000621c      0x328 c:/isis/application/toolchain/bin/../lib/gcc/arm-none-eabi/4.7.4/../../../../arm-none-eabi/lib\libc_s.a(lib_a-svfprintf.o)
                0x2000621c                _svfiprintf_r
                0x2000621c                _svfprintf_r
 .text._calloc_r
                0x20006544       0x2c c:/isis/application/toolchain/bin/../lib/gcc/arm-none-eabi/4.7.4/../../../../arm-none-eabi/lib\libc_s.a(lib_a-callocr.o)
                0x20006544                _calloc_r
 .text._free_r  0x20006570      0x108 c:/isis/application/toolchain/bin/../lib/gcc/arm-none-eabi/4.7.4/../../../../arm-none-eabi/lib\libc_s.a(lib_a-freer.o)
                0x20006570                _free_r
 .text.rshift   0x20006678       0xb0 c:/isis/application/toolchain/bin/../lib/gcc/arm-none-eabi/4.7.4/../../../../arm-none-eabi/lib\libc_s.a(lib_a-gdtoa-gethex.o)
 .text.htinit.constprop.0
                0x20006728       0x34 c:/isis/application/toolchain/bin/../lib/gcc/arm-none-eabi/4.7.4/../../../../arm-none-eabi/lib\libc_s.a(lib_a-gdtoa-gethex.o)
 .text.__hexdig_init
                0x2000675c       0x38 c:/isis/application/toolchain/bin/../lib/gcc/arm-none-eabi/4.7.4/../../../../arm-none-eabi/lib\libc_s.a(lib_a-gdtoa-gethex.o)
                0x2000675c                __hexdig_init
 .text.__gethex
                0x20006794      0x6cc c:/isis/application/toolchain/bin/../lib/gcc/arm-none-eabi/4.7.4/../../../../arm-none-eabi/lib\libc_s.a(lib_a-gdtoa-gethex.o)
                0x20006794                __gethex
 .text.L_shift  0x20006e60       0x38 c:/isis/application/toolchain/bin/../lib/gcc/arm-none-eabi/4.7.4/../../../../arm-none-eabi/lib\libc_s.a(lib_a-gdtoa-hexnan.o)
 .text.__hexnan
                0x20006e98      0x1d8 c:/isis/application/toolchain/bin/../lib/gcc/arm-none-eabi/4.7.4/../../../../arm-none-eabi/lib\libc_s.a(lib_a-gdtoa-hexnan.o)
                0x20006e98                __hexnan
 .text.memchr   0x20007070       0x34 c:/isis/application/toolchain/bin/../lib/gcc/arm-none-eabi/4.7.4/../../../../arm-none-eabi/lib\libc_s.a(lib_a-memchr.o)
                0x20007070                memchr
 .text.memset   0x200070a4       0x1c c:/isis/application/toolchain/bin/../lib/gcc/arm-none-eabi/4.7.4/../../../../arm-none-eabi/lib\libc_s.a(lib_a-memset.o)
                0x200070a4                memset
 .text._realloc_r
                0x200070c0       0x80 c:/isis/application/toolchain/bin/../lib/gcc/arm-none-eabi/4.7.4/../../../../arm-none-eabi/lib\libc_s.a(lib_a-reallocr.o)
                0x200070c0                _realloc_r
 .text.strncmp  0x20007140       0x64 c:/isis/application/toolchain/bin/../lib/gcc/arm-none-eabi/4.7.4/../../../../arm-none-eabi/lib\libc_s.a(lib_a-strncmp.o)
                0x20007140                strncmp
 .text._malloc_usable_size_r
                0x200071a4       0x1c c:/isis/application/toolchain/bin/../lib/gcc/arm-none-eabi/4.7.4/../../../../arm-none-eabi/lib\libc_s.a(lib_a-msizer.o)
                0x200071a4                _malloc_usable_size_r
 .text.EPS_Init
                0x200071c0       0xd8 ./src/SubSystemModules/PowerManagment/EPS.o
                0x200071c0                EPS_Init
 .text.eps_set_channels_on
                0x20007298       0x68 ./src/SubSystemModules/PowerManagment/EPS.o
                0x20007298                eps_set_channels_on
 .text.EPS_Conditioning
                0x20007300      0x1a8 ./src/SubSystemModules/PowerManagment/EPS.o
                0x20007300                EPS_Conditioning
 .text.GetBatteryVoltage
                0x200074a8       0x54 ./src/SubSystemModules/PowerManagment/EPS.o
                0x200074a8                GetBatteryVoltage
 .text.GetThresholdVoltages
                0x200074fc       0x4c ./src/SubSystemModules/PowerManagment/EPS.o
                0x200074fc                GetThresholdVoltages
 .text.GetAlpha
                0x20007548       0x48 ./src/SubSystemModules/PowerManagment/EPS.o
                0x20007548                GetAlpha
 .text.is_time_linger_passed
                0x20007590       0x58 ./src/SubSystemModules/PowerManagment/EPSOperationModes.o
                0x20007590                is_time_linger_passed
 .text.is_next_state_time_linger_passed
                0x200075e8       0x9c ./src/SubSystemModules/PowerManagment/EPSOperationModes.o
                0x200075e8                is_next_state_time_linger_passed
 .text.EnterFullMode
                0x20007684       0xa8 ./src/SubSystemModules/PowerManagment/EPSOperationModes.o
                0x20007684                EnterFullMode
 .text.EnterCruiseMode
                0x2000772c       0xa4 ./src/SubSystemModules/PowerManagment/EPSOperationModes.o
                0x2000772c                EnterCruiseMode
 .text.EnterSafeMode
                0x200077d0       0xa4 ./src/SubSystemModules/PowerManagment/EPSOperationModes.o
                0x200077d0                EnterSafeMode
 .text.EnterCriticalMode
                0x20007874       0xa4 ./src/SubSystemModules/PowerManagment/EPSOperationModes.o
                0x20007874                EnterCriticalMode
 .text.GetEPSSystemState
                0x20007918       0x24 ./src/SubSystemModules/PowerManagment/EPSOperationModes.o
                0x20007918                GetEPSSystemState
 .text.EpsSetLowVoltageFlag
                0x2000793c       0x2c ./src/SubSystemModules/PowerManagment/EPSOperationModes.o
                0x2000793c                EpsSetLowVoltageFlag
 .text.payloadInit
                0x20007968       0xe4 ./src/SubSystemModules/Payload/payload_drivers.o
                0x20007968                payloadInit
 .text.payloadRead
                0x20007a4c       0xbc ./src/SubSystemModules/Payload/payload_drivers.o
                0x20007a4c                payloadRead
 .text.payloadSendCommand
                0x20007b08       0x70 ./src/SubSystemModules/Payload/payload_drivers.o
                0x20007b08                payloadSendCommand
 .text.payloadReadEnvironment
                0x20007b78      0x4d0 ./src/SubSystemModules/Payload/payload_drivers.o
                0x20007b78                payloadReadEnvironment
 .text.payloadReadEvents
                0x20008048      0x410 ./src/SubSystemModules/Payload/payload_drivers.o
                0x20008048                payloadReadEvents
 .text.payloadCommandRestartCount
                0x20008458       0x60 ./src/SubSystemModules/Payload/payload_drivers.o
                0x20008458                payloadCommandRestartCount
 .text.payloadTurnOff
                0x200084b8       0x68 ./src/SubSystemModules/Payload/payload_drivers.o
                0x200084b8                payloadTurnOff
 .text.payloadTurnOn
                0x20008520       0x84 ./src/SubSystemModules/Payload/payload_drivers.o
                0x20008520                payloadTurnOn
 .text._logg    0x200085a4      0x33c ./src/SubSystemModules/Maintenance/Log.o
                0x200085a4                _logg
 .text.logg     0x200088e0       0xc4 ./src/SubSystemModules/Maintenance/Log.o
                0x200088e0                logg
 .text.setLogLevel
                0x200089a4       0x30 ./src/SubSystemModules/Maintenance/Log.o
                0x200089a4                setLogLevel
 .text.getLogLevel
                0x200089d4       0x24 ./src/SubSystemModules/Maintenance/Log.o
                0x200089d4                getLogLevel
 .text.initLog  0x200089f8       0x34 ./src/SubSystemModules/Maintenance/Log.o
                0x200089f8                initLog
 .text.getLastErrorMsgSize
                0x20008a2c       0x24 ./src/SubSystemModules/Maintenance/Log.o
                0x20008a2c                getLastErrorMsgSize
 .text.copyLastErrorMsg
                0x20008a50       0x60 ./src/SubSystemModules/Maintenance/Log.o
                0x20008a50                copyLastErrorMsg
 .text.getLog_TLM
                0x20008ab0       0xb0 ./src/SubSystemModules/Maintenance/Log.o
                0x20008ab0                getLog_TLM
 .text.CheckExecutionTime
                0x20008b60       0x90 ./src/SubSystemModules/Maintenance/Maintenance.o
                0x20008b60                CheckExecutionTime
 .text.SaveSatTimeInFRAM
                0x20008bf0       0x44 ./src/SubSystemModules/Maintenance/Maintenance.o
                0x20008bf0                SaveSatTimeInFRAM
 .text.IsFS_Corrupted
                0x20008c34       0x48 ./src/SubSystemModules/Maintenance/Maintenance.o
                0x20008c34                IsFS_Corrupted
 .text.WakeupFromResetCMD
                0x20008c7c       0xfc ./src/SubSystemModules/Maintenance/Maintenance.o
                0x20008c7c                WakeupFromResetCMD
 .text.ResetGroundCommWDT
                0x20008d78       0x1c ./src/SubSystemModules/Maintenance/Maintenance.o
                0x20008d78                ResetGroundCommWDT
 .text.IsGroundCommunicationWDTKick
                0x20008d94       0xd0 ./src/SubSystemModules/Maintenance/Maintenance.o
                0x20008d94                IsGroundCommunicationWDTKick
 .text.GetGsWdtKickTime
                0x20008e64       0x38 ./src/SubSystemModules/Maintenance/Maintenance.o
                0x20008e64                GetGsWdtKickTime
 .text.Maintenance
                0x20008e9c       0x48 ./src/SubSystemModules/Maintenance/Maintenance.o
                0x20008e9c                Maintenance
 .text.InitDump
                0x20008ee4       0xa0 ./src/SubSystemModules/Housekepping/Dump.o
                0x20008ee4                InitDump
 .text.FinishDump
                0x20008f84       0xd8 ./src/SubSystemModules/Housekepping/Dump.o
                0x20008f84                FinishDump
 .text.SendDumpAbortRequest
                0x2000905c       0xa0 ./src/SubSystemModules/Housekepping/Dump.o
                0x2000905c                SendDumpAbortRequest
 .text.CheckDumpAbort
                0x200090fc       0x58 ./src/SubSystemModules/Housekepping/Dump.o
                0x200090fc                CheckDumpAbort
 .text.getTelemetryMetaData
                0x20009154       0x7c ./src/SubSystemModules/Housekepping/Dump.o
                0x20009154                getTelemetryMetaData
 .text.send     0x200091d0       0xc0 ./src/SubSystemModules/Housekepping/Dump.o
                0x200091d0                send
 .text.DumpStart
                0x20009290      0x338 ./src/SubSystemModules/Housekepping/Dump.o
                0x20009290                DumpStart
 .text.DumpTask
                0x200095c8       0x34 ./src/SubSystemModules/Housekepping/Dump.o
                0x200095c8                DumpTask
 .text.DumpTelemetry
                0x200095fc      0x1cc ./src/SubSystemModules/Housekepping/Dump.o
                0x200095fc                DumpTelemetry
 .text.CalcPacketSize
                0x200097c8       0xbc ./src/SubSystemModules/Housekepping/Dump.o
                0x200097c8                CalcPacketSize
 .text.SendAll  0x20009884      0x1d8 ./src/SubSystemModules/Housekepping/Dump.o
                0x20009884                SendAll
 .text.CMD_GetDumpByIndex
                0x20009a5c      0x1dc ./src/SubSystemModules/Housekepping/Dump.o
                0x20009a5c                CMD_GetDumpByIndex
 .text.FirstScan
                0x20009c38      0x46c ./src/SubSystemModules/Housekepping/Dump.o
                0x20009c38                FirstScan
 .text.AddTime  0x2000a0a4       0x80 ./src/SubSystemModules/Housekepping/TelemetryCollector.o
                0x2000a0a4                AddTime
 .text.InitTelemetryCollector
                0x2000a124       0x28 ./src/SubSystemModules/Housekepping/TelemetryCollector.o
                0x2000a124                InitTelemetryCollector
 .text.GetTelemetryFilenameByType
                0x2000a14c      0x264 ./src/SubSystemModules/Housekepping/TelemetryCollector.o
                0x2000a14c                GetTelemetryFilenameByType
 .text.TelemetryCollectorLogic
                0x2000a3b0      0x1ac ./src/SubSystemModules/Housekepping/TelemetryCollector.o
                0x2000a3b0                TelemetryCollectorLogic
 .text.TelemetryCreateFiles
                0x2000a55c      0x2e4 ./src/SubSystemModules/Housekepping/TelemetryCollector.o
                0x2000a55c                TelemetryCreateFiles
 .text.to_hk_eps_eng
                0x2000a840      0x418 ./src/SubSystemModules/Housekepping/TelemetryCollector.o
                0x2000a840                to_hk_eps_eng
 .text.TelemetrySaveEPS
                0x2000ac58      0x148 ./src/SubSystemModules/Housekepping/TelemetryCollector.o
                0x2000ac58                TelemetrySaveEPS
 .text.CMD_getEPS_ENG_TLM
                0x2000ada0       0x88 ./src/SubSystemModules/Housekepping/TelemetryCollector.o
                0x2000ada0                CMD_getEPS_ENG_TLM
 .text.CMD_getEPS_RAW_TLM
                0x2000ae28       0x88 ./src/SubSystemModules/Housekepping/TelemetryCollector.o
                0x2000ae28                CMD_getEPS_RAW_TLM
 .text.CMD_getEPS_AVG_TLM
                0x2000aeb0       0x88 ./src/SubSystemModules/Housekepping/TelemetryCollector.o
                0x2000aeb0                CMD_getEPS_AVG_TLM
 .text.TelemetrySaveTRXVU
                0x2000af38       0xd0 ./src/SubSystemModules/Housekepping/TelemetryCollector.o
                0x2000af38                TelemetrySaveTRXVU
 .text.CMD_getTX_TLM
                0x2000b008       0xa8 ./src/SubSystemModules/Housekepping/TelemetryCollector.o
                0x2000b008                CMD_getTX_TLM
 .text.CMD_getRX_TLM
                0x2000b0b0       0x98 ./src/SubSystemModules/Housekepping/TelemetryCollector.o
                0x2000b0b0                CMD_getRX_TLM
 .text.TelemetrySaveANT
                0x2000b148      0x158 ./src/SubSystemModules/Housekepping/TelemetryCollector.o
                0x2000b148                TelemetrySaveANT
 .text.CMD_getAnts_A_TLM
                0x2000b2a0       0x70 ./src/SubSystemModules/Housekepping/TelemetryCollector.o
                0x2000b2a0                CMD_getAnts_A_TLM
 .text.CMD_getAnts_B_TLM
                0x2000b310       0x70 ./src/SubSystemModules/Housekepping/TelemetryCollector.o
                0x2000b310                CMD_getAnts_B_TLM
 .text.SolarPanelv2_Temperature
                0x2000b380      0x138 ./src/SubSystemModules/Housekepping/TelemetryCollector.o
                0x2000b380                SolarPanelv2_Temperature
 .text.CMD_getSolar_TLM
                0x2000b4b8       0x64 ./src/SubSystemModules/Housekepping/TelemetryCollector.o
                0x2000b4b8                CMD_getSolar_TLM
 .text.GetCurrentWODTelemetry
                0x2000b51c      0x18c ./src/SubSystemModules/Housekepping/TelemetryCollector.o
                0x2000b51c                GetCurrentWODTelemetry
 .text.CMD_getWOD_TLM
                0x2000b6a8       0x50 ./src/SubSystemModules/Housekepping/TelemetryCollector.o
                0x2000b6a8                CMD_getWOD_TLM
 .text.CMD_getLOG_TLM
                0x2000b6f8       0x44 ./src/SubSystemModules/Housekepping/TelemetryCollector.o
                0x2000b6f8                CMD_getLOG_TLM
 .text.TelemetrySavePIC32
                0x2000b73c       0x88 ./src/SubSystemModules/Housekepping/TelemetryCollector.o
                0x2000b73c                TelemetrySavePIC32
 .text.TelemetrySaveRADFET
                0x2000b7c4       0x88 ./src/SubSystemModules/Housekepping/TelemetryCollector.o
                0x2000b7c4                TelemetrySaveRADFET
 .text.CMD_getPic32_TLM
                0x2000b84c       0xb4 ./src/SubSystemModules/Housekepping/TelemetryCollector.o
                0x2000b84c                CMD_getPic32_TLM
 .text.CMD_getRadfet_TLM
                0x2000b900       0xb8 ./src/SubSystemModules/Housekepping/TelemetryCollector.o
                0x2000b900                CMD_getRadfet_TLM
 .text.CMD_EPS_ResetWDT
                0x2000b9b8       0x2c ./src/SubSystemModules/Communication/SubsystemCommands/EPS_Commands.o
                0x2000b9b8                CMD_EPS_ResetWDT
 .text.CMD_EPS_SetChannelStateOn
                0x2000b9e4       0xa4 ./src/SubSystemModules/Communication/SubsystemCommands/EPS_Commands.o
                0x2000b9e4                CMD_EPS_SetChannelStateOn
 .text.CMD_EPS_SetChannelStateOff
                0x2000ba88       0x9c ./src/SubSystemModules/Communication/SubsystemCommands/EPS_Commands.o
                0x2000ba88                CMD_EPS_SetChannelStateOff
 .text.CMD_DeleteFileByTime
                0x2000bb24      0x110 ./src/SubSystemModules/Communication/SubsystemCommands/FS_Commands.o
                0x2000bb24                CMD_DeleteFileByTime
 .text.CMD_DeleteFilesOfType
                0x2000bc34       0xa8 ./src/SubSystemModules/Communication/SubsystemCommands/FS_Commands.o
                0x2000bc34                CMD_DeleteFilesOfType
 .text.CMD_DeleteFS
                0x2000bcdc       0x24 ./src/SubSystemModules/Communication/SubsystemCommands/FS_Commands.o
                0x2000bcdc                CMD_DeleteFS
 .text.CMD_GetLastFS_Error
                0x2000bd00       0x40 ./src/SubSystemModules/Communication/SubsystemCommands/FS_Commands.o
                0x2000bd00                CMD_GetLastFS_Error
 .text.CMD_FreeSpace
                0x2000bd40       0x58 ./src/SubSystemModules/Communication/SubsystemCommands/FS_Commands.o
                0x2000bd40                CMD_FreeSpace
 .text.CMD_isFS_Corrupt
                0x2000bd98       0x40 ./src/SubSystemModules/Communication/SubsystemCommands/FS_Commands.o
                0x2000bd98                CMD_isFS_Corrupt
 .text.CMD_GenericI2C
                0x2000bdd8      0x168 ./src/SubSystemModules/Communication/SubsystemCommands/Maintanence_Commands.o
                0x2000bdd8                CMD_GenericI2C
 .text.CMD_FRAM_ReadAndTransmitt
                0x2000bf40      0x128 ./src/SubSystemModules/Communication/SubsystemCommands/Maintanence_Commands.o
                0x2000bf40                CMD_FRAM_ReadAndTransmitt
 .text.CMD_FRAM_WriteAndTransmitt
                0x2000c068      0x13c ./src/SubSystemModules/Communication/SubsystemCommands/Maintanence_Commands.o
                0x2000c068                CMD_FRAM_WriteAndTransmitt
 .text.CMD_FRAM_Start
                0x2000c1a4       0x58 ./src/SubSystemModules/Communication/SubsystemCommands/Maintanence_Commands.o
                0x2000c1a4                CMD_FRAM_Start
 .text.CMD_FRAM_Stop
                0x2000c1fc       0x3c ./src/SubSystemModules/Communication/SubsystemCommands/Maintanence_Commands.o
                0x2000c1fc                CMD_FRAM_Stop
 .text.CMD_FRAM_Restart
                0x2000c238       0x40 ./src/SubSystemModules/Communication/SubsystemCommands/Maintanence_Commands.o
                0x2000c238                CMD_FRAM_Restart
 .text.CMD_UpdateSatTime
                0x2000c278       0xb4 ./src/SubSystemModules/Communication/SubsystemCommands/Maintanence_Commands.o
                0x2000c278                CMD_UpdateSatTime
 .text.CMD_GetSatTime
                0x2000c32c       0x78 ./src/SubSystemModules/Communication/SubsystemCommands/Maintanence_Commands.o
                0x2000c32c                CMD_GetSatTime
 .text.CMD_GetSatUptime
                0x2000c3a4       0x60 ./src/SubSystemModules/Communication/SubsystemCommands/Maintanence_Commands.o
                0x2000c3a4                CMD_GetSatUptime
 .text.CMD_AntennaDeploy
                0x2000c404       0x40 ./src/SubSystemModules/Communication/SubsystemCommands/Maintanence_Commands.o
                0x2000c404                CMD_AntennaDeploy
 .text.CMD_setLogLevel
                0x2000c444       0x94 ./src/SubSystemModules/Communication/SubsystemCommands/Maintanence_Commands.o
                0x2000c444                CMD_setLogLevel
 .text.CMD_getLogLevel
                0x2000c4d8       0x9c ./src/SubSystemModules/Communication/SubsystemCommands/Maintanence_Commands.o
                0x2000c4d8                CMD_getLogLevel
 .text.CMD_SetTLM_CollectionCycle
                0x2000c574      0x1a0 ./src/SubSystemModules/Communication/SubsystemCommands/Maintanence_Commands.o
                0x2000c574                CMD_SetTLM_CollectionCycle
 .text.CMD_GetTLM_CollectionCycle
                0x2000c714      0x170 ./src/SubSystemModules/Communication/SubsystemCommands/Maintanence_Commands.o
                0x2000c714                CMD_GetTLM_CollectionCycle
 .text.CMD_ResetComponent
                0x2000c884      0x264 ./src/SubSystemModules/Communication/SubsystemCommands/Maintanence_Commands.o
                0x2000c884                CMD_ResetComponent
 .text.CMD_StartDump
                0x2000cae8       0x34 ./src/SubSystemModules/Communication/SubsystemCommands/TRXVU_Commands.o
                0x2000cae8                CMD_StartDump
 .text.CMD_SendDumpAbortRequest
                0x2000cb1c       0x24 ./src/SubSystemModules/Communication/SubsystemCommands/TRXVU_Commands.o
                0x2000cb1c                CMD_SendDumpAbortRequest
 .text.CMD_MuteTRXVU
                0x2000cb40       0x5c ./src/SubSystemModules/Communication/SubsystemCommands/TRXVU_Commands.o
                0x2000cb40                CMD_MuteTRXVU
 .text.CMD_UnMuteTRXVU
                0x2000cb9c       0x24 ./src/SubSystemModules/Communication/SubsystemCommands/TRXVU_Commands.o
                0x2000cb9c                CMD_UnMuteTRXVU
 .text.CMD_GetBeaconInterval
                0x2000cbc0       0x60 ./src/SubSystemModules/Communication/SubsystemCommands/TRXVU_Commands.o
                0x2000cbc0                CMD_GetBeaconInterval
 .text.CMD_GetTxUptime
                0x2000cc20       0x5c ./src/SubSystemModules/Communication/SubsystemCommands/TRXVU_Commands.o
                0x2000cc20                CMD_GetTxUptime
 .text.CMD_GetRxUptime
                0x2000cc7c       0x5c ./src/SubSystemModules/Communication/SubsystemCommands/TRXVU_Commands.o
                0x2000cc7c                CMD_GetRxUptime
 .text.CMD_GetNumOfOnlineCommands
                0x2000ccd8       0x54 ./src/SubSystemModules/Communication/SubsystemCommands/TRXVU_Commands.o
                0x2000ccd8                CMD_GetNumOfOnlineCommands
 .text.CMD_AntSetArmStatus
                0x2000cd2c       0x9c ./src/SubSystemModules/Communication/SubsystemCommands/TRXVU_Commands.o
                0x2000cd2c                CMD_AntSetArmStatus
 .text.CMD_AntGetArmStatus
                0x2000cdc8       0x64 ./src/SubSystemModules/Communication/SubsystemCommands/TRXVU_Commands.o
                0x2000cdc8                CMD_AntGetArmStatus
 .text.CMD_AntGetUptime
                0x2000ce2c       0x6c ./src/SubSystemModules/Communication/SubsystemCommands/TRXVU_Commands.o
                0x2000ce2c                CMD_AntGetUptime
 .text.CMD_AntCancelDeployment
                0x2000ce98       0x40 ./src/SubSystemModules/Communication/SubsystemCommands/TRXVU_Commands.o
                0x2000ce98                CMD_AntCancelDeployment
 .text.CMD_AntStopAutoDeployment
                0x2000ced8       0x48 ./src/SubSystemModules/Communication/SubsystemCommands/TRXVU_Commands.o
                0x2000ced8                CMD_AntStopAutoDeployment
 .text.SendAckPacket
                0x2000cf20       0xe0 ./src/SubSystemModules/Communication/AckHandler.o
                0x2000cf20                SendAckPacket
 .text.SendErrorMSG
                0x2000d000       0xc4 ./src/SubSystemModules/Communication/AckHandler.o
                0x2000d000                SendErrorMSG
 .text.ActUponCommand
                0x2000d0c4      0x1ac ./src/SubSystemModules/Communication/ActUponCommand.o
                0x2000d0c4                ActUponCommand
 .text.InitBeaconParams
                0x2000d270       0x74 ./src/SubSystemModules/Communication/Beacon.o
                0x2000d270                InitBeaconParams
 .text.BeaconLogic
                0x2000d2e4      0x13c ./src/SubSystemModules/Communication/Beacon.o
                0x2000d2e4                BeaconLogic
 .text.UpdateBeaconInterval
                0x2000d420       0xe8 ./src/SubSystemModules/Communication/Beacon.o
                0x2000d420                UpdateBeaconInterval
 .text.trxvu_command_router
                0x2000d508      0x260 ./src/SubSystemModules/Communication/CommandDictionary.o
                0x2000d508                trxvu_command_router
 .text.eps_command_router
                0x2000d768       0xfc ./src/SubSystemModules/Communication/CommandDictionary.o
                0x2000d768                eps_command_router
 .text.telemetry_command_router
                0x2000d864      0x1b0 ./src/SubSystemModules/Communication/CommandDictionary.o
                0x2000d864                telemetry_command_router
 .text.managment_command_router
                0x2000da14      0x2a8 ./src/SubSystemModules/Communication/CommandDictionary.o
                0x2000da14                managment_command_router
 .text.filesystem_command_router
                0x2000dcbc      0x108 ./src/SubSystemModules/Communication/CommandDictionary.o
                0x2000dcbc                filesystem_command_router
 .text.AssembleCommand
                0x2000ddc4      0x244 ./src/SubSystemModules/Communication/SatCommandHandler.o
                0x2000ddc4                AssembleCommand
 .text.ParseDataToCommand
                0x2000e008      0x2bc ./src/SubSystemModules/Communication/SatCommandHandler.o
                0x2000e008                ParseDataToCommand
 .text.GetOnlineCommand
                0x2000e2c4      0x134 ./src/SubSystemModules/Communication/SatCommandHandler.o
                0x2000e2c4                GetOnlineCommand
 .text.InitTxModule
                0x2000e3f8       0xec ./src/SubSystemModules/Communication/SatDataTx.o
                0x2000e3f8                InitTxModule
 .text.muteTRXVU
                0x2000e4e4       0xbc ./src/SubSystemModules/Communication/SatDataTx.o
                0x2000e4e4                muteTRXVU
 .text.UnMuteTRXVU
                0x2000e5a0       0x60 ./src/SubSystemModules/Communication/SatDataTx.o
                0x2000e5a0                UnMuteTRXVU
 .text.GetMuteFlag
                0x2000e600       0x24 ./src/SubSystemModules/Communication/SatDataTx.o
                0x2000e600                GetMuteFlag
 .text.CheckForMuteEnd
                0x2000e624       0x70 ./src/SubSystemModules/Communication/SatDataTx.o
                0x2000e624                CheckForMuteEnd
 .text.GetNumberOfFramesInBuffer
                0x2000e694       0x50 ./src/SubSystemModules/Communication/SatDataTx.o
                0x2000e694                GetNumberOfFramesInBuffer
 .text.CheckTransmitionAllowed
                0x2000e6e4       0x98 ./src/SubSystemModules/Communication/SatDataTx.o
                0x2000e6e4                CheckTransmitionAllowed
 .text.TransmitDataAsSPL_Packet
                0x2000e77c      0x18c ./src/SubSystemModules/Communication/SatDataTx.o
                0x2000e77c                TransmitDataAsSPL_Packet
 .text.TransmitSplPacket
                0x2000e908       0xf0 ./src/SubSystemModules/Communication/SatDataTx.o
                0x2000e908                TransmitSplPacket
 .text.vu_getFrequenciesTest_revE
                0x2000e9f8      0x120 ./src/SubSystemModules/Communication/TRXVU.o
                0x2000e9f8                vu_getFrequenciesTest_revE
 .text.setLastAntsAutoDeploymentTime
                0x2000eb18       0x3c ./src/SubSystemModules/Communication/TRXVU.o
                0x2000eb18                setLastAntsAutoDeploymentTime
 .text.HandleOpenAnts
                0x2000eb54       0x54 ./src/SubSystemModules/Communication/TRXVU.o
                0x2000eb54                HandleOpenAnts
 .text.SetIdleOff
                0x2000eba8       0x94 ./src/SubSystemModules/Communication/TRXVU.o
                0x2000eba8                SetIdleOff
 .text.HandleIdleAndMuteTime
                0x2000ec3c       0x9c ./src/SubSystemModules/Communication/TRXVU.o
                0x2000ec3c                HandleIdleAndMuteTime
 .text.HandleTransponderTime
                0x2000ecd8       0x40 ./src/SubSystemModules/Communication/TRXVU.o
                0x2000ecd8                HandleTransponderTime
 .text.InitAnts
                0x2000ed18       0x6c ./src/SubSystemModules/Communication/TRXVU.o
                0x2000ed18                InitAnts
 .text.get_ground_tx_bitrate
                0x2000ed84       0xa0 ./src/SubSystemModules/Communication/TRXVU.o
                0x2000ed84                get_ground_tx_bitrate
 .text.tx_bitrate_to_i2c
                0x2000ee24       0x68 ./src/SubSystemModules/Communication/TRXVU.o
                0x2000ee24                tx_bitrate_to_i2c
 .text.SetBitRate
                0x2000ee8c      0x14c ./src/SubSystemModules/Communication/TRXVU.o
                0x2000ee8c                SetBitRate
 .text.SetRxFreq
                0x2000efd8       0xfc ./src/SubSystemModules/Communication/TRXVU.o
                0x2000efd8                SetRxFreq
 .text.SetTxFreq
                0x2000f0d4       0xe8 ./src/SubSystemModules/Communication/TRXVU.o
                0x2000f0d4                SetTxFreq
 .text.SetFreqAndBitrate
                0x2000f1bc       0x18 ./src/SubSystemModules/Communication/TRXVU.o
                0x2000f1bc                SetFreqAndBitrate
 .text.InitTrxvu
                0x2000f1d4       0xbc ./src/SubSystemModules/Communication/TRXVU.o
                0x2000f1d4                InitTrxvu
 .text.TRX_Logic
                0x2000f290      0x16c ./src/SubSystemModules/Communication/TRXVU.o
                0x2000f290                TRX_Logic
 .text.CMD_SetIdleOn
                0x2000f3fc       0xfc ./src/SubSystemModules/Communication/TRXVU.o
                0x2000f3fc                CMD_SetIdleOn
 .text.CMD_SetIdleOff
                0x2000f4f8       0x28 ./src/SubSystemModules/Communication/TRXVU.o
                0x2000f4f8                CMD_SetIdleOff
 .text.areAntennasOpen
                0x2000f520       0x7c ./src/SubSystemModules/Communication/TRXVU.o
                0x2000f520                areAntennasOpen
 .text.initTransponder
                0x2000f59c      0x100 ./src/SubSystemModules/Communication/Transponder.o
                0x2000f59c                initTransponder
 .text.set_transonder_mode
                0x2000f69c       0xa8 ./src/SubSystemModules/Communication/Transponder.o
                0x2000f69c                set_transonder_mode
 .text.set_transponder_RSSI
                0x2000f744       0x58 ./src/SubSystemModules/Communication/Transponder.o
                0x2000f744                set_transponder_RSSI
 .text.CMD_turnOnTransponder
                0x2000f79c      0x258 ./src/SubSystemModules/Communication/Transponder.o
                0x2000f79c                CMD_turnOnTransponder
 .text.CMD_set_transponder_RSSI
                0x2000f9f4       0xc4 ./src/SubSystemModules/Communication/Transponder.o
                0x2000f9f4                CMD_set_transponder_RSSI
 .text.CMD_turnOffTransponder
                0x2000fab8       0x3c ./src/SubSystemModules/Communication/Transponder.o
                0x2000fab8                CMD_turnOffTransponder
 .text.getTransponderMode
                0x2000faf4       0x24 ./src/SubSystemModules/Communication/Transponder.o
                0x2000faf4                getTransponderMode
 .text.checkEndTransponderMode
                0x2000fb18       0x80 ./src/SubSystemModules/Communication/Transponder.o
                0x2000fb18                checkEndTransponderMode
 .text.getDuration
                0x2000fb98       0x80 ./src/SubSystemModules/Communication/Transponder.o
                0x2000fb98                getDuration
 .text.SolarPanelv2Init
                0x2000fc18       0xc4 ./src/InitSystem.o
                0x2000fc18                SolarPanelv2Init
 .text.isFirstActivation
                0x2000fcdc       0x74 ./src/InitSystem.o
                0x2000fcdc                isFirstActivation
 .text.firstActivationProcedure
                0x2000fd50      0x15c ./src/InitSystem.o
                0x2000fd50                firstActivationProcedure
 .text.StartFRAM
                0x2000feac       0x18 ./src/InitSystem.o
                0x2000feac                StartFRAM
 .text.StartI2C
                0x2000fec4       0x24 ./src/InitSystem.o
                0x2000fec4                StartI2C
 .text.StartSPI
                0x2000fee8       0x20 ./src/InitSystem.o
                0x2000fee8                StartSPI
 .text.StartTIME
                0x2000ff08       0xd4 ./src/InitSystem.o
                0x2000ff08                StartTIME
 .text.autoDeploy
                0x2000ffdc      0x15c ./src/InitSystem.o
                0x2000ffdc                autoDeploy
 .text.DeploySystem
                0x20010138       0x58 ./src/InitSystem.o
                0x20010138                DeploySystem
 .text.InitSubsystems
                0x20010190      0x2e8 ./src/InitSystem.o
                0x20010190                InitSubsystems
 .text.getSdIndex
                0x20010478       0x44 ./src/TLM_management.o
 .text.setSdIndex
                0x200104bc       0x4c ./src/TLM_management.o
 .text.sd_format
                0x20010508       0x28 ./src/TLM_management.o
                0x20010508                sd_format
 .text.getNumOfFilesInFS
                0x20010530       0x44 ./src/TLM_management.o
 .text.setNumOfFilesInFS
                0x20010574       0x48 ./src/TLM_management.o
 .text.f_managed_enterFS
                0x200105bc       0x18 ./src/TLM_management.o
                0x200105bc                f_managed_enterFS
 .text.f_managed_open
                0x200105d4       0x60 ./src/TLM_management.o
                0x200105d4                f_managed_open
 .text.f_managed_close
                0x20010634       0x3c ./src/TLM_management.o
                0x20010634                f_managed_close
 .text.createSemahores_FS
                0x20010670       0x78 ./src/TLM_management.o
                0x20010670                createSemahores_FS
 .text.formatAndCreateFiles
                0x200106e8       0x68 ./src/TLM_management.o
                0x200106e8                formatAndCreateFiles
 .text.InitializeFS
                0x20010750      0x150 ./src/TLM_management.o
                0x20010750                InitializeFS
 .text.c_fileCreate
                0x200108a0      0x12c ./src/TLM_management.o
                0x200108a0                c_fileCreate
 .text.writewithEpochtime
                0x200109cc       0x90 ./src/TLM_management.o
 .text.write    0x20010a5c       0x3c ./src/TLM_management.o
 .text.get_C_FILE_struct
                0x20010a98       0xe4 ./src/TLM_management.o
                0x20010a98                get_C_FILE_struct
 .text.getFileIndex
                0x20010b7c       0x84 ./src/TLM_management.o
                0x20010b7c                getFileIndex
 .text.get_file_name_by_index
                0x20010c00       0x44 ./src/TLM_management.o
                0x20010c00                get_file_name_by_index
 .text.c_fileWrite
                0x20010c44       0x38 ./src/TLM_management.o
                0x20010c44                c_fileWrite
 .text._c_fileWrite
                0x20010c7c      0x194 ./src/TLM_management.o
                0x20010c7c                _c_fileWrite
 .text.deleteElementsFromFile
                0x20010e10      0x1a0 ./src/TLM_management.o
 .text.c_fileGetSizeOfElement
                0x20010fb0       0x5c ./src/TLM_management.o
                0x20010fb0                c_fileGetSizeOfElement
 .text.c_fileDeleteElements
                0x2001100c      0x158 ./src/TLM_management.o
                0x2001100c                c_fileDeleteElements
 .text.DeInitializeFS
                0x20011164       0x78 ./src/TLM_management.o
                0x20011164                DeInitializeFS
 .text.taskMain
                0x200111dc       0x6c ./src/main.o
                0x200111dc                taskMain
 .text.main     0x20011248       0x98 ./src/main.o
                0x20011248                main
 .text.clearPDCtransfers
                0x200112e0       0xe8 C:/Users/ground/Documents/GitHub/tevel2/GlobusSatProject/..//hal/hal/lib\libHALD.a(SPI.o)
 .text.SPI_start
                0x200113c8      0x4b0 C:/Users/ground/Documents/GitHub/tevel2/GlobusSatProject/..//hal/hal/lib\libHALD.a(SPI.o)
                0x200113c8                SPI_start
 .text.SPI_stop
                0x20011878      0x244 C:/Users/ground/Documents/GitHub/tevel2/GlobusSatProject/..//hal/hal/lib\libHALD.a(SPI.o)
                0x20011878                SPI_stop
 .text.SPI_queueTransfer
                0x20011abc      0x1cc C:/Users/ground/Documents/GitHub/tevel2/GlobusSatProject/..//hal/hal/lib\libHALD.a(SPI.o)
                0x20011abc                SPI_queueTransfer
 .text.SPI_internalCallback
                0x20011c88       0x64 C:/Users/ground/Documents/GitHub/tevel2/GlobusSatProject/..//hal/hal/lib\libHALD.a(SPI.o)
 .text.SPI_writeRead
                0x20011cec      0x1c0 C:/Users/ground/Documents/GitHub/tevel2/GlobusSatProject/..//hal/hal/lib\libHALD.a(SPI.o)
                0x20011cec                SPI_writeRead
 .text.waitForTransfer
                0x20011eac       0x78 C:/Users/ground/Documents/GitHub/tevel2/GlobusSatProject/..//hal/hal/lib\libHALD.a(SPI.o)
 .text.SPI_getDriverState
                0x20011f24       0x58 C:/Users/ground/Documents/GitHub/tevel2/GlobusSatProject/..//hal/hal/lib\libHALD.a(SPI.o)
                0x20011f24                SPI_getDriverState
 .text.validateTransferParameters
                0x20011f7c      0x10c C:/Users/ground/Documents/GitHub/tevel2/GlobusSatProject/..//hal/hal/lib\libHALD.a(I2C.o)
 .text.I2C_queueTransfer
                0x20012088       0xfc C:/Users/ground/Documents/GitHub/tevel2/GlobusSatProject/..//hal/hal/lib\libHALD.a(I2C.o)
                0x20012088                I2C_queueTransfer
 .text.I2C_internalCallback
                0x20012184       0x64 C:/Users/ground/Documents/GitHub/tevel2/GlobusSatProject/..//hal/hal/lib\libHALD.a(I2C.o)
 .text.I2C_doBlockingTransfer
                0x200121e8      0x180 C:/Users/ground/Documents/GitHub/tevel2/GlobusSatProject/..//hal/hal/lib\libHALD.a(I2C.o)
 .text.I2C_write
                0x20012368      0x110 C:/Users/ground/Documents/GitHub/tevel2/GlobusSatProject/..//hal/hal/lib\libHALD.a(I2C.o)
                0x20012368                I2C_write
 .text.I2C_read
                0x20012478      0x110 C:/Users/ground/Documents/GitHub/tevel2/GlobusSatProject/..//hal/hal/lib\libHALD.a(I2C.o)
                0x20012478                I2C_read
 .text.I2C_writeRead
                0x20012588      0x17c C:/Users/ground/Documents/GitHub/tevel2/GlobusSatProject/..//hal/hal/lib\libHALD.a(I2C.o)
                0x20012588                I2C_writeRead
 .text.I2C_start
                0x20012704      0x2e8 C:/Users/ground/Documents/GitHub/tevel2/GlobusSatProject/..//hal/hal/lib\libHALD.a(I2C.o)
                0x20012704                I2C_start
 .text.I2C_stop
                0x200129ec      0x184 C:/Users/ground/Documents/GitHub/tevel2/GlobusSatProject/..//hal/hal/lib\libHALD.a(I2C.o)
                0x200129ec                I2C_stop
 .text.I2C_setTransferTimeout
                0x20012b70       0x48 C:/Users/ground/Documents/GitHub/tevel2/GlobusSatProject/..//hal/hal/lib\libHALD.a(I2C.o)
                0x20012b70                I2C_setTransferTimeout
 .text.FRAM_start
                0x20012bb8      0x120 C:/Users/ground/Documents/GitHub/tevel2/GlobusSatProject/..//hal/hal/lib\libHALD.a(FRAM.o)
                0x20012bb8                FRAM_start
 .text.FRAM_stop
                0x20012cd8       0x6c C:/Users/ground/Documents/GitHub/tevel2/GlobusSatProject/..//hal/hal/lib\libHALD.a(FRAM.o)
                0x20012cd8                FRAM_stop
 .text.FRAM_dummyCallback
                0x20012d44       0x24 C:/Users/ground/Documents/GitHub/tevel2/GlobusSatProject/..//hal/hal/lib\libHALD.a(FRAM.o)
                0x20012d44                FRAM_dummyCallback
 .text.FRAM_unlockingCallback
                0x20012d68       0x64 C:/Users/ground/Documents/GitHub/tevel2/GlobusSatProject/..//hal/hal/lib\libHALD.a(FRAM.o)
                0x20012d68                FRAM_unlockingCallback
 .text.doBlockingTransfer
                0x20012dcc       0x78 C:/Users/ground/Documents/GitHub/tevel2/GlobusSatProject/..//hal/hal/lib\libHALD.a(FRAM.o)
 .text.FRAM_writePacket
                0x20012e44      0x134 C:/Users/ground/Documents/GitHub/tevel2/GlobusSatProject/..//hal/hal/lib\libHALD.a(FRAM.o)
 .text.FRAM_write
                0x20012f78      0x1e0 C:/Users/ground/Documents/GitHub/tevel2/GlobusSatProject/..//hal/hal/lib\libHALD.a(FRAM.o)
                0x20012f78                FRAM_write
 .text.FRAM_readPacket
                0x20013158       0xf0 C:/Users/ground/Documents/GitHub/tevel2/GlobusSatProject/..//hal/hal/lib\libHALD.a(FRAM.o)
 .text.FRAM_read
                0x20013248      0x1ec C:/Users/ground/Documents/GitHub/tevel2/GlobusSatProject/..//hal/hal/lib\libHALD.a(FRAM.o)
                0x20013248                FRAM_read
 .text.Time_start
                0x20013434      0x170 C:/Users/ground/Documents/GitHub/tevel2/GlobusSatProject/..//hal/hal/lib\libHALD.a(Time.o)
                0x20013434                Time_start
 .text.taskTimeSync
                0x200135a4       0x64 C:/Users/ground/Documents/GitHub/tevel2/GlobusSatProject/..//hal/hal/lib\libHALD.a(Time.o)
 .text.Time_convertEpochToTime
                0x20013608      0x100 C:/Users/ground/Documents/GitHub/tevel2/GlobusSatProject/..//hal/hal/lib\libHALD.a(Time.o)
                0x20013608                Time_convertEpochToTime
 .text.Time_calculateSecondsOfYear
                0x20013708       0xd8 C:/Users/ground/Documents/GitHub/tevel2/GlobusSatProject/..//hal/hal/lib\libHALD.a(Time.o)
 .text.Time_set
                0x200137e0       0xd8 C:/Users/ground/Documents/GitHub/tevel2/GlobusSatProject/..//hal/hal/lib\libHALD.a(Time.o)
                0x200137e0                Time_set
 .text.Time_isLeapYear
                0x200138b8       0x98 C:/Users/ground/Documents/GitHub/tevel2/GlobusSatProject/..//hal/hal/lib\libHALD.a(Time.o)
                0x200138b8                Time_isLeapYear
 .text.Time_get
                0x20013950      0x478 C:/Users/ground/Documents/GitHub/tevel2/GlobusSatProject/..//hal/hal/lib\libHALD.a(Time.o)
                0x20013950                Time_get
 .text.Time_getUnixEpoch
                0x20013dc8      0x108 C:/Users/ground/Documents/GitHub/tevel2/GlobusSatProject/..//hal/hal/lib\libHALD.a(Time.o)
                0x20013dc8                Time_getUnixEpoch
 .text.Time_secondsOfYearToTime
                0x20013ed0      0x33c C:/Users/ground/Documents/GitHub/tevel2/GlobusSatProject/..//hal/hal/lib\libHALD.a(Time.o)
 .text.Time_setUnixEpoch
                0x2001420c       0x54 C:/Users/ground/Documents/GitHub/tevel2/GlobusSatProject/..//hal/hal/lib\libHALD.a(Time.o)
                0x2001420c                Time_setUnixEpoch
 .text.Time_getUptimeSeconds
                0x20014260       0x28 C:/Users/ground/Documents/GitHub/tevel2/GlobusSatProject/..//hal/hal/lib\libHALD.a(Time.o)
                0x20014260                Time_getUptimeSeconds
 .text.Time_sync
                0x20014288      0x1a8 C:/Users/ground/Documents/GitHub/tevel2/GlobusSatProject/..//hal/hal/lib\libHALD.a(Time.o)
                0x20014288                Time_sync
 .text.Time_syncIfNeeded
                0x20014430       0xac C:/Users/ground/Documents/GitHub/tevel2/GlobusSatProject/..//hal/hal/lib\libHALD.a(Time.o)
                0x20014430                Time_syncIfNeeded
 .text.WDT_start
                0x200144dc       0x48 C:/Users/ground/Documents/GitHub/tevel2/GlobusSatProject/..//hal/hal/lib\libHALD.a(WatchDogTimerNoOS.o)
                0x200144dc                WDT_start
 .text.RTT_start
                0x20014524       0x24 C:/Users/ground/Documents/GitHub/tevel2/GlobusSatProject/..//hal/hal/lib\libHALD.a(RTT.o)
                0x20014524                RTT_start
 .text.RTT_GetTime
                0x20014548       0x24 C:/Users/ground/Documents/GitHub/tevel2/GlobusSatProject/..//hal/hal/lib\libHALD.a(RTT.o)
                0x20014548                RTT_GetTime
 .text.RTC_start
                0x2001456c       0x3c C:/Users/ground/Documents/GitHub/tevel2/GlobusSatProject/..//hal/hal/lib\libHALD.a(RTC.o)
                0x2001456c                RTC_start
 .text.RTC_setTime
                0x200145a8      0x2a4 C:/Users/ground/Documents/GitHub/tevel2/GlobusSatProject/..//hal/hal/lib\libHALD.a(RTC.o)
                0x200145a8                RTC_setTime
 .text.RTC_getTime
                0x2001484c      0x230 C:/Users/ground/Documents/GitHub/tevel2/GlobusSatProject/..//hal/hal/lib\libHALD.a(RTC.o)
                0x2001484c                RTC_getTime
 .text.RTC_checkTimeValid
                0x20014a7c       0xd8 C:/Users/ground/Documents/GitHub/tevel2/GlobusSatProject/..//hal/hal/lib\libHALD.a(RTC.o)
                0x20014a7c                RTC_checkTimeValid
 .text.WDT_startWatchdogKickTask
                0x20014b54       0xb4 C:/Users/ground/Documents/GitHub/tevel2/GlobusSatProject/..//hal/hal/lib\libHALD.a(WatchDogTimerOS.o)
                0x20014b54                WDT_startWatchdogKickTask
 .text.WDT_forceKickEveryNms
                0x20014c08       0x50 C:/Users/ground/Documents/GitHub/tevel2/GlobusSatProject/..//hal/hal/lib\libHALD.a(WatchDogTimerOS.o)
                0x20014c08                WDT_forceKickEveryNms
 .text.LED_glow
                0x20014c58       0x58 C:/Users/ground/Documents/GitHub/tevel2/GlobusSatProject/..//hal/hal/lib\libHALD.a(LED.o)
                0x20014c58                LED_glow
 .text.LED_dark
                0x20014cb0       0x58 C:/Users/ground/Documents/GitHub/tevel2/GlobusSatProject/..//hal/hal/lib\libHALD.a(LED.o)
                0x20014cb0                LED_dark
 .text.LED_toggle
                0x20014d08       0x50 C:/Users/ground/Documents/GitHub/tevel2/GlobusSatProject/..//hal/hal/lib\libHALD.a(LED.o)
                0x20014d08                LED_toggle
 .text.fm_initvolume
                0x20014d58       0x70 C:/Users/ground/Documents/GitHub/tevel2/GlobusSatProject/..//hal/hcc/lib\libHCCD.a(fat_m.o)
                0x20014d58                fm_initvolume
 .text.fm_delvolume
                0x20014dc8       0x60 C:/Users/ground/Documents/GitHub/tevel2/GlobusSatProject/..//hal/hcc/lib\libHCCD.a(fat_m.o)
                0x20014dc8                fm_delvolume
 .text.fm_format
                0x20014e28       0x68 C:/Users/ground/Documents/GitHub/tevel2/GlobusSatProject/..//hal/hcc/lib\libHCCD.a(fat_m.o)
                0x20014e28                fm_format
 .text.fm_getdrive
                0x20014e90       0x70 C:/Users/ground/Documents/GitHub/tevel2/GlobusSatProject/..//hal/hcc/lib\libHCCD.a(fat_m.o)
                0x20014e90                fm_getdrive
 .text.fm_getfreespace
                0x20014f00       0x68 C:/Users/ground/Documents/GitHub/tevel2/GlobusSatProject/..//hal/hcc/lib\libHCCD.a(fat_m.o)
                0x20014f00                fm_getfreespace
 .text.fm_mkdir
                0x20014f68       0x60 C:/Users/ground/Documents/GitHub/tevel2/GlobusSatProject/..//hal/hcc/lib\libHCCD.a(fat_m.o)
                0x20014f68                fm_mkdir
 .text.fm_rename
                0x20014fc8       0x68 C:/Users/ground/Documents/GitHub/tevel2/GlobusSatProject/..//hal/hcc/lib\libHCCD.a(fat_m.o)
                0x20014fc8                fm_rename
 .text.fm_filelength
                0x20015030       0x60 C:/Users/ground/Documents/GitHub/tevel2/GlobusSatProject/..//hal/hcc/lib\libHCCD.a(fat_m.o)
                0x20015030                fm_filelength
 .text.fm_close
                0x20015090       0x60 C:/Users/ground/Documents/GitHub/tevel2/GlobusSatProject/..//hal/hcc/lib\libHCCD.a(fat_m.o)
                0x20015090                fm_close
 .text.fm_flush
                0x200150f0       0x60 C:/Users/ground/Documents/GitHub/tevel2/GlobusSatProject/..//hal/hcc/lib\libHCCD.a(fat_m.o)
                0x200150f0                fm_flush
 .text.fm_open  0x20015150       0x68 C:/Users/ground/Documents/GitHub/tevel2/GlobusSatProject/..//hal/hcc/lib\libHCCD.a(fat_m.o)
                0x20015150                fm_open
 .text.fm_read  0x200151b8       0x7c C:/Users/ground/Documents/GitHub/tevel2/GlobusSatProject/..//hal/hcc/lib\libHCCD.a(fat_m.o)
                0x200151b8                fm_read
 .text.fm_write
                0x20015234       0x7c C:/Users/ground/Documents/GitHub/tevel2/GlobusSatProject/..//hal/hcc/lib\libHCCD.a(fat_m.o)
                0x20015234                fm_write
 .text.fm_seek  0x200152b0       0x70 C:/Users/ground/Documents/GitHub/tevel2/GlobusSatProject/..//hal/hcc/lib\libHCCD.a(fat_m.o)
                0x200152b0                fm_seek
 .text.fm_delete
                0x20015320       0x64 C:/Users/ground/Documents/GitHub/tevel2/GlobusSatProject/..//hal/hcc/lib\libHCCD.a(fat_m.o)
                0x20015320                fm_delete
 .text.fm_getlasterror
                0x20015384       0x40 C:/Users/ground/Documents/GitHub/tevel2/GlobusSatProject/..//hal/hcc/lib\libHCCD.a(fat_m.o)
                0x20015384                fm_getlasterror
 .text._f_invalidatedir
                0x200153c4       0x28 C:/Users/ground/Documents/GitHub/tevel2/GlobusSatProject/..//hal/hcc/lib\libHCCD.a(fat.o)
                0x200153c4                _f_invalidatedir
 .text._f_getdirsector
                0x200153ec       0x88 C:/Users/ground/Documents/GitHub/tevel2/GlobusSatProject/..//hal/hcc/lib\libHCCD.a(fat.o)
                0x200153ec                _f_getdirsector
 .text._f_writedirsector
                0x20015474       0x74 C:/Users/ground/Documents/GitHub/tevel2/GlobusSatProject/..//hal/hcc/lib\libHCCD.a(fat.o)
                0x20015474                _f_writedirsector
 .text._f_checknameinv
                0x200154e8      0x180 C:/Users/ground/Documents/GitHub/tevel2/GlobusSatProject/..//hal/hcc/lib\libHCCD.a(fat.o)
 .text._f_checkname
                0x20015668       0x7c C:/Users/ground/Documents/GitHub/tevel2/GlobusSatProject/..//hal/hcc/lib\libHCCD.a(fat.o)
 .text._f_checknamewc
                0x200156e4       0xf8 C:/Users/ground/Documents/GitHub/tevel2/GlobusSatProject/..//hal/hcc/lib\libHCCD.a(fat.o)
 .text._f_setnameext
                0x200157dc      0x300 C:/Users/ground/Documents/GitHub/tevel2/GlobusSatProject/..//hal/hcc/lib\libHCCD.a(fat.o)
 .text._f_setfsname
                0x20015adc      0x584 C:/Users/ground/Documents/GitHub/tevel2/GlobusSatProject/..//hal/hcc/lib\libHCCD.a(fat.o)
 .text._f_findfile
                0x20016060      0x30c C:/Users/ground/Documents/GitHub/tevel2/GlobusSatProject/..//hal/hcc/lib\libHCCD.a(fat.o)
 .text._f_findpath
                0x2001636c      0x35c C:/Users/ground/Documents/GitHub/tevel2/GlobusSatProject/..//hal/hcc/lib\libHCCD.a(fat.o)
 .text.fn_getdcwd
                0x200166c8      0x1e0 C:/Users/ground/Documents/GitHub/tevel2/GlobusSatProject/..//hal/hcc/lib\libHCCD.a(fat.o)
                0x200166c8                fn_getdcwd
 .text.fn_move  0x200168a8      0xad0 C:/Users/ground/Documents/GitHub/tevel2/GlobusSatProject/..//hal/hcc/lib\libHCCD.a(fat.o)
                0x200168a8                fn_move
 .text.fn_rename
                0x20017378      0x214 C:/Users/ground/Documents/GitHub/tevel2/GlobusSatProject/..//hal/hcc/lib\libHCCD.a(fat.o)
                0x20017378                fn_rename
 .text._f_lock_resfile
                0x2001758c       0x6c C:/Users/ground/Documents/GitHub/tevel2/GlobusSatProject/..//hal/hcc/lib\libHCCD.a(fat.o)
 .text._f_unlock_resfile
                0x200175f8       0x40 C:/Users/ground/Documents/GitHub/tevel2/GlobusSatProject/..//hal/hcc/lib\libHCCD.a(fat.o)
 .text._f_getintfile
                0x20017638      0x124 C:/Users/ground/Documents/GitHub/tevel2/GlobusSatProject/..//hal/hcc/lib\libHCCD.a(fat.o)
 .text._f_addentry
                0x2001775c      0x540 C:/Users/ground/Documents/GitHub/tevel2/GlobusSatProject/..//hal/hcc/lib\libHCCD.a(fat.o)
 .text.fn_mkdir
                0x20017c9c      0x75c C:/Users/ground/Documents/GitHub/tevel2/GlobusSatProject/..//hal/hcc/lib\libHCCD.a(fat.o)
                0x20017c9c                fn_mkdir
 .text.fn_filelength
                0x200183f8      0x1cc C:/Users/ground/Documents/GitHub/tevel2/GlobusSatProject/..//hal/hcc/lib\libHCCD.a(fat.o)
                0x200183f8                fn_filelength
 .text.fn_open_sub
                0x200185c4     0x1698 C:/Users/ground/Documents/GitHub/tevel2/GlobusSatProject/..//hal/hcc/lib\libHCCD.a(fat.o)
 .text.fn_open  0x20019c5c       0x44 C:/Users/ground/Documents/GitHub/tevel2/GlobusSatProject/..//hal/hcc/lib\libHCCD.a(fat.o)
                0x20019c5c                fn_open
 .text.fn_delete
                0x20019ca0      0x490 C:/Users/ground/Documents/GitHub/tevel2/GlobusSatProject/..//hal/hcc/lib\libHCCD.a(fat.o)
                0x20019ca0                fn_delete
 .text.fn_init  0x2001a130      0x2dc C:/Users/ground/Documents/GitHub/tevel2/GlobusSatProject/..//hal/hcc/lib\libHCCD.a(fat_common.o)
                0x2001a130                fn_init
 .text.fsn_delete
                0x2001a40c       0xc8 C:/Users/ground/Documents/GitHub/tevel2/GlobusSatProject/..//hal/hcc/lib\libHCCD.a(fat_common.o)
                0x2001a40c                fsn_delete
 .text._f_get16bitl
                0x2001a4d4       0x4c C:/Users/ground/Documents/GitHub/tevel2/GlobusSatProject/..//hal/hcc/lib\libHCCD.a(fat_common.o)
                0x2001a4d4                _f_get16bitl
 .text._f_set16bitl
                0x2001a520       0x54 C:/Users/ground/Documents/GitHub/tevel2/GlobusSatProject/..//hal/hcc/lib\libHCCD.a(fat_common.o)
                0x2001a520                _f_set16bitl
 .text._f_get32bitl
                0x2001a574       0x68 C:/Users/ground/Documents/GitHub/tevel2/GlobusSatProject/..//hal/hcc/lib\libHCCD.a(fat_common.o)
                0x2001a574                _f_get32bitl
 .text._f_set32bitl
                0x2001a5dc       0x78 C:/Users/ground/Documents/GitHub/tevel2/GlobusSatProject/..//hal/hcc/lib\libHCCD.a(fat_common.o)
                0x2001a5dc                _f_set32bitl
 .text._get8bit
                0x2001a654       0xa0 C:/Users/ground/Documents/GitHub/tevel2/GlobusSatProject/..//hal/hcc/lib\libHCCD.a(fat_common.o)
 .text._get16bitl
                0x2001a6f4       0x40 C:/Users/ground/Documents/GitHub/tevel2/GlobusSatProject/..//hal/hcc/lib\libHCCD.a(fat_common.o)
 .text._get32bitl
                0x2001a734       0x3c C:/Users/ground/Documents/GitHub/tevel2/GlobusSatProject/..//hal/hcc/lib\libHCCD.a(fat_common.o)
 .text._set8bitzero
                0x2001a770       0x6c C:/Users/ground/Documents/GitHub/tevel2/GlobusSatProject/..//hal/hcc/lib\libHCCD.a(fat_common.o)
 .text._set8bit
                0x2001a7dc       0xa0 C:/Users/ground/Documents/GitHub/tevel2/GlobusSatProject/..//hal/hcc/lib\libHCCD.a(fat_common.o)
 .text._set16bitl
                0x2001a87c       0x3c C:/Users/ground/Documents/GitHub/tevel2/GlobusSatProject/..//hal/hcc/lib\libHCCD.a(fat_common.o)
 .text._set32bitl
                0x2001a8b8       0x34 C:/Users/ground/Documents/GitHub/tevel2/GlobusSatProject/..//hal/hcc/lib\libHCCD.a(fat_common.o)
 .text._f_setcardremoved
                0x2001a8ec       0x94 C:/Users/ground/Documents/GitHub/tevel2/GlobusSatProject/..//hal/hcc/lib\libHCCD.a(fat_common.o)
 .text._f_checkstatus
                0x2001a980      0x104 C:/Users/ground/Documents/GitHub/tevel2/GlobusSatProject/..//hal/hcc/lib\libHCCD.a(fat_common.o)
                0x2001a980                _f_checkstatus
 .text._f_drvgetphy
                0x2001aa84      0x114 C:/Users/ground/Documents/GitHub/tevel2/GlobusSatProject/..//hal/hcc/lib\libHCCD.a(fat_common.o)
 .text._f_drvwritesector
                0x2001ab98       0xdc C:/Users/ground/Documents/GitHub/tevel2/GlobusSatProject/..//hal/hcc/lib\libHCCD.a(fat_common.o)
 .text._f_drvreadsector
                0x2001ac74       0xa8 C:/Users/ground/Documents/GitHub/tevel2/GlobusSatProject/..//hal/hcc/lib\libHCCD.a(fat_common.o)
 .text._f_writesector
                0x2001ad1c      0x23c C:/Users/ground/Documents/GitHub/tevel2/GlobusSatProject/..//hal/hcc/lib\libHCCD.a(fat_common.o)
                0x2001ad1c                _f_writesector
 .text._f_readsector
                0x2001af58      0x1dc C:/Users/ground/Documents/GitHub/tevel2/GlobusSatProject/..//hal/hcc/lib\libHCCD.a(fat_common.o)
                0x2001af58                _f_readsector
 .text._f_getmaxcluster
                0x2001b134       0x94 C:/Users/ground/Documents/GitHub/tevel2/GlobusSatProject/..//hal/hcc/lib\libHCCD.a(fat_common.o)
                0x2001b134                _f_getmaxcluster
 .text._getsectorfromcluster
                0x2001b1c8       0x68 C:/Users/ground/Documents/GitHub/tevel2/GlobusSatProject/..//hal/hcc/lib\libHCCD.a(fat_common.o)
 .text._f_buildsectors
                0x2001b230      0x268 C:/Users/ground/Documents/GitHub/tevel2/GlobusSatProject/..//hal/hcc/lib\libHCCD.a(fat_common.o)
 .text._f_getbootrecord
                0x2001b498      0x5e4 C:/Users/ground/Documents/GitHub/tevel2/GlobusSatProject/..//hal/hcc/lib\libHCCD.a(fat_common.o)
 .text._f_readbootrecord
                0x2001ba7c      0x4f8 C:/Users/ground/Documents/GitHub/tevel2/GlobusSatProject/..//hal/hcc/lib\libHCCD.a(fat_common.o)
 .text._f_writebootrecord
                0x2001bf74      0x5e4 C:/Users/ground/Documents/GitHub/tevel2/GlobusSatProject/..//hal/hcc/lib\libHCCD.a(fat_common.o)
 .text._f_flushcffiles
                0x2001c558      0x17c C:/Users/ground/Documents/GitHub/tevel2/GlobusSatProject/..//hal/hcc/lib\libHCCD.a(fat_common.o)
                0x2001c558                _f_flushcffiles
 .text._f_fatcache_flush
                0x2001c6d4      0x270 C:/Users/ground/Documents/GitHub/tevel2/GlobusSatProject/..//hal/hcc/lib\libHCCD.a(fat_common.o)
                0x2001c6d4                _f_fatcache_flush
 .text._f_writefatsector
                0x2001c944      0x100 C:/Users/ground/Documents/GitHub/tevel2/GlobusSatProject/..//hal/hcc/lib\libHCCD.a(fat_common.o)
                0x2001c944                _f_writefatsector
 .text._f_getfatsector
                0x2001ca44      0x3bc C:/Users/ground/Documents/GitHub/tevel2/GlobusSatProject/..//hal/hcc/lib\libHCCD.a(fat_common.o)
 .text._f_setclustervalue
                0x2001ce00      0x490 C:/Users/ground/Documents/GitHub/tevel2/GlobusSatProject/..//hal/hcc/lib\libHCCD.a(fat_common.o)
                0x2001ce00                _f_setclustervalue
 .text._f_getclustervalue
                0x2001d290      0x388 C:/Users/ground/Documents/GitHub/tevel2/GlobusSatProject/..//hal/hcc/lib\libHCCD.a(fat_common.o)
                0x2001d290                _f_getclustervalue
 .text._f_close_drive_files
                0x2001d618       0xac C:/Users/ground/Documents/GitHub/tevel2/GlobusSatProject/..//hal/hcc/lib\libHCCD.a(fat_common.o)
 .text._f_inc_mount_count
                0x2001d6c4       0xa4 C:/Users/ground/Documents/GitHub/tevel2/GlobusSatProject/..//hal/hcc/lib\libHCCD.a(fat_common.o)
 .text._f_getvolume
                0x2001d768      0x2f8 C:/Users/ground/Documents/GitHub/tevel2/GlobusSatProject/..//hal/hcc/lib\libHCCD.a(fat_common.o)
                0x2001d768                _f_getvolume
 .text.fn_createdriver
                0x2001da60      0x118 C:/Users/ground/Documents/GitHub/tevel2/GlobusSatProject/..//hal/hcc/lib\libHCCD.a(fat_common.o)
                0x2001da60                fn_createdriver
 .text.fn_initvolume
                0x2001db78      0x12c C:/Users/ground/Documents/GitHub/tevel2/GlobusSatProject/..//hal/hcc/lib\libHCCD.a(fat_common.o)
                0x2001db78                fn_initvolume
 .text.fn_releasedriver
                0x2001dca4       0xf4 C:/Users/ground/Documents/GitHub/tevel2/GlobusSatProject/..//hal/hcc/lib\libHCCD.a(fat_common.o)
                0x2001dca4                fn_releasedriver
 .text.fn_initvolumepartition_sub
                0x2001dd98       0xe0 C:/Users/ground/Documents/GitHub/tevel2/GlobusSatProject/..//hal/hcc/lib\libHCCD.a(fat_common.o)
 .text.fn_initvolumepartition
                0x2001de78       0xac C:/Users/ground/Documents/GitHub/tevel2/GlobusSatProject/..//hal/hcc/lib\libHCCD.a(fat_common.o)
                0x2001de78                fn_initvolumepartition
 .text.fn_delvolume
                0x2001df24      0x194 C:/Users/ground/Documents/GitHub/tevel2/GlobusSatProject/..//hal/hcc/lib\libHCCD.a(fat_common.o)
                0x2001df24                fn_delvolume
 .text._f_clustertopos
                0x2001e0b8       0xf8 C:/Users/ground/Documents/GitHub/tevel2/GlobusSatProject/..//hal/hcc/lib\libHCCD.a(fat_common.o)
                0x2001e0b8                _f_clustertopos
 .text._f_prepareformat
                0x2001e1b0      0x8b8 C:/Users/ground/Documents/GitHub/tevel2/GlobusSatProject/..//hal/hcc/lib\libHCCD.a(fat_common.o)
 .text._f_resetfatentries
                0x2001ea68      0x410 C:/Users/ground/Documents/GitHub/tevel2/GlobusSatProject/..//hal/hcc/lib\libHCCD.a(fat_common.o)
 .text._f_resetrootdir
                0x2001ee78       0xcc C:/Users/ground/Documents/GitHub/tevel2/GlobusSatProject/..//hal/hcc/lib\libHCCD.a(fat_common.o)
 .text._f_postformat
                0x2001ef44      0x178 C:/Users/ground/Documents/GitHub/tevel2/GlobusSatProject/..//hal/hcc/lib\libHCCD.a(fat_common.o)
 .text.fn_format
                0x2001f0bc      0x148 C:/Users/ground/Documents/GitHub/tevel2/GlobusSatProject/..//hal/hcc/lib\libHCCD.a(fat_common.o)
                0x2001f0bc                fn_format
 .text._f_getcurrsector
                0x2001f204      0x6c8 C:/Users/ground/Documents/GitHub/tevel2/GlobusSatProject/..//hal/hcc/lib\libHCCD.a(fat_common.o)
                0x2001f204                _f_getcurrsector
 .text._f_getdecluster
                0x2001f8cc       0x90 C:/Users/ground/Documents/GitHub/tevel2/GlobusSatProject/..//hal/hcc/lib\libHCCD.a(fat_common.o)
                0x2001f8cc                _f_getdecluster
 .text._f_setdecluster
                0x2001f95c       0x8c C:/Users/ground/Documents/GitHub/tevel2/GlobusSatProject/..//hal/hcc/lib\libHCCD.a(fat_common.o)
                0x2001f95c                _f_setdecluster
 .text.fn_getdrive
                0x2001f9e8       0x30 C:/Users/ground/Documents/GitHub/tevel2/GlobusSatProject/..//hal/hcc/lib\libHCCD.a(fat_common.o)
                0x2001f9e8                fn_getdrive
 .text._f_getcurrenttimedate
                0x2001fa18      0x138 C:/Users/ground/Documents/GitHub/tevel2/GlobusSatProject/..//hal/hcc/lib\libHCCD.a(fat_common.o)
                0x2001fa18                _f_getcurrenttimedate
 .text._f_initentry
                0x2001fb50       0xa0 C:/Users/ground/Documents/GitHub/tevel2/GlobusSatProject/..//hal/hcc/lib\libHCCD.a(fat_common.o)
                0x2001fb50                _f_initentry
 .text._f_alloccluster
                0x2001fbf0      0x344 C:/Users/ground/Documents/GitHub/tevel2/GlobusSatProject/..//hal/hcc/lib\libHCCD.a(fat_common.o)
                0x2001fbf0                _f_alloccluster
 .text._f_dobadblock
                0x2001ff34      0x2cc C:/Users/ground/Documents/GitHub/tevel2/GlobusSatProject/..//hal/hcc/lib\libHCCD.a(fat_common.o)
                0x2001ff34                _f_dobadblock
 .text._f_checklocked
                0x20020200       0xe4 C:/Users/ground/Documents/GitHub/tevel2/GlobusSatProject/..//hal/hcc/lib\libHCCD.a(fat_common.o)
                0x20020200                _f_checklocked
 .text._f_checkappendlocked
                0x200202e4      0x110 C:/Users/ground/Documents/GitHub/tevel2/GlobusSatProject/..//hal/hcc/lib\libHCCD.a(fat_common.o)
                0x200202e4                _f_checkappendlocked
 .text._f_setsyncafile
                0x200203f4      0x114 C:/Users/ground/Documents/GitHub/tevel2/GlobusSatProject/..//hal/hcc/lib\libHCCD.a(fat_common.o)
                0x200203f4                _f_setsyncafile
 .text._f_syncfiles
                0x20020508      0x128 C:/Users/ground/Documents/GitHub/tevel2/GlobusSatProject/..//hal/hcc/lib\libHCCD.a(fat_common.o)
                0x20020508                _f_syncfiles
 .text._f_syncfilescontent
                0x20020630      0x15c C:/Users/ground/Documents/GitHub/tevel2/GlobusSatProject/..//hal/hcc/lib\libHCCD.a(fat_common.o)
 .text.fn_getfreespace
                0x2002078c      0x4c0 C:/Users/ground/Documents/GitHub/tevel2/GlobusSatProject/..//hal/hcc/lib\libHCCD.a(fat_common.o)
                0x2002078c                fn_getfreespace
 .text._f_emptywritecache
                0x20020c4c      0x4a4 C:/Users/ground/Documents/GitHub/tevel2/GlobusSatProject/..//hal/hcc/lib\libHCCD.a(fat_common.o)
 .text._f_allocnextcluster
                0x200210f0      0x54c C:/Users/ground/Documents/GitHub/tevel2/GlobusSatProject/..//hal/hcc/lib\libHCCD.a(fat_common.o)
 .text._f_emptywritebuffer
                0x2002163c      0x20c C:/Users/ground/Documents/GitHub/tevel2/GlobusSatProject/..//hal/hcc/lib\libHCCD.a(fat_common.o)
 .text._f_writezeros
                0x20021848       0xf0 C:/Users/ground/Documents/GitHub/tevel2/GlobusSatProject/..//hal/hcc/lib\libHCCD.a(fat_common.o)
                0x20021848                _f_writezeros
 .text._f_extend_file
                0x20021938      0x570 C:/Users/ground/Documents/GitHub/tevel2/GlobusSatProject/..//hal/hcc/lib\libHCCD.a(fat_common.o)
 .text._f_fseek
                0x20021ea8      0x9bc C:/Users/ground/Documents/GitHub/tevel2/GlobusSatProject/..//hal/hcc/lib\libHCCD.a(fat_common.o)
                0x20021ea8                _f_fseek
 .text._f_removechain
                0x20022864      0x104 C:/Users/ground/Documents/GitHub/tevel2/GlobusSatProject/..//hal/hcc/lib\libHCCD.a(fat_common.o)
                0x20022864                _f_removechain
 .text._f_updatefileentry
                0x20022968      0x1cc C:/Users/ground/Documents/GitHub/tevel2/GlobusSatProject/..//hal/hcc/lib\libHCCD.a(fat_common.o)
 .text._f_checkreadlocked
                0x20022b34      0x1bc C:/Users/ground/Documents/GitHub/tevel2/GlobusSatProject/..//hal/hcc/lib\libHCCD.a(fat_common.o)
                0x20022b34                _f_checkreadlocked
 .text._f_check_handle
                0x20022cf0       0x98 C:/Users/ground/Documents/GitHub/tevel2/GlobusSatProject/..//hal/hcc/lib\libHCCD.a(fat_common.o)
                0x20022cf0                _f_check_handle
 .text._f_removesyncafile
                0x20022d88      0x1ec C:/Users/ground/Documents/GitHub/tevel2/GlobusSatProject/..//hal/hcc/lib\libHCCD.a(fat_common.o)
 .text.fn_close
                0x20022f74      0x3f8 C:/Users/ground/Documents/GitHub/tevel2/GlobusSatProject/..//hal/hcc/lib\libHCCD.a(fat_common.o)
                0x20022f74                fn_close
 .text.fn_flush
                0x2002336c      0x374 C:/Users/ground/Documents/GitHub/tevel2/GlobusSatProject/..//hal/hcc/lib\libHCCD.a(fat_common.o)
                0x2002336c                fn_flush
 .text.fn_read  0x200236e0      0x690 C:/Users/ground/Documents/GitHub/tevel2/GlobusSatProject/..//hal/hcc/lib\libHCCD.a(fat_common.o)
                0x200236e0                fn_read
 .text._f_abortwrite
                0x20023d70      0x100 C:/Users/ground/Documents/GitHub/tevel2/GlobusSatProject/..//hal/hcc/lib\libHCCD.a(fat_common.o)
 .text._f_checkwritecluster
                0x20023e70       0xe4 C:/Users/ground/Documents/GitHub/tevel2/GlobusSatProject/..//hal/hcc/lib\libHCCD.a(fat_common.o)
 .text.fn_write
                0x20023f54      0x8a8 C:/Users/ground/Documents/GitHub/tevel2/GlobusSatProject/..//hal/hcc/lib\libHCCD.a(fat_common.o)
                0x20023f54                fn_write
 .text.fn_seek  0x200247fc      0x270 C:/Users/ground/Documents/GitHub/tevel2/GlobusSatProject/..//hal/hcc/lib\libHCCD.a(fat_common.o)
                0x200247fc                fn_seek
 .text.f_enterFS
                0x20024a6c      0x1c0 C:/Users/ground/Documents/GitHub/tevel2/GlobusSatProject/..//hal/hcc/lib\libHCCD.a(fat_common.o)
                0x20024a6c                f_enterFS
 .text.fnGetTask
                0x20024c2c       0xfc C:/Users/ground/Documents/GitHub/tevel2/GlobusSatProject/..//hal/hcc/lib\libHCCD.a(fat_common.o)
                0x20024c2c                fnGetTask
 .text._f_mutex_get
                0x20024d28       0x98 C:/Users/ground/Documents/GitHub/tevel2/GlobusSatProject/..//hal/hcc/lib\libHCCD.a(fat_common.o)
                0x20024d28                _f_mutex_get
 .text._f_mutex_put
                0x20024dc0       0x54 C:/Users/ground/Documents/GitHub/tevel2/GlobusSatProject/..//hal/hcc/lib\libHCCD.a(fat_common.o)
                0x20024dc0                _f_mutex_put
 .text._fn_initseekdivisor
                0x20024e14      0x158 C:/Users/ground/Documents/GitHub/tevel2/GlobusSatProject/..//hal/hcc/lib\libHCCD.a(fat_common.o)
                0x20024e14                _fn_initseekdivisor
 .text._fn_updateseekpos
                0x20024f6c       0xc4 C:/Users/ground/Documents/GitHub/tevel2/GlobusSatProject/..//hal/hcc/lib\libHCCD.a(fat_common.o)
 .text._f_findopensize
                0x20025030       0x2c C:/Users/ground/Documents/GitHub/tevel2/GlobusSatProject/..//hal/hcc/lib\libHCCD.a(fat_common.o)
                0x20025030                _f_findopensize
 .text.fn_setlasterror
                0x2002505c       0x34 C:/Users/ground/Documents/GitHub/tevel2/GlobusSatProject/..//hal/hcc/lib\libHCCD.a(fat_common.o)
                0x2002505c                fn_setlasterror
 .text.fn_setlasterror_noret
                0x20025090       0x2c C:/Users/ground/Documents/GitHub/tevel2/GlobusSatProject/..//hal/hcc/lib\libHCCD.a(fat_common.o)
                0x20025090                fn_setlasterror_noret
 .text._s_checkzeroclusteratend
                0x200250bc       0xf8 C:/Users/ground/Documents/GitHub/tevel2/GlobusSatProject/..//hal/hcc/lib\libHCCD.a(safefat.o)
 .text._s_clearclustercontent
                0x200251b4      0x108 C:/Users/ground/Documents/GitHub/tevel2/GlobusSatProject/..//hal/hcc/lib\libHCCD.a(safefat.o)
 .text._s_clearclustercontentdir
                0x200252bc      0x19c C:/Users/ground/Documents/GitHub/tevel2/GlobusSatProject/..//hal/hcc/lib\libHCCD.a(safefat.o)
 .text._s_writedirsector
                0x20025458       0xd0 C:/Users/ground/Documents/GitHub/tevel2/GlobusSatProject/..//hal/hcc/lib\libHCCD.a(safefat.o)
 .text._s_getdirsector
                0x20025528      0x100 C:/Users/ground/Documents/GitHub/tevel2/GlobusSatProject/..//hal/hcc/lib\libHCCD.a(safefat.o)
 .text._s_addentry
                0x20025628      0x394 C:/Users/ground/Documents/GitHub/tevel2/GlobusSatProject/..//hal/hcc/lib\libHCCD.a(safefat.o)
 .text._s_findfile
                0x200259bc      0x33c C:/Users/ground/Documents/GitHub/tevel2/GlobusSatProject/..//hal/hcc/lib\libHCCD.a(safefat.o)
 .text._s_findsubdir
                0x20025cf8      0x248 C:/Users/ground/Documents/GitHub/tevel2/GlobusSatProject/..//hal/hcc/lib\libHCCD.a(safefat.o)
 .text._s_createfile
                0x20025f40      0x190 C:/Users/ground/Documents/GitHub/tevel2/GlobusSatProject/..//hal/hcc/lib\libHCCD.a(safefat.o)
 .text._s_findsaffile
                0x200260d0      0x1b8 C:/Users/ground/Documents/GitHub/tevel2/GlobusSatProject/..//hal/hcc/lib\libHCCD.a(safefat.o)
 .text._s_open  0x20026288       0xe4 C:/Users/ground/Documents/GitHub/tevel2/GlobusSatProject/..//hal/hcc/lib\libHCCD.a(safefat.o)
 .text._s_open_saf
                0x2002636c       0xe8 C:/Users/ground/Documents/GitHub/tevel2/GlobusSatProject/..//hal/hcc/lib\libHCCD.a(safefat.o)
 .text._s_flush
                0x20026454       0x84 C:/Users/ground/Documents/GitHub/tevel2/GlobusSatProject/..//hal/hcc/lib\libHCCD.a(safefat.o)
 .text._s_allocnextcluster
                0x200264d8      0x13c C:/Users/ground/Documents/GitHub/tevel2/GlobusSatProject/..//hal/hcc/lib\libHCCD.a(safefat.o)
 .text._s_getnextsector
                0x20026614       0xdc C:/Users/ground/Documents/GitHub/tevel2/GlobusSatProject/..//hal/hcc/lib\libHCCD.a(safefat.o)
 .text._s_seek  0x200266f0      0x1e8 C:/Users/ground/Documents/GitHub/tevel2/GlobusSatProject/..//hal/hcc/lib\libHCCD.a(safefat.o)
 .text._s_get_len
                0x200268d8      0x10c C:/Users/ground/Documents/GitHub/tevel2/GlobusSatProject/..//hal/hcc/lib\libHCCD.a(safefat.o)
 .text._s_set_len
                0x200269e4       0xb4 C:/Users/ground/Documents/GitHub/tevel2/GlobusSatProject/..//hal/hcc/lib\libHCCD.a(safefat.o)
 .text.safe_fix_filelengths
                0x20026a98       0xcc C:/Users/ground/Documents/GitHub/tevel2/GlobusSatProject/..//hal/hcc/lib\libHCCD.a(safefat.o)
                0x20026a98                safe_fix_filelengths
 .text._s_read  0x20026b64      0x228 C:/Users/ground/Documents/GitHub/tevel2/GlobusSatProject/..//hal/hcc/lib\libHCCD.a(safefat.o)
 .text._s_write
                0x20026d8c      0x384 C:/Users/ground/Documents/GitHub/tevel2/GlobusSatProject/..//hal/hcc/lib\libHCCD.a(safefat.o)
 .text._s_restoreclusters
                0x20027110      0x270 C:/Users/ground/Documents/GitHub/tevel2/GlobusSatProject/..//hal/hcc/lib\libHCCD.a(safefat.o)
                0x20027110                _s_restoreclusters
 .text._s_findrestore
                0x20027380      0x18c C:/Users/ground/Documents/GitHub/tevel2/GlobusSatProject/..//hal/hcc/lib\libHCCD.a(safefat.o)
 .text._s_cmd_writede
                0x2002750c       0xd8 C:/Users/ground/Documents/GitHub/tevel2/GlobusSatProject/..//hal/hcc/lib\libHCCD.a(safefat.o)
 .text._s_cmd_setcluster
                0x200275e4       0x88 C:/Users/ground/Documents/GitHub/tevel2/GlobusSatProject/..//hal/hcc/lib\libHCCD.a(safefat.o)
 .text._s_cmd_deletechain
                0x2002766c      0x100 C:/Users/ground/Documents/GitHub/tevel2/GlobusSatProject/..//hal/hcc/lib\libHCCD.a(safefat.o)
 .text._s_cmd_validatecfn
                0x2002776c      0x308 C:/Users/ground/Documents/GitHub/tevel2/GlobusSatProject/..//hal/hcc/lib\libHCCD.a(safefat.o)
 .text._s_cmd_seteof
                0x20027a74      0x3c4 C:/Users/ground/Documents/GitHub/tevel2/GlobusSatProject/..//hal/hcc/lib\libHCCD.a(safefat.o)
 .text.safe_docommands
                0x20027e38      0x56c C:/Users/ground/Documents/GitHub/tevel2/GlobusSatProject/..//hal/hcc/lib\libHCCD.a(safefat.o)
                0x20027e38                safe_docommands
 .text.safe_entercommand
                0x200283a4       0x68 C:/Users/ground/Documents/GitHub/tevel2/GlobusSatProject/..//hal/hcc/lib\libHCCD.a(safefat.o)
                0x200283a4                safe_entercommand
 .text.safe_ready
                0x2002840c       0xf4 C:/Users/ground/Documents/GitHub/tevel2/GlobusSatProject/..//hal/hcc/lib\libHCCD.a(safefat.o)
                0x2002840c                safe_ready
 .text.safe_copycfn
                0x20028500       0xb8 C:/Users/ground/Documents/GitHub/tevel2/GlobusSatProject/..//hal/hcc/lib\libHCCD.a(safefat.o)
                0x20028500                safe_copycfn
 .text.safe_cfremove
                0x200285b8       0xb8 C:/Users/ground/Documents/GitHub/tevel2/GlobusSatProject/..//hal/hcc/lib\libHCCD.a(safefat.o)
                0x200285b8                safe_cfremove
 .text.safe_writede
                0x20028670      0x104 C:/Users/ground/Documents/GitHub/tevel2/GlobusSatProject/..//hal/hcc/lib\libHCCD.a(safefat.o)
                0x20028670                safe_writede
 .text.safe_setcluster
                0x20028774       0xcc C:/Users/ground/Documents/GitHub/tevel2/GlobusSatProject/..//hal/hcc/lib\libHCCD.a(safefat.o)
                0x20028774                safe_setcluster
 .text.safe_deletechain
                0x20028840      0x1c8 C:/Users/ground/Documents/GitHub/tevel2/GlobusSatProject/..//hal/hcc/lib\libHCCD.a(safefat.o)
                0x20028840                safe_deletechain
 .text.safe_cfclose
                0x20028a08      0x104 C:/Users/ground/Documents/GitHub/tevel2/GlobusSatProject/..//hal/hcc/lib\libHCCD.a(safefat.o)
                0x20028a08                safe_cfclose
 .text.safe_cfflush
                0x20028b0c      0x124 C:/Users/ground/Documents/GitHub/tevel2/GlobusSatProject/..//hal/hcc/lib\libHCCD.a(safefat.o)
                0x20028b0c                safe_cfflush
 .text.safe_reset
                0x20028c30       0x78 C:/Users/ground/Documents/GitHub/tevel2/GlobusSatProject/..//hal/hcc/lib\libHCCD.a(safefat.o)
                0x20028c30                safe_reset
 .text.safe_loadcommands
                0x20028ca8       0x78 C:/Users/ground/Documents/GitHub/tevel2/GlobusSatProject/..//hal/hcc/lib\libHCCD.a(safefat.o)
                0x20028ca8                safe_loadcommands