Archive member included because of file (symbol)

c:/isis/application/toolchain/bin/../lib/gcc/arm-none-eabi/4.7.4/../../../../arm-none-eabi/lib\libc_s.a(lib_a-vfprintf_float.o)
                              (_printf_float)
c:/isis/application/toolchain/bin/../lib/gcc/arm-none-eabi/4.7.4/../../../../arm-none-eabi/lib\libc_s.a(lib_a-vfprintf_i.o)
                              c:/isis/application/toolchain/bin/../lib/gcc/arm-none-eabi/4.7.4/../../../../arm-none-eabi/lib\libc_s.a(lib_a-vfprintf_float.o) (_printf_common)
c:/isis/application/toolchain/bin/../lib/gcc/arm-none-eabi/4.7.4/../../../../arm-none-eabi/lib\libc_s.a(lib_a-vfscanf_float.o)
                              (_scanf_float)
c:/isis/application/toolchain/bin/../lib/gcc/arm-none-eabi/4.7.4/../../../../arm-none-eabi/lib\libc_s.a(lib_a-dtoa.o)
                              c:/isis/application/toolchain/bin/../lib/gcc/arm-none-eabi/4.7.4/../../../../arm-none-eabi/lib\libc_s.a(lib_a-vfprintf_float.o) (_dtoa_r)
c:/isis/application/toolchain/bin/../lib/gcc/arm-none-eabi/4.7.4/../../../../arm-none-eabi/lib\libc_s.a(lib_a-locale.o)
                              c:/isis/application/toolchain/bin/../lib/gcc/arm-none-eabi/4.7.4/../../../../arm-none-eabi/lib\libc_s.a(lib_a-vfprintf_float.o) (_localeconv_r)
c:/isis/application/toolchain/bin/../lib/gcc/arm-none-eabi/4.7.4/../../../../arm-none-eabi/lib\libc_s.a(lib_a-malloc.o)
                              c:/isis/application/toolchain/bin/../lib/gcc/arm-none-eabi/4.7.4/../../../../arm-none-eabi/lib\libc_s.a(lib_a-dtoa.o) (malloc)
c:/isis/application/toolchain/bin/../lib/gcc/arm-none-eabi/4.7.4/../../../../arm-none-eabi/lib\libc_s.a(lib_a-mallocr.o)
                              c:/isis/application/toolchain/bin/../lib/gcc/arm-none-eabi/4.7.4/../../../../arm-none-eabi/lib\libc_s.a(lib_a-malloc.o) (_malloc_r)
c:/isis/application/toolchain/bin/../lib/gcc/arm-none-eabi/4.7.4/../../../../arm-none-eabi/lib\libc_s.a(lib_a-memcpy.o)
                              c:/isis/application/toolchain/bin/../lib/gcc/arm-none-eabi/4.7.4/../../../../arm-none-eabi/lib\libc_s.a(lib_a-dtoa.o) (memcpy)
c:/isis/application/toolchain/bin/../lib/gcc/arm-none-eabi/4.7.4/../../../../arm-none-eabi/lib\libc_s.a(lib_a-mprec.o)
                              c:/isis/application/toolchain/bin/../lib/gcc/arm-none-eabi/4.7.4/../../../../arm-none-eabi/lib\libc_s.a(lib_a-dtoa.o) (_Balloc)
c:/isis/application/toolchain/bin/../lib/gcc/arm-none-eabi/4.7.4/../../../../arm-none-eabi/lib\libc_s.a(lib_a-s_fpclassify.o)
                              c:/isis/application/toolchain/bin/../lib/gcc/arm-none-eabi/4.7.4/../../../../arm-none-eabi/lib\libc_s.a(lib_a-vfprintf_float.o) (__fpclassifyd)
c:/isis/application/toolchain/bin/../lib/gcc/arm-none-eabi/4.7.4/../../../../arm-none-eabi/lib\libc_s.a(lib_a-sbrkr.o)
                              c:/isis/application/toolchain/bin/../lib/gcc/arm-none-eabi/4.7.4/../../../../arm-none-eabi/lib\libc_s.a(lib_a-mallocr.o) (_sbrk_r)
c:/isis/application/toolchain/bin/../lib/gcc/arm-none-eabi/4.7.4/../../../../arm-none-eabi/lib\libc_s.a(lib_a-sf_nan.o)
                              c:/isis/application/toolchain/bin/../lib/gcc/arm-none-eabi/4.7.4/../../../../arm-none-eabi/lib\libc_s.a(lib_a-vfscanf_float.o) (nanf)
c:/isis/application/toolchain/bin/../lib/gcc/arm-none-eabi/4.7.4/../../../../arm-none-eabi/lib\libc_s.a(lib_a-sprintf.o)
                              c:/isis/application/toolchain/bin/../lib/gcc/arm-none-eabi/4.7.4/../../../../arm-none-eabi/lib\libc_s.a(lib_a-vfscanf_float.o) (sprintf)
c:/isis/application/toolchain/bin/../lib/gcc/arm-none-eabi/4.7.4/../../../../arm-none-eabi/lib\libc_s.a(lib_a-strcmp.o)
                              c:/isis/application/toolchain/bin/../lib/gcc/arm-none-eabi/4.7.4/../../../../arm-none-eabi/lib\libc_s.a(lib_a-locale.o) (strcmp)
c:/isis/application/toolchain/bin/../lib/gcc/arm-none-eabi/4.7.4/../../../../arm-none-eabi/lib\libc_s.a(lib_a-strlen.o)
                              c:/isis/application/toolchain/bin/../lib/gcc/arm-none-eabi/4.7.4/../../../../arm-none-eabi/lib\libc_s.a(lib_a-vfprintf_float.o) (strlen)
c:/isis/application/toolchain/bin/../lib/gcc/arm-none-eabi/4.7.4/../../../../arm-none-eabi/lib\libc_s.a(lib_a-strtod.o)
                              c:/isis/application/toolchain/bin/../lib/gcc/arm-none-eabi/4.7.4/../../../../arm-none-eabi/lib\libc_s.a(lib_a-vfscanf_float.o) (_strtod_r)
c:/isis/application/toolchain/bin/../lib/gcc/arm-none-eabi/4.7.4/../../../../arm-none-eabi/lib\libc_s.a(lib_a-strtol.o)
                              c:/isis/application/toolchain/bin/../lib/gcc/arm-none-eabi/4.7.4/../../../../arm-none-eabi/lib\libc_s.a(lib_a-vfscanf_float.o) (_strtol_r)
c:/isis/application/toolchain/bin/../lib/gcc/arm-none-eabi/4.7.4/../../../../arm-none-eabi/lib\libc_s.a(lib_a-svfprintf.o)
                              c:/isis/application/toolchain/bin/../lib/gcc/arm-none-eabi/4.7.4/../../../../arm-none-eabi/lib\libc_s.a(lib_a-sprintf.o) (_svfprintf_r)
[...]
Memory Configuration

Name             Origin             Length             Attributes
sram0            0x00200000         0x00004000         w !xr
sram1            0x00300000         0x00004000         w !xr
sdram            0x20000000         0x02000000         w !xr
*default*        0x00000000         0xffffffff

Linker script and memory map

LOAD c:/isis/application/toolchain/bin/../lib/gcc/arm-none-eabi/4.7.4/../../../../arm-none-eabi/lib\libc_s.a
LOAD ./src/TestingDemos/CommandsTestingDemo.o
LOAD ./src/TestingDemos/EpsTestingDemo.o
LOAD ./src/TestingDemos/FileSystemTestingDemo.o
LOAD ./src/TestingDemos/MainTest.o
LOAD ./src/TestingDemos/MaintenanceTestingDemo.o
LOAD ./src/TestingDemos/TelemetryTestingDemo.o
LOAD ./src/TestingDemos/TrxvuTestingDemo.o
LOAD ./src/SubSystemModules/PowerManagment/EPS.o
LOAD ./src/SubSystemModules/PowerManagment/EPSOperationModes.o
LOAD ./src/SubSystemModules/Payload/payload_drivers.o
LOAD ./src/SubSystemModules/Maintenance/Log.o
LOAD ./src/SubSystemModules/Maintenance/Maintenance.o
LOAD ./src/SubSystemModules/Housekepping/Dump.o
LOAD ./src/SubSystemModules/Housekepping/TelemetryCollector.o
LOAD ./src/SubSystemModules/Communication/SubsystemCommands/EPS_Commands.o
LOAD ./src/SubSystemModules/Communication/SubsystemCommands/FS_Commands.o
LOAD ./src/SubSystemModules/Communication/SubsystemCommands/Maintanence_Commands.o
LOAD ./src/SubSystemModules/Communication/SubsystemCommands/TRXVU_Commands.o
LOAD ./src/SubSystemModules/Communication/AckHandler.o
LOAD ./src/SubSystemModules/Communication/ActUponCommand.o
LOAD ./src/SubSystemModules/Communication/Beacon.o
LOAD ./src/SubSystemModules/Communication/CommandDictionary.o
LOAD ./src/SubSystemModules/Communication/SatCommandHandler.o
LOAD ./src/SubSystemModules/Communication/SatDataTx.o
LOAD ./src/SubSystemModules/Communication/TRXVU.o
LOAD ./src/SubSystemModules/Communication/Transponder.o
LOAD ./src/InitSystem.o
LOAD ./src/TLM_management.o
LOAD ./src/main.o
LOAD C:/Users/ground/Documents/GitHub/tevel2/GlobusSatProject/..//hal/hal/lib\libHALD.a
LOAD C:/Users/ground/Documents/GitHub/tevel2/GlobusSatProject/..//hal/hcc/lib\libHCCD.a
LOAD C:/Users/ground/Documents/GitHub/tevel2/GlobusSatProject/..//satellite-subsystems/satellite-subsystems/lib\libSatelliteSubsystemsD.a
LOAD C:/Users/ground/Documents/GitHub/tevel2/GlobusSatProject/..//hal/freertos/lib\libFreeRTOSD.a
LOAD C:/Users/ground/Documents/GitHub/tevel2/GlobusSatProject/..//hal/at91/lib\libAt91D.a
START GROUP
LOAD c:/isis/application/toolchain/bin/../lib/gcc/arm-none-eabi/4.7.4\libgcc.a
LOAD c:/isis/application/toolchain/bin/../lib/gcc/arm-none-eabi/4.7.4/../../../../arm-none-eabi/lib\libc_s.a
END GROUP

.fixed          0x20000000    0x3c6b4
                0x20000000                . = ALIGN (0x4)
                0x20000000                _sfixed = .
 *(.startup)
 .startup       0x20000000      0x184 C:/Users/ground/Documents/GitHub/tevel2/GlobusSatProject/..//hal/at91/lib\libAt91D.a(board_cstartup.o)
                0x20000000                entry
 *(.text)
 .text          0x20000184       0x64 C:/Users/ground/Documents/GitHub/tevel2/GlobusSatProject/..//hal/at91/lib\libAt91D.a(cp15_asm.o)
                0x20000184                _readControlRegister
                0x20000190                _writeControlRegister
                0x20000198                _waitForInterrupt
                0x200001a4                _writeTTB
                0x200001ac                _writeDomain
                0x200001b4                _writeITLBLockdown
                0x200001bc                _prefetchICacheLine
                0x200001c4                _flushDCache
                0x200001d0                _flushWriteBuffer
                0x200001dc                _invalidateIDTLBs
 .text          0x200001e8      0x114 c:/isis/application/toolchain/bin/../lib/gcc/arm-none-eabi/4.7.4\libgcc.a(_udivsi3.o)
                0x200001e8                __aeabi_uidiv
                0x200001e8                __udivsi3
                0x200002dc                __aeabi_uidivmod
 .text          0x200002fc      0x148 c:/isis/application/toolchain/bin/../lib/gcc/arm-none-eabi/4.7.4\libgcc.a(_divsi3.o)
                0x200002fc                __divsi3
                0x200002fc                __aeabi_idiv
                0x20000424                __aeabi_idivmod
 .text          0x20000444        0x4 c:/isis/application/toolchain/bin/../lib/gcc/arm-none-eabi/4.7.4\libgcc.a(_dvmd_tls.o)
                0x20000444                __aeabi_idiv0
                0x20000444                __aeabi_ldiv0
 .text          0x20000448      0x41c c:/isis/application/toolchain/bin/../lib/gcc/arm-none-eabi/4.7.4\libgcc.a(_arm_addsubdf3.o)
                0x20000448                __aeabi_drsub
                0x20000450                __aeabi_dsub
                0x20000450                __subdf3
                0x20000454                __aeabi_dadd
                0x20000454                __adddf3
                0x20000764                __floatunsidf
                0x20000764                __aeabi_ui2d
                0x20000788                __floatsidf
                0x20000788                __aeabi_i2d
                0x200007b0                __aeabi_f2d
                0x200007b0                __extendsfdf2
                0x200007f0                __floatundidf
                0x200007f0                __aeabi_ul2d
                0x20000804                __floatdidf
                0x20000804                __aeabi_l2d
 .text          0x20000864      0x49c c:/isis/application/toolchain/bin/../lib/gcc/arm-none-eabi/4.7.4\libgcc.a(_arm_muldivdf3.o)
                0x20000864                __aeabi_dmul
                0x20000864                __muldf3
                0x20000af4                __divdf3
                0x20000af4                __aeabi_ddiv
 .text          0x20000d00      0x144 c:/isis/application/toolchain/bin/../lib/gcc/arm-none-eabi/4.7.4\libgcc.a(_arm_cmpdf2.o)
                0x20000d00                __gtdf2
                0x20000d00                __gedf2
                0x20000d08                __ltdf2
                0x20000d08                __ledf2
                0x20000d10                __nedf2
                0x20000d10                __eqdf2
                0x20000d10                __cmpdf2
                0x20000d98                __aeabi_cdrcmple
                0x20000db4                __aeabi_cdcmpeq
                0x20000db4                __aeabi_cdcmple
                0x20000dcc                __aeabi_dcmpeq
                0x20000de4                __aeabi_dcmplt
                0x20000dfc                __aeabi_dcmple
                0x20000e14                __aeabi_dcmpge
                0x20000e2c                __aeabi_dcmpgt
 .text          0x20000e44       0x5c c:/isis/application/toolchain/bin/../lib/gcc/arm-none-eabi/4.7.4\libgcc.a(_arm_fixdfsi.o)
                0x20000e44                __aeabi_d2iz
                0x20000e44                __fixdfsi
 .text          0x20000ea0       0x54 c:/isis/application/toolchain/bin/../lib/gcc/arm-none-eabi/4.7.4\libgcc.a(_arm_fixunsdfsi.o)
                0x20000ea0                __aeabi_d2uiz
                0x20000ea0                __fixunsdfsi
 .text          0x20000ef4       0xa0 c:/isis/application/toolchain/bin/../lib/gcc/arm-none-eabi/4.7.4\libgcc.a(_arm_truncdfsf2.o)
                0x20000ef4                __truncdfsf2
                0x20000ef4                __aeabi_d2f
 .text          0x20000f94      0x2ac c:/isis/application/toolchain/bin/../lib/gcc/arm-none-eabi/4.7.4\libgcc.a(_arm_addsubsf3.o)
                0x20000f94                __aeabi_frsub
                0x20000f9c                __subsf3
                0x20000f9c                __aeabi_fsub
                0x20000fa0                __aeabi_fadd
                0x20000fa0                __addsf3
                0x2000115c                __aeabi_ui2f
                0x2000115c                __floatunsisf
                0x20001164                __aeabi_i2f
                0x20001164                __floatsisf
                0x20001184                __aeabi_ul2f
                0x20001184                __floatundisf
                0x20001194                __aeabi_l2f
                0x20001194                __floatdisf
 *(.text*)
 .text.__cvt    0x20001240      0x138 c:/isis/application/toolchain/bin/../lib/gcc/arm-none-eabi/4.7.4/../../../../arm-none-eabi/lib\libc_s.a(lib_a-vfprintf_float.o)
                0x20001240                __cvt
 .text.__exponent
                0x20001378       0xa8 c:/isis/application/toolchain/bin/../lib/gcc/arm-none-eabi/4.7.4/../../../../arm-none-eabi/lib\libc_s.a(lib_a-vfprintf_float.o)
                0x20001378                __exponent
 .text._printf_float
                0x20001420      0x7dc c:/isis/application/toolchain/bin/../lib/gcc/arm-none-eabi/4.7.4/../../../../arm-none-eabi/lib\libc_s.a(lib_a-vfprintf_float.o)
                0x20001420                _printf_float
 .text._printf_common
                0x20001bfc      0x174 c:/isis/application/toolchain/bin/../lib/gcc/arm-none-eabi/4.7.4/../../../../arm-none-eabi/lib\libc_s.a(lib_a-vfprintf_i.o)
                0x20001bfc                _printf_common
 .text._printf_i
                0x20001d70      0x3c4 c:/isis/application/toolchain/bin/../lib/gcc/arm-none-eabi/4.7.4/../../../../arm-none-eabi/lib\libc_s.a(lib_a-vfprintf_i.o)
                0x20001d70                _printf_i
 .text._scanf_float
                0x20002134      0x5f4 c:/isis/application/toolchain/bin/../lib/gcc/arm-none-eabi/4.7.4/../../../../arm-none-eabi/lib\libc_s.a(lib_a-vfscanf_float.o)
                0x20002134                _scanf_float
 .text.quorem   0x20002728      0x1ac c:/isis/application/toolchain/bin/../lib/gcc/arm-none-eabi/4.7.4/../../../../arm-none-eabi/lib\libc_s.a(lib_a-dtoa.o)
 .text._dtoa_r  0x200028d4     0x1268 c:/isis/application/toolchain/bin/../lib/gcc/arm-none-eabi/4.7.4/../../../../arm-none-eabi/lib\libc_s.a(lib_a-dtoa.o)
                0x200028d4                _dtoa_r
 .text._localeconv_r
                0x20003b3c        0xc c:/isis/application/toolchain/bin/../lib/gcc/arm-none-eabi/4.7.4/../../../../arm-none-eabi/lib\libc_s.a(lib_a-locale.o)
                0x20003b3c                _localeconv_r
 .text.malloc   0x20003b48       0x20 c:/isis/application/toolchain/bin/../lib/gcc/arm-none-eabi/4.7.4/../../../../arm-none-eabi/lib\libc_s.a(lib_a-malloc.o)
                0x20003b48                malloc
 .text.free     0x20003b68       0x20 c:/isis/application/toolchain/bin/../lib/gcc/arm-none-eabi/4.7.4/../../../../arm-none-eabi/lib\libc_s.a(lib_a-malloc.o)
                0x20003b68                free
 .text._malloc_r
                0x20003b88       0xfc c:/isis/application/toolchain/bin/../lib/gcc/arm-none-eabi/4.7.4/../../../../arm-none-eabi/lib\libc_s.a(lib_a-mallocr.o)
                0x20003b88                _malloc_r
 .text.memcpy   0x20003c84       0x20 c:/isis/application/toolchain/bin/../lib/gcc/arm-none-eabi/4.7.4/../../../../arm-none-eabi/lib\libc_s.a(lib_a-memcpy.o)
                0x20003c84                memcpy
 .text._Balloc  0x20003ca4       0xcc c:/isis/application/toolchain/bin/../lib/gcc/arm-none-eabi/4.7.4/../../../../arm-none-eabi/lib\libc_s.a(lib_a-mprec.o)
                0x20003ca4                _Balloc
 .text._Bfree   0x20003d70       0x5c c:/isis/application/toolchain/bin/../lib/gcc/arm-none-eabi/4.7.4/../../../../arm-none-eabi/lib\libc_s.a(lib_a-mprec.o)
                0x20003d70                _Bfree
 .text.__multadd
                0x20003dcc       0xbc c:/isis/application/toolchain/bin/../lib/gcc/arm-none-eabi/4.7.4/../../../../arm-none-eabi/lib\libc_s.a(lib_a-mprec.o)
                0x20003dcc                __multadd
 .text.__s2b    0x20003e88       0xd8 c:/isis/application/toolchain/bin/../lib/gcc/arm-none-eabi/4.7.4/../../../../arm-none-eabi/lib\libc_s.a(lib_a-mprec.o)
                0x20003e88                __s2b
 .text.__hi0bits
                0x20003f60       0x58 c:/isis/application/toolchain/bin/../lib/gcc/arm-none-eabi/4.7.4/../../../../arm-none-eabi/lib\libc_s.a(lib_a-mprec.o)
                0x20003f60                __hi0bits
 .text.__lo0bits
                0x20003fb8       0x94 c:/isis/application/toolchain/bin/../lib/gcc/arm-none-eabi/4.7.4/../../../../arm-none-eabi/lib\libc_s.a(lib_a-mprec.o)
                0x20003fb8                __lo0bits
 .text.__i2b    0x2000404c       0x24 c:/isis/application/toolchain/bin/../lib/gcc/arm-none-eabi/4.7.4/../../../../arm-none-eabi/lib\libc_s.a(lib_a-mprec.o)
                0x2000404c                __i2b
 .text.__multiply
                0x20004070      0x1ac c:/isis/application/toolchain/bin/../lib/gcc/arm-none-eabi/4.7.4/../../../../arm-none-eabi/lib\libc_s.a(lib_a-mprec.o)
                0x20004070                __multiply
 .text.__pow5mult
                0x2000421c      0x10c c:/isis/application/toolchain/bin/../lib/gcc/arm-none-eabi/4.7.4/../../../../arm-none-eabi/lib\libc_s.a(lib_a-mprec.o)
                0x2000421c                __pow5mult
 .text.__lshift
                0x20004328       0xf0 c:/isis/application/toolchain/bin/../lib/gcc/arm-none-eabi/4.7.4/../../../../arm-none-eabi/lib\libc_s.a(lib_a-mprec.o)
                0x20004328                __lshift
 .text.__mcmp   0x20004418       0x60 c:/isis/application/toolchain/bin/../lib/gcc/arm-none-eabi/4.7.4/../../../../arm-none-eabi/lib\libc_s.a(lib_a-mprec.o)
                0x20004418                __mcmp
 .text.__mdiff  0x20004478      0x128 c:/isis/application/toolchain/bin/../lib/gcc/arm-none-eabi/4.7.4/../../../../arm-none-eabi/lib\libc_s.a(lib_a-mprec.o)
                0x20004478                __mdiff
 .text.__ulp    0x200045a0       0x5c c:/isis/application/toolchain/bin/../lib/gcc/arm-none-eabi/4.7.4/../../../../arm-none-eabi/lib\libc_s.a(lib_a-mprec.o)
                0x200045a0                __ulp
 .text.__b2d    0x200045fc       0xc8 c:/isis/application/toolchain/bin/../lib/gcc/arm-none-eabi/4.7.4/../../../../arm-none-eabi/lib\libc_s.a(lib_a-mprec.o)
                0x200045fc                __b2d
 .text.__d2b    0x200046c4       0xfc c:/isis/application/toolchain/bin/../lib/gcc/arm-none-eabi/4.7.4/../../../../arm-none-eabi/lib\libc_s.a(lib_a-mprec.o)
                0x200046c4                __d2b
 .text.__ratio  0x200047c0       0x70 c:/isis/application/toolchain/bin/../lib/gcc/arm-none-eabi/4.7.4/../../../../arm-none-eabi/lib\libc_s.a(lib_a-mprec.o)
                0x200047c0                __ratio
 .text.__copybits
                0x20004830       0x4c c:/isis/application/toolchain/bin/../lib/gcc/arm-none-eabi/4.7.4/../../../../arm-none-eabi/lib\libc_s.a(lib_a-mprec.o)
                0x20004830                __copybits
 .text.__any_on
                0x2000487c       0x7c c:/isis/application/toolchain/bin/../lib/gcc/arm-none-eabi/4.7.4/../../../../arm-none-eabi/lib\libc_s.a(lib_a-mprec.o)
                0x2000487c                __any_on
 .text.__fpclassifyd
                0x200048f8       0x6c c:/isis/application/toolchain/bin/../lib/gcc/arm-none-eabi/4.7.4/../../../../arm-none-eabi/lib\libc_s.a(lib_a-s_fpclassify.o)
                0x200048f8                __fpclassifyd
 .text._sbrk_r  0x20004964       0x3c c:/isis/application/toolchain/bin/../lib/gcc/arm-none-eabi/4.7.4/../../../../arm-none-eabi/lib\libc_s.a(lib_a-sbrkr.o)
                0x20004964                _sbrk_r
 .text.nanf     0x200049a0        0xc c:/isis/application/toolchain/bin/../lib/gcc/arm-none-eabi/4.7.4/../../../../arm-none-eabi/lib\libc_s.a(lib_a-sf_nan.o)
                0x200049a0                nanf
 .text.sprintf  0x200049ac       0x6c c:/isis/application/toolchain/bin/../lib/gcc/arm-none-eabi/4.7.4/../../../../arm-none-eabi/lib\libc_s.a(lib_a-sprintf.o)
                0x200049ac                siprintf
                0x200049ac                sprintf
 .text.strcmp   0x20004a18       0x1c c:/isis/application/toolchain/bin/../lib/gcc/arm-none-eabi/4.7.4/../../../../arm-none-eabi/lib\libc_s.a(lib_a-strcmp.o)
                0x20004a18                strcmp
 .text.strlen   0x20004a34       0x1c c:/isis/application/toolchain/bin/../lib/gcc/arm-none-eabi/4.7.4/../../../../arm-none-eabi/lib\libc_s.a(lib_a-strlen.o)
                0x20004a34                strlen
 .text.match    0x20004a50       0x54 c:/isis/application/toolchain/bin/../lib/gcc/arm-none-eabi/4.7.4/../../../../arm-none-eabi/lib\libc_s.a(lib_a-strtod.o)
 .text._strtod_r
                0x20004aa4     0x1168 c:/isis/application/toolchain/bin/../lib/gcc/arm-none-eabi/4.7.4/../../../../arm-none-eabi/lib\libc_s.a(lib_a-strtod.o)
                0x20004aa4                _strtod_r
 .text._strtol_r
                0x20005c0c      0x1b8 c:/isis/application/toolchain/bin/../lib/gcc/arm-none-eabi/4.7.4/../../../../arm-none-eabi/lib\libc_s.a(lib_a-strtol.o)
                0x20005c0c                _strtol_r
 .text.__ssputc_r
                0x20005dc4      0x10c c:/isis/application/toolchain/bin/../lib/gcc/arm-none-eabi/4.7.4/../../../../arm-none-eabi/lib\libc_s.a(lib_a-svfprintf.o)
                0x20005dc4                __ssputc_r
 .text._svfprintf_r
                0x20005ed0      0x328 c:/isis/application/toolchain/bin/../lib/gcc/arm-none-eabi/4.7.4/../../../../arm-none-eabi/lib\libc_s.a(lib_a-svfprintf.o)
                0x20005ed0                _svfiprintf_r
                0x20005ed0                _svfprintf_r
 .text._calloc_r
                0x200061f8       0x2c c:/isis/application/toolchain/bin/../lib/gcc/arm-none-eabi/4.7.4/../../../../arm-none-eabi/lib\libc_s.a(lib_a-callocr.o)
                0x200061f8                _calloc_r
 .text._free_r  0x20006224      0x108 c:/isis/application/toolchain/bin/../lib/gcc/arm-none-eabi/4.7.4/../../../../arm-none-eabi/lib\libc_s.a(lib_a-freer.o)
                0x20006224                _free_r
 .text.rshift   0x2000632c       0xb0 c:/isis/application/toolchain/bin/../lib/gcc/arm-none-eabi/4.7.4/../../../../arm-none-eabi/lib\libc_s.a(lib_a-gdtoa-gethex.o)
 .text.htinit.constprop.0
                0x200063dc       0x34 c:/isis/application/toolchain/bin/../lib/gcc/arm-none-eabi/4.7.4/../../../../arm-none-eabi/lib\libc_s.a(lib_a-gdtoa-gethex.o)
 .text.__hexdig_init
                0x20006410       0x38 c:/isis/application/toolchain/bin/../lib/gcc/arm-none-eabi/4.7.4/../../../../arm-none-eabi/lib\libc_s.a(lib_a-gdtoa-gethex.o)
                0x20006410                __hexdig_init
 .text.__gethex
                0x20006448      0x6cc c:/isis/application/toolchain/bin/../lib/gcc/arm-none-eabi/4.7.4/../../../../arm-none-eabi/lib\libc_s.a(lib_a-gdtoa-gethex.o)
                0x20006448                __gethex
 .text.L_shift  0x20006b14       0x38 c:/isis/application/toolchain/bin/../lib/gcc/arm-none-eabi/4.7.4/../../../../arm-none-eabi/lib\libc_s.a(lib_a-gdtoa-hexnan.o)
 .text.__hexnan
                0x20006b4c      0x1d8 c:/isis/application/toolchain/bin/../lib/gcc/arm-none-eabi/4.7.4/../../../../arm-none-eabi/lib\libc_s.a(lib_a-gdtoa-hexnan.o)
                0x20006b4c                __hexnan
 .text.memchr   0x20006d24       0x34 c:/isis/application/toolchain/bin/../lib/gcc/arm-none-eabi/4.7.4/../../../../arm-none-eabi/lib\libc_s.a(lib_a-memchr.o)
                0x20006d24                memchr
 .text.memset   0x20006d58       0x1c c:/isis/application/toolchain/bin/../lib/gcc/arm-none-eabi/4.7.4/../../../../arm-none-eabi/lib\libc_s.a(lib_a-memset.o)
                0x20006d58                memset
 .text._realloc_r
                0x20006d74       0x80 c:/isis/application/toolchain/bin/../lib/gcc/arm-none-eabi/4.7.4/../../../../arm-none-eabi/lib\libc_s.a(lib_a-reallocr.o)
                0x20006d74                _realloc_r
 .text.strncmp  0x20006df4       0x64 c:/isis/application/toolchain/bin/../lib/gcc/arm-none-eabi/4.7.4/../../../../arm-none-eabi/lib\libc_s.a(lib_a-strncmp.o)
                0x20006df4                strncmp
 .text._malloc_usable_size_r
                0x20006e58       0x1c c:/isis/application/toolchain/bin/../lib/gcc/arm-none-eabi/4.7.4/../../../../arm-none-eabi/lib\libc_s.a(lib_a-msizer.o)
                0x20006e58                _malloc_usable_size_r
 .text.GetHeatersActiveMode
                0x20006e74       0x3c ./src/SubSystemModules/PowerManagment/EPS.o
                0x20006e74                GetHeatersActiveMode
 .text.print_byte_arr
                0x20006eb0       0xb0 ./src/SubSystemModules/PowerManagment/EPS.o
                0x20006eb0                print_byte_arr
 .text.byte_arr_2_int16
                0x20006f60       0x54 ./src/SubSystemModules/PowerManagment/EPS.o
                0x20006f60                byte_arr_2_int16
 .text.i2c_write_read
                0x20006fb4       0xe0 ./src/SubSystemModules/PowerManagment/EPS.o
                0x20006fb4                i2c_write_read
 .text.eps_i2c_comm_set_config
                0x20007094      0x27c ./src/SubSystemModules/PowerManagment/EPS.o
                0x20007094                eps_i2c_comm_set_config
 .text.eps_set_battary_heater_mode
                0x20007310       0x40 ./src/SubSystemModules/PowerManagment/EPS.o
                0x20007310                eps_set_battary_heater_mode
 .text.init_linger_thrs
                0x20007350       0x78 ./src/SubSystemModules/PowerManagment/EPS.o
                0x20007350                init_linger_thrs
 .text.EPS_Init
                0x200073c8      0x100 ./src/SubSystemModules/PowerManagment/EPS.o
                0x200073c8                EPS_Init
 .text.eps_set_channels_on
                0x200074c8       0x68 ./src/SubSystemModules/PowerManagment/EPS.o
                0x200074c8                eps_set_channels_on
 .text.EPS_Conditioning
                0x20007530       0xa8 ./src/SubSystemModules/PowerManagment/EPS.o
                0x20007530                EPS_Conditioning
 .text.GetBatteryVoltage
                0x200075d8       0x54 ./src/SubSystemModules/PowerManagment/EPS.o
                0x200075d8                GetBatteryVoltage
 .text.GetThresholdVoltages
                0x2000762c       0x4c ./src/SubSystemModules/PowerManagment/EPS.o
                0x2000762c                GetThresholdVoltages
 .text.GetAlpha
                0x20007678       0x48 ./src/SubSystemModules/PowerManagment/EPS.o
                0x20007678                GetAlpha
 .text.is_time_linger_passed
                0x200076c0       0x64 ./src/SubSystemModules/PowerManagment/EPSOperationModes.o
                0x200076c0                is_time_linger_passed
 .text.is_next_state_time_linger_passed
                0x20007724       0xa8 ./src/SubSystemModules/PowerManagment/EPSOperationModes.o
                0x20007724                is_next_state_time_linger_passed
 .text.EnterFullMode
                0x200077cc       0xb8 ./src/SubSystemModules/PowerManagment/EPSOperationModes.o
                0x200077cc                EnterFullMode
 .text.EnterCruiseMode
                0x20007884       0xb4 ./src/SubSystemModules/PowerManagment/EPSOperationModes.o
                0x20007884                EnterCruiseMode
 .text.EnterSafeMode
                0x20007938       0xb4 ./src/SubSystemModules/PowerManagment/EPSOperationModes.o
                0x20007938                EnterSafeMode
 .text.EnterCriticalMode
                0x200079ec       0xb4 ./src/SubSystemModules/PowerManagment/EPSOperationModes.o
                0x200079ec                EnterCriticalMode
 .text.GetEPSSystemState
                0x20007aa0       0x24 ./src/SubSystemModules/PowerManagment/EPSOperationModes.o
                0x20007aa0                GetEPSSystemState
 .text.EpsSetLowVoltageFlag
                0x20007ac4       0x2c ./src/SubSystemModules/PowerManagment/EPSOperationModes.o
                0x20007ac4                EpsSetLowVoltageFlag
 .text.payloadInit
                0x20007af0       0xe4 ./src/SubSystemModules/Payload/payload_drivers.o
                0x20007af0                payloadInit
 .text.payloadRead
                0x20007bd4       0xbc ./src/SubSystemModules/Payload/payload_drivers.o
                0x20007bd4                payloadRead
 .text.payloadSendCommand
                0x20007c90       0x70 ./src/SubSystemModules/Payload/payload_drivers.o
                0x20007c90                payloadSendCommand
 .text.payloadReadEnvironment
                0x20007d00      0x4d0 ./src/SubSystemModules/Payload/payload_drivers.o
                0x20007d00                payloadReadEnvironment
 .text.payloadReadEvents
                0x200081d0      0x410 ./src/SubSystemModules/Payload/payload_drivers.o
                0x200081d0                payloadReadEvents
 .text.payloadCommandRestartCount
                0x200085e0       0x80 ./src/SubSystemModules/Payload/payload_drivers.o
                0x200085e0                payloadCommandRestartCount
 .text.payloadTurnOff
                0x20008660       0x68 ./src/SubSystemModules/Payload/payload_drivers.o
                0x20008660                payloadTurnOff
 .text.payloadTurnOn
                0x200086c8       0x84 ./src/SubSystemModules/Payload/payload_drivers.o
                0x200086c8                payloadTurnOn
 .text.dump_now
                0x2000874c       0x60 ./src/SubSystemModules/Maintenance/Log.o
                0x2000874c                dump_now
 .text._logg    0x200087ac      0x324 ./src/SubSystemModules/Maintenance/Log.o
                0x200087ac                _logg
 .text.logg     0x20008ad0       0xc8 ./src/SubSystemModules/Maintenance/Log.o
                0x20008ad0                logg
 .text.setLogLevel
                0x20008b98       0x30 ./src/SubSystemModules/Maintenance/Log.o
                0x20008b98                setLogLevel
 .text.getLogLevel
                0x20008bc8       0x24 ./src/SubSystemModules/Maintenance/Log.o
                0x20008bc8                getLogLevel
 .text.initLog  0x20008bec       0x34 ./src/SubSystemModules/Maintenance/Log.o
                0x20008bec                initLog
 .text.getLastErrorMsgSize
                0x20008c20       0x24 ./src/SubSystemModules/Maintenance/Log.o
                0x20008c20                getLastErrorMsgSize
 .text.copyLastErrorMsg
                0x20008c44       0x60 ./src/SubSystemModules/Maintenance/Log.o
                0x20008c44                copyLastErrorMsg
 .text.getLog_TLM
                0x20008ca4       0xb0 ./src/SubSystemModules/Maintenance/Log.o
                0x20008ca4                getLog_TLM
 .text.CheckExecutionTime
                0x20008d54       0x90 ./src/SubSystemModules/Maintenance/Maintenance.o
                0x20008d54                CheckExecutionTime
 .text.SaveSatTimeInFRAM
                0x20008de4       0x44 ./src/SubSystemModules/Maintenance/Maintenance.o
                0x20008de4                SaveSatTimeInFRAM
 .text.IsFS_Corrupted
                0x20008e28       0x48 ./src/SubSystemModules/Maintenance/Maintenance.o
                0x20008e28                IsFS_Corrupted
 .text.WakeUpFromReset
                0x20008e70       0xfc ./src/SubSystemModules/Maintenance/Maintenance.o
                0x20008e70                WakeUpFromReset
 .text.WakeupFromResetCMD
                0x20008f6c       0xf0 ./src/SubSystemModules/Maintenance/Maintenance.o
                0x20008f6c                WakeupFromResetCMD
 .text.ResetGroundCommWDT
                0x2000905c       0x1c ./src/SubSystemModules/Maintenance/Maintenance.o
                0x2000905c                ResetGroundCommWDT
 .text.IsGroundCommunicationWDTKick
                0x20009078       0xd0 ./src/SubSystemModules/Maintenance/Maintenance.o
                0x20009078                IsGroundCommunicationWDTKick
 .text.GetGsWdtKickTime
                0x20009148       0x38 ./src/SubSystemModules/Maintenance/Maintenance.o
                0x20009148                GetGsWdtKickTime
 .text.Maintenance
                0x20009180       0x48 ./src/SubSystemModules/Maintenance/Maintenance.o
                0x20009180                Maintenance
 .text.InitDump
                0x200091c8       0xa0 ./src/SubSystemModules/Housekepping/Dump.o
                0x200091c8                InitDump
 .text.FinishDump
                0x20009268       0xf0 ./src/SubSystemModules/Housekepping/Dump.o
                0x20009268                FinishDump
 .text.SendDumpAbortRequest
                0x20009358       0xa0 ./src/SubSystemModules/Housekepping/Dump.o
                0x20009358                SendDumpAbortRequest
 .text.CheckDumpAbort
                0x200093f8       0x58 ./src/SubSystemModules/Housekepping/Dump.o
                0x200093f8                CheckDumpAbort
 .text.getTelemetryMetaData
                0x20009450       0x7c ./src/SubSystemModules/Housekepping/Dump.o
                0x20009450                getTelemetryMetaData
 .text.send     0x200094cc       0xa0 ./src/SubSystemModules/Housekepping/Dump.o
                0x200094cc                send
 .text.DumpStart
                0x2000956c      0x308 ./src/SubSystemModules/Housekepping/Dump.o
                0x2000956c                DumpStart
 .text.DumpTask
                0x20009874       0x34 ./src/SubSystemModules/Housekepping/Dump.o
                0x20009874                DumpTask
 .text.DumpTelemetry
                0x200098a8      0x208 ./src/SubSystemModules/Housekepping/Dump.o
                0x200098a8                DumpTelemetry
 .text.CalcPacketSize
                0x20009ab0       0xd4 ./src/SubSystemModules/Housekepping/Dump.o
                0x20009ab0                CalcPacketSize
 .text.SendAll  0x20009b84      0x294 ./src/SubSystemModules/Housekepping/Dump.o
                0x20009b84                SendAll
 .text.CMD_GetDumpByIndex
                0x20009e18      0x248 ./src/SubSystemModules/Housekepping/Dump.o
                0x20009e18                CMD_GetDumpByIndex
 .text.FirstScan
                0x2000a060      0x3f8 ./src/SubSystemModules/Housekepping/Dump.o
                0x2000a060                FirstScan
 .text.AddTime  0x2000a458       0x80 ./src/SubSystemModules/Housekepping/TelemetryCollector.o
                0x2000a458                AddTime
 .text.InitTelemetryCollector
                0x2000a4d8       0x28 ./src/SubSystemModules/Housekepping/TelemetryCollector.o
                0x2000a4d8                InitTelemetryCollector
 .text.GetTelemetryFilenameByType
                0x2000a500      0x2c4 ./src/SubSystemModules/Housekepping/TelemetryCollector.o
                0x2000a500                GetTelemetryFilenameByType
 .text.TelemetryCollectorLogic
                0x2000a7c4      0x1f8 ./src/SubSystemModules/Housekepping/TelemetryCollector.o
                0x2000a7c4                TelemetryCollectorLogic
 .text.TelemetryCreateFiles
                0x2000a9bc      0x364 ./src/SubSystemModules/Housekepping/TelemetryCollector.o
                0x2000a9bc                TelemetryCreateFiles
 .text.to_hk_eps_eng
                0x2000ad20      0x418 ./src/SubSystemModules/Housekepping/TelemetryCollector.o
                0x2000ad20                to_hk_eps_eng
 .text.to_hk_eps_avg
                0x2000b138      0x418 ./src/SubSystemModules/Housekepping/TelemetryCollector.o
                0x2000b138                to_hk_eps_avg
 .text.to_hk_eps_raw
                0x2000b550      0x3e8 ./src/SubSystemModules/Housekepping/TelemetryCollector.o
                0x2000b550                to_hk_eps_raw
 .text.TelemetrySaveEPS
                0x2000b938      0x158 ./src/SubSystemModules/Housekepping/TelemetryCollector.o
                0x2000b938                TelemetrySaveEPS
 .text.CMD_getEPS_ENG_TLM
                0x2000ba90       0x94 ./src/SubSystemModules/Housekepping/TelemetryCollector.o
                0x2000ba90                CMD_getEPS_ENG_TLM
 .text.CMD_getEPS_RAW_TLM
                0x2000bb24       0x94 ./src/SubSystemModules/Housekepping/TelemetryCollector.o
                0x2000bb24                CMD_getEPS_RAW_TLM
 .text.CMD_getEPS_AVG_TLM
                0x2000bbb8       0x94 ./src/SubSystemModules/Housekepping/TelemetryCollector.o
                0x2000bbb8                CMD_getEPS_AVG_TLM
 .text.TelemetrySaveTRXVU
                0x2000bc4c       0xd0 ./src/SubSystemModules/Housekepping/TelemetryCollector.o
                0x2000bc4c                TelemetrySaveTRXVU
 .text.CMD_getTX_TLM
                0x2000bd1c       0xa8 ./src/SubSystemModules/Housekepping/TelemetryCollector.o
                0x2000bd1c                CMD_getTX_TLM
 .text.CMD_getRX_TLM
                0x2000bdc4       0x98 ./src/SubSystemModules/Housekepping/TelemetryCollector.o
                0x2000bdc4                CMD_getRX_TLM
 .text.TelemetrySaveANT
                0x2000be5c      0x160 ./src/SubSystemModules/Housekepping/TelemetryCollector.o
                0x2000be5c                TelemetrySaveANT
 .text.CMD_getAnts_A_TLM
                0x2000bfbc       0x70 ./src/SubSystemModules/Housekepping/TelemetryCollector.o
                0x2000bfbc                CMD_getAnts_A_TLM
 .text.CMD_getAnts_B_TLM
                0x2000c02c       0x70 ./src/SubSystemModules/Housekepping/TelemetryCollector.o
                0x2000c02c                CMD_getAnts_B_TLM
 .text.SolarPanelv2_Temperature
                0x2000c09c      0x134 ./src/SubSystemModules/Housekepping/TelemetryCollector.o
                0x2000c09c                SolarPanelv2_Temperature
 .text.SaveSolar_TLM
                0x2000c1d0       0x50 ./src/SubSystemModules/Housekepping/TelemetryCollector.o
                0x2000c1d0                SaveSolar_TLM
 .text.SaveADC_TLM
                0x2000c220       0xbc ./src/SubSystemModules/Housekepping/TelemetryCollector.o
                0x2000c220                SaveADC_TLM
 .text.CMD_getADC_TLM
                0x2000c2dc       0xdc ./src/SubSystemModules/Housekepping/TelemetryCollector.o
                0x2000c2dc                CMD_getADC_TLM
 .text.CMD_getSolar_TLM
                0x2000c3b8       0x64 ./src/SubSystemModules/Housekepping/TelemetryCollector.o
                0x2000c3b8                CMD_getSolar_TLM
 .text.GetCurrentWODTelemetry
                0x2000c41c      0x17c ./src/SubSystemModules/Housekepping/TelemetryCollector.o
                0x2000c41c                GetCurrentWODTelemetry
 .text.CMD_getWOD_TLM
                0x2000c598       0x38 ./src/SubSystemModules/Housekepping/TelemetryCollector.o
                0x2000c598                CMD_getWOD_TLM
 .text.CMD_getLOG_TLM
                0x2000c5d0       0x44 ./src/SubSystemModules/Housekepping/TelemetryCollector.o
                0x2000c5d0                CMD_getLOG_TLM
 .text.TelemetrySavePIC32
                0x2000c614       0x88 ./src/SubSystemModules/Housekepping/TelemetryCollector.o
                0x2000c614                TelemetrySavePIC32
 .text.TelemetrySaveRADFET
                0x2000c69c       0x88 ./src/SubSystemModules/Housekepping/TelemetryCollector.o
                0x2000c69c                TelemetrySaveRADFET
 .text.CMD_getPic32_TLM
                0x2000c724       0xb4 ./src/SubSystemModules/Housekepping/TelemetryCollector.o
                0x2000c724                CMD_getPic32_TLM
 .text.CMD_getRadfet_TLM
                0x2000c7d8       0xb8 ./src/SubSystemModules/Housekepping/TelemetryCollector.o
                0x2000c7d8                CMD_getRadfet_TLM
 .text.CMD_EPS_ResetWDT
                0x2000c890       0x2c ./src/SubSystemModules/Communication/SubsystemCommands/EPS_Commands.o
                0x2000c890                CMD_EPS_ResetWDT
 .text.CMD_EPS_SetChannelStateOn
                0x2000c8bc       0xa4 ./src/SubSystemModules/Communication/SubsystemCommands/EPS_Commands.o
                0x2000c8bc                CMD_EPS_SetChannelStateOn
 .text.CMD_EPS_SetChannelStateOff
                0x2000c960       0xa0 ./src/SubSystemModules/Communication/SubsystemCommands/EPS_Commands.o
                0x2000c960                CMD_EPS_SetChannelStateOff
 .text.CMD_DeleteFileByTime
                0x2000ca00      0x108 ./src/SubSystemModules/Communication/SubsystemCommands/FS_Commands.o
                0x2000ca00                CMD_DeleteFileByTime
 .text.CMD_DeleteFilesOfType
                0x2000cb08       0xa8 ./src/SubSystemModules/Communication/SubsystemCommands/FS_Commands.o
                0x2000cb08                CMD_DeleteFilesOfType
 .text.CMD_DeleteFS
                0x2000cbb0       0x54 ./src/SubSystemModules/Communication/SubsystemCommands/FS_Commands.o
                0x2000cbb0                CMD_DeleteFS
 .text.CMD_GetLastFS_Error
                0x2000cc04       0x40 ./src/SubSystemModules/Communication/SubsystemCommands/FS_Commands.o
                0x2000cc04                CMD_GetLastFS_Error
 .text.CMD_FreeSpace
                0x2000cc44       0x58 ./src/SubSystemModules/Communication/SubsystemCommands/FS_Commands.o
                0x2000cc44                CMD_FreeSpace
 .text.CMD_isFS_Corrupt
                0x2000cc9c       0x40 ./src/SubSystemModules/Communication/SubsystemCommands/FS_Commands.o
                0x2000cc9c                CMD_isFS_Corrupt
 .text.CMD_GenericI2C
                0x2000ccdc      0x158 ./src/SubSystemModules/Communication/SubsystemCommands/Maintanence_Commands.o
                0x2000ccdc                CMD_GenericI2C
 .text.CMD_FRAM_Init
                0x2000ce34       0x54 ./src/SubSystemModules/Communication/SubsystemCommands/Maintanence_Commands.o
                0x2000ce34                CMD_FRAM_Init
 .text.CMD_FRAM_ReadAndTransmitt
                0x2000ce88      0x128 ./src/SubSystemModules/Communication/SubsystemCommands/Maintanence_Commands.o
                0x2000ce88                CMD_FRAM_ReadAndTransmitt
 .text.CMD_FRAM_WriteAndTransmitt
                0x2000cfb0      0x13c ./src/SubSystemModules/Communication/SubsystemCommands/Maintanence_Commands.o
                0x2000cfb0                CMD_FRAM_WriteAndTransmitt
 .text.CMD_FRAM_Start
                0x2000d0ec       0x58 ./src/SubSystemModules/Communication/SubsystemCommands/Maintanence_Commands.o
                0x2000d0ec                CMD_FRAM_Start
 .text.CMD_FRAM_Stop
                0x2000d144       0x3c ./src/SubSystemModules/Communication/SubsystemCommands/Maintanence_Commands.o
                0x2000d144                CMD_FRAM_Stop
 .text.CMD_FRAM_Restart
                0x2000d180       0x40 ./src/SubSystemModules/Communication/SubsystemCommands/Maintanence_Commands.o
                0x2000d180                CMD_FRAM_Restart
 .text.CMD_UpdateSatTime
                0x2000d1c0       0xf0 ./src/SubSystemModules/Communication/SubsystemCommands/Maintanence_Commands.o
                0x2000d1c0                CMD_UpdateSatTime
 .text.CMD_GetSatTime
                0x2000d2b0       0x78 ./src/SubSystemModules/Communication/SubsystemCommands/Maintanence_Commands.o
                0x2000d2b0                CMD_GetSatTime
 .text.CMD_GetSatUptime
                0x2000d328       0x60 ./src/SubSystemModules/Communication/SubsystemCommands/Maintanence_Commands.o
                0x2000d328                CMD_GetSatUptime
 .text.CMD_AntennaDeploy
                0x2000d388       0x40 ./src/SubSystemModules/Communication/SubsystemCommands/Maintanence_Commands.o
                0x2000d388                CMD_AntennaDeploy
 .text.CMD_setLogLevel
                0x2000d3c8       0x94 ./src/SubSystemModules/Communication/SubsystemCommands/Maintanence_Commands.o
                0x2000d3c8                CMD_setLogLevel
 .text.CMD_getLogLevel
                0x2000d45c       0x9c ./src/SubSystemModules/Communication/SubsystemCommands/Maintanence_Commands.o
                0x2000d45c                CMD_getLogLevel
 .text.CMD_SetTLM_CollectionCycle
                0x2000d4f8      0x1a0 ./src/SubSystemModules/Communication/SubsystemCommands/Maintanence_Commands.o
                0x2000d4f8                CMD_SetTLM_CollectionCycle
 .text.CMD_GetTLM_CollectionCycle
                0x2000d698      0x170 ./src/SubSystemModules/Communication/SubsystemCommands/Maintanence_Commands.o
                0x2000d698                CMD_GetTLM_CollectionCycle
 .text.CMD_ResetComponent
                0x2000d808      0x264 ./src/SubSystemModules/Communication/SubsystemCommands/Maintanence_Commands.o
                0x2000d808                CMD_ResetComponent
 .text.CMD_StartDump
                0x2000da6c       0x34 ./src/SubSystemModules/Communication/SubsystemCommands/TRXVU_Commands.o
                0x2000da6c                CMD_StartDump
 .text.CMD_SendDumpAbortRequest
                0x2000daa0       0x24 ./src/SubSystemModules/Communication/SubsystemCommands/TRXVU_Commands.o
                0x2000daa0                CMD_SendDumpAbortRequest
 .text.CMD_MuteTRXVU
                0x2000dac4       0x5c ./src/SubSystemModules/Communication/SubsystemCommands/TRXVU_Commands.o
                0x2000dac4                CMD_MuteTRXVU
 .text.CMD_UnMuteTRXVU
                0x2000db20       0x24 ./src/SubSystemModules/Communication/SubsystemCommands/TRXVU_Commands.o
                0x2000db20                CMD_UnMuteTRXVU
 .text.CMD_GetBeaconInterval
                0x2000db44       0x60 ./src/SubSystemModules/Communication/SubsystemCommands/TRXVU_Commands.o
                0x2000db44                CMD_GetBeaconInterval
 .text.CMD_GetTxUptime
                0x2000dba4       0x5c ./src/SubSystemModules/Communication/SubsystemCommands/TRXVU_Commands.o
                0x2000dba4                CMD_GetTxUptime
 .text.CMD_GetRxUptime
                0x2000dc00       0x5c ./src/SubSystemModules/Communication/SubsystemCommands/TRXVU_Commands.o
                0x2000dc00                CMD_GetRxUptime
 .text.CMD_GetNumOfOnlineCommands
                0x2000dc5c       0x54 ./src/SubSystemModules/Communication/SubsystemCommands/TRXVU_Commands.o
                0x2000dc5c                CMD_GetNumOfOnlineCommands
 .text.CMD_AntSetArmStatus
                0x2000dcb0       0x9c ./src/SubSystemModules/Communication/SubsystemCommands/TRXVU_Commands.o
                0x2000dcb0                CMD_AntSetArmStatus
 .text.CMD_AntGetArmStatus
                0x2000dd4c       0x64 ./src/SubSystemModules/Communication/SubsystemCommands/TRXVU_Commands.o
                0x2000dd4c                CMD_AntGetArmStatus
 .text.CMD_AntGetUptime
                0x2000ddb0       0x6c ./src/SubSystemModules/Communication/SubsystemCommands/TRXVU_Commands.o
                0x2000ddb0                CMD_AntGetUptime
 .text.CMD_AntCancelDeployment
                0x2000de1c       0x40 ./src/SubSystemModules/Communication/SubsystemCommands/TRXVU_Commands.o
                0x2000de1c                CMD_AntCancelDeployment
 .text.CMD_AntStopAutoDeployment
                0x2000de5c       0x48 ./src/SubSystemModules/Communication/SubsystemCommands/TRXVU_Commands.o
                0x2000de5c                CMD_AntStopAutoDeployment
 .text.SendAckPacket
                0x2000dea4       0xc0 ./src/SubSystemModules/Communication/AckHandler.o
                0x2000dea4                SendAckPacket
 .text.SendErrorMSG
                0x2000df64       0xe8 ./src/SubSystemModules/Communication/AckHandler.o
                0x2000df64                SendErrorMSG
 .text.ActUponCommand
                0x2000e04c      0x1d4 ./src/SubSystemModules/Communication/ActUponCommand.o
                0x2000e04c                ActUponCommand
 .text.InitBeaconParams
                0x2000e220       0x74 ./src/SubSystemModules/Communication/Beacon.o
                0x2000e220                InitBeaconParams
 .text.BeaconLogic
                0x2000e294      0x128 ./src/SubSystemModules/Communication/Beacon.o
                0x2000e294                BeaconLogic
 .text.UpdateBeaconInterval
                0x2000e3bc       0xe8 ./src/SubSystemModules/Communication/Beacon.o
                0x2000e3bc                UpdateBeaconInterval
 .text.trxvu_command_router
                0x2000e4a4      0x260 ./src/SubSystemModules/Communication/CommandDictionary.o
                0x2000e4a4                trxvu_command_router
 .text.eps_command_router
                0x2000e704      0x120 ./src/SubSystemModules/Communication/CommandDictionary.o
                0x2000e704                eps_command_router
 .text.telemetry_command_router
                0x2000e824      0x1cc ./src/SubSystemModules/Communication/CommandDictionary.o
                0x2000e824                telemetry_command_router
 .text.managment_command_router
                0x2000e9f0      0x2c4 ./src/SubSystemModules/Communication/CommandDictionary.o
                0x2000e9f0                managment_command_router
 .text.filesystem_command_router
                0x2000ecb4      0x108 ./src/SubSystemModules/Communication/CommandDictionary.o
                0x2000ecb4                filesystem_command_router
 .text.AssembleCommand
                0x2000edbc      0x270 ./src/SubSystemModules/Communication/SatCommandHandler.o
                0x2000edbc                AssembleCommand
 .text.ParseDataToCommand
                0x2000f02c      0x308 ./src/SubSystemModules/Communication/SatCommandHandler.o
                0x2000f02c                ParseDataToCommand
 .text.GetOnlineCommand
                0x2000f334      0x134 ./src/SubSystemModules/Communication/SatCommandHandler.o
                0x2000f334                GetOnlineCommand
 .text.InitTxModule
                0x2000f468      0x100 ./src/SubSystemModules/Communication/SatDataTx.o
                0x2000f468                InitTxModule
 .text.muteTRXVU
                0x2000f568       0xbc ./src/SubSystemModules/Communication/SatDataTx.o
                0x2000f568                muteTRXVU
 .text.UnMuteTRXVU
                0x2000f624       0x60 ./src/SubSystemModules/Communication/SatDataTx.o
                0x2000f624                UnMuteTRXVU
 .text.GetMuteFlag
                0x2000f684       0x24 ./src/SubSystemModules/Communication/SatDataTx.o
                0x2000f684                GetMuteFlag
 .text.CheckForMuteEnd
                0x2000f6a8       0x70 ./src/SubSystemModules/Communication/SatDataTx.o
                0x2000f6a8                CheckForMuteEnd
 .text.GetNumberOfFramesInBuffer
                0x2000f718       0x50 ./src/SubSystemModules/Communication/SatDataTx.o
                0x2000f718                GetNumberOfFramesInBuffer
 .text.CheckTransmitionAllowed
                0x2000f768       0x98 ./src/SubSystemModules/Communication/SatDataTx.o
                0x2000f768                CheckTransmitionAllowed
 .text.TransmitDataAsSPL_Packet
                0x2000f800      0x1ec ./src/SubSystemModules/Communication/SatDataTx.o
                0x2000f800                TransmitDataAsSPL_Packet
 .text.TransmitSplPacket
                0x2000f9ec      0x160 ./src/SubSystemModules/Communication/SatDataTx.o
                0x2000f9ec                TransmitSplPacket
 .text.vu_getFrequenciesTest_revE
                0x2000fb4c      0x120 ./src/SubSystemModules/Communication/TRXVU.o
                0x2000fb4c                vu_getFrequenciesTest_revE
 .text.setLastAntsAutoDeploymentTime
                0x2000fc6c       0x3c ./src/SubSystemModules/Communication/TRXVU.o
                0x2000fc6c                setLastAntsAutoDeploymentTime
 .text.HandleOpenAnts
                0x2000fca8       0x54 ./src/SubSystemModules/Communication/TRXVU.o
                0x2000fca8                HandleOpenAnts
 .text.SetIdleOff
                0x2000fcfc       0x94 ./src/SubSystemModules/Communication/TRXVU.o
                0x2000fcfc                SetIdleOff
 .text.HandleIdleAndMuteTime
                0x2000fd90       0x9c ./src/SubSystemModules/Communication/TRXVU.o
                0x2000fd90                HandleIdleAndMuteTime
 .text.HandleTransponderTime
                0x2000fe2c       0x40 ./src/SubSystemModules/Communication/TRXVU.o
                0x2000fe2c                HandleTransponderTime
 .text.InitAnts
                0x2000fe6c       0x6c ./src/SubSystemModules/Communication/TRXVU.o
                0x2000fe6c                InitAnts
 .text.get_ground_tx_bitrate
                0x2000fed8       0xa0 ./src/SubSystemModules/Communication/TRXVU.o
                0x2000fed8                get_ground_tx_bitrate
 .text.tx_bitrate_to_i2c
                0x2000ff78       0x68 ./src/SubSystemModules/Communication/TRXVU.o
                0x2000ff78                tx_bitrate_to_i2c
 .text.SetBitRate
                0x2000ffe0      0x148 ./src/SubSystemModules/Communication/TRXVU.o
                0x2000ffe0                SetBitRate
 .text.SetRxFreq
                0x20010128       0xfc ./src/SubSystemModules/Communication/TRXVU.o
                0x20010128                SetRxFreq
 .text.SetTxFreq
                0x20010224       0xe8 ./src/SubSystemModules/Communication/TRXVU.o
                0x20010224                SetTxFreq
 .text.SetFreqAndBitrate
                0x2001030c       0x18 ./src/SubSystemModules/Communication/TRXVU.o
                0x2001030c                SetFreqAndBitrate
 .text.InitTrxvu
                0x20010324       0xbc ./src/SubSystemModules/Communication/TRXVU.o
                0x20010324                InitTrxvu
 .text.TRX_Logic
                0x200103e0      0x168 ./src/SubSystemModules/Communication/TRXVU.o
                0x200103e0                TRX_Logic
 .text.CMD_SetIdleOn
                0x20010548       0xfc ./src/SubSystemModules/Communication/TRXVU.o
                0x20010548                CMD_SetIdleOn
 .text.CMD_SetIdleOff
                0x20010644       0x28 ./src/SubSystemModules/Communication/TRXVU.o
                0x20010644                CMD_SetIdleOff
 .text.areAntennasOpen
                0x2001066c       0x7c ./src/SubSystemModules/Communication/TRXVU.o
                0x2001066c                areAntennasOpen
 .text.initTransponder
                0x200106e8      0x100 ./src/SubSystemModules/Communication/Transponder.o
                0x200106e8                initTransponder
 .text.set_transonder_mode
                0x200107e8       0xa8 ./src/SubSystemModules/Communication/Transponder.o
                0x200107e8                set_transonder_mode
 .text.set_transponder_RSSI
                0x20010890       0x58 ./src/SubSystemModules/Communication/Transponder.o
                0x20010890                set_transponder_RSSI
 .text.CMD_turnOnTransponder
                0x200108e8      0x258 ./src/SubSystemModules/Communication/Transponder.o
                0x200108e8                CMD_turnOnTransponder
 .text.CMD_set_transponder_RSSI
                0x20010b40       0xc4 ./src/SubSystemModules/Communication/Transponder.o
                0x20010b40                CMD_set_transponder_RSSI
 .text.CMD_turnOffTransponder
                0x20010c04       0x3c ./src/SubSystemModules/Communication/Transponder.o
                0x20010c04                CMD_turnOffTransponder
 .text.getTransponderMode
                0x20010c40       0x24 ./src/SubSystemModules/Communication/Transponder.o
                0x20010c40                getTransponderMode
 .text.checkEndTransponderMode
                0x20010c64       0x80 ./src/SubSystemModules/Communication/Transponder.o
                0x20010c64                checkEndTransponderMode
 .text.getDuration
                0x20010ce4       0x80 ./src/SubSystemModules/Communication/Transponder.o
                0x20010ce4                getDuration
 .text.SolarPanelv2Init
                0x20010d64       0xc4 ./src/InitSystem.o
                0x20010d64                SolarPanelv2Init
 .text.isFirstActivation
                0x20010e28       0x74 ./src/InitSystem.o
                0x20010e28                isFirstActivation
 .text.firstActivationProcedure
                0x20010e9c      0x15c ./src/InitSystem.o
                0x20010e9c                firstActivationProcedure
 .text.IntializeFRAM
                0x20010ff8       0x8c ./src/InitSystem.o
                0x20010ff8                IntializeFRAM
 .text.WriteDefaultValuesToFRAM
                0x20011084      0x394 ./src/InitSystem.o
                0x20011084                WriteDefaultValuesToFRAM
 .text.StartFRAM
                0x20011418       0x18 ./src/InitSystem.o
                0x20011418                StartFRAM
 .text.StartI2C
                0x20011430       0x24 ./src/InitSystem.o
                0x20011430                StartI2C
 .text.StartSPI
                0x20011454       0x20 ./src/InitSystem.o
                0x20011454                StartSPI
 .text.StartTIME
                0x20011474       0xd4 ./src/InitSystem.o
                0x20011474                StartTIME
 .text.autoDeploy
                0x20011548      0x17c ./src/InitSystem.o
                0x20011548                autoDeploy
 .text.DeploySystem
                0x200116c4       0x58 ./src/InitSystem.o
                0x200116c4                DeploySystem
 .text.InitSubsystems
                0x2001171c      0x2e4 ./src/InitSystem.o
                0x2001171c                InitSubsystems
 .text.getSdIndex
                0x20011a00       0x44 ./src/TLM_management.o
 .text.setSdIndex
                0x20011a44       0x4c ./src/TLM_management.o
 .text.sd_format
                0x20011a90       0x28 ./src/TLM_management.o
                0x20011a90                sd_format
 .text.getNumOfFilesInFS
                0x20011ab8       0x44 ./src/TLM_management.o
 .text.setNumOfFilesInFS
                0x20011afc       0x48 ./src/TLM_management.o
 .text.f_managed_enterFS
                0x20011b44       0x18 ./src/TLM_management.o
                0x20011b44                f_managed_enterFS
 .text.f_managed_open
                0x20011b5c       0x60 ./src/TLM_management.o
                0x20011b5c                f_managed_open
 .text.f_managed_close
                0x20011bbc       0x3c ./src/TLM_management.o
                0x20011bbc                f_managed_close
 .text.createSemahores_FS
                0x20011bf8       0x78 ./src/TLM_management.o
                0x20011bf8                createSemahores_FS
 .text.formatAndCreateFiles
                0x20011c70       0x6c ./src/TLM_management.o
                0x20011c70                formatAndCreateFiles
 .text.InitializeFS
                0x20011cdc      0x154 ./src/TLM_management.o
                0x20011cdc                InitializeFS
 .text.c_fileCreate
                0x20011e30      0x12c ./src/TLM_management.o
                0x20011e30                c_fileCreate
 .text.writewithEpochtime
                0x20011f5c       0x90 ./src/TLM_management.o
 .text.write    0x20011fec       0x3c ./src/TLM_management.o
 .text.get_C_FILE_struct
                0x20012028       0xe4 ./src/TLM_management.o
                0x20012028                get_C_FILE_struct
 .text.getFileIndex
                0x2001210c       0x84 ./src/TLM_management.o
                0x2001210c                getFileIndex
 .text.get_file_name_by_index
                0x20012190       0x44 ./src/TLM_management.o
                0x20012190                get_file_name_by_index
 .text.c_fileWrite
                0x200121d4       0x38 ./src/TLM_management.o
                0x200121d4                c_fileWrite
 .text._c_fileWrite
                0x2001220c      0x194 ./src/TLM_management.o
                0x2001220c                _c_fileWrite
 .text.deleteElementsFromFile
                0x200123a0      0x1a0 ./src/TLM_management.o
 .text.c_fileGetSizeOfElement
                0x20012540       0x5c ./src/TLM_management.o
                0x20012540                c_fileGetSizeOfElement
 .text.c_fileDeleteElements
                0x2001259c      0x158 ./src/TLM_management.o
                0x2001259c                c_fileDeleteElements
 .text.DeInitializeFS
                0x200126f4       0x78 ./src/TLM_management.o
                0x200126f4                DeInitializeFS
 .text.taskMain
                0x2001276c       0x2c ./src/main.o
                0x2001276c                taskMain
 .text.main     0x20012798       0x98 ./src/main.o
                0x20012798                main
 .text.clearPDCtransfers
                0x20012830       0xe8 C:/Users/ground/Documents/GitHub/tevel2/GlobusSatProject/..//hal/hal/lib\libHALD.a(SPI.o)
 .text.SPI_start
                0x20012918      0x4b0 C:/Users/ground/Documents/GitHub/tevel2/GlobusSatProject/..//hal/hal/lib\libHALD.a(SPI.o)
                0x20012918                SPI_start
 .text.SPI_stop
                0x20012dc8      0x244 C:/Users/ground/Documents/GitHub/tevel2/GlobusSatProject/..//hal/hal/lib\libHALD.a(SPI.o)
                0x20012dc8                SPI_stop
 .text.SPI_queueTransfer
                0x2001300c      0x1cc C:/Users/ground/Documents/GitHub/tevel2/GlobusSatProject/..//hal/hal/lib\libHALD.a(SPI.o)
                0x2001300c                SPI_queueTransfer
 .text.SPI_internalCallback
                0x200131d8       0x64 C:/Users/ground/Documents/GitHub/tevel2/GlobusSatProject/..//hal/hal/lib\libHALD.a(SPI.o)
 .text.SPI_writeRead
                0x2001323c      0x1c0 C:/Users/ground/Documents/GitHub/tevel2/GlobusSatProject/..//hal/hal/lib\libHALD.a(SPI.o)
                0x2001323c                SPI_writeRead
 .text.waitForTransfer
                0x200133fc       0x78 C:/Users/ground/Documents/GitHub/tevel2/GlobusSatProject/..//hal/hal/lib\libHALD.a(SPI.o)
 .text.SPI_getDriverState
                0x20013474       0x58 C:/Users/ground/Documents/GitHub/tevel2/GlobusSatProject/..//hal/hal/lib\libHALD.a(SPI.o)
                0x20013474                SPI_getDriverState
 .text.validateTransferParameters
                0x200134cc      0x10c C:/Users/ground/Documents/GitHub/tevel2/GlobusSatProject/..//hal/hal/lib\libHALD.a(I2C.o)
 .text.I2C_queueTransfer
                0x200135d8       0xfc C:/Users/ground/Documents/GitHub/tevel2/GlobusSatProject/..//hal/hal/lib\libHALD.a(I2C.o)
                0x200135d8                I2C_queueTransfer
 .text.I2C_internalCallback
                0x200136d4       0x64 C:/Users/ground/Documents/GitHub/tevel2/GlobusSatProject/..//hal/hal/lib\libHALD.a(I2C.o)
 .text.I2C_doBlockingTransfer
                0x20013738      0x180 C:/Users/ground/Documents/GitHub/tevel2/GlobusSatProject/..//hal/hal/lib\libHALD.a(I2C.o)
 .text.I2C_write
                0x200138b8      0x110 C:/Users/ground/Documents/GitHub/tevel2/GlobusSatProject/..//hal/hal/lib\libHALD.a(I2C.o)
                0x200138b8                I2C_write
 .text.I2C_read
                0x200139c8      0x110 C:/Users/ground/Documents/GitHub/tevel2/GlobusSatProject/..//hal/hal/lib\libHALD.a(I2C.o)
                0x200139c8                I2C_read
 .text.I2C_writeRead
                0x20013ad8      0x17c C:/Users/ground/Documents/GitHub/tevel2/GlobusSatProject/..//hal/hal/lib\libHALD.a(I2C.o)
                0x20013ad8                I2C_writeRead
 .text.I2C_start
                0x20013c54      0x2e8 C:/Users/ground/Documents/GitHub/tevel2/GlobusSatProject/..//hal/hal/lib\libHALD.a(I2C.o)
                0x20013c54                I2C_start
 .text.I2C_stop
                0x20013f3c      0x184 C:/Users/ground/Documents/GitHub/tevel2/GlobusSatProject/..//hal/hal/lib\libHALD.a(I2C.o)
                0x20013f3c                I2C_stop
 .text.I2C_setTransferTimeout
                0x200140c0       0x48 C:/Users/ground/Documents/GitHub/tevel2/GlobusSatProject/..//hal/hal/lib\libHALD.a(I2C.o)
                0x200140c0                I2C_setTransferTimeout
 .text.ADC_ConvertRaw10bitToMillivolt
                0x20014108       0x50 C:/Users/ground/Documents/GitHub/tevel2/GlobusSatProject/..//hal/hal/lib\libHALD.a(ADC.o)
                0x20014108                ADC_ConvertRaw10bitToMillivolt
 .text.ADC_SingleShot
                0x20014158      0x230 C:/Users/ground/Documents/GitHub/tevel2/GlobusSatProject/..//hal/hal/lib\libHALD.a(ADC.o)
                0x20014158                ADC_SingleShot
 .text.FRAM_start
                0x20014388      0x120 C:/Users/ground/Documents/GitHub/tevel2/GlobusSatProject/..//hal/hal/lib\libHALD.a(FRAM.o)
                0x20014388                FRAM_start
 .text.FRAM_stop
                0x200144a8       0x6c C:/Users/ground/Documents/GitHub/tevel2/GlobusSatProject/..//hal/hal/lib\libHALD.a(FRAM.o)
                0x200144a8                FRAM_stop
 .text.FRAM_dummyCallback
                0x20014514       0x24 C:/Users/ground/Documents/GitHub/tevel2/GlobusSatProject/..//hal/hal/lib\libHALD.a(FRAM.o)
                0x20014514                FRAM_dummyCallback
 .text.FRAM_unlockingCallback
                0x20014538       0x64 C:/Users/ground/Documents/GitHub/tevel2/GlobusSatProject/..//hal/hal/lib\libHALD.a(FRAM.o)
                0x20014538                FRAM_unlockingCallback
 .text.doBlockingTransfer
                0x2001459c       0x78 C:/Users/ground/Documents/GitHub/tevel2/GlobusSatProject/..//hal/hal/lib\libHALD.a(FRAM.o)
 .text.FRAM_writePacket
                0x20014614      0x134 C:/Users/ground/Documents/GitHub/tevel2/GlobusSatProject/..//hal/hal/lib\libHALD.a(FRAM.o)
 .text.FRAM_write
                0x20014748      0x1e0 C:/Users/ground/Documents/GitHub/tevel2/GlobusSatProject/..//hal/hal/lib\libHALD.a(FRAM.o)
                0x20014748                FRAM_write
 .text.FRAM_readPacket
                0x20014928       0xf0 C:/Users/ground/Documents/GitHub/tevel2/GlobusSatProject/..//hal/hal/lib\libHALD.a(FRAM.o)
 .text.FRAM_read
                0x20014a18      0x1ec C:/Users/ground/Documents/GitHub/tevel2/GlobusSatProject/..//hal/hal/lib\libHALD.a(FRAM.o)
                0x20014a18                FRAM_read
 .text.Time_start
                0x20014c04      0x170 C:/Users/ground/Documents/GitHub/tevel2/GlobusSatProject/..//hal/hal/lib\libHALD.a(Time.o)
                0x20014c04                Time_start
 .text.taskTimeSync
                0x20014d74       0x64 C:/Users/ground/Documents/GitHub/tevel2/GlobusSatProject/..//hal/hal/lib\libHALD.a(Time.o)
 .text.Time_convertEpochToTime
                0x20014dd8      0x100 C:/Users/ground/Documents/GitHub/tevel2/GlobusSatProject/..//hal/hal/lib\libHALD.a(Time.o)
                0x20014dd8                Time_convertEpochToTime
 .text.Time_calculateSecondsOfYear
                0x20014ed8       0xd8 C:/Users/ground/Documents/GitHub/tevel2/GlobusSatProject/..//hal/hal/lib\libHALD.a(Time.o)
 .text.Time_set
                0x20014fb0       0xd8 C:/Users/ground/Documents/GitHub/tevel2/GlobusSatProject/..//hal/hal/lib\libHALD.a(Time.o)
                0x20014fb0                Time_set
 .text.Time_isLeapYear
                0x20015088       0x98 C:/Users/ground/Documents/GitHub/tevel2/GlobusSatProject/..//hal/hal/lib\libHALD.a(Time.o)
                0x20015088                Time_isLeapYear
 .text.Time_get
                0x20015120      0x478 C:/Users/ground/Documents/GitHub/tevel2/GlobusSatProject/..//hal/hal/lib\libHALD.a(Time.o)
                0x20015120                Time_get
 .text.Time_getUnixEpoch
                0x20015598      0x108 C:/Users/ground/Documents/GitHub/tevel2/GlobusSatProject/..//hal/hal/lib\libHALD.a(Time.o)
                0x20015598                Time_getUnixEpoch
 .text.Time_secondsOfYearToTime
                0x200156a0      0x33c C:/Users/ground/Documents/GitHub/tevel2/GlobusSatProject/..//hal/hal/lib\libHALD.a(Time.o)
 .text.Time_setUnixEpoch
                0x200159dc       0x54 C:/Users/ground/Documents/GitHub/tevel2/GlobusSatProject/..//hal/hal/lib\libHALD.a(Time.o)
                0x200159dc                Time_setUnixEpoch
 .text.Time_getUptimeSeconds
                0x20015a30       0x28 C:/Users/ground/Documents/GitHub/tevel2/GlobusSatProject/..//hal/hal/lib\libHALD.a(Time.o)
                0x20015a30                Time_getUptimeSeconds
 .text.Time_sync
                0x20015a58      0x1a8 C:/Users/ground/Documents/GitHub/tevel2/GlobusSatProject/..//hal/hal/lib\libHALD.a(Time.o)
                0x20015a58                Time_sync
 .text.Time_syncIfNeeded
                0x20015c00       0xac C:/Users/ground/Documents/GitHub/tevel2/GlobusSatProject/..//hal/hal/lib\libHALD.a(Time.o)
                0x20015c00                Time_syncIfNeeded
 .text.WDT_start
                0x20015cac       0x48 C:/Users/ground/Documents/GitHub/tevel2/GlobusSatProject/..//hal/hal/lib\libHALD.a(WatchDogTimerNoOS.o)
                0x20015cac                WDT_start
 .text.RTT_start
                0x20015cf4       0x24 C:/Users/ground/Documents/GitHub/tevel2/GlobusSatProject/..//hal/hal/lib\libHALD.a(RTT.o)
                0x20015cf4                RTT_start
 .text.RTT_GetTime
                0x20015d18       0x24 C:/Users/ground/Documents/GitHub/tevel2/GlobusSatProject/..//hal/hal/lib\libHALD.a(RTT.o)
                0x20015d18                RTT_GetTime
 .text.RTC_start
                0x20015d3c       0x3c C:/Users/ground/Documents/GitHub/tevel2/GlobusSatProject/..//hal/hal/lib\libHALD.a(RTC.o)
                0x20015d3c                RTC_start
 .text.RTC_setTime
                0x20015d78      0x2a4 C:/Users/ground/Documents/GitHub/tevel2/GlobusSatProject/..//hal/hal/lib\libHALD.a(RTC.o)
                0x20015d78                RTC_setTime
 .text.RTC_getTime
                0x2001601c      0x230 C:/Users/ground/Documents/GitHub/tevel2/GlobusSatProject/..//hal/hal/lib\libHALD.a(RTC.o)
                0x2001601c                RTC_getTime
 .text.RTC_checkTimeValid
                0x2001624c       0xd8 C:/Users/ground/Documents/GitHub/tevel2/GlobusSatProject/..//hal/hal/lib\libHALD.a(RTC.o)
                0x2001624c                RTC_checkTimeValid
 .text.WDT_startWatchdogKickTask
                0x20016324       0xb4 C:/Users/ground/Documents/GitHub/tevel2/GlobusSatProject/..//hal/hal/lib\libHALD.a(WatchDogTimerOS.o)
                0x20016324                WDT_startWatchdogKickTask
 .text.WDT_forceKickEveryNms
                0x200163d8       0x50 C:/Users/ground/Documents/GitHub/tevel2/GlobusSatProject/..//hal/hal/lib\libHALD.a(WatchDogTimerOS.o)
                0x200163d8                WDT_forceKickEveryNms
 .text.LED_glow
                0x20016428       0x58 C:/Users/ground/Documents/GitHub/tevel2/GlobusSatProject/..//hal/hal/lib\libHALD.a(LED.o)
                0x20016428                LED_glow
 .text.LED_dark
                0x20016480       0x58 C:/Users/ground/Documents/GitHub/tevel2/GlobusSatProject/..//hal/hal/lib\libHALD.a(LED.o)
                0x20016480                LED_dark
 .text.LED_toggle
                0x200164d8       0x50 C:/Users/ground/Documents/GitHub/tevel2/GlobusSatProject/..//hal/hal/lib\libHALD.a(LED.o)
                0x200164d8                LED_toggle
 .text.fm_initvolume
                0x20016528       0x70 C:/Users/ground/Documents/GitHub/tevel2/GlobusSatProject/..//hal/hcc/lib\libHCCD.a(fat_m.o)
                0x20016528                fm_initvolume
 .text.fm_delvolume
                0x20016598       0x60 C:/Users/ground/Documents/GitHub/tevel2/GlobusSatProject/..//hal/hcc/lib\libHCCD.a(fat_m.o)
                0x20016598                fm_delvolume
 .text.fm_format
                0x200165f8       0x68 C:/Users/ground/Documents/GitHub/tevel2/GlobusSatProject/..//hal/hcc/lib\libHCCD.a(fat_m.o)
                0x200165f8                fm_format
 .text.fm_getdrive
                0x20016660       0x70 C:/Users/ground/Documents/GitHub/tevel2/GlobusSatProject/..//hal/hcc/lib\libHCCD.a(fat_m.o)
                0x20016660                fm_getdrive
 .text.fm_getfreespace
                0x200166d0       0x68 C:/Users/ground/Documents/GitHub/tevel2/GlobusSatProject/..//hal/hcc/lib\libHCCD.a(fat_m.o)
                0x200166d0                fm_getfreespace
 .text.fm_mkdir
                0x20016738       0x60 C:/Users/ground/Documents/GitHub/tevel2/GlobusSatProject/..//hal/hcc/lib\libHCCD.a(fat_m.o)
                0x20016738                fm_mkdir
 .text.fm_rename
                0x20016798       0x68 C:/Users/ground/Documents/GitHub/tevel2/GlobusSatProject/..//hal/hcc/lib\libHCCD.a(fat_m.o)
                0x20016798                fm_rename
 .text.fm_filelength
                0x20016800       0x60 C:/Users/ground/Documents/GitHub/tevel2/GlobusSatProject/..//hal/hcc/lib\libHCCD.a(fat_m.o)
                0x20016800                fm_filelength
 .text.fm_close
                0x20016860       0x60 C:/Users/ground/Documents/GitHub/tevel2/GlobusSatProject/..//hal/hcc/lib\libHCCD.a(fat_m.o)
                0x20016860                fm_close
 .text.fm_flush
                0x200168c0       0x60 C:/Users/ground/Documents/GitHub/tevel2/GlobusSatProject/..//hal/hcc/lib\libHCCD.a(fat_m.o)
                0x200168c0                fm_flush
 .text.fm_open  0x20016920       0x68 C:/Users/ground/Documents/GitHub/tevel2/GlobusSatProject/..//hal/hcc/lib\libHCCD.a(fat_m.o)
                0x20016920                fm_open
 .text.fm_read  0x20016988       0x7c C:/Users/ground/Documents/GitHub/tevel2/GlobusSatProject/..//hal/hcc/lib\libHCCD.a(fat_m.o)
                0x20016988                fm_read
 .text.fm_write
                0x20016a04       0x7c C:/Users/ground/Documents/GitHub/tevel2/GlobusSatProject/..//hal/hcc/lib\libHCCD.a(fat_m.o)
                0x20016a04                fm_write
 .text.fm_seek  0x20016a80       0x70 C:/Users/ground/Documents/GitHub/tevel2/GlobusSatProject/..//hal/hcc/lib\libHCCD.a(fat_m.o)
                0x20016a80                fm_seek
 .text.fm_delete
                0x20016af0       0x64 C:/Users/ground/Documents/GitHub/tevel2/GlobusSatProject/..//hal/hcc/lib\libHCCD.a(fat_m.o)
                0x20016af0                fm_delete
 .text.fm_getlasterror
                0x20016b54       0x40 C:/Users/ground/Documents/GitHub/tevel2/GlobusSatProject/..//hal/hcc/lib\libHCCD.a(fat_m.o)
                0x20016b54                fm_getlasterror
 .text._f_invalidatedir
                0x20016b94       0x28 C:/Users/ground/Documents/GitHub/tevel2/GlobusSatProject/..//hal/hcc/lib\libHCCD.a(fat.o)
                0x20016b94                _f_invalidatedir
 .text._f_getdirsector
                0x20016bbc       0x88 C:/Users/ground/Documents/GitHub/tevel2/GlobusSatProject/..//hal/hcc/lib\libHCCD.a(fat.o)
                0x20016bbc                _f_getdirsector
 .text._f_writedirsector
                0x20016c44       0x74 C:/Users/ground/Documents/GitHub/tevel2/GlobusSatProject/..//hal/hcc/lib\libHCCD.a(fat.o)
                0x20016c44                _f_writedirsector
 .text._f_checknameinv
                0x20016cb8      0x180 C:/Users/ground/Documents/GitHub/tevel2/GlobusSatProject/..//hal/hcc/lib\libHCCD.a(fat.o)
 .text._f_checkname
                0x20016e38       0x7c C:/Users/ground/Documents/GitHub/tevel2/GlobusSatProject/..//hal/hcc/lib\libHCCD.a(fat.o)
 .text._f_checknamewc
                0x20016eb4       0xf8 C:/Users/ground/Documents/GitHub/tevel2/GlobusSatProject/..//hal/hcc/lib\libHCCD.a(fat.o)
 .text._f_setnameext
                0x20016fac      0x300 C:/Users/ground/Documents/GitHub/tevel2/GlobusSatProject/..//hal/hcc/lib\libHCCD.a(fat.o)
 .text._f_setfsname
                0x200172ac      0x584 C:/Users/ground/Documents/GitHub/tevel2/GlobusSatProject/..//hal/hcc/lib\libHCCD.a(fat.o)
 .text._f_findfile
                0x20017830      0x30c C:/Users/ground/Documents/GitHub/tevel2/GlobusSatProject/..//hal/hcc/lib\libHCCD.a(fat.o)
 .text._f_findpath
                0x20017b3c      0x35c C:/Users/ground/Documents/GitHub/tevel2/GlobusSatProject/..//hal/hcc/lib\libHCCD.a(fat.o)
 .text.fn_getdcwd
                0x20017e98      0x1e0 C:/Users/ground/Documents/GitHub/tevel2/GlobusSatProject/..//hal/hcc/lib\libHCCD.a(fat.o)
                0x20017e98                fn_getdcwd
 .text.fn_move  0x20018078      0xad0 C:/Users/ground/Documents/GitHub/tevel2/GlobusSatProject/..//hal/hcc/lib\libHCCD.a(fat.o)
                0x20018078                fn_move
 .text.fn_rename
                0x20018b48      0x214 C:/Users/ground/Documents/GitHub/tevel2/GlobusSatProject/..//hal/hcc/lib\libHCCD.a(fat.o)
                0x20018b48                fn_rename
 .text._f_lock_resfile
                0x20018d5c       0x6c C:/Users/ground/Documents/GitHub/tevel2/GlobusSatProject/..//hal/hcc/lib\libHCCD.a(fat.o)
 .text._f_unlock_resfile
                0x20018dc8       0x40 C:/Users/ground/Documents/GitHub/tevel2/GlobusSatProject/..//hal/hcc/lib\libHCCD.a(fat.o)
 .text._f_getintfile
                0x20018e08      0x124 C:/Users/ground/Documents/GitHub/tevel2/GlobusSatProject/..//hal/hcc/lib\libHCCD.a(fat.o)
 .text._f_addentry
                0x20018f2c      0x540 C:/Users/ground/Documents/GitHub/tevel2/GlobusSatProject/..//hal/hcc/lib\libHCCD.a(fat.o)
 .text.fn_mkdir
                0x2001946c      0x75c C:/Users/ground/Documents/GitHub/tevel2/GlobusSatProject/..//hal/hcc/lib\libHCCD.a(fat.o)
                0x2001946c                fn_mkdir
 .text.fn_filelength
                0x20019bc8      0x1cc C:/Users/ground/Documents/GitHub/tevel2/GlobusSatProject/..//hal/hcc/lib\libHCCD.a(fat.o)
                0x20019bc8                fn_filelength
 .text.fn_open_sub
                0x20019d94     0x1698 C:/Users/ground/Documents/GitHub/tevel2/GlobusSatProject/..//hal/hcc/lib\libHCCD.a(fat.o)
 .text.fn_open  0x2001b42c       0x44 C:/Users/ground/Documents/GitHub/tevel2/GlobusSatProject/..//hal/hcc/lib\libHCCD.a(fat.o)
                0x2001b42c                fn_open
 .text.fn_delete
                0x2001b470      0x490 C:/Users/ground/Documents/GitHub/tevel2/GlobusSatProject/..//hal/hcc/lib\libHCCD.a(fat.o)
                0x2001b470                fn_delete
 .text.fn_init  0x2001b900      0x2dc C:/Users/ground/Documents/GitHub/tevel2/GlobusSatProject/..//hal/hcc/lib\libHCCD.a(fat_common.o)
                0x2001b900                fn_init
 .text.fsn_delete
                0x2001bbdc       0xc8 C:/Users/ground/Documents/GitHub/tevel2/GlobusSatProject/..//hal/hcc/lib\libHCCD.a(fat_common.o)
                0x2001bbdc                fsn_delete
 .text._f_get16bitl
                0x2001bca4       0x4c C:/Users/ground/Documents/GitHub/tevel2/GlobusSatProject/..//hal/hcc/lib\libHCCD.a(fat_common.o)
                0x2001bca4                _f_get16bitl
 .text._f_set16bitl
                0x2001bcf0       0x54 C:/Users/ground/Documents/GitHub/tevel2/GlobusSatProject/..//hal/hcc/lib\libHCCD.a(fat_common.o)
                0x2001bcf0                _f_set16bitl
 .text._f_get32bitl
                0x2001bd44       0x68 C:/Users/ground/Documents/GitHub/tevel2/GlobusSatProject/..//hal/hcc/lib\libHCCD.a(fat_common.o)
                0x2001bd44                _f_get32bitl
 .text._f_set32bitl
                0x2001bdac       0x78 C:/Users/ground/Documents/GitHub/tevel2/GlobusSatProject/..//hal/hcc/lib\libHCCD.a(fat_common.o)
                0x2001bdac                _f_set32bitl
 .text._get8bit
                0x2001be24       0xa0 C:/Users/ground/Documents/GitHub/tevel2/GlobusSatProject/..//hal/hcc/lib\libHCCD.a(fat_common.o)
 .text._get16bitl
                0x2001bec4       0x40 C:/Users/ground/Documents/GitHub/tevel2/GlobusSatProject/..//hal/hcc/lib\libHCCD.a(fat_common.o)
 .text._get32bitl
                0x2001bf04       0x3c C:/Users/ground/Documents/GitHub/tevel2/GlobusSatProject/..//hal/hcc/lib\libHCCD.a(fat_common.o)
 .text._set8bitzero
                0x2001bf40       0x6c C:/Users/ground/Documents/GitHub/tevel2/GlobusSatProject/..//hal/hcc/lib\libHCCD.a(fat_common.o)
 .text._set8bit
                0x2001bfac       0xa0 C:/Users/ground/Documents/GitHub/tevel2/GlobusSatProject/..//hal/hcc/lib\libHCCD.a(fat_common.o)
 .text._set16bitl
                0x2001c04c       0x3c C:/Users/ground/Documents/GitHub/tevel2/GlobusSatProject/..//hal/hcc/lib\libHCCD.a(fat_common.o)
 .text._set32bitl
                0x2001c088       0x34 C:/Users/ground/Documents/GitHub/tevel2/GlobusSatProject/..//hal/hcc/lib\libHCCD.a(fat_common.o)
 .text._f_setcardremoved
                0x2001c0bc       0x94 C:/Users/ground/Documents/GitHub/tevel2/GlobusSatProject/..//hal/hcc/lib\libHCCD.a(fat_common.o)
 .text._f_checkstatus
                0x2001c150      0x104 C:/Users/ground/Documents/GitHub/tevel2/GlobusSatProject/..//hal/hcc/lib\libHCCD.a(fat_common.o)
                0x2001c150                _f_checkstatus
 .text._f_drvgetphy
                0x2001c254      0x114 C:/Users/ground/Documents/GitHub/tevel2/GlobusSatProject/..//hal/hcc/lib\libHCCD.a(fat_common.o)
 .text._f_drvwritesector
                0x2001c368       0xdc C:/Users/ground/Documents/GitHub/tevel2/GlobusSatProject/..//hal/hcc/lib\libHCCD.a(fat_common.o)
 .text._f_drvreadsector
                0x2001c444       0xa8 C:/Users/ground/Documents/GitHub/tevel2/GlobusSatProject/..//hal/hcc/lib\libHCCD.a(fat_common.o)
 .text._f_writesector
                0x2001c4ec      0x23c C:/Users/ground/Documents/GitHub/tevel2/GlobusSatProject/..//hal/hcc/lib\libHCCD.a(fat_common.o)
                0x2001c4ec                _f_writesector
 .text._f_readsector
                0x2001c728      0x1dc C:/Users/ground/Documents/GitHub/tevel2/GlobusSatProject/..//hal/hcc/lib\libHCCD.a(fat_common.o)
                0x2001c728                _f_readsector
 .text._f_getmaxcluster
                0x2001c904       0x94 C:/Users/ground/Documents/GitHub/tevel2/GlobusSatProject/..//hal/hcc/lib\libHCCD.a(fat_common.o)
                0x2001c904                _f_getmaxcluster
 .text._getsectorfromcluster
                0x2001c998       0x68 C:/Users/ground/Documents/GitHub/tevel2/GlobusSatProject/..//hal/hcc/lib\libHCCD.a(fat_common.o)
 .text._f_buildsectors
                0x2001ca00      0x268 C:/Users/ground/Documents/GitHub/tevel2/GlobusSatProject/..//hal/hcc/lib\libHCCD.a(fat_common.o)
 .text._f_getbootrecord
                0x2001cc68      0x5e4 C:/Users/ground/Documents/GitHub/tevel2/GlobusSatProject/..//hal/hcc/lib\libHCCD.a(fat_common.o)
 .text._f_readbootrecord
                0x2001d24c      0x4f8 C:/Users/ground/Documents/GitHub/tevel2/GlobusSatProject/..//hal/hcc/lib\libHCCD.a(fat_common.o)
 .text._f_writebootrecord
                0x2001d744      0x5e4 C:/Users/ground/Documents/GitHub/tevel2/GlobusSatProject/..//hal/hcc/lib\libHCCD.a(fat_common.o)
 .text._f_flushcffiles
                0x2001dd28      0x17c C:/Users/ground/Documents/GitHub/tevel2/GlobusSatProject/..//hal/hcc/lib\libHCCD.a(fat_common.o)
                0x2001dd28                _f_flushcffiles
 .text._f_fatcache_flush
                0x2001dea4      0x270 C:/Users/ground/Documents/GitHub/tevel2/GlobusSatProject/..//hal/hcc/lib\libHCCD.a(fat_common.o)
                0x2001dea4                _f_fatcache_flush
 .text._f_writefatsector
                0x2001e114      0x100 C:/Users/ground/Documents/GitHub/tevel2/GlobusSatProject/..//hal/hcc/lib\libHCCD.a(fat_common.o)
                0x2001e114                _f_writefatsector
 .text._f_getfatsector
                0x2001e214      0x3bc C:/Users/ground/Documents/GitHub/tevel2/GlobusSatProject/..//hal/hcc/lib\libHCCD.a(fat_common.o)
 .text._f_setclustervalue
                0x2001e5d0      0x490 C:/Users/ground/Documents/GitHub/tevel2/GlobusSatProject/..//hal/hcc/lib\libHCCD.a(fat_common.o)
                0x2001e5d0                _f_setclustervalue
 .text._f_getclustervalue
                0x2001ea60      0x388 C:/Users/ground/Documents/GitHub/tevel2/GlobusSatProject/..//hal/hcc/lib\libHCCD.a(fat_common.o)
                0x2001ea60                _f_getclustervalue
 .text._f_close_drive_files
                0x2001ede8       0xac C:/Users/ground/Documents/GitHub/tevel2/GlobusSatProject/..//hal/hcc/lib\libHCCD.a(fat_common.o)
 .text._f_inc_mount_count
                0x2001ee94       0xa4 C:/Users/ground/Documents/GitHub/tevel2/GlobusSatProject/..//hal/hcc/lib\libHCCD.a(fat_common.o)
 .text._f_getvolume
                0x2001ef38      0x2f8 C:/Users/ground/Documents/GitHub/tevel2/GlobusSatProject/..//hal/hcc/lib\libHCCD.a(fat_common.o)
                0x2001ef38                _f_getvolume
 .text.fn_createdriver
                0x2001f230      0x118 C:/Users/ground/Documents/GitHub/tevel2/GlobusSatProject/..//hal/hcc/lib\libHCCD.a(fat_common.o)
                0x2001f230                fn_createdriver
 .text.fn_initvolume
                0x2001f348      0x12c C:/Users/ground/Documents/GitHub/tevel2/GlobusSatProject/..//hal/hcc/lib\libHCCD.a(fat_common.o)
                0x2001f348                fn_initvolume
 .text.fn_releasedriver
                0x2001f474       0xf4 C:/Users/ground/Documents/GitHub/tevel2/GlobusSatProject/..//hal/hcc/lib\libHCCD.a(fat_common.o)
                0x2001f474                fn_releasedriver
 .text.fn_initvolumepartition_sub
                0x2001f568       0xe0 C:/Users/ground/Documents/GitHub/tevel2/GlobusSatProject/..//hal/hcc/lib\libHCCD.a(fat_common.o)
 .text.fn_initvolumepartition
                0x2001f648       0xac C:/Users/ground/Documents/GitHub/tevel2/GlobusSatProject/..//hal/hcc/lib\libHCCD.a(fat_common.o)
                0x2001f648                fn_initvolumepartition
 .text.fn_delvolume
                0x2001f6f4      0x194 C:/Users/ground/Documents/GitHub/tevel2/GlobusSatProject/..//hal/hcc/lib\libHCCD.a(fat_common.o)
                0x2001f6f4                fn_delvolume
 .text._f_clustertopos
                0x2001f888       0xf8 C:/Users/ground/Documents/GitHub/tevel2/GlobusSatProject/..//hal/hcc/lib\libHCCD.a(fat_common.o)
                0x2001f888                _f_clustertopos
 .text._f_prepareformat
                0x2001f980      0x8b8 C:/Users/ground/Documents/GitHub/tevel2/GlobusSatProject/..//hal/hcc/lib\libHCCD.a(fat_common.o)
 .text._f_resetfatentries
                0x20020238      0x410 C:/Users/ground/Documents/GitHub/tevel2/GlobusSatProject/..//hal/hcc/lib\libHCCD.a(fat_common.o)
 .text._f_resetrootdir
                0x20020648       0xcc C:/Users/ground/Documents/GitHub/tevel2/GlobusSatProject/..//hal/hcc/lib\libHCCD.a(fat_common.o)
 .text._f_postformat
                0x20020714      0x178 C:/Users/ground/Documents/GitHub/tevel2/GlobusSatProject/..//hal/hcc/lib\libHCCD.a(fat_common.o)
 .text.fn_format
                0x2002088c      0x148 C:/Users/ground/Documents/GitHub/tevel2/GlobusSatProject/..//hal/hcc/lib\libHCCD.a(fat_common.o)
                0x2002088c                fn_format
 .text._f_getcurrsector
                0x200209d4      0x6c8 C:/Users/ground/Documents/GitHub/tevel2/GlobusSatProject/..//hal/hcc/lib\libHCCD.a(fat_common.o)
                0x200209d4                _f_getcurrsector
 .text._f_getdecluster
                0x2002109c       0x90 C:/Users/ground/Documents/GitHub/tevel2/GlobusSatProject/..//hal/hcc/lib\libHCCD.a(fat_common.o)
                0x2002109c                _f_getdecluster
 .text._f_setdecluster
                0x2002112c       0x8c C:/Users/ground/Documents/GitHub/tevel2/GlobusSatProject/..//hal/hcc/lib\libHCCD.a(fat_common.o)
                0x2002112c                _f_setdecluster
 .text.fn_getdrive
                0x200211b8       0x30 C:/Users/ground/Documents/GitHub/tevel2/GlobusSatProject/..//hal/hcc/lib\libHCCD.a(fat_common.o)
                0x200211b8                fn_getdrive
 .text._f_getcurrenttimedate
                0x200211e8      0x138 C:/Users/ground/Documents/GitHub/tevel2/GlobusSatProject/..//hal/hcc/lib\libHCCD.a(fat_common.o)
                0x200211e8                _f_getcurrenttimedate
 .text._f_initentry
                0x20021320       0xa0 C:/Users/ground/Documents/GitHub/tevel2/GlobusSatProject/..//hal/hcc/lib\libHCCD.a(fat_common.o)
                0x20021320                _f_initentry
 .text._f_alloccluster
                0x200213c0      0x344 C:/Users/ground/Documents/GitHub/tevel2/GlobusSatProject/..//hal/hcc/lib\libHCCD.a(fat_common.o)
                0x200213c0                _f_alloccluster
 .text._f_dobadblock
                0x20021704      0x2cc C:/Users/ground/Documents/GitHub/tevel2/GlobusSatProject/..//hal/hcc/lib\libHCCD.a(fat_common.o)
                0x20021704                _f_dobadblock
 .text._f_checklocked
                0x200219d0       0xe4 C:/Users/ground/Documents/GitHub/tevel2/GlobusSatProject/..//hal/hcc/lib\libHCCD.a(fat_common.o)
                0x200219d0                _f_checklocked
 .text._f_checkappendlocked
                0x20021ab4      0x110 C:/Users/ground/Documents/GitHub/tevel2/GlobusSatProject/..//hal/hcc/lib\libHCCD.a(fat_common.o)
                0x20021ab4                _f_checkappendlocked
 .text._f_setsyncafile
                0x20021bc4      0x114 C:/Users/ground/Documents/GitHub/tevel2/GlobusSatProject/..//hal/hcc/lib\libHCCD.a(fat_common.o)
                0x20021bc4                _f_setsyncafile
 .text._f_syncfiles
                0x20021cd8      0x128 C:/Users/ground/Documents/GitHub/tevel2/GlobusSatProject/..//hal/hcc/lib\libHCCD.a(fat_common.o)
                0x20021cd8                _f_syncfiles
 .text._f_syncfilescontent
                0x20021e00      0x15c C:/Users/ground/Documents/GitHub/tevel2/GlobusSatProject/..//hal/hcc/lib\libHCCD.a(fat_common.o)
 .text.fn_getfreespace
                0x20021f5c      0x4c0 C:/Users/ground/Documents/GitHub/tevel2/GlobusSatProject/..//hal/hcc/lib\libHCCD.a(fat_common.o)
                0x20021f5c                fn_getfreespace
 .text._f_emptywritecache
                0x2002241c      0x4a4 C:/Users/ground/Documents/GitHub/tevel2/GlobusSatProject/..//hal/hcc/lib\libHCCD.a(fat_common.o)
 .text._f_allocnextcluster
                0x200228c0      0x54c C:/Users/ground/Documents/GitHub/tevel2/GlobusSatProject/..//hal/hcc/lib\libHCCD.a(fat_common.o)
 .text._f_emptywritebuffer
                0x20022e0c      0x20c C:/Users/ground/Documents/GitHub/tevel2/GlobusSatProject/..//hal/hcc/lib\libHCCD.a(fat_common.o)
 .text._f_writezeros
                0x20023018       0xf0 C:/Users/ground/Documents/GitHub/tevel2/GlobusSatProject/..//hal/hcc/lib\libHCCD.a(fat_common.o)
                0x20023018                _f_writezeros
 .text._f_extend_file
                0x20023108      0x570 C:/Users/ground/Documents/GitHub/tevel2/GlobusSatProject/..//hal/hcc/lib\libHCCD.a(fat_common.o)
 .text._f_fseek
                0x20023678      0x9bc C:/Users/ground/Documents/GitHub/tevel2/GlobusSatProject/..//hal/hcc/lib\libHCCD.a(fat_common.o)
                0x20023678                _f_fseek
 .text._f_removechain
                0x20024034      0x104 C:/Users/ground/Documents/GitHub/tevel2/GlobusSatProject/..//hal/hcc/lib\libHCCD.a(fat_common.o)
                0x20024034                _f_removechain
 .text._f_updatefileentry
                0x20024138      0x1cc C:/Users/ground/Documents/GitHub/tevel2/GlobusSatProject/..//hal/hcc/lib\libHCCD.a(fat_common.o)
 .text._f_checkreadlocked
                0x20024304      0x1bc C:/Users/ground/Documents/GitHub/tevel2/GlobusSatProject/..//hal/hcc/lib\libHCCD.a(fat_common.o)
                0x20024304                _f_checkreadlocked
 .text._f_check_handle
                0x200244c0       0x98 C:/Users/ground/Documents/GitHub/tevel2/GlobusSatProject/..//hal/hcc/lib\libHCCD.a(fat_common.o)
                0x200244c0                _f_check_handle
 .text._f_removesyncafile
                0x20024558      0x1ec C:/Users/ground/Documents/GitHub/tevel2/GlobusSatProject/..//hal/hcc/lib\libHCCD.a(fat_common.o)
 .text.fn_close
                0x20024744      0x3f8 C:/Users/ground/Documents/GitHub/tevel2/GlobusSatProject/..//hal/hcc/lib\libHCCD.a(fat_common.o)
                0x20024744                fn_close
 .text.fn_flush
                0x20024b3c      0x374 C:/Users/ground/Documents/GitHub/tevel2/GlobusSatProject/..//hal/hcc/lib\libHCCD.a(fat_common.o)
                0x20024b3c                fn_flush
 .text.fn_read  0x20024eb0      0x690 C:/Users/ground/Documents/GitHub/tevel2/GlobusSatProject/..//hal/hcc/lib\libHCCD.a(fat_common.o)
                0x20024eb0                fn_read
 .text._f_abortwrite
                0x20025540      0x100 C:/Users/ground/Documents/GitHub/tevel2/GlobusSatProject/..//hal/hcc/lib\libHCCD.a(fat_common.o)
 .text._f_checkwritecluster
                0x20025640       0xe4 C:/Users/ground/Documents/GitHub/tevel2/GlobusSatProject/..//hal/hcc/lib\libHCCD.a(fat_common.o)
 .text.fn_write
                0x20025724      0x8a8 C:/Users/ground/Documents/GitHub/tevel2/GlobusSatProject/..//hal/hcc/lib\libHCCD.a(fat_common.o)
                0x20025724                fn_write
 .text.fn_seek  0x20025fcc      0x270 C:/Users/ground/Documents/GitHub/tevel2/GlobusSatProject/..//hal/hcc/lib\libHCCD.a(fat_common.o)
                0x20025fcc                fn_seek
 .text.f_enterFS
                0x2002623c      0x1c0 C:/Users/ground/Documents/GitHub/tevel2/GlobusSatProject/..//hal/hcc/lib\libHCCD.a(fat_common.o)
                0x2002623c                f_enterFS
 .text.fnGetTask
                0x200263fc       0xfc C:/Users/ground/Documents/GitHub/tevel2/GlobusSatProject/..//hal/hcc/lib\libHCCD.a(fat_common.o)
                0x200263fc                fnGetTask
 .text._f_mutex_get
                0x200264f8       0x98 C:/Users/ground/Documents/GitHub/tevel2/GlobusSatProject/..//hal/hcc/lib\libHCCD.a(fat_common.o)
                0x200264f8                _f_mutex_get
 .text._f_mutex_put
                0x20026590       0x54 C:/Users/ground/Documents/GitHub/tevel2/GlobusSatProject/..//hal/hcc/lib\libHCCD.a(fat_common.o)
                0x20026590                _f_mutex_put
 .text._fn_initseekdivisor
                0x200265e4      0x158 C:/Users/ground/Documents/GitHub/tevel2/GlobusSatProject/..//hal/hcc/lib\libHCCD.a(fat_common.o)
                0x200265e4                _fn_initseekdivisor
 .text._fn_updateseekpos
                0x2002673c       0xc4 C:/Users/ground/Documents/GitHub/tevel2/GlobusSatProject/..//hal/hcc/lib\libHCCD.a(fat_common.o)
 .text._f_findopensize
                0x20026800       0x2c C:/Users/ground/Documents/GitHub/tevel2/GlobusSatProject/..//hal/hcc/lib\libHCCD.a(fat_common.o)
                0x20026800                _f_findopensize
 .text.fn_setlasterror
                0x2002682c       0x34 C:/Users/ground/Documents/GitHub/tevel2/GlobusSatProject/..//hal/hcc/lib\libHCCD.a(fat_common.o)
                0x2002682c                fn_setlasterror
 .text.fn_setlasterror_noret
                0x20026860       0x2c C:/Users/ground/Documents/GitHub/tevel2/GlobusSatProject/..//hal/hcc/lib\libHCCD.a(fat_common.o)
                0x20026860                fn_setlasterror_noret
 .text._s_checkzeroclusteratend
                0x2002688c       0xf8 C:/Users/ground/Documents/GitHub/tevel2/GlobusSatProject/..//hal/hcc/lib\libHCCD.a(safefat.o)
 .text._s_clearclustercontent
                0x20026984      0x108 C:/Users/ground/Documents/GitHub/tevel2/GlobusSatProject/..//hal/hcc/lib\libHCCD.a(safefat.o)
 .text._s_clearclustercontentdir
                0x20026a8c      0x19c C:/Users/ground/Documents/GitHub/tevel2/GlobusSatProject/..//hal/hcc/lib\libHCCD.a(safefat.o)
 .text._s_writedirsector
                0x20026c28       0xd0 C:/Users/ground/Documents/GitHub/tevel2/GlobusSatProject/..//hal/hcc/lib\libHCCD.a(safefat.o)
 .text._s_getdirsector
                0x20026cf8      0x100 C:/Users/ground/Documents/GitHub/tevel2/GlobusSatProject/..//hal/hcc/lib\libHCCD.a(safefat.o)
 .text._s_addentry
                0x20026df8      0x394 C:/Users/ground/Documents/GitHub/tevel2/GlobusSatProject/..//hal/hcc/lib\libHCCD.a(safefat.o)
 .text._s_findfile
                0x2002718c      0x33c C:/Users/ground/Documents/GitHub/tevel2/GlobusSatProject/..//hal/hcc/lib\libHCCD.a(safefat.o)
 .text._s_findsubdir
                0x200274c8      0x248 C:/Users/ground/Documents/GitHub/tevel2/GlobusSatProject/..//hal/hcc/lib\libHCCD.a(safefat.o)
 .text._s_createfile
                0x20027710      0x190 C:/Users/ground/Documents/GitHub/tevel2/GlobusSatProject/..//hal/hcc/lib\libHCCD.a(safefat.o)
 .text._s_findsaffile
                0x200278a0      0x1b8 C:/Users/ground/Documents/GitHub/tevel2/GlobusSatProject/..//hal/hcc/lib\libHCCD.a(safefat.o)
 .text._s_open  0x20027a58       0xe4 C:/Users/ground/Documents/GitHub/tevel2/GlobusSatProject/..//hal/hcc/lib\libHCCD.a(safefat.o)
 .text._s_open_saf
                0x20027b3c       0xe8 C:/Users/ground/Documents/GitHub/tevel2/GlobusSatProject/..//hal/hcc/lib\libHCCD.a(safefat.o)
 .text._s_flush
                0x20027c24       0x84 C:/Users/ground/Documents/GitHub/tevel2/GlobusSatProject/..//hal/hcc/lib\libHCCD.a(safefat.o)
 .text._s_allocnextcluster
                0x20027ca8      0x13c C:/Users/ground/Documents/GitHub/tevel2/GlobusSatProject/..//hal/hcc/lib\libHCCD.a(safefat.o)
 .text._s_getnextsector
                0x20027de4       0xdc C:/Users/ground/Documents/GitHub/tevel2/GlobusSatProject/..//hal/hcc/lib\libHCCD.a(safefat.o)
 .text._s_seek  0x20027ec0      0x1e8 C:/Users/ground/Documents/GitHub/tevel2/GlobusSatProject/..//hal/hcc/lib\libHCCD.a(safefat.o)
 .text._s_get_len
                0x200280a8      0x10c C:/Users/ground/Documents/GitHub/tevel2/GlobusSatProject/..//hal/hcc/lib\libHCCD.a(safefat.o)
 .text._s_set_len
                0x200281b4       0xb4 C:/Users/ground/Documents/GitHub/tevel2/GlobusSatProject/..//hal/hcc/lib\libHCCD.a(safefat.o)
 .text.safe_fix_filelengths
                0x20028268       0xcc C:/Users/ground/Documents/GitHub/tevel2/GlobusSatProject/..//hal/hcc/lib\libHCCD.a(safefat.o)
                0x20028268                safe_fix_filelengths
 .text._s_read  0x20028334      0x228 C:/Users/ground/Documents/GitHub/tevel2/GlobusSatProject/..//hal/hcc/lib\libHCCD.a(safefat.o)
 .text._s_write
                0x2002855c      0x384 C:/Users/ground/Documents/GitHub/tevel2/GlobusSatProject/..//hal/hcc/lib\libHCCD.a(safefat.o)
 .text._s_restoreclusters
                0x200288e0      0x270 C:/Users/ground/Documents/GitHub/tevel2/GlobusSatProject/..//hal/hcc/lib\libHCCD.a(safefat.o)
                0x200288e0                _s_restoreclusters
 .text._s_findrestore
                0x20028b50      0x18c C:/Users/ground/Documents/GitHub/tevel2/GlobusSatProject/..//hal/hcc/lib\libHCCD.a(safefat.o)
 .text._s_cmd_writede
                0x20028cdc       0xd8 C:/Users/ground/Documents/GitHub/tevel2/GlobusSatProject/..//hal/hcc/lib\libHCCD.a(safefat.o)
 .text._s_cmd_setcluster
                0x20028db4       0x88 C:/Users/ground/Documents/GitHub/tevel2/GlobusSatProject/..//hal/hcc/lib\libHCCD.a(safefat.o)
 .text._s_cmd_deletechain
                0x20028e3c      0x100 C:/Users/ground/Documents/GitHub/tevel2/GlobusSatProject/..//hal/hcc/lib\libHCCD.a(safefat.o)
 .text._s_cmd_validatecfn