Archive member included because of file (symbol)

c:/isis/application/toolchain/bin/../lib/gcc/arm-none-eabi/4.7.4/../../../../arm-none-eabi/lib\libc_s.a(lib_a-vfprintf_float.o)
                              (_printf_float)
c:/isis/application/toolchain/bin/../lib/gcc/arm-none-eabi/4.7.4/../../../../arm-none-eabi/lib\libc_s.a(lib_a-vfprintf_i.o)
                              c:/isis/application/toolchain/bin/../lib/gcc/arm-none-eabi/4.7.4/../../../../arm-none-eabi/lib\libc_s.a(lib_a-vfprintf_float.o) (_printf_common)
c:/isis/application/toolchain/bin/../lib/gcc/arm-none-eabi/4.7.4/../../../../arm-none-eabi/lib\libc_s.a(lib_a-vfscanf_float.o)
                              (_scanf_float)
c:/isis/application/toolchain/bin/../lib/gcc/arm-none-eabi/4.7.4/../../../../arm-none-eabi/lib\libc_s.a(lib_a-dtoa.o)
                              c:/isis/application/toolchain/bin/../lib/gcc/arm-none-eabi/4.7.4/../../../../arm-none-eabi/lib\libc_s.a(lib_a-vfprintf_float.o) (_dtoa_r)
c:/isis/application/toolchain/bin/../lib/gcc/arm-none-eabi/4.7.4/../../../../arm-none-eabi/lib\libc_s.a(lib_a-locale.o)
                              c:/isis/application/toolchain/bin/../lib/gcc/arm-none-eabi/4.7.4/../../../../arm-none-eabi/lib\libc_s.a(lib_a-vfprintf_float.o) (_localeconv_r)
c:/isis/application/toolchain/bin/../lib/gcc/arm-none-eabi/4.7.4/../../../../arm-none-eabi/lib\libc_s.a(lib_a-malloc.o)
                              c:/isis/application/toolchain/bin/../lib/gcc/arm-none-eabi/4.7.4/../../../../arm-none-eabi/lib\libc_s.a(lib_a-dtoa.o) (malloc)
c:/isis/application/toolchain/bin/../lib/gcc/arm-none-eabi/4.7.4/../../../../arm-none-eabi/lib\libc_s.a(lib_a-mallocr.o)
                              c:/isis/application/toolchain/bin/../lib/gcc/arm-none-eabi/4.7.4/../../../../arm-none-eabi/lib\libc_s.a(lib_a-malloc.o) (_malloc_r)
c:/isis/application/toolchain/bin/../lib/gcc/arm-none-eabi/4.7.4/../../../../arm-none-eabi/lib\libc_s.a(lib_a-memcpy.o)
                              c:/isis/application/toolchain/bin/../lib/gcc/arm-none-eabi/4.7.4/../../../../arm-none-eabi/lib\libc_s.a(lib_a-dtoa.o) (memcpy)
c:/isis/application/toolchain/bin/../lib/gcc/arm-none-eabi/4.7.4/../../../../arm-none-eabi/lib\libc_s.a(lib_a-mprec.o)
                              c:/isis/application/toolchain/bin/../lib/gcc/arm-none-eabi/4.7.4/../../../../arm-none-eabi/lib\libc_s.a(lib_a-dtoa.o) (_Balloc)
c:/isis/application/toolchain/bin/../lib/gcc/arm-none-eabi/4.7.4/../../../../arm-none-eabi/lib\libc_s.a(lib_a-s_fpclassify.o)
                              c:/isis/application/toolchain/bin/../lib/gcc/arm-none-eabi/4.7.4/../../../../arm-none-eabi/lib\libc_s.a(lib_a-vfprintf_float.o) (__fpclassifyd)
c:/isis/application/toolchain/bin/../lib/gcc/arm-none-eabi/4.7.4/../../../../arm-none-eabi/lib\libc_s.a(lib_a-sbrkr.o)
                              c:/isis/application/toolchain/bin/../lib/gcc/arm-none-eabi/4.7.4/../../../../arm-none-eabi/lib\libc_s.a(lib_a-mallocr.o) (_sbrk_r)
c:/isis/application/toolchain/bin/../lib/gcc/arm-none-eabi/4.7.4/../../../../arm-none-eabi/lib\libc_s.a(lib_a-sf_nan.o)
                              c:/isis/application/toolchain/bin/../lib/gcc/arm-none-eabi/4.7.4/../../../../arm-none-eabi/lib\libc_s.a(lib_a-vfscanf_float.o) (nanf)
c:/isis/application/toolchain/bin/../lib/gcc/arm-none-eabi/4.7.4/../../../../arm-none-eabi/lib\libc_s.a(lib_a-sprintf.o)
                              c:/isis/application/toolchain/bin/../lib/gcc/arm-none-eabi/4.7.4/../../../../arm-none-eabi/lib\libc_s.a(lib_a-vfscanf_float.o) (sprintf)
c:/isis/application/toolchain/bin/../lib/gcc/arm-none-eabi/4.7.4/../../../../arm-none-eabi/lib\libc_s.a(lib_a-strcmp.o)
                              c:/isis/application/toolchain/bin/../lib/gcc/arm-none-eabi/4.7.4/../../../../arm-none-eabi/lib\libc_s.a(lib_a-locale.o) (strcmp)
c:/isis/application/toolchain/bin/../lib/gcc/arm-none-eabi/4.7.4/../../../../arm-none-eabi/lib\libc_s.a(lib_a-strlen.o)
                              c:/isis/application/toolchain/bin/../lib/gcc/arm-none-eabi/4.7.4/../../../../arm-none-eabi/lib\libc_s.a(lib_a-vfprintf_float.o) (strlen)
c:/isis/application/toolchain/bin/../lib/gcc/arm-none-eabi/4.7.4/../../../../arm-none-eabi/lib\libc_s.a(lib_a-strtod.o)
                              c:/isis/application/toolchain/bin/../lib/gcc/arm-none-eabi/4.7.4/../../../../arm-none-eabi/lib\libc_s.a(lib_a-vfscanf_float.o) (_strtod_r)
c:/isis/application/toolchain/bin/../lib/gcc/arm-none-eabi/4.7.4/../../../../arm-none-eabi/lib\libc_s.a(lib_a-strtol.o)
                              c:/isis/application/toolchain/bin/../lib/gcc/arm-none-eabi/4.7.4/../../../../arm-none-eabi/lib\libc_s.a(lib_a-vfscanf_float.o) (_strtol_r)
c:/isis/application/toolchain/bin/../lib/gcc/arm-none-eabi/4.7.4/../../../../arm-none-eabi/lib\libc_s.a(lib_a-svfprintf.o)
                              c:/isis/application/toolchain/bin/../lib/gcc/arm-none-eabi/4.7.4/../../../../arm-none-eabi/lib\libc_s.a(lib_a-sprintf.o) (_svfprintf_r)
[...]
Memory Configuration

Name             Origin             Length             Attributes
sram0            0x00200000         0x00004000         w !xr
sram1            0x00300000         0x00004000         w !xr
sdram            0x20000000         0x02000000         w !xr
*default*        0x00000000         0xffffffff

Linker script and memory map

LOAD c:/isis/application/toolchain/bin/../lib/gcc/arm-none-eabi/4.7.4/../../../../arm-none-eabi/lib\libc_s.a
LOAD ./src/TestingDemos/CommandsTestingDemo.o
LOAD ./src/TestingDemos/EpsTestingDemo.o
LOAD ./src/TestingDemos/FileSystemTestingDemo.o
LOAD ./src/TestingDemos/MainTest.o
LOAD ./src/TestingDemos/MaintenanceTestingDemo.o
LOAD ./src/TestingDemos/TelemetryTestingDemo.o
LOAD ./src/TestingDemos/TrxvuTestingDemo.o
LOAD ./src/SubSystemModules/PowerManagment/EPS.o
LOAD ./src/SubSystemModules/PowerManagment/EPSOperationModes.o
LOAD ./src/SubSystemModules/Maintenance/Maintenance.o
LOAD ./src/SubSystemModules/Housekepping/Dump.o
LOAD ./src/SubSystemModules/Housekepping/TelemetryCollector.o
LOAD ./src/SubSystemModules/Communication/SubsystemCommands/EPS_Commands.o
LOAD ./src/SubSystemModules/Communication/SubsystemCommands/FS_Commands.o
LOAD ./src/SubSystemModules/Communication/SubsystemCommands/Maintanence_Commands.o
LOAD ./src/SubSystemModules/Communication/SubsystemCommands/TRXVU_Commands.o
LOAD ./src/SubSystemModules/Communication/AckHandler.o
LOAD ./src/SubSystemModules/Communication/ActUponCommand.o
LOAD ./src/SubSystemModules/Communication/Beacon.o
LOAD ./src/SubSystemModules/Communication/CommandDictionary.o
LOAD ./src/SubSystemModules/Communication/SatCommandHandler.o
LOAD ./src/SubSystemModules/Communication/SatDataTx.o
LOAD ./src/SubSystemModules/Communication/TRXVU.o
LOAD ./src/InitSystem.o
LOAD ./src/TLM_management.o
LOAD ./src/main.o
LOAD C:/ISIS/workspace/GivatShmuel/Base-Aug-2019/GlobusSatProject/..//hal/hal/lib\libHALD.a
LOAD C:/ISIS/workspace/GivatShmuel/Base-Aug-2019/GlobusSatProject/..//hal/hcc/lib\libHCCD.a
LOAD C:/ISIS/workspace/GivatShmuel/Base-Aug-2019/GlobusSatProject/..//satellite-subsystems/satellite-subsystems/lib\libSatelliteSubsystemsD.a
LOAD C:/ISIS/workspace/GivatShmuel/Base-Aug-2019/GlobusSatProject/..//hal/freertos/lib\libFreeRTOSD.a
LOAD C:/ISIS/workspace/GivatShmuel/Base-Aug-2019/GlobusSatProject/..//hal/at91/lib\libAt91D.a
START GROUP
LOAD c:/isis/application/toolchain/bin/../lib/gcc/arm-none-eabi/4.7.4\libgcc.a
LOAD c:/isis/application/toolchain/bin/../lib/gcc/arm-none-eabi/4.7.4/../../../../arm-none-eabi/lib\libc_s.a
END GROUP

.fixed          0x20000000    0x30364
                0x20000000                . = ALIGN (0x4)
                0x20000000                _sfixed = .
 *(.startup)
 .startup       0x20000000      0x134 C:/ISIS/workspace/GivatShmuel/Base-Aug-2019/GlobusSatProject/..//hal/at91/lib\libAt91D.a(board_cstartup.o)
                0x20000000                entry
 *(.text)
 .text          0x20000134       0x64 C:/ISIS/workspace/GivatShmuel/Base-Aug-2019/GlobusSatProject/..//hal/at91/lib\libAt91D.a(cp15_asm.o)
                0x20000134                _readControlRegister
                0x20000140                _writeControlRegister
                0x20000148                _waitForInterrupt
                0x20000154                _writeTTB
                0x2000015c                _writeDomain
                0x20000164                _writeITLBLockdown
                0x2000016c                _prefetchICacheLine
                0x20000174                _flushDCache
                0x20000180                _flushWriteBuffer
                0x2000018c                _invalidateIDTLBs
 .text          0x20000198      0x114 c:/isis/application/toolchain/bin/../lib/gcc/arm-none-eabi/4.7.4\libgcc.a(_udivsi3.o)
                0x20000198                __aeabi_uidiv
                0x20000198                __udivsi3
                0x2000028c                __aeabi_uidivmod
 .text          0x200002ac      0x148 c:/isis/application/toolchain/bin/../lib/gcc/arm-none-eabi/4.7.4\libgcc.a(_divsi3.o)
                0x200002ac                __divsi3
                0x200002ac                __aeabi_idiv
                0x200003d4                __aeabi_idivmod
 .text          0x200003f4        0x4 c:/isis/application/toolchain/bin/../lib/gcc/arm-none-eabi/4.7.4\libgcc.a(_dvmd_tls.o)
                0x200003f4                __aeabi_idiv0
                0x200003f4                __aeabi_ldiv0
 .text          0x200003f8      0x41c c:/isis/application/toolchain/bin/../lib/gcc/arm-none-eabi/4.7.4\libgcc.a(_arm_addsubdf3.o)
                0x200003f8                __aeabi_drsub
                0x20000400                __aeabi_dsub
                0x20000400                __subdf3
                0x20000404                __aeabi_dadd
                0x20000404                __adddf3
                0x20000714                __floatunsidf
                0x20000714                __aeabi_ui2d
                0x20000738                __floatsidf
                0x20000738                __aeabi_i2d
                0x20000760                __aeabi_f2d
                0x20000760                __extendsfdf2
                0x200007a0                __floatundidf
                0x200007a0                __aeabi_ul2d
                0x200007b4                __floatdidf
                0x200007b4                __aeabi_l2d
 .text          0x20000814      0x49c c:/isis/application/toolchain/bin/../lib/gcc/arm-none-eabi/4.7.4\libgcc.a(_arm_muldivdf3.o)
                0x20000814                __aeabi_dmul
                0x20000814                __muldf3
                0x20000aa4                __divdf3
                0x20000aa4                __aeabi_ddiv
 .text          0x20000cb0      0x144 c:/isis/application/toolchain/bin/../lib/gcc/arm-none-eabi/4.7.4\libgcc.a(_arm_cmpdf2.o)
                0x20000cb0                __gtdf2
                0x20000cb0                __gedf2
                0x20000cb8                __ltdf2
                0x20000cb8                __ledf2
                0x20000cc0                __nedf2
                0x20000cc0                __eqdf2
                0x20000cc0                __cmpdf2
                0x20000d48                __aeabi_cdrcmple
                0x20000d64                __aeabi_cdcmpeq
                0x20000d64                __aeabi_cdcmple
                0x20000d7c                __aeabi_dcmpeq
                0x20000d94                __aeabi_dcmplt
                0x20000dac                __aeabi_dcmple
                0x20000dc4                __aeabi_dcmpge
                0x20000ddc                __aeabi_dcmpgt
 .text          0x20000df4       0x5c c:/isis/application/toolchain/bin/../lib/gcc/arm-none-eabi/4.7.4\libgcc.a(_arm_fixdfsi.o)
                0x20000df4                __aeabi_d2iz
                0x20000df4                __fixdfsi
 .text          0x20000e50       0x54 c:/isis/application/toolchain/bin/../lib/gcc/arm-none-eabi/4.7.4\libgcc.a(_arm_fixunsdfsi.o)
                0x20000e50                __aeabi_d2uiz
                0x20000e50                __fixunsdfsi
 .text          0x20000ea4       0xa0 c:/isis/application/toolchain/bin/../lib/gcc/arm-none-eabi/4.7.4\libgcc.a(_arm_truncdfsf2.o)
                0x20000ea4                __truncdfsf2
                0x20000ea4                __aeabi_d2f
 .text          0x20000f44      0x2ac c:/isis/application/toolchain/bin/../lib/gcc/arm-none-eabi/4.7.4\libgcc.a(_arm_addsubsf3.o)
                0x20000f44                __aeabi_frsub
                0x20000f4c                __subsf3
                0x20000f4c                __aeabi_fsub
                0x20000f50                __aeabi_fadd
                0x20000f50                __addsf3
                0x2000110c                __aeabi_ui2f
                0x2000110c                __floatunsisf
                0x20001114                __aeabi_i2f
                0x20001114                __floatsisf
                0x20001134                __aeabi_ul2f
                0x20001134                __floatundisf
                0x20001144                __aeabi_l2f
                0x20001144                __floatdisf
 .text          0x200011f0      0x2f8 c:/isis/application/toolchain/bin/../lib/gcc/arm-none-eabi/4.7.4\libgcc.a(_arm_muldivsf3.o)
                0x200011f0                __mulsf3
                0x200011f0                __aeabi_fmul
                0x20001388                __aeabi_fdiv
                0x20001388                __divsf3
 .text          0x200014e8      0x114 c:/isis/application/toolchain/bin/../lib/gcc/arm-none-eabi/4.7.4\libgcc.a(_arm_cmpsf2.o)
                0x200014e8                __gesf2
                0x200014e8                __gtsf2
                0x200014f0                __lesf2
                0x200014f0                __ltsf2
                0x200014f8                __nesf2
                0x200014f8                __eqsf2
                0x200014f8                __cmpsf2
                0x2000155c                __aeabi_cfrcmple
                0x2000156c                __aeabi_cfcmpeq
                0x2000156c                __aeabi_cfcmple
                0x20001584                __aeabi_fcmpeq
                0x2000159c                __aeabi_fcmplt
                0x200015b4                __aeabi_fcmple
                0x200015cc                __aeabi_fcmpge
                0x200015e4                __aeabi_fcmpgt
 .text          0x200015fc       0x54 c:/isis/application/toolchain/bin/../lib/gcc/arm-none-eabi/4.7.4\libgcc.a(_arm_fixunssfsi.o)
                0x200015fc                __fixunssfsi
                0x200015fc                __aeabi_f2uiz
 *(.text*)
 .text.__cvt    0x20001650      0x138 c:/isis/application/toolchain/bin/../lib/gcc/arm-none-eabi/4.7.4/../../../../arm-none-eabi/lib\libc_s.a(lib_a-vfprintf_float.o)
                0x20001650                __cvt
 .text.__exponent
                0x20001788       0xa8 c:/isis/application/toolchain/bin/../lib/gcc/arm-none-eabi/4.7.4/../../../../arm-none-eabi/lib\libc_s.a(lib_a-vfprintf_float.o)
                0x20001788                __exponent
 .text._printf_float
                0x20001830      0x7dc c:/isis/application/toolchain/bin/../lib/gcc/arm-none-eabi/4.7.4/../../../../arm-none-eabi/lib\libc_s.a(lib_a-vfprintf_float.o)
                0x20001830                _printf_float
 .text._printf_common
                0x2000200c      0x174 c:/isis/application/toolchain/bin/../lib/gcc/arm-none-eabi/4.7.4/../../../../arm-none-eabi/lib\libc_s.a(lib_a-vfprintf_i.o)
                0x2000200c                _printf_common
 .text._printf_i
                0x20002180      0x3c4 c:/isis/application/toolchain/bin/../lib/gcc/arm-none-eabi/4.7.4/../../../../arm-none-eabi/lib\libc_s.a(lib_a-vfprintf_i.o)
                0x20002180                _printf_i
 .text._scanf_float
                0x20002544      0x5f4 c:/isis/application/toolchain/bin/../lib/gcc/arm-none-eabi/4.7.4/../../../../arm-none-eabi/lib\libc_s.a(lib_a-vfscanf_float.o)
                0x20002544                _scanf_float
 .text.quorem   0x20002b38      0x1ac c:/isis/application/toolchain/bin/../lib/gcc/arm-none-eabi/4.7.4/../../../../arm-none-eabi/lib\libc_s.a(lib_a-dtoa.o)
 .text._dtoa_r  0x20002ce4     0x1268 c:/isis/application/toolchain/bin/../lib/gcc/arm-none-eabi/4.7.4/../../../../arm-none-eabi/lib\libc_s.a(lib_a-dtoa.o)
                0x20002ce4                _dtoa_r
 .text._localeconv_r
                0x20003f4c        0xc c:/isis/application/toolchain/bin/../lib/gcc/arm-none-eabi/4.7.4/../../../../arm-none-eabi/lib\libc_s.a(lib_a-locale.o)
                0x20003f4c                _localeconv_r
 .text.malloc   0x20003f58       0x20 c:/isis/application/toolchain/bin/../lib/gcc/arm-none-eabi/4.7.4/../../../../arm-none-eabi/lib\libc_s.a(lib_a-malloc.o)
                0x20003f58                malloc
 .text.free     0x20003f78       0x20 c:/isis/application/toolchain/bin/../lib/gcc/arm-none-eabi/4.7.4/../../../../arm-none-eabi/lib\libc_s.a(lib_a-malloc.o)
                0x20003f78                free
 .text._malloc_r
                0x20003f98       0xfc c:/isis/application/toolchain/bin/../lib/gcc/arm-none-eabi/4.7.4/../../../../arm-none-eabi/lib\libc_s.a(lib_a-mallocr.o)
                0x20003f98                _malloc_r
 .text.memcpy   0x20004094       0x20 c:/isis/application/toolchain/bin/../lib/gcc/arm-none-eabi/4.7.4/../../../../arm-none-eabi/lib\libc_s.a(lib_a-memcpy.o)
                0x20004094                memcpy
 .text._Balloc  0x200040b4       0xcc c:/isis/application/toolchain/bin/../lib/gcc/arm-none-eabi/4.7.4/../../../../arm-none-eabi/lib\libc_s.a(lib_a-mprec.o)
                0x200040b4                _Balloc
 .text._Bfree   0x20004180       0x5c c:/isis/application/toolchain/bin/../lib/gcc/arm-none-eabi/4.7.4/../../../../arm-none-eabi/lib\libc_s.a(lib_a-mprec.o)
                0x20004180                _Bfree
 .text.__multadd
                0x200041dc       0xbc c:/isis/application/toolchain/bin/../lib/gcc/arm-none-eabi/4.7.4/../../../../arm-none-eabi/lib\libc_s.a(lib_a-mprec.o)
                0x200041dc                __multadd
 .text.__s2b    0x20004298       0xd8 c:/isis/application/toolchain/bin/../lib/gcc/arm-none-eabi/4.7.4/../../../../arm-none-eabi/lib\libc_s.a(lib_a-mprec.o)
                0x20004298                __s2b
 .text.__hi0bits
                0x20004370       0x58 c:/isis/application/toolchain/bin/../lib/gcc/arm-none-eabi/4.7.4/../../../../arm-none-eabi/lib\libc_s.a(lib_a-mprec.o)
                0x20004370                __hi0bits
 .text.__lo0bits
                0x200043c8       0x94 c:/isis/application/toolchain/bin/../lib/gcc/arm-none-eabi/4.7.4/../../../../arm-none-eabi/lib\libc_s.a(lib_a-mprec.o)
                0x200043c8                __lo0bits
 .text.__i2b    0x2000445c       0x24 c:/isis/application/toolchain/bin/../lib/gcc/arm-none-eabi/4.7.4/../../../../arm-none-eabi/lib\libc_s.a(lib_a-mprec.o)
                0x2000445c                __i2b
 .text.__multiply
                0x20004480      0x1ac c:/isis/application/toolchain/bin/../lib/gcc/arm-none-eabi/4.7.4/../../../../arm-none-eabi/lib\libc_s.a(lib_a-mprec.o)
                0x20004480                __multiply
 .text.__pow5mult
                0x2000462c      0x10c c:/isis/application/toolchain/bin/../lib/gcc/arm-none-eabi/4.7.4/../../../../arm-none-eabi/lib\libc_s.a(lib_a-mprec.o)
                0x2000462c                __pow5mult
 .text.__lshift
                0x20004738       0xf0 c:/isis/application/toolchain/bin/../lib/gcc/arm-none-eabi/4.7.4/../../../../arm-none-eabi/lib\libc_s.a(lib_a-mprec.o)
                0x20004738                __lshift
 .text.__mcmp   0x20004828       0x60 c:/isis/application/toolchain/bin/../lib/gcc/arm-none-eabi/4.7.4/../../../../arm-none-eabi/lib\libc_s.a(lib_a-mprec.o)
                0x20004828                __mcmp
 .text.__mdiff  0x20004888      0x128 c:/isis/application/toolchain/bin/../lib/gcc/arm-none-eabi/4.7.4/../../../../arm-none-eabi/lib\libc_s.a(lib_a-mprec.o)
                0x20004888                __mdiff
 .text.__ulp    0x200049b0       0x5c c:/isis/application/toolchain/bin/../lib/gcc/arm-none-eabi/4.7.4/../../../../arm-none-eabi/lib\libc_s.a(lib_a-mprec.o)
                0x200049b0                __ulp
 .text.__b2d    0x20004a0c       0xc8 c:/isis/application/toolchain/bin/../lib/gcc/arm-none-eabi/4.7.4/../../../../arm-none-eabi/lib\libc_s.a(lib_a-mprec.o)
                0x20004a0c                __b2d
 .text.__d2b    0x20004ad4       0xfc c:/isis/application/toolchain/bin/../lib/gcc/arm-none-eabi/4.7.4/../../../../arm-none-eabi/lib\libc_s.a(lib_a-mprec.o)
                0x20004ad4                __d2b
 .text.__ratio  0x20004bd0       0x70 c:/isis/application/toolchain/bin/../lib/gcc/arm-none-eabi/4.7.4/../../../../arm-none-eabi/lib\libc_s.a(lib_a-mprec.o)
                0x20004bd0                __ratio
 .text.__copybits
                0x20004c40       0x4c c:/isis/application/toolchain/bin/../lib/gcc/arm-none-eabi/4.7.4/../../../../arm-none-eabi/lib\libc_s.a(lib_a-mprec.o)
                0x20004c40                __copybits
 .text.__any_on
                0x20004c8c       0x7c c:/isis/application/toolchain/bin/../lib/gcc/arm-none-eabi/4.7.4/../../../../arm-none-eabi/lib\libc_s.a(lib_a-mprec.o)
                0x20004c8c                __any_on
 .text.__fpclassifyd
                0x20004d08       0x6c c:/isis/application/toolchain/bin/../lib/gcc/arm-none-eabi/4.7.4/../../../../arm-none-eabi/lib\libc_s.a(lib_a-s_fpclassify.o)
                0x20004d08                __fpclassifyd
 .text._sbrk_r  0x20004d74       0x3c c:/isis/application/toolchain/bin/../lib/gcc/arm-none-eabi/4.7.4/../../../../arm-none-eabi/lib\libc_s.a(lib_a-sbrkr.o)
                0x20004d74                _sbrk_r
 .text.nanf     0x20004db0        0xc c:/isis/application/toolchain/bin/../lib/gcc/arm-none-eabi/4.7.4/../../../../arm-none-eabi/lib\libc_s.a(lib_a-sf_nan.o)
                0x20004db0                nanf
 .text.sprintf  0x20004dbc       0x6c c:/isis/application/toolchain/bin/../lib/gcc/arm-none-eabi/4.7.4/../../../../arm-none-eabi/lib\libc_s.a(lib_a-sprintf.o)
                0x20004dbc                siprintf
                0x20004dbc                sprintf
 .text.strcmp   0x20004e28       0x1c c:/isis/application/toolchain/bin/../lib/gcc/arm-none-eabi/4.7.4/../../../../arm-none-eabi/lib\libc_s.a(lib_a-strcmp.o)
                0x20004e28                strcmp
 .text.strlen   0x20004e44       0x1c c:/isis/application/toolchain/bin/../lib/gcc/arm-none-eabi/4.7.4/../../../../arm-none-eabi/lib\libc_s.a(lib_a-strlen.o)
                0x20004e44                strlen
 .text.match    0x20004e60       0x54 c:/isis/application/toolchain/bin/../lib/gcc/arm-none-eabi/4.7.4/../../../../arm-none-eabi/lib\libc_s.a(lib_a-strtod.o)
 .text._strtod_r
                0x20004eb4     0x1168 c:/isis/application/toolchain/bin/../lib/gcc/arm-none-eabi/4.7.4/../../../../arm-none-eabi/lib\libc_s.a(lib_a-strtod.o)
                0x20004eb4                _strtod_r
 .text._strtol_r
                0x2000601c      0x1b8 c:/isis/application/toolchain/bin/../lib/gcc/arm-none-eabi/4.7.4/../../../../arm-none-eabi/lib\libc_s.a(lib_a-strtol.o)
                0x2000601c                _strtol_r
 .text.__ssputc_r
                0x200061d4      0x10c c:/isis/application/toolchain/bin/../lib/gcc/arm-none-eabi/4.7.4/../../../../arm-none-eabi/lib\libc_s.a(lib_a-svfprintf.o)
                0x200061d4                __ssputc_r
 .text._svfprintf_r
                0x200062e0      0x328 c:/isis/application/toolchain/bin/../lib/gcc/arm-none-eabi/4.7.4/../../../../arm-none-eabi/lib\libc_s.a(lib_a-svfprintf.o)
                0x200062e0                _svfiprintf_r
                0x200062e0                _svfprintf_r
 .text._calloc_r
                0x20006608       0x2c c:/isis/application/toolchain/bin/../lib/gcc/arm-none-eabi/4.7.4/../../../../arm-none-eabi/lib\libc_s.a(lib_a-callocr.o)
                0x20006608                _calloc_r
 .text._free_r  0x20006634      0x108 c:/isis/application/toolchain/bin/../lib/gcc/arm-none-eabi/4.7.4/../../../../arm-none-eabi/lib\libc_s.a(lib_a-freer.o)
                0x20006634                _free_r
 .text.rshift   0x2000673c       0xb0 c:/isis/application/toolchain/bin/../lib/gcc/arm-none-eabi/4.7.4/../../../../arm-none-eabi/lib\libc_s.a(lib_a-gdtoa-gethex.o)
 .text.htinit.constprop.0
                0x200067ec       0x34 c:/isis/application/toolchain/bin/../lib/gcc/arm-none-eabi/4.7.4/../../../../arm-none-eabi/lib\libc_s.a(lib_a-gdtoa-gethex.o)
 .text.__hexdig_init
                0x20006820       0x38 c:/isis/application/toolchain/bin/../lib/gcc/arm-none-eabi/4.7.4/../../../../arm-none-eabi/lib\libc_s.a(lib_a-gdtoa-gethex.o)
                0x20006820                __hexdig_init
 .text.__gethex
                0x20006858      0x6cc c:/isis/application/toolchain/bin/../lib/gcc/arm-none-eabi/4.7.4/../../../../arm-none-eabi/lib\libc_s.a(lib_a-gdtoa-gethex.o)
                0x20006858                __gethex
 .text.L_shift  0x20006f24       0x38 c:/isis/application/toolchain/bin/../lib/gcc/arm-none-eabi/4.7.4/../../../../arm-none-eabi/lib\libc_s.a(lib_a-gdtoa-hexnan.o)
 .text.__hexnan
                0x20006f5c      0x1d8 c:/isis/application/toolchain/bin/../lib/gcc/arm-none-eabi/4.7.4/../../../../arm-none-eabi/lib\libc_s.a(lib_a-gdtoa-hexnan.o)
                0x20006f5c                __hexnan
 .text.memchr   0x20007134       0x34 c:/isis/application/toolchain/bin/../lib/gcc/arm-none-eabi/4.7.4/../../../../arm-none-eabi/lib\libc_s.a(lib_a-memchr.o)
                0x20007134                memchr
 .text.memset   0x20007168       0x1c c:/isis/application/toolchain/bin/../lib/gcc/arm-none-eabi/4.7.4/../../../../arm-none-eabi/lib\libc_s.a(lib_a-memset.o)
                0x20007168                memset
 .text._realloc_r
                0x20007184       0x80 c:/isis/application/toolchain/bin/../lib/gcc/arm-none-eabi/4.7.4/../../../../arm-none-eabi/lib\libc_s.a(lib_a-reallocr.o)
                0x20007184                _realloc_r
 .text.strncmp  0x20007204       0x64 c:/isis/application/toolchain/bin/../lib/gcc/arm-none-eabi/4.7.4/../../../../arm-none-eabi/lib\libc_s.a(lib_a-strncmp.o)
                0x20007204                strncmp
 .text._malloc_usable_size_r
                0x20007268       0x1c c:/isis/application/toolchain/bin/../lib/gcc/arm-none-eabi/4.7.4/../../../../arm-none-eabi/lib\libc_s.a(lib_a-msizer.o)
                0x20007268                _malloc_usable_size_r
 .text.taskTesting
                0x20007284       0x84 ./src/TestingDemos/MainTest.o
                0x20007284                taskTesting
 .text.EPS_Init
                0x20007308       0xc0 ./src/SubSystemModules/PowerManagment/EPS.o
                0x20007308                EPS_Init
 .text.EPS_Conditioning
                0x200073c8      0x1a8 ./src/SubSystemModules/PowerManagment/EPS.o
                0x200073c8                EPS_Conditioning
 .text.GetBatteryVoltage
                0x20007570       0x50 ./src/SubSystemModules/PowerManagment/EPS.o
                0x20007570                GetBatteryVoltage
 .text.UpdateAlpha
                0x200075c0       0x9c ./src/SubSystemModules/PowerManagment/EPS.o
                0x200075c0                UpdateAlpha
 .text.GetThresholdVoltages
                0x2000765c       0x4c ./src/SubSystemModules/PowerManagment/EPS.o
                0x2000765c                GetThresholdVoltages
 .text.GetAlpha
                0x200076a8       0x48 ./src/SubSystemModules/PowerManagment/EPS.o
                0x200076a8                GetAlpha
 .text.EnterFullMode
                0x200076f0       0x58 ./src/SubSystemModules/PowerManagment/EPSOperationModes.o
                0x200076f0                EnterFullMode
 .text.EnterCruiseMode
                0x20007748       0x58 ./src/SubSystemModules/PowerManagment/EPSOperationModes.o
                0x20007748                EnterCruiseMode
 .text.EnterSafeMode
                0x200077a0       0x58 ./src/SubSystemModules/PowerManagment/EPSOperationModes.o
                0x200077a0                EnterSafeMode
 .text.EnterCriticalMode
                0x200077f8       0x58 ./src/SubSystemModules/PowerManagment/EPSOperationModes.o
                0x200077f8                EnterCriticalMode
 .text.SetEPS_Channels
                0x20007850       0x28 ./src/SubSystemModules/PowerManagment/EPSOperationModes.o
                0x20007850                SetEPS_Channels
 .text.EpsGetLowVoltageFlag
                0x20007878       0x24 ./src/SubSystemModules/PowerManagment/EPSOperationModes.o
                0x20007878                EpsGetLowVoltageFlag
 .text.EpsSetLowVoltageFlag
                0x2000789c       0x2c ./src/SubSystemModules/PowerManagment/EPSOperationModes.o
                0x2000789c                EpsSetLowVoltageFlag
 .text.CheckExecutionTime
                0x200078c8       0x7c ./src/SubSystemModules/Maintenance/Maintenance.o
                0x200078c8                CheckExecutionTime
 .text.SaveSatTimeInFRAM
                0x20007944       0x44 ./src/SubSystemModules/Maintenance/Maintenance.o
                0x20007944                SaveSatTimeInFRAM
 .text.ResetGroundCommWDT
                0x20007988       0x1c ./src/SubSystemModules/Maintenance/Maintenance.o
                0x20007988                ResetGroundCommWDT
 .text.InitDump
                0x200079a4       0xa0 ./src/SubSystemModules/Housekepping/Dump.o
                0x200079a4                InitDump
 .text.FinishDump
                0x20007a44      0x100 ./src/SubSystemModules/Housekepping/Dump.o
                0x20007a44                FinishDump
 .text.AbortDump
                0x20007b44       0x30 ./src/SubSystemModules/Housekepping/Dump.o
                0x20007b44                AbortDump
 .text.SendDumpAbortRequest
                0x20007b74       0xc0 ./src/SubSystemModules/Housekepping/Dump.o
                0x20007b74                SendDumpAbortRequest
 .text.CheckDumpAbort
                0x20007c34       0x58 ./src/SubSystemModules/Housekepping/Dump.o
                0x20007c34                CheckDumpAbort
 .text.DumpTask
                0x20007c8c      0x5c4 ./src/SubSystemModules/Housekepping/Dump.o
                0x20007c8c                DumpTask
 .text.DumpTelemetry
                0x20008250      0x1a4 ./src/SubSystemModules/Housekepping/Dump.o
                0x20008250                DumpTelemetry
 .text.GetTelemetryFilenameByType
                0x200083f4      0x294 ./src/SubSystemModules/Housekepping/TelemetryCollector.o
                0x200083f4                GetTelemetryFilenameByType
 .text.TelemetryCollectorLogic
                0x20008688      0x188 ./src/SubSystemModules/Housekepping/TelemetryCollector.o
                0x20008688                TelemetryCollectorLogic
 .text.TelemetryCreateFiles
                0x20008810      0x2ac ./src/SubSystemModules/Housekepping/TelemetryCollector.o
                0x20008810                TelemetryCreateFiles
 .text.TelemetrySaveEPS
                0x20008abc       0xbc ./src/SubSystemModules/Housekepping/TelemetryCollector.o
                0x20008abc                TelemetrySaveEPS
 .text.TelemetrySaveTRXVU
                0x20008b78       0xec ./src/SubSystemModules/Housekepping/TelemetryCollector.o
                0x20008b78                TelemetrySaveTRXVU
 .text.TelemetrySaveANT
                0x20008c64       0x88 ./src/SubSystemModules/Housekepping/TelemetryCollector.o
                0x20008c64                TelemetrySaveANT
 .text.TelemetrySaveSolarPanels
                0x20008cec      0x1c8 ./src/SubSystemModules/Housekepping/TelemetryCollector.o
                0x20008cec                TelemetrySaveSolarPanels
 .text.TelemetrySaveWOD
                0x20008eb4       0x98 ./src/SubSystemModules/Housekepping/TelemetryCollector.o
                0x20008eb4                TelemetrySaveWOD
 .text.GetCurrentWODTelemetry
                0x20008f4c      0x3e8 ./src/SubSystemModules/Housekepping/TelemetryCollector.o
                0x20008f4c                GetCurrentWODTelemetry
 .text.CMD_ResetComponent
                0x20009334      0x244 ./src/SubSystemModules/Communication/SubsystemCommands/Maintanence_Commands.o
                0x20009334                CMD_ResetComponent
 .text.CMD_StartDump
                0x20009578       0x34 ./src/SubSystemModules/Communication/SubsystemCommands/TRXVU_Commands.o
                0x20009578                CMD_StartDump
 .text.CMD_SendDumpAbortRequest
                0x200095ac       0x24 ./src/SubSystemModules/Communication/SubsystemCommands/TRXVU_Commands.o
                0x200095ac                CMD_SendDumpAbortRequest
 .text.CMD_ForceDumpAbort
                0x200095d0       0x24 ./src/SubSystemModules/Communication/SubsystemCommands/TRXVU_Commands.o
                0x200095d0                CMD_ForceDumpAbort
 .text.CMD_MuteTRXVU
                0x200095f4       0x5c ./src/SubSystemModules/Communication/SubsystemCommands/TRXVU_Commands.o
                0x200095f4                CMD_MuteTRXVU
 .text.CMD_UnMuteTRXVU
                0x20009650       0x24 ./src/SubSystemModules/Communication/SubsystemCommands/TRXVU_Commands.o
                0x20009650                CMD_UnMuteTRXVU
 .text.CMD_GetBaudRate
                0x20009674       0x4c ./src/SubSystemModules/Communication/SubsystemCommands/TRXVU_Commands.o
                0x20009674                CMD_GetBaudRate
 .text.CMD_SetBeaconCycleTime
                0x200096c0       0x88 ./src/SubSystemModules/Communication/SubsystemCommands/TRXVU_Commands.o
                0x200096c0                CMD_SetBeaconCycleTime
 .text.CMD_GetBeaconInterval
                0x20009748       0x60 ./src/SubSystemModules/Communication/SubsystemCommands/TRXVU_Commands.o
                0x20009748                CMD_GetBeaconInterval
 .text.CMD_SetBeaconInterval
                0x200097a8       0x88 ./src/SubSystemModules/Communication/SubsystemCommands/TRXVU_Commands.o
                0x200097a8                CMD_SetBeaconInterval
 .text.CMD_SetBaudRate
                0x20009830       0x48 ./src/SubSystemModules/Communication/SubsystemCommands/TRXVU_Commands.o
                0x20009830                CMD_SetBaudRate
 .text.CMD_GetTxUptime
                0x20009878       0x58 ./src/SubSystemModules/Communication/SubsystemCommands/TRXVU_Commands.o
                0x20009878                CMD_GetTxUptime
 .text.CMD_GetRxUptime
                0x200098d0       0x58 ./src/SubSystemModules/Communication/SubsystemCommands/TRXVU_Commands.o
                0x200098d0                CMD_GetRxUptime
 .text.CMD_GetNumOfDelayedCommands
                0x20009928       0x50 ./src/SubSystemModules/Communication/SubsystemCommands/TRXVU_Commands.o
                0x20009928                CMD_GetNumOfDelayedCommands
 .text.CMD_GetNumOfOnlineCommands
                0x20009978       0x58 ./src/SubSystemModules/Communication/SubsystemCommands/TRXVU_Commands.o
                0x20009978                CMD_GetNumOfOnlineCommands
 .text.CMD_DeleteDelyedCmdByID
                0x200099d0       0x60 ./src/SubSystemModules/Communication/SubsystemCommands/TRXVU_Commands.o
                0x200099d0                CMD_DeleteDelyedCmdByID
 .text.CMD_DeleteAllDelyedBuffer
                0x20009a30       0x34 ./src/SubSystemModules/Communication/SubsystemCommands/TRXVU_Commands.o
                0x20009a30                CMD_DeleteAllDelyedBuffer
 .text.CMD_AntSetArmStatus
                0x20009a64       0x80 ./src/SubSystemModules/Communication/SubsystemCommands/TRXVU_Commands.o
                0x20009a64                CMD_AntSetArmStatus
 .text.CMD_AntGetArmStatus
                0x20009ae4       0x64 ./src/SubSystemModules/Communication/SubsystemCommands/TRXVU_Commands.o
                0x20009ae4                CMD_AntGetArmStatus
 .text.CMD_AntGetUptime
                0x20009b48       0x58 ./src/SubSystemModules/Communication/SubsystemCommands/TRXVU_Commands.o
                0x20009b48                CMD_AntGetUptime
 .text.CMD_AntCancelDeployment
                0x20009ba0       0x48 ./src/SubSystemModules/Communication/SubsystemCommands/TRXVU_Commands.o
                0x20009ba0                CMD_AntCancelDeployment
 .text.SendAckPacket
                0x20009be8       0xe4 ./src/SubSystemModules/Communication/AckHandler.o
                0x20009be8                SendAckPacket
 .text.SendErrorMSG
                0x20009ccc       0x74 ./src/SubSystemModules/Communication/AckHandler.o
                0x20009ccc                SendErrorMSG
 .text.SendErrorMSG_IfError
                0x20009d40       0x4c ./src/SubSystemModules/Communication/AckHandler.o
                0x20009d40                SendErrorMSG_IfError
 .text.ActUponCommand
                0x20009d8c      0x14c ./src/SubSystemModules/Communication/ActUponCommand.o
                0x20009d8c                ActUponCommand
 .text.InitBeaconParams
                0x20009ed8       0x3c ./src/SubSystemModules/Communication/Beacon.o
                0x20009ed8                InitBeaconParams
 .text.BeaconLogic
                0x20009f14      0x160 ./src/SubSystemModules/Communication/Beacon.o
                0x20009f14                BeaconLogic
 .text.trxvu_command_router
                0x2000a074      0x49c ./src/SubSystemModules/Communication/CommandDictionary.o
                0x2000a074                trxvu_command_router
 .text.eps_command_router
                0x2000a510       0x80 ./src/SubSystemModules/Communication/CommandDictionary.o
                0x2000a510                eps_command_router
 .text.telemetry_command_router
                0x2000a590       0x54 ./src/SubSystemModules/Communication/CommandDictionary.o
                0x2000a590                telemetry_command_router
 .text.managment_command_router
                0x2000a5e4       0xd0 ./src/SubSystemModules/Communication/CommandDictionary.o
                0x2000a5e4                managment_command_router
 .text.filesystem_command_router
                0x2000a6b4       0x54 ./src/SubSystemModules/Communication/CommandDictionary.o
                0x2000a6b4                filesystem_command_router
 .text.ClearDelayedCMD_FromBuffer
                0x2000a708       0xd8 ./src/SubSystemModules/Communication/SatCommandHandler.o
                0x2000a708                ClearDelayedCMD_FromBuffer
 .text.ParseDataToCommand
                0x2000a7e0      0x190 ./src/SubSystemModules/Communication/SatCommandHandler.o
                0x2000a7e0                ParseDataToCommand
 .text.AssembleCommand
                0x2000a970      0x178 ./src/SubSystemModules/Communication/SatCommandHandler.o
                0x2000a970                AssembleCommand
 .text.AddDelayedCommand
                0x2000aae8       0xf0 ./src/SubSystemModules/Communication/SatCommandHandler.o
                0x2000aae8                AddDelayedCommand
 .text.GetDelayedCommandBufferCount
                0x2000abd8       0x50 ./src/SubSystemModules/Communication/SatCommandHandler.o
                0x2000abd8                GetDelayedCommandBufferCount
 .text.GetOnlineCommand
                0x2000ac28      0x114 ./src/SubSystemModules/Communication/SatCommandHandler.o
                0x2000ac28                GetOnlineCommand
 .text.DeleteDelayedCommandByIndex
                0x2000ad3c       0x80 ./src/SubSystemModules/Communication/SatCommandHandler.o
                0x2000ad3c                DeleteDelayedCommandByIndex
 .text.DeleteDelayedBuffer
                0x2000adbc       0x48 ./src/SubSystemModules/Communication/SatCommandHandler.o
                0x2000adbc                DeleteDelayedBuffer
 .text.InitTxModule
                0x2000ae04       0x68 ./src/SubSystemModules/Communication/SatDataTx.o
                0x2000ae04                InitTxModule
 .text.muteTRXVU
                0x2000ae6c       0x78 ./src/SubSystemModules/Communication/SatDataTx.o
                0x2000ae6c                muteTRXVU
 .text.UnMuteTRXVU
                0x2000aee4       0x34 ./src/SubSystemModules/Communication/SatDataTx.o
                0x2000aee4                UnMuteTRXVU
 .text.GetNumberOfFramesInBuffer
                0x2000af18       0x4c ./src/SubSystemModules/Communication/SatDataTx.o
                0x2000af18                GetNumberOfFramesInBuffer
 .text.CheckTransmitionAllowed
                0x2000af64       0xa4 ./src/SubSystemModules/Communication/SatDataTx.o
                0x2000af64                CheckTransmitionAllowed
 .text.GetTrxvuBitrate
                0x2000b008       0x70 ./src/SubSystemModules/Communication/SatDataTx.o
                0x2000b008                GetTrxvuBitrate
 .text.TransmitDataAsSPL_Packet
                0x2000b078      0x11c ./src/SubSystemModules/Communication/SatDataTx.o
                0x2000b078                TransmitDataAsSPL_Packet
 .text.TransmitSplPacket
                0x2000b194       0xec ./src/SubSystemModules/Communication/SatDataTx.o
                0x2000b194                TransmitSplPacket
 .text.SetIdleOff
                0x2000b280       0x54 ./src/SubSystemModules/Communication/TRXVU.o
                0x2000b280                SetIdleOff
 .text.HandleIdleTime
                0x2000b2d4       0x70 ./src/SubSystemModules/Communication/TRXVU.o
                0x2000b2d4                HandleIdleTime
 .text.InitTrxvu
                0x2000b344      0x150 ./src/SubSystemModules/Communication/TRXVU.o
                0x2000b344                InitTrxvu
 .text.TRX_Logic
                0x2000b494      0x10c ./src/SubSystemModules/Communication/TRXVU.o
                0x2000b494                TRX_Logic
 .text.CMD_SetIdleOn
                0x2000b5a0       0x74 ./src/SubSystemModules/Communication/TRXVU.o
                0x2000b5a0                CMD_SetIdleOn
 .text.isFirstActivation
                0x2000b614       0xac ./src/InitSystem.o
                0x2000b614                isFirstActivation
 .text.firstActivationProcedure
                0x2000b6c0       0xb4 ./src/InitSystem.o
                0x2000b6c0                firstActivationProcedure
 .text.WriteDefaultValuesToFRAM
                0x2000b774      0x128 ./src/InitSystem.o
                0x2000b774                WriteDefaultValuesToFRAM
 .text.StartFRAM
                0x2000b89c       0x7c ./src/InitSystem.o
                0x2000b89c                StartFRAM
 .text.StartI2C
                0x2000b918       0xa8 ./src/InitSystem.o
                0x2000b918                StartI2C
 .text.StartSPI
                0x2000b9c0       0x74 ./src/InitSystem.o
                0x2000b9c0                StartSPI
 .text.StartTIME
                0x2000ba34       0xc0 ./src/InitSystem.o
                0x2000ba34                StartTIME
 .text.DeploySystem
                0x2000baf4       0xe8 ./src/InitSystem.o
                0x2000baf4                DeploySystem
 .text.InitSubsystems
                0x2000bbdc      0x130 ./src/InitSystem.o
                0x2000bbdc                InitSubsystems
 .text.delete_allTMFilesFromSD
                0x2000bd0c       0xf8 ./src/TLM_management.o
                0x2000bd0c                delete_allTMFilesFromSD
 .text.getNumOfFilesInFS
                0x2000be04       0x44 ./src/TLM_management.o
 .text.setNumOfFilesInFS
                0x2000be48       0x50 ./src/TLM_management.o
 .text.InitializeFS
                0x2000be98      0x1c0 ./src/TLM_management.o
                0x2000be98                InitializeFS
 .text.c_fileCreate
                0x2000c058       0xf4 ./src/TLM_management.o
                0x2000c058                c_fileCreate
 .text.writewithEpochtime
                0x2000c14c       0x8c ./src/TLM_management.o
 .text.get_C_FILE_struct
                0x2000c1d8       0xf4 ./src/TLM_management.o
 .text.getFileIndex
                0x2000c2cc       0x40 ./src/TLM_management.o
 .text.get_file_name_by_index
                0x2000c30c       0x44 ./src/TLM_management.o
                0x2000c30c                get_file_name_by_index
 .text.c_fileWrite
                0x2000c350       0xfc ./src/TLM_management.o
                0x2000c350                c_fileWrite
 .text.c_fileRead
                0x2000c44c      0x2a0 ./src/TLM_management.o
                0x2000c44c                c_fileRead
 .text.c_fileGetNumOfElements
                0x2000c6ec      0x244 ./src/TLM_management.o
                0x2000c6ec                c_fileGetNumOfElements
 .text.DeInitializeFS
                0x2000c930       0xd0 ./src/TLM_management.o
                0x2000c930                DeInitializeFS
 .text.main     0x2000ca00       0xac ./src/main.o
                0x2000ca00                main
 .text.validateTransferParameters
                0x2000caac      0x10c C:/ISIS/workspace/GivatShmuel/Base-Aug-2019/GlobusSatProject/..//hal/hal/lib\libHALD.a(I2C.o)
 .text.I2C_queueTransfer
                0x2000cbb8       0xe8 C:/ISIS/workspace/GivatShmuel/Base-Aug-2019/GlobusSatProject/..//hal/hal/lib\libHALD.a(I2C.o)
                0x2000cbb8                I2C_queueTransfer
 .text.I2C_internalCallback
                0x2000cca0       0x64 C:/ISIS/workspace/GivatShmuel/Base-Aug-2019/GlobusSatProject/..//hal/hal/lib\libHALD.a(I2C.o)
 .text.I2C_doBlockingTransfer
                0x2000cd04      0x160 C:/ISIS/workspace/GivatShmuel/Base-Aug-2019/GlobusSatProject/..//hal/hal/lib\libHALD.a(I2C.o)
 .text.I2C_writeRead
                0x2000ce64      0x180 C:/ISIS/workspace/GivatShmuel/Base-Aug-2019/GlobusSatProject/..//hal/hal/lib\libHALD.a(I2C.o)
                0x2000ce64                I2C_writeRead
 .text.I2C_start
                0x2000cfe4      0x2e8 C:/ISIS/workspace/GivatShmuel/Base-Aug-2019/GlobusSatProject/..//hal/hal/lib\libHALD.a(I2C.o)
                0x2000cfe4                I2C_start
 .text.I2C_stop
                0x2000d2cc      0x184 C:/ISIS/workspace/GivatShmuel/Base-Aug-2019/GlobusSatProject/..//hal/hal/lib\libHALD.a(I2C.o)
                0x2000d2cc                I2C_stop
 .text.I2C_setTransferTimeout
                0x2000d450       0x48 C:/ISIS/workspace/GivatShmuel/Base-Aug-2019/GlobusSatProject/..//hal/hal/lib\libHALD.a(I2C.o)
                0x2000d450                I2C_setTransferTimeout
 .text.clearPDCtransfers
                0x2000d498       0xdc C:/ISIS/workspace/GivatShmuel/Base-Aug-2019/GlobusSatProject/..//hal/hal/lib\libHALD.a(SPI.o)
 .text.SPI_start
                0x2000d574      0x4c0 C:/ISIS/workspace/GivatShmuel/Base-Aug-2019/GlobusSatProject/..//hal/hal/lib\libHALD.a(SPI.o)
                0x2000d574                SPI_start
 .text.SPI_stop
                0x2000da34      0x22c C:/ISIS/workspace/GivatShmuel/Base-Aug-2019/GlobusSatProject/..//hal/hal/lib\libHALD.a(SPI.o)
                0x2000da34                SPI_stop
 .text.SPI_queueTransfer
                0x2000dc60      0x190 C:/ISIS/workspace/GivatShmuel/Base-Aug-2019/GlobusSatProject/..//hal/hal/lib\libHALD.a(SPI.o)
                0x2000dc60                SPI_queueTransfer
 .text.SPI_internalCallback
                0x2000ddf0       0x64 C:/ISIS/workspace/GivatShmuel/Base-Aug-2019/GlobusSatProject/..//hal/hal/lib\libHALD.a(SPI.o)
 .text.SPI_writeRead
                0x2000de54      0x188 C:/ISIS/workspace/GivatShmuel/Base-Aug-2019/GlobusSatProject/..//hal/hal/lib\libHALD.a(SPI.o)
                0x2000de54                SPI_writeRead
 .text.waitForTransfer
                0x2000dfdc       0x68 C:/ISIS/workspace/GivatShmuel/Base-Aug-2019/GlobusSatProject/..//hal/hal/lib\libHALD.a(SPI.o)
 .text.SPI_getDriverState
                0x2000e044       0x58 C:/ISIS/workspace/GivatShmuel/Base-Aug-2019/GlobusSatProject/..//hal/hal/lib\libHALD.a(SPI.o)
                0x2000e044                SPI_getDriverState
 .text.FRAM_start
                0x2000e09c       0xf4 C:/ISIS/workspace/GivatShmuel/Base-Aug-2019/GlobusSatProject/..//hal/hal/lib\libHALD.a(FRAM.o)
                0x2000e09c                FRAM_start
 .text.FRAM_dummyCallback
                0x2000e190       0x24 C:/ISIS/workspace/GivatShmuel/Base-Aug-2019/GlobusSatProject/..//hal/hal/lib\libHALD.a(FRAM.o)
                0x2000e190                FRAM_dummyCallback
 .text.FRAM_unlockingCallback
                0x2000e1b4       0x78 C:/ISIS/workspace/GivatShmuel/Base-Aug-2019/GlobusSatProject/..//hal/hal/lib\libHALD.a(FRAM.o)
                0x2000e1b4                FRAM_unlockingCallback
 .text.doBlockingTransfer
                0x2000e22c       0x88 C:/ISIS/workspace/GivatShmuel/Base-Aug-2019/GlobusSatProject/..//hal/hal/lib\libHALD.a(FRAM.o)
 .text.FRAM_writePacket
                0x2000e2b4      0x148 C:/ISIS/workspace/GivatShmuel/Base-Aug-2019/GlobusSatProject/..//hal/hal/lib\libHALD.a(FRAM.o)
 .text.FRAM_write
                0x2000e3fc      0x1c8 C:/ISIS/workspace/GivatShmuel/Base-Aug-2019/GlobusSatProject/..//hal/hal/lib\libHALD.a(FRAM.o)
                0x2000e3fc                FRAM_write
 .text.FRAM_readPacket
                0x2000e5c4      0x114 C:/ISIS/workspace/GivatShmuel/Base-Aug-2019/GlobusSatProject/..//hal/hal/lib\libHALD.a(FRAM.o)
 .text.FRAM_read
                0x2000e6d8      0x1d4 C:/ISIS/workspace/GivatShmuel/Base-Aug-2019/GlobusSatProject/..//hal/hal/lib\libHALD.a(FRAM.o)
                0x2000e6d8                FRAM_read
 .text.Time_start
                0x2000e8ac      0x150 C:/ISIS/workspace/GivatShmuel/Base-Aug-2019/GlobusSatProject/..//hal/hal/lib\libHALD.a(Time.o)
                0x2000e8ac                Time_start
 .text.taskTimeSync
                0x2000e9fc       0x38 C:/ISIS/workspace/GivatShmuel/Base-Aug-2019/GlobusSatProject/..//hal/hal/lib\libHALD.a(Time.o)
 .text.Time_set
                0x2000ea34      0x278 C:/ISIS/workspace/GivatShmuel/Base-Aug-2019/GlobusSatProject/..//hal/hal/lib\libHALD.a(Time.o)
                0x2000ea34                Time_set
 .text.Time_isLeapYear
                0x2000ecac       0x98 C:/ISIS/workspace/GivatShmuel/Base-Aug-2019/GlobusSatProject/..//hal/hal/lib\libHALD.a(Time.o)
                0x2000ecac                Time_isLeapYear
 .text.Time_get
                0x2000ed44      0x410 C:/ISIS/workspace/GivatShmuel/Base-Aug-2019/GlobusSatProject/..//hal/hal/lib\libHALD.a(Time.o)
                0x2000ed44                Time_get
 .text.Time_getUnixEpoch
                0x2000f154       0xf4 C:/ISIS/workspace/GivatShmuel/Base-Aug-2019/GlobusSatProject/..//hal/hal/lib\libHALD.a(Time.o)
                0x2000f154                Time_getUnixEpoch
 .text.secondsOfYearToTime
                0x2000f248      0x328 C:/ISIS/workspace/GivatShmuel/Base-Aug-2019/GlobusSatProject/..//hal/hal/lib\libHALD.a(Time.o)
 .text.Time_setUnixEpoch
                0x2000f570      0x100 C:/ISIS/workspace/GivatShmuel/Base-Aug-2019/GlobusSatProject/..//hal/hal/lib\libHALD.a(Time.o)
                0x2000f570                Time_setUnixEpoch
 .text.Time_sync
                0x2000f670      0x2b8 C:/ISIS/workspace/GivatShmuel/Base-Aug-2019/GlobusSatProject/..//hal/hal/lib\libHALD.a(Time.o)
                0x2000f670                Time_sync
 .text.Time_syncIfNeeded
                0x2000f928       0x70 C:/ISIS/workspace/GivatShmuel/Base-Aug-2019/GlobusSatProject/..//hal/hal/lib\libHALD.a(Time.o)
                0x2000f928                Time_syncIfNeeded
 .text.Time_setSyncInterval
                0x2000f998       0x38 C:/ISIS/workspace/GivatShmuel/Base-Aug-2019/GlobusSatProject/..//hal/hal/lib\libHALD.a(Time.o)
                0x2000f998                Time_setSyncInterval
 .text.WDT_start
                0x2000f9d0       0x48 C:/ISIS/workspace/GivatShmuel/Base-Aug-2019/GlobusSatProject/..//hal/hal/lib\libHALD.a(WatchDogTimerNoOS.o)
                0x2000f9d0                WDT_start
 .text.WDT_startWatchdogKickTask
                0x2000fa18       0xb4 C:/ISIS/workspace/GivatShmuel/Base-Aug-2019/GlobusSatProject/..//hal/hal/lib\libHALD.a(WatchDogTimerOS.o)
                0x2000fa18                WDT_startWatchdogKickTask
 .text.WDT_forceKickEveryNms
                0x2000facc       0x50 C:/ISIS/workspace/GivatShmuel/Base-Aug-2019/GlobusSatProject/..//hal/hal/lib\libHALD.a(WatchDogTimerOS.o)
                0x2000facc                WDT_forceKickEveryNms
 .text.LED_glow
                0x2000fb1c       0x58 C:/ISIS/workspace/GivatShmuel/Base-Aug-2019/GlobusSatProject/..//hal/hal/lib\libHALD.a(LED.o)
                0x2000fb1c                LED_glow
 .text.LED_dark
                0x2000fb74       0x58 C:/ISIS/workspace/GivatShmuel/Base-Aug-2019/GlobusSatProject/..//hal/hal/lib\libHALD.a(LED.o)
                0x2000fb74                LED_dark
 .text.LED_toggle
                0x2000fbcc       0x50 C:/ISIS/workspace/GivatShmuel/Base-Aug-2019/GlobusSatProject/..//hal/hal/lib\libHALD.a(LED.o)
                0x2000fbcc                LED_toggle
 .text.RTC_start
                0x2000fc1c       0x3c C:/ISIS/workspace/GivatShmuel/Base-Aug-2019/GlobusSatProject/..//hal/hal/lib\libHALD.a(RTC.o)
                0x2000fc1c                RTC_start
 .text.RTC_setTime
                0x2000fc58      0x2a4 C:/ISIS/workspace/GivatShmuel/Base-Aug-2019/GlobusSatProject/..//hal/hal/lib\libHALD.a(RTC.o)
                0x2000fc58                RTC_setTime
 .text.RTC_getTime
                0x2000fefc      0x224 C:/ISIS/workspace/GivatShmuel/Base-Aug-2019/GlobusSatProject/..//hal/hal/lib\libHALD.a(RTC.o)
                0x2000fefc                RTC_getTime
 .text.RTC_checkTimeValid
                0x20010120       0xdc C:/ISIS/workspace/GivatShmuel/Base-Aug-2019/GlobusSatProject/..//hal/hal/lib\libHALD.a(RTC.o)
                0x20010120                RTC_checkTimeValid
 .text.RTT_start
                0x200101fc       0x24 C:/ISIS/workspace/GivatShmuel/Base-Aug-2019/GlobusSatProject/..//hal/hal/lib\libHALD.a(RTT.o)
                0x200101fc                RTT_start
 .text.fn_init  0x20010220      0x2e0 C:/ISIS/workspace/GivatShmuel/Base-Aug-2019/GlobusSatProject/..//hal/hcc/lib\libHCCD.a(fat_common.o)
                0x20010220                fn_init
 .text.fsn_delete
                0x20010500       0xc8 C:/ISIS/workspace/GivatShmuel/Base-Aug-2019/GlobusSatProject/..//hal/hcc/lib\libHCCD.a(fat_common.o)
                0x20010500                fsn_delete
 .text._f_get16bitl
                0x200105c8       0x4c C:/ISIS/workspace/GivatShmuel/Base-Aug-2019/GlobusSatProject/..//hal/hcc/lib\libHCCD.a(fat_common.o)
                0x200105c8                _f_get16bitl
 .text._f_set16bitl
                0x20010614       0x54 C:/ISIS/workspace/GivatShmuel/Base-Aug-2019/GlobusSatProject/..//hal/hcc/lib\libHCCD.a(fat_common.o)
                0x20010614                _f_set16bitl
 .text._f_get32bitl
                0x20010668       0x68 C:/ISIS/workspace/GivatShmuel/Base-Aug-2019/GlobusSatProject/..//hal/hcc/lib\libHCCD.a(fat_common.o)
                0x20010668                _f_get32bitl
 .text._f_set32bitl
                0x200106d0       0x78 C:/ISIS/workspace/GivatShmuel/Base-Aug-2019/GlobusSatProject/..//hal/hcc/lib\libHCCD.a(fat_common.o)
                0x200106d0                _f_set32bitl
 .text._get8bit
                0x20010748       0xa0 C:/ISIS/workspace/GivatShmuel/Base-Aug-2019/GlobusSatProject/..//hal/hcc/lib\libHCCD.a(fat_common.o)
 .text._get16bitl
                0x200107e8       0x40 C:/ISIS/workspace/GivatShmuel/Base-Aug-2019/GlobusSatProject/..//hal/hcc/lib\libHCCD.a(fat_common.o)
 .text._get32bitl
                0x20010828       0x3c C:/ISIS/workspace/GivatShmuel/Base-Aug-2019/GlobusSatProject/..//hal/hcc/lib\libHCCD.a(fat_common.o)
 .text._f_setcardremoved
                0x20010864       0x94 C:/ISIS/workspace/GivatShmuel/Base-Aug-2019/GlobusSatProject/..//hal/hcc/lib\libHCCD.a(fat_common.o)
 .text._f_checkstatus
                0x200108f8      0x104 C:/ISIS/workspace/GivatShmuel/Base-Aug-2019/GlobusSatProject/..//hal/hcc/lib\libHCCD.a(fat_common.o)
                0x200108f8                _f_checkstatus
 .text._f_drvgetphy
                0x200109fc      0x114 C:/ISIS/workspace/GivatShmuel/Base-Aug-2019/GlobusSatProject/..//hal/hcc/lib\libHCCD.a(fat_common.o)
 .text._f_drvwritesector
                0x20010b10       0xdc C:/ISIS/workspace/GivatShmuel/Base-Aug-2019/GlobusSatProject/..//hal/hcc/lib\libHCCD.a(fat_common.o)
 .text._f_drvreadsector
                0x20010bec       0xa8 C:/ISIS/workspace/GivatShmuel/Base-Aug-2019/GlobusSatProject/..//hal/hcc/lib\libHCCD.a(fat_common.o)
 .text._f_writesector
                0x20010c94      0x23c C:/ISIS/workspace/GivatShmuel/Base-Aug-2019/GlobusSatProject/..//hal/hcc/lib\libHCCD.a(fat_common.o)
                0x20010c94                _f_writesector
 .text._f_readsector
                0x20010ed0      0x1dc C:/ISIS/workspace/GivatShmuel/Base-Aug-2019/GlobusSatProject/..//hal/hcc/lib\libHCCD.a(fat_common.o)
                0x20010ed0                _f_readsector
 .text._f_getmaxcluster
                0x200110ac       0x94 C:/ISIS/workspace/GivatShmuel/Base-Aug-2019/GlobusSatProject/..//hal/hcc/lib\libHCCD.a(fat_common.o)
                0x200110ac                _f_getmaxcluster
 .text._getsectorfromcluster
                0x20011140       0x68 C:/ISIS/workspace/GivatShmuel/Base-Aug-2019/GlobusSatProject/..//hal/hcc/lib\libHCCD.a(fat_common.o)
 .text._f_buildsectors
                0x200111a8      0x268 C:/ISIS/workspace/GivatShmuel/Base-Aug-2019/GlobusSatProject/..//hal/hcc/lib\libHCCD.a(fat_common.o)
 .text._f_getbootrecord
                0x20011410      0x5e4 C:/ISIS/workspace/GivatShmuel/Base-Aug-2019/GlobusSatProject/..//hal/hcc/lib\libHCCD.a(fat_common.o)
 .text._f_readbootrecord
                0x200119f4      0x4f8 C:/ISIS/workspace/GivatShmuel/Base-Aug-2019/GlobusSatProject/..//hal/hcc/lib\libHCCD.a(fat_common.o)
 .text._f_flushcffiles
                0x20011eec      0x17c C:/ISIS/workspace/GivatShmuel/Base-Aug-2019/GlobusSatProject/..//hal/hcc/lib\libHCCD.a(fat_common.o)
                0x20011eec                _f_flushcffiles
 .text._f_fatcache_flush
                0x20012068      0x270 C:/ISIS/workspace/GivatShmuel/Base-Aug-2019/GlobusSatProject/..//hal/hcc/lib\libHCCD.a(fat_common.o)
                0x20012068                _f_fatcache_flush
 .text._f_writefatsector
                0x200122d8      0x100 C:/ISIS/workspace/GivatShmuel/Base-Aug-2019/GlobusSatProject/..//hal/hcc/lib\libHCCD.a(fat_common.o)
                0x200122d8                _f_writefatsector
 .text._f_getfatsector
                0x200123d8      0x3bc C:/ISIS/workspace/GivatShmuel/Base-Aug-2019/GlobusSatProject/..//hal/hcc/lib\libHCCD.a(fat_common.o)
 .text._f_setclustervalue
                0x20012794      0x490 C:/ISIS/workspace/GivatShmuel/Base-Aug-2019/GlobusSatProject/..//hal/hcc/lib\libHCCD.a(fat_common.o)
                0x20012794                _f_setclustervalue
 .text._f_getclustervalue
                0x20012c24      0x388 C:/ISIS/workspace/GivatShmuel/Base-Aug-2019/GlobusSatProject/..//hal/hcc/lib\libHCCD.a(fat_common.o)
                0x20012c24                _f_getclustervalue
 .text._f_close_drive_files
                0x20012fac       0xac C:/ISIS/workspace/GivatShmuel/Base-Aug-2019/GlobusSatProject/..//hal/hcc/lib\libHCCD.a(fat_common.o)
 .text._f_inc_mount_count
                0x20013058       0xa4 C:/ISIS/workspace/GivatShmuel/Base-Aug-2019/GlobusSatProject/..//hal/hcc/lib\libHCCD.a(fat_common.o)
 .text._f_getvolume
                0x200130fc      0x2f8 C:/ISIS/workspace/GivatShmuel/Base-Aug-2019/GlobusSatProject/..//hal/hcc/lib\libHCCD.a(fat_common.o)
                0x200130fc                _f_getvolume
 .text.fn_createdriver
                0x200133f4      0x118 C:/ISIS/workspace/GivatShmuel/Base-Aug-2019/GlobusSatProject/..//hal/hcc/lib\libHCCD.a(fat_common.o)
                0x200133f4                fn_createdriver
 .text.fn_initvolume
                0x2001350c      0x12c C:/ISIS/workspace/GivatShmuel/Base-Aug-2019/GlobusSatProject/..//hal/hcc/lib\libHCCD.a(fat_common.o)
                0x2001350c                fn_initvolume
 .text.fn_releasedriver
                0x20013638       0xf4 C:/ISIS/workspace/GivatShmuel/Base-Aug-2019/GlobusSatProject/..//hal/hcc/lib\libHCCD.a(fat_common.o)
                0x20013638                fn_releasedriver
 .text.fn_initvolumepartition_sub
                0x2001372c       0xe0 C:/ISIS/workspace/GivatShmuel/Base-Aug-2019/GlobusSatProject/..//hal/hcc/lib\libHCCD.a(fat_common.o)
 .text.fn_initvolumepartition
                0x2001380c       0xac C:/ISIS/workspace/GivatShmuel/Base-Aug-2019/GlobusSatProject/..//hal/hcc/lib\libHCCD.a(fat_common.o)
                0x2001380c                fn_initvolumepartition
 .text.fn_delvolume
                0x200138b8      0x194 C:/ISIS/workspace/GivatShmuel/Base-Aug-2019/GlobusSatProject/..//hal/hcc/lib\libHCCD.a(fat_common.o)
                0x200138b8                fn_delvolume
 .text._f_clustertopos
                0x20013a4c       0xf8 C:/ISIS/workspace/GivatShmuel/Base-Aug-2019/GlobusSatProject/..//hal/hcc/lib\libHCCD.a(fat_common.o)
                0x20013a4c                _f_clustertopos
 .text._f_getcurrsector
                0x20013b44      0x6c8 C:/ISIS/workspace/GivatShmuel/Base-Aug-2019/GlobusSatProject/..//hal/hcc/lib\libHCCD.a(fat_common.o)
                0x20013b44                _f_getcurrsector
 .text._f_getdecluster
                0x2001420c       0x90 C:/ISIS/workspace/GivatShmuel/Base-Aug-2019/GlobusSatProject/..//hal/hcc/lib\libHCCD.a(fat_common.o)
                0x2001420c                _f_getdecluster
 .text._f_setdecluster
                0x2001429c       0x8c C:/ISIS/workspace/GivatShmuel/Base-Aug-2019/GlobusSatProject/..//hal/hcc/lib\libHCCD.a(fat_common.o)
                0x2001429c                _f_setdecluster
 .text.fn_getdrive
                0x20014328       0x30 C:/ISIS/workspace/GivatShmuel/Base-Aug-2019/GlobusSatProject/..//hal/hcc/lib\libHCCD.a(fat_common.o)
                0x20014328                fn_getdrive
 .text._f_getcurrenttimedate
                0x20014358      0x138 C:/ISIS/workspace/GivatShmuel/Base-Aug-2019/GlobusSatProject/..//hal/hcc/lib\libHCCD.a(fat_common.o)
                0x20014358                _f_getcurrenttimedate
 .text._f_initentry
                0x20014490       0xa0 C:/ISIS/workspace/GivatShmuel/Base-Aug-2019/GlobusSatProject/..//hal/hcc/lib\libHCCD.a(fat_common.o)
                0x20014490                _f_initentry
 .text._f_alloccluster
                0x20014530      0x344 C:/ISIS/workspace/GivatShmuel/Base-Aug-2019/GlobusSatProject/..//hal/hcc/lib\libHCCD.a(fat_common.o)
                0x20014530                _f_alloccluster
 .text._f_dobadblock
                0x20014874      0x2cc C:/ISIS/workspace/GivatShmuel/Base-Aug-2019/GlobusSatProject/..//hal/hcc/lib\libHCCD.a(fat_common.o)
                0x20014874                _f_dobadblock
 .text._f_checklocked
                0x20014b40       0xe4 C:/ISIS/workspace/GivatShmuel/Base-Aug-2019/GlobusSatProject/..//hal/hcc/lib\libHCCD.a(fat_common.o)
                0x20014b40                _f_checklocked
 .text._f_checkappendlocked
                0x20014c24      0x110 C:/ISIS/workspace/GivatShmuel/Base-Aug-2019/GlobusSatProject/..//hal/hcc/lib\libHCCD.a(fat_common.o)
                0x20014c24                _f_checkappendlocked
 .text._f_setsyncafile
                0x20014d34      0x114 C:/ISIS/workspace/GivatShmuel/Base-Aug-2019/GlobusSatProject/..//hal/hcc/lib\libHCCD.a(fat_common.o)
                0x20014d34                _f_setsyncafile
 .text._f_syncfiles
                0x20014e48      0x128 C:/ISIS/workspace/GivatShmuel/Base-Aug-2019/GlobusSatProject/..//hal/hcc/lib\libHCCD.a(fat_common.o)
                0x20014e48                _f_syncfiles
 .text._f_syncfilescontent
                0x20014f70      0x15c C:/ISIS/workspace/GivatShmuel/Base-Aug-2019/GlobusSatProject/..//hal/hcc/lib\libHCCD.a(fat_common.o)
 .text.fn_getfreespace
                0x200150cc      0x4c0 C:/ISIS/workspace/GivatShmuel/Base-Aug-2019/GlobusSatProject/..//hal/hcc/lib\libHCCD.a(fat_common.o)
                0x200150cc                fn_getfreespace
 .text._f_emptywritecache
                0x2001558c      0x4a4 C:/ISIS/workspace/GivatShmuel/Base-Aug-2019/GlobusSatProject/..//hal/hcc/lib\libHCCD.a(fat_common.o)
 .text._f_allocnextcluster
                0x20015a30      0x54c C:/ISIS/workspace/GivatShmuel/Base-Aug-2019/GlobusSatProject/..//hal/hcc/lib\libHCCD.a(fat_common.o)
 .text._f_emptywritebuffer
                0x20015f7c      0x20c C:/ISIS/workspace/GivatShmuel/Base-Aug-2019/GlobusSatProject/..//hal/hcc/lib\libHCCD.a(fat_common.o)
 .text._f_writezeros
                0x20016188       0xf0 C:/ISIS/workspace/GivatShmuel/Base-Aug-2019/GlobusSatProject/..//hal/hcc/lib\libHCCD.a(fat_common.o)
                0x20016188                _f_writezeros
 .text._f_extend_file
                0x20016278      0x570 C:/ISIS/workspace/GivatShmuel/Base-Aug-2019/GlobusSatProject/..//hal/hcc/lib\libHCCD.a(fat_common.o)
 .text._f_fseek
                0x200167e8      0x9bc C:/ISIS/workspace/GivatShmuel/Base-Aug-2019/GlobusSatProject/..//hal/hcc/lib\libHCCD.a(fat_common.o)
                0x200167e8                _f_fseek
 .text._f_removechain
                0x200171a4      0x104 C:/ISIS/workspace/GivatShmuel/Base-Aug-2019/GlobusSatProject/..//hal/hcc/lib\libHCCD.a(fat_common.o)
                0x200171a4                _f_removechain
 .text._f_updatefileentry
                0x200172a8      0x1cc C:/ISIS/workspace/GivatShmuel/Base-Aug-2019/GlobusSatProject/..//hal/hcc/lib\libHCCD.a(fat_common.o)
 .text._f_checkreadlocked
                0x20017474      0x1bc C:/ISIS/workspace/GivatShmuel/Base-Aug-2019/GlobusSatProject/..//hal/hcc/lib\libHCCD.a(fat_common.o)
                0x20017474                _f_checkreadlocked
 .text._f_check_handle
                0x20017630       0x98 C:/ISIS/workspace/GivatShmuel/Base-Aug-2019/GlobusSatProject/..//hal/hcc/lib\libHCCD.a(fat_common.o)
                0x20017630                _f_check_handle
 .text._f_removesyncafile
                0x200176c8      0x1ec C:/ISIS/workspace/GivatShmuel/Base-Aug-2019/GlobusSatProject/..//hal/hcc/lib\libHCCD.a(fat_common.o)
 .text.fn_close
                0x200178b4      0x3f8 C:/ISIS/workspace/GivatShmuel/Base-Aug-2019/GlobusSatProject/..//hal/hcc/lib\libHCCD.a(fat_common.o)
                0x200178b4                fn_close
 .text.fn_flush
                0x20017cac      0x374 C:/ISIS/workspace/GivatShmuel/Base-Aug-2019/GlobusSatProject/..//hal/hcc/lib\libHCCD.a(fat_common.o)
                0x20017cac                fn_flush
 .text.fn_read  0x20018020      0x690 C:/ISIS/workspace/GivatShmuel/Base-Aug-2019/GlobusSatProject/..//hal/hcc/lib\libHCCD.a(fat_common.o)
                0x20018020                fn_read
 .text._f_abortwrite
                0x200186b0      0x100 C:/ISIS/workspace/GivatShmuel/Base-Aug-2019/GlobusSatProject/..//hal/hcc/lib\libHCCD.a(fat_common.o)
 .text._f_checkwritecluster
                0x200187b0       0xe4 C:/ISIS/workspace/GivatShmuel/Base-Aug-2019/GlobusSatProject/..//hal/hcc/lib\libHCCD.a(fat_common.o)
 .text.fn_write
                0x20018894      0x8a8 C:/ISIS/workspace/GivatShmuel/Base-Aug-2019/GlobusSatProject/..//hal/hcc/lib\libHCCD.a(fat_common.o)
                0x20018894                fn_write
 .text.fn_seek  0x2001913c      0x270 C:/ISIS/workspace/GivatShmuel/Base-Aug-2019/GlobusSatProject/..//hal/hcc/lib\libHCCD.a(fat_common.o)
                0x2001913c                fn_seek
 .text.f_enterFS
                0x200193ac      0x1c0 C:/ISIS/workspace/GivatShmuel/Base-Aug-2019/GlobusSatProject/..//hal/hcc/lib\libHCCD.a(fat_common.o)
                0x200193ac                f_enterFS
 .text.f_releaseFS
                0x2001956c       0xb0 C:/ISIS/workspace/GivatShmuel/Base-Aug-2019/GlobusSatProject/..//hal/hcc/lib\libHCCD.a(fat_common.o)
                0x2001956c                f_releaseFS
 .text.fnGetTask
                0x2001961c       0xfc C:/ISIS/workspace/GivatShmuel/Base-Aug-2019/GlobusSatProject/..//hal/hcc/lib\libHCCD.a(fat_common.o)
                0x2001961c                fnGetTask
 .text._f_mutex_get
                0x20019718       0x98 C:/ISIS/workspace/GivatShmuel/Base-Aug-2019/GlobusSatProject/..//hal/hcc/lib\libHCCD.a(fat_common.o)
                0x20019718                _f_mutex_get
 .text._f_mutex_put
                0x200197b0       0x54 C:/ISIS/workspace/GivatShmuel/Base-Aug-2019/GlobusSatProject/..//hal/hcc/lib\libHCCD.a(fat_common.o)
                0x200197b0                _f_mutex_put
 .text._fn_initseekdivisor
                0x20019804      0x158 C:/ISIS/workspace/GivatShmuel/Base-Aug-2019/GlobusSatProject/..//hal/hcc/lib\libHCCD.a(fat_common.o)
                0x20019804                _fn_initseekdivisor
 .text._fn_updateseekpos
                0x2001995c       0xc4 C:/ISIS/workspace/GivatShmuel/Base-Aug-2019/GlobusSatProject/..//hal/hcc/lib\libHCCD.a(fat_common.o)
 .text._f_findopensize
                0x20019a20       0x2c C:/ISIS/workspace/GivatShmuel/Base-Aug-2019/GlobusSatProject/..//hal/hcc/lib\libHCCD.a(fat_common.o)
                0x20019a20                _f_findopensize
 .text.fn_setlasterror
                0x20019a4c       0x34 C:/ISIS/workspace/GivatShmuel/Base-Aug-2019/GlobusSatProject/..//hal/hcc/lib\libHCCD.a(fat_common.o)
                0x20019a4c                fn_setlasterror
 .text.fn_setlasterror_noret
                0x20019a80       0x2c C:/ISIS/workspace/GivatShmuel/Base-Aug-2019/GlobusSatProject/..//hal/hcc/lib\libHCCD.a(fat_common.o)
                0x20019a80                fn_setlasterror_noret
 .text.fm_initvolume
                0x20019aac       0x70 C:/ISIS/workspace/GivatShmuel/Base-Aug-2019/GlobusSatProject/..//hal/hcc/lib\libHCCD.a(fat_m.o)
                0x20019aac                fm_initvolume
 .text.fm_delvolume
                0x20019b1c       0x60 C:/ISIS/workspace/GivatShmuel/Base-Aug-2019/GlobusSatProject/..//hal/hcc/lib\libHCCD.a(fat_m.o)
                0x20019b1c                fm_delvolume
 .text.fm_getdrive
                0x20019b7c       0x70 C:/ISIS/workspace/GivatShmuel/Base-Aug-2019/GlobusSatProject/..//hal/hcc/lib\libHCCD.a(fat_m.o)
                0x20019b7c                fm_getdrive
 .text.fm_getfreespace
                0x20019bec       0x68 C:/ISIS/workspace/GivatShmuel/Base-Aug-2019/GlobusSatProject/..//hal/hcc/lib\libHCCD.a(fat_m.o)
                0x20019bec                fm_getfreespace
 .text.fm_findfirst
                0x20019c54       0x68 C:/ISIS/workspace/GivatShmuel/Base-Aug-2019/GlobusSatProject/..//hal/hcc/lib\libHCCD.a(fat_m.o)
                0x20019c54                fm_findfirst
 .text.fm_findnext
                0x20019cbc       0x60 C:/ISIS/workspace/GivatShmuel/Base-Aug-2019/GlobusSatProject/..//hal/hcc/lib\libHCCD.a(fat_m.o)
                0x20019cbc                fm_findnext
 .text.fm_filelength
                0x20019d1c       0x60 C:/ISIS/workspace/GivatShmuel/Base-Aug-2019/GlobusSatProject/..//hal/hcc/lib\libHCCD.a(fat_m.o)
                0x20019d1c                fm_filelength
 .text.fm_close
                0x20019d7c       0x60 C:/ISIS/workspace/GivatShmuel/Base-Aug-2019/GlobusSatProject/..//hal/hcc/lib\libHCCD.a(fat_m.o)
                0x20019d7c                fm_close
 .text.fm_flush
                0x20019ddc       0x60 C:/ISIS/workspace/GivatShmuel/Base-Aug-2019/GlobusSatProject/..//hal/hcc/lib\libHCCD.a(fat_m.o)
                0x20019ddc                fm_flush
 .text.fm_open  0x20019e3c       0x68 C:/ISIS/workspace/GivatShmuel/Base-Aug-2019/GlobusSatProject/..//hal/hcc/lib\libHCCD.a(fat_m.o)
                0x20019e3c                fm_open
 .text.fm_read  0x20019ea4       0x7c C:/ISIS/workspace/GivatShmuel/Base-Aug-2019/GlobusSatProject/..//hal/hcc/lib\libHCCD.a(fat_m.o)
                0x20019ea4                fm_read
 .text.fm_write
                0x20019f20       0x7c C:/ISIS/workspace/GivatShmuel/Base-Aug-2019/GlobusSatProject/..//hal/hcc/lib\libHCCD.a(fat_m.o)
                0x20019f20                fm_write
 .text.fm_seek  0x20019f9c       0x70 C:/ISIS/workspace/GivatShmuel/Base-Aug-2019/GlobusSatProject/..//hal/hcc/lib\libHCCD.a(fat_m.o)
                0x20019f9c                fm_seek
 .text.fm_delete
                0x2001a00c       0x64 C:/ISIS/workspace/GivatShmuel/Base-Aug-2019/GlobusSatProject/..//hal/hcc/lib\libHCCD.a(fat_m.o)
                0x2001a00c                fm_delete
 .text._s_checkzeroclusteratend
                0x2001a070       0xf8 C:/ISIS/workspace/GivatShmuel/Base-Aug-2019/GlobusSatProject/..//hal/hcc/lib\libHCCD.a(safefat.o)
 .text._s_clearclustercontent
                0x2001a168      0x108 C:/ISIS/workspace/GivatShmuel/Base-Aug-2019/GlobusSatProject/..//hal/hcc/lib\libHCCD.a(safefat.o)
 .text._s_clearclustercontentdir
                0x2001a270      0x19c C:/ISIS/workspace/GivatShmuel/Base-Aug-2019/GlobusSatProject/..//hal/hcc/lib\libHCCD.a(safefat.o)
 .text._s_writedirsector
                0x2001a40c       0xd0 C:/ISIS/workspace/GivatShmuel/Base-Aug-2019/GlobusSatProject/..//hal/hcc/lib\libHCCD.a(safefat.o)
 .text._s_getdirsector
                0x2001a4dc      0x100 C:/ISIS/workspace/GivatShmuel/Base-Aug-2019/GlobusSatProject/..//hal/hcc/lib\libHCCD.a(safefat.o)
 .text._s_addentry
                0x2001a5dc      0x394 C:/ISIS/workspace/GivatShmuel/Base-Aug-2019/GlobusSatProject/..//hal/hcc/lib\libHCCD.a(safefat.o)
 .text._s_findfile
                0x2001a970      0x33c C:/ISIS/workspace/GivatShmuel/Base-Aug-2019/GlobusSatProject/..//hal/hcc/lib\libHCCD.a(safefat.o)
 .text._s_findsubdir
                0x2001acac      0x248 C:/ISIS/workspace/GivatShmuel/Base-Aug-2019/GlobusSatProject/..//hal/hcc/lib\libHCCD.a(safefat.o)
 .text._s_createfile
                0x2001aef4      0x190 C:/ISIS/workspace/GivatShmuel/Base-Aug-2019/GlobusSatProject/..//hal/hcc/lib\libHCCD.a(safefat.o)
 .text._s_findsaffile
                0x2001b084      0x1b8 C:/ISIS/workspace/GivatShmuel/Base-Aug-2019/GlobusSatProject/..//hal/hcc/lib\libHCCD.a(safefat.o)
 .text._s_open  0x2001b23c       0xe4 C:/ISIS/workspace/GivatShmuel/Base-Aug-2019/GlobusSatProject/..//hal/hcc/lib\libHCCD.a(safefat.o)
 .text._s_open_saf
                0x2001b320       0xe8 C:/ISIS/workspace/GivatShmuel/Base-Aug-2019/GlobusSatProject/..//hal/hcc/lib\libHCCD.a(safefat.o)
 .text._s_flush
                0x2001b408       0x84 C:/ISIS/workspace/GivatShmuel/Base-Aug-2019/GlobusSatProject/..//hal/hcc/lib\libHCCD.a(safefat.o)
 .text._s_allocnextcluster
                0x2001b48c      0x13c C:/ISIS/workspace/GivatShmuel/Base-Aug-2019/GlobusSatProject/..//hal/hcc/lib\libHCCD.a(safefat.o)
 .text._s_getnextsector
                0x2001b5c8       0xdc C:/ISIS/workspace/GivatShmuel/Base-Aug-2019/GlobusSatProject/..//hal/hcc/lib\libHCCD.a(safefat.o)
 .text._s_seek  0x2001b6a4      0x1e8 C:/ISIS/workspace/GivatShmuel/Base-Aug-2019/GlobusSatProject/..//hal/hcc/lib\libHCCD.a(safefat.o)
 .text._s_get_len
                0x2001b88c      0x10c C:/ISIS/workspace/GivatShmuel/Base-Aug-2019/GlobusSatProject/..//hal/hcc/lib\libHCCD.a(safefat.o)
 .text._s_set_len
                0x2001b998       0xb4 C:/ISIS/workspace/GivatShmuel/Base-Aug-2019/GlobusSatProject/..//hal/hcc/lib\libHCCD.a(safefat.o)
 .text.safe_fix_filelengths
                0x2001ba4c       0xcc C:/ISIS/workspace/GivatShmuel/Base-Aug-2019/GlobusSatProject/..//hal/hcc/lib\libHCCD.a(safefat.o)
                0x2001ba4c                safe_fix_filelengths
 .text._s_read  0x2001bb18      0x228 C:/ISIS/workspace/GivatShmuel/Base-Aug-2019/GlobusSatProject/..//hal/hcc/lib\libHCCD.a(safefat.o)
 .text._s_write
                0x2001bd40      0x384 C:/ISIS/workspace/GivatShmuel/Base-Aug-2019/GlobusSatProject/..//hal/hcc/lib\libHCCD.a(safefat.o)
 .text._s_restoreclusters
                0x2001c0c4      0x270 C:/ISIS/workspace/GivatShmuel/Base-Aug-2019/GlobusSatProject/..//hal/hcc/lib\libHCCD.a(safefat.o)
                0x2001c0c4                _s_restoreclusters
 .text._s_findrestore
                0x2001c334      0x18c C:/ISIS/workspace/GivatShmuel/Base-Aug-2019/GlobusSatProject/..//hal/hcc/lib\libHCCD.a(safefat.o)
 .text._s_cmd_writede
                0x2001c4c0       0xd8 C:/ISIS/workspace/GivatShmuel/Base-Aug-2019/GlobusSatProject/..//hal/hcc/lib\libHCCD.a(safefat.o)
 .text._s_cmd_setcluster
                0x2001c598       0x88 C:/ISIS/workspace/GivatShmuel/Base-Aug-2019/GlobusSatProject/..//hal/hcc/lib\libHCCD.a(safefat.o)
 .text._s_cmd_deletechain
                0x2001c620      0x100 C:/ISIS/workspace/GivatShmuel/Base-Aug-2019/GlobusSatProject/..//hal/hcc/lib\libHCCD.a(safefat.o)
 .text._s_cmd_validatecfn
                0x2001c720      0x308 C:/ISIS/workspace/GivatShmuel/Base-Aug-2019/GlobusSatProject/..//hal/hcc/lib\libHCCD.a(safefat.o)
 .text._s_cmd_seteof
                0x2001ca28      0x3c4 C:/ISIS/workspace/GivatShmuel/Base-Aug-2019/GlobusSatProject/..//hal/hcc/lib\libHCCD.a(safefat.o)
 .text.safe_docommands
                0x2001cdec      0x56c C:/ISIS/workspace/GivatShmuel/Base-Aug-2019/GlobusSatProject/..//hal/hcc/lib\libHCCD.a(safefat.o)
                0x2001cdec                safe_docommands
 .text.safe_entercommand
                0x2001d358       0x68 C:/ISIS/workspace/GivatShmuel/Base-Aug-2019/GlobusSatProject/..//hal/hcc/lib\libHCCD.a(safefat.o)
                0x2001d358                safe_entercommand
 .text.safe_ready
                0x2001d3c0       0xf4 C:/ISIS/workspace/GivatShmuel/Base-Aug-2019/GlobusSatProject/..//hal/hcc/lib\libHCCD.a(safefat.o)
                0x2001d3c0                safe_ready
 .text.safe_copycfn
                0x2001d4b4       0xb8 C:/ISIS/workspace/GivatShmuel/Base-Aug-2019/GlobusSatProject/..//hal/hcc/lib\libHCCD.a(safefat.o)
                0x2001d4b4                safe_copycfn
 .text.safe_cfremove
                0x2001d56c       0xb8 C:/ISIS/workspace/GivatShmuel/Base-Aug-2019/GlobusSatProject/..//hal/hcc/lib\libHCCD.a(safefat.o)
                0x2001d56c                safe_cfremove
 .text.safe_writede
                0x2001d624      0x104 C:/ISIS/workspace/GivatShmuel/Base-Aug-2019/GlobusSatProject/..//hal/hcc/lib\libHCCD.a(safefat.o)
                0x2001d624                safe_writede
 .text.safe_setcluster
                0x2001d728       0xcc C:/ISIS/workspace/GivatShmuel/Base-Aug-2019/GlobusSatProject/..//hal/hcc/lib\libHCCD.a(safefat.o)
                0x2001d728                safe_setcluster
 .text.safe_deletechain
                0x2001d7f4      0x1c8 C:/ISIS/workspace/GivatShmuel/Base-Aug-2019/GlobusSatProject/..//hal/hcc/lib\libHCCD.a(safefat.o)
                0x2001d7f4                safe_deletechain
 .text.safe_cfclose
                0x2001d9bc      0x104 C:/ISIS/workspace/GivatShmuel/Base-Aug-2019/GlobusSatProject/..//hal/hcc/lib\libHCCD.a(safefat.o)
                0x2001d9bc                safe_cfclose
 .text.safe_cfflush
                0x2001dac0      0x124 C:/ISIS/workspace/GivatShmuel/Base-Aug-2019/GlobusSatProject/..//hal/hcc/lib\libHCCD.a(safefat.o)
                0x2001dac0                safe_cfflush
 .text.safe_reset
                0x2001dbe4       0x78 C:/ISIS/workspace/GivatShmuel/Base-Aug-2019/GlobusSatProject/..//hal/hcc/lib\libHCCD.a(safefat.o)
                0x2001dbe4                safe_reset
 .text.safe_loadcommands
                0x2001dc5c       0x78 C:/ISIS/workspace/GivatShmuel/Base-Aug-2019/GlobusSatProject/..//hal/hcc/lib\libHCCD.a(safefat.o)
                0x2001dc5c                safe_loadcommands
 .text.safe_poweron
                0x2001dcd4      0x1fc C:/ISIS/workspace/GivatShmuel/Base-Aug-2019/GlobusSatProject/..//hal/hcc/lib\libHCCD.a(safefat.o)
                0x2001dcd4                safe_poweron
 .text.cf_getname
                0x2001ded0       0xc0 C:/ISIS/workspace/GivatShmuel/Base-Aug-2019/GlobusSatProject/..//hal/hcc/lib\libHCCD.a(safefat.o)
 .text.cf_copyclusterchain
                0x2001df90      0x138 C:/ISIS/workspace/GivatShmuel/Base-Aug-2019/GlobusSatProject/..//hal/hcc/lib\libHCCD.a(safefat.o)
 .text.cf_seektozero
                0x2001e0c8       0x94 C:/ISIS/workspace/GivatShmuel/Base-Aug-2019/GlobusSatProject/..//hal/hcc/lib\libHCCD.a(safefat.o)
                0x2001e0c8                cf_seektozero
 .text.cf_create
                0x2001e15c      0x3a8 C:/ISIS/workspace/GivatShmuel/Base-Aug-2019/GlobusSatProject/..//hal/hcc/lib\libHCCD.a(safefat.o)
                0x2001e15c                cf_create
 .text.cf_copyclustercontent
                0x2001e504      0x128 C:/ISIS/workspace/GivatShmuel/Base-Aug-2019/GlobusSatProject/..//hal/hcc/lib\libHCCD.a(safefat.o)
                0x2001e504                cf_copyclustercontent
 .text.cf_copycfn
                0x2001e62c      0x4bc C:/ISIS/workspace/GivatShmuel/Base-Aug-2019/GlobusSatProject/..//hal/hcc/lib\libHCCD.a(safefat.o)
                0x2001e62c                cf_copycfn
 .text.cf_remove
                0x2001eae8      0x344 C:/ISIS/workspace/GivatShmuel/Base-Aug-2019/GlobusSatProject/..//hal/hcc/lib\libHCCD.a(safefat.o)
                0x2001eae8                cf_remove
 .text.cf_setclusternew
                0x2001ee2c       0xf0 C:/ISIS/workspace/GivatShmuel/Base-Aug-2019/GlobusSatProject/..//hal/hcc/lib\libHCCD.a(safefat.o)
                0x2001ee2c                cf_setclusternew
 .text.cf_flush
                0x2001ef1c       0x58 C:/ISIS/workspace/GivatShmuel/Base-Aug-2019/GlobusSatProject/..//hal/hcc/lib\libHCCD.a(safefat.o)
                0x2001ef1c                cf_flush
 .text.cf_getcluster
                0x2001ef74      0x1b4 C:/ISIS/workspace/GivatShmuel/Base-Aug-2019/GlobusSatProject/..//hal/hcc/lib\libHCCD.a(safefat.o)
                0x2001ef74                cf_getcluster
 .text.cf_setnextcluster
                0x2001f128      0x194 C:/ISIS/workspace/GivatShmuel/Base-Aug-2019/GlobusSatProject/..//hal/hcc/lib\libHCCD.a(safefat.o)
                0x2001f128                cf_setnextcluster
 .text.cf_getpositions
                0x2001f2bc       0xbc C:/ISIS/workspace/GivatShmuel/Base-Aug-2019/GlobusSatProject/..//hal/hcc/lib\libHCCD.a(safefat.o)
                0x2001f2bc                cf_getpositions
 .text.cf_setpositions
                0x2001f378       0xb0 C:/ISIS/workspace/GivatShmuel/Base-Aug-2019/GlobusSatProject/..//hal/hcc/lib\libHCCD.a(safefat.o)
                0x2001f378                cf_setpositions
 .text.cf_opensyncafile
                0x2001f428      0x150 C:/ISIS/workspace/GivatShmuel/Base-Aug-2019/GlobusSatProject/..//hal/hcc/lib\libHCCD.a(safefat.o)
                0x2001f428                cf_opensyncafile
 .text.cf_reloadcfo
                0x2001f578       0xd8 C:/ISIS/workspace/GivatShmuel/Base-Aug-2019/GlobusSatProject/..//hal/hcc/lib\libHCCD.a(safefat.o)
                0x2001f578                cf_reloadcfo
 .text.mcipdc_cmd
                0x2001f650      0x22c C:/ISIS/workspace/GivatShmuel/Base-Aug-2019/GlobusSatProject/..//hal/hcc/lib\libHCCD.a(atmel_mcipdc.o)
 .text.mcipdc_stop
                0x2001f87c       0xfc C:/ISIS/workspace/GivatShmuel/Base-Aug-2019/GlobusSatProject/..//hal/hcc/lib\libHCCD.a(atmel_mcipdc.o)
                0x2001f87c                mcipdc_stop
 .text.mcipdc_read
                0x2001f978      0x27c C:/ISIS/workspace/GivatShmuel/Base-Aug-2019/GlobusSatProject/..//hal/hcc/lib\libHCCD.a(atmel_mcipdc.o)
 .text.mcipdc_write
                0x2001fbf4      0x298 C:/ISIS/workspace/GivatShmuel/Base-Aug-2019/GlobusSatProject/..//hal/hcc/lib\libHCCD.a(atmel_mcipdc.o)
 .text.mcipdc_readsector
                0x2001fe8c       0x9c C:/ISIS/workspace/GivatShmuel/Base-Aug-2019/GlobusSatProject/..//hal/hcc/lib\libHCCD.a(atmel_mcipdc.o)
                0x2001fe8c                mcipdc_readsector
 .text.mcipdc_readmultiplesector
                0x2001ff28      0x124 C:/ISIS/workspace/GivatShmuel/Base-Aug-2019/GlobusSatProject/..//hal/hcc/lib\libHCCD.a(atmel_mcipdc.o)
                0x2001ff28                mcipdc_readmultiplesector
 .text.mcipdc_writesector
                0x2002004c       0x90 C:/ISIS/workspace/GivatShmuel/Base-Aug-2019/GlobusSatProject/..//hal/hcc/lib\libHCCD.a(atmel_mcipdc.o)
                0x2002004c                mcipdc_writesector
 .text.mcipdc_writemultiplesector
                0x200200dc      0x120 C:/ISIS/workspace/GivatShmuel/Base-Aug-2019/GlobusSatProject/..//hal/hcc/lib\libHCCD.a(atmel_mcipdc.o)
                0x200200dc                mcipdc_writemultiplesector
 .text.mcipdc_set_speed
                0x200201fc       0xb0 C:/ISIS/workspace/GivatShmuel/Base-Aug-2019/GlobusSatProject/..//hal/hcc/lib\libHCCD.a(atmel_mcipdc.o)
 .text.mcipdc_get_speed
                0x200202ac       0x48 C:/ISIS/workspace/GivatShmuel/Base-Aug-2019/GlobusSatProject/..//hal/hcc/lib\libHCCD.a(atmel_mcipdc.o)
 .text._get_csd_bits
                0x200202f4      0x14c C:/ISIS/workspace/GivatShmuel/Base-Aug-2019/GlobusSatProject/..//hal/hcc/lib\libHCCD.a(atmel_mcipdc.o)
 .text.mcipdc_initcard
                0x20020440      0x8f4 C:/ISIS/workspace/GivatShmuel/Base-Aug-2019/GlobusSatProject/..//hal/hcc/lib\libHCCD.a(atmel_mcipdc.o)
 .text.mcipdc_getstatus
                0x20020d34       0xe8 C:/ISIS/workspace/GivatShmuel/Base-Aug-2019/GlobusSatProject/..//hal/hcc/lib\libHCCD.a(atmel_mcipdc.o)
 .text.mcipdc_getphy
                0x20020e1c       0x90 C:/ISIS/workspace/GivatShmuel/Base-Aug-2019/GlobusSatProject/..//hal/hcc/lib\libHCCD.a(atmel_mcipdc.o)
 .text.mcipdc_release
                0x20020eac       0x50 C:/ISIS/workspace/GivatShmuel/Base-Aug-2019/GlobusSatProject/..//hal/hcc/lib\libHCCD.a(atmel_mcipdc.o)
 .text.atmel_mcipdc_initfunc
                0x20020efc      0x160 C:/ISIS/workspace/GivatShmuel/Base-Aug-2019/GlobusSatProject/..//hal/hcc/lib\libHCCD.a(atmel_mcipdc.o)
                0x20020efc                atmel_mcipdc_initfunc
 .text.oal_mutex_create
                0x2002105c       0x54 C:/ISIS/workspace/GivatShmuel/Base-Aug-2019/GlobusSatProject/..//hal/hcc/lib\libHCCD.a(oalp_mutex.o)
                0x2002105c                oal_mutex_create
 .text.oal_mutex_delete
                0x200210b0       0x30 C:/ISIS/workspace/GivatShmuel/Base-Aug-2019/GlobusSatProject/..//hal/hcc/lib\libHCCD.a(oalp_mutex.o)
                0x200210b0                oal_mutex_delete
 .text.oal_mutex_get
                0x200210e0       0x58 C:/ISIS/workspace/GivatShmuel/Base-Aug-2019/GlobusSatProject/..//hal/hcc/lib\libHCCD.a(oalp_mutex.o)
                0x200210e0                oal_mutex_get
 .text.oal_mutex_put
                0x20021138       0x58 C:/ISIS/workspace/GivatShmuel/Base-Aug-2019/GlobusSatProject/..//hal/hcc/lib\libHCCD.a(oalp_mutex.o)
                0x20021138                oal_mutex_put
 .text.oal_task_get_id
                0x20021190       0x18 C:/ISIS/workspace/GivatShmuel/Base-Aug-2019/GlobusSatProject/..//hal/hcc/lib\libHCCD.a(oalp_task.o)
                0x20021190                oal_task_get_id
 .text.mcipdc_hw_init
                0x200211a8       0xe8 C:/ISIS/workspace/GivatShmuel/Base-Aug-2019/GlobusSatProject/..//hal/hcc/lib\libHCCD.a(atmel_mcipdc_hw.o)
                0x200211a8                mcipdc_hw_init
 .text.mcipdc_hw_delete
                0x20021290       0x78 C:/ISIS/workspace/GivatShmuel/Base-Aug-2019/GlobusSatProject/..//hal/hcc/lib\libHCCD.a(atmel_mcipdc_hw.o)
                0x20021290                mcipdc_hw_delete
 .text.mcipdc_hw_card_plugged
                0x20021308       0x1c C:/ISIS/workspace/GivatShmuel/Base-Aug-2019/GlobusSatProject/..//hal/hcc/lib\libHCCD.a(atmel_mcipdc_hw.o)
                0x20021308                mcipdc_hw_card_plugged
 .text.mcipdc_hw_card_writeprotect
                0x20021324       0x1c C:/ISIS/workspace/GivatShmuel/Base-Aug-2019/GlobusSatProject/..//hal/hcc/lib\libHCCD.a(atmel_mcipdc_hw.o)
                0x20021324                mcipdc_hw_card_writeprotect
 .text.psp_getcurrenttimedate
                0x20021340       0x8c C:/ISIS/workspace/GivatShmuel/Base-Aug-2019/GlobusSatProject/..//hal/hcc/lib\libHCCD.a(psp_rtc.o)
                0x20021340                psp_getcurrenttimedate
 .text._hcc_get_buf_dsc
                0x200213cc       0x8c C:/ISIS/workspace/GivatShmuel/Base-Aug-2019/GlobusSatProject/..//hal/hcc/lib\libHCCD.a(hcc_mem.o)
 .text._hcc_check_free_pages
                0x20021458      0x18c C:/ISIS/workspace/GivatShmuel/Base-Aug-2019/GlobusSatProject/..//hal/hcc/lib\libHCCD.a(hcc_mem.o)
 .text._hcc_mark_pages
                0x200215e4      0x158 C:/ISIS/workspace/GivatShmuel/Base-Aug-2019/GlobusSatProject/..//hal/hcc/lib\libHCCD.a(hcc_mem.o)
 .text._hcc_clear_lock_dsc
                0x2002173c       0x80 C:/ISIS/workspace/GivatShmuel/Base-Aug-2019/GlobusSatProject/..//hal/hcc/lib\libHCCD.a(hcc_mem.o)
 .text._hcc_lock_access
                0x200217bc      0x128 C:/ISIS/workspace/GivatShmuel/Base-Aug-2019/GlobusSatProject/..//hal/hcc/lib\libHCCD.a(hcc_mem.o)
 .text._hcc_unlock_access
                0x200218e4       0x30 C:/ISIS/workspace/GivatShmuel/Base-Aug-2019/GlobusSatProject/..//hal/hcc/lib\libHCCD.a(hcc_mem.o)
 .text.hcc_mem_alloc
                0x20021914      0x454 C:/ISIS/workspace/GivatShmuel/Base-Aug-2019/GlobusSatProject/..//hal/hcc/lib\libHCCD.a(hcc_mem.o)
                0x20021914                hcc_mem_alloc
 .text.hcc_mem_free
                0x20021d68      0x178 C:/ISIS/workspace/GivatShmuel/Base-Aug-2019/GlobusSatProject/..//hal/hcc/lib\libHCCD.a(hcc_mem.o)
                0x20021d68                hcc_mem_free
 .text.hcc_mem_add
                0x20021ee0      0x3b0 C:/ISIS/workspace/GivatShmuel/Base-Aug-2019/GlobusSatProject/..//hal/hcc/lib\libHCCD.a(hcc_mem.o)
                0x20021ee0                hcc_mem_add
 .text.hcc_mem_init
                0x20022290      0x164 C:/ISIS/workspace/GivatShmuel/Base-Aug-2019/GlobusSatProject/..//hal/hcc/lib\libHCCD.a(hcc_mem.o)
                0x20022290                hcc_mem_init
 .text.hcc_mem_delete
                0x200223f4       0x94 C:/ISIS/workspace/GivatShmuel/Base-Aug-2019/GlobusSatProject/..//hal/hcc/lib\libHCCD.a(hcc_mem.o)
                0x200223f4                hcc_mem_delete
 .text._f_invalidatedir
                0x20022488       0x28 C:/ISIS/workspace/GivatShmuel/Base-Aug-2019/GlobusSatProject/..//hal/hcc/lib\libHCCD.a(fat.o)
                0x20022488                _f_invalidatedir
 .text._f_getdirsector
                0x200224b0       0x88 C:/ISIS/workspace/GivatShmuel/Base-Aug-2019/GlobusSatProject/..//hal/hcc/lib\libHCCD.a(fat.o)
                0x200224b0                _f_getdirsector
 .text._f_writedirsector
                0x20022538       0x74 C:/ISIS/workspace/GivatShmuel/Base-Aug-2019/GlobusSatProject/..//hal/hcc/lib\libHCCD.a(fat.o)
                0x20022538                _f_writedirsector
 .text._f_checknameinv
                0x200225ac      0x180 C:/ISIS/workspace/GivatShmuel/Base-Aug-2019/GlobusSatProject/..//hal/hcc/lib\libHCCD.a(fat.o)
 .text._f_checkname
                0x2002272c       0x7c C:/ISIS/workspace/GivatShmuel/Base-Aug-2019/GlobusSatProject/..//hal/hcc/lib\libHCCD.a(fat.o)
 .text._f_checknamewc
                0x200227a8       0xf8 C:/ISIS/workspace/GivatShmuel/Base-Aug-2019/GlobusSatProject/..//hal/hcc/lib\libHCCD.a(fat.o)
 .text._f_setnameext
                0x200228a0      0x300 C:/ISIS/workspace/GivatShmuel/Base-Aug-2019/GlobusSatProject/..//hal/hcc/lib\libHCCD.a(fat.o)
 .text._f_setfsname
                0x20022ba0      0x584 C:/ISIS/workspace/GivatShmuel/Base-Aug-2019/GlobusSatProject/..//hal/hcc/lib\libHCCD.a(fat.o)
 .text._f_findfile
                0x20023124      0x30c C:/ISIS/workspace/GivatShmuel/Base-Aug-2019/GlobusSatProject/..//hal/hcc/lib\libHCCD.a(fat.o)
 .text._f_cmp_wname
                0x20023430      0x274 C:/ISIS/workspace/GivatShmuel/Base-Aug-2019/GlobusSatProject/..//hal/hcc/lib\libHCCD.a(fat.o)
 .text._f_to_string
                0x200236a4      0x130 C:/ISIS/workspace/GivatShmuel/Base-Aug-2019/GlobusSatProject/..//hal/hcc/lib\libHCCD.a(fat.o)
 .text._f_findfilewc
                0x200237d4      0x278 C:/ISIS/workspace/GivatShmuel/Base-Aug-2019/GlobusSatProject/..//hal/hcc/lib\libHCCD.a(fat.o)
 .text._f_getfilename
                0x20023a4c      0x20c C:/ISIS/workspace/GivatShmuel/Base-Aug-2019/GlobusSatProject/..//hal/hcc/lib\libHCCD.a(fat.o)
 .text._f_findpath
                0x20023c58      0x35c C:/ISIS/workspace/GivatShmuel/Base-Aug-2019/GlobusSatProject/..//hal/hcc/lib\libHCCD.a(fat.o)
 .text.fn_getdcwd
                0x20023fb4      0x1e0 C:/ISIS/workspace/GivatShmuel/Base-Aug-2019/GlobusSatProject/..//hal/hcc/lib\libHCCD.a(fat.o)
                0x20023fb4                fn_getdcwd
 .text.fn_findfirst
                0x20024194      0x13c C:/ISIS/workspace/GivatShmuel/Base-Aug-2019/GlobusSatProject/..//hal/hcc/lib\libHCCD.a(fat.o)
                0x20024194                fn_findfirst
 .text.fn_findnext
                0x200242d0      0x360 C:/ISIS/workspace/GivatShmuel/Base-Aug-2019/GlobusSatProject/..//hal/hcc/lib\libHCCD.a(fat.o)
                0x200242d0                fn_findnext
 .text._f_lock_resfile
                0x20024630       0x6c C:/ISIS/workspace/GivatShmuel/Base-Aug-2019/GlobusSatProject/..//hal/hcc/lib\libHCCD.a(fat.o)
 .text._f_unlock_resfile
                0x2002469c       0x40 C:/ISIS/workspace/GivatShmuel/Base-Aug-2019/GlobusSatProject/..//hal/hcc/lib\libHCCD.a(fat.o)
 .text._f_getintfile
                0x200246dc      0x124 C:/ISIS/workspace/GivatShmuel/Base-Aug-2019/GlobusSatProject/..//hal/hcc/lib\libHCCD.a(fat.o)
 .text._f_addentry
                0x20024800      0x540 C:/ISIS/workspace/GivatShmuel/Base-Aug-2019/GlobusSatProject/..//hal/hcc/lib\libHCCD.a(fat.o)
 .text.fn_filelength
                0x20024d40      0x1cc C:/ISIS/workspace/GivatShmuel/Base-Aug-2019/GlobusSatProject/..//hal/hcc/lib\libHCCD.a(fat.o)
                0x20024d40                fn_filelength
 .text.fn_open_sub
                0x20024f0c     0x1698 C:/ISIS/workspace/GivatShmuel/Base-Aug-2019/GlobusSatProject/..//hal/hcc/lib\libHCCD.a(fat.o)
 .text.fn_open  0x200265a4       0x44 C:/ISIS/workspace/GivatShmuel/Base-Aug-2019/GlobusSatProject/..//hal/hcc/lib\libHCCD.a(fat.o)
                0x200265a4                fn_open
 .text.fn_delete
                0x200265e8      0x490 C:/ISIS/workspace/GivatShmuel/Base-Aug-2019/GlobusSatProject/..//hal/hcc/lib\libHCCD.a(fat.o)
                0x200265e8                fn_delete
 .text.hcc_mem_buf_alloc
                0x20026a78       0xe4 C:/ISIS/workspace/GivatShmuel/Base-Aug-2019/GlobusSatProject/..//hal/hcc/lib\libHCCD.a(psp_hcc_mem.o)
                0x20026a78                hcc_mem_buf_alloc
 .text.hcc_mem_buf_free
                0x20026b5c       0x6c C:/ISIS/workspace/GivatShmuel/Base-Aug-2019/GlobusSatProject/..//hal/hcc/lib\libHCCD.a(psp_hcc_mem.o)
                0x20026b5c                hcc_mem_buf_free
 .text.makeAntStransfer
                0x20026bc8       0x4c C:/ISIS/workspace/GivatShmuel/Base-Aug-2019/GlobusSatProject/..//satellite-subsystems/satellite-subsystems/lib\libSatelliteSubsystemsD.a(IsisAntS.o)
 .text.checkInputsValid
                0x20026c14       0x7c C:/ISIS/workspace/GivatShmuel/Base-Aug-2019/GlobusSatProject/..//satellite-subsystems/satellite-subsystems/lib\libSatelliteSubsystemsD.a(IsisAntS.o)
 .text.IsisAntS_initialize
                0x20026c90      0x26c C:/ISIS/workspace/GivatShmuel/Base-Aug-2019/GlobusSatProject/..//satellite-subsystems/satellite-subsystems/lib\libSatelliteSubsystemsD.a(IsisAntS.o)
                0x20026c90                IsisAntS_initialize
 .text.IsisAntS_setArmStatus
                0x20026efc      0x104 C:/ISIS/workspace/GivatShmuel/Base-Aug-2019/GlobusSatProject/..//satellite-subsystems/satellite-subsystems/lib\libSatelliteSubsystemsD.a(IsisAntS.o)
                0x20026efc                IsisAntS_setArmStatus
 .text.IsisAntS_getStatusData
                0x20027000      0x120 C:/ISIS/workspace/GivatShmuel/Base-Aug-2019/GlobusSatProject/..//satellite-subsystems/satellite-subsystems/lib\libSatelliteSubsystemsD.a(IsisAntS.o)
                0x20027000                IsisAntS_getStatusData
 .text.IsisAntS_getUptime
                0x20027120      0x120 C:/ISIS/workspace/GivatShmuel/Base-Aug-2019/GlobusSatProject/..//satellite-subsystems/satellite-subsystems/lib\libSatelliteSubsystemsD.a(IsisAntS.o)
                0x20027120                IsisAntS_getUptime
 .text.IsisAntS_getAlltelemetry
                0x20027240      0x120 C:/ISIS/workspace/GivatShmuel/Base-Aug-2019/GlobusSatProject/..//satellite-subsystems/satellite-subsystems/lib\libSatelliteSubsystemsD.a(IsisAntS.o)
                0x20027240                IsisAntS_getAlltelemetry
 .text.IsisAntS_reset
                0x20027360      0x104 C:/ISIS/workspace/GivatShmuel/Base-Aug-2019/GlobusSatProject/..//satellite-subsystems/satellite-subsystems/lib\libSatelliteSubsystemsD.a(IsisAntS.o)
                0x20027360                IsisAntS_reset
 .text.IsisAntS_cancelDeployment
                0x20027464      0x104 C:/ISIS/workspace/GivatShmuel/Base-Aug-2019/GlobusSatProject/..//satellite-subsystems/satellite-subsystems/lib\libSatelliteSubsystemsD.a(IsisAntS.o)
                0x20027464                IsisAntS_cancelDeployment
 .text.IsisAntS_autoDeployment
                0x20027568      0x114 C:/ISIS/workspace/GivatShmuel/Base-Aug-2019/GlobusSatProject/..//satellite-subsystems/satellite-subsystems/lib\libSatelliteSubsystemsD.a(IsisAntS.o)
                0x20027568                IsisAntS_autoDeployment
 .text.IsisSolarPanelv2_getTemperature
                0x2002767c       0xc8 C:/ISIS/workspace/GivatShmuel/Base-Aug-2019/GlobusSatProject/..//satellite-subsystems/satellite-subsystems/lib\libSatelliteSubsystemsD.a(IsisSolarPanelv2.o)
                0x2002767c                IsisSolarPanelv2_getTemperature
 .text.IsisSolarPanelv2_getState
                0x20027744       0x24 C:/ISIS/workspace/GivatShmuel/Base-Aug-2019/GlobusSatProject/..//satellite-subsystems/satellite-subsystems/lib\libSatelliteSubsystemsD.a(IsisSolarPanelv2.o)
                0x20027744                IsisSolarPanelv2_getState
 .text._InitiateConversion
                0x20027768       0xac C:/ISIS/workspace/GivatShmuel/Base-Aug-2019/GlobusSatProject/..//satellite-subsystems/satellite-subsystems/lib\libSatelliteSubsystemsD.a(IsisSolarPanelv2.o)
 .text._WaitForConversionComplete
                0x20027814      0x100 C:/ISIS/workspace/GivatShmuel/Base-Aug-2019/GlobusSatProject/..//satellite-subsystems/satellite-subsystems/lib\libSatelliteSubsystemsD.a(IsisSolarPanelv2.o)
 .text._ReadResult
                0x20027914      0x158 C:/ISIS/workspace/GivatShmuel/Base-Aug-2019/GlobusSatProject/..//satellite-subsystems/satellite-subsystems/lib\libSatelliteSubsystemsD.a(IsisSolarPanelv2.o)
 .text._ExtractByte
                0x20027a6c       0x38 C:/ISIS/workspace/GivatShmuel/Base-Aug-2019/GlobusSatProject/..//satellite-subsystems/satellite-subsystems/lib\libSatelliteSubsystemsD.a(IsisSolarPanelv2.o)
 .text._ExtendSign
                0x20027aa4       0x6c C:/ISIS/workspace/GivatShmuel/Base-Aug-2019/GlobusSatProject/..//satellite-subsystems/satellite-subsystems/lib\libSatelliteSubsystemsD.a(IsisSolarPanelv2.o)
 .text._SpiWriteRead
                0x20027b10       0x70 C:/ISIS/workspace/GivatShmuel/Base-Aug-2019/GlobusSatProject/..//satellite-subsystems/satellite-subsystems/lib\libSatelliteSubsystemsD.a(IsisSolarPanelv2.o)
 .text.IsisTrxvu_initialize