Archive member included because of file (symbol)

c:/isis/application/toolchain/bin/../lib/gcc/arm-none-eabi/4.7.4/../../../../arm-none-eabi/lib\libc_s.a(lib_a-vfprintf_float.o)
                              (_printf_float)
c:/isis/application/toolchain/bin/../lib/gcc/arm-none-eabi/4.7.4/../../../../arm-none-eabi/lib\libc_s.a(lib_a-vfprintf_i.o)
                              c:/isis/application/toolchain/bin/../lib/gcc/arm-none-eabi/4.7.4/../../../../arm-none-eabi/lib\libc_s.a(lib_a-vfprintf_float.o) (_printf_common)
c:/isis/application/toolchain/bin/../lib/gcc/arm-none-eabi/4.7.4/../../../../arm-none-eabi/lib\libc_s.a(lib_a-vfscanf_float.o)
                              (_scanf_float)
c:/isis/application/toolchain/bin/../lib/gcc/arm-none-eabi/4.7.4/../../../../arm-none-eabi/lib\libc_s.a(lib_a-dtoa.o)
                              c:/isis/application/toolchain/bin/../lib/gcc/arm-none-eabi/4.7.4/../../../../arm-none-eabi/lib\libc_s.a(lib_a-vfprintf_float.o) (_dtoa_r)
c:/isis/application/toolchain/bin/../lib/gcc/arm-none-eabi/4.7.4/../../../../arm-none-eabi/lib\libc_s.a(lib_a-locale.o)
                              c:/isis/application/toolchain/bin/../lib/gcc/arm-none-eabi/4.7.4/../../../../arm-none-eabi/lib\libc_s.a(lib_a-vfprintf_float.o) (_localeconv_r)
c:/isis/application/toolchain/bin/../lib/gcc/arm-none-eabi/4.7.4/../../../../arm-none-eabi/lib\libc_s.a(lib_a-malloc.o)
                              c:/isis/application/toolchain/bin/../lib/gcc/arm-none-eabi/4.7.4/../../../../arm-none-eabi/lib\libc_s.a(lib_a-dtoa.o) (malloc)
c:/isis/application/toolchain/bin/../lib/gcc/arm-none-eabi/4.7.4/../../../../arm-none-eabi/lib\libc_s.a(lib_a-mallocr.o)
                              c:/isis/application/toolchain/bin/../lib/gcc/arm-none-eabi/4.7.4/../../../../arm-none-eabi/lib\libc_s.a(lib_a-malloc.o) (_malloc_r)
c:/isis/application/toolchain/bin/../lib/gcc/arm-none-eabi/4.7.4/../../../../arm-none-eabi/lib\libc_s.a(lib_a-memcpy.o)
                              c:/isis/application/toolchain/bin/../lib/gcc/arm-none-eabi/4.7.4/../../../../arm-none-eabi/lib\libc_s.a(lib_a-dtoa.o) (memcpy)
c:/isis/application/toolchain/bin/../lib/gcc/arm-none-eabi/4.7.4/../../../../arm-none-eabi/lib\libc_s.a(lib_a-mprec.o)
                              c:/isis/application/toolchain/bin/../lib/gcc/arm-none-eabi/4.7.4/../../../../arm-none-eabi/lib\libc_s.a(lib_a-dtoa.o) (_Balloc)
c:/isis/application/toolchain/bin/../lib/gcc/arm-none-eabi/4.7.4/../../../../arm-none-eabi/lib\libc_s.a(lib_a-s_fpclassify.o)
                              c:/isis/application/toolchain/bin/../lib/gcc/arm-none-eabi/4.7.4/../../../../arm-none-eabi/lib\libc_s.a(lib_a-vfprintf_float.o) (__fpclassifyd)
c:/isis/application/toolchain/bin/../lib/gcc/arm-none-eabi/4.7.4/../../../../arm-none-eabi/lib\libc_s.a(lib_a-sbrkr.o)
                              c:/isis/application/toolchain/bin/../lib/gcc/arm-none-eabi/4.7.4/../../../../arm-none-eabi/lib\libc_s.a(lib_a-mallocr.o) (_sbrk_r)
c:/isis/application/toolchain/bin/../lib/gcc/arm-none-eabi/4.7.4/../../../../arm-none-eabi/lib\libc_s.a(lib_a-sf_nan.o)
                              c:/isis/application/toolchain/bin/../lib/gcc/arm-none-eabi/4.7.4/../../../../arm-none-eabi/lib\libc_s.a(lib_a-vfscanf_float.o) (nanf)
c:/isis/application/toolchain/bin/../lib/gcc/arm-none-eabi/4.7.4/../../../../arm-none-eabi/lib\libc_s.a(lib_a-sprintf.o)
                              c:/isis/application/toolchain/bin/../lib/gcc/arm-none-eabi/4.7.4/../../../../arm-none-eabi/lib\libc_s.a(lib_a-vfscanf_float.o) (sprintf)
c:/isis/application/toolchain/bin/../lib/gcc/arm-none-eabi/4.7.4/../../../../arm-none-eabi/lib\libc_s.a(lib_a-strcmp.o)
                              c:/isis/application/toolchain/bin/../lib/gcc/arm-none-eabi/4.7.4/../../../../arm-none-eabi/lib\libc_s.a(lib_a-locale.o) (strcmp)
c:/isis/application/toolchain/bin/../lib/gcc/arm-none-eabi/4.7.4/../../../../arm-none-eabi/lib\libc_s.a(lib_a-strlen.o)
                              c:/isis/application/toolchain/bin/../lib/gcc/arm-none-eabi/4.7.4/../../../../arm-none-eabi/lib\libc_s.a(lib_a-vfprintf_float.o) (strlen)
c:/isis/application/toolchain/bin/../lib/gcc/arm-none-eabi/4.7.4/../../../../arm-none-eabi/lib\libc_s.a(lib_a-strtod.o)
                              c:/isis/application/toolchain/bin/../lib/gcc/arm-none-eabi/4.7.4/../../../../arm-none-eabi/lib\libc_s.a(lib_a-vfscanf_float.o) (_strtod_r)
c:/isis/application/toolchain/bin/../lib/gcc/arm-none-eabi/4.7.4/../../../../arm-none-eabi/lib\libc_s.a(lib_a-strtol.o)
                              c:/isis/application/toolchain/bin/../lib/gcc/arm-none-eabi/4.7.4/../../../../arm-none-eabi/lib\libc_s.a(lib_a-vfscanf_float.o) (_strtol_r)
c:/isis/application/toolchain/bin/../lib/gcc/arm-none-eabi/4.7.4/../../../../arm-none-eabi/lib\libc_s.a(lib_a-svfprintf.o)
                              c:/isis/application/toolchain/bin/../lib/gcc/arm-none-eabi/4.7.4/../../../../arm-none-eabi/lib\libc_s.a(lib_a-sprintf.o) (_svfprintf_r)
[...]
Memory Configuration

Name             Origin             Length             Attributes
sram0            0x00200000         0x00004000         w !xr
sram1            0x00300000         0x00004000         w !xr
sdram            0x20000000         0x02000000         w !xr
*default*        0x00000000         0xffffffff

Linker script and memory map

LOAD c:/isis/application/toolchain/bin/../lib/gcc/arm-none-eabi/4.7.4/../../../../arm-none-eabi/lib\libc_s.a
LOAD ./src/TestingDemos/CommandsTestingDemo.o
LOAD ./src/TestingDemos/EpsTestingDemo.o
LOAD ./src/TestingDemos/FileSystemTestingDemo.o
LOAD ./src/TestingDemos/MainTest.o
LOAD ./src/TestingDemos/MaintenanceTestingDemo.o
LOAD ./src/TestingDemos/TelemetryTestingDemo.o
LOAD ./src/TestingDemos/TrxvuTestingDemo.o
LOAD ./src/SubSystemModules/PowerManagment/EPS.o
LOAD ./src/SubSystemModules/PowerManagment/EPSOperationModes.o
LOAD ./src/SubSystemModules/Payload/payload_drivers.o
LOAD ./src/SubSystemModules/Maintenance/Log.o
LOAD ./src/SubSystemModules/Maintenance/Maintenance.o
LOAD ./src/SubSystemModules/Housekepping/Dump.o
LOAD ./src/SubSystemModules/Housekepping/TelemetryCollector.o
LOAD ./src/SubSystemModules/Communication/SubsystemCommands/EPS_Commands.o
LOAD ./src/SubSystemModules/Communication/SubsystemCommands/FS_Commands.o
LOAD ./src/SubSystemModules/Communication/SubsystemCommands/Maintanence_Commands.o
LOAD ./src/SubSystemModules/Communication/SubsystemCommands/TRXVU_Commands.o
LOAD ./src/SubSystemModules/Communication/AckHandler.o
LOAD ./src/SubSystemModules/Communication/ActUponCommand.o
LOAD ./src/SubSystemModules/Communication/Beacon.o
LOAD ./src/SubSystemModules/Communication/CommandDictionary.o
LOAD ./src/SubSystemModules/Communication/SatCommandHandler.o
LOAD ./src/SubSystemModules/Communication/SatDataTx.o
LOAD ./src/SubSystemModules/Communication/TRXVU.o
LOAD ./src/SubSystemModules/Communication/Transponder.o
LOAD ./src/InitSystem.o
LOAD ./src/TLM_management.o
LOAD ./src/main.o
LOAD C:/Users/ground/Documents/GitHub/tevel2/GlobusSatProject/..//hal/hal/lib\libHALD.a
LOAD C:/Users/ground/Documents/GitHub/tevel2/GlobusSatProject/..//hal/hcc/lib\libHCCD.a
LOAD C:/Users/ground/Documents/GitHub/tevel2/GlobusSatProject/..//satellite-subsystems/satellite-subsystems/lib\libSatelliteSubsystemsD.a
LOAD C:/Users/ground/Documents/GitHub/tevel2/GlobusSatProject/..//hal/freertos/lib\libFreeRTOSD.a
LOAD C:/Users/ground/Documents/GitHub/tevel2/GlobusSatProject/..//hal/at91/lib\libAt91D.a
START GROUP
LOAD c:/isis/application/toolchain/bin/../lib/gcc/arm-none-eabi/4.7.4\libgcc.a
LOAD c:/isis/application/toolchain/bin/../lib/gcc/arm-none-eabi/4.7.4/../../../../arm-none-eabi/lib\libc_s.a
END GROUP

.fixed          0x20000000    0x39254
                0x20000000                . = ALIGN (0x4)
                0x20000000                _sfixed = .
 *(.startup)
 .startup       0x20000000      0x184 C:/Users/ground/Documents/GitHub/tevel2/GlobusSatProject/..//hal/at91/lib\libAt91D.a(board_cstartup.o)
                0x20000000                entry
 *(.text)
 .text          0x20000184       0x64 C:/Users/ground/Documents/GitHub/tevel2/GlobusSatProject/..//hal/at91/lib\libAt91D.a(cp15_asm.o)
                0x20000184                _readControlRegister
                0x20000190                _writeControlRegister
                0x20000198                _waitForInterrupt
                0x200001a4                _writeTTB
                0x200001ac                _writeDomain
                0x200001b4                _writeITLBLockdown
                0x200001bc                _prefetchICacheLine
                0x200001c4                _flushDCache
                0x200001d0                _flushWriteBuffer
                0x200001dc                _invalidateIDTLBs
 .text          0x200001e8      0x114 c:/isis/application/toolchain/bin/../lib/gcc/arm-none-eabi/4.7.4\libgcc.a(_udivsi3.o)
                0x200001e8                __aeabi_uidiv
                0x200001e8                __udivsi3
                0x200002dc                __aeabi_uidivmod
 .text          0x200002fc      0x148 c:/isis/application/toolchain/bin/../lib/gcc/arm-none-eabi/4.7.4\libgcc.a(_divsi3.o)
                0x200002fc                __divsi3
                0x200002fc                __aeabi_idiv
                0x20000424                __aeabi_idivmod
 .text          0x20000444        0x4 c:/isis/application/toolchain/bin/../lib/gcc/arm-none-eabi/4.7.4\libgcc.a(_dvmd_tls.o)
                0x20000444                __aeabi_idiv0
                0x20000444                __aeabi_ldiv0
 .text          0x20000448      0x41c c:/isis/application/toolchain/bin/../lib/gcc/arm-none-eabi/4.7.4\libgcc.a(_arm_addsubdf3.o)
                0x20000448                __aeabi_drsub
                0x20000450                __aeabi_dsub
                0x20000450                __subdf3
                0x20000454                __aeabi_dadd
                0x20000454                __adddf3
                0x20000764                __floatunsidf
                0x20000764                __aeabi_ui2d
                0x20000788                __floatsidf
                0x20000788                __aeabi_i2d
                0x200007b0                __aeabi_f2d
                0x200007b0                __extendsfdf2
                0x200007f0                __floatundidf
                0x200007f0                __aeabi_ul2d
                0x20000804                __floatdidf
                0x20000804                __aeabi_l2d
 .text          0x20000864      0x49c c:/isis/application/toolchain/bin/../lib/gcc/arm-none-eabi/4.7.4\libgcc.a(_arm_muldivdf3.o)
                0x20000864                __aeabi_dmul
                0x20000864                __muldf3
                0x20000af4                __divdf3
                0x20000af4                __aeabi_ddiv
 .text          0x20000d00      0x144 c:/isis/application/toolchain/bin/../lib/gcc/arm-none-eabi/4.7.4\libgcc.a(_arm_cmpdf2.o)
                0x20000d00                __gtdf2
                0x20000d00                __gedf2
                0x20000d08                __ltdf2
                0x20000d08                __ledf2
                0x20000d10                __nedf2
                0x20000d10                __eqdf2
                0x20000d10                __cmpdf2
                0x20000d98                __aeabi_cdrcmple
                0x20000db4                __aeabi_cdcmpeq
                0x20000db4                __aeabi_cdcmple
                0x20000dcc                __aeabi_dcmpeq
                0x20000de4                __aeabi_dcmplt
                0x20000dfc                __aeabi_dcmple
                0x20000e14                __aeabi_dcmpge
                0x20000e2c                __aeabi_dcmpgt
 .text          0x20000e44       0x5c c:/isis/application/toolchain/bin/../lib/gcc/arm-none-eabi/4.7.4\libgcc.a(_arm_fixdfsi.o)
                0x20000e44                __aeabi_d2iz
                0x20000e44                __fixdfsi
 .text          0x20000ea0       0x54 c:/isis/application/toolchain/bin/../lib/gcc/arm-none-eabi/4.7.4\libgcc.a(_arm_fixunsdfsi.o)
                0x20000ea0                __aeabi_d2uiz
                0x20000ea0                __fixunsdfsi
 .text          0x20000ef4       0xa0 c:/isis/application/toolchain/bin/../lib/gcc/arm-none-eabi/4.7.4\libgcc.a(_arm_truncdfsf2.o)
                0x20000ef4                __truncdfsf2
                0x20000ef4                __aeabi_d2f
 .text          0x20000f94      0x2ac c:/isis/application/toolchain/bin/../lib/gcc/arm-none-eabi/4.7.4\libgcc.a(_arm_addsubsf3.o)
                0x20000f94                __aeabi_frsub
                0x20000f9c                __subsf3
                0x20000f9c                __aeabi_fsub
                0x20000fa0                __aeabi_fadd
                0x20000fa0                __addsf3
                0x2000115c                __aeabi_ui2f
                0x2000115c                __floatunsisf
                0x20001164                __aeabi_i2f
                0x20001164                __floatsisf
                0x20001184                __aeabi_ul2f
                0x20001184                __floatundisf
                0x20001194                __aeabi_l2f
                0x20001194                __floatdisf
 .text          0x20001240      0x2f8 c:/isis/application/toolchain/bin/../lib/gcc/arm-none-eabi/4.7.4\libgcc.a(_arm_muldivsf3.o)
                0x20001240                __mulsf3
                0x20001240                __aeabi_fmul
                0x200013d8                __aeabi_fdiv
                0x200013d8                __divsf3
 .text          0x20001538       0x54 c:/isis/application/toolchain/bin/../lib/gcc/arm-none-eabi/4.7.4\libgcc.a(_arm_fixunssfsi.o)
                0x20001538                __fixunssfsi
                0x20001538                __aeabi_f2uiz
 *(.text*)
 .text.__cvt    0x2000158c      0x138 c:/isis/application/toolchain/bin/../lib/gcc/arm-none-eabi/4.7.4/../../../../arm-none-eabi/lib\libc_s.a(lib_a-vfprintf_float.o)
                0x2000158c                __cvt
 .text.__exponent
                0x200016c4       0xa8 c:/isis/application/toolchain/bin/../lib/gcc/arm-none-eabi/4.7.4/../../../../arm-none-eabi/lib\libc_s.a(lib_a-vfprintf_float.o)
                0x200016c4                __exponent
 .text._printf_float
                0x2000176c      0x7dc c:/isis/application/toolchain/bin/../lib/gcc/arm-none-eabi/4.7.4/../../../../arm-none-eabi/lib\libc_s.a(lib_a-vfprintf_float.o)
                0x2000176c                _printf_float
 .text._printf_common
                0x20001f48      0x174 c:/isis/application/toolchain/bin/../lib/gcc/arm-none-eabi/4.7.4/../../../../arm-none-eabi/lib\libc_s.a(lib_a-vfprintf_i.o)
                0x20001f48                _printf_common
 .text._printf_i
                0x200020bc      0x3c4 c:/isis/application/toolchain/bin/../lib/gcc/arm-none-eabi/4.7.4/../../../../arm-none-eabi/lib\libc_s.a(lib_a-vfprintf_i.o)
                0x200020bc                _printf_i
 .text._scanf_float
                0x20002480      0x5f4 c:/isis/application/toolchain/bin/../lib/gcc/arm-none-eabi/4.7.4/../../../../arm-none-eabi/lib\libc_s.a(lib_a-vfscanf_float.o)
                0x20002480                _scanf_float
 .text.quorem   0x20002a74      0x1ac c:/isis/application/toolchain/bin/../lib/gcc/arm-none-eabi/4.7.4/../../../../arm-none-eabi/lib\libc_s.a(lib_a-dtoa.o)
 .text._dtoa_r  0x20002c20     0x1268 c:/isis/application/toolchain/bin/../lib/gcc/arm-none-eabi/4.7.4/../../../../arm-none-eabi/lib\libc_s.a(lib_a-dtoa.o)
                0x20002c20                _dtoa_r
 .text._localeconv_r
                0x20003e88        0xc c:/isis/application/toolchain/bin/../lib/gcc/arm-none-eabi/4.7.4/../../../../arm-none-eabi/lib\libc_s.a(lib_a-locale.o)
                0x20003e88                _localeconv_r
 .text.malloc   0x20003e94       0x20 c:/isis/application/toolchain/bin/../lib/gcc/arm-none-eabi/4.7.4/../../../../arm-none-eabi/lib\libc_s.a(lib_a-malloc.o)
                0x20003e94                malloc
 .text.free     0x20003eb4       0x20 c:/isis/application/toolchain/bin/../lib/gcc/arm-none-eabi/4.7.4/../../../../arm-none-eabi/lib\libc_s.a(lib_a-malloc.o)
                0x20003eb4                free
 .text._malloc_r
                0x20003ed4       0xfc c:/isis/application/toolchain/bin/../lib/gcc/arm-none-eabi/4.7.4/../../../../arm-none-eabi/lib\libc_s.a(lib_a-mallocr.o)
                0x20003ed4                _malloc_r
 .text.memcpy   0x20003fd0       0x20 c:/isis/application/toolchain/bin/../lib/gcc/arm-none-eabi/4.7.4/../../../../arm-none-eabi/lib\libc_s.a(lib_a-memcpy.o)
                0x20003fd0                memcpy
 .text._Balloc  0x20003ff0       0xcc c:/isis/application/toolchain/bin/../lib/gcc/arm-none-eabi/4.7.4/../../../../arm-none-eabi/lib\libc_s.a(lib_a-mprec.o)
                0x20003ff0                _Balloc
 .text._Bfree   0x200040bc       0x5c c:/isis/application/toolchain/bin/../lib/gcc/arm-none-eabi/4.7.4/../../../../arm-none-eabi/lib\libc_s.a(lib_a-mprec.o)
                0x200040bc                _Bfree
 .text.__multadd
                0x20004118       0xbc c:/isis/application/toolchain/bin/../lib/gcc/arm-none-eabi/4.7.4/../../../../arm-none-eabi/lib\libc_s.a(lib_a-mprec.o)
                0x20004118                __multadd
 .text.__s2b    0x200041d4       0xd8 c:/isis/application/toolchain/bin/../lib/gcc/arm-none-eabi/4.7.4/../../../../arm-none-eabi/lib\libc_s.a(lib_a-mprec.o)
                0x200041d4                __s2b
 .text.__hi0bits
                0x200042ac       0x58 c:/isis/application/toolchain/bin/../lib/gcc/arm-none-eabi/4.7.4/../../../../arm-none-eabi/lib\libc_s.a(lib_a-mprec.o)
                0x200042ac                __hi0bits
 .text.__lo0bits
                0x20004304       0x94 c:/isis/application/toolchain/bin/../lib/gcc/arm-none-eabi/4.7.4/../../../../arm-none-eabi/lib\libc_s.a(lib_a-mprec.o)
                0x20004304                __lo0bits
 .text.__i2b    0x20004398       0x24 c:/isis/application/toolchain/bin/../lib/gcc/arm-none-eabi/4.7.4/../../../../arm-none-eabi/lib\libc_s.a(lib_a-mprec.o)
                0x20004398                __i2b
 .text.__multiply
                0x200043bc      0x1ac c:/isis/application/toolchain/bin/../lib/gcc/arm-none-eabi/4.7.4/../../../../arm-none-eabi/lib\libc_s.a(lib_a-mprec.o)
                0x200043bc                __multiply
 .text.__pow5mult
                0x20004568      0x10c c:/isis/application/toolchain/bin/../lib/gcc/arm-none-eabi/4.7.4/../../../../arm-none-eabi/lib\libc_s.a(lib_a-mprec.o)
                0x20004568                __pow5mult
 .text.__lshift
                0x20004674       0xf0 c:/isis/application/toolchain/bin/../lib/gcc/arm-none-eabi/4.7.4/../../../../arm-none-eabi/lib\libc_s.a(lib_a-mprec.o)
                0x20004674                __lshift
 .text.__mcmp   0x20004764       0x60 c:/isis/application/toolchain/bin/../lib/gcc/arm-none-eabi/4.7.4/../../../../arm-none-eabi/lib\libc_s.a(lib_a-mprec.o)
                0x20004764                __mcmp
 .text.__mdiff  0x200047c4      0x128 c:/isis/application/toolchain/bin/../lib/gcc/arm-none-eabi/4.7.4/../../../../arm-none-eabi/lib\libc_s.a(lib_a-mprec.o)
                0x200047c4                __mdiff
 .text.__ulp    0x200048ec       0x5c c:/isis/application/toolchain/bin/../lib/gcc/arm-none-eabi/4.7.4/../../../../arm-none-eabi/lib\libc_s.a(lib_a-mprec.o)
                0x200048ec                __ulp
 .text.__b2d    0x20004948       0xc8 c:/isis/application/toolchain/bin/../lib/gcc/arm-none-eabi/4.7.4/../../../../arm-none-eabi/lib\libc_s.a(lib_a-mprec.o)
                0x20004948                __b2d
 .text.__d2b    0x20004a10       0xfc c:/isis/application/toolchain/bin/../lib/gcc/arm-none-eabi/4.7.4/../../../../arm-none-eabi/lib\libc_s.a(lib_a-mprec.o)
                0x20004a10                __d2b
 .text.__ratio  0x20004b0c       0x70 c:/isis/application/toolchain/bin/../lib/gcc/arm-none-eabi/4.7.4/../../../../arm-none-eabi/lib\libc_s.a(lib_a-mprec.o)
                0x20004b0c                __ratio
 .text.__copybits
                0x20004b7c       0x4c c:/isis/application/toolchain/bin/../lib/gcc/arm-none-eabi/4.7.4/../../../../arm-none-eabi/lib\libc_s.a(lib_a-mprec.o)
                0x20004b7c                __copybits
 .text.__any_on
                0x20004bc8       0x7c c:/isis/application/toolchain/bin/../lib/gcc/arm-none-eabi/4.7.4/../../../../arm-none-eabi/lib\libc_s.a(lib_a-mprec.o)
                0x20004bc8                __any_on
 .text.__fpclassifyd
                0x20004c44       0x6c c:/isis/application/toolchain/bin/../lib/gcc/arm-none-eabi/4.7.4/../../../../arm-none-eabi/lib\libc_s.a(lib_a-s_fpclassify.o)
                0x20004c44                __fpclassifyd
 .text._sbrk_r  0x20004cb0       0x3c c:/isis/application/toolchain/bin/../lib/gcc/arm-none-eabi/4.7.4/../../../../arm-none-eabi/lib\libc_s.a(lib_a-sbrkr.o)
                0x20004cb0                _sbrk_r
 .text.nanf     0x20004cec        0xc c:/isis/application/toolchain/bin/../lib/gcc/arm-none-eabi/4.7.4/../../../../arm-none-eabi/lib\libc_s.a(lib_a-sf_nan.o)
                0x20004cec                nanf
 .text.sprintf  0x20004cf8       0x6c c:/isis/application/toolchain/bin/../lib/gcc/arm-none-eabi/4.7.4/../../../../arm-none-eabi/lib\libc_s.a(lib_a-sprintf.o)
                0x20004cf8                siprintf
                0x20004cf8                sprintf
 .text.strcmp   0x20004d64       0x1c c:/isis/application/toolchain/bin/../lib/gcc/arm-none-eabi/4.7.4/../../../../arm-none-eabi/lib\libc_s.a(lib_a-strcmp.o)
                0x20004d64                strcmp
 .text.strlen   0x20004d80       0x1c c:/isis/application/toolchain/bin/../lib/gcc/arm-none-eabi/4.7.4/../../../../arm-none-eabi/lib\libc_s.a(lib_a-strlen.o)
                0x20004d80                strlen
 .text.match    0x20004d9c       0x54 c:/isis/application/toolchain/bin/../lib/gcc/arm-none-eabi/4.7.4/../../../../arm-none-eabi/lib\libc_s.a(lib_a-strtod.o)
 .text._strtod_r
                0x20004df0     0x1168 c:/isis/application/toolchain/bin/../lib/gcc/arm-none-eabi/4.7.4/../../../../arm-none-eabi/lib\libc_s.a(lib_a-strtod.o)
                0x20004df0                _strtod_r
 .text._strtol_r
                0x20005f58      0x1b8 c:/isis/application/toolchain/bin/../lib/gcc/arm-none-eabi/4.7.4/../../../../arm-none-eabi/lib\libc_s.a(lib_a-strtol.o)
                0x20005f58                _strtol_r
 .text.__ssputc_r
                0x20006110      0x10c c:/isis/application/toolchain/bin/../lib/gcc/arm-none-eabi/4.7.4/../../../../arm-none-eabi/lib\libc_s.a(lib_a-svfprintf.o)
                0x20006110                __ssputc_r
 .text._svfprintf_r
                0x2000621c      0x328 c:/isis/application/toolchain/bin/../lib/gcc/arm-none-eabi/4.7.4/../../../../arm-none-eabi/lib\libc_s.a(lib_a-svfprintf.o)
                0x2000621c                _svfiprintf_r
                0x2000621c                _svfprintf_r
 .text._calloc_r
                0x20006544       0x2c c:/isis/application/toolchain/bin/../lib/gcc/arm-none-eabi/4.7.4/../../../../arm-none-eabi/lib\libc_s.a(lib_a-callocr.o)
                0x20006544                _calloc_r
 .text._free_r  0x20006570      0x108 c:/isis/application/toolchain/bin/../lib/gcc/arm-none-eabi/4.7.4/../../../../arm-none-eabi/lib\libc_s.a(lib_a-freer.o)
                0x20006570                _free_r
 .text.rshift   0x20006678       0xb0 c:/isis/application/toolchain/bin/../lib/gcc/arm-none-eabi/4.7.4/../../../../arm-none-eabi/lib\libc_s.a(lib_a-gdtoa-gethex.o)
 .text.htinit.constprop.0
                0x20006728       0x34 c:/isis/application/toolchain/bin/../lib/gcc/arm-none-eabi/4.7.4/../../../../arm-none-eabi/lib\libc_s.a(lib_a-gdtoa-gethex.o)
 .text.__hexdig_init
                0x2000675c       0x38 c:/isis/application/toolchain/bin/../lib/gcc/arm-none-eabi/4.7.4/../../../../arm-none-eabi/lib\libc_s.a(lib_a-gdtoa-gethex.o)
                0x2000675c                __hexdig_init
 .text.__gethex
                0x20006794      0x6cc c:/isis/application/toolchain/bin/../lib/gcc/arm-none-eabi/4.7.4/../../../../arm-none-eabi/lib\libc_s.a(lib_a-gdtoa-gethex.o)
                0x20006794                __gethex
 .text.L_shift  0x20006e60       0x38 c:/isis/application/toolchain/bin/../lib/gcc/arm-none-eabi/4.7.4/../../../../arm-none-eabi/lib\libc_s.a(lib_a-gdtoa-hexnan.o)
 .text.__hexnan
                0x20006e98      0x1d8 c:/isis/application/toolchain/bin/../lib/gcc/arm-none-eabi/4.7.4/../../../../arm-none-eabi/lib\libc_s.a(lib_a-gdtoa-hexnan.o)
                0x20006e98                __hexnan
 .text.memchr   0x20007070       0x34 c:/isis/application/toolchain/bin/../lib/gcc/arm-none-eabi/4.7.4/../../../../arm-none-eabi/lib\libc_s.a(lib_a-memchr.o)
                0x20007070                memchr
 .text.memset   0x200070a4       0x1c c:/isis/application/toolchain/bin/../lib/gcc/arm-none-eabi/4.7.4/../../../../arm-none-eabi/lib\libc_s.a(lib_a-memset.o)
                0x200070a4                memset
 .text._realloc_r
                0x200070c0       0x80 c:/isis/application/toolchain/bin/../lib/gcc/arm-none-eabi/4.7.4/../../../../arm-none-eabi/lib\libc_s.a(lib_a-reallocr.o)
                0x200070c0                _realloc_r
 .text.strncmp  0x20007140       0x64 c:/isis/application/toolchain/bin/../lib/gcc/arm-none-eabi/4.7.4/../../../../arm-none-eabi/lib\libc_s.a(lib_a-strncmp.o)
                0x20007140                strncmp
 .text._malloc_usable_size_r
                0x200071a4       0x1c c:/isis/application/toolchain/bin/../lib/gcc/arm-none-eabi/4.7.4/../../../../arm-none-eabi/lib\libc_s.a(lib_a-msizer.o)
                0x200071a4                _malloc_usable_size_r
 .text.EPS_Init
                0x200071c0       0xd8 ./src/SubSystemModules/PowerManagment/EPS.o
                0x200071c0                EPS_Init
 .text.print_byte_arr
                0x20007298       0xb0 ./src/SubSystemModules/PowerManagment/EPS.o
                0x20007298                print_byte_arr
 .text.byte_arr_2_int16
                0x20007348       0x54 ./src/SubSystemModules/PowerManagment/EPS.o
                0x20007348                byte_arr_2_int16
 .text.i2c_write_read
                0x2000739c       0xd8 ./src/SubSystemModules/PowerManagment/EPS.o
                0x2000739c                i2c_write_read
 .text.eps_i2c_comm_config
                0x20007474      0x16c ./src/SubSystemModules/PowerManagment/EPS.o
                0x20007474                eps_i2c_comm_config
 .text.RUN_EPS_I2C_COMM
                0x200075e0       0x6c ./src/SubSystemModules/PowerManagment/EPS.o
                0x200075e0                RUN_EPS_I2C_COMM
 .text.eps_set_channels_on
                0x2000764c       0x64 ./src/SubSystemModules/PowerManagment/EPS.o
                0x2000764c                eps_set_channels_on
 .text.EPS_Conditioning
                0x200076b0      0x1a8 ./src/SubSystemModules/PowerManagment/EPS.o
                0x200076b0                EPS_Conditioning
 .text.GetBatteryVoltage
                0x20007858       0x54 ./src/SubSystemModules/PowerManagment/EPS.o
                0x20007858                GetBatteryVoltage
 .text.GetThresholdVoltages
                0x200078ac       0x4c ./src/SubSystemModules/PowerManagment/EPS.o
                0x200078ac                GetThresholdVoltages
 .text.GetAlpha
                0x200078f8       0x48 ./src/SubSystemModules/PowerManagment/EPS.o
                0x200078f8                GetAlpha
 .text.EnterFullMode
                0x20007940       0x58 ./src/SubSystemModules/PowerManagment/EPSOperationModes.o
                0x20007940                EnterFullMode
 .text.EnterCruiseMode
                0x20007998       0x58 ./src/SubSystemModules/PowerManagment/EPSOperationModes.o
                0x20007998                EnterCruiseMode
 .text.EnterSafeMode
                0x200079f0       0x58 ./src/SubSystemModules/PowerManagment/EPSOperationModes.o
                0x200079f0                EnterSafeMode
 .text.EnterCriticalMode
                0x20007a48       0x58 ./src/SubSystemModules/PowerManagment/EPSOperationModes.o
                0x20007a48                EnterCriticalMode
 .text.SetEPS_Channels
                0x20007aa0       0x28 ./src/SubSystemModules/PowerManagment/EPSOperationModes.o
                0x20007aa0                SetEPS_Channels
 .text.EpsSetLowVoltageFlag
                0x20007ac8       0x2c ./src/SubSystemModules/PowerManagment/EPSOperationModes.o
                0x20007ac8                EpsSetLowVoltageFlag
 .text.payloadInit
                0x20007af4       0x18 ./src/SubSystemModules/Payload/payload_drivers.o
                0x20007af4                payloadInit
 .text.payloadRead
                0x20007b0c       0xbc ./src/SubSystemModules/Payload/payload_drivers.o
                0x20007b0c                payloadRead
 .text.payloadSendCommand
                0x20007bc8       0x70 ./src/SubSystemModules/Payload/payload_drivers.o
                0x20007bc8                payloadSendCommand
 .text.payloadReadEnvironment
                0x20007c38      0x2e4 ./src/SubSystemModules/Payload/payload_drivers.o
                0x20007c38                payloadReadEnvironment
 .text.payloadReadEvents
                0x20007f1c      0x19c ./src/SubSystemModules/Payload/payload_drivers.o
                0x20007f1c                payloadReadEvents
 .text.payloadTurnOn
                0x200080b8       0x20 ./src/SubSystemModules/Payload/payload_drivers.o
                0x200080b8                payloadTurnOn
 .text._logg    0x200080d8      0x32c ./src/SubSystemModules/Maintenance/Log.o
                0x200080d8                _logg
 .text.logg     0x20008404       0xc4 ./src/SubSystemModules/Maintenance/Log.o
                0x20008404                logg
 .text.setLogLevel
                0x200084c8       0x30 ./src/SubSystemModules/Maintenance/Log.o
                0x200084c8                setLogLevel
 .text.getLogLevel
                0x200084f8       0x24 ./src/SubSystemModules/Maintenance/Log.o
                0x200084f8                getLogLevel
 .text.initLog  0x2000851c       0x34 ./src/SubSystemModules/Maintenance/Log.o
                0x2000851c                initLog
 .text.getLastErrorMsgSize
                0x20008550       0x24 ./src/SubSystemModules/Maintenance/Log.o
                0x20008550                getLastErrorMsgSize
 .text.copyLastErrorMsg
                0x20008574       0x5c ./src/SubSystemModules/Maintenance/Log.o
                0x20008574                copyLastErrorMsg
 .text.CheckExecutionTime
                0x200085d0       0x90 ./src/SubSystemModules/Maintenance/Maintenance.o
                0x200085d0                CheckExecutionTime
 .text.SaveSatTimeInFRAM
                0x20008660       0x44 ./src/SubSystemModules/Maintenance/Maintenance.o
                0x20008660                SaveSatTimeInFRAM
 .text.IsFS_Corrupted
                0x200086a4       0x48 ./src/SubSystemModules/Maintenance/Maintenance.o
                0x200086a4                IsFS_Corrupted
 .text.WakeupFromResetCMD
                0x200086ec       0xfc ./src/SubSystemModules/Maintenance/Maintenance.o
                0x200086ec                WakeupFromResetCMD
 .text.ResetGroundCommWDT
                0x200087e8       0x1c ./src/SubSystemModules/Maintenance/Maintenance.o
                0x200087e8                ResetGroundCommWDT
 .text.IsGroundCommunicationWDTKick
                0x20008804       0xd0 ./src/SubSystemModules/Maintenance/Maintenance.o
                0x20008804                IsGroundCommunicationWDTKick
 .text.GetGsWdtKickTime
                0x200088d4       0x38 ./src/SubSystemModules/Maintenance/Maintenance.o
                0x200088d4                GetGsWdtKickTime
 .text.Maintenance
                0x2000890c       0x48 ./src/SubSystemModules/Maintenance/Maintenance.o
                0x2000890c                Maintenance
 .text.InitDump
                0x20008954       0xa0 ./src/SubSystemModules/Housekepping/Dump.o
                0x20008954                InitDump
 .text.FinishDump
                0x200089f4       0xd8 ./src/SubSystemModules/Housekepping/Dump.o
                0x200089f4                FinishDump
 .text.SendDumpAbortRequest
                0x20008acc       0xa0 ./src/SubSystemModules/Housekepping/Dump.o
                0x20008acc                SendDumpAbortRequest
 .text.CheckDumpAbort
                0x20008b6c       0x58 ./src/SubSystemModules/Housekepping/Dump.o
                0x20008b6c                CheckDumpAbort
 .text.getTelemetryMetaData
                0x20008bc4       0x7c ./src/SubSystemModules/Housekepping/Dump.o
                0x20008bc4                getTelemetryMetaData
 .text.send     0x20008c40       0xc0 ./src/SubSystemModules/Housekepping/Dump.o
                0x20008c40                send
 .text.DumpStart
                0x20008d00      0x338 ./src/SubSystemModules/Housekepping/Dump.o
                0x20008d00                DumpStart
 .text.DumpTask
                0x20009038       0x34 ./src/SubSystemModules/Housekepping/Dump.o
                0x20009038                DumpTask
 .text.DumpTelemetry
                0x2000906c      0x1cc ./src/SubSystemModules/Housekepping/Dump.o
                0x2000906c                DumpTelemetry
 .text.CalcPacketSize
                0x20009238       0xb0 ./src/SubSystemModules/Housekepping/Dump.o
                0x20009238                CalcPacketSize
 .text.SendAll  0x200092e8      0x184 ./src/SubSystemModules/Housekepping/Dump.o
                0x200092e8                SendAll
 .text.FirstScan
                0x2000946c      0x3dc ./src/SubSystemModules/Housekepping/Dump.o
                0x2000946c                FirstScan
 .text.InitTelemetryCollector
                0x20009848       0x28 ./src/SubSystemModules/Housekepping/TelemetryCollector.o
                0x20009848                InitTelemetryCollector
 .text.GetTelemetryFilenameByType
                0x20009870      0x234 ./src/SubSystemModules/Housekepping/TelemetryCollector.o
                0x20009870                GetTelemetryFilenameByType
 .text.TelemetryCollectorLogic
                0x20009aa4      0x1cc ./src/SubSystemModules/Housekepping/TelemetryCollector.o
                0x20009aa4                TelemetryCollectorLogic
 .text.TelemetryCreateFiles
                0x20009c70      0x2a4 ./src/SubSystemModules/Housekepping/TelemetryCollector.o
                0x20009c70                TelemetryCreateFiles
 .text.TelemetrySaveEPS
                0x20009f14       0xbc ./src/SubSystemModules/Housekepping/TelemetryCollector.o
                0x20009f14                TelemetrySaveEPS
 .text.CMD_getEPS_TLM
                0x20009fd0       0x78 ./src/SubSystemModules/Housekepping/TelemetryCollector.o
                0x20009fd0                CMD_getEPS_TLM
 .text.TelemetrySaveTRXVU
                0x2000a048       0x8c ./src/SubSystemModules/Housekepping/TelemetryCollector.o
                0x2000a048                TelemetrySaveTRXVU
 .text.CMD_getTRXVU_TLM
                0x2000a0d4       0xf8 ./src/SubSystemModules/Housekepping/TelemetryCollector.o
                0x2000a0d4                CMD_getTRXVU_TLM
 .text.TelemetrySaveANT
                0x2000a1cc      0x10c ./src/SubSystemModules/Housekepping/TelemetryCollector.o
                0x2000a1cc                TelemetrySaveANT
 .text.CMD_getAnts_TLM
                0x2000a2d8       0x60 ./src/SubSystemModules/Housekepping/TelemetryCollector.o
                0x2000a2d8                CMD_getAnts_TLM
 .text.getSolarPanelsTLM
                0x2000a338       0xd4 ./src/SubSystemModules/Housekepping/TelemetryCollector.o
                0x2000a338                getSolarPanelsTLM
 .text.CMD_getSolar_TLM
                0x2000a40c       0x68 ./src/SubSystemModules/Housekepping/TelemetryCollector.o
                0x2000a40c                CMD_getSolar_TLM
 .text.TelemetrySaveWOD
                0x2000a474       0x4c ./src/SubSystemModules/Housekepping/TelemetryCollector.o
                0x2000a474                TelemetrySaveWOD
 .text.GetCurrentWODTelemetry
                0x2000a4c0      0x78c ./src/SubSystemModules/Housekepping/TelemetryCollector.o
                0x2000a4c0                GetCurrentWODTelemetry
 .text.TelemetrySavePIC32
                0x2000ac4c       0x64 ./src/SubSystemModules/Housekepping/TelemetryCollector.o
                0x2000ac4c                TelemetrySavePIC32
 .text.TelemetrySaveRADFET
                0x2000acb0       0x64 ./src/SubSystemModules/Housekepping/TelemetryCollector.o
                0x2000acb0                TelemetrySaveRADFET
 .text.CMD_EPS_ResetWDT
                0x2000ad14       0x2c ./src/SubSystemModules/Communication/SubsystemCommands/EPS_Commands.o
                0x2000ad14                CMD_EPS_ResetWDT
 .text.CMD_DeleteFileByTime
                0x2000ad40      0x110 ./src/SubSystemModules/Communication/SubsystemCommands/FS_Commands.o
                0x2000ad40                CMD_DeleteFileByTime
 .text.CMD_DeleteFilesOfType
                0x2000ae50       0xa8 ./src/SubSystemModules/Communication/SubsystemCommands/FS_Commands.o
                0x2000ae50                CMD_DeleteFilesOfType
 .text.CMD_DeleteFS
                0x2000aef8       0x24 ./src/SubSystemModules/Communication/SubsystemCommands/FS_Commands.o
                0x2000aef8                CMD_DeleteFS
 .text.CMD_GetLastFS_Error
                0x2000af1c       0x40 ./src/SubSystemModules/Communication/SubsystemCommands/FS_Commands.o
                0x2000af1c                CMD_GetLastFS_Error
 .text.CMD_FreeSpace
                0x2000af5c       0x58 ./src/SubSystemModules/Communication/SubsystemCommands/FS_Commands.o
                0x2000af5c                CMD_FreeSpace
 .text.CMD_isFS_Corrupt
                0x2000afb4       0x40 ./src/SubSystemModules/Communication/SubsystemCommands/FS_Commands.o
                0x2000afb4                CMD_isFS_Corrupt
 .text.CMD_GenericI2C
                0x2000aff4      0x168 ./src/SubSystemModules/Communication/SubsystemCommands/Maintanence_Commands.o
                0x2000aff4                CMD_GenericI2C
 .text.CMD_FRAM_ReadAndTransmitt
                0x2000b15c      0x128 ./src/SubSystemModules/Communication/SubsystemCommands/Maintanence_Commands.o
                0x2000b15c                CMD_FRAM_ReadAndTransmitt
 .text.CMD_FRAM_WriteAndTransmitt
                0x2000b284      0x13c ./src/SubSystemModules/Communication/SubsystemCommands/Maintanence_Commands.o
                0x2000b284                CMD_FRAM_WriteAndTransmitt
 .text.CMD_FRAM_Start
                0x2000b3c0       0x58 ./src/SubSystemModules/Communication/SubsystemCommands/Maintanence_Commands.o
                0x2000b3c0                CMD_FRAM_Start
 .text.CMD_FRAM_Stop
                0x2000b418       0x3c ./src/SubSystemModules/Communication/SubsystemCommands/Maintanence_Commands.o
                0x2000b418                CMD_FRAM_Stop
 .text.CMD_FRAM_Restart
                0x2000b454       0x40 ./src/SubSystemModules/Communication/SubsystemCommands/Maintanence_Commands.o
                0x2000b454                CMD_FRAM_Restart
 .text.CMD_UpdateSatTime
                0x2000b494       0xb4 ./src/SubSystemModules/Communication/SubsystemCommands/Maintanence_Commands.o
                0x2000b494                CMD_UpdateSatTime
 .text.CMD_GetSatTime
                0x2000b548       0x78 ./src/SubSystemModules/Communication/SubsystemCommands/Maintanence_Commands.o
                0x2000b548                CMD_GetSatTime
 .text.CMD_GetSatUptime
                0x2000b5c0       0x60 ./src/SubSystemModules/Communication/SubsystemCommands/Maintanence_Commands.o
                0x2000b5c0                CMD_GetSatUptime
 .text.CMD_AntennaDeploy
                0x2000b620       0x40 ./src/SubSystemModules/Communication/SubsystemCommands/Maintanence_Commands.o
                0x2000b620                CMD_AntennaDeploy
 .text.CMD_setLogLevel
                0x2000b660       0x94 ./src/SubSystemModules/Communication/SubsystemCommands/Maintanence_Commands.o
                0x2000b660                CMD_setLogLevel
 .text.CMD_getLogLevel
                0x2000b6f4       0x9c ./src/SubSystemModules/Communication/SubsystemCommands/Maintanence_Commands.o
                0x2000b6f4                CMD_getLogLevel
 .text.CMD_SetTLM_CollectionCycle
                0x2000b790      0x1a0 ./src/SubSystemModules/Communication/SubsystemCommands/Maintanence_Commands.o
                0x2000b790                CMD_SetTLM_CollectionCycle
 .text.CMD_GetTLM_CollectionCycle
                0x2000b930      0x170 ./src/SubSystemModules/Communication/SubsystemCommands/Maintanence_Commands.o
                0x2000b930                CMD_GetTLM_CollectionCycle
 .text.CMD_ResetComponent
                0x2000baa0      0x264 ./src/SubSystemModules/Communication/SubsystemCommands/Maintanence_Commands.o
                0x2000baa0                CMD_ResetComponent
 .text.CMD_StartDump
                0x2000bd04       0x34 ./src/SubSystemModules/Communication/SubsystemCommands/TRXVU_Commands.o
                0x2000bd04                CMD_StartDump
 .text.CMD_SendDumpAbortRequest
                0x2000bd38       0x24 ./src/SubSystemModules/Communication/SubsystemCommands/TRXVU_Commands.o
                0x2000bd38                CMD_SendDumpAbortRequest
 .text.CMD_MuteTRXVU
                0x2000bd5c       0x5c ./src/SubSystemModules/Communication/SubsystemCommands/TRXVU_Commands.o
                0x2000bd5c                CMD_MuteTRXVU
 .text.CMD_UnMuteTRXVU
                0x2000bdb8       0x24 ./src/SubSystemModules/Communication/SubsystemCommands/TRXVU_Commands.o
                0x2000bdb8                CMD_UnMuteTRXVU
 .text.CMD_GetBeaconInterval
                0x2000bddc       0x60 ./src/SubSystemModules/Communication/SubsystemCommands/TRXVU_Commands.o
                0x2000bddc                CMD_GetBeaconInterval
 .text.CMD_GetTxUptime
                0x2000be3c       0x5c ./src/SubSystemModules/Communication/SubsystemCommands/TRXVU_Commands.o
                0x2000be3c                CMD_GetTxUptime
 .text.CMD_GetRxUptime
                0x2000be98       0x5c ./src/SubSystemModules/Communication/SubsystemCommands/TRXVU_Commands.o
                0x2000be98                CMD_GetRxUptime
 .text.CMD_GetNumOfOnlineCommands
                0x2000bef4       0x54 ./src/SubSystemModules/Communication/SubsystemCommands/TRXVU_Commands.o
                0x2000bef4                CMD_GetNumOfOnlineCommands
 .text.CMD_AntSetArmStatus
                0x2000bf48       0x9c ./src/SubSystemModules/Communication/SubsystemCommands/TRXVU_Commands.o
                0x2000bf48                CMD_AntSetArmStatus
 .text.CMD_AntGetArmStatus
                0x2000bfe4       0x64 ./src/SubSystemModules/Communication/SubsystemCommands/TRXVU_Commands.o
                0x2000bfe4                CMD_AntGetArmStatus
 .text.CMD_AntGetUptime
                0x2000c048       0x6c ./src/SubSystemModules/Communication/SubsystemCommands/TRXVU_Commands.o
                0x2000c048                CMD_AntGetUptime
 .text.CMD_AntCancelDeployment
                0x2000c0b4       0x40 ./src/SubSystemModules/Communication/SubsystemCommands/TRXVU_Commands.o
                0x2000c0b4                CMD_AntCancelDeployment
 .text.CMD_AntStopAutoDeployment
                0x2000c0f4       0x48 ./src/SubSystemModules/Communication/SubsystemCommands/TRXVU_Commands.o
                0x2000c0f4                CMD_AntStopAutoDeployment
 .text.SendAckPacket
                0x2000c13c       0xe0 ./src/SubSystemModules/Communication/AckHandler.o
                0x2000c13c                SendAckPacket
 .text.SendErrorMSG
                0x2000c21c       0xc4 ./src/SubSystemModules/Communication/AckHandler.o
                0x2000c21c                SendErrorMSG
 .text.ActUponCommand
                0x2000c2e0      0x1ac ./src/SubSystemModules/Communication/ActUponCommand.o
                0x2000c2e0                ActUponCommand
 .text.InitBeaconParams
                0x2000c48c       0x74 ./src/SubSystemModules/Communication/Beacon.o
                0x2000c48c                InitBeaconParams
 .text.BeaconLogic
                0x2000c500      0x18c ./src/SubSystemModules/Communication/Beacon.o
                0x2000c500                BeaconLogic
 .text.UpdateBeaconInterval
                0x2000c68c       0xe8 ./src/SubSystemModules/Communication/Beacon.o
                0x2000c68c                UpdateBeaconInterval
 .text.trxvu_command_router
                0x2000c774      0x244 ./src/SubSystemModules/Communication/CommandDictionary.o
                0x2000c774                trxvu_command_router
 .text.eps_command_router
                0x2000c9b8       0xa4 ./src/SubSystemModules/Communication/CommandDictionary.o
                0x2000c9b8                eps_command_router
 .text.telemetry_command_router
                0x2000ca5c       0xd0 ./src/SubSystemModules/Communication/CommandDictionary.o
                0x2000ca5c                telemetry_command_router
 .text.managment_command_router
                0x2000cb2c      0x2a8 ./src/SubSystemModules/Communication/CommandDictionary.o
                0x2000cb2c                managment_command_router
 .text.filesystem_command_router
                0x2000cdd4      0x108 ./src/SubSystemModules/Communication/CommandDictionary.o
                0x2000cdd4                filesystem_command_router
 .text.AssembleCommand
                0x2000cedc      0x244 ./src/SubSystemModules/Communication/SatCommandHandler.o
                0x2000cedc                AssembleCommand
 .text.ParseDataToCommand
                0x2000d120      0x270 ./src/SubSystemModules/Communication/SatCommandHandler.o
                0x2000d120                ParseDataToCommand
 .text.GetOnlineCommand
                0x2000d390      0x134 ./src/SubSystemModules/Communication/SatCommandHandler.o
                0x2000d390                GetOnlineCommand
 .text.InitTxModule
                0x2000d4c4       0xec ./src/SubSystemModules/Communication/SatDataTx.o
                0x2000d4c4                InitTxModule
 .text.muteTRXVU
                0x2000d5b0       0xbc ./src/SubSystemModules/Communication/SatDataTx.o
                0x2000d5b0                muteTRXVU
 .text.UnMuteTRXVU
                0x2000d66c       0x60 ./src/SubSystemModules/Communication/SatDataTx.o
                0x2000d66c                UnMuteTRXVU
 .text.GetMuteFlag
                0x2000d6cc       0x24 ./src/SubSystemModules/Communication/SatDataTx.o
                0x2000d6cc                GetMuteFlag
 .text.CheckForMuteEnd
                0x2000d6f0       0x70 ./src/SubSystemModules/Communication/SatDataTx.o
                0x2000d6f0                CheckForMuteEnd
 .text.GetNumberOfFramesInBuffer
                0x2000d760       0x50 ./src/SubSystemModules/Communication/SatDataTx.o
                0x2000d760                GetNumberOfFramesInBuffer
 .text.CheckTransmitionAllowed
                0x2000d7b0       0x98 ./src/SubSystemModules/Communication/SatDataTx.o
                0x2000d7b0                CheckTransmitionAllowed
 .text.TransmitDataAsSPL_Packet
                0x2000d848      0x18c ./src/SubSystemModules/Communication/SatDataTx.o
                0x2000d848                TransmitDataAsSPL_Packet
 .text.TransmitSplPacket
                0x2000d9d4       0xf0 ./src/SubSystemModules/Communication/SatDataTx.o
                0x2000d9d4                TransmitSplPacket
 .text.vu_getFrequenciesTest_revE
                0x2000dac4      0x120 ./src/SubSystemModules/Communication/TRXVU.o
                0x2000dac4                vu_getFrequenciesTest_revE
 .text.setLastAntsAutoDeploymentTime
                0x2000dbe4       0x3c ./src/SubSystemModules/Communication/TRXVU.o
                0x2000dbe4                setLastAntsAutoDeploymentTime
 .text.HandleOpenAnts
                0x2000dc20       0x54 ./src/SubSystemModules/Communication/TRXVU.o
                0x2000dc20                HandleOpenAnts
 .text.SetIdleOff
                0x2000dc74       0x94 ./src/SubSystemModules/Communication/TRXVU.o
                0x2000dc74                SetIdleOff
 .text.HandleIdleAndMuteTime
                0x2000dd08       0x8c ./src/SubSystemModules/Communication/TRXVU.o
                0x2000dd08                HandleIdleAndMuteTime
 .text.HandleTransponderTime
                0x2000dd94       0x30 ./src/SubSystemModules/Communication/TRXVU.o
                0x2000dd94                HandleTransponderTime
 .text.InitAnts
                0x2000ddc4       0x6c ./src/SubSystemModules/Communication/TRXVU.o
                0x2000ddc4                InitAnts
 .text.SetFreqAndBitrate
                0x2000de30      0x12c ./src/SubSystemModules/Communication/TRXVU.o
                0x2000de30                SetFreqAndBitrate
 .text.InitTrxvu
                0x2000df5c       0xb8 ./src/SubSystemModules/Communication/TRXVU.o
                0x2000df5c                InitTrxvu
 .text.TRX_Logic
                0x2000e014      0x1a4 ./src/SubSystemModules/Communication/TRXVU.o
                0x2000e014                TRX_Logic
 .text.CMD_SetIdleOn
                0x2000e1b8       0xfc ./src/SubSystemModules/Communication/TRXVU.o
                0x2000e1b8                CMD_SetIdleOn
 .text.CMD_SetIdleOff
                0x2000e2b4       0x28 ./src/SubSystemModules/Communication/TRXVU.o
                0x2000e2b4                CMD_SetIdleOff
 .text.areAntennasOpen
                0x2000e2dc       0x7c ./src/SubSystemModules/Communication/TRXVU.o
                0x2000e2dc                areAntennasOpen
 .text.initTransponder
                0x2000e358      0x100 ./src/SubSystemModules/Communication/Transponder.o
                0x2000e358                initTransponder
 .text.set_transonder_mode
                0x2000e458       0xcc ./src/SubSystemModules/Communication/Transponder.o
                0x2000e458                set_transonder_mode
 .text.set_transponder_RSSI
                0x2000e524       0x58 ./src/SubSystemModules/Communication/Transponder.o
                0x2000e524                set_transponder_RSSI
 .text.CMD_turnOnTransponder
                0x2000e57c      0x1c0 ./src/SubSystemModules/Communication/Transponder.o
                0x2000e57c                CMD_turnOnTransponder
 .text.CMD_set_transponder_RSSI
                0x2000e73c       0xc4 ./src/SubSystemModules/Communication/Transponder.o
                0x2000e73c                CMD_set_transponder_RSSI
 .text.CMD_turnOffTransponder
                0x2000e800       0x74 ./src/SubSystemModules/Communication/Transponder.o
                0x2000e800                CMD_turnOffTransponder
 .text.getTransponderMode
                0x2000e874       0x24 ./src/SubSystemModules/Communication/Transponder.o
                0x2000e874                getTransponderMode
 .text.checkEndTransponderMode
                0x2000e898       0x80 ./src/SubSystemModules/Communication/Transponder.o
                0x2000e898                checkEndTransponderMode
 .text.getDuration
                0x2000e918       0x80 ./src/SubSystemModules/Communication/Transponder.o
                0x2000e918                getDuration
 .text.isFirstActivation
                0x2000e998       0x74 ./src/InitSystem.o
                0x2000e998                isFirstActivation
 .text.firstActivationProcedure
                0x2000ea0c      0x15c ./src/InitSystem.o
                0x2000ea0c                firstActivationProcedure
 .text.StartFRAM
                0x2000eb68       0x18 ./src/InitSystem.o
                0x2000eb68                StartFRAM
 .text.StartI2C
                0x2000eb80       0x24 ./src/InitSystem.o
                0x2000eb80                StartI2C
 .text.StartSPI
                0x2000eba4       0x20 ./src/InitSystem.o
                0x2000eba4                StartSPI
 .text.StartTIME
                0x2000ebc4       0xd4 ./src/InitSystem.o
                0x2000ebc4                StartTIME
 .text.autoDeploy
                0x2000ec98      0x15c ./src/InitSystem.o
                0x2000ec98                autoDeploy
 .text.DeploySystem
                0x2000edf4       0x58 ./src/InitSystem.o
                0x2000edf4                DeploySystem
 .text.InitSubsystems
                0x2000ee4c      0x320 ./src/InitSystem.o
                0x2000ee4c                InitSubsystems
 .text.getSdIndex
                0x2000f16c       0x44 ./src/TLM_management.o
 .text.setSdIndex
                0x2000f1b0       0x4c ./src/TLM_management.o
 .text.sd_format
                0x2000f1fc       0x28 ./src/TLM_management.o
                0x2000f1fc                sd_format
 .text.getNumOfFilesInFS
                0x2000f224       0x44 ./src/TLM_management.o
 .text.setNumOfFilesInFS
                0x2000f268       0x48 ./src/TLM_management.o
 .text.f_managed_enterFS
                0x2000f2b0       0x18 ./src/TLM_management.o
                0x2000f2b0                f_managed_enterFS
 .text.f_managed_open
                0x2000f2c8       0x60 ./src/TLM_management.o
                0x2000f2c8                f_managed_open
 .text.f_managed_close
                0x2000f328       0x3c ./src/TLM_management.o
                0x2000f328                f_managed_close
 .text.createSemahores_FS
                0x2000f364       0x78 ./src/TLM_management.o
                0x2000f364                createSemahores_FS
 .text.formatAndCreateFiles
                0x2000f3dc       0x68 ./src/TLM_management.o
                0x2000f3dc                formatAndCreateFiles
 .text.InitializeFS
                0x2000f444      0x150 ./src/TLM_management.o
                0x2000f444                InitializeFS
 .text.c_fileCreate
                0x2000f594      0x12c ./src/TLM_management.o
                0x2000f594                c_fileCreate
 .text.writewithEpochtime
                0x2000f6c0       0x90 ./src/TLM_management.o
 .text.write    0x2000f750       0x3c ./src/TLM_management.o
 .text.get_C_FILE_struct
                0x2000f78c       0xe4 ./src/TLM_management.o
                0x2000f78c                get_C_FILE_struct
 .text.getFileIndex
                0x2000f870       0x84 ./src/TLM_management.o
                0x2000f870                getFileIndex
 .text.get_file_name_by_index
                0x2000f8f4       0x44 ./src/TLM_management.o
                0x2000f8f4                get_file_name_by_index
 .text.c_fileWrite
                0x2000f938       0x38 ./src/TLM_management.o
                0x2000f938                c_fileWrite
 .text._c_fileWrite
                0x2000f970      0x194 ./src/TLM_management.o
                0x2000f970                _c_fileWrite
 .text.deleteElementsFromFile
                0x2000fb04      0x1a0 ./src/TLM_management.o
 .text.c_fileGetSizeOfElement
                0x2000fca4       0x5c ./src/TLM_management.o
                0x2000fca4                c_fileGetSizeOfElement
 .text.c_fileDeleteElements
                0x2000fd00      0x158 ./src/TLM_management.o
                0x2000fd00                c_fileDeleteElements
 .text.DeInitializeFS
                0x2000fe58       0x78 ./src/TLM_management.o
                0x2000fe58                DeInitializeFS
 .text.taskMain
                0x2000fed0       0x68 ./src/main.o
                0x2000fed0                taskMain
 .text.main     0x2000ff38       0x98 ./src/main.o
                0x2000ff38                main
 .text.clearPDCtransfers
                0x2000ffd0       0xe8 C:/Users/ground/Documents/GitHub/tevel2/GlobusSatProject/..//hal/hal/lib\libHALD.a(SPI.o)
 .text.SPI_start
                0x200100b8      0x4b0 C:/Users/ground/Documents/GitHub/tevel2/GlobusSatProject/..//hal/hal/lib\libHALD.a(SPI.o)
                0x200100b8                SPI_start
 .text.SPI_stop
                0x20010568      0x244 C:/Users/ground/Documents/GitHub/tevel2/GlobusSatProject/..//hal/hal/lib\libHALD.a(SPI.o)
                0x20010568                SPI_stop
 .text.SPI_queueTransfer
                0x200107ac      0x1cc C:/Users/ground/Documents/GitHub/tevel2/GlobusSatProject/..//hal/hal/lib\libHALD.a(SPI.o)
                0x200107ac                SPI_queueTransfer
 .text.SPI_internalCallback
                0x20010978       0x64 C:/Users/ground/Documents/GitHub/tevel2/GlobusSatProject/..//hal/hal/lib\libHALD.a(SPI.o)
 .text.SPI_writeRead
                0x200109dc      0x1c0 C:/Users/ground/Documents/GitHub/tevel2/GlobusSatProject/..//hal/hal/lib\libHALD.a(SPI.o)
                0x200109dc                SPI_writeRead
 .text.waitForTransfer
                0x20010b9c       0x78 C:/Users/ground/Documents/GitHub/tevel2/GlobusSatProject/..//hal/hal/lib\libHALD.a(SPI.o)
 .text.SPI_getDriverState
                0x20010c14       0x58 C:/Users/ground/Documents/GitHub/tevel2/GlobusSatProject/..//hal/hal/lib\libHALD.a(SPI.o)
                0x20010c14                SPI_getDriverState
 .text.validateTransferParameters
                0x20010c6c      0x10c C:/Users/ground/Documents/GitHub/tevel2/GlobusSatProject/..//hal/hal/lib\libHALD.a(I2C.o)
 .text.I2C_queueTransfer
                0x20010d78       0xfc C:/Users/ground/Documents/GitHub/tevel2/GlobusSatProject/..//hal/hal/lib\libHALD.a(I2C.o)
                0x20010d78                I2C_queueTransfer
 .text.I2C_internalCallback
                0x20010e74       0x64 C:/Users/ground/Documents/GitHub/tevel2/GlobusSatProject/..//hal/hal/lib\libHALD.a(I2C.o)
 .text.I2C_doBlockingTransfer
                0x20010ed8      0x180 C:/Users/ground/Documents/GitHub/tevel2/GlobusSatProject/..//hal/hal/lib\libHALD.a(I2C.o)
 .text.I2C_write
                0x20011058      0x110 C:/Users/ground/Documents/GitHub/tevel2/GlobusSatProject/..//hal/hal/lib\libHALD.a(I2C.o)
                0x20011058                I2C_write
 .text.I2C_read
                0x20011168      0x110 C:/Users/ground/Documents/GitHub/tevel2/GlobusSatProject/..//hal/hal/lib\libHALD.a(I2C.o)
                0x20011168                I2C_read
 .text.I2C_writeRead
                0x20011278      0x17c C:/Users/ground/Documents/GitHub/tevel2/GlobusSatProject/..//hal/hal/lib\libHALD.a(I2C.o)
                0x20011278                I2C_writeRead
 .text.I2C_start
                0x200113f4      0x2e8 C:/Users/ground/Documents/GitHub/tevel2/GlobusSatProject/..//hal/hal/lib\libHALD.a(I2C.o)
                0x200113f4                I2C_start
 .text.I2C_stop
                0x200116dc      0x184 C:/Users/ground/Documents/GitHub/tevel2/GlobusSatProject/..//hal/hal/lib\libHALD.a(I2C.o)
                0x200116dc                I2C_stop
 .text.I2C_setTransferTimeout
                0x20011860       0x48 C:/Users/ground/Documents/GitHub/tevel2/GlobusSatProject/..//hal/hal/lib\libHALD.a(I2C.o)
                0x20011860                I2C_setTransferTimeout
 .text.ADC_ConvertRaw10bitToMillivolt
                0x200118a8       0x50 C:/Users/ground/Documents/GitHub/tevel2/GlobusSatProject/..//hal/hal/lib\libHALD.a(ADC.o)
                0x200118a8                ADC_ConvertRaw10bitToMillivolt
 .text.ADC_SingleShot
                0x200118f8      0x230 C:/Users/ground/Documents/GitHub/tevel2/GlobusSatProject/..//hal/hal/lib\libHALD.a(ADC.o)
                0x200118f8                ADC_SingleShot
 .text.FRAM_start
                0x20011b28      0x120 C:/Users/ground/Documents/GitHub/tevel2/GlobusSatProject/..//hal/hal/lib\libHALD.a(FRAM.o)
                0x20011b28                FRAM_start
 .text.FRAM_stop
                0x20011c48       0x6c C:/Users/ground/Documents/GitHub/tevel2/GlobusSatProject/..//hal/hal/lib\libHALD.a(FRAM.o)
                0x20011c48                FRAM_stop
 .text.FRAM_dummyCallback
                0x20011cb4       0x24 C:/Users/ground/Documents/GitHub/tevel2/GlobusSatProject/..//hal/hal/lib\libHALD.a(FRAM.o)
                0x20011cb4                FRAM_dummyCallback
 .text.FRAM_unlockingCallback
                0x20011cd8       0x64 C:/Users/ground/Documents/GitHub/tevel2/GlobusSatProject/..//hal/hal/lib\libHALD.a(FRAM.o)
                0x20011cd8                FRAM_unlockingCallback
 .text.doBlockingTransfer
                0x20011d3c       0x78 C:/Users/ground/Documents/GitHub/tevel2/GlobusSatProject/..//hal/hal/lib\libHALD.a(FRAM.o)
 .text.FRAM_writePacket
                0x20011db4      0x134 C:/Users/ground/Documents/GitHub/tevel2/GlobusSatProject/..//hal/hal/lib\libHALD.a(FRAM.o)
 .text.FRAM_write
                0x20011ee8      0x1e0 C:/Users/ground/Documents/GitHub/tevel2/GlobusSatProject/..//hal/hal/lib\libHALD.a(FRAM.o)
                0x20011ee8                FRAM_write
 .text.FRAM_readPacket
                0x200120c8       0xf0 C:/Users/ground/Documents/GitHub/tevel2/GlobusSatProject/..//hal/hal/lib\libHALD.a(FRAM.o)
 .text.FRAM_read
                0x200121b8      0x1ec C:/Users/ground/Documents/GitHub/tevel2/GlobusSatProject/..//hal/hal/lib\libHALD.a(FRAM.o)
                0x200121b8                FRAM_read
 .text.Time_start
                0x200123a4      0x170 C:/Users/ground/Documents/GitHub/tevel2/GlobusSatProject/..//hal/hal/lib\libHALD.a(Time.o)
                0x200123a4                Time_start
 .text.taskTimeSync
                0x20012514       0x64 C:/Users/ground/Documents/GitHub/tevel2/GlobusSatProject/..//hal/hal/lib\libHALD.a(Time.o)
 .text.Time_convertEpochToTime
                0x20012578      0x100 C:/Users/ground/Documents/GitHub/tevel2/GlobusSatProject/..//hal/hal/lib\libHALD.a(Time.o)
                0x20012578                Time_convertEpochToTime
 .text.Time_calculateSecondsOfYear
                0x20012678       0xd8 C:/Users/ground/Documents/GitHub/tevel2/GlobusSatProject/..//hal/hal/lib\libHALD.a(Time.o)
 .text.Time_set
                0x20012750       0xd8 C:/Users/ground/Documents/GitHub/tevel2/GlobusSatProject/..//hal/hal/lib\libHALD.a(Time.o)
                0x20012750                Time_set
 .text.Time_isLeapYear
                0x20012828       0x98 C:/Users/ground/Documents/GitHub/tevel2/GlobusSatProject/..//hal/hal/lib\libHALD.a(Time.o)
                0x20012828                Time_isLeapYear
 .text.Time_get
                0x200128c0      0x478 C:/Users/ground/Documents/GitHub/tevel2/GlobusSatProject/..//hal/hal/lib\libHALD.a(Time.o)
                0x200128c0                Time_get
 .text.Time_getUnixEpoch
                0x20012d38      0x108 C:/Users/ground/Documents/GitHub/tevel2/GlobusSatProject/..//hal/hal/lib\libHALD.a(Time.o)
                0x20012d38                Time_getUnixEpoch
 .text.Time_secondsOfYearToTime
                0x20012e40      0x33c C:/Users/ground/Documents/GitHub/tevel2/GlobusSatProject/..//hal/hal/lib\libHALD.a(Time.o)
 .text.Time_setUnixEpoch
                0x2001317c       0x54 C:/Users/ground/Documents/GitHub/tevel2/GlobusSatProject/..//hal/hal/lib\libHALD.a(Time.o)
                0x2001317c                Time_setUnixEpoch
 .text.Time_getUptimeSeconds
                0x200131d0       0x28 C:/Users/ground/Documents/GitHub/tevel2/GlobusSatProject/..//hal/hal/lib\libHALD.a(Time.o)
                0x200131d0                Time_getUptimeSeconds
 .text.Time_sync
                0x200131f8      0x1a8 C:/Users/ground/Documents/GitHub/tevel2/GlobusSatProject/..//hal/hal/lib\libHALD.a(Time.o)
                0x200131f8                Time_sync
 .text.Time_syncIfNeeded
                0x200133a0       0xac C:/Users/ground/Documents/GitHub/tevel2/GlobusSatProject/..//hal/hal/lib\libHALD.a(Time.o)
                0x200133a0                Time_syncIfNeeded
 .text.WDT_start
                0x2001344c       0x48 C:/Users/ground/Documents/GitHub/tevel2/GlobusSatProject/..//hal/hal/lib\libHALD.a(WatchDogTimerNoOS.o)
                0x2001344c                WDT_start
 .text.RTT_start
                0x20013494       0x24 C:/Users/ground/Documents/GitHub/tevel2/GlobusSatProject/..//hal/hal/lib\libHALD.a(RTT.o)
                0x20013494                RTT_start
 .text.RTT_GetTime
                0x200134b8       0x24 C:/Users/ground/Documents/GitHub/tevel2/GlobusSatProject/..//hal/hal/lib\libHALD.a(RTT.o)
                0x200134b8                RTT_GetTime
 .text.RTC_start
                0x200134dc       0x3c C:/Users/ground/Documents/GitHub/tevel2/GlobusSatProject/..//hal/hal/lib\libHALD.a(RTC.o)
                0x200134dc                RTC_start
 .text.RTC_setTime
                0x20013518      0x2a4 C:/Users/ground/Documents/GitHub/tevel2/GlobusSatProject/..//hal/hal/lib\libHALD.a(RTC.o)
                0x20013518                RTC_setTime
 .text.RTC_getTime
                0x200137bc      0x230 C:/Users/ground/Documents/GitHub/tevel2/GlobusSatProject/..//hal/hal/lib\libHALD.a(RTC.o)
                0x200137bc                RTC_getTime
 .text.RTC_checkTimeValid
                0x200139ec       0xd8 C:/Users/ground/Documents/GitHub/tevel2/GlobusSatProject/..//hal/hal/lib\libHALD.a(RTC.o)
                0x200139ec                RTC_checkTimeValid
 .text.WDT_startWatchdogKickTask
                0x20013ac4       0xb4 C:/Users/ground/Documents/GitHub/tevel2/GlobusSatProject/..//hal/hal/lib\libHALD.a(WatchDogTimerOS.o)
                0x20013ac4                WDT_startWatchdogKickTask
 .text.WDT_forceKickEveryNms
                0x20013b78       0x50 C:/Users/ground/Documents/GitHub/tevel2/GlobusSatProject/..//hal/hal/lib\libHALD.a(WatchDogTimerOS.o)
                0x20013b78                WDT_forceKickEveryNms
 .text.LED_glow
                0x20013bc8       0x58 C:/Users/ground/Documents/GitHub/tevel2/GlobusSatProject/..//hal/hal/lib\libHALD.a(LED.o)
                0x20013bc8                LED_glow
 .text.LED_dark
                0x20013c20       0x58 C:/Users/ground/Documents/GitHub/tevel2/GlobusSatProject/..//hal/hal/lib\libHALD.a(LED.o)
                0x20013c20                LED_dark
 .text.LED_toggle
                0x20013c78       0x50 C:/Users/ground/Documents/GitHub/tevel2/GlobusSatProject/..//hal/hal/lib\libHALD.a(LED.o)
                0x20013c78                LED_toggle
 .text.fm_initvolume
                0x20013cc8       0x70 C:/Users/ground/Documents/GitHub/tevel2/GlobusSatProject/..//hal/hcc/lib\libHCCD.a(fat_m.o)
                0x20013cc8                fm_initvolume
 .text.fm_delvolume
                0x20013d38       0x60 C:/Users/ground/Documents/GitHub/tevel2/GlobusSatProject/..//hal/hcc/lib\libHCCD.a(fat_m.o)
                0x20013d38                fm_delvolume
 .text.fm_format
                0x20013d98       0x68 C:/Users/ground/Documents/GitHub/tevel2/GlobusSatProject/..//hal/hcc/lib\libHCCD.a(fat_m.o)
                0x20013d98                fm_format
 .text.fm_getdrive
                0x20013e00       0x70 C:/Users/ground/Documents/GitHub/tevel2/GlobusSatProject/..//hal/hcc/lib\libHCCD.a(fat_m.o)
                0x20013e00                fm_getdrive
 .text.fm_getfreespace
                0x20013e70       0x68 C:/Users/ground/Documents/GitHub/tevel2/GlobusSatProject/..//hal/hcc/lib\libHCCD.a(fat_m.o)
                0x20013e70                fm_getfreespace
 .text.fm_mkdir
                0x20013ed8       0x60 C:/Users/ground/Documents/GitHub/tevel2/GlobusSatProject/..//hal/hcc/lib\libHCCD.a(fat_m.o)
                0x20013ed8                fm_mkdir
 .text.fm_rename
                0x20013f38       0x68 C:/Users/ground/Documents/GitHub/tevel2/GlobusSatProject/..//hal/hcc/lib\libHCCD.a(fat_m.o)
                0x20013f38                fm_rename
 .text.fm_filelength
                0x20013fa0       0x60 C:/Users/ground/Documents/GitHub/tevel2/GlobusSatProject/..//hal/hcc/lib\libHCCD.a(fat_m.o)
                0x20013fa0                fm_filelength
 .text.fm_close
                0x20014000       0x60 C:/Users/ground/Documents/GitHub/tevel2/GlobusSatProject/..//hal/hcc/lib\libHCCD.a(fat_m.o)
                0x20014000                fm_close
 .text.fm_flush
                0x20014060       0x60 C:/Users/ground/Documents/GitHub/tevel2/GlobusSatProject/..//hal/hcc/lib\libHCCD.a(fat_m.o)
                0x20014060                fm_flush
 .text.fm_open  0x200140c0       0x68 C:/Users/ground/Documents/GitHub/tevel2/GlobusSatProject/..//hal/hcc/lib\libHCCD.a(fat_m.o)
                0x200140c0                fm_open
 .text.fm_read  0x20014128       0x7c C:/Users/ground/Documents/GitHub/tevel2/GlobusSatProject/..//hal/hcc/lib\libHCCD.a(fat_m.o)
                0x20014128                fm_read
 .text.fm_write
                0x200141a4       0x7c C:/Users/ground/Documents/GitHub/tevel2/GlobusSatProject/..//hal/hcc/lib\libHCCD.a(fat_m.o)
                0x200141a4                fm_write
 .text.fm_seek  0x20014220       0x70 C:/Users/ground/Documents/GitHub/tevel2/GlobusSatProject/..//hal/hcc/lib\libHCCD.a(fat_m.o)
                0x20014220                fm_seek
 .text.fm_delete
                0x20014290       0x64 C:/Users/ground/Documents/GitHub/tevel2/GlobusSatProject/..//hal/hcc/lib\libHCCD.a(fat_m.o)
                0x20014290                fm_delete
 .text.fm_getlasterror
                0x200142f4       0x40 C:/Users/ground/Documents/GitHub/tevel2/GlobusSatProject/..//hal/hcc/lib\libHCCD.a(fat_m.o)
                0x200142f4                fm_getlasterror
 .text._f_invalidatedir
                0x20014334       0x28 C:/Users/ground/Documents/GitHub/tevel2/GlobusSatProject/..//hal/hcc/lib\libHCCD.a(fat.o)
                0x20014334                _f_invalidatedir
 .text._f_getdirsector
                0x2001435c       0x88 C:/Users/ground/Documents/GitHub/tevel2/GlobusSatProject/..//hal/hcc/lib\libHCCD.a(fat.o)
                0x2001435c                _f_getdirsector
 .text._f_writedirsector
                0x200143e4       0x74 C:/Users/ground/Documents/GitHub/tevel2/GlobusSatProject/..//hal/hcc/lib\libHCCD.a(fat.o)
                0x200143e4                _f_writedirsector
 .text._f_checknameinv
                0x20014458      0x180 C:/Users/ground/Documents/GitHub/tevel2/GlobusSatProject/..//hal/hcc/lib\libHCCD.a(fat.o)
 .text._f_checkname
                0x200145d8       0x7c C:/Users/ground/Documents/GitHub/tevel2/GlobusSatProject/..//hal/hcc/lib\libHCCD.a(fat.o)
 .text._f_checknamewc
                0x20014654       0xf8 C:/Users/ground/Documents/GitHub/tevel2/GlobusSatProject/..//hal/hcc/lib\libHCCD.a(fat.o)
 .text._f_setnameext
                0x2001474c      0x300 C:/Users/ground/Documents/GitHub/tevel2/GlobusSatProject/..//hal/hcc/lib\libHCCD.a(fat.o)
 .text._f_setfsname
                0x20014a4c      0x584 C:/Users/ground/Documents/GitHub/tevel2/GlobusSatProject/..//hal/hcc/lib\libHCCD.a(fat.o)
 .text._f_findfile
                0x20014fd0      0x30c C:/Users/ground/Documents/GitHub/tevel2/GlobusSatProject/..//hal/hcc/lib\libHCCD.a(fat.o)
 .text._f_findpath
                0x200152dc      0x35c C:/Users/ground/Documents/GitHub/tevel2/GlobusSatProject/..//hal/hcc/lib\libHCCD.a(fat.o)
 .text.fn_getdcwd
                0x20015638      0x1e0 C:/Users/ground/Documents/GitHub/tevel2/GlobusSatProject/..//hal/hcc/lib\libHCCD.a(fat.o)
                0x20015638                fn_getdcwd
 .text.fn_move  0x20015818      0xad0 C:/Users/ground/Documents/GitHub/tevel2/GlobusSatProject/..//hal/hcc/lib\libHCCD.a(fat.o)
                0x20015818                fn_move
 .text.fn_rename
                0x200162e8      0x214 C:/Users/ground/Documents/GitHub/tevel2/GlobusSatProject/..//hal/hcc/lib\libHCCD.a(fat.o)
                0x200162e8                fn_rename
 .text._f_lock_resfile
                0x200164fc       0x6c C:/Users/ground/Documents/GitHub/tevel2/GlobusSatProject/..//hal/hcc/lib\libHCCD.a(fat.o)
 .text._f_unlock_resfile
                0x20016568       0x40 C:/Users/ground/Documents/GitHub/tevel2/GlobusSatProject/..//hal/hcc/lib\libHCCD.a(fat.o)
 .text._f_getintfile
                0x200165a8      0x124 C:/Users/ground/Documents/GitHub/tevel2/GlobusSatProject/..//hal/hcc/lib\libHCCD.a(fat.o)
 .text._f_addentry
                0x200166cc      0x540 C:/Users/ground/Documents/GitHub/tevel2/GlobusSatProject/..//hal/hcc/lib\libHCCD.a(fat.o)
 .text.fn_mkdir
                0x20016c0c      0x75c C:/Users/ground/Documents/GitHub/tevel2/GlobusSatProject/..//hal/hcc/lib\libHCCD.a(fat.o)
                0x20016c0c                fn_mkdir
 .text.fn_filelength
                0x20017368      0x1cc C:/Users/ground/Documents/GitHub/tevel2/GlobusSatProject/..//hal/hcc/lib\libHCCD.a(fat.o)
                0x20017368                fn_filelength
 .text.fn_open_sub
                0x20017534     0x1698 C:/Users/ground/Documents/GitHub/tevel2/GlobusSatProject/..//hal/hcc/lib\libHCCD.a(fat.o)
 .text.fn_open  0x20018bcc       0x44 C:/Users/ground/Documents/GitHub/tevel2/GlobusSatProject/..//hal/hcc/lib\libHCCD.a(fat.o)
                0x20018bcc                fn_open
 .text.fn_delete
                0x20018c10      0x490 C:/Users/ground/Documents/GitHub/tevel2/GlobusSatProject/..//hal/hcc/lib\libHCCD.a(fat.o)
                0x20018c10                fn_delete
 .text.fn_init  0x200190a0      0x2dc C:/Users/ground/Documents/GitHub/tevel2/GlobusSatProject/..//hal/hcc/lib\libHCCD.a(fat_common.o)
                0x200190a0                fn_init
 .text.fsn_delete
                0x2001937c       0xc8 C:/Users/ground/Documents/GitHub/tevel2/GlobusSatProject/..//hal/hcc/lib\libHCCD.a(fat_common.o)
                0x2001937c                fsn_delete
 .text._f_get16bitl
                0x20019444       0x4c C:/Users/ground/Documents/GitHub/tevel2/GlobusSatProject/..//hal/hcc/lib\libHCCD.a(fat_common.o)
                0x20019444                _f_get16bitl
 .text._f_set16bitl
                0x20019490       0x54 C:/Users/ground/Documents/GitHub/tevel2/GlobusSatProject/..//hal/hcc/lib\libHCCD.a(fat_common.o)
                0x20019490                _f_set16bitl
 .text._f_get32bitl
                0x200194e4       0x68 C:/Users/ground/Documents/GitHub/tevel2/GlobusSatProject/..//hal/hcc/lib\libHCCD.a(fat_common.o)
                0x200194e4                _f_get32bitl
 .text._f_set32bitl
                0x2001954c       0x78 C:/Users/ground/Documents/GitHub/tevel2/GlobusSatProject/..//hal/hcc/lib\libHCCD.a(fat_common.o)
                0x2001954c                _f_set32bitl
 .text._get8bit
                0x200195c4       0xa0 C:/Users/ground/Documents/GitHub/tevel2/GlobusSatProject/..//hal/hcc/lib\libHCCD.a(fat_common.o)
 .text._get16bitl
                0x20019664       0x40 C:/Users/ground/Documents/GitHub/tevel2/GlobusSatProject/..//hal/hcc/lib\libHCCD.a(fat_common.o)
 .text._get32bitl
                0x200196a4       0x3c C:/Users/ground/Documents/GitHub/tevel2/GlobusSatProject/..//hal/hcc/lib\libHCCD.a(fat_common.o)
 .text._set8bitzero
                0x200196e0       0x6c C:/Users/ground/Documents/GitHub/tevel2/GlobusSatProject/..//hal/hcc/lib\libHCCD.a(fat_common.o)
 .text._set8bit
                0x2001974c       0xa0 C:/Users/ground/Documents/GitHub/tevel2/GlobusSatProject/..//hal/hcc/lib\libHCCD.a(fat_common.o)
 .text._set16bitl
                0x200197ec       0x3c C:/Users/ground/Documents/GitHub/tevel2/GlobusSatProject/..//hal/hcc/lib\libHCCD.a(fat_common.o)
 .text._set32bitl
                0x20019828       0x34 C:/Users/ground/Documents/GitHub/tevel2/GlobusSatProject/..//hal/hcc/lib\libHCCD.a(fat_common.o)
 .text._f_setcardremoved
                0x2001985c       0x94 C:/Users/ground/Documents/GitHub/tevel2/GlobusSatProject/..//hal/hcc/lib\libHCCD.a(fat_common.o)
 .text._f_checkstatus
                0x200198f0      0x104 C:/Users/ground/Documents/GitHub/tevel2/GlobusSatProject/..//hal/hcc/lib\libHCCD.a(fat_common.o)
                0x200198f0                _f_checkstatus
 .text._f_drvgetphy
                0x200199f4      0x114 C:/Users/ground/Documents/GitHub/tevel2/GlobusSatProject/..//hal/hcc/lib\libHCCD.a(fat_common.o)
 .text._f_drvwritesector
                0x20019b08       0xdc C:/Users/ground/Documents/GitHub/tevel2/GlobusSatProject/..//hal/hcc/lib\libHCCD.a(fat_common.o)
 .text._f_drvreadsector
                0x20019be4       0xa8 C:/Users/ground/Documents/GitHub/tevel2/GlobusSatProject/..//hal/hcc/lib\libHCCD.a(fat_common.o)
 .text._f_writesector
                0x20019c8c      0x23c C:/Users/ground/Documents/GitHub/tevel2/GlobusSatProject/..//hal/hcc/lib\libHCCD.a(fat_common.o)
                0x20019c8c                _f_writesector
 .text._f_readsector
                0x20019ec8      0x1dc C:/Users/ground/Documents/GitHub/tevel2/GlobusSatProject/..//hal/hcc/lib\libHCCD.a(fat_common.o)
                0x20019ec8                _f_readsector
 .text._f_getmaxcluster
                0x2001a0a4       0x94 C:/Users/ground/Documents/GitHub/tevel2/GlobusSatProject/..//hal/hcc/lib\libHCCD.a(fat_common.o)
                0x2001a0a4                _f_getmaxcluster
 .text._getsectorfromcluster
                0x2001a138       0x68 C:/Users/ground/Documents/GitHub/tevel2/GlobusSatProject/..//hal/hcc/lib\libHCCD.a(fat_common.o)
 .text._f_buildsectors
                0x2001a1a0      0x268 C:/Users/ground/Documents/GitHub/tevel2/GlobusSatProject/..//hal/hcc/lib\libHCCD.a(fat_common.o)
 .text._f_getbootrecord
                0x2001a408      0x5e4 C:/Users/ground/Documents/GitHub/tevel2/GlobusSatProject/..//hal/hcc/lib\libHCCD.a(fat_common.o)
 .text._f_readbootrecord
                0x2001a9ec      0x4f8 C:/Users/ground/Documents/GitHub/tevel2/GlobusSatProject/..//hal/hcc/lib\libHCCD.a(fat_common.o)
 .text._f_writebootrecord
                0x2001aee4      0x5e4 C:/Users/ground/Documents/GitHub/tevel2/GlobusSatProject/..//hal/hcc/lib\libHCCD.a(fat_common.o)
 .text._f_flushcffiles
                0x2001b4c8      0x17c C:/Users/ground/Documents/GitHub/tevel2/GlobusSatProject/..//hal/hcc/lib\libHCCD.a(fat_common.o)
                0x2001b4c8                _f_flushcffiles
 .text._f_fatcache_flush
                0x2001b644      0x270 C:/Users/ground/Documents/GitHub/tevel2/GlobusSatProject/..//hal/hcc/lib\libHCCD.a(fat_common.o)
                0x2001b644                _f_fatcache_flush
 .text._f_writefatsector
                0x2001b8b4      0x100 C:/Users/ground/Documents/GitHub/tevel2/GlobusSatProject/..//hal/hcc/lib\libHCCD.a(fat_common.o)
                0x2001b8b4                _f_writefatsector
 .text._f_getfatsector
                0x2001b9b4      0x3bc C:/Users/ground/Documents/GitHub/tevel2/GlobusSatProject/..//hal/hcc/lib\libHCCD.a(fat_common.o)
 .text._f_setclustervalue
                0x2001bd70      0x490 C:/Users/ground/Documents/GitHub/tevel2/GlobusSatProject/..//hal/hcc/lib\libHCCD.a(fat_common.o)
                0x2001bd70                _f_setclustervalue
 .text._f_getclustervalue
                0x2001c200      0x388 C:/Users/ground/Documents/GitHub/tevel2/GlobusSatProject/..//hal/hcc/lib\libHCCD.a(fat_common.o)
                0x2001c200                _f_getclustervalue
 .text._f_close_drive_files
                0x2001c588       0xac C:/Users/ground/Documents/GitHub/tevel2/GlobusSatProject/..//hal/hcc/lib\libHCCD.a(fat_common.o)
 .text._f_inc_mount_count
                0x2001c634       0xa4 C:/Users/ground/Documents/GitHub/tevel2/GlobusSatProject/..//hal/hcc/lib\libHCCD.a(fat_common.o)
 .text._f_getvolume
                0x2001c6d8      0x2f8 C:/Users/ground/Documents/GitHub/tevel2/GlobusSatProject/..//hal/hcc/lib\libHCCD.a(fat_common.o)
                0x2001c6d8                _f_getvolume
 .text.fn_createdriver
                0x2001c9d0      0x118 C:/Users/ground/Documents/GitHub/tevel2/GlobusSatProject/..//hal/hcc/lib\libHCCD.a(fat_common.o)
                0x2001c9d0                fn_createdriver
 .text.fn_initvolume
                0x2001cae8      0x12c C:/Users/ground/Documents/GitHub/tevel2/GlobusSatProject/..//hal/hcc/lib\libHCCD.a(fat_common.o)
                0x2001cae8                fn_initvolume
 .text.fn_releasedriver
                0x2001cc14       0xf4 C:/Users/ground/Documents/GitHub/tevel2/GlobusSatProject/..//hal/hcc/lib\libHCCD.a(fat_common.o)
                0x2001cc14                fn_releasedriver
 .text.fn_initvolumepartition_sub
                0x2001cd08       0xe0 C:/Users/ground/Documents/GitHub/tevel2/GlobusSatProject/..//hal/hcc/lib\libHCCD.a(fat_common.o)
 .text.fn_initvolumepartition
                0x2001cde8       0xac C:/Users/ground/Documents/GitHub/tevel2/GlobusSatProject/..//hal/hcc/lib\libHCCD.a(fat_common.o)
                0x2001cde8                fn_initvolumepartition
 .text.fn_delvolume
                0x2001ce94      0x194 C:/Users/ground/Documents/GitHub/tevel2/GlobusSatProject/..//hal/hcc/lib\libHCCD.a(fat_common.o)
                0x2001ce94                fn_delvolume
 .text._f_clustertopos
                0x2001d028       0xf8 C:/Users/ground/Documents/GitHub/tevel2/GlobusSatProject/..//hal/hcc/lib\libHCCD.a(fat_common.o)
                0x2001d028                _f_clustertopos
 .text._f_prepareformat
                0x2001d120      0x8b8 C:/Users/ground/Documents/GitHub/tevel2/GlobusSatProject/..//hal/hcc/lib\libHCCD.a(fat_common.o)
 .text._f_resetfatentries
                0x2001d9d8      0x410 C:/Users/ground/Documents/GitHub/tevel2/GlobusSatProject/..//hal/hcc/lib\libHCCD.a(fat_common.o)
 .text._f_resetrootdir
                0x2001dde8       0xcc C:/Users/ground/Documents/GitHub/tevel2/GlobusSatProject/..//hal/hcc/lib\libHCCD.a(fat_common.o)
 .text._f_postformat
                0x2001deb4      0x178 C:/Users/ground/Documents/GitHub/tevel2/GlobusSatProject/..//hal/hcc/lib\libHCCD.a(fat_common.o)
 .text.fn_format
                0x2001e02c      0x148 C:/Users/ground/Documents/GitHub/tevel2/GlobusSatProject/..//hal/hcc/lib\libHCCD.a(fat_common.o)
                0x2001e02c                fn_format
 .text._f_getcurrsector
                0x2001e174      0x6c8 C:/Users/ground/Documents/GitHub/tevel2/GlobusSatProject/..//hal/hcc/lib\libHCCD.a(fat_common.o)
                0x2001e174                _f_getcurrsector
 .text._f_getdecluster
                0x2001e83c       0x90 C:/Users/ground/Documents/GitHub/tevel2/GlobusSatProject/..//hal/hcc/lib\libHCCD.a(fat_common.o)
                0x2001e83c                _f_getdecluster
 .text._f_setdecluster
                0x2001e8cc       0x8c C:/Users/ground/Documents/GitHub/tevel2/GlobusSatProject/..//hal/hcc/lib\libHCCD.a(fat_common.o)
                0x2001e8cc                _f_setdecluster
 .text.fn_getdrive
                0x2001e958       0x30 C:/Users/ground/Documents/GitHub/tevel2/GlobusSatProject/..//hal/hcc/lib\libHCCD.a(fat_common.o)
                0x2001e958                fn_getdrive
 .text._f_getcurrenttimedate
                0x2001e988      0x138 C:/Users/ground/Documents/GitHub/tevel2/GlobusSatProject/..//hal/hcc/lib\libHCCD.a(fat_common.o)
                0x2001e988                _f_getcurrenttimedate
 .text._f_initentry
                0x2001eac0       0xa0 C:/Users/ground/Documents/GitHub/tevel2/GlobusSatProject/..//hal/hcc/lib\libHCCD.a(fat_common.o)
                0x2001eac0                _f_initentry
 .text._f_alloccluster
                0x2001eb60      0x344 C:/Users/ground/Documents/GitHub/tevel2/GlobusSatProject/..//hal/hcc/lib\libHCCD.a(fat_common.o)
                0x2001eb60                _f_alloccluster
 .text._f_dobadblock
                0x2001eea4      0x2cc C:/Users/ground/Documents/GitHub/tevel2/GlobusSatProject/..//hal/hcc/lib\libHCCD.a(fat_common.o)
                0x2001eea4                _f_dobadblock
 .text._f_checklocked
                0x2001f170       0xe4 C:/Users/ground/Documents/GitHub/tevel2/GlobusSatProject/..//hal/hcc/lib\libHCCD.a(fat_common.o)
                0x2001f170                _f_checklocked
 .text._f_checkappendlocked
                0x2001f254      0x110 C:/Users/ground/Documents/GitHub/tevel2/GlobusSatProject/..//hal/hcc/lib\libHCCD.a(fat_common.o)
                0x2001f254                _f_checkappendlocked
 .text._f_setsyncafile
                0x2001f364      0x114 C:/Users/ground/Documents/GitHub/tevel2/GlobusSatProject/..//hal/hcc/lib\libHCCD.a(fat_common.o)
                0x2001f364                _f_setsyncafile
 .text._f_syncfiles
                0x2001f478      0x128 C:/Users/ground/Documents/GitHub/tevel2/GlobusSatProject/..//hal/hcc/lib\libHCCD.a(fat_common.o)
                0x2001f478                _f_syncfiles
 .text._f_syncfilescontent
                0x2001f5a0      0x15c C:/Users/ground/Documents/GitHub/tevel2/GlobusSatProject/..//hal/hcc/lib\libHCCD.a(fat_common.o)
 .text.fn_getfreespace
                0x2001f6fc      0x4c0 C:/Users/ground/Documents/GitHub/tevel2/GlobusSatProject/..//hal/hcc/lib\libHCCD.a(fat_common.o)
                0x2001f6fc                fn_getfreespace
 .text._f_emptywritecache
                0x2001fbbc      0x4a4 C:/Users/ground/Documents/GitHub/tevel2/GlobusSatProject/..//hal/hcc/lib\libHCCD.a(fat_common.o)
 .text._f_allocnextcluster
                0x20020060      0x54c C:/Users/ground/Documents/GitHub/tevel2/GlobusSatProject/..//hal/hcc/lib\libHCCD.a(fat_common.o)
 .text._f_emptywritebuffer
                0x200205ac      0x20c C:/Users/ground/Documents/GitHub/tevel2/GlobusSatProject/..//hal/hcc/lib\libHCCD.a(fat_common.o)
 .text._f_writezeros
                0x200207b8       0xf0 C:/Users/ground/Documents/GitHub/tevel2/GlobusSatProject/..//hal/hcc/lib\libHCCD.a(fat_common.o)
                0x200207b8                _f_writezeros
 .text._f_extend_file
                0x200208a8      0x570 C:/Users/ground/Documents/GitHub/tevel2/GlobusSatProject/..//hal/hcc/lib\libHCCD.a(fat_common.o)
 .text._f_fseek
                0x20020e18      0x9bc C:/Users/ground/Documents/GitHub/tevel2/GlobusSatProject/..//hal/hcc/lib\libHCCD.a(fat_common.o)
                0x20020e18                _f_fseek
 .text._f_removechain
                0x200217d4      0x104 C:/Users/ground/Documents/GitHub/tevel2/GlobusSatProject/..//hal/hcc/lib\libHCCD.a(fat_common.o)
                0x200217d4                _f_removechain
 .text._f_updatefileentry
                0x200218d8      0x1cc C:/Users/ground/Documents/GitHub/tevel2/GlobusSatProject/..//hal/hcc/lib\libHCCD.a(fat_common.o)
 .text._f_checkreadlocked
                0x20021aa4      0x1bc C:/Users/ground/Documents/GitHub/tevel2/GlobusSatProject/..//hal/hcc/lib\libHCCD.a(fat_common.o)
                0x20021aa4                _f_checkreadlocked
 .text._f_check_handle
                0x20021c60       0x98 C:/Users/ground/Documents/GitHub/tevel2/GlobusSatProject/..//hal/hcc/lib\libHCCD.a(fat_common.o)
                0x20021c60                _f_check_handle
 .text._f_removesyncafile
                0x20021cf8      0x1ec C:/Users/ground/Documents/GitHub/tevel2/GlobusSatProject/..//hal/hcc/lib\libHCCD.a(fat_common.o)
 .text.fn_close
                0x20021ee4      0x3f8 C:/Users/ground/Documents/GitHub/tevel2/GlobusSatProject/..//hal/hcc/lib\libHCCD.a(fat_common.o)
                0x20021ee4                fn_close
 .text.fn_flush
                0x200222dc      0x374 C:/Users/ground/Documents/GitHub/tevel2/GlobusSatProject/..//hal/hcc/lib\libHCCD.a(fat_common.o)
                0x200222dc                fn_flush
 .text.fn_read  0x20022650      0x690 C:/Users/ground/Documents/GitHub/tevel2/GlobusSatProject/..//hal/hcc/lib\libHCCD.a(fat_common.o)
                0x20022650                fn_read
 .text._f_abortwrite
                0x20022ce0      0x100 C:/Users/ground/Documents/GitHub/tevel2/GlobusSatProject/..//hal/hcc/lib\libHCCD.a(fat_common.o)
 .text._f_checkwritecluster
                0x20022de0       0xe4 C:/Users/ground/Documents/GitHub/tevel2/GlobusSatProject/..//hal/hcc/lib\libHCCD.a(fat_common.o)
 .text.fn_write
                0x20022ec4      0x8a8 C:/Users/ground/Documents/GitHub/tevel2/GlobusSatProject/..//hal/hcc/lib\libHCCD.a(fat_common.o)
                0x20022ec4                fn_write
 .text.fn_seek  0x2002376c      0x270 C:/Users/ground/Documents/GitHub/tevel2/GlobusSatProject/..//hal/hcc/lib\libHCCD.a(fat_common.o)
                0x2002376c                fn_seek
 .text.f_enterFS
                0x200239dc      0x1c0 C:/Users/ground/Documents/GitHub/tevel2/GlobusSatProject/..//hal/hcc/lib\libHCCD.a(fat_common.o)
                0x200239dc                f_enterFS
 .text.fnGetTask
                0x20023b9c       0xfc C:/Users/ground/Documents/GitHub/tevel2/GlobusSatProject/..//hal/hcc/lib\libHCCD.a(fat_common.o)
                0x20023b9c                fnGetTask
 .text._f_mutex_get
                0x20023c98       0x98 C:/Users/ground/Documents/GitHub/tevel2/GlobusSatProject/..//hal/hcc/lib\libHCCD.a(fat_common.o)
                0x20023c98                _f_mutex_get
 .text._f_mutex_put
                0x20023d30       0x54 C:/Users/ground/Documents/GitHub/tevel2/GlobusSatProject/..//hal/hcc/lib\libHCCD.a(fat_common.o)
                0x20023d30                _f_mutex_put
 .text._fn_initseekdivisor
                0x20023d84      0x158 C:/Users/ground/Documents/GitHub/tevel2/GlobusSatProject/..//hal/hcc/lib\libHCCD.a(fat_common.o)
                0x20023d84                _fn_initseekdivisor
 .text._fn_updateseekpos
                0x20023edc       0xc4 C:/Users/ground/Documents/GitHub/tevel2/GlobusSatProject/..//hal/hcc/lib\libHCCD.a(fat_common.o)
 .text._f_findopensize
                0x20023fa0       0x2c C:/Users/ground/Documents/GitHub/tevel2/GlobusSatProject/..//hal/hcc/lib\libHCCD.a(fat_common.o)
                0x20023fa0                _f_findopensize
 .text.fn_setlasterror
                0x20023fcc       0x34 C:/Users/ground/Documents/GitHub/tevel2/GlobusSatProject/..//hal/hcc/lib\libHCCD.a(fat_common.o)
                0x20023fcc                fn_setlasterror
 .text.fn_setlasterror_noret
                0x20024000       0x2c C:/Users/ground/Documents/GitHub/tevel2/GlobusSatProject/..//hal/hcc/lib\libHCCD.a(fat_common.o)
                0x20024000                fn_setlasterror_noret
 .text._s_checkzeroclusteratend
                0x2002402c       0xf8 C:/Users/ground/Documents/GitHub/tevel2/GlobusSatProject/..//hal/hcc/lib\libHCCD.a(safefat.o)
 .text._s_clearclustercontent
                0x20024124      0x108 C:/Users/ground/Documents/GitHub/tevel2/GlobusSatProject/..//hal/hcc/lib\libHCCD.a(safefat.o)
 .text._s_clearclustercontentdir
                0x2002422c      0x19c C:/Users/ground/Documents/GitHub/tevel2/GlobusSatProject/..//hal/hcc/lib\libHCCD.a(safefat.o)
 .text._s_writedirsector
                0x200243c8       0xd0 C:/Users/ground/Documents/GitHub/tevel2/GlobusSatProject/..//hal/hcc/lib\libHCCD.a(safefat.o)
 .text._s_getdirsector
                0x20024498      0x100 C:/Users/ground/Documents/GitHub/tevel2/GlobusSatProject/..//hal/hcc/lib\libHCCD.a(safefat.o)
 .text._s_addentry
                0x20024598      0x394 C:/Users/ground/Documents/GitHub/tevel2/GlobusSatProject/..//hal/hcc/lib\libHCCD.a(safefat.o)
 .text._s_findfile
                0x2002492c      0x33c C:/Users/ground/Documents/GitHub/tevel2/GlobusSatProject/..//hal/hcc/lib\libHCCD.a(safefat.o)
 .text._s_findsubdir
                0x20024c68      0x248 C:/Users/ground/Documents/GitHub/tevel2/GlobusSatProject/..//hal/hcc/lib\libHCCD.a(safefat.o)
 .text._s_createfile
                0x20024eb0      0x190 C:/Users/ground/Documents/GitHub/tevel2/GlobusSatProject/..//hal/hcc/lib\libHCCD.a(safefat.o)
 .text._s_findsaffile
                0x20025040      0x1b8 C:/Users/ground/Documents/GitHub/tevel2/GlobusSatProject/..//hal/hcc/lib\libHCCD.a(safefat.o)
 .text._s_open  0x200251f8       0xe4 C:/Users/ground/Documents/GitHub/tevel2/GlobusSatProject/..//hal/hcc/lib\libHCCD.a(safefat.o)
 .text._s_open_saf
                0x200252dc       0xe8 C:/Users/ground/Documents/GitHub/tevel2/GlobusSatProject/..//hal/hcc/lib\libHCCD.a(safefat.o)
 .text._s_flush
                0x200253c4       0x84 C:/Users/ground/Documents/GitHub/tevel2/GlobusSatProject/..//hal/hcc/lib\libHCCD.a(safefat.o)
 .text._s_allocnextcluster
                0x20025448      0x13c C:/Users/ground/Documents/GitHub/tevel2/GlobusSatProject/..//hal/hcc/lib\libHCCD.a(safefat.o)
 .text._s_getnextsector
                0x20025584       0xdc C:/Users/ground/Documents/GitHub/tevel2/GlobusSatProject/..//hal/hcc/lib\libHCCD.a(safefat.o)
 .text._s_seek  0x20025660      0x1e8 C:/Users/ground/Documents/GitHub/tevel2/GlobusSatProject/..//hal/hcc/lib\libHCCD.a(safefat.o)
 .text._s_get_len
                0x20025848      0x10c C:/Users/ground/Documents/GitHub/tevel2/GlobusSatProject/..//hal/hcc/lib\libHCCD.a(safefat.o)
 .text._s_set_len
                0x20025954       0xb4 C:/Users/ground/Documents/GitHub/tevel2/GlobusSatProject/..//hal/hcc/lib\libHCCD.a(safefat.o)
 .text.safe_fix_filelengths
                0x20025a08       0xcc C:/Users/ground/Documents/GitHub/tevel2/GlobusSatProject/..//hal/hcc/lib\libHCCD.a(safefat.o)
                0x20025a08                safe_fix_filelengths
 .text._s_read  0x20025ad4      0x228 C:/Users/ground/Documents/GitHub/tevel2/GlobusSatProject/..//hal/hcc/lib\libHCCD.a(safefat.o)
 .text._s_write
                0x20025cfc      0x384 C:/Users/ground/Documents/GitHub/tevel2/GlobusSatProject/..//hal/hcc/lib\libHCCD.a(safefat.o)
 .text._s_restoreclusters
                0x20026080      0x270 C:/Users/ground/Documents/GitHub/tevel2/GlobusSatProject/..//hal/hcc/lib\libHCCD.a(safefat.o)
                0x20026080                _s_restoreclusters
 .text._s_findrestore
                0x200262f0      0x18c C:/Users/ground/Documents/GitHub/tevel2/GlobusSatProject/..//hal/hcc/lib\libHCCD.a(safefat.o)
 .text._s_cmd_writede
                0x2002647c       0xd8 C:/Users/ground/Documents/GitHub/tevel2/GlobusSatProject/..//hal/hcc/lib\libHCCD.a(safefat.o)
 .text._s_cmd_setcluster
                0x20026554       0x88 C:/Users/ground/Documents/GitHub/tevel2/GlobusSatProject/..//hal/hcc/lib\libHCCD.a(safefat.o)
 .text._s_cmd_deletechain
                0x200265dc      0x100 C:/Users/ground/Documents/GitHub/tevel2/GlobusSatProject/..//hal/hcc/lib\libHCCD.a(safefat.o)
 .text._s_cmd_validatecfn
                0x200266dc      0x308 C:/Users/ground/Documents/GitHub/tevel2/GlobusSatProject/..//hal/hcc/lib\libHCCD.a(safefat.o)
 .text._s_cmd_seteof
                0x200269e4      0x3c4 C:/Users/ground/Documents/GitHub/tevel2/GlobusSatProject/..//hal/hcc/lib\libHCCD.a(safefat.o)
 .text.safe_docommands
                0x20026da8      0x56c C:/Users/ground/Documents/GitHub/tevel2/GlobusSatProject/..//hal/hcc/lib\libHCCD.a(safefat.o)
                0x20026da8                safe_docommands
 .text.safe_entercommand
                0x20027314       0x68 C:/Users/ground/Documents/GitHub/tevel2/GlobusSatProject/..//hal/hcc/lib\libHCCD.a(safefat.o)
                0x20027314                safe_entercommand
 .text.safe_ready
                0x2002737c       0xf4 C:/Users/ground/Documents/GitHub/tevel2/GlobusSatProject/..//hal/hcc/lib\libHCCD.a(safefat.o)
                0x2002737c                safe_ready
 .text.safe_copycfn
                0x20027470       0xb8 C:/Users/ground/Documents/GitHub/tevel2/GlobusSatProject/..//hal/hcc/lib\libHCCD.a(safefat.o)
                0x20027470                safe_copycfn
 .text.safe_cfremove
                0x20027528       0xb8 C:/Users/ground/Documents/GitHub/tevel2/GlobusSatProject/..//hal/hcc/lib\libHCCD.a(safefat.o)
                0x20027528                safe_cfremove
 .text.safe_writede
                0x200275e0      0x104 C:/Users/ground/Documents/GitHub/tevel2/GlobusSatProject/..//hal/hcc/lib\libHCCD.a(safefat.o)
                0x200275e0                safe_writede
 .text.safe_setcluster
                0x200276e4       0xcc C:/Users/ground/Documents/GitHub/tevel2/GlobusSatProject/..//hal/hcc/lib\libHCCD.a(safefat.o)
                0x200276e4                safe_setcluster
 .text.safe_deletechain
                0x200277b0      0x1c8 C:/Users/ground/Documents/GitHub/tevel2/GlobusSatProject/..//hal/hcc/lib\libHCCD.a(safefat.o)
                0x200277b0                safe_deletechain
 .text.safe_cfclose
                0x20027978      0x104 C:/Users/ground/Documents/GitHub/tevel2/GlobusSatProject/..//hal/hcc/lib\libHCCD.a(safefat.o)
                0x20027978                safe_cfclose
 .text.safe_cfflush
                0x20027a7c      0x124 C:/Users/ground/Documents/GitHub/tevel2/GlobusSatProject/..//hal/hcc/lib\libHCCD.a(safefat.o)
                0x20027a7c                safe_cfflush
 .text.safe_reset
                0x20027ba0       0x78 C:/Users/ground/Documents/GitHub/tevel2/GlobusSatProject/..//hal/hcc/lib\libHCCD.a(safefat.o)
                0x20027ba0                safe_reset
 .text.safe_loadcommands
                0x20027c18       0x78 C:/Users/ground/Documents/GitHub/tevel2/GlobusSatProject/..//hal/hcc/lib\libHCCD.a(safefat.o)
                0x20027c18                safe_loadcommands
 .text.safe_poweron
                0x20027c90      0x1fc C:/Users/ground/Documents/GitHub/tevel2/GlobusSatProject/..//hal/hcc/lib\libHCCD.a(safefat.o)
                0x20027c90                safe_poweron
 .text.cf_getname
                0x20027e8c       0xc0 C:/Users/ground/Documents/GitHub/tevel2/GlobusSatProject/..//hal/hcc/lib\libHCCD.a(safefat.o)
 .text.cf_copyclusterchain
                0x20027f4c      0x138 C:/Users/ground/Documents/GitHub/tevel2/GlobusSatProject/..//hal/hcc/lib\libHCCD.a(safefat.o)
 .text.cf_seektozero
                0x20028084       0x94 C:/Users/ground/Documents/GitHub/tevel2/GlobusSatProject/..//hal/hcc/lib\libHCCD.a(safefat.o)
                0x20028084                cf_seektozero
 .text.cf_create
                0x20028118      0x3a8 C:/Users/ground/Documents/GitHub/tevel2/GlobusSatProject/..//hal/hcc/lib\libHCCD.a(safefat.o)
                0x20028118                cf_create
 .text.cf_copyclustercontent
                0x200284c0      0x128 C:/Users/ground/Documents/GitHub/tevel2/GlobusSatProject/..//hal/hcc/lib\libHCCD.a(safefat.o)
                0x200284c0                cf_copyclustercontent
 .text.cf_copycfn
                0x200285e8      0x4bc C:/Users/ground/Documents/GitHub/tevel2/GlobusSatProject/..//hal/hcc/lib\libHCCD.a(safefat.o)
                0x200285e8                cf_copycfn
 .text.cf_remove
                0x20028aa4      0x344 C:/Users/ground/Documents/GitHub/tevel2/GlobusSatProject/..//hal/hcc/lib\libHCCD.a(safefat.o)
                0x20028aa4                cf_remove
 .text.cf_setclusternew
                0x20028de8       0xf0 C:/Users/ground/Documents/GitHub/tevel2/GlobusSatProject/..//hal/hcc/lib\libHCCD.a(safefat.o)
                0x20028de8                cf_setclusternew
 .text.cf_flush
                0x20028ed8       0x58 C:/Users/ground/Documents/GitHub/tevel2/GlobusSatProject/..//hal/hcc/lib\libHCCD.a(safefat.o)
                0x20028ed8                cf_flush
 .text.cf_getcluster
                0x20028f30      0x1b4 C:/Users/ground/Documents/GitHub/tevel2/GlobusSatProject/..//hal/hcc/lib\libHCCD.a(safefat.o)
                0x20028f30                cf_getcluster
 .text.cf_setnextcluster
                0x200290e4      0x194 C:/Users/ground/Documents/GitHub/tevel2/GlobusSatProject/..//hal/hcc/lib\libHCCD.a(safefat.o)
                0x200290e4                cf_setnextcluster
 .text.cf_getpositions
                0x20029278       0xbc C:/Users/ground/Documents/GitHub/tevel2/GlobusSatProject/..//hal/hcc/lib\libHCCD.a(safefat.o)
                0x20029278                cf_getpositions
 .text.cf_setpositions