Archive member included because of file (symbol)

c:/isis/application/toolchain/bin/../lib/gcc/arm-none-eabi/4.7.4/../../../../arm-none-eabi/lib\libc_s.a(lib_a-vfprintf_float.o)
                              (_printf_float)
c:/isis/application/toolchain/bin/../lib/gcc/arm-none-eabi/4.7.4/../../../../arm-none-eabi/lib\libc_s.a(lib_a-vfprintf_i.o)
                              c:/isis/application/toolchain/bin/../lib/gcc/arm-none-eabi/4.7.4/../../../../arm-none-eabi/lib\libc_s.a(lib_a-vfprintf_float.o) (_printf_common)
c:/isis/application/toolchain/bin/../lib/gcc/arm-none-eabi/4.7.4/../../../../arm-none-eabi/lib\libc_s.a(lib_a-vfscanf_float.o)
                              (_scanf_float)
c:/isis/application/toolchain/bin/../lib/gcc/arm-none-eabi/4.7.4/../../../../arm-none-eabi/lib\libc_s.a(lib_a-dtoa.o)
                              c:/isis/application/toolchain/bin/../lib/gcc/arm-none-eabi/4.7.4/../../../../arm-none-eabi/lib\libc_s.a(lib_a-vfprintf_float.o) (_dtoa_r)
c:/isis/application/toolchain/bin/../lib/gcc/arm-none-eabi/4.7.4/../../../../arm-none-eabi/lib\libc_s.a(lib_a-locale.o)
                              c:/isis/application/toolchain/bin/../lib/gcc/arm-none-eabi/4.7.4/../../../../arm-none-eabi/lib\libc_s.a(lib_a-vfprintf_float.o) (_localeconv_r)
c:/isis/application/toolchain/bin/../lib/gcc/arm-none-eabi/4.7.4/../../../../arm-none-eabi/lib\libc_s.a(lib_a-malloc.o)
                              c:/isis/application/toolchain/bin/../lib/gcc/arm-none-eabi/4.7.4/../../../../arm-none-eabi/lib\libc_s.a(lib_a-dtoa.o) (malloc)
c:/isis/application/toolchain/bin/../lib/gcc/arm-none-eabi/4.7.4/../../../../arm-none-eabi/lib\libc_s.a(lib_a-mallocr.o)
                              c:/isis/application/toolchain/bin/../lib/gcc/arm-none-eabi/4.7.4/../../../../arm-none-eabi/lib\libc_s.a(lib_a-malloc.o) (_malloc_r)
c:/isis/application/toolchain/bin/../lib/gcc/arm-none-eabi/4.7.4/../../../../arm-none-eabi/lib\libc_s.a(lib_a-memcpy.o)
                              c:/isis/application/toolchain/bin/../lib/gcc/arm-none-eabi/4.7.4/../../../../arm-none-eabi/lib\libc_s.a(lib_a-dtoa.o) (memcpy)
c:/isis/application/toolchain/bin/../lib/gcc/arm-none-eabi/4.7.4/../../../../arm-none-eabi/lib\libc_s.a(lib_a-mprec.o)
                              c:/isis/application/toolchain/bin/../lib/gcc/arm-none-eabi/4.7.4/../../../../arm-none-eabi/lib\libc_s.a(lib_a-dtoa.o) (_Balloc)
c:/isis/application/toolchain/bin/../lib/gcc/arm-none-eabi/4.7.4/../../../../arm-none-eabi/lib\libc_s.a(lib_a-s_fpclassify.o)
                              c:/isis/application/toolchain/bin/../lib/gcc/arm-none-eabi/4.7.4/../../../../arm-none-eabi/lib\libc_s.a(lib_a-vfprintf_float.o) (__fpclassifyd)
c:/isis/application/toolchain/bin/../lib/gcc/arm-none-eabi/4.7.4/../../../../arm-none-eabi/lib\libc_s.a(lib_a-sbrkr.o)
                              c:/isis/application/toolchain/bin/../lib/gcc/arm-none-eabi/4.7.4/../../../../arm-none-eabi/lib\libc_s.a(lib_a-mallocr.o) (_sbrk_r)
c:/isis/application/toolchain/bin/../lib/gcc/arm-none-eabi/4.7.4/../../../../arm-none-eabi/lib\libc_s.a(lib_a-sf_nan.o)
                              c:/isis/application/toolchain/bin/../lib/gcc/arm-none-eabi/4.7.4/../../../../arm-none-eabi/lib\libc_s.a(lib_a-vfscanf_float.o) (nanf)
c:/isis/application/toolchain/bin/../lib/gcc/arm-none-eabi/4.7.4/../../../../arm-none-eabi/lib\libc_s.a(lib_a-sprintf.o)
                              c:/isis/application/toolchain/bin/../lib/gcc/arm-none-eabi/4.7.4/../../../../arm-none-eabi/lib\libc_s.a(lib_a-vfscanf_float.o) (sprintf)
c:/isis/application/toolchain/bin/../lib/gcc/arm-none-eabi/4.7.4/../../../../arm-none-eabi/lib\libc_s.a(lib_a-strcmp.o)
                              c:/isis/application/toolchain/bin/../lib/gcc/arm-none-eabi/4.7.4/../../../../arm-none-eabi/lib\libc_s.a(lib_a-locale.o) (strcmp)
c:/isis/application/toolchain/bin/../lib/gcc/arm-none-eabi/4.7.4/../../../../arm-none-eabi/lib\libc_s.a(lib_a-strlen.o)
                              c:/isis/application/toolchain/bin/../lib/gcc/arm-none-eabi/4.7.4/../../../../arm-none-eabi/lib\libc_s.a(lib_a-vfprintf_float.o) (strlen)
c:/isis/application/toolchain/bin/../lib/gcc/arm-none-eabi/4.7.4/../../../../arm-none-eabi/lib\libc_s.a(lib_a-strtod.o)
                              c:/isis/application/toolchain/bin/../lib/gcc/arm-none-eabi/4.7.4/../../../../arm-none-eabi/lib\libc_s.a(lib_a-vfscanf_float.o) (_strtod_r)
c:/isis/application/toolchain/bin/../lib/gcc/arm-none-eabi/4.7.4/../../../../arm-none-eabi/lib\libc_s.a(lib_a-strtol.o)
                              c:/isis/application/toolchain/bin/../lib/gcc/arm-none-eabi/4.7.4/../../../../arm-none-eabi/lib\libc_s.a(lib_a-vfscanf_float.o) (_strtol_r)
c:/isis/application/toolchain/bin/../lib/gcc/arm-none-eabi/4.7.4/../../../../arm-none-eabi/lib\libc_s.a(lib_a-svfprintf.o)
                              c:/isis/application/toolchain/bin/../lib/gcc/arm-none-eabi/4.7.4/../../../../arm-none-eabi/lib\libc_s.a(lib_a-sprintf.o) (_svfprintf_r)
[...]
Memory Configuration

Name             Origin             Length             Attributes
sram0            0x00200000         0x00004000         w !xr
sram1            0x00300000         0x00004000         w !xr
sdram            0x20000000         0x02000000         w !xr
*default*        0x00000000         0xffffffff

Linker script and memory map

LOAD c:/isis/application/toolchain/bin/../lib/gcc/arm-none-eabi/4.7.4/../../../../arm-none-eabi/lib\libc_s.a
LOAD ./src/TestingDemos/CommandsTestingDemo.o
LOAD ./src/TestingDemos/EpsTestingDemo.o
LOAD ./src/TestingDemos/FileSystemTestingDemo.o
LOAD ./src/TestingDemos/MainTest.o
LOAD ./src/TestingDemos/MaintenanceTestingDemo.o
LOAD ./src/TestingDemos/TelemetryTestingDemo.o
LOAD ./src/TestingDemos/TrxvuTestingDemo.o
LOAD ./src/SubSystemModules/PowerManagment/EPS.o
LOAD ./src/SubSystemModules/PowerManagment/EPSOperationModes.o
LOAD ./src/SubSystemModules/Maintenance/Maintenance.o
LOAD ./src/SubSystemModules/Housekepping/Dump.o
LOAD ./src/SubSystemModules/Housekepping/TelemetryCollector.o
LOAD ./src/SubSystemModules/Communication/SubsystemCommands/EPS_Commands.o
LOAD ./src/SubSystemModules/Communication/SubsystemCommands/FS_Commands.o
LOAD ./src/SubSystemModules/Communication/SubsystemCommands/Maintanence_Commands.o
LOAD ./src/SubSystemModules/Communication/SubsystemCommands/TRXVU_Commands.o
LOAD ./src/SubSystemModules/Communication/AckHandler.o
LOAD ./src/SubSystemModules/Communication/ActUponCommand.o
LOAD ./src/SubSystemModules/Communication/Beacon.o
LOAD ./src/SubSystemModules/Communication/CommandDictionary.o
LOAD ./src/SubSystemModules/Communication/SatCommandHandler.o
LOAD ./src/SubSystemModules/Communication/SatDataTx.o
LOAD ./src/SubSystemModules/Communication/TRXVU.o
LOAD ./src/InitSystem.o
LOAD ./src/TLM_management.o
LOAD ./src/main.o
LOAD C:/Users/USER/Documents/GitHub/Base-Aug-2019/GlobusSatProject/..//hal/hal/lib\libHALD.a
LOAD C:/Users/USER/Documents/GitHub/Base-Aug-2019/GlobusSatProject/..//hal/hcc/lib\libHCCD.a
LOAD C:/Users/USER/Documents/GitHub/Base-Aug-2019/GlobusSatProject/..//satellite-subsystems/satellite-subsystems/lib\libSatelliteSubsystemsD.a
LOAD C:/Users/USER/Documents/GitHub/Base-Aug-2019/GlobusSatProject/..//hal/freertos/lib\libFreeRTOSD.a
LOAD C:/Users/USER/Documents/GitHub/Base-Aug-2019/GlobusSatProject/..//hal/at91/lib\libAt91D.a
START GROUP
LOAD c:/isis/application/toolchain/bin/../lib/gcc/arm-none-eabi/4.7.4\libgcc.a
LOAD c:/isis/application/toolchain/bin/../lib/gcc/arm-none-eabi/4.7.4/../../../../arm-none-eabi/lib\libc_s.a
END GROUP

.fixed          0x20000000    0x2d328
                0x20000000                . = ALIGN (0x4)
                0x20000000                _sfixed = .
 *(.startup)
 .startup       0x20000000      0x134 C:/Users/USER/Documents/GitHub/Base-Aug-2019/GlobusSatProject/..//hal/at91/lib\libAt91D.a(board_cstartup.o)
                0x20000000                entry
 *(.text)
 .text          0x20000134       0x64 C:/Users/USER/Documents/GitHub/Base-Aug-2019/GlobusSatProject/..//hal/at91/lib\libAt91D.a(cp15_asm.o)
                0x20000134                _readControlRegister
                0x20000140                _writeControlRegister
                0x20000148                _waitForInterrupt
                0x20000154                _writeTTB
                0x2000015c                _writeDomain
                0x20000164                _writeITLBLockdown
                0x2000016c                _prefetchICacheLine
                0x20000174                _flushDCache
                0x20000180                _flushWriteBuffer
                0x2000018c                _invalidateIDTLBs
 .text          0x20000198      0x114 c:/isis/application/toolchain/bin/../lib/gcc/arm-none-eabi/4.7.4\libgcc.a(_udivsi3.o)
                0x20000198                __aeabi_uidiv
                0x20000198                __udivsi3
                0x2000028c                __aeabi_uidivmod
 .text          0x200002ac      0x148 c:/isis/application/toolchain/bin/../lib/gcc/arm-none-eabi/4.7.4\libgcc.a(_divsi3.o)
                0x200002ac                __divsi3
                0x200002ac                __aeabi_idiv
                0x200003d4                __aeabi_idivmod
 .text          0x200003f4        0x4 c:/isis/application/toolchain/bin/../lib/gcc/arm-none-eabi/4.7.4\libgcc.a(_dvmd_tls.o)
                0x200003f4                __aeabi_idiv0
                0x200003f4                __aeabi_ldiv0
 .text          0x200003f8      0x41c c:/isis/application/toolchain/bin/../lib/gcc/arm-none-eabi/4.7.4\libgcc.a(_arm_addsubdf3.o)
                0x200003f8                __aeabi_drsub
                0x20000400                __aeabi_dsub
                0x20000400                __subdf3
                0x20000404                __aeabi_dadd
                0x20000404                __adddf3
                0x20000714                __floatunsidf
                0x20000714                __aeabi_ui2d
                0x20000738                __floatsidf
                0x20000738                __aeabi_i2d
                0x20000760                __aeabi_f2d
                0x20000760                __extendsfdf2
                0x200007a0                __floatundidf
                0x200007a0                __aeabi_ul2d
                0x200007b4                __floatdidf
                0x200007b4                __aeabi_l2d
 .text          0x20000814      0x49c c:/isis/application/toolchain/bin/../lib/gcc/arm-none-eabi/4.7.4\libgcc.a(_arm_muldivdf3.o)
                0x20000814                __aeabi_dmul
                0x20000814                __muldf3
                0x20000aa4                __divdf3
                0x20000aa4                __aeabi_ddiv
 .text          0x20000cb0      0x144 c:/isis/application/toolchain/bin/../lib/gcc/arm-none-eabi/4.7.4\libgcc.a(_arm_cmpdf2.o)
                0x20000cb0                __gtdf2
                0x20000cb0                __gedf2
                0x20000cb8                __ltdf2
                0x20000cb8                __ledf2
                0x20000cc0                __nedf2
                0x20000cc0                __eqdf2
                0x20000cc0                __cmpdf2
                0x20000d48                __aeabi_cdrcmple
                0x20000d64                __aeabi_cdcmpeq
                0x20000d64                __aeabi_cdcmple
                0x20000d7c                __aeabi_dcmpeq
                0x20000d94                __aeabi_dcmplt
                0x20000dac                __aeabi_dcmple
                0x20000dc4                __aeabi_dcmpge
                0x20000ddc                __aeabi_dcmpgt
 .text          0x20000df4       0x5c c:/isis/application/toolchain/bin/../lib/gcc/arm-none-eabi/4.7.4\libgcc.a(_arm_fixdfsi.o)
                0x20000df4                __aeabi_d2iz
                0x20000df4                __fixdfsi
 .text          0x20000e50       0x54 c:/isis/application/toolchain/bin/../lib/gcc/arm-none-eabi/4.7.4\libgcc.a(_arm_fixunsdfsi.o)
                0x20000e50                __aeabi_d2uiz
                0x20000e50                __fixunsdfsi
 .text          0x20000ea4       0xa0 c:/isis/application/toolchain/bin/../lib/gcc/arm-none-eabi/4.7.4\libgcc.a(_arm_truncdfsf2.o)
                0x20000ea4                __truncdfsf2
                0x20000ea4                __aeabi_d2f
 .text          0x20000f44      0x2ac c:/isis/application/toolchain/bin/../lib/gcc/arm-none-eabi/4.7.4\libgcc.a(_arm_addsubsf3.o)
                0x20000f44                __aeabi_frsub
                0x20000f4c                __subsf3
                0x20000f4c                __aeabi_fsub
                0x20000f50                __aeabi_fadd
                0x20000f50                __addsf3
                0x2000110c                __aeabi_ui2f
                0x2000110c                __floatunsisf
                0x20001114                __aeabi_i2f
                0x20001114                __floatsisf
                0x20001134                __aeabi_ul2f
                0x20001134                __floatundisf
                0x20001144                __aeabi_l2f
                0x20001144                __floatdisf
 .text          0x200011f0      0x2f8 c:/isis/application/toolchain/bin/../lib/gcc/arm-none-eabi/4.7.4\libgcc.a(_arm_muldivsf3.o)
                0x200011f0                __mulsf3
                0x200011f0                __aeabi_fmul
                0x20001388                __aeabi_fdiv
                0x20001388                __divsf3
 .text          0x200014e8       0x54 c:/isis/application/toolchain/bin/../lib/gcc/arm-none-eabi/4.7.4\libgcc.a(_arm_fixunssfsi.o)
                0x200014e8                __fixunssfsi
                0x200014e8                __aeabi_f2uiz
 *(.text*)
 .text.__cvt    0x2000153c      0x138 c:/isis/application/toolchain/bin/../lib/gcc/arm-none-eabi/4.7.4/../../../../arm-none-eabi/lib\libc_s.a(lib_a-vfprintf_float.o)
                0x2000153c                __cvt
 .text.__exponent
                0x20001674       0xa8 c:/isis/application/toolchain/bin/../lib/gcc/arm-none-eabi/4.7.4/../../../../arm-none-eabi/lib\libc_s.a(lib_a-vfprintf_float.o)
                0x20001674                __exponent
 .text._printf_float
                0x2000171c      0x7dc c:/isis/application/toolchain/bin/../lib/gcc/arm-none-eabi/4.7.4/../../../../arm-none-eabi/lib\libc_s.a(lib_a-vfprintf_float.o)
                0x2000171c                _printf_float
 .text._printf_common
                0x20001ef8      0x174 c:/isis/application/toolchain/bin/../lib/gcc/arm-none-eabi/4.7.4/../../../../arm-none-eabi/lib\libc_s.a(lib_a-vfprintf_i.o)
                0x20001ef8                _printf_common
 .text._printf_i
                0x2000206c      0x3c4 c:/isis/application/toolchain/bin/../lib/gcc/arm-none-eabi/4.7.4/../../../../arm-none-eabi/lib\libc_s.a(lib_a-vfprintf_i.o)
                0x2000206c                _printf_i
 .text._scanf_float
                0x20002430      0x5f4 c:/isis/application/toolchain/bin/../lib/gcc/arm-none-eabi/4.7.4/../../../../arm-none-eabi/lib\libc_s.a(lib_a-vfscanf_float.o)
                0x20002430                _scanf_float
 .text.quorem   0x20002a24      0x1ac c:/isis/application/toolchain/bin/../lib/gcc/arm-none-eabi/4.7.4/../../../../arm-none-eabi/lib\libc_s.a(lib_a-dtoa.o)
 .text._dtoa_r  0x20002bd0     0x1268 c:/isis/application/toolchain/bin/../lib/gcc/arm-none-eabi/4.7.4/../../../../arm-none-eabi/lib\libc_s.a(lib_a-dtoa.o)
                0x20002bd0                _dtoa_r
 .text._localeconv_r
                0x20003e38        0xc c:/isis/application/toolchain/bin/../lib/gcc/arm-none-eabi/4.7.4/../../../../arm-none-eabi/lib\libc_s.a(lib_a-locale.o)
                0x20003e38                _localeconv_r
 .text.malloc   0x20003e44       0x20 c:/isis/application/toolchain/bin/../lib/gcc/arm-none-eabi/4.7.4/../../../../arm-none-eabi/lib\libc_s.a(lib_a-malloc.o)
                0x20003e44                malloc
 .text.free     0x20003e64       0x20 c:/isis/application/toolchain/bin/../lib/gcc/arm-none-eabi/4.7.4/../../../../arm-none-eabi/lib\libc_s.a(lib_a-malloc.o)
                0x20003e64                free
 .text._malloc_r
                0x20003e84       0xfc c:/isis/application/toolchain/bin/../lib/gcc/arm-none-eabi/4.7.4/../../../../arm-none-eabi/lib\libc_s.a(lib_a-mallocr.o)
                0x20003e84                _malloc_r
 .text.memcpy   0x20003f80       0x20 c:/isis/application/toolchain/bin/../lib/gcc/arm-none-eabi/4.7.4/../../../../arm-none-eabi/lib\libc_s.a(lib_a-memcpy.o)
                0x20003f80                memcpy
 .text._Balloc  0x20003fa0       0xcc c:/isis/application/toolchain/bin/../lib/gcc/arm-none-eabi/4.7.4/../../../../arm-none-eabi/lib\libc_s.a(lib_a-mprec.o)
                0x20003fa0                _Balloc
 .text._Bfree   0x2000406c       0x5c c:/isis/application/toolchain/bin/../lib/gcc/arm-none-eabi/4.7.4/../../../../arm-none-eabi/lib\libc_s.a(lib_a-mprec.o)
                0x2000406c                _Bfree
 .text.__multadd
                0x200040c8       0xbc c:/isis/application/toolchain/bin/../lib/gcc/arm-none-eabi/4.7.4/../../../../arm-none-eabi/lib\libc_s.a(lib_a-mprec.o)
                0x200040c8                __multadd
 .text.__s2b    0x20004184       0xd8 c:/isis/application/toolchain/bin/../lib/gcc/arm-none-eabi/4.7.4/../../../../arm-none-eabi/lib\libc_s.a(lib_a-mprec.o)
                0x20004184                __s2b
 .text.__hi0bits
                0x2000425c       0x58 c:/isis/application/toolchain/bin/../lib/gcc/arm-none-eabi/4.7.4/../../../../arm-none-eabi/lib\libc_s.a(lib_a-mprec.o)
                0x2000425c                __hi0bits
 .text.__lo0bits
                0x200042b4       0x94 c:/isis/application/toolchain/bin/../lib/gcc/arm-none-eabi/4.7.4/../../../../arm-none-eabi/lib\libc_s.a(lib_a-mprec.o)
                0x200042b4                __lo0bits
 .text.__i2b    0x20004348       0x24 c:/isis/application/toolchain/bin/../lib/gcc/arm-none-eabi/4.7.4/../../../../arm-none-eabi/lib\libc_s.a(lib_a-mprec.o)
                0x20004348                __i2b
 .text.__multiply
                0x2000436c      0x1ac c:/isis/application/toolchain/bin/../lib/gcc/arm-none-eabi/4.7.4/../../../../arm-none-eabi/lib\libc_s.a(lib_a-mprec.o)
                0x2000436c                __multiply
 .text.__pow5mult
                0x20004518      0x10c c:/isis/application/toolchain/bin/../lib/gcc/arm-none-eabi/4.7.4/../../../../arm-none-eabi/lib\libc_s.a(lib_a-mprec.o)
                0x20004518                __pow5mult
 .text.__lshift
                0x20004624       0xf0 c:/isis/application/toolchain/bin/../lib/gcc/arm-none-eabi/4.7.4/../../../../arm-none-eabi/lib\libc_s.a(lib_a-mprec.o)
                0x20004624                __lshift
 .text.__mcmp   0x20004714       0x60 c:/isis/application/toolchain/bin/../lib/gcc/arm-none-eabi/4.7.4/../../../../arm-none-eabi/lib\libc_s.a(lib_a-mprec.o)
                0x20004714                __mcmp
 .text.__mdiff  0x20004774      0x128 c:/isis/application/toolchain/bin/../lib/gcc/arm-none-eabi/4.7.4/../../../../arm-none-eabi/lib\libc_s.a(lib_a-mprec.o)
                0x20004774                __mdiff
 .text.__ulp    0x2000489c       0x5c c:/isis/application/toolchain/bin/../lib/gcc/arm-none-eabi/4.7.4/../../../../arm-none-eabi/lib\libc_s.a(lib_a-mprec.o)
                0x2000489c                __ulp
 .text.__b2d    0x200048f8       0xc8 c:/isis/application/toolchain/bin/../lib/gcc/arm-none-eabi/4.7.4/../../../../arm-none-eabi/lib\libc_s.a(lib_a-mprec.o)
                0x200048f8                __b2d
 .text.__d2b    0x200049c0       0xfc c:/isis/application/toolchain/bin/../lib/gcc/arm-none-eabi/4.7.4/../../../../arm-none-eabi/lib\libc_s.a(lib_a-mprec.o)
                0x200049c0                __d2b
 .text.__ratio  0x20004abc       0x70 c:/isis/application/toolchain/bin/../lib/gcc/arm-none-eabi/4.7.4/../../../../arm-none-eabi/lib\libc_s.a(lib_a-mprec.o)
                0x20004abc                __ratio
 .text.__copybits
                0x20004b2c       0x4c c:/isis/application/toolchain/bin/../lib/gcc/arm-none-eabi/4.7.4/../../../../arm-none-eabi/lib\libc_s.a(lib_a-mprec.o)
                0x20004b2c                __copybits
 .text.__any_on
                0x20004b78       0x7c c:/isis/application/toolchain/bin/../lib/gcc/arm-none-eabi/4.7.4/../../../../arm-none-eabi/lib\libc_s.a(lib_a-mprec.o)
                0x20004b78                __any_on
 .text.__fpclassifyd
                0x20004bf4       0x6c c:/isis/application/toolchain/bin/../lib/gcc/arm-none-eabi/4.7.4/../../../../arm-none-eabi/lib\libc_s.a(lib_a-s_fpclassify.o)
                0x20004bf4                __fpclassifyd
 .text._sbrk_r  0x20004c60       0x3c c:/isis/application/toolchain/bin/../lib/gcc/arm-none-eabi/4.7.4/../../../../arm-none-eabi/lib\libc_s.a(lib_a-sbrkr.o)
                0x20004c60                _sbrk_r
 .text.nanf     0x20004c9c        0xc c:/isis/application/toolchain/bin/../lib/gcc/arm-none-eabi/4.7.4/../../../../arm-none-eabi/lib\libc_s.a(lib_a-sf_nan.o)
                0x20004c9c                nanf
 .text.sprintf  0x20004ca8       0x6c c:/isis/application/toolchain/bin/../lib/gcc/arm-none-eabi/4.7.4/../../../../arm-none-eabi/lib\libc_s.a(lib_a-sprintf.o)
                0x20004ca8                siprintf
                0x20004ca8                sprintf
 .text.strcmp   0x20004d14       0x1c c:/isis/application/toolchain/bin/../lib/gcc/arm-none-eabi/4.7.4/../../../../arm-none-eabi/lib\libc_s.a(lib_a-strcmp.o)
                0x20004d14                strcmp
 .text.strlen   0x20004d30       0x1c c:/isis/application/toolchain/bin/../lib/gcc/arm-none-eabi/4.7.4/../../../../arm-none-eabi/lib\libc_s.a(lib_a-strlen.o)
                0x20004d30                strlen
 .text.match    0x20004d4c       0x54 c:/isis/application/toolchain/bin/../lib/gcc/arm-none-eabi/4.7.4/../../../../arm-none-eabi/lib\libc_s.a(lib_a-strtod.o)
 .text._strtod_r
                0x20004da0     0x1168 c:/isis/application/toolchain/bin/../lib/gcc/arm-none-eabi/4.7.4/../../../../arm-none-eabi/lib\libc_s.a(lib_a-strtod.o)
                0x20004da0                _strtod_r
 .text._strtol_r
                0x20005f08      0x1b8 c:/isis/application/toolchain/bin/../lib/gcc/arm-none-eabi/4.7.4/../../../../arm-none-eabi/lib\libc_s.a(lib_a-strtol.o)
                0x20005f08                _strtol_r
 .text.__ssputc_r
                0x200060c0      0x10c c:/isis/application/toolchain/bin/../lib/gcc/arm-none-eabi/4.7.4/../../../../arm-none-eabi/lib\libc_s.a(lib_a-svfprintf.o)
                0x200060c0                __ssputc_r
 .text._svfprintf_r
                0x200061cc      0x328 c:/isis/application/toolchain/bin/../lib/gcc/arm-none-eabi/4.7.4/../../../../arm-none-eabi/lib\libc_s.a(lib_a-svfprintf.o)
                0x200061cc                _svfiprintf_r
                0x200061cc                _svfprintf_r
 .text._calloc_r
                0x200064f4       0x2c c:/isis/application/toolchain/bin/../lib/gcc/arm-none-eabi/4.7.4/../../../../arm-none-eabi/lib\libc_s.a(lib_a-callocr.o)
                0x200064f4                _calloc_r
 .text._free_r  0x20006520      0x108 c:/isis/application/toolchain/bin/../lib/gcc/arm-none-eabi/4.7.4/../../../../arm-none-eabi/lib\libc_s.a(lib_a-freer.o)
                0x20006520                _free_r
 .text.rshift   0x20006628       0xb0 c:/isis/application/toolchain/bin/../lib/gcc/arm-none-eabi/4.7.4/../../../../arm-none-eabi/lib\libc_s.a(lib_a-gdtoa-gethex.o)
 .text.htinit.constprop.0
                0x200066d8       0x34 c:/isis/application/toolchain/bin/../lib/gcc/arm-none-eabi/4.7.4/../../../../arm-none-eabi/lib\libc_s.a(lib_a-gdtoa-gethex.o)
 .text.__hexdig_init
                0x2000670c       0x38 c:/isis/application/toolchain/bin/../lib/gcc/arm-none-eabi/4.7.4/../../../../arm-none-eabi/lib\libc_s.a(lib_a-gdtoa-gethex.o)
                0x2000670c                __hexdig_init
 .text.__gethex
                0x20006744      0x6cc c:/isis/application/toolchain/bin/../lib/gcc/arm-none-eabi/4.7.4/../../../../arm-none-eabi/lib\libc_s.a(lib_a-gdtoa-gethex.o)
                0x20006744                __gethex
 .text.L_shift  0x20006e10       0x38 c:/isis/application/toolchain/bin/../lib/gcc/arm-none-eabi/4.7.4/../../../../arm-none-eabi/lib\libc_s.a(lib_a-gdtoa-hexnan.o)
 .text.__hexnan
                0x20006e48      0x1d8 c:/isis/application/toolchain/bin/../lib/gcc/arm-none-eabi/4.7.4/../../../../arm-none-eabi/lib\libc_s.a(lib_a-gdtoa-hexnan.o)
                0x20006e48                __hexnan
 .text.memchr   0x20007020       0x34 c:/isis/application/toolchain/bin/../lib/gcc/arm-none-eabi/4.7.4/../../../../arm-none-eabi/lib\libc_s.a(lib_a-memchr.o)
                0x20007020                memchr
 .text.memset   0x20007054       0x1c c:/isis/application/toolchain/bin/../lib/gcc/arm-none-eabi/4.7.4/../../../../arm-none-eabi/lib\libc_s.a(lib_a-memset.o)
                0x20007054                memset
 .text._realloc_r
                0x20007070       0x80 c:/isis/application/toolchain/bin/../lib/gcc/arm-none-eabi/4.7.4/../../../../arm-none-eabi/lib\libc_s.a(lib_a-reallocr.o)
                0x20007070                _realloc_r
 .text.strncmp  0x200070f0       0x64 c:/isis/application/toolchain/bin/../lib/gcc/arm-none-eabi/4.7.4/../../../../arm-none-eabi/lib\libc_s.a(lib_a-strncmp.o)
                0x200070f0                strncmp
 .text._malloc_usable_size_r
                0x20007154       0x1c c:/isis/application/toolchain/bin/../lib/gcc/arm-none-eabi/4.7.4/../../../../arm-none-eabi/lib\libc_s.a(lib_a-msizer.o)
                0x20007154                _malloc_usable_size_r
 .text.taskTesting
                0x20007170       0x98 ./src/TestingDemos/MainTest.o
                0x20007170                taskTesting
 .text.TestDumpTelemetry
                0x20007208       0xfc ./src/TestingDemos/TrxvuTestingDemo.o
                0x20007208                TestDumpTelemetry
 .text.EPS_Init
                0x20007304       0xc0 ./src/SubSystemModules/PowerManagment/EPS.o
                0x20007304                EPS_Init
 .text.EPS_Conditioning
                0x200073c4      0x1a8 ./src/SubSystemModules/PowerManagment/EPS.o
                0x200073c4                EPS_Conditioning
 .text.GetBatteryVoltage
                0x2000756c       0x50 ./src/SubSystemModules/PowerManagment/EPS.o
                0x2000756c                GetBatteryVoltage
 .text.GetThresholdVoltages
                0x200075bc       0x4c ./src/SubSystemModules/PowerManagment/EPS.o
                0x200075bc                GetThresholdVoltages
 .text.GetAlpha
                0x20007608       0x48 ./src/SubSystemModules/PowerManagment/EPS.o
                0x20007608                GetAlpha
 .text.EnterFullMode
                0x20007650       0x58 ./src/SubSystemModules/PowerManagment/EPSOperationModes.o
                0x20007650                EnterFullMode
 .text.EnterCruiseMode
                0x200076a8       0x58 ./src/SubSystemModules/PowerManagment/EPSOperationModes.o
                0x200076a8                EnterCruiseMode
 .text.EnterSafeMode
                0x20007700       0x58 ./src/SubSystemModules/PowerManagment/EPSOperationModes.o
                0x20007700                EnterSafeMode
 .text.EnterCriticalMode
                0x20007758       0x58 ./src/SubSystemModules/PowerManagment/EPSOperationModes.o
                0x20007758                EnterCriticalMode
 .text.SetEPS_Channels
                0x200077b0       0x28 ./src/SubSystemModules/PowerManagment/EPSOperationModes.o
                0x200077b0                SetEPS_Channels
 .text.EpsGetLowVoltageFlag
                0x200077d8       0x24 ./src/SubSystemModules/PowerManagment/EPSOperationModes.o
                0x200077d8                EpsGetLowVoltageFlag
 .text.EpsSetLowVoltageFlag
                0x200077fc       0x2c ./src/SubSystemModules/PowerManagment/EPSOperationModes.o
                0x200077fc                EpsSetLowVoltageFlag
 .text.CheckExecutionTime
                0x20007828       0xa0 ./src/SubSystemModules/Maintenance/Maintenance.o
                0x20007828                CheckExecutionTime
 .text.InitDump
                0x200078c8       0xa0 ./src/SubSystemModules/Housekepping/Dump.o
                0x200078c8                InitDump
 .text.FinishDump
                0x20007968       0xe8 ./src/SubSystemModules/Housekepping/Dump.o
                0x20007968                FinishDump
 .text.CheckDumpAbort
                0x20007a50       0x58 ./src/SubSystemModules/Housekepping/Dump.o
                0x20007a50                CheckDumpAbort
 .text.DumpTask
                0x20007aa8      0x4b8 ./src/SubSystemModules/Housekepping/Dump.o
                0x20007aa8                DumpTask
 .text.DumpTelemetry
                0x20007f60      0x198 ./src/SubSystemModules/Housekepping/Dump.o
                0x20007f60                DumpTelemetry
 .text.GetTelemetryFilenameByType
                0x200080f8      0x294 ./src/SubSystemModules/Housekepping/TelemetryCollector.o
                0x200080f8                GetTelemetryFilenameByType
 .text.TelemetryCollectorLogic
                0x2000838c      0x140 ./src/SubSystemModules/Housekepping/TelemetryCollector.o
                0x2000838c                TelemetryCollectorLogic
 .text.TelemetryCreateFiles
                0x200084cc      0x2ac ./src/SubSystemModules/Housekepping/TelemetryCollector.o
                0x200084cc                TelemetryCreateFiles
 .text.TelemetrySaveEPS
                0x20008778       0xfc ./src/SubSystemModules/Housekepping/TelemetryCollector.o
                0x20008778                TelemetrySaveEPS
 .text.TelemetrySaveTRXVU
                0x20008874       0xec ./src/SubSystemModules/Housekepping/TelemetryCollector.o
                0x20008874                TelemetrySaveTRXVU
 .text.TelemetrySaveANT
                0x20008960       0x88 ./src/SubSystemModules/Housekepping/TelemetryCollector.o
                0x20008960                TelemetrySaveANT
 .text.TelemetrySaveSolarPanels
                0x200089e8      0x1c8 ./src/SubSystemModules/Housekepping/TelemetryCollector.o
                0x200089e8                TelemetrySaveSolarPanels
 .text.TelemetrySaveWOD
                0x20008bb0       0x98 ./src/SubSystemModules/Housekepping/TelemetryCollector.o
                0x20008bb0                TelemetrySaveWOD
 .text.GetCurrentWODTelemetry
                0x20008c48      0x3e8 ./src/SubSystemModules/Housekepping/TelemetryCollector.o
                0x20008c48                GetCurrentWODTelemetry
 .text.SendAckPacket
                0x20009030       0xe4 ./src/SubSystemModules/Communication/AckHandler.o
                0x20009030                SendAckPacket
 .text.InitBeaconParams
                0x20009114       0x78 ./src/SubSystemModules/Communication/Beacon.o
                0x20009114                InitBeaconParams
 .text.BeaconLogic
                0x2000918c      0x160 ./src/SubSystemModules/Communication/Beacon.o
                0x2000918c                BeaconLogic
 .text.AssembleCommand
                0x200092ec      0x178 ./src/SubSystemModules/Communication/SatCommandHandler.o
                0x200092ec                AssembleCommand
 .text.InitTxModule
                0x20009464       0x68 ./src/SubSystemModules/Communication/SatDataTx.o
                0x20009464                InitTxModule
 .text.CheckTransmitionAllowed
                0x200094cc       0xa4 ./src/SubSystemModules/Communication/SatDataTx.o
                0x200094cc                CheckTransmitionAllowed
 .text.TransmitSplPacket
                0x20009570       0xec ./src/SubSystemModules/Communication/SatDataTx.o
                0x20009570                TransmitSplPacket
 .text.InitTrxvu
                0x2000965c      0x144 ./src/SubSystemModules/Communication/TRXVU.o
                0x2000965c                InitTrxvu
 .text.isFirstActivation
                0x200097a0       0xac ./src/InitSystem.o
                0x200097a0                isFirstActivation
 .text.firstActivationProcedure
                0x2000984c       0xb4 ./src/InitSystem.o
                0x2000984c                firstActivationProcedure
 .text.WriteDefaultValuesToFRAM
                0x20009900      0x128 ./src/InitSystem.o
                0x20009900                WriteDefaultValuesToFRAM
 .text.StartFRAM
                0x20009a28       0x7c ./src/InitSystem.o
                0x20009a28                StartFRAM
 .text.StartI2C
                0x20009aa4       0xa8 ./src/InitSystem.o
                0x20009aa4                StartI2C
 .text.StartSPI
                0x20009b4c       0x74 ./src/InitSystem.o
                0x20009b4c                StartSPI
 .text.StartTIME
                0x20009bc0       0xc0 ./src/InitSystem.o
                0x20009bc0                StartTIME
 .text.DeploySystem
                0x20009c80       0xe8 ./src/InitSystem.o
                0x20009c80                DeploySystem
 .text.InitSubsystems
                0x20009d68      0x130 ./src/InitSystem.o
                0x20009d68                InitSubsystems
 .text.delete_allTMFilesFromSD
                0x20009e98       0xf8 ./src/TLM_management.o
                0x20009e98                delete_allTMFilesFromSD
 .text.getNumOfFilesInFS
                0x20009f90       0x44 ./src/TLM_management.o
 .text.setNumOfFilesInFS
                0x20009fd4       0x50 ./src/TLM_management.o
 .text.InitializeFS
                0x2000a024      0x1c0 ./src/TLM_management.o
                0x2000a024                InitializeFS
 .text.c_fileCreate
                0x2000a1e4       0xf4 ./src/TLM_management.o
                0x2000a1e4                c_fileCreate
 .text.writewithEpochtime
                0x2000a2d8       0x8c ./src/TLM_management.o
 .text.get_C_FILE_struct
                0x2000a364       0xf4 ./src/TLM_management.o
 .text.getFileIndex
                0x2000a458       0x40 ./src/TLM_management.o
 .text.get_file_name_by_index
                0x2000a498       0x44 ./src/TLM_management.o
                0x2000a498                get_file_name_by_index
 .text.c_fileWrite
                0x2000a4dc       0xfc ./src/TLM_management.o
                0x2000a4dc                c_fileWrite
 .text.c_fileRead
                0x2000a5d8      0x2a0 ./src/TLM_management.o
                0x2000a5d8                c_fileRead
 .text.c_fileGetNumOfElements
                0x2000a878      0x244 ./src/TLM_management.o
                0x2000a878                c_fileGetNumOfElements
 .text.main     0x2000aabc       0xac ./src/main.o
                0x2000aabc                main
 .text.validateTransferParameters
                0x2000ab68      0x10c C:/Users/USER/Documents/GitHub/Base-Aug-2019/GlobusSatProject/..//hal/hal/lib\libHALD.a(I2C.o)
 .text.I2C_queueTransfer
                0x2000ac74       0xe8 C:/Users/USER/Documents/GitHub/Base-Aug-2019/GlobusSatProject/..//hal/hal/lib\libHALD.a(I2C.o)
                0x2000ac74                I2C_queueTransfer
 .text.I2C_internalCallback
                0x2000ad5c       0x64 C:/Users/USER/Documents/GitHub/Base-Aug-2019/GlobusSatProject/..//hal/hal/lib\libHALD.a(I2C.o)
 .text.I2C_doBlockingTransfer
                0x2000adc0      0x160 C:/Users/USER/Documents/GitHub/Base-Aug-2019/GlobusSatProject/..//hal/hal/lib\libHALD.a(I2C.o)
 .text.I2C_writeRead
                0x2000af20      0x180 C:/Users/USER/Documents/GitHub/Base-Aug-2019/GlobusSatProject/..//hal/hal/lib\libHALD.a(I2C.o)
                0x2000af20                I2C_writeRead
 .text.I2C_start
                0x2000b0a0      0x2e8 C:/Users/USER/Documents/GitHub/Base-Aug-2019/GlobusSatProject/..//hal/hal/lib\libHALD.a(I2C.o)
                0x2000b0a0                I2C_start
 .text.I2C_stop
                0x2000b388      0x184 C:/Users/USER/Documents/GitHub/Base-Aug-2019/GlobusSatProject/..//hal/hal/lib\libHALD.a(I2C.o)
                0x2000b388                I2C_stop
 .text.I2C_setTransferTimeout
                0x2000b50c       0x48 C:/Users/USER/Documents/GitHub/Base-Aug-2019/GlobusSatProject/..//hal/hal/lib\libHALD.a(I2C.o)
                0x2000b50c                I2C_setTransferTimeout
 .text.clearPDCtransfers
                0x2000b554       0xdc C:/Users/USER/Documents/GitHub/Base-Aug-2019/GlobusSatProject/..//hal/hal/lib\libHALD.a(SPI.o)
 .text.SPI_start
                0x2000b630      0x4c0 C:/Users/USER/Documents/GitHub/Base-Aug-2019/GlobusSatProject/..//hal/hal/lib\libHALD.a(SPI.o)
                0x2000b630                SPI_start
 .text.SPI_stop
                0x2000baf0      0x22c C:/Users/USER/Documents/GitHub/Base-Aug-2019/GlobusSatProject/..//hal/hal/lib\libHALD.a(SPI.o)
                0x2000baf0                SPI_stop
 .text.SPI_queueTransfer
                0x2000bd1c      0x190 C:/Users/USER/Documents/GitHub/Base-Aug-2019/GlobusSatProject/..//hal/hal/lib\libHALD.a(SPI.o)
                0x2000bd1c                SPI_queueTransfer
 .text.SPI_internalCallback
                0x2000beac       0x64 C:/Users/USER/Documents/GitHub/Base-Aug-2019/GlobusSatProject/..//hal/hal/lib\libHALD.a(SPI.o)
 .text.SPI_writeRead
                0x2000bf10      0x188 C:/Users/USER/Documents/GitHub/Base-Aug-2019/GlobusSatProject/..//hal/hal/lib\libHALD.a(SPI.o)
                0x2000bf10                SPI_writeRead
 .text.waitForTransfer
                0x2000c098       0x68 C:/Users/USER/Documents/GitHub/Base-Aug-2019/GlobusSatProject/..//hal/hal/lib\libHALD.a(SPI.o)
 .text.SPI_getDriverState
                0x2000c100       0x58 C:/Users/USER/Documents/GitHub/Base-Aug-2019/GlobusSatProject/..//hal/hal/lib\libHALD.a(SPI.o)
                0x2000c100                SPI_getDriverState
 .text.FRAM_start
                0x2000c158       0xf4 C:/Users/USER/Documents/GitHub/Base-Aug-2019/GlobusSatProject/..//hal/hal/lib\libHALD.a(FRAM.o)
                0x2000c158                FRAM_start
 .text.FRAM_dummyCallback
                0x2000c24c       0x24 C:/Users/USER/Documents/GitHub/Base-Aug-2019/GlobusSatProject/..//hal/hal/lib\libHALD.a(FRAM.o)
                0x2000c24c                FRAM_dummyCallback
 .text.FRAM_unlockingCallback
                0x2000c270       0x78 C:/Users/USER/Documents/GitHub/Base-Aug-2019/GlobusSatProject/..//hal/hal/lib\libHALD.a(FRAM.o)
                0x2000c270                FRAM_unlockingCallback
 .text.doBlockingTransfer
                0x2000c2e8       0x88 C:/Users/USER/Documents/GitHub/Base-Aug-2019/GlobusSatProject/..//hal/hal/lib\libHALD.a(FRAM.o)
 .text.FRAM_writePacket
                0x2000c370      0x148 C:/Users/USER/Documents/GitHub/Base-Aug-2019/GlobusSatProject/..//hal/hal/lib\libHALD.a(FRAM.o)
 .text.FRAM_write
                0x2000c4b8      0x1c8 C:/Users/USER/Documents/GitHub/Base-Aug-2019/GlobusSatProject/..//hal/hal/lib\libHALD.a(FRAM.o)
                0x2000c4b8                FRAM_write
 .text.FRAM_readPacket
                0x2000c680      0x114 C:/Users/USER/Documents/GitHub/Base-Aug-2019/GlobusSatProject/..//hal/hal/lib\libHALD.a(FRAM.o)
 .text.FRAM_read
                0x2000c794      0x1d4 C:/Users/USER/Documents/GitHub/Base-Aug-2019/GlobusSatProject/..//hal/hal/lib\libHALD.a(FRAM.o)
                0x2000c794                FRAM_read
 .text.Time_start
                0x2000c968      0x150 C:/Users/USER/Documents/GitHub/Base-Aug-2019/GlobusSatProject/..//hal/hal/lib\libHALD.a(Time.o)
                0x2000c968                Time_start
 .text.taskTimeSync
                0x2000cab8       0x38 C:/Users/USER/Documents/GitHub/Base-Aug-2019/GlobusSatProject/..//hal/hal/lib\libHALD.a(Time.o)
 .text.Time_set
                0x2000caf0      0x278 C:/Users/USER/Documents/GitHub/Base-Aug-2019/GlobusSatProject/..//hal/hal/lib\libHALD.a(Time.o)
                0x2000caf0                Time_set
 .text.Time_isLeapYear
                0x2000cd68       0x98 C:/Users/USER/Documents/GitHub/Base-Aug-2019/GlobusSatProject/..//hal/hal/lib\libHALD.a(Time.o)
                0x2000cd68                Time_isLeapYear
 .text.Time_get
                0x2000ce00      0x410 C:/Users/USER/Documents/GitHub/Base-Aug-2019/GlobusSatProject/..//hal/hal/lib\libHALD.a(Time.o)
                0x2000ce00                Time_get
 .text.Time_getUnixEpoch
                0x2000d210       0xf4 C:/Users/USER/Documents/GitHub/Base-Aug-2019/GlobusSatProject/..//hal/hal/lib\libHALD.a(Time.o)
                0x2000d210                Time_getUnixEpoch
 .text.secondsOfYearToTime
                0x2000d304      0x328 C:/Users/USER/Documents/GitHub/Base-Aug-2019/GlobusSatProject/..//hal/hal/lib\libHALD.a(Time.o)
 .text.Time_setUnixEpoch
                0x2000d62c      0x100 C:/Users/USER/Documents/GitHub/Base-Aug-2019/GlobusSatProject/..//hal/hal/lib\libHALD.a(Time.o)
                0x2000d62c                Time_setUnixEpoch
 .text.Time_sync
                0x2000d72c      0x2b8 C:/Users/USER/Documents/GitHub/Base-Aug-2019/GlobusSatProject/..//hal/hal/lib\libHALD.a(Time.o)
                0x2000d72c                Time_sync
 .text.Time_syncIfNeeded
                0x2000d9e4       0x70 C:/Users/USER/Documents/GitHub/Base-Aug-2019/GlobusSatProject/..//hal/hal/lib\libHALD.a(Time.o)
                0x2000d9e4                Time_syncIfNeeded
 .text.Time_setSyncInterval
                0x2000da54       0x38 C:/Users/USER/Documents/GitHub/Base-Aug-2019/GlobusSatProject/..//hal/hal/lib\libHALD.a(Time.o)
                0x2000da54                Time_setSyncInterval
 .text.WDT_start
                0x2000da8c       0x48 C:/Users/USER/Documents/GitHub/Base-Aug-2019/GlobusSatProject/..//hal/hal/lib\libHALD.a(WatchDogTimerNoOS.o)
                0x2000da8c                WDT_start
 .text.WDT_startWatchdogKickTask
                0x2000dad4       0xb4 C:/Users/USER/Documents/GitHub/Base-Aug-2019/GlobusSatProject/..//hal/hal/lib\libHALD.a(WatchDogTimerOS.o)
                0x2000dad4                WDT_startWatchdogKickTask
 .text.WDT_forceKickEveryNms
                0x2000db88       0x50 C:/Users/USER/Documents/GitHub/Base-Aug-2019/GlobusSatProject/..//hal/hal/lib\libHALD.a(WatchDogTimerOS.o)
                0x2000db88                WDT_forceKickEveryNms
 .text.LED_glow
                0x2000dbd8       0x58 C:/Users/USER/Documents/GitHub/Base-Aug-2019/GlobusSatProject/..//hal/hal/lib\libHALD.a(LED.o)
                0x2000dbd8                LED_glow
 .text.LED_dark
                0x2000dc30       0x58 C:/Users/USER/Documents/GitHub/Base-Aug-2019/GlobusSatProject/..//hal/hal/lib\libHALD.a(LED.o)
                0x2000dc30                LED_dark
 .text.LED_toggle
                0x2000dc88       0x50 C:/Users/USER/Documents/GitHub/Base-Aug-2019/GlobusSatProject/..//hal/hal/lib\libHALD.a(LED.o)
                0x2000dc88                LED_toggle
 .text.RTC_start
                0x2000dcd8       0x3c C:/Users/USER/Documents/GitHub/Base-Aug-2019/GlobusSatProject/..//hal/hal/lib\libHALD.a(RTC.o)
                0x2000dcd8                RTC_start
 .text.RTC_setTime
                0x2000dd14      0x2a4 C:/Users/USER/Documents/GitHub/Base-Aug-2019/GlobusSatProject/..//hal/hal/lib\libHALD.a(RTC.o)
                0x2000dd14                RTC_setTime
 .text.RTC_getTime
                0x2000dfb8      0x224 C:/Users/USER/Documents/GitHub/Base-Aug-2019/GlobusSatProject/..//hal/hal/lib\libHALD.a(RTC.o)
                0x2000dfb8                RTC_getTime
 .text.RTC_checkTimeValid
                0x2000e1dc       0xdc C:/Users/USER/Documents/GitHub/Base-Aug-2019/GlobusSatProject/..//hal/hal/lib\libHALD.a(RTC.o)
                0x2000e1dc                RTC_checkTimeValid
 .text.RTT_start
                0x2000e2b8       0x24 C:/Users/USER/Documents/GitHub/Base-Aug-2019/GlobusSatProject/..//hal/hal/lib\libHALD.a(RTT.o)
                0x2000e2b8                RTT_start
 .text.fn_init  0x2000e2dc      0x2e0 C:/Users/USER/Documents/GitHub/Base-Aug-2019/GlobusSatProject/..//hal/hcc/lib\libHCCD.a(fat_common.o)
                0x2000e2dc                fn_init
 .text._f_get16bitl
                0x2000e5bc       0x4c C:/Users/USER/Documents/GitHub/Base-Aug-2019/GlobusSatProject/..//hal/hcc/lib\libHCCD.a(fat_common.o)
                0x2000e5bc                _f_get16bitl
 .text._f_set16bitl
                0x2000e608       0x54 C:/Users/USER/Documents/GitHub/Base-Aug-2019/GlobusSatProject/..//hal/hcc/lib\libHCCD.a(fat_common.o)
                0x2000e608                _f_set16bitl
 .text._f_get32bitl
                0x2000e65c       0x68 C:/Users/USER/Documents/GitHub/Base-Aug-2019/GlobusSatProject/..//hal/hcc/lib\libHCCD.a(fat_common.o)
                0x2000e65c                _f_get32bitl
 .text._f_set32bitl
                0x2000e6c4       0x78 C:/Users/USER/Documents/GitHub/Base-Aug-2019/GlobusSatProject/..//hal/hcc/lib\libHCCD.a(fat_common.o)
                0x2000e6c4                _f_set32bitl
 .text._get8bit
                0x2000e73c       0xa0 C:/Users/USER/Documents/GitHub/Base-Aug-2019/GlobusSatProject/..//hal/hcc/lib\libHCCD.a(fat_common.o)
 .text._get16bitl
                0x2000e7dc       0x40 C:/Users/USER/Documents/GitHub/Base-Aug-2019/GlobusSatProject/..//hal/hcc/lib\libHCCD.a(fat_common.o)
 .text._get32bitl
                0x2000e81c       0x3c C:/Users/USER/Documents/GitHub/Base-Aug-2019/GlobusSatProject/..//hal/hcc/lib\libHCCD.a(fat_common.o)
 .text._f_setcardremoved
                0x2000e858       0x94 C:/Users/USER/Documents/GitHub/Base-Aug-2019/GlobusSatProject/..//hal/hcc/lib\libHCCD.a(fat_common.o)
 .text._f_checkstatus
                0x2000e8ec      0x104 C:/Users/USER/Documents/GitHub/Base-Aug-2019/GlobusSatProject/..//hal/hcc/lib\libHCCD.a(fat_common.o)
                0x2000e8ec                _f_checkstatus
 .text._f_drvgetphy
                0x2000e9f0      0x114 C:/Users/USER/Documents/GitHub/Base-Aug-2019/GlobusSatProject/..//hal/hcc/lib\libHCCD.a(fat_common.o)
 .text._f_drvwritesector
                0x2000eb04       0xdc C:/Users/USER/Documents/GitHub/Base-Aug-2019/GlobusSatProject/..//hal/hcc/lib\libHCCD.a(fat_common.o)
 .text._f_drvreadsector
                0x2000ebe0       0xa8 C:/Users/USER/Documents/GitHub/Base-Aug-2019/GlobusSatProject/..//hal/hcc/lib\libHCCD.a(fat_common.o)
 .text._f_writesector
                0x2000ec88      0x23c C:/Users/USER/Documents/GitHub/Base-Aug-2019/GlobusSatProject/..//hal/hcc/lib\libHCCD.a(fat_common.o)
                0x2000ec88                _f_writesector
 .text._f_readsector
                0x2000eec4      0x1dc C:/Users/USER/Documents/GitHub/Base-Aug-2019/GlobusSatProject/..//hal/hcc/lib\libHCCD.a(fat_common.o)
                0x2000eec4                _f_readsector
 .text._f_getmaxcluster
                0x2000f0a0       0x94 C:/Users/USER/Documents/GitHub/Base-Aug-2019/GlobusSatProject/..//hal/hcc/lib\libHCCD.a(fat_common.o)
                0x2000f0a0                _f_getmaxcluster
 .text._getsectorfromcluster
                0x2000f134       0x68 C:/Users/USER/Documents/GitHub/Base-Aug-2019/GlobusSatProject/..//hal/hcc/lib\libHCCD.a(fat_common.o)
 .text._f_buildsectors
                0x2000f19c      0x268 C:/Users/USER/Documents/GitHub/Base-Aug-2019/GlobusSatProject/..//hal/hcc/lib\libHCCD.a(fat_common.o)
 .text._f_getbootrecord
                0x2000f404      0x5e4 C:/Users/USER/Documents/GitHub/Base-Aug-2019/GlobusSatProject/..//hal/hcc/lib\libHCCD.a(fat_common.o)
 .text._f_readbootrecord
                0x2000f9e8      0x4f8 C:/Users/USER/Documents/GitHub/Base-Aug-2019/GlobusSatProject/..//hal/hcc/lib\libHCCD.a(fat_common.o)
 .text._f_flushcffiles
                0x2000fee0      0x17c C:/Users/USER/Documents/GitHub/Base-Aug-2019/GlobusSatProject/..//hal/hcc/lib\libHCCD.a(fat_common.o)
                0x2000fee0                _f_flushcffiles
 .text._f_fatcache_flush
                0x2001005c      0x270 C:/Users/USER/Documents/GitHub/Base-Aug-2019/GlobusSatProject/..//hal/hcc/lib\libHCCD.a(fat_common.o)
                0x2001005c                _f_fatcache_flush
 .text._f_writefatsector
                0x200102cc      0x100 C:/Users/USER/Documents/GitHub/Base-Aug-2019/GlobusSatProject/..//hal/hcc/lib\libHCCD.a(fat_common.o)
                0x200102cc                _f_writefatsector
 .text._f_getfatsector
                0x200103cc      0x3bc C:/Users/USER/Documents/GitHub/Base-Aug-2019/GlobusSatProject/..//hal/hcc/lib\libHCCD.a(fat_common.o)
 .text._f_setclustervalue
                0x20010788      0x490 C:/Users/USER/Documents/GitHub/Base-Aug-2019/GlobusSatProject/..//hal/hcc/lib\libHCCD.a(fat_common.o)
                0x20010788                _f_setclustervalue
 .text._f_getclustervalue
                0x20010c18      0x388 C:/Users/USER/Documents/GitHub/Base-Aug-2019/GlobusSatProject/..//hal/hcc/lib\libHCCD.a(fat_common.o)
                0x20010c18                _f_getclustervalue
 .text._f_close_drive_files
                0x20010fa0       0xac C:/Users/USER/Documents/GitHub/Base-Aug-2019/GlobusSatProject/..//hal/hcc/lib\libHCCD.a(fat_common.o)
 .text._f_inc_mount_count
                0x2001104c       0xa4 C:/Users/USER/Documents/GitHub/Base-Aug-2019/GlobusSatProject/..//hal/hcc/lib\libHCCD.a(fat_common.o)
 .text._f_getvolume
                0x200110f0      0x2f8 C:/Users/USER/Documents/GitHub/Base-Aug-2019/GlobusSatProject/..//hal/hcc/lib\libHCCD.a(fat_common.o)
                0x200110f0                _f_getvolume
 .text.fn_createdriver
                0x200113e8      0x118 C:/Users/USER/Documents/GitHub/Base-Aug-2019/GlobusSatProject/..//hal/hcc/lib\libHCCD.a(fat_common.o)
                0x200113e8                fn_createdriver
 .text.fn_initvolume
                0x20011500      0x12c C:/Users/USER/Documents/GitHub/Base-Aug-2019/GlobusSatProject/..//hal/hcc/lib\libHCCD.a(fat_common.o)
                0x20011500                fn_initvolume
 .text.fn_initvolumepartition_sub
                0x2001162c       0xe0 C:/Users/USER/Documents/GitHub/Base-Aug-2019/GlobusSatProject/..//hal/hcc/lib\libHCCD.a(fat_common.o)
 .text.fn_initvolumepartition
                0x2001170c       0xac C:/Users/USER/Documents/GitHub/Base-Aug-2019/GlobusSatProject/..//hal/hcc/lib\libHCCD.a(fat_common.o)
                0x2001170c                fn_initvolumepartition
 .text._f_clustertopos
                0x200117b8       0xf8 C:/Users/USER/Documents/GitHub/Base-Aug-2019/GlobusSatProject/..//hal/hcc/lib\libHCCD.a(fat_common.o)
                0x200117b8                _f_clustertopos
 .text._f_getcurrsector
                0x200118b0      0x6c8 C:/Users/USER/Documents/GitHub/Base-Aug-2019/GlobusSatProject/..//hal/hcc/lib\libHCCD.a(fat_common.o)
                0x200118b0                _f_getcurrsector
 .text._f_getdecluster
                0x20011f78       0x90 C:/Users/USER/Documents/GitHub/Base-Aug-2019/GlobusSatProject/..//hal/hcc/lib\libHCCD.a(fat_common.o)
                0x20011f78                _f_getdecluster
 .text._f_setdecluster
                0x20012008       0x8c C:/Users/USER/Documents/GitHub/Base-Aug-2019/GlobusSatProject/..//hal/hcc/lib\libHCCD.a(fat_common.o)
                0x20012008                _f_setdecluster
 .text.fn_getdrive
                0x20012094       0x30 C:/Users/USER/Documents/GitHub/Base-Aug-2019/GlobusSatProject/..//hal/hcc/lib\libHCCD.a(fat_common.o)
                0x20012094                fn_getdrive
 .text._f_getcurrenttimedate
                0x200120c4      0x138 C:/Users/USER/Documents/GitHub/Base-Aug-2019/GlobusSatProject/..//hal/hcc/lib\libHCCD.a(fat_common.o)
                0x200120c4                _f_getcurrenttimedate
 .text._f_initentry
                0x200121fc       0xa0 C:/Users/USER/Documents/GitHub/Base-Aug-2019/GlobusSatProject/..//hal/hcc/lib\libHCCD.a(fat_common.o)
                0x200121fc                _f_initentry
 .text._f_alloccluster
                0x2001229c      0x344 C:/Users/USER/Documents/GitHub/Base-Aug-2019/GlobusSatProject/..//hal/hcc/lib\libHCCD.a(fat_common.o)
                0x2001229c                _f_alloccluster
 .text._f_dobadblock
                0x200125e0      0x2cc C:/Users/USER/Documents/GitHub/Base-Aug-2019/GlobusSatProject/..//hal/hcc/lib\libHCCD.a(fat_common.o)
                0x200125e0                _f_dobadblock
 .text._f_checklocked
                0x200128ac       0xe4 C:/Users/USER/Documents/GitHub/Base-Aug-2019/GlobusSatProject/..//hal/hcc/lib\libHCCD.a(fat_common.o)
                0x200128ac                _f_checklocked
 .text._f_checkappendlocked
                0x20012990      0x110 C:/Users/USER/Documents/GitHub/Base-Aug-2019/GlobusSatProject/..//hal/hcc/lib\libHCCD.a(fat_common.o)
                0x20012990                _f_checkappendlocked
 .text._f_setsyncafile
                0x20012aa0      0x114 C:/Users/USER/Documents/GitHub/Base-Aug-2019/GlobusSatProject/..//hal/hcc/lib\libHCCD.a(fat_common.o)
                0x20012aa0                _f_setsyncafile
 .text._f_syncfiles
                0x20012bb4      0x128 C:/Users/USER/Documents/GitHub/Base-Aug-2019/GlobusSatProject/..//hal/hcc/lib\libHCCD.a(fat_common.o)
                0x20012bb4                _f_syncfiles
 .text._f_syncfilescontent
                0x20012cdc      0x15c C:/Users/USER/Documents/GitHub/Base-Aug-2019/GlobusSatProject/..//hal/hcc/lib\libHCCD.a(fat_common.o)
 .text.fn_getfreespace
                0x20012e38      0x4c0 C:/Users/USER/Documents/GitHub/Base-Aug-2019/GlobusSatProject/..//hal/hcc/lib\libHCCD.a(fat_common.o)
                0x20012e38                fn_getfreespace
 .text._f_emptywritecache
                0x200132f8      0x4a4 C:/Users/USER/Documents/GitHub/Base-Aug-2019/GlobusSatProject/..//hal/hcc/lib\libHCCD.a(fat_common.o)
 .text._f_allocnextcluster
                0x2001379c      0x54c C:/Users/USER/Documents/GitHub/Base-Aug-2019/GlobusSatProject/..//hal/hcc/lib\libHCCD.a(fat_common.o)
 .text._f_emptywritebuffer
                0x20013ce8      0x20c C:/Users/USER/Documents/GitHub/Base-Aug-2019/GlobusSatProject/..//hal/hcc/lib\libHCCD.a(fat_common.o)
 .text._f_writezeros
                0x20013ef4       0xf0 C:/Users/USER/Documents/GitHub/Base-Aug-2019/GlobusSatProject/..//hal/hcc/lib\libHCCD.a(fat_common.o)
                0x20013ef4                _f_writezeros
 .text._f_extend_file
                0x20013fe4      0x570 C:/Users/USER/Documents/GitHub/Base-Aug-2019/GlobusSatProject/..//hal/hcc/lib\libHCCD.a(fat_common.o)
 .text._f_fseek
                0x20014554      0x9bc C:/Users/USER/Documents/GitHub/Base-Aug-2019/GlobusSatProject/..//hal/hcc/lib\libHCCD.a(fat_common.o)
                0x20014554                _f_fseek
 .text._f_removechain
                0x20014f10      0x104 C:/Users/USER/Documents/GitHub/Base-Aug-2019/GlobusSatProject/..//hal/hcc/lib\libHCCD.a(fat_common.o)
                0x20014f10                _f_removechain
 .text._f_updatefileentry
                0x20015014      0x1cc C:/Users/USER/Documents/GitHub/Base-Aug-2019/GlobusSatProject/..//hal/hcc/lib\libHCCD.a(fat_common.o)
 .text._f_checkreadlocked
                0x200151e0      0x1bc C:/Users/USER/Documents/GitHub/Base-Aug-2019/GlobusSatProject/..//hal/hcc/lib\libHCCD.a(fat_common.o)
                0x200151e0                _f_checkreadlocked
 .text._f_check_handle
                0x2001539c       0x98 C:/Users/USER/Documents/GitHub/Base-Aug-2019/GlobusSatProject/..//hal/hcc/lib\libHCCD.a(fat_common.o)
                0x2001539c                _f_check_handle
 .text._f_removesyncafile
                0x20015434      0x1ec C:/Users/USER/Documents/GitHub/Base-Aug-2019/GlobusSatProject/..//hal/hcc/lib\libHCCD.a(fat_common.o)
 .text.fn_close
                0x20015620      0x3f8 C:/Users/USER/Documents/GitHub/Base-Aug-2019/GlobusSatProject/..//hal/hcc/lib\libHCCD.a(fat_common.o)
                0x20015620                fn_close
 .text.fn_flush
                0x20015a18      0x374 C:/Users/USER/Documents/GitHub/Base-Aug-2019/GlobusSatProject/..//hal/hcc/lib\libHCCD.a(fat_common.o)
                0x20015a18                fn_flush
 .text.fn_read  0x20015d8c      0x690 C:/Users/USER/Documents/GitHub/Base-Aug-2019/GlobusSatProject/..//hal/hcc/lib\libHCCD.a(fat_common.o)
                0x20015d8c                fn_read
 .text._f_abortwrite
                0x2001641c      0x100 C:/Users/USER/Documents/GitHub/Base-Aug-2019/GlobusSatProject/..//hal/hcc/lib\libHCCD.a(fat_common.o)
 .text._f_checkwritecluster
                0x2001651c       0xe4 C:/Users/USER/Documents/GitHub/Base-Aug-2019/GlobusSatProject/..//hal/hcc/lib\libHCCD.a(fat_common.o)
 .text.fn_write
                0x20016600      0x8a8 C:/Users/USER/Documents/GitHub/Base-Aug-2019/GlobusSatProject/..//hal/hcc/lib\libHCCD.a(fat_common.o)
                0x20016600                fn_write
 .text.fn_seek  0x20016ea8      0x270 C:/Users/USER/Documents/GitHub/Base-Aug-2019/GlobusSatProject/..//hal/hcc/lib\libHCCD.a(fat_common.o)
                0x20016ea8                fn_seek
 .text.f_enterFS
                0x20017118      0x1c0 C:/Users/USER/Documents/GitHub/Base-Aug-2019/GlobusSatProject/..//hal/hcc/lib\libHCCD.a(fat_common.o)
                0x20017118                f_enterFS
 .text.f_releaseFS
                0x200172d8       0xb0 C:/Users/USER/Documents/GitHub/Base-Aug-2019/GlobusSatProject/..//hal/hcc/lib\libHCCD.a(fat_common.o)
                0x200172d8                f_releaseFS
 .text.fnGetTask
                0x20017388       0xfc C:/Users/USER/Documents/GitHub/Base-Aug-2019/GlobusSatProject/..//hal/hcc/lib\libHCCD.a(fat_common.o)
                0x20017388                fnGetTask
 .text._f_mutex_get
                0x20017484       0x98 C:/Users/USER/Documents/GitHub/Base-Aug-2019/GlobusSatProject/..//hal/hcc/lib\libHCCD.a(fat_common.o)
                0x20017484                _f_mutex_get
 .text._f_mutex_put
                0x2001751c       0x54 C:/Users/USER/Documents/GitHub/Base-Aug-2019/GlobusSatProject/..//hal/hcc/lib\libHCCD.a(fat_common.o)
                0x2001751c                _f_mutex_put
 .text._fn_initseekdivisor
                0x20017570      0x158 C:/Users/USER/Documents/GitHub/Base-Aug-2019/GlobusSatProject/..//hal/hcc/lib\libHCCD.a(fat_common.o)
                0x20017570                _fn_initseekdivisor
 .text._fn_updateseekpos
                0x200176c8       0xc4 C:/Users/USER/Documents/GitHub/Base-Aug-2019/GlobusSatProject/..//hal/hcc/lib\libHCCD.a(fat_common.o)
 .text._f_findopensize
                0x2001778c       0x2c C:/Users/USER/Documents/GitHub/Base-Aug-2019/GlobusSatProject/..//hal/hcc/lib\libHCCD.a(fat_common.o)
                0x2001778c                _f_findopensize
 .text.fn_setlasterror
                0x200177b8       0x34 C:/Users/USER/Documents/GitHub/Base-Aug-2019/GlobusSatProject/..//hal/hcc/lib\libHCCD.a(fat_common.o)
                0x200177b8                fn_setlasterror
 .text.fn_setlasterror_noret
                0x200177ec       0x2c C:/Users/USER/Documents/GitHub/Base-Aug-2019/GlobusSatProject/..//hal/hcc/lib\libHCCD.a(fat_common.o)
                0x200177ec                fn_setlasterror_noret
 .text.fm_initvolume
                0x20017818       0x70 C:/Users/USER/Documents/GitHub/Base-Aug-2019/GlobusSatProject/..//hal/hcc/lib\libHCCD.a(fat_m.o)
                0x20017818                fm_initvolume
 .text.fm_getdrive
                0x20017888       0x70 C:/Users/USER/Documents/GitHub/Base-Aug-2019/GlobusSatProject/..//hal/hcc/lib\libHCCD.a(fat_m.o)
                0x20017888                fm_getdrive
 .text.fm_getfreespace
                0x200178f8       0x68 C:/Users/USER/Documents/GitHub/Base-Aug-2019/GlobusSatProject/..//hal/hcc/lib\libHCCD.a(fat_m.o)
                0x200178f8                fm_getfreespace
 .text.fm_findfirst
                0x20017960       0x68 C:/Users/USER/Documents/GitHub/Base-Aug-2019/GlobusSatProject/..//hal/hcc/lib\libHCCD.a(fat_m.o)
                0x20017960                fm_findfirst
 .text.fm_findnext
                0x200179c8       0x60 C:/Users/USER/Documents/GitHub/Base-Aug-2019/GlobusSatProject/..//hal/hcc/lib\libHCCD.a(fat_m.o)
                0x200179c8                fm_findnext
 .text.fm_filelength
                0x20017a28       0x60 C:/Users/USER/Documents/GitHub/Base-Aug-2019/GlobusSatProject/..//hal/hcc/lib\libHCCD.a(fat_m.o)
                0x20017a28                fm_filelength
 .text.fm_close
                0x20017a88       0x60 C:/Users/USER/Documents/GitHub/Base-Aug-2019/GlobusSatProject/..//hal/hcc/lib\libHCCD.a(fat_m.o)
                0x20017a88                fm_close
 .text.fm_flush
                0x20017ae8       0x60 C:/Users/USER/Documents/GitHub/Base-Aug-2019/GlobusSatProject/..//hal/hcc/lib\libHCCD.a(fat_m.o)
                0x20017ae8                fm_flush
 .text.fm_open  0x20017b48       0x68 C:/Users/USER/Documents/GitHub/Base-Aug-2019/GlobusSatProject/..//hal/hcc/lib\libHCCD.a(fat_m.o)
                0x20017b48                fm_open
 .text.fm_read  0x20017bb0       0x7c C:/Users/USER/Documents/GitHub/Base-Aug-2019/GlobusSatProject/..//hal/hcc/lib\libHCCD.a(fat_m.o)
                0x20017bb0                fm_read
 .text.fm_write
                0x20017c2c       0x7c C:/Users/USER/Documents/GitHub/Base-Aug-2019/GlobusSatProject/..//hal/hcc/lib\libHCCD.a(fat_m.o)
                0x20017c2c                fm_write
 .text.fm_seek  0x20017ca8       0x70 C:/Users/USER/Documents/GitHub/Base-Aug-2019/GlobusSatProject/..//hal/hcc/lib\libHCCD.a(fat_m.o)
                0x20017ca8                fm_seek
 .text.fm_delete
                0x20017d18       0x64 C:/Users/USER/Documents/GitHub/Base-Aug-2019/GlobusSatProject/..//hal/hcc/lib\libHCCD.a(fat_m.o)
                0x20017d18                fm_delete
 .text._s_checkzeroclusteratend
                0x20017d7c       0xf8 C:/Users/USER/Documents/GitHub/Base-Aug-2019/GlobusSatProject/..//hal/hcc/lib\libHCCD.a(safefat.o)
 .text._s_clearclustercontent
                0x20017e74      0x108 C:/Users/USER/Documents/GitHub/Base-Aug-2019/GlobusSatProject/..//hal/hcc/lib\libHCCD.a(safefat.o)
 .text._s_clearclustercontentdir
                0x20017f7c      0x19c C:/Users/USER/Documents/GitHub/Base-Aug-2019/GlobusSatProject/..//hal/hcc/lib\libHCCD.a(safefat.o)
 .text._s_writedirsector
                0x20018118       0xd0 C:/Users/USER/Documents/GitHub/Base-Aug-2019/GlobusSatProject/..//hal/hcc/lib\libHCCD.a(safefat.o)
 .text._s_getdirsector
                0x200181e8      0x100 C:/Users/USER/Documents/GitHub/Base-Aug-2019/GlobusSatProject/..//hal/hcc/lib\libHCCD.a(safefat.o)
 .text._s_addentry
                0x200182e8      0x394 C:/Users/USER/Documents/GitHub/Base-Aug-2019/GlobusSatProject/..//hal/hcc/lib\libHCCD.a(safefat.o)
 .text._s_findfile
                0x2001867c      0x33c C:/Users/USER/Documents/GitHub/Base-Aug-2019/GlobusSatProject/..//hal/hcc/lib\libHCCD.a(safefat.o)
 .text._s_findsubdir
                0x200189b8      0x248 C:/Users/USER/Documents/GitHub/Base-Aug-2019/GlobusSatProject/..//hal/hcc/lib\libHCCD.a(safefat.o)
 .text._s_createfile
                0x20018c00      0x190 C:/Users/USER/Documents/GitHub/Base-Aug-2019/GlobusSatProject/..//hal/hcc/lib\libHCCD.a(safefat.o)
 .text._s_findsaffile
                0x20018d90      0x1b8 C:/Users/USER/Documents/GitHub/Base-Aug-2019/GlobusSatProject/..//hal/hcc/lib\libHCCD.a(safefat.o)
 .text._s_open  0x20018f48       0xe4 C:/Users/USER/Documents/GitHub/Base-Aug-2019/GlobusSatProject/..//hal/hcc/lib\libHCCD.a(safefat.o)
 .text._s_open_saf
                0x2001902c       0xe8 C:/Users/USER/Documents/GitHub/Base-Aug-2019/GlobusSatProject/..//hal/hcc/lib\libHCCD.a(safefat.o)
 .text._s_flush
                0x20019114       0x84 C:/Users/USER/Documents/GitHub/Base-Aug-2019/GlobusSatProject/..//hal/hcc/lib\libHCCD.a(safefat.o)
 .text._s_allocnextcluster
                0x20019198      0x13c C:/Users/USER/Documents/GitHub/Base-Aug-2019/GlobusSatProject/..//hal/hcc/lib\libHCCD.a(safefat.o)
 .text._s_getnextsector
                0x200192d4       0xdc C:/Users/USER/Documents/GitHub/Base-Aug-2019/GlobusSatProject/..//hal/hcc/lib\libHCCD.a(safefat.o)
 .text._s_seek  0x200193b0      0x1e8 C:/Users/USER/Documents/GitHub/Base-Aug-2019/GlobusSatProject/..//hal/hcc/lib\libHCCD.a(safefat.o)
 .text._s_read  0x20019598      0x228 C:/Users/USER/Documents/GitHub/Base-Aug-2019/GlobusSatProject/..//hal/hcc/lib\libHCCD.a(safefat.o)
 .text._s_write
                0x200197c0      0x384 C:/Users/USER/Documents/GitHub/Base-Aug-2019/GlobusSatProject/..//hal/hcc/lib\libHCCD.a(safefat.o)
 .text._s_restoreclusters
                0x20019b44      0x270 C:/Users/USER/Documents/GitHub/Base-Aug-2019/GlobusSatProject/..//hal/hcc/lib\libHCCD.a(safefat.o)
                0x20019b44                _s_restoreclusters
 .text._s_findrestore
                0x20019db4      0x18c C:/Users/USER/Documents/GitHub/Base-Aug-2019/GlobusSatProject/..//hal/hcc/lib\libHCCD.a(safefat.o)
 .text._s_cmd_writede
                0x20019f40       0xd8 C:/Users/USER/Documents/GitHub/Base-Aug-2019/GlobusSatProject/..//hal/hcc/lib\libHCCD.a(safefat.o)
 .text._s_cmd_setcluster
                0x2001a018       0x88 C:/Users/USER/Documents/GitHub/Base-Aug-2019/GlobusSatProject/..//hal/hcc/lib\libHCCD.a(safefat.o)
 .text._s_cmd_deletechain
                0x2001a0a0      0x100 C:/Users/USER/Documents/GitHub/Base-Aug-2019/GlobusSatProject/..//hal/hcc/lib\libHCCD.a(safefat.o)
 .text._s_cmd_validatecfn
                0x2001a1a0      0x308 C:/Users/USER/Documents/GitHub/Base-Aug-2019/GlobusSatProject/..//hal/hcc/lib\libHCCD.a(safefat.o)
 .text._s_cmd_seteof
                0x2001a4a8      0x3c4 C:/Users/USER/Documents/GitHub/Base-Aug-2019/GlobusSatProject/..//hal/hcc/lib\libHCCD.a(safefat.o)
 .text.safe_docommands
                0x2001a86c      0x56c C:/Users/USER/Documents/GitHub/Base-Aug-2019/GlobusSatProject/..//hal/hcc/lib\libHCCD.a(safefat.o)
                0x2001a86c                safe_docommands
 .text.safe_entercommand
                0x2001add8       0x68 C:/Users/USER/Documents/GitHub/Base-Aug-2019/GlobusSatProject/..//hal/hcc/lib\libHCCD.a(safefat.o)
                0x2001add8                safe_entercommand
 .text.safe_ready
                0x2001ae40       0xf4 C:/Users/USER/Documents/GitHub/Base-Aug-2019/GlobusSatProject/..//hal/hcc/lib\libHCCD.a(safefat.o)
                0x2001ae40                safe_ready
 .text.safe_copycfn
                0x2001af34       0xb8 C:/Users/USER/Documents/GitHub/Base-Aug-2019/GlobusSatProject/..//hal/hcc/lib\libHCCD.a(safefat.o)
                0x2001af34                safe_copycfn
 .text.safe_cfremove
                0x2001afec       0xb8 C:/Users/USER/Documents/GitHub/Base-Aug-2019/GlobusSatProject/..//hal/hcc/lib\libHCCD.a(safefat.o)
                0x2001afec                safe_cfremove
 .text.safe_writede
                0x2001b0a4      0x104 C:/Users/USER/Documents/GitHub/Base-Aug-2019/GlobusSatProject/..//hal/hcc/lib\libHCCD.a(safefat.o)
                0x2001b0a4                safe_writede
 .text.safe_setcluster
                0x2001b1a8       0xcc C:/Users/USER/Documents/GitHub/Base-Aug-2019/GlobusSatProject/..//hal/hcc/lib\libHCCD.a(safefat.o)
                0x2001b1a8                safe_setcluster
 .text.safe_deletechain
                0x2001b274      0x1c8 C:/Users/USER/Documents/GitHub/Base-Aug-2019/GlobusSatProject/..//hal/hcc/lib\libHCCD.a(safefat.o)
                0x2001b274                safe_deletechain
 .text.safe_cfclose
                0x2001b43c      0x104 C:/Users/USER/Documents/GitHub/Base-Aug-2019/GlobusSatProject/..//hal/hcc/lib\libHCCD.a(safefat.o)
                0x2001b43c                safe_cfclose
 .text.safe_cfflush
                0x2001b540      0x124 C:/Users/USER/Documents/GitHub/Base-Aug-2019/GlobusSatProject/..//hal/hcc/lib\libHCCD.a(safefat.o)
                0x2001b540                safe_cfflush
 .text.safe_reset
                0x2001b664       0x78 C:/Users/USER/Documents/GitHub/Base-Aug-2019/GlobusSatProject/..//hal/hcc/lib\libHCCD.a(safefat.o)
                0x2001b664                safe_reset
 .text.safe_loadcommands
                0x2001b6dc       0x78 C:/Users/USER/Documents/GitHub/Base-Aug-2019/GlobusSatProject/..//hal/hcc/lib\libHCCD.a(safefat.o)
                0x2001b6dc                safe_loadcommands
 .text.safe_poweron
                0x2001b754      0x1fc C:/Users/USER/Documents/GitHub/Base-Aug-2019/GlobusSatProject/..//hal/hcc/lib\libHCCD.a(safefat.o)
                0x2001b754                safe_poweron
 .text.cf_getname
                0x2001b950       0xc0 C:/Users/USER/Documents/GitHub/Base-Aug-2019/GlobusSatProject/..//hal/hcc/lib\libHCCD.a(safefat.o)
 .text.cf_copyclusterchain
                0x2001ba10      0x138 C:/Users/USER/Documents/GitHub/Base-Aug-2019/GlobusSatProject/..//hal/hcc/lib\libHCCD.a(safefat.o)
 .text.cf_seektozero
                0x2001bb48       0x94 C:/Users/USER/Documents/GitHub/Base-Aug-2019/GlobusSatProject/..//hal/hcc/lib\libHCCD.a(safefat.o)
                0x2001bb48                cf_seektozero
 .text.cf_create
                0x2001bbdc      0x3a8 C:/Users/USER/Documents/GitHub/Base-Aug-2019/GlobusSatProject/..//hal/hcc/lib\libHCCD.a(safefat.o)
                0x2001bbdc                cf_create
 .text.cf_copyclustercontent
                0x2001bf84      0x128 C:/Users/USER/Documents/GitHub/Base-Aug-2019/GlobusSatProject/..//hal/hcc/lib\libHCCD.a(safefat.o)
                0x2001bf84                cf_copyclustercontent
 .text.cf_copycfn
                0x2001c0ac      0x4bc C:/Users/USER/Documents/GitHub/Base-Aug-2019/GlobusSatProject/..//hal/hcc/lib\libHCCD.a(safefat.o)
                0x2001c0ac                cf_copycfn
 .text.cf_remove
                0x2001c568      0x344 C:/Users/USER/Documents/GitHub/Base-Aug-2019/GlobusSatProject/..//hal/hcc/lib\libHCCD.a(safefat.o)
                0x2001c568                cf_remove
 .text.cf_setclusternew
                0x2001c8ac       0xf0 C:/Users/USER/Documents/GitHub/Base-Aug-2019/GlobusSatProject/..//hal/hcc/lib\libHCCD.a(safefat.o)
                0x2001c8ac                cf_setclusternew
 .text.cf_flush
                0x2001c99c       0x58 C:/Users/USER/Documents/GitHub/Base-Aug-2019/GlobusSatProject/..//hal/hcc/lib\libHCCD.a(safefat.o)
                0x2001c99c                cf_flush
 .text.cf_getcluster
                0x2001c9f4      0x1b4 C:/Users/USER/Documents/GitHub/Base-Aug-2019/GlobusSatProject/..//hal/hcc/lib\libHCCD.a(safefat.o)
                0x2001c9f4                cf_getcluster
 .text.cf_setnextcluster
                0x2001cba8      0x194 C:/Users/USER/Documents/GitHub/Base-Aug-2019/GlobusSatProject/..//hal/hcc/lib\libHCCD.a(safefat.o)
                0x2001cba8                cf_setnextcluster
 .text.cf_getpositions
                0x2001cd3c       0xbc C:/Users/USER/Documents/GitHub/Base-Aug-2019/GlobusSatProject/..//hal/hcc/lib\libHCCD.a(safefat.o)
                0x2001cd3c                cf_getpositions
 .text.cf_setpositions
                0x2001cdf8       0xb0 C:/Users/USER/Documents/GitHub/Base-Aug-2019/GlobusSatProject/..//hal/hcc/lib\libHCCD.a(safefat.o)
                0x2001cdf8                cf_setpositions
 .text.cf_opensyncafile
                0x2001cea8      0x150 C:/Users/USER/Documents/GitHub/Base-Aug-2019/GlobusSatProject/..//hal/hcc/lib\libHCCD.a(safefat.o)
                0x2001cea8                cf_opensyncafile
 .text.cf_reloadcfo
                0x2001cff8       0xd8 C:/Users/USER/Documents/GitHub/Base-Aug-2019/GlobusSatProject/..//hal/hcc/lib\libHCCD.a(safefat.o)
                0x2001cff8                cf_reloadcfo
 .text.mcipdc_cmd
                0x2001d0d0      0x22c C:/Users/USER/Documents/GitHub/Base-Aug-2019/GlobusSatProject/..//hal/hcc/lib\libHCCD.a(atmel_mcipdc.o)
 .text.mcipdc_stop
                0x2001d2fc       0xfc C:/Users/USER/Documents/GitHub/Base-Aug-2019/GlobusSatProject/..//hal/hcc/lib\libHCCD.a(atmel_mcipdc.o)
                0x2001d2fc                mcipdc_stop
 .text.mcipdc_read
                0x2001d3f8      0x27c C:/Users/USER/Documents/GitHub/Base-Aug-2019/GlobusSatProject/..//hal/hcc/lib\libHCCD.a(atmel_mcipdc.o)
 .text.mcipdc_write
                0x2001d674      0x298 C:/Users/USER/Documents/GitHub/Base-Aug-2019/GlobusSatProject/..//hal/hcc/lib\libHCCD.a(atmel_mcipdc.o)
 .text.mcipdc_readsector
                0x2001d90c       0x9c C:/Users/USER/Documents/GitHub/Base-Aug-2019/GlobusSatProject/..//hal/hcc/lib\libHCCD.a(atmel_mcipdc.o)
                0x2001d90c                mcipdc_readsector
 .text.mcipdc_readmultiplesector
                0x2001d9a8      0x124 C:/Users/USER/Documents/GitHub/Base-Aug-2019/GlobusSatProject/..//hal/hcc/lib\libHCCD.a(atmel_mcipdc.o)
                0x2001d9a8                mcipdc_readmultiplesector
 .text.mcipdc_writesector
                0x2001dacc       0x90 C:/Users/USER/Documents/GitHub/Base-Aug-2019/GlobusSatProject/..//hal/hcc/lib\libHCCD.a(atmel_mcipdc.o)
                0x2001dacc                mcipdc_writesector
 .text.mcipdc_writemultiplesector
                0x2001db5c      0x120 C:/Users/USER/Documents/GitHub/Base-Aug-2019/GlobusSatProject/..//hal/hcc/lib\libHCCD.a(atmel_mcipdc.o)
                0x2001db5c                mcipdc_writemultiplesector
 .text.mcipdc_set_speed
                0x2001dc7c       0xb0 C:/Users/USER/Documents/GitHub/Base-Aug-2019/GlobusSatProject/..//hal/hcc/lib\libHCCD.a(atmel_mcipdc.o)
 .text.mcipdc_get_speed
                0x2001dd2c       0x48 C:/Users/USER/Documents/GitHub/Base-Aug-2019/GlobusSatProject/..//hal/hcc/lib\libHCCD.a(atmel_mcipdc.o)
 .text._get_csd_bits
                0x2001dd74      0x14c C:/Users/USER/Documents/GitHub/Base-Aug-2019/GlobusSatProject/..//hal/hcc/lib\libHCCD.a(atmel_mcipdc.o)
 .text.mcipdc_initcard
                0x2001dec0      0x8f4 C:/Users/USER/Documents/GitHub/Base-Aug-2019/GlobusSatProject/..//hal/hcc/lib\libHCCD.a(atmel_mcipdc.o)
 .text.mcipdc_getstatus
                0x2001e7b4       0xe8 C:/Users/USER/Documents/GitHub/Base-Aug-2019/GlobusSatProject/..//hal/hcc/lib\libHCCD.a(atmel_mcipdc.o)
 .text.mcipdc_getphy
                0x2001e89c       0x90 C:/Users/USER/Documents/GitHub/Base-Aug-2019/GlobusSatProject/..//hal/hcc/lib\libHCCD.a(atmel_mcipdc.o)
 .text.mcipdc_release
                0x2001e92c       0x50 C:/Users/USER/Documents/GitHub/Base-Aug-2019/GlobusSatProject/..//hal/hcc/lib\libHCCD.a(atmel_mcipdc.o)
 .text.atmel_mcipdc_initfunc
                0x2001e97c      0x160 C:/Users/USER/Documents/GitHub/Base-Aug-2019/GlobusSatProject/..//hal/hcc/lib\libHCCD.a(atmel_mcipdc.o)
                0x2001e97c                atmel_mcipdc_initfunc
 .text.oal_mutex_create
                0x2001eadc       0x54 C:/Users/USER/Documents/GitHub/Base-Aug-2019/GlobusSatProject/..//hal/hcc/lib\libHCCD.a(oalp_mutex.o)
                0x2001eadc                oal_mutex_create
 .text.oal_mutex_delete
                0x2001eb30       0x30 C:/Users/USER/Documents/GitHub/Base-Aug-2019/GlobusSatProject/..//hal/hcc/lib\libHCCD.a(oalp_mutex.o)
                0x2001eb30                oal_mutex_delete
 .text.oal_mutex_get
                0x2001eb60       0x58 C:/Users/USER/Documents/GitHub/Base-Aug-2019/GlobusSatProject/..//hal/hcc/lib\libHCCD.a(oalp_mutex.o)
                0x2001eb60                oal_mutex_get
 .text.oal_mutex_put
                0x2001ebb8       0x58 C:/Users/USER/Documents/GitHub/Base-Aug-2019/GlobusSatProject/..//hal/hcc/lib\libHCCD.a(oalp_mutex.o)
                0x2001ebb8                oal_mutex_put
 .text.oal_task_get_id
                0x2001ec10       0x18 C:/Users/USER/Documents/GitHub/Base-Aug-2019/GlobusSatProject/..//hal/hcc/lib\libHCCD.a(oalp_task.o)
                0x2001ec10                oal_task_get_id
 .text.mcipdc_hw_init
                0x2001ec28       0xe8 C:/Users/USER/Documents/GitHub/Base-Aug-2019/GlobusSatProject/..//hal/hcc/lib\libHCCD.a(atmel_mcipdc_hw.o)
                0x2001ec28                mcipdc_hw_init
 .text.mcipdc_hw_delete
                0x2001ed10       0x78 C:/Users/USER/Documents/GitHub/Base-Aug-2019/GlobusSatProject/..//hal/hcc/lib\libHCCD.a(atmel_mcipdc_hw.o)
                0x2001ed10                mcipdc_hw_delete
 .text.mcipdc_hw_card_plugged
                0x2001ed88       0x1c C:/Users/USER/Documents/GitHub/Base-Aug-2019/GlobusSatProject/..//hal/hcc/lib\libHCCD.a(atmel_mcipdc_hw.o)
                0x2001ed88                mcipdc_hw_card_plugged
 .text.mcipdc_hw_card_writeprotect
                0x2001eda4       0x1c C:/Users/USER/Documents/GitHub/Base-Aug-2019/GlobusSatProject/..//hal/hcc/lib\libHCCD.a(atmel_mcipdc_hw.o)
                0x2001eda4                mcipdc_hw_card_writeprotect
 .text.psp_getcurrenttimedate
                0x2001edc0       0x8c C:/Users/USER/Documents/GitHub/Base-Aug-2019/GlobusSatProject/..//hal/hcc/lib\libHCCD.a(psp_rtc.o)
                0x2001edc0                psp_getcurrenttimedate
 .text._hcc_get_buf_dsc
                0x2001ee4c       0x8c C:/Users/USER/Documents/GitHub/Base-Aug-2019/GlobusSatProject/..//hal/hcc/lib\libHCCD.a(hcc_mem.o)
 .text._hcc_check_free_pages
                0x2001eed8      0x18c C:/Users/USER/Documents/GitHub/Base-Aug-2019/GlobusSatProject/..//hal/hcc/lib\libHCCD.a(hcc_mem.o)
 .text._hcc_mark_pages
                0x2001f064      0x158 C:/Users/USER/Documents/GitHub/Base-Aug-2019/GlobusSatProject/..//hal/hcc/lib\libHCCD.a(hcc_mem.o)
 .text._hcc_clear_lock_dsc
                0x2001f1bc       0x80 C:/Users/USER/Documents/GitHub/Base-Aug-2019/GlobusSatProject/..//hal/hcc/lib\libHCCD.a(hcc_mem.o)
 .text._hcc_lock_access
                0x2001f23c      0x128 C:/Users/USER/Documents/GitHub/Base-Aug-2019/GlobusSatProject/..//hal/hcc/lib\libHCCD.a(hcc_mem.o)
 .text._hcc_unlock_access
                0x2001f364       0x30 C:/Users/USER/Documents/GitHub/Base-Aug-2019/GlobusSatProject/..//hal/hcc/lib\libHCCD.a(hcc_mem.o)
 .text.hcc_mem_alloc
                0x2001f394      0x454 C:/Users/USER/Documents/GitHub/Base-Aug-2019/GlobusSatProject/..//hal/hcc/lib\libHCCD.a(hcc_mem.o)
                0x2001f394                hcc_mem_alloc
 .text.hcc_mem_free
                0x2001f7e8      0x178 C:/Users/USER/Documents/GitHub/Base-Aug-2019/GlobusSatProject/..//hal/hcc/lib\libHCCD.a(hcc_mem.o)
                0x2001f7e8                hcc_mem_free
 .text.hcc_mem_add
                0x2001f960      0x3b0 C:/Users/USER/Documents/GitHub/Base-Aug-2019/GlobusSatProject/..//hal/hcc/lib\libHCCD.a(hcc_mem.o)
                0x2001f960                hcc_mem_add
 .text.hcc_mem_init
                0x2001fd10      0x164 C:/Users/USER/Documents/GitHub/Base-Aug-2019/GlobusSatProject/..//hal/hcc/lib\libHCCD.a(hcc_mem.o)
                0x2001fd10                hcc_mem_init
 .text._f_invalidatedir
                0x2001fe74       0x28 C:/Users/USER/Documents/GitHub/Base-Aug-2019/GlobusSatProject/..//hal/hcc/lib\libHCCD.a(fat.o)
                0x2001fe74                _f_invalidatedir
 .text._f_getdirsector
                0x2001fe9c       0x88 C:/Users/USER/Documents/GitHub/Base-Aug-2019/GlobusSatProject/..//hal/hcc/lib\libHCCD.a(fat.o)
                0x2001fe9c                _f_getdirsector
 .text._f_writedirsector
                0x2001ff24       0x74 C:/Users/USER/Documents/GitHub/Base-Aug-2019/GlobusSatProject/..//hal/hcc/lib\libHCCD.a(fat.o)
                0x2001ff24                _f_writedirsector
 .text._f_checknameinv
                0x2001ff98      0x180 C:/Users/USER/Documents/GitHub/Base-Aug-2019/GlobusSatProject/..//hal/hcc/lib\libHCCD.a(fat.o)
 .text._f_checkname
                0x20020118       0x7c C:/Users/USER/Documents/GitHub/Base-Aug-2019/GlobusSatProject/..//hal/hcc/lib\libHCCD.a(fat.o)
 .text._f_checknamewc
                0x20020194       0xf8 C:/Users/USER/Documents/GitHub/Base-Aug-2019/GlobusSatProject/..//hal/hcc/lib\libHCCD.a(fat.o)
 .text._f_setnameext
                0x2002028c      0x300 C:/Users/USER/Documents/GitHub/Base-Aug-2019/GlobusSatProject/..//hal/hcc/lib\libHCCD.a(fat.o)
 .text._f_setfsname
                0x2002058c      0x584 C:/Users/USER/Documents/GitHub/Base-Aug-2019/GlobusSatProject/..//hal/hcc/lib\libHCCD.a(fat.o)
 .text._f_findfile
                0x20020b10      0x30c C:/Users/USER/Documents/GitHub/Base-Aug-2019/GlobusSatProject/..//hal/hcc/lib\libHCCD.a(fat.o)
 .text._f_cmp_wname
                0x20020e1c      0x274 C:/Users/USER/Documents/GitHub/Base-Aug-2019/GlobusSatProject/..//hal/hcc/lib\libHCCD.a(fat.o)
 .text._f_to_string
                0x20021090      0x130 C:/Users/USER/Documents/GitHub/Base-Aug-2019/GlobusSatProject/..//hal/hcc/lib\libHCCD.a(fat.o)
 .text._f_findfilewc
                0x200211c0      0x278 C:/Users/USER/Documents/GitHub/Base-Aug-2019/GlobusSatProject/..//hal/hcc/lib\libHCCD.a(fat.o)
 .text._f_getfilename
                0x20021438      0x20c C:/Users/USER/Documents/GitHub/Base-Aug-2019/GlobusSatProject/..//hal/hcc/lib\libHCCD.a(fat.o)
 .text._f_findpath
                0x20021644      0x35c C:/Users/USER/Documents/GitHub/Base-Aug-2019/GlobusSatProject/..//hal/hcc/lib\libHCCD.a(fat.o)
 .text.fn_getdcwd
                0x200219a0      0x1e0 C:/Users/USER/Documents/GitHub/Base-Aug-2019/GlobusSatProject/..//hal/hcc/lib\libHCCD.a(fat.o)
                0x200219a0                fn_getdcwd
 .text.fn_findfirst
                0x20021b80      0x13c C:/Users/USER/Documents/GitHub/Base-Aug-2019/GlobusSatProject/..//hal/hcc/lib\libHCCD.a(fat.o)
                0x20021b80                fn_findfirst
 .text.fn_findnext
                0x20021cbc      0x360 C:/Users/USER/Documents/GitHub/Base-Aug-2019/GlobusSatProject/..//hal/hcc/lib\libHCCD.a(fat.o)
                0x20021cbc                fn_findnext
 .text._f_lock_resfile
                0x2002201c       0x6c C:/Users/USER/Documents/GitHub/Base-Aug-2019/GlobusSatProject/..//hal/hcc/lib\libHCCD.a(fat.o)
 .text._f_unlock_resfile
                0x20022088       0x40 C:/Users/USER/Documents/GitHub/Base-Aug-2019/GlobusSatProject/..//hal/hcc/lib\libHCCD.a(fat.o)
 .text._f_getintfile
                0x200220c8      0x124 C:/Users/USER/Documents/GitHub/Base-Aug-2019/GlobusSatProject/..//hal/hcc/lib\libHCCD.a(fat.o)
 .text._f_addentry
                0x200221ec      0x540 C:/Users/USER/Documents/GitHub/Base-Aug-2019/GlobusSatProject/..//hal/hcc/lib\libHCCD.a(fat.o)
 .text.fn_filelength
                0x2002272c      0x1cc C:/Users/USER/Documents/GitHub/Base-Aug-2019/GlobusSatProject/..//hal/hcc/lib\libHCCD.a(fat.o)
                0x2002272c                fn_filelength
 .text.fn_open_sub
                0x200228f8     0x1698 C:/Users/USER/Documents/GitHub/Base-Aug-2019/GlobusSatProject/..//hal/hcc/lib\libHCCD.a(fat.o)
 .text.fn_open  0x20023f90       0x44 C:/Users/USER/Documents/GitHub/Base-Aug-2019/GlobusSatProject/..//hal/hcc/lib\libHCCD.a(fat.o)
                0x20023f90                fn_open
 .text.fn_delete
                0x20023fd4      0x490 C:/Users/USER/Documents/GitHub/Base-Aug-2019/GlobusSatProject/..//hal/hcc/lib\libHCCD.a(fat.o)
                0x20023fd4                fn_delete
 .text.hcc_mem_buf_alloc
                0x20024464       0xe4 C:/Users/USER/Documents/GitHub/Base-Aug-2019/GlobusSatProject/..//hal/hcc/lib\libHCCD.a(psp_hcc_mem.o)
                0x20024464                hcc_mem_buf_alloc
 .text.makeAntStransfer
                0x20024548       0x4c C:/Users/USER/Documents/GitHub/Base-Aug-2019/GlobusSatProject/..//satellite-subsystems/satellite-subsystems/lib\libSatelliteSubsystemsD.a(IsisAntS.o)
 .text.checkInputsValid
                0x20024594       0x7c C:/Users/USER/Documents/GitHub/Base-Aug-2019/GlobusSatProject/..//satellite-subsystems/satellite-subsystems/lib\libSatelliteSubsystemsD.a(IsisAntS.o)
 .text.IsisAntS_initialize
                0x20024610      0x26c C:/Users/USER/Documents/GitHub/Base-Aug-2019/GlobusSatProject/..//satellite-subsystems/satellite-subsystems/lib\libSatelliteSubsystemsD.a(IsisAntS.o)
                0x20024610                IsisAntS_initialize
 .text.IsisAntS_getAlltelemetry
                0x2002487c      0x120 C:/Users/USER/Documents/GitHub/Base-Aug-2019/GlobusSatProject/..//satellite-subsystems/satellite-subsystems/lib\libSatelliteSubsystemsD.a(IsisAntS.o)
                0x2002487c                IsisAntS_getAlltelemetry
 .text.IsisAntS_autoDeployment
                0x2002499c      0x114 C:/Users/USER/Documents/GitHub/Base-Aug-2019/GlobusSatProject/..//satellite-subsystems/satellite-subsystems/lib\libSatelliteSubsystemsD.a(IsisAntS.o)
                0x2002499c                IsisAntS_autoDeployment
 .text.IsisSolarPanelv2_getTemperature
                0x20024ab0       0xc8 C:/Users/USER/Documents/GitHub/Base-Aug-2019/GlobusSatProject/..//satellite-subsystems/satellite-subsystems/lib\libSatelliteSubsystemsD.a(IsisSolarPanelv2.o)
                0x20024ab0                IsisSolarPanelv2_getTemperature
 .text.IsisSolarPanelv2_getState
                0x20024b78       0x24 C:/Users/USER/Documents/GitHub/Base-Aug-2019/GlobusSatProject/..//satellite-subsystems/satellite-subsystems/lib\libSatelliteSubsystemsD.a(IsisSolarPanelv2.o)
                0x20024b78                IsisSolarPanelv2_getState
 .text._InitiateConversion
                0x20024b9c       0xac C:/Users/USER/Documents/GitHub/Base-Aug-2019/GlobusSatProject/..//satellite-subsystems/satellite-subsystems/lib\libSatelliteSubsystemsD.a(IsisSolarPanelv2.o)
 .text._WaitForConversionComplete
                0x20024c48      0x100 C:/Users/USER/Documents/GitHub/Base-Aug-2019/GlobusSatProject/..//satellite-subsystems/satellite-subsystems/lib\libSatelliteSubsystemsD.a(IsisSolarPanelv2.o)
 .text._ReadResult
                0x20024d48      0x158 C:/Users/USER/Documents/GitHub/Base-Aug-2019/GlobusSatProject/..//satellite-subsystems/satellite-subsystems/lib\libSatelliteSubsystemsD.a(IsisSolarPanelv2.o)
 .text._ExtractByte
                0x20024ea0       0x38 C:/Users/USER/Documents/GitHub/Base-Aug-2019/GlobusSatProject/..//satellite-subsystems/satellite-subsystems/lib\libSatelliteSubsystemsD.a(IsisSolarPanelv2.o)
 .text._ExtendSign
                0x20024ed8       0x6c C:/Users/USER/Documents/GitHub/Base-Aug-2019/GlobusSatProject/..//satellite-subsystems/satellite-subsystems/lib\libSatelliteSubsystemsD.a(IsisSolarPanelv2.o)
 .text._SpiWriteRead
                0x20024f44       0x70 C:/Users/USER/Documents/GitHub/Base-Aug-2019/GlobusSatProject/..//satellite-subsystems/satellite-subsystems/lib\libSatelliteSubsystemsD.a(IsisSolarPanelv2.o)
 .text.IsisTrxvu_initialize
                0x20024fb4      0x2f4 C:/Users/USER/Documents/GitHub/Base-Aug-2019/GlobusSatProject/..//satellite-subsystems/satellite-subsystems/lib\libSatelliteSubsystemsD.a(IsisTRXVU.o)
                0x20024fb4                IsisTrxvu_initialize
 .text.makeTRXVUtransfer
                0x200252a8       0x44 C:/Users/USER/Documents/GitHub/Base-Aug-2019/GlobusSatProject/..//satellite-subsystems/satellite-subsystems/lib\libSatelliteSubsystemsD.a(IsisTRXVU.o)
 .text.IsisTrxvu_tcSendAX25DefClSign
                0x200252ec       0xec C:/Users/USER/Documents/GitHub/Base-Aug-2019/GlobusSatProject/..//satellite-subsystems/satellite-subsystems/lib\libSatelliteSubsystemsD.a(IsisTRXVU.o)
                0x200252ec                IsisTrxvu_tcSendAX25DefClSign
 .text.IsisTrxvu_tcSetAx25Bitrate
                0x200253d8       0xc4 C:/Users/USER/Documents/GitHub/Base-Aug-2019/GlobusSatProject/..//satellite-subsystems/satellite-subsystems/lib\libSatelliteSubsystemsD.a(IsisTRXVU.o)
                0x200253d8                IsisTrxvu_tcSetAx25Bitrate
 .text.IsisTrxvu_tcGetTelemetryAll
                0x2002549c       0xd0 C:/Users/USER/Documents/GitHub/Base-Aug-2019/GlobusSatProject/..//satellite-subsystems/satellite-subsystems/lib\libSatelliteSubsystemsD.a(IsisTRXVU.o)
                0x2002549c                IsisTrxvu_tcGetTelemetryAll
 .text.IsisTrxvu_tcGetTelemetryAll_revC
                0x2002556c       0xd0 C:/Users/USER/Documents/GitHub/Base-Aug-2019/GlobusSatProject/..//satellite-subsystems/satellite-subsystems/lib\libSatelliteSubsystemsD.a(IsisTRXVU.o)
                0x2002556c                IsisTrxvu_tcGetTelemetryAll_revC
 .text.IsisTrxvu_rcGetTelemetryAll
                0x2002563c       0xd0 C:/Users/USER/Documents/GitHub/Base-Aug-2019/GlobusSatProject/..//satellite-subsystems/satellite-subsystems/lib\libSatelliteSubsystemsD.a(IsisTRXVU.o)
                0x2002563c                IsisTrxvu_rcGetTelemetryAll
 .text.IsisTrxvu_rcGetTelemetryAll_revC
                0x2002570c       0xec C:/Users/USER/Documents/GitHub/Base-Aug-2019/GlobusSatProject/..//satellite-subsystems/satellite-subsystems/lib\libSatelliteSubsystemsD.a(IsisTRXVU.o)
                0x2002570c                IsisTrxvu_rcGetTelemetryAll_revC
 .text.ISIS_EPS_Init
                0x200257f8       0xc8 C:/Users/USER/Documents/GitHub/Base-Aug-2019/GlobusSatProject/..//satellite-subsystems/satellite-subsystems/lib\libSatelliteSubsystemsD.a(isis_eps_driver.o)
                0x200257f8                ISIS_EPS_Init
 .text.isis_eps__gethousekeepingraw__tm
                0x200258c0       0xac C:/Users/USER/Documents/GitHub/Base-Aug-2019/GlobusSatProject/..//satellite-subsystems/satellite-subsystems/lib\libSatelliteSubsystemsD.a(isis_eps_driver.o)
                0x200258c0                isis_eps__gethousekeepingraw__tm
 .text.isis_eps__gethousekeepingrawincdb__tm
                0x2002596c       0xac C:/Users/USER/Documents/GitHub/Base-Aug-2019/GlobusSatProject/..//satellite-subsystems/satellite-subsystems/lib\libSatelliteSubsystemsD.a(isis_eps_driver.o)
                0x2002596c                isis_eps__gethousekeepingrawincdb__tm
 .text.isis_eps__gethousekeepingeng__tm
                0x20025a18       0xac C:/Users/USER/Documents/GitHub/Base-Aug-2019/GlobusSatProject/..//satellite-subsystems/satellite-subsystems/lib\libSatelliteSubsystemsD.a(isis_eps_driver.o)
                0x20025a18                isis_eps__gethousekeepingeng__tm
 .text.isis_eps__gethousekeepingengincdb__tm
                0x20025ac4       0xac C:/Users/USER/Documents/GitHub/Base-Aug-2019/GlobusSatProject/..//satellite-subsystems/satellite-subsystems/lib\libSatelliteSubsystemsD.a(isis_eps_driver.o)
                0x20025ac4                isis_eps__gethousekeepingengincdb__tm
 .text._I2C_Send
                0x20025b70       0x78 C:/Users/USER/Documents/GitHub/Base-Aug-2019/GlobusSatProject/..//satellite-subsystems/satellite-subsystems/lib\libSatelliteSubsystemsD.a(isis_eps_driver.o)
 .text.makeTRXCommonTransfer
                0x20025be8       0x34 C:/Users/USER/Documents/GitHub/Base-Aug-2019/GlobusSatProject/..//satellite-subsystems/satellite-subsystems/lib\libSatelliteSubsystemsD.a(IsisTRXCommon.o)
 .text.IsisTrxCommon_TxSendAX25DefClSign
                0x20025c1c       0xf4 C:/Users/USER/Documents/GitHub/Base-Aug-2019/GlobusSatProject/..//satellite-subsystems/satellite-subsystems/lib\libSatelliteSubsystemsD.a(IsisTRXCommon.o)
                0x20025c1c                IsisTrxCommon_TxSendAX25DefClSign
 .text.IsisTrxCommon_TxSetAx25Bitrate
                0x20025d10       0x78 C:/Users/USER/Documents/GitHub/Base-Aug-2019/GlobusSatProject/..//satellite-subsystems/satellite-subsystems/lib\libSatelliteSubsystemsD.a(IsisTRXCommon.o)
                0x20025d10                IsisTrxCommon_TxSetAx25Bitrate
 .text.IsisTrxCommon_RxGetTelemetryAll_revC
                0x20025d88       0x8c C:/Users/USER/Documents/GitHub/Base-Aug-2019/GlobusSatProject/..//satellite-subsystems/satellite-subsystems/lib\libSatelliteSubsystemsD.a(IsisTRXCommon.o)
                0x20025d88                IsisTrxCommon_RxGetTelemetryAll_revC
 .text.xQueueGenericReset
                0x20025e14      0x150 C:/Users/USER/Documents/GitHub/Base-Aug-2019/GlobusSatProject/..//hal/freertos/lib\libFreeRTOSD.a(queue.o)
                0x20025e14                xQueueGenericReset
 .text.xQueueGenericCreate
                0x20025f64       0xfc C:/Users/USER/Documents/GitHub/Base-Aug-2019/GlobusSatProject/..//hal/freertos/lib\libFreeRTOSD.a(queue.o)
                0x20025f64                xQueueGenericCreate
 .text.xQueueCreateMutex
                0x20026060      0x110 C:/Users/USER/Documents/GitHub/Base-Aug-2019/GlobusSatProject/..//hal/freertos/lib\libFreeRTOSD.a(queue.o)
                0x20026060                xQueueCreateMutex
 .text.xQueueGenericSend
                0x20026170      0x268 C:/Users/USER/Documents/GitHub/Base-Aug-2019/GlobusSatProject/..//hal/freertos/lib\libFreeRTOSD.a(queue.o)
                0x20026170                xQueueGenericSend
 .text.xQueueGenericSendFromISR
                0x200263d8      0x19c C:/Users/USER/Documents/GitHub/Base-Aug-2019/GlobusSatProject/..//hal/freertos/lib\libFreeRTOSD.a(queue.o)
                0x200263d8                xQueueGenericSendFromISR
 .text.xQueueGenericReceive
                0x20026574      0x2cc C:/Users/USER/Documents/GitHub/Base-Aug-2019/GlobusSatProject/..//hal/freertos/lib\libFreeRTOSD.a(queue.o)
                0x20026574                xQueueGenericReceive
 .text.uxQueueMessagesWaiting
                0x20026840       0x6c C:/Users/USER/Documents/GitHub/Base-Aug-2019/GlobusSatProject/..//hal/freertos/lib\libFreeRTOSD.a(queue.o)
                0x20026840                uxQueueMessagesWaiting
 .text.vQueueDelete
                0x200268ac       0x78 C:/Users/USER/Documents/GitHub/Base-Aug-2019/GlobusSatProject/..//hal/freertos/lib\libFreeRTOSD.a(queue.o)
                0x200268ac                vQueueDelete
 .text.prvCopyDataToQueue
                0x20026924      0x190 C:/Users/USER/Documents/GitHub/Base-Aug-2019/GlobusSatProject/..//hal/freertos/lib\libFreeRTOSD.a(queue.o)
 .text.prvCopyDataFromQueue
                0x20026ab4       0x90 C:/Users/USER/Documents/GitHub/Base-Aug-2019/GlobusSatProject/..//hal/freertos/lib\libFreeRTOSD.a(queue.o)
 .text.prvUnlockQueue
                0x20026b44      0x100 C:/Users/USER/Documents/GitHub/Base-Aug-2019/GlobusSatProject/..//hal/freertos/lib\libFreeRTOSD.a(queue.o)
 .text.prvIsQueueEmpty
                0x20026c44       0x4c C:/Users/USER/Documents/GitHub/Base-Aug-2019/GlobusSatProject/..//hal/freertos/lib\libFreeRTOSD.a(queue.o)
 .text.prvIsQueueFull
                0x20026c90       0x54 C:/Users/USER/Documents/GitHub/Base-Aug-2019/GlobusSatProject/..//hal/freertos/lib\libFreeRTOSD.a(queue.o)
 .text.vQueueUnregisterQueue
                0x20026ce4       0x80 C:/Users/USER/Documents/GitHub/Base-Aug-2019/GlobusSatProject/..//hal/freertos/lib\libFreeRTOSD.a(queue.o)
                0x20026ce4                vQueueUnregisterQueue
 .text.xTaskGenericCreate
                0x20026d64      0x2ac C:/Users/USER/Documents/GitHub/Base-Aug-2019/GlobusSatProject/..//hal/freertos/lib\libFreeRTOSD.a(tasks.o)
                0x20026d64                xTaskGenericCreate
 .text.vTaskDelete
                0x20027010       0xe8 C:/Users/USER/Documents/GitHub/Base-Aug-2019/GlobusSatProject/..//hal/freertos/lib\libFreeRTOSD.a(tasks.o)
                0x20027010                vTaskDelete
 .text.vTaskDelay
                0x200270f8       0x80 C:/Users/USER/Documents/GitHub/Base-Aug-2019/GlobusSatProject/..//hal/freertos/lib\libFreeRTOSD.a(tasks.o)
                0x200270f8                vTaskDelay
 .text.vTaskStartScheduler
                0x20027178       0xd4 C:/Users/USER/Documents/GitHub/Base-Aug-2019/GlobusSatProject/..//hal/freertos/lib\libFreeRTOSD.a(tasks.o)
                0x20027178                vTaskStartScheduler
 .text.vTaskSuspendAll
                0x2002724c       0x2c C:/Users/USER/Documents/GitHub/Base-Aug-2019/GlobusSatProject/..//hal/freertos/lib\libFreeRTOSD.a(tasks.o)
                0x2002724c                vTaskSuspendAll
 .text.xTaskResumeAll
                0x20027278      0x1f4 C:/Users/USER/Documents/GitHub/Base-Aug-2019/GlobusSatProject/..//hal/freertos/lib\libFreeRTOSD.a(tasks.o)
                0x20027278                xTaskResumeAll
 .text.xTaskGetTickCount
                0x2002746c       0x34 C:/Users/USER/Documents/GitHub/Base-Aug-2019/GlobusSatProject/..//hal/freertos/lib\libFreeRTOSD.a(tasks.o)
                0x2002746c                xTaskGetTickCount
 .text.xTaskIncrementTick
                0x200274a0      0x298 C:/Users/USER/Documents/GitHub/Base-Aug-2019/GlobusSatProject/..//hal/freertos/lib\libFreeRTOSD.a(tasks.o)
                0x200274a0                xTaskIncrementTick
 .text.vTaskSwitchContext
                0x20027738      0x18c C:/Users/USER/Documents/GitHub/Base-Aug-2019/GlobusSatProject/..//hal/freertos/lib\libFreeRTOSD.a(tasks.o)
                0x20027738                vTaskSwitchContext
 .text.vTaskPlaceOnEventList
                0x200278c4       0xcc C:/Users/USER/Documents/GitHub/Base-Aug-2019/GlobusSatProject/..//hal/freertos/lib\libFreeRTOSD.a(tasks.o)
                0x200278c4                vTaskPlaceOnEventList
 .text.xTaskRemoveFromEventList
                0x20027990      0x160 C:/Users/USER/Documents/GitHub/Base-Aug-2019/GlobusSatProject/..//hal/freertos/lib\libFreeRTOSD.a(tasks.o)
                0x20027990                xTaskRemoveFromEventList
 .text.vTaskSetTimeOutState
                0x20027af0       0x78 C:/Users/USER/Documents/GitHub/Base-Aug-2019/GlobusSatProject/..//hal/freertos/lib\libFreeRTOSD.a(tasks.o)
                0x20027af0                vTaskSetTimeOutState
 .text.xTaskCheckForTimeOut
                0x20027b68      0x158 C:/Users/USER/Documents/GitHub/Base-Aug-2019/GlobusSatProject/..//hal/freertos/lib\libFreeRTOSD.a(tasks.o)
                0x20027b68                xTaskCheckForTimeOut
 .text.vTaskMissedYield
                0x20027cc0       0x24 C:/Users/USER/Documents/GitHub/Base-Aug-2019/GlobusSatProject/..//hal/freertos/lib\libFreeRTOSD.a(tasks.o)
                0x20027cc0                vTaskMissedYield
 .text.prvIdleTask
                0x20027ce4       0x20 C:/Users/USER/Documents/GitHub/Base-Aug-2019/GlobusSatProject/..//hal/freertos/lib\libFreeRTOSD.a(tasks.o)
 .text.prvInitialiseTCBVariables
                0x20027d04      0x110 C:/Users/USER/Documents/GitHub/Base-Aug-2019/GlobusSatProject/..//hal/freertos/lib\libFreeRTOSD.a(tasks.o)
 .text.prvInitialiseTaskLists
                0x20027e14       0xbc C:/Users/USER/Documents/GitHub/Base-Aug-2019/GlobusSatProject/..//hal/freertos/lib\libFreeRTOSD.a(tasks.o)
 .text.prvCheckTasksWaitingTermination
                0x20027ed0       0xbc C:/Users/USER/Documents/GitHub/Base-Aug-2019/GlobusSatProject/..//hal/freertos/lib\libFreeRTOSD.a(tasks.o)
 .text.prvAddCurrentTaskToDelayedList
                0x20027f8c       0xb4 C:/Users/USER/Documents/GitHub/Base-Aug-2019/GlobusSatProject/..//hal/freertos/lib\libFreeRTOSD.a(tasks.o)
 .text.prvAllocateTCBAndStack
                0x20028040       0xb4 C:/Users/USER/Documents/GitHub/Base-Aug-2019/GlobusSatProject/..//hal/freertos/lib\libFreeRTOSD.a(tasks.o)
 .text.prvDeleteTCB
                0x200280f4       0x30 C:/Users/USER/Documents/GitHub/Base-Aug-2019/GlobusSatProject/..//hal/freertos/lib\libFreeRTOSD.a(tasks.o)
 .text.xTaskGetCurrentTaskHandle
                0x20028124       0x30 C:/Users/USER/Documents/GitHub/Base-Aug-2019/GlobusSatProject/..//hal/freertos/lib\libFreeRTOSD.a(tasks.o)
                0x20028124                xTaskGetCurrentTaskHandle
 .text.xTaskGetSchedulerState
                0x20028154       0x68 C:/Users/USER/Documents/GitHub/Base-Aug-2019/GlobusSatProject/..//hal/freertos/lib\libFreeRTOSD.a(tasks.o)
                0x20028154                xTaskGetSchedulerState
 .text.vTaskPriorityInherit
                0x200281bc      0x148 C:/Users/USER/Documents/GitHub/Base-Aug-2019/GlobusSatProject/..//hal/freertos/lib\libFreeRTOSD.a(tasks.o)
                0x200281bc                vTaskPriorityInherit
 .text.vTaskPriorityDisinherit