Archive member included because of file (symbol)

c:/isis/application/toolchain/bin/../lib/gcc/arm-none-eabi/4.7.4/../../../../arm-none-eabi/lib\libc_s.a(lib_a-vfprintf_float.o)
                              (_printf_float)
c:/isis/application/toolchain/bin/../lib/gcc/arm-none-eabi/4.7.4/../../../../arm-none-eabi/lib\libc_s.a(lib_a-vfprintf_i.o)
                              c:/isis/application/toolchain/bin/../lib/gcc/arm-none-eabi/4.7.4/../../../../arm-none-eabi/lib\libc_s.a(lib_a-vfprintf_float.o) (_printf_common)
c:/isis/application/toolchain/bin/../lib/gcc/arm-none-eabi/4.7.4/../../../../arm-none-eabi/lib\libc_s.a(lib_a-vfscanf_float.o)
                              (_scanf_float)
c:/isis/application/toolchain/bin/../lib/gcc/arm-none-eabi/4.7.4/../../../../arm-none-eabi/lib\libc_s.a(lib_a-dtoa.o)
                              c:/isis/application/toolchain/bin/../lib/gcc/arm-none-eabi/4.7.4/../../../../arm-none-eabi/lib\libc_s.a(lib_a-vfprintf_float.o) (_dtoa_r)
c:/isis/application/toolchain/bin/../lib/gcc/arm-none-eabi/4.7.4/../../../../arm-none-eabi/lib\libc_s.a(lib_a-locale.o)
                              c:/isis/application/toolchain/bin/../lib/gcc/arm-none-eabi/4.7.4/../../../../arm-none-eabi/lib\libc_s.a(lib_a-vfprintf_float.o) (_localeconv_r)
c:/isis/application/toolchain/bin/../lib/gcc/arm-none-eabi/4.7.4/../../../../arm-none-eabi/lib\libc_s.a(lib_a-malloc.o)
                              c:/isis/application/toolchain/bin/../lib/gcc/arm-none-eabi/4.7.4/../../../../arm-none-eabi/lib\libc_s.a(lib_a-dtoa.o) (malloc)
c:/isis/application/toolchain/bin/../lib/gcc/arm-none-eabi/4.7.4/../../../../arm-none-eabi/lib\libc_s.a(lib_a-mallocr.o)
                              c:/isis/application/toolchain/bin/../lib/gcc/arm-none-eabi/4.7.4/../../../../arm-none-eabi/lib\libc_s.a(lib_a-malloc.o) (_malloc_r)
c:/isis/application/toolchain/bin/../lib/gcc/arm-none-eabi/4.7.4/../../../../arm-none-eabi/lib\libc_s.a(lib_a-memcpy.o)
                              c:/isis/application/toolchain/bin/../lib/gcc/arm-none-eabi/4.7.4/../../../../arm-none-eabi/lib\libc_s.a(lib_a-dtoa.o) (memcpy)
c:/isis/application/toolchain/bin/../lib/gcc/arm-none-eabi/4.7.4/../../../../arm-none-eabi/lib\libc_s.a(lib_a-mprec.o)
                              c:/isis/application/toolchain/bin/../lib/gcc/arm-none-eabi/4.7.4/../../../../arm-none-eabi/lib\libc_s.a(lib_a-dtoa.o) (_Balloc)
c:/isis/application/toolchain/bin/../lib/gcc/arm-none-eabi/4.7.4/../../../../arm-none-eabi/lib\libc_s.a(lib_a-s_fpclassify.o)
                              c:/isis/application/toolchain/bin/../lib/gcc/arm-none-eabi/4.7.4/../../../../arm-none-eabi/lib\libc_s.a(lib_a-vfprintf_float.o) (__fpclassifyd)
c:/isis/application/toolchain/bin/../lib/gcc/arm-none-eabi/4.7.4/../../../../arm-none-eabi/lib\libc_s.a(lib_a-sbrkr.o)
                              c:/isis/application/toolchain/bin/../lib/gcc/arm-none-eabi/4.7.4/../../../../arm-none-eabi/lib\libc_s.a(lib_a-mallocr.o) (_sbrk_r)
c:/isis/application/toolchain/bin/../lib/gcc/arm-none-eabi/4.7.4/../../../../arm-none-eabi/lib\libc_s.a(lib_a-sf_nan.o)
                              c:/isis/application/toolchain/bin/../lib/gcc/arm-none-eabi/4.7.4/../../../../arm-none-eabi/lib\libc_s.a(lib_a-vfscanf_float.o) (nanf)
c:/isis/application/toolchain/bin/../lib/gcc/arm-none-eabi/4.7.4/../../../../arm-none-eabi/lib\libc_s.a(lib_a-sprintf.o)
                              c:/isis/application/toolchain/bin/../lib/gcc/arm-none-eabi/4.7.4/../../../../arm-none-eabi/lib\libc_s.a(lib_a-vfscanf_float.o) (sprintf)
c:/isis/application/toolchain/bin/../lib/gcc/arm-none-eabi/4.7.4/../../../../arm-none-eabi/lib\libc_s.a(lib_a-strcmp.o)
                              c:/isis/application/toolchain/bin/../lib/gcc/arm-none-eabi/4.7.4/../../../../arm-none-eabi/lib\libc_s.a(lib_a-locale.o) (strcmp)
c:/isis/application/toolchain/bin/../lib/gcc/arm-none-eabi/4.7.4/../../../../arm-none-eabi/lib\libc_s.a(lib_a-strlen.o)
                              c:/isis/application/toolchain/bin/../lib/gcc/arm-none-eabi/4.7.4/../../../../arm-none-eabi/lib\libc_s.a(lib_a-vfprintf_float.o) (strlen)
c:/isis/application/toolchain/bin/../lib/gcc/arm-none-eabi/4.7.4/../../../../arm-none-eabi/lib\libc_s.a(lib_a-strtod.o)
                              c:/isis/application/toolchain/bin/../lib/gcc/arm-none-eabi/4.7.4/../../../../arm-none-eabi/lib\libc_s.a(lib_a-vfscanf_float.o) (_strtod_r)
c:/isis/application/toolchain/bin/../lib/gcc/arm-none-eabi/4.7.4/../../../../arm-none-eabi/lib\libc_s.a(lib_a-strtol.o)
                              c:/isis/application/toolchain/bin/../lib/gcc/arm-none-eabi/4.7.4/../../../../arm-none-eabi/lib\libc_s.a(lib_a-vfscanf_float.o) (_strtol_r)
c:/isis/application/toolchain/bin/../lib/gcc/arm-none-eabi/4.7.4/../../../../arm-none-eabi/lib\libc_s.a(lib_a-svfprintf.o)
                              c:/isis/application/toolchain/bin/../lib/gcc/arm-none-eabi/4.7.4/../../../../arm-none-eabi/lib\libc_s.a(lib_a-sprintf.o) (_svfprintf_r)
[...]
Memory Configuration

Name             Origin             Length             Attributes
sram0            0x00200000         0x00004000         w !xr
sram1            0x00300000         0x00004000         w !xr
sdram            0x20000000         0x02000000         w !xr
*default*        0x00000000         0xffffffff

Linker script and memory map

LOAD c:/isis/application/toolchain/bin/../lib/gcc/arm-none-eabi/4.7.4/../../../../arm-none-eabi/lib\libc_s.a
LOAD ./src/TestingDemos/CommandsTestingDemo.o
LOAD ./src/TestingDemos/EpsTestingDemo.o
LOAD ./src/TestingDemos/FileSystemTestingDemo.o
LOAD ./src/TestingDemos/MainTest.o
LOAD ./src/TestingDemos/MaintenanceTestingDemo.o
LOAD ./src/TestingDemos/TelemetryTestingDemo.o
LOAD ./src/TestingDemos/TrxvuTestingDemo.o
LOAD ./src/SubSystemModules/PowerManagment/EPS.o
LOAD ./src/SubSystemModules/Maintenance/Log.o
LOAD ./src/SubSystemModules/Maintenance/Maintenance.o
LOAD ./src/SubSystemModules/Housekepping/Dump.o
LOAD ./src/SubSystemModules/Housekepping/TelemetryCollector.o
LOAD ./src/SubSystemModules/Communication/SubsystemCommands/EPS_Commands.o
LOAD ./src/SubSystemModules/Communication/SubsystemCommands/FS_Commands.o
LOAD ./src/SubSystemModules/Communication/SubsystemCommands/Maintanence_Commands.o
LOAD ./src/SubSystemModules/Communication/SubsystemCommands/TRXVU_Commands.o
LOAD ./src/SubSystemModules/Communication/AckHandler.o
LOAD ./src/SubSystemModules/Communication/ActUponCommand.o
LOAD ./src/SubSystemModules/Communication/Beacon.o
LOAD ./src/SubSystemModules/Communication/CommandDictionary.o
LOAD ./src/SubSystemModules/Communication/SatCommandHandler.o
LOAD ./src/SubSystemModules/Communication/SatDataTx.o
LOAD ./src/SubSystemModules/Communication/TRXVU.o
LOAD ./src/SubSystemModules/Communication/Transponder.o
LOAD ./src/InitSystem.o
LOAD ./src/TLM_management.o
LOAD ./src/main.o
LOAD C:/TEVEL/GivatShmuel/Base-Aug-2019/GlobusSatProject/..//hal/hal/lib\libHALD.a
LOAD C:/TEVEL/GivatShmuel/Base-Aug-2019/GlobusSatProject/..//hal/hcc/lib\libHCCD.a
LOAD C:/TEVEL/GivatShmuel/Base-Aug-2019/GlobusSatProject/..//satellite-subsystems/satellite-subsystems/lib\libSatelliteSubsystemsD.a
LOAD C:/TEVEL/GivatShmuel/Base-Aug-2019/GlobusSatProject/..//hal/freertos/lib\libFreeRTOSD.a
LOAD C:/TEVEL/GivatShmuel/Base-Aug-2019/GlobusSatProject/..//hal/at91/lib\libAt91D.a
START GROUP
LOAD c:/isis/application/toolchain/bin/../lib/gcc/arm-none-eabi/4.7.4\libgcc.a
LOAD c:/isis/application/toolchain/bin/../lib/gcc/arm-none-eabi/4.7.4/../../../../arm-none-eabi/lib\libc_s.a
END GROUP

.fixed          0x20000000    0x35154
                0x20000000                . = ALIGN (0x4)
                0x20000000                _sfixed = .
 *(.startup)
 .startup       0x20000000      0x134 C:/TEVEL/GivatShmuel/Base-Aug-2019/GlobusSatProject/..//hal/at91/lib\libAt91D.a(board_cstartup.o)
                0x20000000                entry
 *(.text)
 .text          0x20000134       0x64 C:/TEVEL/GivatShmuel/Base-Aug-2019/GlobusSatProject/..//hal/at91/lib\libAt91D.a(cp15_asm.o)
                0x20000134                _readControlRegister
                0x20000140                _writeControlRegister
                0x20000148                _waitForInterrupt
                0x20000154                _writeTTB
                0x2000015c                _writeDomain
                0x20000164                _writeITLBLockdown
                0x2000016c                _prefetchICacheLine
                0x20000174                _flushDCache
                0x20000180                _flushWriteBuffer
                0x2000018c                _invalidateIDTLBs
 .text          0x20000198      0x114 c:/isis/application/toolchain/bin/../lib/gcc/arm-none-eabi/4.7.4\libgcc.a(_udivsi3.o)
                0x20000198                __aeabi_uidiv
                0x20000198                __udivsi3
                0x2000028c                __aeabi_uidivmod
 .text          0x200002ac      0x148 c:/isis/application/toolchain/bin/../lib/gcc/arm-none-eabi/4.7.4\libgcc.a(_divsi3.o)
                0x200002ac                __divsi3
                0x200002ac                __aeabi_idiv
                0x200003d4                __aeabi_idivmod
 .text          0x200003f4        0x4 c:/isis/application/toolchain/bin/../lib/gcc/arm-none-eabi/4.7.4\libgcc.a(_dvmd_tls.o)
                0x200003f4                __aeabi_idiv0
                0x200003f4                __aeabi_ldiv0
 .text          0x200003f8      0x41c c:/isis/application/toolchain/bin/../lib/gcc/arm-none-eabi/4.7.4\libgcc.a(_arm_addsubdf3.o)
                0x200003f8                __aeabi_drsub
                0x20000400                __aeabi_dsub
                0x20000400                __subdf3
                0x20000404                __aeabi_dadd
                0x20000404                __adddf3
                0x20000714                __floatunsidf
                0x20000714                __aeabi_ui2d
                0x20000738                __floatsidf
                0x20000738                __aeabi_i2d
                0x20000760                __aeabi_f2d
                0x20000760                __extendsfdf2
                0x200007a0                __floatundidf
                0x200007a0                __aeabi_ul2d
                0x200007b4                __floatdidf
                0x200007b4                __aeabi_l2d
 .text          0x20000814      0x49c c:/isis/application/toolchain/bin/../lib/gcc/arm-none-eabi/4.7.4\libgcc.a(_arm_muldivdf3.o)
                0x20000814                __aeabi_dmul
                0x20000814                __muldf3
                0x20000aa4                __divdf3
                0x20000aa4                __aeabi_ddiv
 .text          0x20000cb0      0x144 c:/isis/application/toolchain/bin/../lib/gcc/arm-none-eabi/4.7.4\libgcc.a(_arm_cmpdf2.o)
                0x20000cb0                __gtdf2
                0x20000cb0                __gedf2
                0x20000cb8                __ltdf2
                0x20000cb8                __ledf2
                0x20000cc0                __nedf2
                0x20000cc0                __eqdf2
                0x20000cc0                __cmpdf2
                0x20000d48                __aeabi_cdrcmple
                0x20000d64                __aeabi_cdcmpeq
                0x20000d64                __aeabi_cdcmple
                0x20000d7c                __aeabi_dcmpeq
                0x20000d94                __aeabi_dcmplt
                0x20000dac                __aeabi_dcmple
                0x20000dc4                __aeabi_dcmpge
                0x20000ddc                __aeabi_dcmpgt
 .text          0x20000df4       0x5c c:/isis/application/toolchain/bin/../lib/gcc/arm-none-eabi/4.7.4\libgcc.a(_arm_fixdfsi.o)
                0x20000df4                __aeabi_d2iz
                0x20000df4                __fixdfsi
 .text          0x20000e50       0x54 c:/isis/application/toolchain/bin/../lib/gcc/arm-none-eabi/4.7.4\libgcc.a(_arm_fixunsdfsi.o)
                0x20000e50                __aeabi_d2uiz
                0x20000e50                __fixunsdfsi
 .text          0x20000ea4       0xa0 c:/isis/application/toolchain/bin/../lib/gcc/arm-none-eabi/4.7.4\libgcc.a(_arm_truncdfsf2.o)
                0x20000ea4                __truncdfsf2
                0x20000ea4                __aeabi_d2f
 *(.text*)
 .text.__cvt    0x20000f44      0x138 c:/isis/application/toolchain/bin/../lib/gcc/arm-none-eabi/4.7.4/../../../../arm-none-eabi/lib\libc_s.a(lib_a-vfprintf_float.o)
                0x20000f44                __cvt
 .text.__exponent
                0x2000107c       0xa8 c:/isis/application/toolchain/bin/../lib/gcc/arm-none-eabi/4.7.4/../../../../arm-none-eabi/lib\libc_s.a(lib_a-vfprintf_float.o)
                0x2000107c                __exponent
 .text._printf_float
                0x20001124      0x7dc c:/isis/application/toolchain/bin/../lib/gcc/arm-none-eabi/4.7.4/../../../../arm-none-eabi/lib\libc_s.a(lib_a-vfprintf_float.o)
                0x20001124                _printf_float
 .text._printf_common
                0x20001900      0x174 c:/isis/application/toolchain/bin/../lib/gcc/arm-none-eabi/4.7.4/../../../../arm-none-eabi/lib\libc_s.a(lib_a-vfprintf_i.o)
                0x20001900                _printf_common
 .text._printf_i
                0x20001a74      0x3c4 c:/isis/application/toolchain/bin/../lib/gcc/arm-none-eabi/4.7.4/../../../../arm-none-eabi/lib\libc_s.a(lib_a-vfprintf_i.o)
                0x20001a74                _printf_i
 .text._scanf_float
                0x20001e38      0x5f4 c:/isis/application/toolchain/bin/../lib/gcc/arm-none-eabi/4.7.4/../../../../arm-none-eabi/lib\libc_s.a(lib_a-vfscanf_float.o)
                0x20001e38                _scanf_float
 .text.quorem   0x2000242c      0x1ac c:/isis/application/toolchain/bin/../lib/gcc/arm-none-eabi/4.7.4/../../../../arm-none-eabi/lib\libc_s.a(lib_a-dtoa.o)
 .text._dtoa_r  0x200025d8     0x1268 c:/isis/application/toolchain/bin/../lib/gcc/arm-none-eabi/4.7.4/../../../../arm-none-eabi/lib\libc_s.a(lib_a-dtoa.o)
                0x200025d8                _dtoa_r
 .text._localeconv_r
                0x20003840        0xc c:/isis/application/toolchain/bin/../lib/gcc/arm-none-eabi/4.7.4/../../../../arm-none-eabi/lib\libc_s.a(lib_a-locale.o)
                0x20003840                _localeconv_r
 .text.malloc   0x2000384c       0x20 c:/isis/application/toolchain/bin/../lib/gcc/arm-none-eabi/4.7.4/../../../../arm-none-eabi/lib\libc_s.a(lib_a-malloc.o)
                0x2000384c                malloc
 .text.free     0x2000386c       0x20 c:/isis/application/toolchain/bin/../lib/gcc/arm-none-eabi/4.7.4/../../../../arm-none-eabi/lib\libc_s.a(lib_a-malloc.o)
                0x2000386c                free
 .text._malloc_r
                0x2000388c       0xfc c:/isis/application/toolchain/bin/../lib/gcc/arm-none-eabi/4.7.4/../../../../arm-none-eabi/lib\libc_s.a(lib_a-mallocr.o)
                0x2000388c                _malloc_r
 .text.memcpy   0x20003988       0x20 c:/isis/application/toolchain/bin/../lib/gcc/arm-none-eabi/4.7.4/../../../../arm-none-eabi/lib\libc_s.a(lib_a-memcpy.o)
                0x20003988                memcpy
 .text._Balloc  0x200039a8       0xcc c:/isis/application/toolchain/bin/../lib/gcc/arm-none-eabi/4.7.4/../../../../arm-none-eabi/lib\libc_s.a(lib_a-mprec.o)
                0x200039a8                _Balloc
 .text._Bfree   0x20003a74       0x5c c:/isis/application/toolchain/bin/../lib/gcc/arm-none-eabi/4.7.4/../../../../arm-none-eabi/lib\libc_s.a(lib_a-mprec.o)
                0x20003a74                _Bfree
 .text.__multadd
                0x20003ad0       0xbc c:/isis/application/toolchain/bin/../lib/gcc/arm-none-eabi/4.7.4/../../../../arm-none-eabi/lib\libc_s.a(lib_a-mprec.o)
                0x20003ad0                __multadd
 .text.__s2b    0x20003b8c       0xd8 c:/isis/application/toolchain/bin/../lib/gcc/arm-none-eabi/4.7.4/../../../../arm-none-eabi/lib\libc_s.a(lib_a-mprec.o)
                0x20003b8c                __s2b
 .text.__hi0bits
                0x20003c64       0x58 c:/isis/application/toolchain/bin/../lib/gcc/arm-none-eabi/4.7.4/../../../../arm-none-eabi/lib\libc_s.a(lib_a-mprec.o)
                0x20003c64                __hi0bits
 .text.__lo0bits
                0x20003cbc       0x94 c:/isis/application/toolchain/bin/../lib/gcc/arm-none-eabi/4.7.4/../../../../arm-none-eabi/lib\libc_s.a(lib_a-mprec.o)
                0x20003cbc                __lo0bits
 .text.__i2b    0x20003d50       0x24 c:/isis/application/toolchain/bin/../lib/gcc/arm-none-eabi/4.7.4/../../../../arm-none-eabi/lib\libc_s.a(lib_a-mprec.o)
                0x20003d50                __i2b
 .text.__multiply
                0x20003d74      0x1ac c:/isis/application/toolchain/bin/../lib/gcc/arm-none-eabi/4.7.4/../../../../arm-none-eabi/lib\libc_s.a(lib_a-mprec.o)
                0x20003d74                __multiply
 .text.__pow5mult
                0x20003f20      0x10c c:/isis/application/toolchain/bin/../lib/gcc/arm-none-eabi/4.7.4/../../../../arm-none-eabi/lib\libc_s.a(lib_a-mprec.o)
                0x20003f20                __pow5mult
 .text.__lshift
                0x2000402c       0xf0 c:/isis/application/toolchain/bin/../lib/gcc/arm-none-eabi/4.7.4/../../../../arm-none-eabi/lib\libc_s.a(lib_a-mprec.o)
                0x2000402c                __lshift
 .text.__mcmp   0x2000411c       0x60 c:/isis/application/toolchain/bin/../lib/gcc/arm-none-eabi/4.7.4/../../../../arm-none-eabi/lib\libc_s.a(lib_a-mprec.o)
                0x2000411c                __mcmp
 .text.__mdiff  0x2000417c      0x128 c:/isis/application/toolchain/bin/../lib/gcc/arm-none-eabi/4.7.4/../../../../arm-none-eabi/lib\libc_s.a(lib_a-mprec.o)
                0x2000417c                __mdiff
 .text.__ulp    0x200042a4       0x5c c:/isis/application/toolchain/bin/../lib/gcc/arm-none-eabi/4.7.4/../../../../arm-none-eabi/lib\libc_s.a(lib_a-mprec.o)
                0x200042a4                __ulp
 .text.__b2d    0x20004300       0xc8 c:/isis/application/toolchain/bin/../lib/gcc/arm-none-eabi/4.7.4/../../../../arm-none-eabi/lib\libc_s.a(lib_a-mprec.o)
                0x20004300                __b2d
 .text.__d2b    0x200043c8       0xfc c:/isis/application/toolchain/bin/../lib/gcc/arm-none-eabi/4.7.4/../../../../arm-none-eabi/lib\libc_s.a(lib_a-mprec.o)
                0x200043c8                __d2b
 .text.__ratio  0x200044c4       0x70 c:/isis/application/toolchain/bin/../lib/gcc/arm-none-eabi/4.7.4/../../../../arm-none-eabi/lib\libc_s.a(lib_a-mprec.o)
                0x200044c4                __ratio
 .text.__copybits
                0x20004534       0x4c c:/isis/application/toolchain/bin/../lib/gcc/arm-none-eabi/4.7.4/../../../../arm-none-eabi/lib\libc_s.a(lib_a-mprec.o)
                0x20004534                __copybits
 .text.__any_on
                0x20004580       0x7c c:/isis/application/toolchain/bin/../lib/gcc/arm-none-eabi/4.7.4/../../../../arm-none-eabi/lib\libc_s.a(lib_a-mprec.o)
                0x20004580                __any_on
 .text.__fpclassifyd
                0x200045fc       0x6c c:/isis/application/toolchain/bin/../lib/gcc/arm-none-eabi/4.7.4/../../../../arm-none-eabi/lib\libc_s.a(lib_a-s_fpclassify.o)
                0x200045fc                __fpclassifyd
 .text._sbrk_r  0x20004668       0x3c c:/isis/application/toolchain/bin/../lib/gcc/arm-none-eabi/4.7.4/../../../../arm-none-eabi/lib\libc_s.a(lib_a-sbrkr.o)
                0x20004668                _sbrk_r
 .text.nanf     0x200046a4        0xc c:/isis/application/toolchain/bin/../lib/gcc/arm-none-eabi/4.7.4/../../../../arm-none-eabi/lib\libc_s.a(lib_a-sf_nan.o)
                0x200046a4                nanf
 .text.sprintf  0x200046b0       0x6c c:/isis/application/toolchain/bin/../lib/gcc/arm-none-eabi/4.7.4/../../../../arm-none-eabi/lib\libc_s.a(lib_a-sprintf.o)
                0x200046b0                siprintf
                0x200046b0                sprintf
 .text.strcmp   0x2000471c       0x1c c:/isis/application/toolchain/bin/../lib/gcc/arm-none-eabi/4.7.4/../../../../arm-none-eabi/lib\libc_s.a(lib_a-strcmp.o)
                0x2000471c                strcmp
 .text.strlen   0x20004738       0x1c c:/isis/application/toolchain/bin/../lib/gcc/arm-none-eabi/4.7.4/../../../../arm-none-eabi/lib\libc_s.a(lib_a-strlen.o)
                0x20004738                strlen
 .text.match    0x20004754       0x54 c:/isis/application/toolchain/bin/../lib/gcc/arm-none-eabi/4.7.4/../../../../arm-none-eabi/lib\libc_s.a(lib_a-strtod.o)
 .text._strtod_r
                0x200047a8     0x1168 c:/isis/application/toolchain/bin/../lib/gcc/arm-none-eabi/4.7.4/../../../../arm-none-eabi/lib\libc_s.a(lib_a-strtod.o)
                0x200047a8                _strtod_r
 .text._strtol_r
                0x20005910      0x1b8 c:/isis/application/toolchain/bin/../lib/gcc/arm-none-eabi/4.7.4/../../../../arm-none-eabi/lib\libc_s.a(lib_a-strtol.o)
                0x20005910                _strtol_r
 .text.__ssputc_r
                0x20005ac8      0x10c c:/isis/application/toolchain/bin/../lib/gcc/arm-none-eabi/4.7.4/../../../../arm-none-eabi/lib\libc_s.a(lib_a-svfprintf.o)
                0x20005ac8                __ssputc_r
 .text._svfprintf_r
                0x20005bd4      0x328 c:/isis/application/toolchain/bin/../lib/gcc/arm-none-eabi/4.7.4/../../../../arm-none-eabi/lib\libc_s.a(lib_a-svfprintf.o)
                0x20005bd4                _svfiprintf_r
                0x20005bd4                _svfprintf_r
 .text._calloc_r
                0x20005efc       0x2c c:/isis/application/toolchain/bin/../lib/gcc/arm-none-eabi/4.7.4/../../../../arm-none-eabi/lib\libc_s.a(lib_a-callocr.o)
                0x20005efc                _calloc_r
 .text._free_r  0x20005f28      0x108 c:/isis/application/toolchain/bin/../lib/gcc/arm-none-eabi/4.7.4/../../../../arm-none-eabi/lib\libc_s.a(lib_a-freer.o)
                0x20005f28                _free_r
 .text.rshift   0x20006030       0xb0 c:/isis/application/toolchain/bin/../lib/gcc/arm-none-eabi/4.7.4/../../../../arm-none-eabi/lib\libc_s.a(lib_a-gdtoa-gethex.o)
 .text.htinit.constprop.0
                0x200060e0       0x34 c:/isis/application/toolchain/bin/../lib/gcc/arm-none-eabi/4.7.4/../../../../arm-none-eabi/lib\libc_s.a(lib_a-gdtoa-gethex.o)
 .text.__hexdig_init
                0x20006114       0x38 c:/isis/application/toolchain/bin/../lib/gcc/arm-none-eabi/4.7.4/../../../../arm-none-eabi/lib\libc_s.a(lib_a-gdtoa-gethex.o)
                0x20006114                __hexdig_init
 .text.__gethex
                0x2000614c      0x6cc c:/isis/application/toolchain/bin/../lib/gcc/arm-none-eabi/4.7.4/../../../../arm-none-eabi/lib\libc_s.a(lib_a-gdtoa-gethex.o)
                0x2000614c                __gethex
 .text.L_shift  0x20006818       0x38 c:/isis/application/toolchain/bin/../lib/gcc/arm-none-eabi/4.7.4/../../../../arm-none-eabi/lib\libc_s.a(lib_a-gdtoa-hexnan.o)
 .text.__hexnan
                0x20006850      0x1d8 c:/isis/application/toolchain/bin/../lib/gcc/arm-none-eabi/4.7.4/../../../../arm-none-eabi/lib\libc_s.a(lib_a-gdtoa-hexnan.o)
                0x20006850                __hexnan
 .text.memchr   0x20006a28       0x34 c:/isis/application/toolchain/bin/../lib/gcc/arm-none-eabi/4.7.4/../../../../arm-none-eabi/lib\libc_s.a(lib_a-memchr.o)
                0x20006a28                memchr
 .text.memset   0x20006a5c       0x1c c:/isis/application/toolchain/bin/../lib/gcc/arm-none-eabi/4.7.4/../../../../arm-none-eabi/lib\libc_s.a(lib_a-memset.o)
                0x20006a5c                memset
 .text._realloc_r
                0x20006a78       0x80 c:/isis/application/toolchain/bin/../lib/gcc/arm-none-eabi/4.7.4/../../../../arm-none-eabi/lib\libc_s.a(lib_a-reallocr.o)
                0x20006a78                _realloc_r
 .text.strncmp  0x20006af8       0x64 c:/isis/application/toolchain/bin/../lib/gcc/arm-none-eabi/4.7.4/../../../../arm-none-eabi/lib\libc_s.a(lib_a-strncmp.o)
                0x20006af8                strncmp
 .text._malloc_usable_size_r
                0x20006b5c       0x1c c:/isis/application/toolchain/bin/../lib/gcc/arm-none-eabi/4.7.4/../../../../arm-none-eabi/lib\libc_s.a(lib_a-msizer.o)
                0x20006b5c                _malloc_usable_size_r
 .text.EPS_Init
                0x20006b78       0x7c ./src/SubSystemModules/PowerManagment/EPS.o
                0x20006b78                EPS_Init
 .text._logg    0x20006bf4      0x344 ./src/SubSystemModules/Maintenance/Log.o
                0x20006bf4                _logg
 .text.logg     0x20006f38       0x64 ./src/SubSystemModules/Maintenance/Log.o
                0x20006f38                logg
 .text.setLogLevel
                0x20006f9c       0x30 ./src/SubSystemModules/Maintenance/Log.o
                0x20006f9c                setLogLevel
 .text.initLog  0x20006fcc       0x24 ./src/SubSystemModules/Maintenance/Log.o
                0x20006fcc                initLog
 .text.CheckExecutionTime
                0x20006ff0       0x90 ./src/SubSystemModules/Maintenance/Maintenance.o
                0x20006ff0                CheckExecutionTime
 .text.SaveSatTimeInFRAM
                0x20007080       0x44 ./src/SubSystemModules/Maintenance/Maintenance.o
                0x20007080                SaveSatTimeInFRAM
 .text.IsFS_Corrupted
                0x200070c4       0x48 ./src/SubSystemModules/Maintenance/Maintenance.o
                0x200070c4                IsFS_Corrupted
 .text.WakeupFromResetCMD
                0x2000710c      0x108 ./src/SubSystemModules/Maintenance/Maintenance.o
                0x2000710c                WakeupFromResetCMD
 .text.ResetGroundCommWDT
                0x20007214       0x1c ./src/SubSystemModules/Maintenance/Maintenance.o
                0x20007214                ResetGroundCommWDT
 .text.IsGroundCommunicationWDTKick
                0x20007230       0xd0 ./src/SubSystemModules/Maintenance/Maintenance.o
                0x20007230                IsGroundCommunicationWDTKick
 .text.GetGsWdtKickTime
                0x20007300       0x38 ./src/SubSystemModules/Maintenance/Maintenance.o
                0x20007300                GetGsWdtKickTime
 .text.Maintenance
                0x20007338       0x48 ./src/SubSystemModules/Maintenance/Maintenance.o
                0x20007338                Maintenance
 .text.InitDump
                0x20007380       0xa0 ./src/SubSystemModules/Housekepping/Dump.o
                0x20007380                InitDump
 .text.FinishDump
                0x20007420       0xd8 ./src/SubSystemModules/Housekepping/Dump.o
                0x20007420                FinishDump
 .text.SendDumpAbortRequest
                0x200074f8       0xa0 ./src/SubSystemModules/Housekepping/Dump.o
                0x200074f8                SendDumpAbortRequest
 .text.CheckDumpAbort
                0x20007598       0x58 ./src/SubSystemModules/Housekepping/Dump.o
                0x20007598                CheckDumpAbort
 .text.getTelemetryMetaData
                0x200075f0       0x7c ./src/SubSystemModules/Housekepping/Dump.o
                0x200075f0                getTelemetryMetaData
 .text.send     0x2000766c       0x94 ./src/SubSystemModules/Housekepping/Dump.o
                0x2000766c                send
 .text.c_fileReadAndSend
                0x20007700      0x41c ./src/SubSystemModules/Housekepping/Dump.o
                0x20007700                c_fileReadAndSend
 .text.DumpStart
                0x20007b1c      0x340 ./src/SubSystemModules/Housekepping/Dump.o
                0x20007b1c                DumpStart
 .text.DumpTask
                0x20007e5c       0x34 ./src/SubSystemModules/Housekepping/Dump.o
                0x20007e5c                DumpTask
 .text.DumpTelemetry
                0x20007e90      0x1c4 ./src/SubSystemModules/Housekepping/Dump.o
                0x20007e90                DumpTelemetry
 .text.InitTelemetryCollector
                0x20008054       0x28 ./src/SubSystemModules/Housekepping/TelemetryCollector.o
                0x20008054                InitTelemetryCollector
 .text.GetTelemetryFilenameByType
                0x2000807c      0x1a4 ./src/SubSystemModules/Housekepping/TelemetryCollector.o
                0x2000807c                GetTelemetryFilenameByType
 .text.TelemetryCollectorLogic
                0x20008220      0x13c ./src/SubSystemModules/Housekepping/TelemetryCollector.o
                0x20008220                TelemetryCollectorLogic
 .text.TelemetryCreateFiles
                0x2000835c      0x1e0 ./src/SubSystemModules/Housekepping/TelemetryCollector.o
                0x2000835c                TelemetryCreateFiles
 .text.TelemetrySaveEPS
                0x2000853c       0xb4 ./src/SubSystemModules/Housekepping/TelemetryCollector.o
                0x2000853c                TelemetrySaveEPS
 .text.TelemetrySaveTRXVU
                0x200085f0       0x84 ./src/SubSystemModules/Housekepping/TelemetryCollector.o
                0x200085f0                TelemetrySaveTRXVU
 .text.TelemetrySaveANT
                0x20008674       0x88 ./src/SubSystemModules/Housekepping/TelemetryCollector.o
                0x20008674                TelemetrySaveANT
 .text.getSolarPanelsTLM
                0x200086fc       0xc0 ./src/SubSystemModules/Housekepping/TelemetryCollector.o
                0x200086fc                getSolarPanelsTLM
 .text.TelemetrySaveWOD
                0x200087bc       0x4c ./src/SubSystemModules/Housekepping/TelemetryCollector.o
                0x200087bc                TelemetrySaveWOD
 .text.GetCurrentWODTelemetry
                0x20008808      0x774 ./src/SubSystemModules/Housekepping/TelemetryCollector.o
                0x20008808                GetCurrentWODTelemetry
 .text.CMD_getEPS_TLM
                0x20008f7c      0x11c ./src/SubSystemModules/Housekepping/TelemetryCollector.o
                0x20008f7c                CMD_getEPS_TLM
 .text.CMD_getSolar_TLM
                0x20009098       0x68 ./src/SubSystemModules/Housekepping/TelemetryCollector.o
                0x20009098                CMD_getSolar_TLM
 .text.CMD_getTRXVU_TLM
                0x20009100       0xf4 ./src/SubSystemModules/Housekepping/TelemetryCollector.o
                0x20009100                CMD_getTRXVU_TLM
 .text.CMD_getAnts_TLM
                0x200091f4       0x84 ./src/SubSystemModules/Housekepping/TelemetryCollector.o
                0x200091f4                CMD_getAnts_TLM
 .text.CMD_EPS_ResetWDT
                0x20009278       0x3c ./src/SubSystemModules/Communication/SubsystemCommands/EPS_Commands.o
                0x20009278                CMD_EPS_ResetWDT
 .text.CMD_DeleteFileByTime
                0x200092b4      0x108 ./src/SubSystemModules/Communication/SubsystemCommands/FS_Commands.o
                0x200092b4                CMD_DeleteFileByTime
 .text.CMD_DeleteFilesOfType
                0x200093bc       0xa8 ./src/SubSystemModules/Communication/SubsystemCommands/FS_Commands.o
                0x200093bc                CMD_DeleteFilesOfType
 .text.CMD_DeleteFS
                0x20009464       0x24 ./src/SubSystemModules/Communication/SubsystemCommands/FS_Commands.o
                0x20009464                CMD_DeleteFS
 .text.CMD_GetLastFS_Error
                0x20009488       0x40 ./src/SubSystemModules/Communication/SubsystemCommands/FS_Commands.o
                0x20009488                CMD_GetLastFS_Error
 .text.CMD_FreeSpace
                0x200094c8       0x58 ./src/SubSystemModules/Communication/SubsystemCommands/FS_Commands.o
                0x200094c8                CMD_FreeSpace
 .text.CMD_isFS_Corrupt
                0x20009520       0x40 ./src/SubSystemModules/Communication/SubsystemCommands/FS_Commands.o
                0x20009520                CMD_isFS_Corrupt
 .text.CMD_GenericI2C
                0x20009560      0x15c ./src/SubSystemModules/Communication/SubsystemCommands/Maintanence_Commands.o
                0x20009560                CMD_GenericI2C
 .text.CMD_FRAM_ReadAndTransmitt
                0x200096bc      0x128 ./src/SubSystemModules/Communication/SubsystemCommands/Maintanence_Commands.o
                0x200096bc                CMD_FRAM_ReadAndTransmitt
 .text.CMD_FRAM_WriteAndTransmitt
                0x200097e4      0x138 ./src/SubSystemModules/Communication/SubsystemCommands/Maintanence_Commands.o
                0x200097e4                CMD_FRAM_WriteAndTransmitt
 .text.CMD_FRAM_Start
                0x2000991c       0x58 ./src/SubSystemModules/Communication/SubsystemCommands/Maintanence_Commands.o
                0x2000991c                CMD_FRAM_Start
 .text.CMD_FRAM_Stop
                0x20009974       0x3c ./src/SubSystemModules/Communication/SubsystemCommands/Maintanence_Commands.o
                0x20009974                CMD_FRAM_Stop
 .text.CMD_FRAM_Restart
                0x200099b0       0x40 ./src/SubSystemModules/Communication/SubsystemCommands/Maintanence_Commands.o
                0x200099b0                CMD_FRAM_Restart
 .text.CMD_UpdateSatTime
                0x200099f0       0xb4 ./src/SubSystemModules/Communication/SubsystemCommands/Maintanence_Commands.o
                0x200099f0                CMD_UpdateSatTime
 .text.CMD_GetSatTime
                0x20009aa4       0x78 ./src/SubSystemModules/Communication/SubsystemCommands/Maintanence_Commands.o
                0x20009aa4                CMD_GetSatTime
 .text.CMD_GetSatUptime
                0x20009b1c       0x60 ./src/SubSystemModules/Communication/SubsystemCommands/Maintanence_Commands.o
                0x20009b1c                CMD_GetSatUptime
 .text.CMD_AntennaDeploy
                0x20009b7c       0x40 ./src/SubSystemModules/Communication/SubsystemCommands/Maintanence_Commands.o
                0x20009b7c                CMD_AntennaDeploy
 .text.CMD_setLogLevel
                0x20009bbc       0x94 ./src/SubSystemModules/Communication/SubsystemCommands/Maintanence_Commands.o
                0x20009bbc                CMD_setLogLevel
 .text.CMD_SetTLM_CollectionCycle
                0x20009c50      0x1a0 ./src/SubSystemModules/Communication/SubsystemCommands/Maintanence_Commands.o
                0x20009c50                CMD_SetTLM_CollectionCycle
 .text.CMD_GetTLM_CollectionCycle
                0x20009df0      0x170 ./src/SubSystemModules/Communication/SubsystemCommands/Maintanence_Commands.o
                0x20009df0                CMD_GetTLM_CollectionCycle
 .text.CMD_ResetComponent
                0x20009f60      0x27c ./src/SubSystemModules/Communication/SubsystemCommands/Maintanence_Commands.o
                0x20009f60                CMD_ResetComponent
 .text.CMD_StartDump
                0x2000a1dc       0x34 ./src/SubSystemModules/Communication/SubsystemCommands/TRXVU_Commands.o
                0x2000a1dc                CMD_StartDump
 .text.CMD_SendDumpAbortRequest
                0x2000a210       0x24 ./src/SubSystemModules/Communication/SubsystemCommands/TRXVU_Commands.o
                0x2000a210                CMD_SendDumpAbortRequest
 .text.CMD_MuteTRXVU
                0x2000a234       0x5c ./src/SubSystemModules/Communication/SubsystemCommands/TRXVU_Commands.o
                0x2000a234                CMD_MuteTRXVU
 .text.CMD_UnMuteTRXVU
                0x2000a290       0x24 ./src/SubSystemModules/Communication/SubsystemCommands/TRXVU_Commands.o
                0x2000a290                CMD_UnMuteTRXVU
 .text.CMD_GetBeaconInterval
                0x2000a2b4       0x74 ./src/SubSystemModules/Communication/SubsystemCommands/TRXVU_Commands.o
                0x2000a2b4                CMD_GetBeaconInterval
 .text.CMD_GetTxUptime
                0x2000a328       0x58 ./src/SubSystemModules/Communication/SubsystemCommands/TRXVU_Commands.o
                0x2000a328                CMD_GetTxUptime
 .text.CMD_GetRxUptime
                0x2000a380       0x58 ./src/SubSystemModules/Communication/SubsystemCommands/TRXVU_Commands.o
                0x2000a380                CMD_GetRxUptime
 .text.CMD_GetNumOfOnlineCommands
                0x2000a3d8       0x58 ./src/SubSystemModules/Communication/SubsystemCommands/TRXVU_Commands.o
                0x2000a3d8                CMD_GetNumOfOnlineCommands
 .text.CMD_AntSetArmStatus
                0x2000a430       0x80 ./src/SubSystemModules/Communication/SubsystemCommands/TRXVU_Commands.o
                0x2000a430                CMD_AntSetArmStatus
 .text.CMD_AntGetArmStatus
                0x2000a4b0       0x64 ./src/SubSystemModules/Communication/SubsystemCommands/TRXVU_Commands.o
                0x2000a4b0                CMD_AntGetArmStatus
 .text.CMD_AntGetUptime
                0x2000a514       0x6c ./src/SubSystemModules/Communication/SubsystemCommands/TRXVU_Commands.o
                0x2000a514                CMD_AntGetUptime
 .text.CMD_AntCancelDeployment
                0x2000a580       0x48 ./src/SubSystemModules/Communication/SubsystemCommands/TRXVU_Commands.o
                0x2000a580                CMD_AntCancelDeployment
 .text.CMD_AntStopAutoDeployment
                0x2000a5c8       0x48 ./src/SubSystemModules/Communication/SubsystemCommands/TRXVU_Commands.o
                0x2000a5c8                CMD_AntStopAutoDeployment
 .text.SendAckPacket
                0x2000a610       0xa8 ./src/SubSystemModules/Communication/AckHandler.o
                0x2000a610                SendAckPacket
 .text.SendErrorMSG
                0x2000a6b8       0x94 ./src/SubSystemModules/Communication/AckHandler.o
                0x2000a6b8                SendErrorMSG
 .text.ActUponCommand
                0x2000a74c      0x19c ./src/SubSystemModules/Communication/ActUponCommand.o
                0x2000a74c                ActUponCommand
 .text.InitBeaconParams
                0x2000a8e8       0x74 ./src/SubSystemModules/Communication/Beacon.o
                0x2000a8e8                InitBeaconParams
 .text.BeaconLogic
                0x2000a95c      0x150 ./src/SubSystemModules/Communication/Beacon.o
                0x2000a95c                BeaconLogic
 .text.UpdateBeaconInterval
                0x2000aaac       0xe8 ./src/SubSystemModules/Communication/Beacon.o
                0x2000aaac                UpdateBeaconInterval
 .text.trxvu_command_router
                0x2000ab94      0x484 ./src/SubSystemModules/Communication/CommandDictionary.o
                0x2000ab94                trxvu_command_router
 .text.eps_command_router
                0x2000b018       0xa4 ./src/SubSystemModules/Communication/CommandDictionary.o
                0x2000b018                eps_command_router
 .text.telemetry_command_router
                0x2000b0bc       0xd4 ./src/SubSystemModules/Communication/CommandDictionary.o
                0x2000b0bc                telemetry_command_router
 .text.managment_command_router
                0x2000b190      0x300 ./src/SubSystemModules/Communication/CommandDictionary.o
                0x2000b190                managment_command_router
 .text.filesystem_command_router
                0x2000b490      0x10c ./src/SubSystemModules/Communication/CommandDictionary.o
                0x2000b490                filesystem_command_router
 .text.ParseDataToCommand
                0x2000b59c      0x260 ./src/SubSystemModules/Communication/SatCommandHandler.o
                0x2000b59c                ParseDataToCommand
 .text.AssembleCommand
                0x2000b7fc      0x1f8 ./src/SubSystemModules/Communication/SatCommandHandler.o
                0x2000b7fc                AssembleCommand
 .text.GetOnlineCommand
                0x2000b9f4      0x104 ./src/SubSystemModules/Communication/SatCommandHandler.o
                0x2000b9f4                GetOnlineCommand
 .text.InitTxModule
                0x2000baf8       0xec ./src/SubSystemModules/Communication/SatDataTx.o
                0x2000baf8                InitTxModule
 .text.muteTRXVU
                0x2000bbe4       0xbc ./src/SubSystemModules/Communication/SatDataTx.o
                0x2000bbe4                muteTRXVU
 .text.UnMuteTRXVU
                0x2000bca0       0x60 ./src/SubSystemModules/Communication/SatDataTx.o
                0x2000bca0                UnMuteTRXVU
 .text.GetMuteFlag
                0x2000bd00       0x24 ./src/SubSystemModules/Communication/SatDataTx.o
                0x2000bd00                GetMuteFlag
 .text.CheckForMuteEnd
                0x2000bd24       0x70 ./src/SubSystemModules/Communication/SatDataTx.o
                0x2000bd24                CheckForMuteEnd
 .text.GetNumberOfFramesInBuffer
                0x2000bd94       0x4c ./src/SubSystemModules/Communication/SatDataTx.o
                0x2000bd94                GetNumberOfFramesInBuffer
 .text.CheckTransmitionAllowed
                0x2000bde0       0x98 ./src/SubSystemModules/Communication/SatDataTx.o
                0x2000bde0                CheckTransmitionAllowed
 .text.TransmitDataAsSPL_Packet
                0x2000be78      0x13c ./src/SubSystemModules/Communication/SatDataTx.o
                0x2000be78                TransmitDataAsSPL_Packet
 .text.TransmitSplPacket
                0x2000bfb4       0xec ./src/SubSystemModules/Communication/SatDataTx.o
                0x2000bfb4                TransmitSplPacket
 .text.setLastAntsAutoDeploymentTime
                0x2000c0a0       0x3c ./src/SubSystemModules/Communication/TRXVU.o
                0x2000c0a0                setLastAntsAutoDeploymentTime
 .text.SetIdleOff
                0x2000c0dc       0x98 ./src/SubSystemModules/Communication/TRXVU.o
                0x2000c0dc                SetIdleOff
 .text.HandleOpenAnts
                0x2000c174       0x54 ./src/SubSystemModules/Communication/TRXVU.o
                0x2000c174                HandleOpenAnts
 .text.HandleIdleAndMuteTime
                0x2000c1c8       0x8c ./src/SubSystemModules/Communication/TRXVU.o
                0x2000c1c8                HandleIdleAndMuteTime
 .text.HandleTransponderTime
                0x2000c254       0x30 ./src/SubSystemModules/Communication/TRXVU.o
                0x2000c254                HandleTransponderTime
 .text.InitAnts
                0x2000c284       0x74 ./src/SubSystemModules/Communication/TRXVU.o
                0x2000c284                InitAnts
 .text.InitTrxvu
                0x2000c2f8      0x120 ./src/SubSystemModules/Communication/TRXVU.o
                0x2000c2f8                InitTrxvu
 .text.TRX_Logic
                0x2000c418      0x168 ./src/SubSystemModules/Communication/TRXVU.o
                0x2000c418                TRX_Logic
 .text.CMD_SetIdleOn
                0x2000c580       0xf8 ./src/SubSystemModules/Communication/TRXVU.o
                0x2000c580                CMD_SetIdleOn
 .text.CMD_SetIdleOff
                0x2000c678       0x28 ./src/SubSystemModules/Communication/TRXVU.o
                0x2000c678                CMD_SetIdleOff
 .text.areAntennasOpen
                0x2000c6a0       0x74 ./src/SubSystemModules/Communication/TRXVU.o
                0x2000c6a0                areAntennasOpen
 .text.initTransponder
                0x2000c714      0x100 ./src/SubSystemModules/Communication/Transponder.o
                0x2000c714                initTransponder
 .text.set_transonder_mode
                0x2000c814       0xcc ./src/SubSystemModules/Communication/Transponder.o
                0x2000c814                set_transonder_mode
 .text.set_transponder_RSSI
                0x2000c8e0       0x58 ./src/SubSystemModules/Communication/Transponder.o
                0x2000c8e0                set_transponder_RSSI
 .text.CMD_turnOnTransponder
                0x2000c938      0x1d0 ./src/SubSystemModules/Communication/Transponder.o
                0x2000c938                CMD_turnOnTransponder
 .text.CMD_set_transponder_RSSI
                0x2000cb08       0xc4 ./src/SubSystemModules/Communication/Transponder.o
                0x2000cb08                CMD_set_transponder_RSSI
 .text.CMD_turnOffTransponder
                0x2000cbcc       0x74 ./src/SubSystemModules/Communication/Transponder.o
                0x2000cbcc                CMD_turnOffTransponder
 .text.getTransponderMode
                0x2000cc40       0x24 ./src/SubSystemModules/Communication/Transponder.o
                0x2000cc40                getTransponderMode
 .text.checkEndTransponderMode
                0x2000cc64       0x80 ./src/SubSystemModules/Communication/Transponder.o
                0x2000cc64                checkEndTransponderMode
 .text.getDuration
                0x2000cce4       0x80 ./src/SubSystemModules/Communication/Transponder.o
                0x2000cce4                getDuration
 .text.isFirstActivation
                0x2000cd64       0x74 ./src/InitSystem.o
                0x2000cd64                isFirstActivation
 .text.firstActivationProcedure
                0x2000cdd8      0x15c ./src/InitSystem.o
                0x2000cdd8                firstActivationProcedure
 .text.StartFRAM
                0x2000cf34       0x18 ./src/InitSystem.o
                0x2000cf34                StartFRAM
 .text.StartI2C
                0x2000cf4c       0x24 ./src/InitSystem.o
                0x2000cf4c                StartI2C
 .text.StartSPI
                0x2000cf70       0x20 ./src/InitSystem.o
                0x2000cf70                StartSPI
 .text.StartTIME
                0x2000cf90       0xac ./src/InitSystem.o
                0x2000cf90                StartTIME
 .text.autoDeploy
                0x2000d03c      0x194 ./src/InitSystem.o
                0x2000d03c                autoDeploy
 .text.DeploySystem
                0x2000d1d0       0x58 ./src/InitSystem.o
                0x2000d1d0                DeploySystem
 .text.InitSubsystems
                0x2000d228      0x270 ./src/InitSystem.o
                0x2000d228                InitSubsystems
 .text.getSdIndex
                0x2000d498       0x44 ./src/TLM_management.o
 .text.setSdIndex
                0x2000d4dc       0x4c ./src/TLM_management.o
 .text.sd_format
                0x2000d528       0x28 ./src/TLM_management.o
                0x2000d528                sd_format
 .text.getNumOfFilesInFS
                0x2000d550       0x44 ./src/TLM_management.o
 .text.setNumOfFilesInFS
                0x2000d594       0x48 ./src/TLM_management.o
 .text.f_managed_enterFS
                0x2000d5dc       0x18 ./src/TLM_management.o
                0x2000d5dc                f_managed_enterFS
 .text.f_managed_open
                0x2000d5f4       0x60 ./src/TLM_management.o
                0x2000d5f4                f_managed_open
 .text.f_managed_close
                0x2000d654       0x3c ./src/TLM_management.o
                0x2000d654                f_managed_close
 .text.createSemahores_FS
                0x2000d690       0x78 ./src/TLM_management.o
                0x2000d690                createSemahores_FS
 .text.formatAndCreateFiles
                0x2000d708       0x68 ./src/TLM_management.o
                0x2000d708                formatAndCreateFiles
 .text.InitializeFS
                0x2000d770      0x150 ./src/TLM_management.o
                0x2000d770                InitializeFS
 .text.c_fileCreate
                0x2000d8c0      0x138 ./src/TLM_management.o
                0x2000d8c0                c_fileCreate
 .text.writewithEpochtime
                0x2000d9f8       0x90 ./src/TLM_management.o
 .text.write    0x2000da88       0x3c ./src/TLM_management.o
 .text.get_C_FILE_struct
                0x2000dac4       0xf0 ./src/TLM_management.o
                0x2000dac4                get_C_FILE_struct
 .text.getFileIndex
                0x2000dbb4       0x84 ./src/TLM_management.o
                0x2000dbb4                getFileIndex
 .text.get_file_name_by_index
                0x2000dc38       0x44 ./src/TLM_management.o
                0x2000dc38                get_file_name_by_index
 .text.c_fileWrite
                0x2000dc7c       0x38 ./src/TLM_management.o
                0x2000dc7c                c_fileWrite
 .text._c_fileWrite
                0x2000dcb4      0x194 ./src/TLM_management.o
                0x2000dcb4                _c_fileWrite
 .text.deleteElementsFromFile
                0x2000de48      0x1a0 ./src/TLM_management.o
 .text.c_fileGetSizeOfElement
                0x2000dfe8       0x5c ./src/TLM_management.o
                0x2000dfe8                c_fileGetSizeOfElement
 .text.c_fileDeleteElements
                0x2000e044      0x158 ./src/TLM_management.o
                0x2000e044                c_fileDeleteElements
 .text.DeInitializeFS
                0x2000e19c       0x78 ./src/TLM_management.o
                0x2000e19c                DeInitializeFS
 .text.taskMain
                0x2000e214       0x28 ./src/main.o
                0x2000e214                taskMain
 .text.main     0x2000e23c       0xa0 ./src/main.o
                0x2000e23c                main
 .text.ADC_ConvertRaw10bitToMillivolt
                0x2000e2dc       0x50 C:/TEVEL/GivatShmuel/Base-Aug-2019/GlobusSatProject/..//hal/hal/lib\libHALD.a(ADC.o)
                0x2000e2dc                ADC_ConvertRaw10bitToMillivolt
 .text.ADC_SingleShot
                0x2000e32c      0x230 C:/TEVEL/GivatShmuel/Base-Aug-2019/GlobusSatProject/..//hal/hal/lib\libHALD.a(ADC.o)
                0x2000e32c                ADC_SingleShot
 .text.validateTransferParameters
                0x2000e55c      0x10c C:/TEVEL/GivatShmuel/Base-Aug-2019/GlobusSatProject/..//hal/hal/lib\libHALD.a(I2C.o)
 .text.I2C_queueTransfer
                0x2000e668       0xe8 C:/TEVEL/GivatShmuel/Base-Aug-2019/GlobusSatProject/..//hal/hal/lib\libHALD.a(I2C.o)
                0x2000e668                I2C_queueTransfer
 .text.I2C_internalCallback
                0x2000e750       0x64 C:/TEVEL/GivatShmuel/Base-Aug-2019/GlobusSatProject/..//hal/hal/lib\libHALD.a(I2C.o)
 .text.I2C_doBlockingTransfer
                0x2000e7b4      0x160 C:/TEVEL/GivatShmuel/Base-Aug-2019/GlobusSatProject/..//hal/hal/lib\libHALD.a(I2C.o)
 .text.I2C_write
                0x2000e914      0x110 C:/TEVEL/GivatShmuel/Base-Aug-2019/GlobusSatProject/..//hal/hal/lib\libHALD.a(I2C.o)
                0x2000e914                I2C_write
 .text.I2C_read
                0x2000ea24      0x110 C:/TEVEL/GivatShmuel/Base-Aug-2019/GlobusSatProject/..//hal/hal/lib\libHALD.a(I2C.o)
                0x2000ea24                I2C_read
 .text.I2C_writeRead
                0x2000eb34      0x180 C:/TEVEL/GivatShmuel/Base-Aug-2019/GlobusSatProject/..//hal/hal/lib\libHALD.a(I2C.o)
                0x2000eb34                I2C_writeRead
 .text.I2C_start
                0x2000ecb4      0x2e8 C:/TEVEL/GivatShmuel/Base-Aug-2019/GlobusSatProject/..//hal/hal/lib\libHALD.a(I2C.o)
                0x2000ecb4                I2C_start
 .text.I2C_stop
                0x2000ef9c      0x184 C:/TEVEL/GivatShmuel/Base-Aug-2019/GlobusSatProject/..//hal/hal/lib\libHALD.a(I2C.o)
                0x2000ef9c                I2C_stop
 .text.I2C_setTransferTimeout
                0x2000f120       0x48 C:/TEVEL/GivatShmuel/Base-Aug-2019/GlobusSatProject/..//hal/hal/lib\libHALD.a(I2C.o)
                0x2000f120                I2C_setTransferTimeout
 .text.clearPDCtransfers
                0x2000f168       0xdc C:/TEVEL/GivatShmuel/Base-Aug-2019/GlobusSatProject/..//hal/hal/lib\libHALD.a(SPI.o)
 .text.SPI_start
                0x2000f244      0x4c0 C:/TEVEL/GivatShmuel/Base-Aug-2019/GlobusSatProject/..//hal/hal/lib\libHALD.a(SPI.o)
                0x2000f244                SPI_start
 .text.SPI_stop
                0x2000f704      0x22c C:/TEVEL/GivatShmuel/Base-Aug-2019/GlobusSatProject/..//hal/hal/lib\libHALD.a(SPI.o)
                0x2000f704                SPI_stop
 .text.SPI_queueTransfer
                0x2000f930      0x190 C:/TEVEL/GivatShmuel/Base-Aug-2019/GlobusSatProject/..//hal/hal/lib\libHALD.a(SPI.o)
                0x2000f930                SPI_queueTransfer
 .text.SPI_internalCallback
                0x2000fac0       0x64 C:/TEVEL/GivatShmuel/Base-Aug-2019/GlobusSatProject/..//hal/hal/lib\libHALD.a(SPI.o)
 .text.SPI_writeRead
                0x2000fb24      0x188 C:/TEVEL/GivatShmuel/Base-Aug-2019/GlobusSatProject/..//hal/hal/lib\libHALD.a(SPI.o)
                0x2000fb24                SPI_writeRead
 .text.waitForTransfer
                0x2000fcac       0x68 C:/TEVEL/GivatShmuel/Base-Aug-2019/GlobusSatProject/..//hal/hal/lib\libHALD.a(SPI.o)
 .text.SPI_getDriverState
                0x2000fd14       0x58 C:/TEVEL/GivatShmuel/Base-Aug-2019/GlobusSatProject/..//hal/hal/lib\libHALD.a(SPI.o)
                0x2000fd14                SPI_getDriverState
 .text.FRAM_start
                0x2000fd6c       0xf4 C:/TEVEL/GivatShmuel/Base-Aug-2019/GlobusSatProject/..//hal/hal/lib\libHALD.a(FRAM.o)
                0x2000fd6c                FRAM_start
 .text.FRAM_stop
                0x2000fe60       0x6c C:/TEVEL/GivatShmuel/Base-Aug-2019/GlobusSatProject/..//hal/hal/lib\libHALD.a(FRAM.o)
                0x2000fe60                FRAM_stop
 .text.FRAM_dummyCallback
                0x2000fecc       0x24 C:/TEVEL/GivatShmuel/Base-Aug-2019/GlobusSatProject/..//hal/hal/lib\libHALD.a(FRAM.o)
                0x2000fecc                FRAM_dummyCallback
 .text.FRAM_unlockingCallback
                0x2000fef0       0x78 C:/TEVEL/GivatShmuel/Base-Aug-2019/GlobusSatProject/..//hal/hal/lib\libHALD.a(FRAM.o)
                0x2000fef0                FRAM_unlockingCallback
 .text.doBlockingTransfer
                0x2000ff68       0x88 C:/TEVEL/GivatShmuel/Base-Aug-2019/GlobusSatProject/..//hal/hal/lib\libHALD.a(FRAM.o)
 .text.FRAM_writePacket
                0x2000fff0      0x148 C:/TEVEL/GivatShmuel/Base-Aug-2019/GlobusSatProject/..//hal/hal/lib\libHALD.a(FRAM.o)
 .text.FRAM_write
                0x20010138      0x1c8 C:/TEVEL/GivatShmuel/Base-Aug-2019/GlobusSatProject/..//hal/hal/lib\libHALD.a(FRAM.o)
                0x20010138                FRAM_write
 .text.FRAM_readPacket
                0x20010300      0x114 C:/TEVEL/GivatShmuel/Base-Aug-2019/GlobusSatProject/..//hal/hal/lib\libHALD.a(FRAM.o)
 .text.FRAM_read
                0x20010414      0x1d4 C:/TEVEL/GivatShmuel/Base-Aug-2019/GlobusSatProject/..//hal/hal/lib\libHALD.a(FRAM.o)
                0x20010414                FRAM_read
 .text.Time_start
                0x200105e8      0x150 C:/TEVEL/GivatShmuel/Base-Aug-2019/GlobusSatProject/..//hal/hal/lib\libHALD.a(Time.o)
                0x200105e8                Time_start
 .text.taskTimeSync
                0x20010738       0x38 C:/TEVEL/GivatShmuel/Base-Aug-2019/GlobusSatProject/..//hal/hal/lib\libHALD.a(Time.o)
 .text.Time_set
                0x20010770      0x278 C:/TEVEL/GivatShmuel/Base-Aug-2019/GlobusSatProject/..//hal/hal/lib\libHALD.a(Time.o)
                0x20010770                Time_set
 .text.Time_isLeapYear
                0x200109e8       0x98 C:/TEVEL/GivatShmuel/Base-Aug-2019/GlobusSatProject/..//hal/hal/lib\libHALD.a(Time.o)
                0x200109e8                Time_isLeapYear
 .text.Time_get
                0x20010a80      0x410 C:/TEVEL/GivatShmuel/Base-Aug-2019/GlobusSatProject/..//hal/hal/lib\libHALD.a(Time.o)
                0x20010a80                Time_get
 .text.Time_getUnixEpoch
                0x20010e90       0xf4 C:/TEVEL/GivatShmuel/Base-Aug-2019/GlobusSatProject/..//hal/hal/lib\libHALD.a(Time.o)
                0x20010e90                Time_getUnixEpoch
 .text.secondsOfYearToTime
                0x20010f84      0x328 C:/TEVEL/GivatShmuel/Base-Aug-2019/GlobusSatProject/..//hal/hal/lib\libHALD.a(Time.o)
 .text.Time_setUnixEpoch
                0x200112ac      0x100 C:/TEVEL/GivatShmuel/Base-Aug-2019/GlobusSatProject/..//hal/hal/lib\libHALD.a(Time.o)
                0x200112ac                Time_setUnixEpoch
 .text.Time_getUptimeSeconds
                0x200113ac       0x28 C:/TEVEL/GivatShmuel/Base-Aug-2019/GlobusSatProject/..//hal/hal/lib\libHALD.a(Time.o)
                0x200113ac                Time_getUptimeSeconds
 .text.Time_sync
                0x200113d4      0x2b8 C:/TEVEL/GivatShmuel/Base-Aug-2019/GlobusSatProject/..//hal/hal/lib\libHALD.a(Time.o)
                0x200113d4                Time_sync
 .text.Time_syncIfNeeded
                0x2001168c       0x70 C:/TEVEL/GivatShmuel/Base-Aug-2019/GlobusSatProject/..//hal/hal/lib\libHALD.a(Time.o)
                0x2001168c                Time_syncIfNeeded
 .text.Time_setSyncInterval
                0x200116fc       0x38 C:/TEVEL/GivatShmuel/Base-Aug-2019/GlobusSatProject/..//hal/hal/lib\libHALD.a(Time.o)
                0x200116fc                Time_setSyncInterval
 .text.WDT_start
                0x20011734       0x48 C:/TEVEL/GivatShmuel/Base-Aug-2019/GlobusSatProject/..//hal/hal/lib\libHALD.a(WatchDogTimerNoOS.o)
                0x20011734                WDT_start
 .text.WDT_startWatchdogKickTask
                0x2001177c       0xb4 C:/TEVEL/GivatShmuel/Base-Aug-2019/GlobusSatProject/..//hal/hal/lib\libHALD.a(WatchDogTimerOS.o)
                0x2001177c                WDT_startWatchdogKickTask
 .text.WDT_forceKickEveryNms
                0x20011830       0x50 C:/TEVEL/GivatShmuel/Base-Aug-2019/GlobusSatProject/..//hal/hal/lib\libHALD.a(WatchDogTimerOS.o)
                0x20011830                WDT_forceKickEveryNms
 .text.LED_glow
                0x20011880       0x58 C:/TEVEL/GivatShmuel/Base-Aug-2019/GlobusSatProject/..//hal/hal/lib\libHALD.a(LED.o)
                0x20011880                LED_glow
 .text.LED_dark
                0x200118d8       0x58 C:/TEVEL/GivatShmuel/Base-Aug-2019/GlobusSatProject/..//hal/hal/lib\libHALD.a(LED.o)
                0x200118d8                LED_dark
 .text.LED_toggle
                0x20011930       0x50 C:/TEVEL/GivatShmuel/Base-Aug-2019/GlobusSatProject/..//hal/hal/lib\libHALD.a(LED.o)
                0x20011930                LED_toggle
 .text.RTC_start
                0x20011980       0x3c C:/TEVEL/GivatShmuel/Base-Aug-2019/GlobusSatProject/..//hal/hal/lib\libHALD.a(RTC.o)
                0x20011980                RTC_start
 .text.RTC_setTime
                0x200119bc      0x2a4 C:/TEVEL/GivatShmuel/Base-Aug-2019/GlobusSatProject/..//hal/hal/lib\libHALD.a(RTC.o)
                0x200119bc                RTC_setTime
 .text.RTC_getTime
                0x20011c60      0x224 C:/TEVEL/GivatShmuel/Base-Aug-2019/GlobusSatProject/..//hal/hal/lib\libHALD.a(RTC.o)
                0x20011c60                RTC_getTime
 .text.RTC_checkTimeValid
                0x20011e84       0xdc C:/TEVEL/GivatShmuel/Base-Aug-2019/GlobusSatProject/..//hal/hal/lib\libHALD.a(RTC.o)
                0x20011e84                RTC_checkTimeValid
 .text.RTT_start
                0x20011f60       0x24 C:/TEVEL/GivatShmuel/Base-Aug-2019/GlobusSatProject/..//hal/hal/lib\libHALD.a(RTT.o)
                0x20011f60                RTT_start
 .text.fn_init  0x20011f84      0x2e0 C:/TEVEL/GivatShmuel/Base-Aug-2019/GlobusSatProject/..//hal/hcc/lib\libHCCD.a(fat_common.o)
                0x20011f84                fn_init
 .text.fsn_delete
                0x20012264       0xc8 C:/TEVEL/GivatShmuel/Base-Aug-2019/GlobusSatProject/..//hal/hcc/lib\libHCCD.a(fat_common.o)
                0x20012264                fsn_delete
 .text._f_get16bitl
                0x2001232c       0x4c C:/TEVEL/GivatShmuel/Base-Aug-2019/GlobusSatProject/..//hal/hcc/lib\libHCCD.a(fat_common.o)
                0x2001232c                _f_get16bitl
 .text._f_set16bitl
                0x20012378       0x54 C:/TEVEL/GivatShmuel/Base-Aug-2019/GlobusSatProject/..//hal/hcc/lib\libHCCD.a(fat_common.o)
                0x20012378                _f_set16bitl
 .text._f_get32bitl
                0x200123cc       0x68 C:/TEVEL/GivatShmuel/Base-Aug-2019/GlobusSatProject/..//hal/hcc/lib\libHCCD.a(fat_common.o)
                0x200123cc                _f_get32bitl
 .text._f_set32bitl
                0x20012434       0x78 C:/TEVEL/GivatShmuel/Base-Aug-2019/GlobusSatProject/..//hal/hcc/lib\libHCCD.a(fat_common.o)
                0x20012434                _f_set32bitl
 .text._get8bit
                0x200124ac       0xa0 C:/TEVEL/GivatShmuel/Base-Aug-2019/GlobusSatProject/..//hal/hcc/lib\libHCCD.a(fat_common.o)
 .text._get16bitl
                0x2001254c       0x40 C:/TEVEL/GivatShmuel/Base-Aug-2019/GlobusSatProject/..//hal/hcc/lib\libHCCD.a(fat_common.o)
 .text._get32bitl
                0x2001258c       0x3c C:/TEVEL/GivatShmuel/Base-Aug-2019/GlobusSatProject/..//hal/hcc/lib\libHCCD.a(fat_common.o)
 .text._set8bitzero
                0x200125c8       0x6c C:/TEVEL/GivatShmuel/Base-Aug-2019/GlobusSatProject/..//hal/hcc/lib\libHCCD.a(fat_common.o)
 .text._set8bit
                0x20012634       0xa0 C:/TEVEL/GivatShmuel/Base-Aug-2019/GlobusSatProject/..//hal/hcc/lib\libHCCD.a(fat_common.o)
 .text._set16bitl
                0x200126d4       0x3c C:/TEVEL/GivatShmuel/Base-Aug-2019/GlobusSatProject/..//hal/hcc/lib\libHCCD.a(fat_common.o)
 .text._set32bitl
                0x20012710       0x34 C:/TEVEL/GivatShmuel/Base-Aug-2019/GlobusSatProject/..//hal/hcc/lib\libHCCD.a(fat_common.o)
 .text._f_setcardremoved
                0x20012744       0x94 C:/TEVEL/GivatShmuel/Base-Aug-2019/GlobusSatProject/..//hal/hcc/lib\libHCCD.a(fat_common.o)
 .text._f_checkstatus
                0x200127d8      0x104 C:/TEVEL/GivatShmuel/Base-Aug-2019/GlobusSatProject/..//hal/hcc/lib\libHCCD.a(fat_common.o)
                0x200127d8                _f_checkstatus
 .text._f_drvgetphy
                0x200128dc      0x114 C:/TEVEL/GivatShmuel/Base-Aug-2019/GlobusSatProject/..//hal/hcc/lib\libHCCD.a(fat_common.o)
 .text._f_drvwritesector
                0x200129f0       0xdc C:/TEVEL/GivatShmuel/Base-Aug-2019/GlobusSatProject/..//hal/hcc/lib\libHCCD.a(fat_common.o)
 .text._f_drvreadsector
                0x20012acc       0xa8 C:/TEVEL/GivatShmuel/Base-Aug-2019/GlobusSatProject/..//hal/hcc/lib\libHCCD.a(fat_common.o)
 .text._f_writesector
                0x20012b74      0x23c C:/TEVEL/GivatShmuel/Base-Aug-2019/GlobusSatProject/..//hal/hcc/lib\libHCCD.a(fat_common.o)
                0x20012b74                _f_writesector
 .text._f_readsector
                0x20012db0      0x1dc C:/TEVEL/GivatShmuel/Base-Aug-2019/GlobusSatProject/..//hal/hcc/lib\libHCCD.a(fat_common.o)
                0x20012db0                _f_readsector
 .text._f_getmaxcluster
                0x20012f8c       0x94 C:/TEVEL/GivatShmuel/Base-Aug-2019/GlobusSatProject/..//hal/hcc/lib\libHCCD.a(fat_common.o)
                0x20012f8c                _f_getmaxcluster
 .text._getsectorfromcluster
                0x20013020       0x68 C:/TEVEL/GivatShmuel/Base-Aug-2019/GlobusSatProject/..//hal/hcc/lib\libHCCD.a(fat_common.o)
 .text._f_buildsectors
                0x20013088      0x268 C:/TEVEL/GivatShmuel/Base-Aug-2019/GlobusSatProject/..//hal/hcc/lib\libHCCD.a(fat_common.o)
 .text._f_getbootrecord
                0x200132f0      0x5e4 C:/TEVEL/GivatShmuel/Base-Aug-2019/GlobusSatProject/..//hal/hcc/lib\libHCCD.a(fat_common.o)
 .text._f_readbootrecord
                0x200138d4      0x4f8 C:/TEVEL/GivatShmuel/Base-Aug-2019/GlobusSatProject/..//hal/hcc/lib\libHCCD.a(fat_common.o)
 .text._f_writebootrecord
                0x20013dcc      0x5e4 C:/TEVEL/GivatShmuel/Base-Aug-2019/GlobusSatProject/..//hal/hcc/lib\libHCCD.a(fat_common.o)
 .text._f_flushcffiles
                0x200143b0      0x17c C:/TEVEL/GivatShmuel/Base-Aug-2019/GlobusSatProject/..//hal/hcc/lib\libHCCD.a(fat_common.o)
                0x200143b0                _f_flushcffiles
 .text._f_fatcache_flush
                0x2001452c      0x270 C:/TEVEL/GivatShmuel/Base-Aug-2019/GlobusSatProject/..//hal/hcc/lib\libHCCD.a(fat_common.o)
                0x2001452c                _f_fatcache_flush
 .text._f_writefatsector
                0x2001479c      0x100 C:/TEVEL/GivatShmuel/Base-Aug-2019/GlobusSatProject/..//hal/hcc/lib\libHCCD.a(fat_common.o)
                0x2001479c                _f_writefatsector
 .text._f_getfatsector
                0x2001489c      0x3bc C:/TEVEL/GivatShmuel/Base-Aug-2019/GlobusSatProject/..//hal/hcc/lib\libHCCD.a(fat_common.o)
 .text._f_setclustervalue
                0x20014c58      0x490 C:/TEVEL/GivatShmuel/Base-Aug-2019/GlobusSatProject/..//hal/hcc/lib\libHCCD.a(fat_common.o)
                0x20014c58                _f_setclustervalue
 .text._f_getclustervalue
                0x200150e8      0x388 C:/TEVEL/GivatShmuel/Base-Aug-2019/GlobusSatProject/..//hal/hcc/lib\libHCCD.a(fat_common.o)
                0x200150e8                _f_getclustervalue
 .text._f_close_drive_files
                0x20015470       0xac C:/TEVEL/GivatShmuel/Base-Aug-2019/GlobusSatProject/..//hal/hcc/lib\libHCCD.a(fat_common.o)
 .text._f_inc_mount_count
                0x2001551c       0xa4 C:/TEVEL/GivatShmuel/Base-Aug-2019/GlobusSatProject/..//hal/hcc/lib\libHCCD.a(fat_common.o)
 .text._f_getvolume
                0x200155c0      0x2f8 C:/TEVEL/GivatShmuel/Base-Aug-2019/GlobusSatProject/..//hal/hcc/lib\libHCCD.a(fat_common.o)
                0x200155c0                _f_getvolume
 .text.fn_createdriver
                0x200158b8      0x118 C:/TEVEL/GivatShmuel/Base-Aug-2019/GlobusSatProject/..//hal/hcc/lib\libHCCD.a(fat_common.o)
                0x200158b8                fn_createdriver
 .text.fn_initvolume
                0x200159d0      0x12c C:/TEVEL/GivatShmuel/Base-Aug-2019/GlobusSatProject/..//hal/hcc/lib\libHCCD.a(fat_common.o)
                0x200159d0                fn_initvolume
 .text.fn_releasedriver
                0x20015afc       0xf4 C:/TEVEL/GivatShmuel/Base-Aug-2019/GlobusSatProject/..//hal/hcc/lib\libHCCD.a(fat_common.o)
                0x20015afc                fn_releasedriver
 .text.fn_initvolumepartition_sub
                0x20015bf0       0xe0 C:/TEVEL/GivatShmuel/Base-Aug-2019/GlobusSatProject/..//hal/hcc/lib\libHCCD.a(fat_common.o)
 .text.fn_initvolumepartition
                0x20015cd0       0xac C:/TEVEL/GivatShmuel/Base-Aug-2019/GlobusSatProject/..//hal/hcc/lib\libHCCD.a(fat_common.o)
                0x20015cd0                fn_initvolumepartition
 .text.fn_delvolume
                0x20015d7c      0x194 C:/TEVEL/GivatShmuel/Base-Aug-2019/GlobusSatProject/..//hal/hcc/lib\libHCCD.a(fat_common.o)
                0x20015d7c                fn_delvolume
 .text._f_clustertopos
                0x20015f10       0xf8 C:/TEVEL/GivatShmuel/Base-Aug-2019/GlobusSatProject/..//hal/hcc/lib\libHCCD.a(fat_common.o)
                0x20015f10                _f_clustertopos
 .text._f_prepareformat
                0x20016008      0x8b8 C:/TEVEL/GivatShmuel/Base-Aug-2019/GlobusSatProject/..//hal/hcc/lib\libHCCD.a(fat_common.o)
 .text._f_resetfatentries
                0x200168c0      0x410 C:/TEVEL/GivatShmuel/Base-Aug-2019/GlobusSatProject/..//hal/hcc/lib\libHCCD.a(fat_common.o)
 .text._f_resetrootdir
                0x20016cd0       0xcc C:/TEVEL/GivatShmuel/Base-Aug-2019/GlobusSatProject/..//hal/hcc/lib\libHCCD.a(fat_common.o)
 .text._f_postformat
                0x20016d9c      0x178 C:/TEVEL/GivatShmuel/Base-Aug-2019/GlobusSatProject/..//hal/hcc/lib\libHCCD.a(fat_common.o)
 .text.fn_format
                0x20016f14      0x148 C:/TEVEL/GivatShmuel/Base-Aug-2019/GlobusSatProject/..//hal/hcc/lib\libHCCD.a(fat_common.o)
                0x20016f14                fn_format
 .text._f_getcurrsector
                0x2001705c      0x6c8 C:/TEVEL/GivatShmuel/Base-Aug-2019/GlobusSatProject/..//hal/hcc/lib\libHCCD.a(fat_common.o)
                0x2001705c                _f_getcurrsector
 .text._f_getdecluster
                0x20017724       0x90 C:/TEVEL/GivatShmuel/Base-Aug-2019/GlobusSatProject/..//hal/hcc/lib\libHCCD.a(fat_common.o)
                0x20017724                _f_getdecluster
 .text._f_setdecluster
                0x200177b4       0x8c C:/TEVEL/GivatShmuel/Base-Aug-2019/GlobusSatProject/..//hal/hcc/lib\libHCCD.a(fat_common.o)
                0x200177b4                _f_setdecluster
 .text.fn_getdrive
                0x20017840       0x30 C:/TEVEL/GivatShmuel/Base-Aug-2019/GlobusSatProject/..//hal/hcc/lib\libHCCD.a(fat_common.o)
                0x20017840                fn_getdrive
 .text._f_getcurrenttimedate
                0x20017870      0x138 C:/TEVEL/GivatShmuel/Base-Aug-2019/GlobusSatProject/..//hal/hcc/lib\libHCCD.a(fat_common.o)
                0x20017870                _f_getcurrenttimedate
 .text._f_initentry
                0x200179a8       0xa0 C:/TEVEL/GivatShmuel/Base-Aug-2019/GlobusSatProject/..//hal/hcc/lib\libHCCD.a(fat_common.o)
                0x200179a8                _f_initentry
 .text._f_alloccluster
                0x20017a48      0x344 C:/TEVEL/GivatShmuel/Base-Aug-2019/GlobusSatProject/..//hal/hcc/lib\libHCCD.a(fat_common.o)
                0x20017a48                _f_alloccluster
 .text._f_dobadblock
                0x20017d8c      0x2cc C:/TEVEL/GivatShmuel/Base-Aug-2019/GlobusSatProject/..//hal/hcc/lib\libHCCD.a(fat_common.o)
                0x20017d8c                _f_dobadblock
 .text._f_checklocked
                0x20018058       0xe4 C:/TEVEL/GivatShmuel/Base-Aug-2019/GlobusSatProject/..//hal/hcc/lib\libHCCD.a(fat_common.o)
                0x20018058                _f_checklocked
 .text._f_checkappendlocked
                0x2001813c      0x110 C:/TEVEL/GivatShmuel/Base-Aug-2019/GlobusSatProject/..//hal/hcc/lib\libHCCD.a(fat_common.o)
                0x2001813c                _f_checkappendlocked
 .text._f_setsyncafile
                0x2001824c      0x114 C:/TEVEL/GivatShmuel/Base-Aug-2019/GlobusSatProject/..//hal/hcc/lib\libHCCD.a(fat_common.o)
                0x2001824c                _f_setsyncafile
 .text._f_syncfiles
                0x20018360      0x128 C:/TEVEL/GivatShmuel/Base-Aug-2019/GlobusSatProject/..//hal/hcc/lib\libHCCD.a(fat_common.o)
                0x20018360                _f_syncfiles
 .text._f_syncfilescontent
                0x20018488      0x15c C:/TEVEL/GivatShmuel/Base-Aug-2019/GlobusSatProject/..//hal/hcc/lib\libHCCD.a(fat_common.o)
 .text.fn_getfreespace
                0x200185e4      0x4c0 C:/TEVEL/GivatShmuel/Base-Aug-2019/GlobusSatProject/..//hal/hcc/lib\libHCCD.a(fat_common.o)
                0x200185e4                fn_getfreespace
 .text._f_emptywritecache
                0x20018aa4      0x4a4 C:/TEVEL/GivatShmuel/Base-Aug-2019/GlobusSatProject/..//hal/hcc/lib\libHCCD.a(fat_common.o)
 .text._f_allocnextcluster
                0x20018f48      0x54c C:/TEVEL/GivatShmuel/Base-Aug-2019/GlobusSatProject/..//hal/hcc/lib\libHCCD.a(fat_common.o)
 .text._f_emptywritebuffer
                0x20019494      0x20c C:/TEVEL/GivatShmuel/Base-Aug-2019/GlobusSatProject/..//hal/hcc/lib\libHCCD.a(fat_common.o)
 .text._f_writezeros
                0x200196a0       0xf0 C:/TEVEL/GivatShmuel/Base-Aug-2019/GlobusSatProject/..//hal/hcc/lib\libHCCD.a(fat_common.o)
                0x200196a0                _f_writezeros
 .text._f_extend_file
                0x20019790      0x570 C:/TEVEL/GivatShmuel/Base-Aug-2019/GlobusSatProject/..//hal/hcc/lib\libHCCD.a(fat_common.o)
 .text._f_fseek
                0x20019d00      0x9bc C:/TEVEL/GivatShmuel/Base-Aug-2019/GlobusSatProject/..//hal/hcc/lib\libHCCD.a(fat_common.o)
                0x20019d00                _f_fseek
 .text._f_removechain
                0x2001a6bc      0x104 C:/TEVEL/GivatShmuel/Base-Aug-2019/GlobusSatProject/..//hal/hcc/lib\libHCCD.a(fat_common.o)
                0x2001a6bc                _f_removechain
 .text._f_updatefileentry
                0x2001a7c0      0x1cc C:/TEVEL/GivatShmuel/Base-Aug-2019/GlobusSatProject/..//hal/hcc/lib\libHCCD.a(fat_common.o)
 .text._f_checkreadlocked
                0x2001a98c      0x1bc C:/TEVEL/GivatShmuel/Base-Aug-2019/GlobusSatProject/..//hal/hcc/lib\libHCCD.a(fat_common.o)
                0x2001a98c                _f_checkreadlocked
 .text._f_check_handle
                0x2001ab48       0x98 C:/TEVEL/GivatShmuel/Base-Aug-2019/GlobusSatProject/..//hal/hcc/lib\libHCCD.a(fat_common.o)
                0x2001ab48                _f_check_handle
 .text._f_removesyncafile
                0x2001abe0      0x1ec C:/TEVEL/GivatShmuel/Base-Aug-2019/GlobusSatProject/..//hal/hcc/lib\libHCCD.a(fat_common.o)
 .text.fn_close
                0x2001adcc      0x3f8 C:/TEVEL/GivatShmuel/Base-Aug-2019/GlobusSatProject/..//hal/hcc/lib\libHCCD.a(fat_common.o)
                0x2001adcc                fn_close
 .text.fn_flush
                0x2001b1c4      0x374 C:/TEVEL/GivatShmuel/Base-Aug-2019/GlobusSatProject/..//hal/hcc/lib\libHCCD.a(fat_common.o)
                0x2001b1c4                fn_flush
 .text.fn_read  0x2001b538      0x690 C:/TEVEL/GivatShmuel/Base-Aug-2019/GlobusSatProject/..//hal/hcc/lib\libHCCD.a(fat_common.o)
                0x2001b538                fn_read
 .text._f_abortwrite
                0x2001bbc8      0x100 C:/TEVEL/GivatShmuel/Base-Aug-2019/GlobusSatProject/..//hal/hcc/lib\libHCCD.a(fat_common.o)
 .text._f_checkwritecluster
                0x2001bcc8       0xe4 C:/TEVEL/GivatShmuel/Base-Aug-2019/GlobusSatProject/..//hal/hcc/lib\libHCCD.a(fat_common.o)
 .text.fn_write
                0x2001bdac      0x8a8 C:/TEVEL/GivatShmuel/Base-Aug-2019/GlobusSatProject/..//hal/hcc/lib\libHCCD.a(fat_common.o)
                0x2001bdac                fn_write
 .text.fn_seek  0x2001c654      0x270 C:/TEVEL/GivatShmuel/Base-Aug-2019/GlobusSatProject/..//hal/hcc/lib\libHCCD.a(fat_common.o)
                0x2001c654                fn_seek
 .text.f_enterFS
                0x2001c8c4      0x1c0 C:/TEVEL/GivatShmuel/Base-Aug-2019/GlobusSatProject/..//hal/hcc/lib\libHCCD.a(fat_common.o)
                0x2001c8c4                f_enterFS
 .text.fnGetTask
                0x2001ca84       0xfc C:/TEVEL/GivatShmuel/Base-Aug-2019/GlobusSatProject/..//hal/hcc/lib\libHCCD.a(fat_common.o)
                0x2001ca84                fnGetTask
 .text._f_mutex_get
                0x2001cb80       0x98 C:/TEVEL/GivatShmuel/Base-Aug-2019/GlobusSatProject/..//hal/hcc/lib\libHCCD.a(fat_common.o)
                0x2001cb80                _f_mutex_get
 .text._f_mutex_put
                0x2001cc18       0x54 C:/TEVEL/GivatShmuel/Base-Aug-2019/GlobusSatProject/..//hal/hcc/lib\libHCCD.a(fat_common.o)
                0x2001cc18                _f_mutex_put
 .text._fn_initseekdivisor
                0x2001cc6c      0x158 C:/TEVEL/GivatShmuel/Base-Aug-2019/GlobusSatProject/..//hal/hcc/lib\libHCCD.a(fat_common.o)
                0x2001cc6c                _fn_initseekdivisor
 .text._fn_updateseekpos
                0x2001cdc4       0xc4 C:/TEVEL/GivatShmuel/Base-Aug-2019/GlobusSatProject/..//hal/hcc/lib\libHCCD.a(fat_common.o)
 .text._f_findopensize
                0x2001ce88       0x2c C:/TEVEL/GivatShmuel/Base-Aug-2019/GlobusSatProject/..//hal/hcc/lib\libHCCD.a(fat_common.o)
                0x2001ce88                _f_findopensize
 .text.fn_setlasterror
                0x2001ceb4       0x34 C:/TEVEL/GivatShmuel/Base-Aug-2019/GlobusSatProject/..//hal/hcc/lib\libHCCD.a(fat_common.o)
                0x2001ceb4                fn_setlasterror
 .text.fn_setlasterror_noret
                0x2001cee8       0x2c C:/TEVEL/GivatShmuel/Base-Aug-2019/GlobusSatProject/..//hal/hcc/lib\libHCCD.a(fat_common.o)
                0x2001cee8                fn_setlasterror_noret
 .text.fm_initvolume
                0x2001cf14       0x70 C:/TEVEL/GivatShmuel/Base-Aug-2019/GlobusSatProject/..//hal/hcc/lib\libHCCD.a(fat_m.o)
                0x2001cf14                fm_initvolume
 .text.fm_delvolume
                0x2001cf84       0x60 C:/TEVEL/GivatShmuel/Base-Aug-2019/GlobusSatProject/..//hal/hcc/lib\libHCCD.a(fat_m.o)
                0x2001cf84                fm_delvolume
 .text.fm_format
                0x2001cfe4       0x68 C:/TEVEL/GivatShmuel/Base-Aug-2019/GlobusSatProject/..//hal/hcc/lib\libHCCD.a(fat_m.o)
                0x2001cfe4                fm_format
 .text.fm_getdrive
                0x2001d04c       0x70 C:/TEVEL/GivatShmuel/Base-Aug-2019/GlobusSatProject/..//hal/hcc/lib\libHCCD.a(fat_m.o)
                0x2001d04c                fm_getdrive
 .text.fm_getfreespace
                0x2001d0bc       0x68 C:/TEVEL/GivatShmuel/Base-Aug-2019/GlobusSatProject/..//hal/hcc/lib\libHCCD.a(fat_m.o)
                0x2001d0bc                fm_getfreespace
 .text.fm_mkdir
                0x2001d124       0x60 C:/TEVEL/GivatShmuel/Base-Aug-2019/GlobusSatProject/..//hal/hcc/lib\libHCCD.a(fat_m.o)
                0x2001d124                fm_mkdir
 .text.fm_rename
                0x2001d184       0x68 C:/TEVEL/GivatShmuel/Base-Aug-2019/GlobusSatProject/..//hal/hcc/lib\libHCCD.a(fat_m.o)
                0x2001d184                fm_rename
 .text.fm_filelength
                0x2001d1ec       0x60 C:/TEVEL/GivatShmuel/Base-Aug-2019/GlobusSatProject/..//hal/hcc/lib\libHCCD.a(fat_m.o)
                0x2001d1ec                fm_filelength
 .text.fm_close
                0x2001d24c       0x60 C:/TEVEL/GivatShmuel/Base-Aug-2019/GlobusSatProject/..//hal/hcc/lib\libHCCD.a(fat_m.o)
                0x2001d24c                fm_close
 .text.fm_flush
                0x2001d2ac       0x60 C:/TEVEL/GivatShmuel/Base-Aug-2019/GlobusSatProject/..//hal/hcc/lib\libHCCD.a(fat_m.o)
                0x2001d2ac                fm_flush
 .text.fm_open  0x2001d30c       0x68 C:/TEVEL/GivatShmuel/Base-Aug-2019/GlobusSatProject/..//hal/hcc/lib\libHCCD.a(fat_m.o)
                0x2001d30c                fm_open
 .text.fm_read  0x2001d374       0x7c C:/TEVEL/GivatShmuel/Base-Aug-2019/GlobusSatProject/..//hal/hcc/lib\libHCCD.a(fat_m.o)
                0x2001d374                fm_read
 .text.fm_write
                0x2001d3f0       0x7c C:/TEVEL/GivatShmuel/Base-Aug-2019/GlobusSatProject/..//hal/hcc/lib\libHCCD.a(fat_m.o)
                0x2001d3f0                fm_write
 .text.fm_seek  0x2001d46c       0x70 C:/TEVEL/GivatShmuel/Base-Aug-2019/GlobusSatProject/..//hal/hcc/lib\libHCCD.a(fat_m.o)
                0x2001d46c                fm_seek
 .text.fm_delete
                0x2001d4dc       0x64 C:/TEVEL/GivatShmuel/Base-Aug-2019/GlobusSatProject/..//hal/hcc/lib\libHCCD.a(fat_m.o)
                0x2001d4dc                fm_delete
 .text.fm_getlasterror
                0x2001d540       0x40 C:/TEVEL/GivatShmuel/Base-Aug-2019/GlobusSatProject/..//hal/hcc/lib\libHCCD.a(fat_m.o)
                0x2001d540                fm_getlasterror
 .text._s_checkzeroclusteratend
                0x2001d580       0xf8 C:/TEVEL/GivatShmuel/Base-Aug-2019/GlobusSatProject/..//hal/hcc/lib\libHCCD.a(safefat.o)
 .text._s_clearclustercontent
                0x2001d678      0x108 C:/TEVEL/GivatShmuel/Base-Aug-2019/GlobusSatProject/..//hal/hcc/lib\libHCCD.a(safefat.o)
 .text._s_clearclustercontentdir
                0x2001d780      0x19c C:/TEVEL/GivatShmuel/Base-Aug-2019/GlobusSatProject/..//hal/hcc/lib\libHCCD.a(safefat.o)
 .text._s_writedirsector
                0x2001d91c       0xd0 C:/TEVEL/GivatShmuel/Base-Aug-2019/GlobusSatProject/..//hal/hcc/lib\libHCCD.a(safefat.o)
 .text._s_getdirsector
                0x2001d9ec      0x100 C:/TEVEL/GivatShmuel/Base-Aug-2019/GlobusSatProject/..//hal/hcc/lib\libHCCD.a(safefat.o)
 .text._s_addentry
                0x2001daec      0x394 C:/TEVEL/GivatShmuel/Base-Aug-2019/GlobusSatProject/..//hal/hcc/lib\libHCCD.a(safefat.o)
 .text._s_findfile
                0x2001de80      0x33c C:/TEVEL/GivatShmuel/Base-Aug-2019/GlobusSatProject/..//hal/hcc/lib\libHCCD.a(safefat.o)
 .text._s_findsubdir
                0x2001e1bc      0x248 C:/TEVEL/GivatShmuel/Base-Aug-2019/GlobusSatProject/..//hal/hcc/lib\libHCCD.a(safefat.o)
 .text._s_createfile
                0x2001e404      0x190 C:/TEVEL/GivatShmuel/Base-Aug-2019/GlobusSatProject/..//hal/hcc/lib\libHCCD.a(safefat.o)
 .text._s_findsaffile
                0x2001e594      0x1b8 C:/TEVEL/GivatShmuel/Base-Aug-2019/GlobusSatProject/..//hal/hcc/lib\libHCCD.a(safefat.o)
 .text._s_open  0x2001e74c       0xe4 C:/TEVEL/GivatShmuel/Base-Aug-2019/GlobusSatProject/..//hal/hcc/lib\libHCCD.a(safefat.o)
 .text._s_open_saf
                0x2001e830       0xe8 C:/TEVEL/GivatShmuel/Base-Aug-2019/GlobusSatProject/..//hal/hcc/lib\libHCCD.a(safefat.o)
 .text._s_flush
                0x2001e918       0x84 C:/TEVEL/GivatShmuel/Base-Aug-2019/GlobusSatProject/..//hal/hcc/lib\libHCCD.a(safefat.o)
 .text._s_allocnextcluster
                0x2001e99c      0x13c C:/TEVEL/GivatShmuel/Base-Aug-2019/GlobusSatProject/..//hal/hcc/lib\libHCCD.a(safefat.o)
 .text._s_getnextsector
                0x2001ead8       0xdc C:/TEVEL/GivatShmuel/Base-Aug-2019/GlobusSatProject/..//hal/hcc/lib\libHCCD.a(safefat.o)
 .text._s_seek  0x2001ebb4      0x1e8 C:/TEVEL/GivatShmuel/Base-Aug-2019/GlobusSatProject/..//hal/hcc/lib\libHCCD.a(safefat.o)
 .text._s_get_len
                0x2001ed9c      0x10c C:/TEVEL/GivatShmuel/Base-Aug-2019/GlobusSatProject/..//hal/hcc/lib\libHCCD.a(safefat.o)
 .text._s_set_len
                0x2001eea8       0xb4 C:/TEVEL/GivatShmuel/Base-Aug-2019/GlobusSatProject/..//hal/hcc/lib\libHCCD.a(safefat.o)
 .text.safe_fix_filelengths
                0x2001ef5c       0xcc C:/TEVEL/GivatShmuel/Base-Aug-2019/GlobusSatProject/..//hal/hcc/lib\libHCCD.a(safefat.o)
                0x2001ef5c                safe_fix_filelengths
 .text._s_read  0x2001f028      0x228 C:/TEVEL/GivatShmuel/Base-Aug-2019/GlobusSatProject/..//hal/hcc/lib\libHCCD.a(safefat.o)
 .text._s_write
                0x2001f250      0x384 C:/TEVEL/GivatShmuel/Base-Aug-2019/GlobusSatProject/..//hal/hcc/lib\libHCCD.a(safefat.o)
 .text._s_restoreclusters
                0x2001f5d4      0x270 C:/TEVEL/GivatShmuel/Base-Aug-2019/GlobusSatProject/..//hal/hcc/lib\libHCCD.a(safefat.o)
                0x2001f5d4                _s_restoreclusters
 .text._s_findrestore
                0x2001f844      0x18c C:/TEVEL/GivatShmuel/Base-Aug-2019/GlobusSatProject/..//hal/hcc/lib\libHCCD.a(safefat.o)
 .text._s_cmd_writede
                0x2001f9d0       0xd8 C:/TEVEL/GivatShmuel/Base-Aug-2019/GlobusSatProject/..//hal/hcc/lib\libHCCD.a(safefat.o)
 .text._s_cmd_setcluster
                0x2001faa8       0x88 C:/TEVEL/GivatShmuel/Base-Aug-2019/GlobusSatProject/..//hal/hcc/lib\libHCCD.a(safefat.o)
 .text._s_cmd_deletechain
                0x2001fb30      0x100 C:/TEVEL/GivatShmuel/Base-Aug-2019/GlobusSatProject/..//hal/hcc/lib\libHCCD.a(safefat.o)
 .text._s_cmd_validatecfn
                0x2001fc30      0x308 C:/TEVEL/GivatShmuel/Base-Aug-2019/GlobusSatProject/..//hal/hcc/lib\libHCCD.a(safefat.o)
 .text._s_cmd_seteof
                0x2001ff38      0x3c4 C:/TEVEL/GivatShmuel/Base-Aug-2019/GlobusSatProject/..//hal/hcc/lib\libHCCD.a(safefat.o)
 .text.safe_docommands
                0x200202fc      0x56c C:/TEVEL/GivatShmuel/Base-Aug-2019/GlobusSatProject/..//hal/hcc/lib\libHCCD.a(safefat.o)
                0x200202fc                safe_docommands
 .text.safe_entercommand
                0x20020868       0x68 C:/TEVEL/GivatShmuel/Base-Aug-2019/GlobusSatProject/..//hal/hcc/lib\libHCCD.a(safefat.o)
                0x20020868                safe_entercommand
 .text.safe_ready
                0x200208d0       0xf4 C:/TEVEL/GivatShmuel/Base-Aug-2019/GlobusSatProject/..//hal/hcc/lib\libHCCD.a(safefat.o)
                0x200208d0                safe_ready
 .text.safe_copycfn
                0x200209c4       0xb8 C:/TEVEL/GivatShmuel/Base-Aug-2019/GlobusSatProject/..//hal/hcc/lib\libHCCD.a(safefat.o)
                0x200209c4                safe_copycfn
 .text.safe_cfremove
                0x20020a7c       0xb8 C:/TEVEL/GivatShmuel/Base-Aug-2019/GlobusSatProject/..//hal/hcc/lib\libHCCD.a(safefat.o)
                0x20020a7c                safe_cfremove
 .text.safe_writede
                0x20020b34      0x104 C:/TEVEL/GivatShmuel/Base-Aug-2019/GlobusSatProject/..//hal/hcc/lib\libHCCD.a(safefat.o)
                0x20020b34                safe_writede
 .text.safe_setcluster
                0x20020c38       0xcc C:/TEVEL/GivatShmuel/Base-Aug-2019/GlobusSatProject/..//hal/hcc/lib\libHCCD.a(safefat.o)
                0x20020c38                safe_setcluster
 .text.safe_deletechain
                0x20020d04      0x1c8 C:/TEVEL/GivatShmuel/Base-Aug-2019/GlobusSatProject/..//hal/hcc/lib\libHCCD.a(safefat.o)
                0x20020d04                safe_deletechain
 .text.safe_cfclose
                0x20020ecc      0x104 C:/TEVEL/GivatShmuel/Base-Aug-2019/GlobusSatProject/..//hal/hcc/lib\libHCCD.a(safefat.o)
                0x20020ecc                safe_cfclose
 .text.safe_cfflush
                0x20020fd0      0x124 C:/TEVEL/GivatShmuel/Base-Aug-2019/GlobusSatProject/..//hal/hcc/lib\libHCCD.a(safefat.o)
                0x20020fd0                safe_cfflush
 .text.safe_reset
                0x200210f4       0x78 C:/TEVEL/GivatShmuel/Base-Aug-2019/GlobusSatProject/..//hal/hcc/lib\libHCCD.a(safefat.o)
                0x200210f4                safe_reset
 .text.safe_loadcommands
                0x2002116c       0x78 C:/TEVEL/GivatShmuel/Base-Aug-2019/GlobusSatProject/..//hal/hcc/lib\libHCCD.a(safefat.o)
                0x2002116c                safe_loadcommands
 .text.safe_poweron
                0x200211e4      0x1fc C:/TEVEL/GivatShmuel/Base-Aug-2019/GlobusSatProject/..//hal/hcc/lib\libHCCD.a(safefat.o)
                0x200211e4                safe_poweron
 .text.cf_getname
                0x200213e0       0xc0 C:/TEVEL/GivatShmuel/Base-Aug-2019/GlobusSatProject/..//hal/hcc/lib\libHCCD.a(safefat.o)
 .text.cf_copyclusterchain
                0x200214a0      0x138 C:/TEVEL/GivatShmuel/Base-Aug-2019/GlobusSatProject/..//hal/hcc/lib\libHCCD.a(safefat.o)
 .text.cf_seektozero
                0x200215d8       0x94 C:/TEVEL/GivatShmuel/Base-Aug-2019/GlobusSatProject/..//hal/hcc/lib\libHCCD.a(safefat.o)
                0x200215d8                cf_seektozero
 .text.cf_create
                0x2002166c      0x3a8 C:/TEVEL/GivatShmuel/Base-Aug-2019/GlobusSatProject/..//hal/hcc/lib\libHCCD.a(safefat.o)
                0x2002166c                cf_create
 .text.cf_copyclustercontent
                0x20021a14      0x128 C:/TEVEL/GivatShmuel/Base-Aug-2019/GlobusSatProject/..//hal/hcc/lib\libHCCD.a(safefat.o)
                0x20021a14                cf_copyclustercontent
 .text.cf_copycfn
                0x20021b3c      0x4bc C:/TEVEL/GivatShmuel/Base-Aug-2019/GlobusSatProject/..//hal/hcc/lib\libHCCD.a(safefat.o)
                0x20021b3c                cf_copycfn
 .text.cf_remove
                0x20021ff8      0x344 C:/TEVEL/GivatShmuel/Base-Aug-2019/GlobusSatProject/..//hal/hcc/lib\libHCCD.a(safefat.o)
                0x20021ff8                cf_remove
 .text.cf_setclusternew
                0x2002233c       0xf0 C:/TEVEL/GivatShmuel/Base-Aug-2019/GlobusSatProject/..//hal/hcc/lib\libHCCD.a(safefat.o)
                0x2002233c                cf_setclusternew
 .text.cf_flush
                0x2002242c       0x58 C:/TEVEL/GivatShmuel/Base-Aug-2019/GlobusSatProject/..//hal/hcc/lib\libHCCD.a(safefat.o)
                0x2002242c                cf_flush
 .text.cf_getcluster
                0x20022484      0x1b4 C:/TEVEL/GivatShmuel/Base-Aug-2019/GlobusSatProject/..//hal/hcc/lib\libHCCD.a(safefat.o)
                0x20022484                cf_getcluster
 .text.cf_setnextcluster
                0x20022638      0x194 C:/TEVEL/GivatShmuel/Base-Aug-2019/GlobusSatProject/..//hal/hcc/lib\libHCCD.a(safefat.o)
                0x20022638                cf_setnextcluster
 .text.cf_getpositions
                0x200227cc       0xbc C:/TEVEL/GivatShmuel/Base-Aug-2019/GlobusSatProject/..//hal/hcc/lib\libHCCD.a(safefat.o)
                0x200227cc                cf_getpositions
 .text.cf_setpositions
                0x20022888       0xb0 C:/TEVEL/GivatShmuel/Base-Aug-2019/GlobusSatProject/..//hal/hcc/lib\libHCCD.a(safefat.o)
                0x20022888                cf_setpositions
 .text.cf_opensyncafile
                0x20022938      0x150 C:/TEVEL/GivatShmuel/Base-Aug-2019/GlobusSatProject/..//hal/hcc/lib\libHCCD.a(safefat.o)
                0x20022938                cf_opensyncafile
 .text.cf_reloadcfo
                0x20022a88       0xd8 C:/TEVEL/GivatShmuel/Base-Aug-2019/GlobusSatProject/..//hal/hcc/lib\libHCCD.a(safefat.o)
                0x20022a88                cf_reloadcfo
 .text.mcipdc_cmd
                0x20022b60      0x22c C:/TEVEL/GivatShmuel/Base-Aug-2019/GlobusSatProject/..//hal/hcc/lib\libHCCD.a(atmel_mcipdc.o)
 .text.mcipdc_stop
                0x20022d8c       0xfc C:/TEVEL/GivatShmuel/Base-Aug-2019/GlobusSatProject/..//hal/hcc/lib\libHCCD.a(atmel_mcipdc.o)
                0x20022d8c                mcipdc_stop
 .text.mcipdc_read
                0x20022e88      0x27c C:/TEVEL/GivatShmuel/Base-Aug-2019/GlobusSatProject/..//hal/hcc/lib\libHCCD.a(atmel_mcipdc.o)
 .text.mcipdc_write
                0x20023104      0x298 C:/TEVEL/GivatShmuel/Base-Aug-2019/GlobusSatProject/..//hal/hcc/lib\libHCCD.a(atmel_mcipdc.o)
 .text.mcipdc_readsector
                0x2002339c       0x9c C:/TEVEL/GivatShmuel/Base-Aug-2019/GlobusSatProject/..//hal/hcc/lib\libHCCD.a(atmel_mcipdc.o)
                0x2002339c                mcipdc_readsector
 .text.mcipdc_readmultiplesector
                0x20023438      0x124 C:/TEVEL/GivatShmuel/Base-Aug-2019/GlobusSatProject/..//hal/hcc/lib\libHCCD.a(atmel_mcipdc.o)
                0x20023438                mcipdc_readmultiplesector
 .text.mcipdc_writesector
                0x2002355c       0x90 C:/TEVEL/GivatShmuel/Base-Aug-2019/GlobusSatProject/..//hal/hcc/lib\libHCCD.a(atmel_mcipdc.o)
                0x2002355c                mcipdc_writesector
 .text.mcipdc_writemultiplesector
                0x200235ec      0x120 C:/TEVEL/GivatShmuel/Base-Aug-2019/GlobusSatProject/..//hal/hcc/lib\libHCCD.a(atmel_mcipdc.o)
                0x200235ec                mcipdc_writemultiplesector
 .text.mcipdc_set_speed
                0x2002370c       0xb0 C:/TEVEL/GivatShmuel/Base-Aug-2019/GlobusSatProject/..//hal/hcc/lib\libHCCD.a(atmel_mcipdc.o)
 .text.mcipdc_get_speed
                0x200237bc       0x48 C:/TEVEL/GivatShmuel/Base-Aug-2019/GlobusSatProject/..//hal/hcc/lib\libHCCD.a(atmel_mcipdc.o)
 .text._get_csd_bits
                0x20023804      0x14c C:/TEVEL/GivatShmuel/Base-Aug-2019/GlobusSatProject/..//hal/hcc/lib\libHCCD.a(atmel_mcipdc.o)
 .text.mcipdc_initcard
                0x20023950      0x8f4 C:/TEVEL/GivatShmuel/Base-Aug-2019/GlobusSatProject/..//hal/hcc/lib\libHCCD.a(atmel_mcipdc.o)
 .text.mcipdc_getstatus
                0x20024244       0xe8 C:/TEVEL/GivatShmuel/Base-Aug-2019/GlobusSatProject/..//hal/hcc/lib\libHCCD.a(atmel_mcipdc.o)
 .text.mcipdc_getphy
                0x2002432c       0x90 C:/TEVEL/GivatShmuel/Base-Aug-2019/GlobusSatProject/..//hal/hcc/lib\libHCCD.a(atmel_mcipdc.o)
 .text.mcipdc_release
                0x200243bc       0x50 C:/TEVEL/GivatShmuel/Base-Aug-2019/GlobusSatProject/..//hal/hcc/lib\libHCCD.a(atmel_mcipdc.o)
 .text.atmel_mcipdc_initfunc
                0x2002440c      0x160 C:/TEVEL/GivatShmuel/Base-Aug-2019/GlobusSatProject/..//hal/hcc/lib\libHCCD.a(atmel_mcipdc.o)
                0x2002440c                atmel_mcipdc_initfunc
 .text.oal_mutex_create
                0x2002456c       0x54 C:/TEVEL/GivatShmuel/Base-Aug-2019/GlobusSatProject/..//hal/hcc/lib\libHCCD.a(oalp_mutex.o)
                0x2002456c                oal_mutex_create
 .text.oal_mutex_delete
                0x200245c0       0x30 C:/TEVEL/GivatShmuel/Base-Aug-2019/GlobusSatProject/..//hal/hcc/lib\libHCCD.a(oalp_mutex.o)
                0x200245c0                oal_mutex_delete
 .text.oal_mutex_get
                0x200245f0       0x58 C:/TEVEL/GivatShmuel/Base-Aug-2019/GlobusSatProject/..//hal/hcc/lib\libHCCD.a(oalp_mutex.o)
                0x200245f0                oal_mutex_get
 .text.oal_mutex_put
                0x20024648       0x58 C:/TEVEL/GivatShmuel/Base-Aug-2019/GlobusSatProject/..//hal/hcc/lib\libHCCD.a(oalp_mutex.o)
                0x20024648                oal_mutex_put
 .text.oal_task_get_id
                0x200246a0       0x18 C:/TEVEL/GivatShmuel/Base-Aug-2019/GlobusSatProject/..//hal/hcc/lib\libHCCD.a(oalp_task.o)
                0x200246a0                oal_task_get_id
 .text.mcipdc_hw_init
                0x200246b8       0xe8 C:/TEVEL/GivatShmuel/Base-Aug-2019/GlobusSatProject/..//hal/hcc/lib\libHCCD.a(atmel_mcipdc_hw.o)
                0x200246b8                mcipdc_hw_init
 .text.mcipdc_hw_delete
                0x200247a0       0x78 C:/TEVEL/GivatShmuel/Base-Aug-2019/GlobusSatProject/..//hal/hcc/lib\libHCCD.a(atmel_mcipdc_hw.o)
                0x200247a0                mcipdc_hw_delete
 .text.mcipdc_hw_card_plugged
                0x20024818       0x1c C:/TEVEL/GivatShmuel/Base-Aug-2019/GlobusSatProject/..//hal/hcc/lib\libHCCD.a(atmel_mcipdc_hw.o)
                0x20024818                mcipdc_hw_card_plugged
 .text.mcipdc_hw_card_writeprotect
                0x20024834       0x1c C:/TEVEL/GivatShmuel/Base-Aug-2019/GlobusSatProject/..//hal/hcc/lib\libHCCD.a(atmel_mcipdc_hw.o)
                0x20024834                mcipdc_hw_card_writeprotect
 .text.psp_getrand
                0x20024850      0x14c C:/TEVEL/GivatShmuel/Base-Aug-2019/GlobusSatProject/..//hal/hcc/lib\libHCCD.a(psp_rand.o)
                0x20024850                psp_getrand
 .text.psp_getcurrenttimedate
                0x2002499c       0x8c C:/TEVEL/GivatShmuel/Base-Aug-2019/GlobusSatProject/..//hal/hcc/lib\libHCCD.a(psp_rtc.o)
                0x2002499c                psp_getcurrenttimedate
 .text._hcc_get_buf_dsc
                0x20024a28       0x8c C:/TEVEL/GivatShmuel/Base-Aug-2019/GlobusSatProject/..//hal/hcc/lib\libHCCD.a(hcc_mem.o)
 .text._hcc_check_free_pages
                0x20024ab4      0x18c C:/TEVEL/GivatShmuel/Base-Aug-2019/GlobusSatProject/..//hal/hcc/lib\libHCCD.a(hcc_mem.o)
 .text._hcc_mark_pages
                0x20024c40      0x158 C:/TEVEL/GivatShmuel/Base-Aug-2019/GlobusSatProject/..//hal/hcc/lib\libHCCD.a(hcc_mem.o)
 .text._hcc_clear_lock_dsc
                0x20024d98       0x80 C:/TEVEL/GivatShmuel/Base-Aug-2019/GlobusSatProject/..//hal/hcc/lib\libHCCD.a(hcc_mem.o)
 .text._hcc_lock_access
                0x20024e18      0x128 C:/TEVEL/GivatShmuel/Base-Aug-2019/GlobusSatProject/..//hal/hcc/lib\libHCCD.a(hcc_mem.o)
 .text._hcc_unlock_access
                0x20024f40       0x30 C:/TEVEL/GivatShmuel/Base-Aug-2019/GlobusSatProject/..//hal/hcc/lib\libHCCD.a(hcc_mem.o)
 .text.hcc_mem_alloc
                0x20024f70      0x454 C:/TEVEL/GivatShmuel/Base-Aug-2019/GlobusSatProject/..//hal/hcc/lib\libHCCD.a(hcc_mem.o)
                0x20024f70                hcc_mem_alloc
 .text.hcc_mem_free
                0x200253c4      0x178 C:/TEVEL/GivatShmuel/Base-Aug-2019/GlobusSatProject/..//hal/hcc/lib\libHCCD.a(hcc_mem.o)
                0x200253c4                hcc_mem_free
 .text.hcc_mem_add
                0x2002553c      0x3b0 C:/TEVEL/GivatShmuel/Base-Aug-2019/GlobusSatProject/..//hal/hcc/lib\libHCCD.a(hcc_mem.o)
                0x2002553c                hcc_mem_add
 .text.hcc_mem_init
                0x200258ec      0x164 C:/TEVEL/GivatShmuel/Base-Aug-2019/GlobusSatProject/..//hal/hcc/lib\libHCCD.a(hcc_mem.o)
                0x200258ec                hcc_mem_init
 .text.hcc_mem_delete
                0x20025a50       0x94 C:/TEVEL/GivatShmuel/Base-Aug-2019/GlobusSatProject/..//hal/hcc/lib\libHCCD.a(hcc_mem.o)
                0x20025a50                hcc_mem_delete
 .text._f_invalidatedir
                0x20025ae4       0x28 C:/TEVEL/GivatShmuel/Base-Aug-2019/GlobusSatProject/..//hal/hcc/lib\libHCCD.a(fat.o)
                0x20025ae4                _f_invalidatedir
 .text._f_getdirsector
                0x20025b0c       0x88 C:/TEVEL/GivatShmuel/Base-Aug-2019/GlobusSatProject/..//hal/hcc/lib\libHCCD.a(fat.o)
                0x20025b0c                _f_getdirsector
 .text._f_writedirsector
                0x20025b94       0x74 C:/TEVEL/GivatShmuel/Base-Aug-2019/GlobusSatProject/..//hal/hcc/lib\libHCCD.a(fat.o)
                0x20025b94                _f_writedirsector
 .text._f_checknameinv
                0x20025c08      0x180 C:/TEVEL/GivatShmuel/Base-Aug-2019/GlobusSatProject/..//hal/hcc/lib\libHCCD.a(fat.o)
 .text._f_checkname
                0x20025d88       0x7c C:/TEVEL/GivatShmuel/Base-Aug-2019/GlobusSatProject/..//hal/hcc/lib\libHCCD.a(fat.o)
 .text._f_checknamewc
                0x20025e04       0xf8 C:/TEVEL/GivatShmuel/Base-Aug-2019/GlobusSatProject/..//hal/hcc/lib\libHCCD.a(fat.o)
 .text._f_setnameext
                0x20025efc      0x300 C:/TEVEL/GivatShmuel/Base-Aug-2019/GlobusSatProject/..//hal/hcc/lib\libHCCD.a(fat.o)
 .text._f_setfsname
                0x200261fc      0x584 C:/TEVEL/GivatShmuel/Base-Aug-2019/GlobusSatProject/..//hal/hcc/lib\libHCCD.a(fat.o)
 .text._f_findfile
                0x20026780      0x30c C:/TEVEL/GivatShmuel/Base-Aug-2019/GlobusSatProject/..//hal/hcc/lib\libHCCD.a(fat.o)
 .text._f_findpath
                0x20026a8c      0x35c C:/TEVEL/GivatShmuel/Base-Aug-2019/GlobusSatProject/..//hal/hcc/lib\libHCCD.a(fat.o)
 .text.fn_getdcwd
                0x20026de8      0x1e0 C:/TEVEL/GivatShmuel/Base-Aug-2019/GlobusSatProject/..//hal/hcc/lib\libHCCD.a(fat.o)
                0x20026de8                fn_getdcwd
 .text.fn_move  0x20026fc8      0xad0 C:/TEVEL/GivatShmuel/Base-Aug-2019/GlobusSatProject/..//hal/hcc/lib\libHCCD.a(fat.o)
                0x20026fc8                fn_move
 .text.fn_rename
                0x20027a98      0x214 C:/TEVEL/GivatShmuel/Base-Aug-2019/GlobusSatProject/..//hal/hcc/lib\libHCCD.a(fat.o)
                0x20027a98                fn_rename
 .text._f_lock_resfile
                0x20027cac       0x6c C:/TEVEL/GivatShmuel/Base-Aug-2019/GlobusSatProject/..//hal/hcc/lib\libHCCD.a(fat.o)
 .text._f_unlock_resfile
                0x20027d18       0x40 C:/TEVEL/GivatShmuel/Base-Aug-2019/GlobusSatProject/..//hal/hcc/lib\libHCCD.a(fat.o)
 .text._f_getintfile
                0x20027d58      0x124 C:/TEVEL/GivatShmuel/Base-Aug-2019/GlobusSatProject/..//hal/hcc/lib\libHCCD.a(fat.o)
 .text._f_addentry
                0x20027e7c      0x540 C:/TEVEL/GivatShmuel/Base-Aug-2019/GlobusSatProject/..//hal/hcc/lib\libHCCD.a(fat.o)
 .text.fn_mkdir
                0x200283bc      0x75c C:/TEVEL/GivatShmuel/Base-Aug-2019/GlobusSatProject/..//hal/hcc/lib\libHCCD.a(fat.o)
                0x200283bc                fn_mkdir
 .text.fn_filelength
                0x20028b18      0x1cc C:/TEVEL/GivatShmuel/Base-Aug-2019/GlobusSatProject/..//hal/hcc/lib\libHCCD.a(fat.o)
                0x20028b18                fn_filelength
 .text.fn_open_sub
                0x20028ce4     0x1698 C:/TEVEL/GivatShmuel/Base-Aug-2019/GlobusSatProject/..//hal/hcc/lib\libHCCD.a(fat.o)
 .text.fn_open  0x2002a37c       0x44 C:/TEVEL/GivatShmuel/Base-Aug-2019/GlobusSatProject/..//hal/hcc/lib\libHCCD.a(fat.o)
                0x2002a37c                fn_open
 .text.fn_delete
                0x2002a3c0      0x490 C:/TEVEL/GivatShmuel/Base-Aug-2019/GlobusSatProject/..//hal/hcc/lib\libHCCD.a(fat.o)
                0x2002a3c0                fn_delete
 .text.hcc_mem_buf_alloc
                0x2002a850       0xe4 C:/TEVEL/GivatShmuel/Base-Aug-2019/GlobusSatProject/..//hal/hcc/lib\libHCCD.a(psp_hcc_mem.o)
                0x2002a850                hcc_mem_buf_alloc
 .text.hcc_mem_buf_free
                0x2002a934       0x6c C:/TEVEL/GivatShmuel/Base-Aug-2019/GlobusSatProject/..//hal/hcc/lib\libHCCD.a(psp_hcc_mem.o)
                0x2002a934                hcc_mem_buf_free
 .text.makeAntStransfer
                0x2002a9a0       0x4c C:/TEVEL/GivatShmuel/Base-Aug-2019/GlobusSatProject/..//satellite-subsystems/satellite-subsystems/lib\libSatelliteSubsystemsD.a(IsisAntS.o)
 .text.checkInputsValid
                0x2002a9ec       0x7c C:/TEVEL/GivatShmuel/Base-Aug-2019/GlobusSatProject/..//satellite-subsystems/satellite-subsystems/lib\libSatelliteSubsystemsD.a(IsisAntS.o)