Archive member included because of file (symbol)

c:/isis/application/toolchain/bin/../lib/gcc/arm-none-eabi/4.7.4/../../../../arm-none-eabi/lib\libc_s.a(lib_a-vfprintf_float.o)
                              (_printf_float)
c:/isis/application/toolchain/bin/../lib/gcc/arm-none-eabi/4.7.4/../../../../arm-none-eabi/lib\libc_s.a(lib_a-vfprintf_i.o)
                              c:/isis/application/toolchain/bin/../lib/gcc/arm-none-eabi/4.7.4/../../../../arm-none-eabi/lib\libc_s.a(lib_a-vfprintf_float.o) (_printf_common)
c:/isis/application/toolchain/bin/../lib/gcc/arm-none-eabi/4.7.4/../../../../arm-none-eabi/lib\libc_s.a(lib_a-vfscanf_float.o)
                              (_scanf_float)
c:/isis/application/toolchain/bin/../lib/gcc/arm-none-eabi/4.7.4/../../../../arm-none-eabi/lib\libc_s.a(lib_a-dtoa.o)
                              c:/isis/application/toolchain/bin/../lib/gcc/arm-none-eabi/4.7.4/../../../../arm-none-eabi/lib\libc_s.a(lib_a-vfprintf_float.o) (_dtoa_r)
c:/isis/application/toolchain/bin/../lib/gcc/arm-none-eabi/4.7.4/../../../../arm-none-eabi/lib\libc_s.a(lib_a-locale.o)
                              c:/isis/application/toolchain/bin/../lib/gcc/arm-none-eabi/4.7.4/../../../../arm-none-eabi/lib\libc_s.a(lib_a-vfprintf_float.o) (_localeconv_r)
c:/isis/application/toolchain/bin/../lib/gcc/arm-none-eabi/4.7.4/../../../../arm-none-eabi/lib\libc_s.a(lib_a-malloc.o)
                              c:/isis/application/toolchain/bin/../lib/gcc/arm-none-eabi/4.7.4/../../../../arm-none-eabi/lib\libc_s.a(lib_a-dtoa.o) (malloc)
c:/isis/application/toolchain/bin/../lib/gcc/arm-none-eabi/4.7.4/../../../../arm-none-eabi/lib\libc_s.a(lib_a-mallocr.o)
                              c:/isis/application/toolchain/bin/../lib/gcc/arm-none-eabi/4.7.4/../../../../arm-none-eabi/lib\libc_s.a(lib_a-malloc.o) (_malloc_r)
c:/isis/application/toolchain/bin/../lib/gcc/arm-none-eabi/4.7.4/../../../../arm-none-eabi/lib\libc_s.a(lib_a-memcpy.o)
                              c:/isis/application/toolchain/bin/../lib/gcc/arm-none-eabi/4.7.4/../../../../arm-none-eabi/lib\libc_s.a(lib_a-dtoa.o) (memcpy)
c:/isis/application/toolchain/bin/../lib/gcc/arm-none-eabi/4.7.4/../../../../arm-none-eabi/lib\libc_s.a(lib_a-mprec.o)
                              c:/isis/application/toolchain/bin/../lib/gcc/arm-none-eabi/4.7.4/../../../../arm-none-eabi/lib\libc_s.a(lib_a-dtoa.o) (_Balloc)
c:/isis/application/toolchain/bin/../lib/gcc/arm-none-eabi/4.7.4/../../../../arm-none-eabi/lib\libc_s.a(lib_a-s_fpclassify.o)
                              c:/isis/application/toolchain/bin/../lib/gcc/arm-none-eabi/4.7.4/../../../../arm-none-eabi/lib\libc_s.a(lib_a-vfprintf_float.o) (__fpclassifyd)
c:/isis/application/toolchain/bin/../lib/gcc/arm-none-eabi/4.7.4/../../../../arm-none-eabi/lib\libc_s.a(lib_a-sbrkr.o)
                              c:/isis/application/toolchain/bin/../lib/gcc/arm-none-eabi/4.7.4/../../../../arm-none-eabi/lib\libc_s.a(lib_a-mallocr.o) (_sbrk_r)
c:/isis/application/toolchain/bin/../lib/gcc/arm-none-eabi/4.7.4/../../../../arm-none-eabi/lib\libc_s.a(lib_a-sf_nan.o)
                              c:/isis/application/toolchain/bin/../lib/gcc/arm-none-eabi/4.7.4/../../../../arm-none-eabi/lib\libc_s.a(lib_a-vfscanf_float.o) (nanf)
c:/isis/application/toolchain/bin/../lib/gcc/arm-none-eabi/4.7.4/../../../../arm-none-eabi/lib\libc_s.a(lib_a-sprintf.o)
                              c:/isis/application/toolchain/bin/../lib/gcc/arm-none-eabi/4.7.4/../../../../arm-none-eabi/lib\libc_s.a(lib_a-vfscanf_float.o) (sprintf)
c:/isis/application/toolchain/bin/../lib/gcc/arm-none-eabi/4.7.4/../../../../arm-none-eabi/lib\libc_s.a(lib_a-strcmp.o)
                              c:/isis/application/toolchain/bin/../lib/gcc/arm-none-eabi/4.7.4/../../../../arm-none-eabi/lib\libc_s.a(lib_a-locale.o) (strcmp)
c:/isis/application/toolchain/bin/../lib/gcc/arm-none-eabi/4.7.4/../../../../arm-none-eabi/lib\libc_s.a(lib_a-strlen.o)
                              c:/isis/application/toolchain/bin/../lib/gcc/arm-none-eabi/4.7.4/../../../../arm-none-eabi/lib\libc_s.a(lib_a-vfprintf_float.o) (strlen)
c:/isis/application/toolchain/bin/../lib/gcc/arm-none-eabi/4.7.4/../../../../arm-none-eabi/lib\libc_s.a(lib_a-strtod.o)
                              c:/isis/application/toolchain/bin/../lib/gcc/arm-none-eabi/4.7.4/../../../../arm-none-eabi/lib\libc_s.a(lib_a-vfscanf_float.o) (_strtod_r)
c:/isis/application/toolchain/bin/../lib/gcc/arm-none-eabi/4.7.4/../../../../arm-none-eabi/lib\libc_s.a(lib_a-strtol.o)
                              c:/isis/application/toolchain/bin/../lib/gcc/arm-none-eabi/4.7.4/../../../../arm-none-eabi/lib\libc_s.a(lib_a-vfscanf_float.o) (_strtol_r)
c:/isis/application/toolchain/bin/../lib/gcc/arm-none-eabi/4.7.4/../../../../arm-none-eabi/lib\libc_s.a(lib_a-svfprintf.o)
                              c:/isis/application/toolchain/bin/../lib/gcc/arm-none-eabi/4.7.4/../../../../arm-none-eabi/lib\libc_s.a(lib_a-sprintf.o) (_svfprintf_r)
[...]
Memory Configuration

Name             Origin             Length             Attributes
sram0            0x00200000         0x00004000         w !xr
sram1            0x00300000         0x00004000         w !xr
sdram            0x20000000         0x02000000         w !xr
*default*        0x00000000         0xffffffff

Linker script and memory map

LOAD c:/isis/application/toolchain/bin/../lib/gcc/arm-none-eabi/4.7.4/../../../../arm-none-eabi/lib\libc_s.a
LOAD ./src/TestingDemos/CommandsTestingDemo.o
LOAD ./src/TestingDemos/EpsTestingDemo.o
LOAD ./src/TestingDemos/FileSystemTestingDemo.o
LOAD ./src/TestingDemos/MainTest.o
LOAD ./src/TestingDemos/MaintenanceTestingDemo.o
LOAD ./src/TestingDemos/TelemetryTestingDemo.o
LOAD ./src/TestingDemos/TrxvuTestingDemo.o
LOAD ./src/SubSystemModules/PowerManagment/EPS.o
LOAD ./src/SubSystemModules/PowerManagment/EPSOperationModes.o
LOAD ./src/SubSystemModules/Maintenance/Log.o
LOAD ./src/SubSystemModules/Maintenance/Maintenance.o
LOAD ./src/SubSystemModules/Housekepping/Dump.o
LOAD ./src/SubSystemModules/Housekepping/TelemetryCollector.o
LOAD ./src/SubSystemModules/Communication/SubsystemCommands/EPS_Commands.o
LOAD ./src/SubSystemModules/Communication/SubsystemCommands/FS_Commands.o
LOAD ./src/SubSystemModules/Communication/SubsystemCommands/Maintanence_Commands.o
LOAD ./src/SubSystemModules/Communication/SubsystemCommands/TRXVU_Commands.o
LOAD ./src/SubSystemModules/Communication/AckHandler.o
LOAD ./src/SubSystemModules/Communication/ActUponCommand.o
LOAD ./src/SubSystemModules/Communication/Beacon.o
LOAD ./src/SubSystemModules/Communication/CommandDictionary.o
LOAD ./src/SubSystemModules/Communication/SatCommandHandler.o
LOAD ./src/SubSystemModules/Communication/SatDataTx.o
LOAD ./src/SubSystemModules/Communication/TRXVU.o
LOAD ./src/SubSystemModules/Communication/Transponder.o
LOAD ./src/InitSystem.o
LOAD ./src/TLM_management.o
LOAD ./src/main.o
LOAD C:/Users/ground/Documents/GitHub/tevel2/GlobusSatProject/..//hal/hal/lib\libHALD.a
LOAD C:/Users/ground/Documents/GitHub/tevel2/GlobusSatProject/..//hal/hcc/lib\libHCCD.a
LOAD C:/Users/ground/Documents/GitHub/tevel2/GlobusSatProject/..//satellite-subsystems/satellite-subsystems/lib\libSatelliteSubsystemsD.a
LOAD C:/Users/ground/Documents/GitHub/tevel2/GlobusSatProject/..//hal/freertos/lib\libFreeRTOSD.a
LOAD C:/Users/ground/Documents/GitHub/tevel2/GlobusSatProject/..//hal/at91/lib\libAt91D.a
START GROUP
LOAD c:/isis/application/toolchain/bin/../lib/gcc/arm-none-eabi/4.7.4\libgcc.a
LOAD c:/isis/application/toolchain/bin/../lib/gcc/arm-none-eabi/4.7.4/../../../../arm-none-eabi/lib\libc_s.a
END GROUP

.fixed          0x20000000    0x37e7c
                0x20000000                . = ALIGN (0x4)
                0x20000000                _sfixed = .
 *(.startup)
 .startup       0x20000000      0x184 C:/Users/ground/Documents/GitHub/tevel2/GlobusSatProject/..//hal/at91/lib\libAt91D.a(board_cstartup.o)
                0x20000000                entry
 *(.text)
 .text          0x20000184       0x64 C:/Users/ground/Documents/GitHub/tevel2/GlobusSatProject/..//hal/at91/lib\libAt91D.a(cp15_asm.o)
                0x20000184                _readControlRegister
                0x20000190                _writeControlRegister
                0x20000198                _waitForInterrupt
                0x200001a4                _writeTTB
                0x200001ac                _writeDomain
                0x200001b4                _writeITLBLockdown
                0x200001bc                _prefetchICacheLine
                0x200001c4                _flushDCache
                0x200001d0                _flushWriteBuffer
                0x200001dc                _invalidateIDTLBs
 .text          0x200001e8      0x114 c:/isis/application/toolchain/bin/../lib/gcc/arm-none-eabi/4.7.4\libgcc.a(_udivsi3.o)
                0x200001e8                __aeabi_uidiv
                0x200001e8                __udivsi3
                0x200002dc                __aeabi_uidivmod
 .text          0x200002fc      0x148 c:/isis/application/toolchain/bin/../lib/gcc/arm-none-eabi/4.7.4\libgcc.a(_divsi3.o)
                0x200002fc                __divsi3
                0x200002fc                __aeabi_idiv
                0x20000424                __aeabi_idivmod
 .text          0x20000444        0x4 c:/isis/application/toolchain/bin/../lib/gcc/arm-none-eabi/4.7.4\libgcc.a(_dvmd_tls.o)
                0x20000444                __aeabi_idiv0
                0x20000444                __aeabi_ldiv0
 .text          0x20000448      0x41c c:/isis/application/toolchain/bin/../lib/gcc/arm-none-eabi/4.7.4\libgcc.a(_arm_addsubdf3.o)
                0x20000448                __aeabi_drsub
                0x20000450                __aeabi_dsub
                0x20000450                __subdf3
                0x20000454                __aeabi_dadd
                0x20000454                __adddf3
                0x20000764                __floatunsidf
                0x20000764                __aeabi_ui2d
                0x20000788                __floatsidf
                0x20000788                __aeabi_i2d
                0x200007b0                __aeabi_f2d
                0x200007b0                __extendsfdf2
                0x200007f0                __floatundidf
                0x200007f0                __aeabi_ul2d
                0x20000804                __floatdidf
                0x20000804                __aeabi_l2d
 .text          0x20000864      0x49c c:/isis/application/toolchain/bin/../lib/gcc/arm-none-eabi/4.7.4\libgcc.a(_arm_muldivdf3.o)
                0x20000864                __aeabi_dmul
                0x20000864                __muldf3
                0x20000af4                __divdf3
                0x20000af4                __aeabi_ddiv
 .text          0x20000d00      0x144 c:/isis/application/toolchain/bin/../lib/gcc/arm-none-eabi/4.7.4\libgcc.a(_arm_cmpdf2.o)
                0x20000d00                __gtdf2
                0x20000d00                __gedf2
                0x20000d08                __ltdf2
                0x20000d08                __ledf2
                0x20000d10                __nedf2
                0x20000d10                __eqdf2
                0x20000d10                __cmpdf2
                0x20000d98                __aeabi_cdrcmple
                0x20000db4                __aeabi_cdcmpeq
                0x20000db4                __aeabi_cdcmple
                0x20000dcc                __aeabi_dcmpeq
                0x20000de4                __aeabi_dcmplt
                0x20000dfc                __aeabi_dcmple
                0x20000e14                __aeabi_dcmpge
                0x20000e2c                __aeabi_dcmpgt
 .text          0x20000e44       0x5c c:/isis/application/toolchain/bin/../lib/gcc/arm-none-eabi/4.7.4\libgcc.a(_arm_fixdfsi.o)
                0x20000e44                __aeabi_d2iz
                0x20000e44                __fixdfsi
 .text          0x20000ea0       0x54 c:/isis/application/toolchain/bin/../lib/gcc/arm-none-eabi/4.7.4\libgcc.a(_arm_fixunsdfsi.o)
                0x20000ea0                __aeabi_d2uiz
                0x20000ea0                __fixunsdfsi
 .text          0x20000ef4       0xa0 c:/isis/application/toolchain/bin/../lib/gcc/arm-none-eabi/4.7.4\libgcc.a(_arm_truncdfsf2.o)
                0x20000ef4                __truncdfsf2
                0x20000ef4                __aeabi_d2f
 .text          0x20000f94      0x2ac c:/isis/application/toolchain/bin/../lib/gcc/arm-none-eabi/4.7.4\libgcc.a(_arm_addsubsf3.o)
                0x20000f94                __aeabi_frsub
                0x20000f9c                __subsf3
                0x20000f9c                __aeabi_fsub
                0x20000fa0                __aeabi_fadd
                0x20000fa0                __addsf3
                0x2000115c                __aeabi_ui2f
                0x2000115c                __floatunsisf
                0x20001164                __aeabi_i2f
                0x20001164                __floatsisf
                0x20001184                __aeabi_ul2f
                0x20001184                __floatundisf
                0x20001194                __aeabi_l2f
                0x20001194                __floatdisf
 .text          0x20001240      0x2f8 c:/isis/application/toolchain/bin/../lib/gcc/arm-none-eabi/4.7.4\libgcc.a(_arm_muldivsf3.o)
                0x20001240                __mulsf3
                0x20001240                __aeabi_fmul
                0x200013d8                __aeabi_fdiv
                0x200013d8                __divsf3
 .text          0x20001538       0x54 c:/isis/application/toolchain/bin/../lib/gcc/arm-none-eabi/4.7.4\libgcc.a(_arm_fixunssfsi.o)
                0x20001538                __fixunssfsi
                0x20001538                __aeabi_f2uiz
 *(.text*)
 .text.__cvt    0x2000158c      0x138 c:/isis/application/toolchain/bin/../lib/gcc/arm-none-eabi/4.7.4/../../../../arm-none-eabi/lib\libc_s.a(lib_a-vfprintf_float.o)
                0x2000158c                __cvt
 .text.__exponent
                0x200016c4       0xa8 c:/isis/application/toolchain/bin/../lib/gcc/arm-none-eabi/4.7.4/../../../../arm-none-eabi/lib\libc_s.a(lib_a-vfprintf_float.o)
                0x200016c4                __exponent
 .text._printf_float
                0x2000176c      0x7dc c:/isis/application/toolchain/bin/../lib/gcc/arm-none-eabi/4.7.4/../../../../arm-none-eabi/lib\libc_s.a(lib_a-vfprintf_float.o)
                0x2000176c                _printf_float
 .text._printf_common
                0x20001f48      0x174 c:/isis/application/toolchain/bin/../lib/gcc/arm-none-eabi/4.7.4/../../../../arm-none-eabi/lib\libc_s.a(lib_a-vfprintf_i.o)
                0x20001f48                _printf_common
 .text._printf_i
                0x200020bc      0x3c4 c:/isis/application/toolchain/bin/../lib/gcc/arm-none-eabi/4.7.4/../../../../arm-none-eabi/lib\libc_s.a(lib_a-vfprintf_i.o)
                0x200020bc                _printf_i
 .text._scanf_float
                0x20002480      0x5f4 c:/isis/application/toolchain/bin/../lib/gcc/arm-none-eabi/4.7.4/../../../../arm-none-eabi/lib\libc_s.a(lib_a-vfscanf_float.o)
                0x20002480                _scanf_float
 .text.quorem   0x20002a74      0x1ac c:/isis/application/toolchain/bin/../lib/gcc/arm-none-eabi/4.7.4/../../../../arm-none-eabi/lib\libc_s.a(lib_a-dtoa.o)
 .text._dtoa_r  0x20002c20     0x1268 c:/isis/application/toolchain/bin/../lib/gcc/arm-none-eabi/4.7.4/../../../../arm-none-eabi/lib\libc_s.a(lib_a-dtoa.o)
                0x20002c20                _dtoa_r
 .text._localeconv_r
                0x20003e88        0xc c:/isis/application/toolchain/bin/../lib/gcc/arm-none-eabi/4.7.4/../../../../arm-none-eabi/lib\libc_s.a(lib_a-locale.o)
                0x20003e88                _localeconv_r
 .text.malloc   0x20003e94       0x20 c:/isis/application/toolchain/bin/../lib/gcc/arm-none-eabi/4.7.4/../../../../arm-none-eabi/lib\libc_s.a(lib_a-malloc.o)
                0x20003e94                malloc
 .text.free     0x20003eb4       0x20 c:/isis/application/toolchain/bin/../lib/gcc/arm-none-eabi/4.7.4/../../../../arm-none-eabi/lib\libc_s.a(lib_a-malloc.o)
                0x20003eb4                free
 .text._malloc_r
                0x20003ed4       0xfc c:/isis/application/toolchain/bin/../lib/gcc/arm-none-eabi/4.7.4/../../../../arm-none-eabi/lib\libc_s.a(lib_a-mallocr.o)
                0x20003ed4                _malloc_r
 .text.memcpy   0x20003fd0       0x20 c:/isis/application/toolchain/bin/../lib/gcc/arm-none-eabi/4.7.4/../../../../arm-none-eabi/lib\libc_s.a(lib_a-memcpy.o)
                0x20003fd0                memcpy
 .text._Balloc  0x20003ff0       0xcc c:/isis/application/toolchain/bin/../lib/gcc/arm-none-eabi/4.7.4/../../../../arm-none-eabi/lib\libc_s.a(lib_a-mprec.o)
                0x20003ff0                _Balloc
 .text._Bfree   0x200040bc       0x5c c:/isis/application/toolchain/bin/../lib/gcc/arm-none-eabi/4.7.4/../../../../arm-none-eabi/lib\libc_s.a(lib_a-mprec.o)
                0x200040bc                _Bfree
 .text.__multadd
                0x20004118       0xbc c:/isis/application/toolchain/bin/../lib/gcc/arm-none-eabi/4.7.4/../../../../arm-none-eabi/lib\libc_s.a(lib_a-mprec.o)
                0x20004118                __multadd
 .text.__s2b    0x200041d4       0xd8 c:/isis/application/toolchain/bin/../lib/gcc/arm-none-eabi/4.7.4/../../../../arm-none-eabi/lib\libc_s.a(lib_a-mprec.o)
                0x200041d4                __s2b
 .text.__hi0bits
                0x200042ac       0x58 c:/isis/application/toolchain/bin/../lib/gcc/arm-none-eabi/4.7.4/../../../../arm-none-eabi/lib\libc_s.a(lib_a-mprec.o)
                0x200042ac                __hi0bits
 .text.__lo0bits
                0x20004304       0x94 c:/isis/application/toolchain/bin/../lib/gcc/arm-none-eabi/4.7.4/../../../../arm-none-eabi/lib\libc_s.a(lib_a-mprec.o)
                0x20004304                __lo0bits
 .text.__i2b    0x20004398       0x24 c:/isis/application/toolchain/bin/../lib/gcc/arm-none-eabi/4.7.4/../../../../arm-none-eabi/lib\libc_s.a(lib_a-mprec.o)
                0x20004398                __i2b
 .text.__multiply
                0x200043bc      0x1ac c:/isis/application/toolchain/bin/../lib/gcc/arm-none-eabi/4.7.4/../../../../arm-none-eabi/lib\libc_s.a(lib_a-mprec.o)
                0x200043bc                __multiply
 .text.__pow5mult
                0x20004568      0x10c c:/isis/application/toolchain/bin/../lib/gcc/arm-none-eabi/4.7.4/../../../../arm-none-eabi/lib\libc_s.a(lib_a-mprec.o)
                0x20004568                __pow5mult
 .text.__lshift
                0x20004674       0xf0 c:/isis/application/toolchain/bin/../lib/gcc/arm-none-eabi/4.7.4/../../../../arm-none-eabi/lib\libc_s.a(lib_a-mprec.o)
                0x20004674                __lshift
 .text.__mcmp   0x20004764       0x60 c:/isis/application/toolchain/bin/../lib/gcc/arm-none-eabi/4.7.4/../../../../arm-none-eabi/lib\libc_s.a(lib_a-mprec.o)
                0x20004764                __mcmp
 .text.__mdiff  0x200047c4      0x128 c:/isis/application/toolchain/bin/../lib/gcc/arm-none-eabi/4.7.4/../../../../arm-none-eabi/lib\libc_s.a(lib_a-mprec.o)
                0x200047c4                __mdiff
 .text.__ulp    0x200048ec       0x5c c:/isis/application/toolchain/bin/../lib/gcc/arm-none-eabi/4.7.4/../../../../arm-none-eabi/lib\libc_s.a(lib_a-mprec.o)
                0x200048ec                __ulp
 .text.__b2d    0x20004948       0xc8 c:/isis/application/toolchain/bin/../lib/gcc/arm-none-eabi/4.7.4/../../../../arm-none-eabi/lib\libc_s.a(lib_a-mprec.o)
                0x20004948                __b2d
 .text.__d2b    0x20004a10       0xfc c:/isis/application/toolchain/bin/../lib/gcc/arm-none-eabi/4.7.4/../../../../arm-none-eabi/lib\libc_s.a(lib_a-mprec.o)
                0x20004a10                __d2b
 .text.__ratio  0x20004b0c       0x70 c:/isis/application/toolchain/bin/../lib/gcc/arm-none-eabi/4.7.4/../../../../arm-none-eabi/lib\libc_s.a(lib_a-mprec.o)
                0x20004b0c                __ratio
 .text.__copybits
                0x20004b7c       0x4c c:/isis/application/toolchain/bin/../lib/gcc/arm-none-eabi/4.7.4/../../../../arm-none-eabi/lib\libc_s.a(lib_a-mprec.o)
                0x20004b7c                __copybits
 .text.__any_on
                0x20004bc8       0x7c c:/isis/application/toolchain/bin/../lib/gcc/arm-none-eabi/4.7.4/../../../../arm-none-eabi/lib\libc_s.a(lib_a-mprec.o)
                0x20004bc8                __any_on
 .text.__fpclassifyd
                0x20004c44       0x6c c:/isis/application/toolchain/bin/../lib/gcc/arm-none-eabi/4.7.4/../../../../arm-none-eabi/lib\libc_s.a(lib_a-s_fpclassify.o)
                0x20004c44                __fpclassifyd
 .text._sbrk_r  0x20004cb0       0x3c c:/isis/application/toolchain/bin/../lib/gcc/arm-none-eabi/4.7.4/../../../../arm-none-eabi/lib\libc_s.a(lib_a-sbrkr.o)
                0x20004cb0                _sbrk_r
 .text.nanf     0x20004cec        0xc c:/isis/application/toolchain/bin/../lib/gcc/arm-none-eabi/4.7.4/../../../../arm-none-eabi/lib\libc_s.a(lib_a-sf_nan.o)
                0x20004cec                nanf
 .text.sprintf  0x20004cf8       0x6c c:/isis/application/toolchain/bin/../lib/gcc/arm-none-eabi/4.7.4/../../../../arm-none-eabi/lib\libc_s.a(lib_a-sprintf.o)
                0x20004cf8                siprintf
                0x20004cf8                sprintf
 .text.strcmp   0x20004d64       0x1c c:/isis/application/toolchain/bin/../lib/gcc/arm-none-eabi/4.7.4/../../../../arm-none-eabi/lib\libc_s.a(lib_a-strcmp.o)
                0x20004d64                strcmp
 .text.strlen   0x20004d80       0x1c c:/isis/application/toolchain/bin/../lib/gcc/arm-none-eabi/4.7.4/../../../../arm-none-eabi/lib\libc_s.a(lib_a-strlen.o)
                0x20004d80                strlen
 .text.match    0x20004d9c       0x54 c:/isis/application/toolchain/bin/../lib/gcc/arm-none-eabi/4.7.4/../../../../arm-none-eabi/lib\libc_s.a(lib_a-strtod.o)
 .text._strtod_r
                0x20004df0     0x1168 c:/isis/application/toolchain/bin/../lib/gcc/arm-none-eabi/4.7.4/../../../../arm-none-eabi/lib\libc_s.a(lib_a-strtod.o)
                0x20004df0                _strtod_r
 .text._strtol_r
                0x20005f58      0x1b8 c:/isis/application/toolchain/bin/../lib/gcc/arm-none-eabi/4.7.4/../../../../arm-none-eabi/lib\libc_s.a(lib_a-strtol.o)
                0x20005f58                _strtol_r
 .text.__ssputc_r
                0x20006110      0x10c c:/isis/application/toolchain/bin/../lib/gcc/arm-none-eabi/4.7.4/../../../../arm-none-eabi/lib\libc_s.a(lib_a-svfprintf.o)
                0x20006110                __ssputc_r
 .text._svfprintf_r
                0x2000621c      0x328 c:/isis/application/toolchain/bin/../lib/gcc/arm-none-eabi/4.7.4/../../../../arm-none-eabi/lib\libc_s.a(lib_a-svfprintf.o)
                0x2000621c                _svfiprintf_r
                0x2000621c                _svfprintf_r
 .text._calloc_r
                0x20006544       0x2c c:/isis/application/toolchain/bin/../lib/gcc/arm-none-eabi/4.7.4/../../../../arm-none-eabi/lib\libc_s.a(lib_a-callocr.o)
                0x20006544                _calloc_r
 .text._free_r  0x20006570      0x108 c:/isis/application/toolchain/bin/../lib/gcc/arm-none-eabi/4.7.4/../../../../arm-none-eabi/lib\libc_s.a(lib_a-freer.o)
                0x20006570                _free_r
 .text.rshift   0x20006678       0xb0 c:/isis/application/toolchain/bin/../lib/gcc/arm-none-eabi/4.7.4/../../../../arm-none-eabi/lib\libc_s.a(lib_a-gdtoa-gethex.o)
 .text.htinit.constprop.0
                0x20006728       0x34 c:/isis/application/toolchain/bin/../lib/gcc/arm-none-eabi/4.7.4/../../../../arm-none-eabi/lib\libc_s.a(lib_a-gdtoa-gethex.o)
 .text.__hexdig_init
                0x2000675c       0x38 c:/isis/application/toolchain/bin/../lib/gcc/arm-none-eabi/4.7.4/../../../../arm-none-eabi/lib\libc_s.a(lib_a-gdtoa-gethex.o)
                0x2000675c                __hexdig_init
 .text.__gethex
                0x20006794      0x6cc c:/isis/application/toolchain/bin/../lib/gcc/arm-none-eabi/4.7.4/../../../../arm-none-eabi/lib\libc_s.a(lib_a-gdtoa-gethex.o)
                0x20006794                __gethex
 .text.L_shift  0x20006e60       0x38 c:/isis/application/toolchain/bin/../lib/gcc/arm-none-eabi/4.7.4/../../../../arm-none-eabi/lib\libc_s.a(lib_a-gdtoa-hexnan.o)
 .text.__hexnan
                0x20006e98      0x1d8 c:/isis/application/toolchain/bin/../lib/gcc/arm-none-eabi/4.7.4/../../../../arm-none-eabi/lib\libc_s.a(lib_a-gdtoa-hexnan.o)
                0x20006e98                __hexnan
 .text.memchr   0x20007070       0x34 c:/isis/application/toolchain/bin/../lib/gcc/arm-none-eabi/4.7.4/../../../../arm-none-eabi/lib\libc_s.a(lib_a-memchr.o)
                0x20007070                memchr
 .text.memset   0x200070a4       0x1c c:/isis/application/toolchain/bin/../lib/gcc/arm-none-eabi/4.7.4/../../../../arm-none-eabi/lib\libc_s.a(lib_a-memset.o)
                0x200070a4                memset
 .text._realloc_r
                0x200070c0       0x80 c:/isis/application/toolchain/bin/../lib/gcc/arm-none-eabi/4.7.4/../../../../arm-none-eabi/lib\libc_s.a(lib_a-reallocr.o)
                0x200070c0                _realloc_r
 .text.strncmp  0x20007140       0x64 c:/isis/application/toolchain/bin/../lib/gcc/arm-none-eabi/4.7.4/../../../../arm-none-eabi/lib\libc_s.a(lib_a-strncmp.o)
                0x20007140                strncmp
 .text._malloc_usable_size_r
                0x200071a4       0x1c c:/isis/application/toolchain/bin/../lib/gcc/arm-none-eabi/4.7.4/../../../../arm-none-eabi/lib\libc_s.a(lib_a-msizer.o)
                0x200071a4                _malloc_usable_size_r
 .text.EPS_Init
                0x200071c0       0xd4 ./src/SubSystemModules/PowerManagment/EPS.o
                0x200071c0                EPS_Init
 .text.EPS_Conditioning
                0x20007294      0x1a8 ./src/SubSystemModules/PowerManagment/EPS.o
                0x20007294                EPS_Conditioning
 .text.GetBatteryVoltage
                0x2000743c       0x54 ./src/SubSystemModules/PowerManagment/EPS.o
                0x2000743c                GetBatteryVoltage
 .text.GetThresholdVoltages
                0x20007490       0x4c ./src/SubSystemModules/PowerManagment/EPS.o
                0x20007490                GetThresholdVoltages
 .text.GetAlpha
                0x200074dc       0x48 ./src/SubSystemModules/PowerManagment/EPS.o
                0x200074dc                GetAlpha
 .text.EnterFullMode
                0x20007524       0x58 ./src/SubSystemModules/PowerManagment/EPSOperationModes.o
                0x20007524                EnterFullMode
 .text.EnterCruiseMode
                0x2000757c       0x58 ./src/SubSystemModules/PowerManagment/EPSOperationModes.o
                0x2000757c                EnterCruiseMode
 .text.EnterSafeMode
                0x200075d4       0x58 ./src/SubSystemModules/PowerManagment/EPSOperationModes.o
                0x200075d4                EnterSafeMode
 .text.EnterCriticalMode
                0x2000762c       0x58 ./src/SubSystemModules/PowerManagment/EPSOperationModes.o
                0x2000762c                EnterCriticalMode
 .text.SetEPS_Channels
                0x20007684       0x28 ./src/SubSystemModules/PowerManagment/EPSOperationModes.o
                0x20007684                SetEPS_Channels
 .text.EpsSetLowVoltageFlag
                0x200076ac       0x2c ./src/SubSystemModules/PowerManagment/EPSOperationModes.o
                0x200076ac                EpsSetLowVoltageFlag
 .text._logg    0x200076d8      0x330 ./src/SubSystemModules/Maintenance/Log.o
                0x200076d8                _logg
 .text.logg     0x20007a08       0xc4 ./src/SubSystemModules/Maintenance/Log.o
                0x20007a08                logg
 .text.setLogLevel
                0x20007acc       0x30 ./src/SubSystemModules/Maintenance/Log.o
                0x20007acc                setLogLevel
 .text.getLogLevel
                0x20007afc       0x24 ./src/SubSystemModules/Maintenance/Log.o
                0x20007afc                getLogLevel
 .text.initLog  0x20007b20       0x34 ./src/SubSystemModules/Maintenance/Log.o
                0x20007b20                initLog
 .text.getLastErrorMsgSize
                0x20007b54       0x24 ./src/SubSystemModules/Maintenance/Log.o
                0x20007b54                getLastErrorMsgSize
 .text.copyLastErrorMsg
                0x20007b78       0x5c ./src/SubSystemModules/Maintenance/Log.o
                0x20007b78                copyLastErrorMsg
 .text.CheckExecutionTime
                0x20007bd4       0x90 ./src/SubSystemModules/Maintenance/Maintenance.o
                0x20007bd4                CheckExecutionTime
 .text.SaveSatTimeInFRAM
                0x20007c64       0x44 ./src/SubSystemModules/Maintenance/Maintenance.o
                0x20007c64                SaveSatTimeInFRAM
 .text.IsFS_Corrupted
                0x20007ca8       0x48 ./src/SubSystemModules/Maintenance/Maintenance.o
                0x20007ca8                IsFS_Corrupted
 .text.WakeupFromResetCMD
                0x20007cf0       0xfc ./src/SubSystemModules/Maintenance/Maintenance.o
                0x20007cf0                WakeupFromResetCMD
 .text.ResetGroundCommWDT
                0x20007dec       0x1c ./src/SubSystemModules/Maintenance/Maintenance.o
                0x20007dec                ResetGroundCommWDT
 .text.IsGroundCommunicationWDTKick
                0x20007e08       0xd0 ./src/SubSystemModules/Maintenance/Maintenance.o
                0x20007e08                IsGroundCommunicationWDTKick
 .text.GetGsWdtKickTime
                0x20007ed8       0x38 ./src/SubSystemModules/Maintenance/Maintenance.o
                0x20007ed8                GetGsWdtKickTime
 .text.Maintenance
                0x20007f10       0x48 ./src/SubSystemModules/Maintenance/Maintenance.o
                0x20007f10                Maintenance
 .text.InitDump
                0x20007f58       0xa0 ./src/SubSystemModules/Housekepping/Dump.o
                0x20007f58                InitDump
 .text.FinishDump
                0x20007ff8       0xd8 ./src/SubSystemModules/Housekepping/Dump.o
                0x20007ff8                FinishDump
 .text.SendDumpAbortRequest
                0x200080d0       0xa0 ./src/SubSystemModules/Housekepping/Dump.o
                0x200080d0                SendDumpAbortRequest
 .text.CheckDumpAbort
                0x20008170       0x58 ./src/SubSystemModules/Housekepping/Dump.o
                0x20008170                CheckDumpAbort
 .text.getTelemetryMetaData
                0x200081c8       0x7c ./src/SubSystemModules/Housekepping/Dump.o
                0x200081c8                getTelemetryMetaData
 .text.send     0x20008244       0x94 ./src/SubSystemModules/Housekepping/Dump.o
                0x20008244                send
 .text.c_fileReadAndSend
                0x200082d8      0x41c ./src/SubSystemModules/Housekepping/Dump.o
                0x200082d8                c_fileReadAndSend
 .text.DumpStart
                0x200086f4      0x340 ./src/SubSystemModules/Housekepping/Dump.o
                0x200086f4                DumpStart
 .text.DumpTask
                0x20008a34       0x34 ./src/SubSystemModules/Housekepping/Dump.o
                0x20008a34                DumpTask
 .text.DumpTelemetry
                0x20008a68      0x1c4 ./src/SubSystemModules/Housekepping/Dump.o
                0x20008a68                DumpTelemetry
 .text.InitTelemetryCollector
                0x20008c2c       0x28 ./src/SubSystemModules/Housekepping/TelemetryCollector.o
                0x20008c2c                InitTelemetryCollector
 .text.GetTelemetryFilenameByType
                0x20008c54      0x204 ./src/SubSystemModules/Housekepping/TelemetryCollector.o
                0x20008c54                GetTelemetryFilenameByType
 .text.TelemetryCollectorLogic
                0x20008e58      0x13c ./src/SubSystemModules/Housekepping/TelemetryCollector.o
                0x20008e58                TelemetryCollectorLogic
 .text.TelemetryCreateFiles
                0x20008f94      0x1e4 ./src/SubSystemModules/Housekepping/TelemetryCollector.o
                0x20008f94                TelemetryCreateFiles
 .text.TelemetrySaveEPS
                0x20009178       0xbc ./src/SubSystemModules/Housekepping/TelemetryCollector.o
                0x20009178                TelemetrySaveEPS
 .text.CMD_getEPS_TLM
                0x20009234       0x78 ./src/SubSystemModules/Housekepping/TelemetryCollector.o
                0x20009234                CMD_getEPS_TLM
 .text.TelemetrySaveTRXVU
                0x200092ac       0x8c ./src/SubSystemModules/Housekepping/TelemetryCollector.o
                0x200092ac                TelemetrySaveTRXVU
 .text.CMD_getTRXVU_TLM
                0x20009338       0xf8 ./src/SubSystemModules/Housekepping/TelemetryCollector.o
                0x20009338                CMD_getTRXVU_TLM
 .text.TelemetrySaveANT
                0x20009430       0x54 ./src/SubSystemModules/Housekepping/TelemetryCollector.o
                0x20009430                TelemetrySaveANT
 .text.CMD_getAnts_TLM
                0x20009484       0x60 ./src/SubSystemModules/Housekepping/TelemetryCollector.o
                0x20009484                CMD_getAnts_TLM
 .text.getSolarPanelsTLM
                0x200094e4       0xd4 ./src/SubSystemModules/Housekepping/TelemetryCollector.o
                0x200094e4                getSolarPanelsTLM
 .text.CMD_getSolar_TLM
                0x200095b8       0x68 ./src/SubSystemModules/Housekepping/TelemetryCollector.o
                0x200095b8                CMD_getSolar_TLM
 .text.TelemetrySaveWOD
                0x20009620       0x4c ./src/SubSystemModules/Housekepping/TelemetryCollector.o
                0x20009620                TelemetrySaveWOD
 .text.GetCurrentWODTelemetry
                0x2000966c      0x78c ./src/SubSystemModules/Housekepping/TelemetryCollector.o
                0x2000966c                GetCurrentWODTelemetry
 .text.CMD_EPS_ResetWDT
                0x20009df8       0x2c ./src/SubSystemModules/Communication/SubsystemCommands/EPS_Commands.o
                0x20009df8                CMD_EPS_ResetWDT
 .text.CMD_DeleteFileByTime
                0x20009e24      0x108 ./src/SubSystemModules/Communication/SubsystemCommands/FS_Commands.o
                0x20009e24                CMD_DeleteFileByTime
 .text.CMD_DeleteFilesOfType
                0x20009f2c       0xa8 ./src/SubSystemModules/Communication/SubsystemCommands/FS_Commands.o
                0x20009f2c                CMD_DeleteFilesOfType
 .text.CMD_DeleteFS
                0x20009fd4       0x24 ./src/SubSystemModules/Communication/SubsystemCommands/FS_Commands.o
                0x20009fd4                CMD_DeleteFS
 .text.CMD_GetLastFS_Error
                0x20009ff8       0x40 ./src/SubSystemModules/Communication/SubsystemCommands/FS_Commands.o
                0x20009ff8                CMD_GetLastFS_Error
 .text.CMD_FreeSpace
                0x2000a038       0x58 ./src/SubSystemModules/Communication/SubsystemCommands/FS_Commands.o
                0x2000a038                CMD_FreeSpace
 .text.CMD_isFS_Corrupt
                0x2000a090       0x40 ./src/SubSystemModules/Communication/SubsystemCommands/FS_Commands.o
                0x2000a090                CMD_isFS_Corrupt
 .text.CMD_GenericI2C
                0x2000a0d0      0x164 ./src/SubSystemModules/Communication/SubsystemCommands/Maintanence_Commands.o
                0x2000a0d0                CMD_GenericI2C
 .text.CMD_FRAM_ReadAndTransmitt
                0x2000a234      0x128 ./src/SubSystemModules/Communication/SubsystemCommands/Maintanence_Commands.o
                0x2000a234                CMD_FRAM_ReadAndTransmitt
 .text.CMD_FRAM_WriteAndTransmitt
                0x2000a35c      0x138 ./src/SubSystemModules/Communication/SubsystemCommands/Maintanence_Commands.o
                0x2000a35c                CMD_FRAM_WriteAndTransmitt
 .text.CMD_FRAM_Start
                0x2000a494       0x58 ./src/SubSystemModules/Communication/SubsystemCommands/Maintanence_Commands.o
                0x2000a494                CMD_FRAM_Start
 .text.CMD_FRAM_Stop
                0x2000a4ec       0x3c ./src/SubSystemModules/Communication/SubsystemCommands/Maintanence_Commands.o
                0x2000a4ec                CMD_FRAM_Stop
 .text.CMD_FRAM_Restart
                0x2000a528       0x40 ./src/SubSystemModules/Communication/SubsystemCommands/Maintanence_Commands.o
                0x2000a528                CMD_FRAM_Restart
 .text.CMD_UpdateSatTime
                0x2000a568       0xb4 ./src/SubSystemModules/Communication/SubsystemCommands/Maintanence_Commands.o
                0x2000a568                CMD_UpdateSatTime
 .text.CMD_GetSatTime
                0x2000a61c       0x78 ./src/SubSystemModules/Communication/SubsystemCommands/Maintanence_Commands.o
                0x2000a61c                CMD_GetSatTime
 .text.CMD_GetSatUptime
                0x2000a694       0x60 ./src/SubSystemModules/Communication/SubsystemCommands/Maintanence_Commands.o
                0x2000a694                CMD_GetSatUptime
 .text.CMD_AntennaDeploy
                0x2000a6f4       0x40 ./src/SubSystemModules/Communication/SubsystemCommands/Maintanence_Commands.o
                0x2000a6f4                CMD_AntennaDeploy
 .text.CMD_setLogLevel
                0x2000a734       0x94 ./src/SubSystemModules/Communication/SubsystemCommands/Maintanence_Commands.o
                0x2000a734                CMD_setLogLevel
 .text.CMD_getLogLevel
                0x2000a7c8       0x9c ./src/SubSystemModules/Communication/SubsystemCommands/Maintanence_Commands.o
                0x2000a7c8                CMD_getLogLevel
 .text.CMD_SetTLM_CollectionCycle
                0x2000a864      0x1a0 ./src/SubSystemModules/Communication/SubsystemCommands/Maintanence_Commands.o
                0x2000a864                CMD_SetTLM_CollectionCycle
 .text.CMD_GetTLM_CollectionCycle
                0x2000aa04      0x170 ./src/SubSystemModules/Communication/SubsystemCommands/Maintanence_Commands.o
                0x2000aa04                CMD_GetTLM_CollectionCycle
 .text.CMD_ResetComponent
                0x2000ab74      0x264 ./src/SubSystemModules/Communication/SubsystemCommands/Maintanence_Commands.o
                0x2000ab74                CMD_ResetComponent
 .text.CMD_StartDump
                0x2000add8       0x34 ./src/SubSystemModules/Communication/SubsystemCommands/TRXVU_Commands.o
                0x2000add8                CMD_StartDump
 .text.CMD_SendDumpAbortRequest
                0x2000ae0c       0x24 ./src/SubSystemModules/Communication/SubsystemCommands/TRXVU_Commands.o
                0x2000ae0c                CMD_SendDumpAbortRequest
 .text.CMD_MuteTRXVU
                0x2000ae30       0x5c ./src/SubSystemModules/Communication/SubsystemCommands/TRXVU_Commands.o
                0x2000ae30                CMD_MuteTRXVU
 .text.CMD_UnMuteTRXVU
                0x2000ae8c       0x24 ./src/SubSystemModules/Communication/SubsystemCommands/TRXVU_Commands.o
                0x2000ae8c                CMD_UnMuteTRXVU
 .text.CMD_GetBeaconInterval
                0x2000aeb0       0x60 ./src/SubSystemModules/Communication/SubsystemCommands/TRXVU_Commands.o
                0x2000aeb0                CMD_GetBeaconInterval
 .text.CMD_GetTxUptime
                0x2000af10       0x5c ./src/SubSystemModules/Communication/SubsystemCommands/TRXVU_Commands.o
                0x2000af10                CMD_GetTxUptime
 .text.CMD_GetRxUptime
                0x2000af6c       0x5c ./src/SubSystemModules/Communication/SubsystemCommands/TRXVU_Commands.o
                0x2000af6c                CMD_GetRxUptime
 .text.CMD_GetNumOfOnlineCommands
                0x2000afc8       0x54 ./src/SubSystemModules/Communication/SubsystemCommands/TRXVU_Commands.o
                0x2000afc8                CMD_GetNumOfOnlineCommands
 .text.CMD_AntSetArmStatus
                0x2000b01c       0x9c ./src/SubSystemModules/Communication/SubsystemCommands/TRXVU_Commands.o
                0x2000b01c                CMD_AntSetArmStatus
 .text.CMD_AntGetArmStatus
                0x2000b0b8       0x64 ./src/SubSystemModules/Communication/SubsystemCommands/TRXVU_Commands.o
                0x2000b0b8                CMD_AntGetArmStatus
 .text.CMD_AntGetUptime
                0x2000b11c       0x6c ./src/SubSystemModules/Communication/SubsystemCommands/TRXVU_Commands.o
                0x2000b11c                CMD_AntGetUptime
 .text.CMD_AntCancelDeployment
                0x2000b188       0x40 ./src/SubSystemModules/Communication/SubsystemCommands/TRXVU_Commands.o
                0x2000b188                CMD_AntCancelDeployment
 .text.CMD_AntStopAutoDeployment
                0x2000b1c8       0x48 ./src/SubSystemModules/Communication/SubsystemCommands/TRXVU_Commands.o
                0x2000b1c8                CMD_AntStopAutoDeployment
 .text.SendAckPacket
                0x2000b210       0xac ./src/SubSystemModules/Communication/AckHandler.o
                0x2000b210                SendAckPacket
 .text.SendErrorMSG
                0x2000b2bc       0xc4 ./src/SubSystemModules/Communication/AckHandler.o
                0x2000b2bc                SendErrorMSG
 .text.ActUponCommand
                0x2000b380      0x1ac ./src/SubSystemModules/Communication/ActUponCommand.o
                0x2000b380                ActUponCommand
 .text.InitBeaconParams
                0x2000b52c       0x74 ./src/SubSystemModules/Communication/Beacon.o
                0x2000b52c                InitBeaconParams
 .text.BeaconLogic
                0x2000b5a0      0x184 ./src/SubSystemModules/Communication/Beacon.o
                0x2000b5a0                BeaconLogic
 .text.UpdateBeaconInterval
                0x2000b724       0xe8 ./src/SubSystemModules/Communication/Beacon.o
                0x2000b724                UpdateBeaconInterval
 .text.trxvu_command_router
                0x2000b80c      0x484 ./src/SubSystemModules/Communication/CommandDictionary.o
                0x2000b80c                trxvu_command_router
 .text.eps_command_router
                0x2000bc90       0xa4 ./src/SubSystemModules/Communication/CommandDictionary.o
                0x2000bc90                eps_command_router
 .text.telemetry_command_router
                0x2000bd34       0xd4 ./src/SubSystemModules/Communication/CommandDictionary.o
                0x2000bd34                telemetry_command_router
 .text.managment_command_router
                0x2000be08      0x318 ./src/SubSystemModules/Communication/CommandDictionary.o
                0x2000be08                managment_command_router
 .text.filesystem_command_router
                0x2000c120      0x10c ./src/SubSystemModules/Communication/CommandDictionary.o
                0x2000c120                filesystem_command_router
 .text.ParseDataToCommand
                0x2000c22c      0x268 ./src/SubSystemModules/Communication/SatCommandHandler.o
                0x2000c22c                ParseDataToCommand
 .text.AssembleCommand
                0x2000c494      0x1f8 ./src/SubSystemModules/Communication/SatCommandHandler.o
                0x2000c494                AssembleCommand
 .text.GetOnlineCommand
                0x2000c68c      0x124 ./src/SubSystemModules/Communication/SatCommandHandler.o
                0x2000c68c                GetOnlineCommand
 .text.InitTxModule
                0x2000c7b0       0xec ./src/SubSystemModules/Communication/SatDataTx.o
                0x2000c7b0                InitTxModule
 .text.muteTRXVU
                0x2000c89c       0xbc ./src/SubSystemModules/Communication/SatDataTx.o
                0x2000c89c                muteTRXVU
 .text.UnMuteTRXVU
                0x2000c958       0x60 ./src/SubSystemModules/Communication/SatDataTx.o
                0x2000c958                UnMuteTRXVU
 .text.GetMuteFlag
                0x2000c9b8       0x24 ./src/SubSystemModules/Communication/SatDataTx.o
                0x2000c9b8                GetMuteFlag
 .text.CheckForMuteEnd
                0x2000c9dc       0x70 ./src/SubSystemModules/Communication/SatDataTx.o
                0x2000c9dc                CheckForMuteEnd
 .text.GetNumberOfFramesInBuffer
                0x2000ca4c       0x50 ./src/SubSystemModules/Communication/SatDataTx.o
                0x2000ca4c                GetNumberOfFramesInBuffer
 .text.CheckTransmitionAllowed
                0x2000ca9c       0x98 ./src/SubSystemModules/Communication/SatDataTx.o
                0x2000ca9c                CheckTransmitionAllowed
 .text.TransmitDataAsSPL_Packet
                0x2000cb34      0x148 ./src/SubSystemModules/Communication/SatDataTx.o
                0x2000cb34                TransmitDataAsSPL_Packet
 .text.TransmitSplPacket
                0x2000cc7c       0xf0 ./src/SubSystemModules/Communication/SatDataTx.o
                0x2000cc7c                TransmitSplPacket
 .text.vu_getFrequenciesTest_revE
                0x2000cd6c       0xc8 ./src/SubSystemModules/Communication/TRXVU.o
 .text.setLastAntsAutoDeploymentTime
                0x2000ce34       0x3c ./src/SubSystemModules/Communication/TRXVU.o
                0x2000ce34                setLastAntsAutoDeploymentTime
 .text.HandleOpenAnts
                0x2000ce70       0x54 ./src/SubSystemModules/Communication/TRXVU.o
                0x2000ce70                HandleOpenAnts
 .text.SetIdleOff
                0x2000cec4       0x94 ./src/SubSystemModules/Communication/TRXVU.o
                0x2000cec4                SetIdleOff
 .text.HandleIdleAndMuteTime
                0x2000cf58       0x8c ./src/SubSystemModules/Communication/TRXVU.o
                0x2000cf58                HandleIdleAndMuteTime
 .text.HandleTransponderTime
                0x2000cfe4       0x30 ./src/SubSystemModules/Communication/TRXVU.o
                0x2000cfe4                HandleTransponderTime
 .text.InitAnts
                0x2000d014       0x78 ./src/SubSystemModules/Communication/TRXVU.o
                0x2000d014                InitAnts
 .text.InitTrxvu
                0x2000d08c      0x10c ./src/SubSystemModules/Communication/TRXVU.o
                0x2000d08c                InitTrxvu
 .text.TRX_Logic
                0x2000d198      0x168 ./src/SubSystemModules/Communication/TRXVU.o
                0x2000d198                TRX_Logic
 .text.CMD_SetIdleOn
                0x2000d300       0xfc ./src/SubSystemModules/Communication/TRXVU.o
                0x2000d300                CMD_SetIdleOn
 .text.CMD_SetIdleOff
                0x2000d3fc       0x28 ./src/SubSystemModules/Communication/TRXVU.o
                0x2000d3fc                CMD_SetIdleOff
 .text.areAntennasOpen
                0x2000d424       0x7c ./src/SubSystemModules/Communication/TRXVU.o
                0x2000d424                areAntennasOpen
 .text.initTransponder
                0x2000d4a0      0x100 ./src/SubSystemModules/Communication/Transponder.o
                0x2000d4a0                initTransponder
 .text.set_transonder_mode
                0x2000d5a0       0xcc ./src/SubSystemModules/Communication/Transponder.o
                0x2000d5a0                set_transonder_mode
 .text.set_transponder_RSSI
                0x2000d66c       0x58 ./src/SubSystemModules/Communication/Transponder.o
                0x2000d66c                set_transponder_RSSI
 .text.CMD_turnOnTransponder
                0x2000d6c4      0x1a4 ./src/SubSystemModules/Communication/Transponder.o
                0x2000d6c4                CMD_turnOnTransponder
 .text.CMD_set_transponder_RSSI
                0x2000d868       0xc4 ./src/SubSystemModules/Communication/Transponder.o
                0x2000d868                CMD_set_transponder_RSSI
 .text.CMD_turnOffTransponder
                0x2000d92c       0x74 ./src/SubSystemModules/Communication/Transponder.o
                0x2000d92c                CMD_turnOffTransponder
 .text.getTransponderMode
                0x2000d9a0       0x24 ./src/SubSystemModules/Communication/Transponder.o
                0x2000d9a0                getTransponderMode
 .text.checkEndTransponderMode
                0x2000d9c4       0x80 ./src/SubSystemModules/Communication/Transponder.o
                0x2000d9c4                checkEndTransponderMode
 .text.getDuration
                0x2000da44       0x80 ./src/SubSystemModules/Communication/Transponder.o
                0x2000da44                getDuration
 .text.isFirstActivation
                0x2000dac4       0x74 ./src/InitSystem.o
                0x2000dac4                isFirstActivation
 .text.firstActivationProcedure
                0x2000db38      0x15c ./src/InitSystem.o
                0x2000db38                firstActivationProcedure
 .text.StartFRAM
                0x2000dc94       0x18 ./src/InitSystem.o
                0x2000dc94                StartFRAM
 .text.StartI2C
                0x2000dcac       0x24 ./src/InitSystem.o
                0x2000dcac                StartI2C
 .text.StartSPI
                0x2000dcd0       0x20 ./src/InitSystem.o
                0x2000dcd0                StartSPI
 .text.StartTIME
                0x2000dcf0       0xd4 ./src/InitSystem.o
                0x2000dcf0                StartTIME
 .text.autoDeploy
                0x2000ddc4      0x18c ./src/InitSystem.o
                0x2000ddc4                autoDeploy
 .text.DeploySystem
                0x2000df50       0x58 ./src/InitSystem.o
                0x2000df50                DeploySystem
 .text.InitSubsystems
                0x2000dfa8      0x2d8 ./src/InitSystem.o
                0x2000dfa8                InitSubsystems
 .text.getSdIndex
                0x2000e280       0x44 ./src/TLM_management.o
 .text.setSdIndex
                0x2000e2c4       0x4c ./src/TLM_management.o
 .text.sd_format
                0x2000e310       0x28 ./src/TLM_management.o
                0x2000e310                sd_format
 .text.getNumOfFilesInFS
                0x2000e338       0x44 ./src/TLM_management.o
 .text.setNumOfFilesInFS
                0x2000e37c       0x48 ./src/TLM_management.o
 .text.f_managed_enterFS
                0x2000e3c4       0x18 ./src/TLM_management.o
                0x2000e3c4                f_managed_enterFS
 .text.f_managed_open
                0x2000e3dc       0x60 ./src/TLM_management.o
                0x2000e3dc                f_managed_open
 .text.f_managed_close
                0x2000e43c       0x3c ./src/TLM_management.o
                0x2000e43c                f_managed_close
 .text.createSemahores_FS
                0x2000e478       0x78 ./src/TLM_management.o
                0x2000e478                createSemahores_FS
 .text.formatAndCreateFiles
                0x2000e4f0       0x68 ./src/TLM_management.o
                0x2000e4f0                formatAndCreateFiles
 .text.InitializeFS
                0x2000e558      0x150 ./src/TLM_management.o
                0x2000e558                InitializeFS
 .text.c_fileCreate
                0x2000e6a8      0x12c ./src/TLM_management.o
                0x2000e6a8                c_fileCreate
 .text.writewithEpochtime
                0x2000e7d4       0x90 ./src/TLM_management.o
 .text.write    0x2000e864       0x3c ./src/TLM_management.o
 .text.get_C_FILE_struct
                0x2000e8a0       0xe4 ./src/TLM_management.o
                0x2000e8a0                get_C_FILE_struct
 .text.getFileIndex
                0x2000e984       0x84 ./src/TLM_management.o
                0x2000e984                getFileIndex
 .text.get_file_name_by_index
                0x2000ea08       0x44 ./src/TLM_management.o
                0x2000ea08                get_file_name_by_index
 .text.c_fileWrite
                0x2000ea4c       0x38 ./src/TLM_management.o
                0x2000ea4c                c_fileWrite
 .text._c_fileWrite
                0x2000ea84      0x194 ./src/TLM_management.o
                0x2000ea84                _c_fileWrite
 .text.deleteElementsFromFile
                0x2000ec18      0x1a0 ./src/TLM_management.o
 .text.c_fileGetSizeOfElement
                0x2000edb8       0x5c ./src/TLM_management.o
                0x2000edb8                c_fileGetSizeOfElement
 .text.c_fileDeleteElements
                0x2000ee14      0x158 ./src/TLM_management.o
                0x2000ee14                c_fileDeleteElements
 .text.DeInitializeFS
                0x2000ef6c       0x78 ./src/TLM_management.o
                0x2000ef6c                DeInitializeFS
 .text.taskMain
                0x2000efe4       0x68 ./src/main.o
                0x2000efe4                taskMain
 .text.main     0x2000f04c       0x98 ./src/main.o
                0x2000f04c                main
 .text.clearPDCtransfers
                0x2000f0e4       0xe8 C:/Users/ground/Documents/GitHub/tevel2/GlobusSatProject/..//hal/hal/lib\libHALD.a(SPI.o)
 .text.SPI_start
                0x2000f1cc      0x4b0 C:/Users/ground/Documents/GitHub/tevel2/GlobusSatProject/..//hal/hal/lib\libHALD.a(SPI.o)
                0x2000f1cc                SPI_start
 .text.SPI_stop
                0x2000f67c      0x244 C:/Users/ground/Documents/GitHub/tevel2/GlobusSatProject/..//hal/hal/lib\libHALD.a(SPI.o)
                0x2000f67c                SPI_stop
 .text.SPI_queueTransfer
                0x2000f8c0      0x1cc C:/Users/ground/Documents/GitHub/tevel2/GlobusSatProject/..//hal/hal/lib\libHALD.a(SPI.o)
                0x2000f8c0                SPI_queueTransfer
 .text.SPI_internalCallback
                0x2000fa8c       0x64 C:/Users/ground/Documents/GitHub/tevel2/GlobusSatProject/..//hal/hal/lib\libHALD.a(SPI.o)
 .text.SPI_writeRead
                0x2000faf0      0x1c0 C:/Users/ground/Documents/GitHub/tevel2/GlobusSatProject/..//hal/hal/lib\libHALD.a(SPI.o)
                0x2000faf0                SPI_writeRead
 .text.waitForTransfer
                0x2000fcb0       0x78 C:/Users/ground/Documents/GitHub/tevel2/GlobusSatProject/..//hal/hal/lib\libHALD.a(SPI.o)
 .text.SPI_getDriverState
                0x2000fd28       0x58 C:/Users/ground/Documents/GitHub/tevel2/GlobusSatProject/..//hal/hal/lib\libHALD.a(SPI.o)
                0x2000fd28                SPI_getDriverState
 .text.validateTransferParameters
                0x2000fd80      0x10c C:/Users/ground/Documents/GitHub/tevel2/GlobusSatProject/..//hal/hal/lib\libHALD.a(I2C.o)
 .text.I2C_queueTransfer
                0x2000fe8c       0xfc C:/Users/ground/Documents/GitHub/tevel2/GlobusSatProject/..//hal/hal/lib\libHALD.a(I2C.o)
                0x2000fe8c                I2C_queueTransfer
 .text.I2C_internalCallback
                0x2000ff88       0x64 C:/Users/ground/Documents/GitHub/tevel2/GlobusSatProject/..//hal/hal/lib\libHALD.a(I2C.o)
 .text.I2C_doBlockingTransfer
                0x2000ffec      0x180 C:/Users/ground/Documents/GitHub/tevel2/GlobusSatProject/..//hal/hal/lib\libHALD.a(I2C.o)
 .text.I2C_write
                0x2001016c      0x110 C:/Users/ground/Documents/GitHub/tevel2/GlobusSatProject/..//hal/hal/lib\libHALD.a(I2C.o)
                0x2001016c                I2C_write
 .text.I2C_read
                0x2001027c      0x110 C:/Users/ground/Documents/GitHub/tevel2/GlobusSatProject/..//hal/hal/lib\libHALD.a(I2C.o)
                0x2001027c                I2C_read
 .text.I2C_writeRead
                0x2001038c      0x17c C:/Users/ground/Documents/GitHub/tevel2/GlobusSatProject/..//hal/hal/lib\libHALD.a(I2C.o)
                0x2001038c                I2C_writeRead
 .text.I2C_start
                0x20010508      0x2e8 C:/Users/ground/Documents/GitHub/tevel2/GlobusSatProject/..//hal/hal/lib\libHALD.a(I2C.o)
                0x20010508                I2C_start
 .text.I2C_stop
                0x200107f0      0x184 C:/Users/ground/Documents/GitHub/tevel2/GlobusSatProject/..//hal/hal/lib\libHALD.a(I2C.o)
                0x200107f0                I2C_stop
 .text.I2C_setTransferTimeout
                0x20010974       0x48 C:/Users/ground/Documents/GitHub/tevel2/GlobusSatProject/..//hal/hal/lib\libHALD.a(I2C.o)
                0x20010974                I2C_setTransferTimeout
 .text.ADC_ConvertRaw10bitToMillivolt
                0x200109bc       0x50 C:/Users/ground/Documents/GitHub/tevel2/GlobusSatProject/..//hal/hal/lib\libHALD.a(ADC.o)
                0x200109bc                ADC_ConvertRaw10bitToMillivolt
 .text.ADC_SingleShot
                0x20010a0c      0x230 C:/Users/ground/Documents/GitHub/tevel2/GlobusSatProject/..//hal/hal/lib\libHALD.a(ADC.o)
                0x20010a0c                ADC_SingleShot
 .text.FRAM_start
                0x20010c3c      0x120 C:/Users/ground/Documents/GitHub/tevel2/GlobusSatProject/..//hal/hal/lib\libHALD.a(FRAM.o)
                0x20010c3c                FRAM_start
 .text.FRAM_stop
                0x20010d5c       0x6c C:/Users/ground/Documents/GitHub/tevel2/GlobusSatProject/..//hal/hal/lib\libHALD.a(FRAM.o)
                0x20010d5c                FRAM_stop
 .text.FRAM_dummyCallback
                0x20010dc8       0x24 C:/Users/ground/Documents/GitHub/tevel2/GlobusSatProject/..//hal/hal/lib\libHALD.a(FRAM.o)
                0x20010dc8                FRAM_dummyCallback
 .text.FRAM_unlockingCallback
                0x20010dec       0x64 C:/Users/ground/Documents/GitHub/tevel2/GlobusSatProject/..//hal/hal/lib\libHALD.a(FRAM.o)
                0x20010dec                FRAM_unlockingCallback
 .text.doBlockingTransfer
                0x20010e50       0x78 C:/Users/ground/Documents/GitHub/tevel2/GlobusSatProject/..//hal/hal/lib\libHALD.a(FRAM.o)
 .text.FRAM_writePacket
                0x20010ec8      0x134 C:/Users/ground/Documents/GitHub/tevel2/GlobusSatProject/..//hal/hal/lib\libHALD.a(FRAM.o)
 .text.FRAM_write
                0x20010ffc      0x1e0 C:/Users/ground/Documents/GitHub/tevel2/GlobusSatProject/..//hal/hal/lib\libHALD.a(FRAM.o)
                0x20010ffc                FRAM_write
 .text.FRAM_readPacket
                0x200111dc       0xf0 C:/Users/ground/Documents/GitHub/tevel2/GlobusSatProject/..//hal/hal/lib\libHALD.a(FRAM.o)
 .text.FRAM_read
                0x200112cc      0x1ec C:/Users/ground/Documents/GitHub/tevel2/GlobusSatProject/..//hal/hal/lib\libHALD.a(FRAM.o)
                0x200112cc                FRAM_read
 .text.Time_start
                0x200114b8      0x170 C:/Users/ground/Documents/GitHub/tevel2/GlobusSatProject/..//hal/hal/lib\libHALD.a(Time.o)
                0x200114b8                Time_start
 .text.taskTimeSync
                0x20011628       0x64 C:/Users/ground/Documents/GitHub/tevel2/GlobusSatProject/..//hal/hal/lib\libHALD.a(Time.o)
 .text.Time_convertEpochToTime
                0x2001168c      0x100 C:/Users/ground/Documents/GitHub/tevel2/GlobusSatProject/..//hal/hal/lib\libHALD.a(Time.o)
                0x2001168c                Time_convertEpochToTime
 .text.Time_calculateSecondsOfYear
                0x2001178c       0xd8 C:/Users/ground/Documents/GitHub/tevel2/GlobusSatProject/..//hal/hal/lib\libHALD.a(Time.o)
 .text.Time_set
                0x20011864       0xd8 C:/Users/ground/Documents/GitHub/tevel2/GlobusSatProject/..//hal/hal/lib\libHALD.a(Time.o)
                0x20011864                Time_set
 .text.Time_isLeapYear
                0x2001193c       0x98 C:/Users/ground/Documents/GitHub/tevel2/GlobusSatProject/..//hal/hal/lib\libHALD.a(Time.o)
                0x2001193c                Time_isLeapYear
 .text.Time_get
                0x200119d4      0x478 C:/Users/ground/Documents/GitHub/tevel2/GlobusSatProject/..//hal/hal/lib\libHALD.a(Time.o)
                0x200119d4                Time_get
 .text.Time_getUnixEpoch
                0x20011e4c      0x108 C:/Users/ground/Documents/GitHub/tevel2/GlobusSatProject/..//hal/hal/lib\libHALD.a(Time.o)
                0x20011e4c                Time_getUnixEpoch
 .text.Time_secondsOfYearToTime
                0x20011f54      0x33c C:/Users/ground/Documents/GitHub/tevel2/GlobusSatProject/..//hal/hal/lib\libHALD.a(Time.o)
 .text.Time_setUnixEpoch
                0x20012290       0x54 C:/Users/ground/Documents/GitHub/tevel2/GlobusSatProject/..//hal/hal/lib\libHALD.a(Time.o)
                0x20012290                Time_setUnixEpoch
 .text.Time_getUptimeSeconds
                0x200122e4       0x28 C:/Users/ground/Documents/GitHub/tevel2/GlobusSatProject/..//hal/hal/lib\libHALD.a(Time.o)
                0x200122e4                Time_getUptimeSeconds
 .text.Time_sync
                0x2001230c      0x1a8 C:/Users/ground/Documents/GitHub/tevel2/GlobusSatProject/..//hal/hal/lib\libHALD.a(Time.o)
                0x2001230c                Time_sync
 .text.Time_syncIfNeeded
                0x200124b4       0xac C:/Users/ground/Documents/GitHub/tevel2/GlobusSatProject/..//hal/hal/lib\libHALD.a(Time.o)
                0x200124b4                Time_syncIfNeeded
 .text.WDT_start
                0x20012560       0x48 C:/Users/ground/Documents/GitHub/tevel2/GlobusSatProject/..//hal/hal/lib\libHALD.a(WatchDogTimerNoOS.o)
                0x20012560                WDT_start
 .text.RTT_start
                0x200125a8       0x24 C:/Users/ground/Documents/GitHub/tevel2/GlobusSatProject/..//hal/hal/lib\libHALD.a(RTT.o)
                0x200125a8                RTT_start
 .text.RTT_GetTime
                0x200125cc       0x24 C:/Users/ground/Documents/GitHub/tevel2/GlobusSatProject/..//hal/hal/lib\libHALD.a(RTT.o)
                0x200125cc                RTT_GetTime
 .text.RTC_start
                0x200125f0       0x3c C:/Users/ground/Documents/GitHub/tevel2/GlobusSatProject/..//hal/hal/lib\libHALD.a(RTC.o)
                0x200125f0                RTC_start
 .text.RTC_setTime
                0x2001262c      0x2a4 C:/Users/ground/Documents/GitHub/tevel2/GlobusSatProject/..//hal/hal/lib\libHALD.a(RTC.o)
                0x2001262c                RTC_setTime
 .text.RTC_getTime
                0x200128d0      0x230 C:/Users/ground/Documents/GitHub/tevel2/GlobusSatProject/..//hal/hal/lib\libHALD.a(RTC.o)
                0x200128d0                RTC_getTime
 .text.RTC_checkTimeValid
                0x20012b00       0xd8 C:/Users/ground/Documents/GitHub/tevel2/GlobusSatProject/..//hal/hal/lib\libHALD.a(RTC.o)
                0x20012b00                RTC_checkTimeValid
 .text.WDT_startWatchdogKickTask
                0x20012bd8       0xb4 C:/Users/ground/Documents/GitHub/tevel2/GlobusSatProject/..//hal/hal/lib\libHALD.a(WatchDogTimerOS.o)
                0x20012bd8                WDT_startWatchdogKickTask
 .text.WDT_forceKickEveryNms
                0x20012c8c       0x50 C:/Users/ground/Documents/GitHub/tevel2/GlobusSatProject/..//hal/hal/lib\libHALD.a(WatchDogTimerOS.o)
                0x20012c8c                WDT_forceKickEveryNms
 .text.LED_glow
                0x20012cdc       0x58 C:/Users/ground/Documents/GitHub/tevel2/GlobusSatProject/..//hal/hal/lib\libHALD.a(LED.o)
                0x20012cdc                LED_glow
 .text.LED_dark
                0x20012d34       0x58 C:/Users/ground/Documents/GitHub/tevel2/GlobusSatProject/..//hal/hal/lib\libHALD.a(LED.o)
                0x20012d34                LED_dark
 .text.LED_toggle
                0x20012d8c       0x50 C:/Users/ground/Documents/GitHub/tevel2/GlobusSatProject/..//hal/hal/lib\libHALD.a(LED.o)
                0x20012d8c                LED_toggle
 .text.fm_initvolume
                0x20012ddc       0x70 C:/Users/ground/Documents/GitHub/tevel2/GlobusSatProject/..//hal/hcc/lib\libHCCD.a(fat_m.o)
                0x20012ddc                fm_initvolume
 .text.fm_delvolume
                0x20012e4c       0x60 C:/Users/ground/Documents/GitHub/tevel2/GlobusSatProject/..//hal/hcc/lib\libHCCD.a(fat_m.o)
                0x20012e4c                fm_delvolume
 .text.fm_format
                0x20012eac       0x68 C:/Users/ground/Documents/GitHub/tevel2/GlobusSatProject/..//hal/hcc/lib\libHCCD.a(fat_m.o)
                0x20012eac                fm_format
 .text.fm_getdrive
                0x20012f14       0x70 C:/Users/ground/Documents/GitHub/tevel2/GlobusSatProject/..//hal/hcc/lib\libHCCD.a(fat_m.o)
                0x20012f14                fm_getdrive
 .text.fm_getfreespace
                0x20012f84       0x68 C:/Users/ground/Documents/GitHub/tevel2/GlobusSatProject/..//hal/hcc/lib\libHCCD.a(fat_m.o)
                0x20012f84                fm_getfreespace
 .text.fm_mkdir
                0x20012fec       0x60 C:/Users/ground/Documents/GitHub/tevel2/GlobusSatProject/..//hal/hcc/lib\libHCCD.a(fat_m.o)
                0x20012fec                fm_mkdir
 .text.fm_rename
                0x2001304c       0x68 C:/Users/ground/Documents/GitHub/tevel2/GlobusSatProject/..//hal/hcc/lib\libHCCD.a(fat_m.o)
                0x2001304c                fm_rename
 .text.fm_filelength
                0x200130b4       0x60 C:/Users/ground/Documents/GitHub/tevel2/GlobusSatProject/..//hal/hcc/lib\libHCCD.a(fat_m.o)
                0x200130b4                fm_filelength
 .text.fm_close
                0x20013114       0x60 C:/Users/ground/Documents/GitHub/tevel2/GlobusSatProject/..//hal/hcc/lib\libHCCD.a(fat_m.o)
                0x20013114                fm_close
 .text.fm_flush
                0x20013174       0x60 C:/Users/ground/Documents/GitHub/tevel2/GlobusSatProject/..//hal/hcc/lib\libHCCD.a(fat_m.o)
                0x20013174                fm_flush
 .text.fm_open  0x200131d4       0x68 C:/Users/ground/Documents/GitHub/tevel2/GlobusSatProject/..//hal/hcc/lib\libHCCD.a(fat_m.o)
                0x200131d4                fm_open
 .text.fm_read  0x2001323c       0x7c C:/Users/ground/Documents/GitHub/tevel2/GlobusSatProject/..//hal/hcc/lib\libHCCD.a(fat_m.o)
                0x2001323c                fm_read
 .text.fm_write
                0x200132b8       0x7c C:/Users/ground/Documents/GitHub/tevel2/GlobusSatProject/..//hal/hcc/lib\libHCCD.a(fat_m.o)
                0x200132b8                fm_write
 .text.fm_seek  0x20013334       0x70 C:/Users/ground/Documents/GitHub/tevel2/GlobusSatProject/..//hal/hcc/lib\libHCCD.a(fat_m.o)
                0x20013334                fm_seek
 .text.fm_delete
                0x200133a4       0x64 C:/Users/ground/Documents/GitHub/tevel2/GlobusSatProject/..//hal/hcc/lib\libHCCD.a(fat_m.o)
                0x200133a4                fm_delete
 .text.fm_getlasterror
                0x20013408       0x40 C:/Users/ground/Documents/GitHub/tevel2/GlobusSatProject/..//hal/hcc/lib\libHCCD.a(fat_m.o)
                0x20013408                fm_getlasterror
 .text._f_invalidatedir
                0x20013448       0x28 C:/Users/ground/Documents/GitHub/tevel2/GlobusSatProject/..//hal/hcc/lib\libHCCD.a(fat.o)
                0x20013448                _f_invalidatedir
 .text._f_getdirsector
                0x20013470       0x88 C:/Users/ground/Documents/GitHub/tevel2/GlobusSatProject/..//hal/hcc/lib\libHCCD.a(fat.o)
                0x20013470                _f_getdirsector
 .text._f_writedirsector
                0x200134f8       0x74 C:/Users/ground/Documents/GitHub/tevel2/GlobusSatProject/..//hal/hcc/lib\libHCCD.a(fat.o)
                0x200134f8                _f_writedirsector
 .text._f_checknameinv
                0x2001356c      0x180 C:/Users/ground/Documents/GitHub/tevel2/GlobusSatProject/..//hal/hcc/lib\libHCCD.a(fat.o)
 .text._f_checkname
                0x200136ec       0x7c C:/Users/ground/Documents/GitHub/tevel2/GlobusSatProject/..//hal/hcc/lib\libHCCD.a(fat.o)
 .text._f_checknamewc
                0x20013768       0xf8 C:/Users/ground/Documents/GitHub/tevel2/GlobusSatProject/..//hal/hcc/lib\libHCCD.a(fat.o)
 .text._f_setnameext
                0x20013860      0x300 C:/Users/ground/Documents/GitHub/tevel2/GlobusSatProject/..//hal/hcc/lib\libHCCD.a(fat.o)
 .text._f_setfsname
                0x20013b60      0x584 C:/Users/ground/Documents/GitHub/tevel2/GlobusSatProject/..//hal/hcc/lib\libHCCD.a(fat.o)
 .text._f_findfile
                0x200140e4      0x30c C:/Users/ground/Documents/GitHub/tevel2/GlobusSatProject/..//hal/hcc/lib\libHCCD.a(fat.o)
 .text._f_findpath
                0x200143f0      0x35c C:/Users/ground/Documents/GitHub/tevel2/GlobusSatProject/..//hal/hcc/lib\libHCCD.a(fat.o)
 .text.fn_getdcwd
                0x2001474c      0x1e0 C:/Users/ground/Documents/GitHub/tevel2/GlobusSatProject/..//hal/hcc/lib\libHCCD.a(fat.o)
                0x2001474c                fn_getdcwd
 .text.fn_move  0x2001492c      0xad0 C:/Users/ground/Documents/GitHub/tevel2/GlobusSatProject/..//hal/hcc/lib\libHCCD.a(fat.o)
                0x2001492c                fn_move
 .text.fn_rename
                0x200153fc      0x214 C:/Users/ground/Documents/GitHub/tevel2/GlobusSatProject/..//hal/hcc/lib\libHCCD.a(fat.o)
                0x200153fc                fn_rename
 .text._f_lock_resfile
                0x20015610       0x6c C:/Users/ground/Documents/GitHub/tevel2/GlobusSatProject/..//hal/hcc/lib\libHCCD.a(fat.o)
 .text._f_unlock_resfile
                0x2001567c       0x40 C:/Users/ground/Documents/GitHub/tevel2/GlobusSatProject/..//hal/hcc/lib\libHCCD.a(fat.o)
 .text._f_getintfile
                0x200156bc      0x124 C:/Users/ground/Documents/GitHub/tevel2/GlobusSatProject/..//hal/hcc/lib\libHCCD.a(fat.o)
 .text._f_addentry
                0x200157e0      0x540 C:/Users/ground/Documents/GitHub/tevel2/GlobusSatProject/..//hal/hcc/lib\libHCCD.a(fat.o)
 .text.fn_mkdir
                0x20015d20      0x75c C:/Users/ground/Documents/GitHub/tevel2/GlobusSatProject/..//hal/hcc/lib\libHCCD.a(fat.o)
                0x20015d20                fn_mkdir
 .text.fn_filelength
                0x2001647c      0x1cc C:/Users/ground/Documents/GitHub/tevel2/GlobusSatProject/..//hal/hcc/lib\libHCCD.a(fat.o)
                0x2001647c                fn_filelength
 .text.fn_open_sub
                0x20016648     0x1698 C:/Users/ground/Documents/GitHub/tevel2/GlobusSatProject/..//hal/hcc/lib\libHCCD.a(fat.o)
 .text.fn_open  0x20017ce0       0x44 C:/Users/ground/Documents/GitHub/tevel2/GlobusSatProject/..//hal/hcc/lib\libHCCD.a(fat.o)
                0x20017ce0                fn_open
 .text.fn_delete
                0x20017d24      0x490 C:/Users/ground/Documents/GitHub/tevel2/GlobusSatProject/..//hal/hcc/lib\libHCCD.a(fat.o)
                0x20017d24                fn_delete
 .text.fn_init  0x200181b4      0x2dc C:/Users/ground/Documents/GitHub/tevel2/GlobusSatProject/..//hal/hcc/lib\libHCCD.a(fat_common.o)
                0x200181b4                fn_init
 .text.fsn_delete
                0x20018490       0xc8 C:/Users/ground/Documents/GitHub/tevel2/GlobusSatProject/..//hal/hcc/lib\libHCCD.a(fat_common.o)
                0x20018490                fsn_delete
 .text._f_get16bitl
                0x20018558       0x4c C:/Users/ground/Documents/GitHub/tevel2/GlobusSatProject/..//hal/hcc/lib\libHCCD.a(fat_common.o)
                0x20018558                _f_get16bitl
 .text._f_set16bitl
                0x200185a4       0x54 C:/Users/ground/Documents/GitHub/tevel2/GlobusSatProject/..//hal/hcc/lib\libHCCD.a(fat_common.o)
                0x200185a4                _f_set16bitl
 .text._f_get32bitl
                0x200185f8       0x68 C:/Users/ground/Documents/GitHub/tevel2/GlobusSatProject/..//hal/hcc/lib\libHCCD.a(fat_common.o)
                0x200185f8                _f_get32bitl
 .text._f_set32bitl
                0x20018660       0x78 C:/Users/ground/Documents/GitHub/tevel2/GlobusSatProject/..//hal/hcc/lib\libHCCD.a(fat_common.o)
                0x20018660                _f_set32bitl
 .text._get8bit
                0x200186d8       0xa0 C:/Users/ground/Documents/GitHub/tevel2/GlobusSatProject/..//hal/hcc/lib\libHCCD.a(fat_common.o)
 .text._get16bitl
                0x20018778       0x40 C:/Users/ground/Documents/GitHub/tevel2/GlobusSatProject/..//hal/hcc/lib\libHCCD.a(fat_common.o)
 .text._get32bitl
                0x200187b8       0x3c C:/Users/ground/Documents/GitHub/tevel2/GlobusSatProject/..//hal/hcc/lib\libHCCD.a(fat_common.o)
 .text._set8bitzero
                0x200187f4       0x6c C:/Users/ground/Documents/GitHub/tevel2/GlobusSatProject/..//hal/hcc/lib\libHCCD.a(fat_common.o)
 .text._set8bit
                0x20018860       0xa0 C:/Users/ground/Documents/GitHub/tevel2/GlobusSatProject/..//hal/hcc/lib\libHCCD.a(fat_common.o)
 .text._set16bitl
                0x20018900       0x3c C:/Users/ground/Documents/GitHub/tevel2/GlobusSatProject/..//hal/hcc/lib\libHCCD.a(fat_common.o)
 .text._set32bitl
                0x2001893c       0x34 C:/Users/ground/Documents/GitHub/tevel2/GlobusSatProject/..//hal/hcc/lib\libHCCD.a(fat_common.o)
 .text._f_setcardremoved
                0x20018970       0x94 C:/Users/ground/Documents/GitHub/tevel2/GlobusSatProject/..//hal/hcc/lib\libHCCD.a(fat_common.o)
 .text._f_checkstatus
                0x20018a04      0x104 C:/Users/ground/Documents/GitHub/tevel2/GlobusSatProject/..//hal/hcc/lib\libHCCD.a(fat_common.o)
                0x20018a04                _f_checkstatus
 .text._f_drvgetphy
                0x20018b08      0x114 C:/Users/ground/Documents/GitHub/tevel2/GlobusSatProject/..//hal/hcc/lib\libHCCD.a(fat_common.o)
 .text._f_drvwritesector
                0x20018c1c       0xdc C:/Users/ground/Documents/GitHub/tevel2/GlobusSatProject/..//hal/hcc/lib\libHCCD.a(fat_common.o)
 .text._f_drvreadsector
                0x20018cf8       0xa8 C:/Users/ground/Documents/GitHub/tevel2/GlobusSatProject/..//hal/hcc/lib\libHCCD.a(fat_common.o)
 .text._f_writesector
                0x20018da0      0x23c C:/Users/ground/Documents/GitHub/tevel2/GlobusSatProject/..//hal/hcc/lib\libHCCD.a(fat_common.o)
                0x20018da0                _f_writesector
 .text._f_readsector
                0x20018fdc      0x1dc C:/Users/ground/Documents/GitHub/tevel2/GlobusSatProject/..//hal/hcc/lib\libHCCD.a(fat_common.o)
                0x20018fdc                _f_readsector
 .text._f_getmaxcluster
                0x200191b8       0x94 C:/Users/ground/Documents/GitHub/tevel2/GlobusSatProject/..//hal/hcc/lib\libHCCD.a(fat_common.o)
                0x200191b8                _f_getmaxcluster
 .text._getsectorfromcluster
                0x2001924c       0x68 C:/Users/ground/Documents/GitHub/tevel2/GlobusSatProject/..//hal/hcc/lib\libHCCD.a(fat_common.o)
 .text._f_buildsectors
                0x200192b4      0x268 C:/Users/ground/Documents/GitHub/tevel2/GlobusSatProject/..//hal/hcc/lib\libHCCD.a(fat_common.o)
 .text._f_getbootrecord
                0x2001951c      0x5e4 C:/Users/ground/Documents/GitHub/tevel2/GlobusSatProject/..//hal/hcc/lib\libHCCD.a(fat_common.o)
 .text._f_readbootrecord
                0x20019b00      0x4f8 C:/Users/ground/Documents/GitHub/tevel2/GlobusSatProject/..//hal/hcc/lib\libHCCD.a(fat_common.o)
 .text._f_writebootrecord
                0x20019ff8      0x5e4 C:/Users/ground/Documents/GitHub/tevel2/GlobusSatProject/..//hal/hcc/lib\libHCCD.a(fat_common.o)
 .text._f_flushcffiles
                0x2001a5dc      0x17c C:/Users/ground/Documents/GitHub/tevel2/GlobusSatProject/..//hal/hcc/lib\libHCCD.a(fat_common.o)
                0x2001a5dc                _f_flushcffiles
 .text._f_fatcache_flush
                0x2001a758      0x270 C:/Users/ground/Documents/GitHub/tevel2/GlobusSatProject/..//hal/hcc/lib\libHCCD.a(fat_common.o)
                0x2001a758                _f_fatcache_flush
 .text._f_writefatsector
                0x2001a9c8      0x100 C:/Users/ground/Documents/GitHub/tevel2/GlobusSatProject/..//hal/hcc/lib\libHCCD.a(fat_common.o)
                0x2001a9c8                _f_writefatsector
 .text._f_getfatsector
                0x2001aac8      0x3bc C:/Users/ground/Documents/GitHub/tevel2/GlobusSatProject/..//hal/hcc/lib\libHCCD.a(fat_common.o)
 .text._f_setclustervalue
                0x2001ae84      0x490 C:/Users/ground/Documents/GitHub/tevel2/GlobusSatProject/..//hal/hcc/lib\libHCCD.a(fat_common.o)
                0x2001ae84                _f_setclustervalue
 .text._f_getclustervalue
                0x2001b314      0x388 C:/Users/ground/Documents/GitHub/tevel2/GlobusSatProject/..//hal/hcc/lib\libHCCD.a(fat_common.o)
                0x2001b314                _f_getclustervalue
 .text._f_close_drive_files
                0x2001b69c       0xac C:/Users/ground/Documents/GitHub/tevel2/GlobusSatProject/..//hal/hcc/lib\libHCCD.a(fat_common.o)
 .text._f_inc_mount_count
                0x2001b748       0xa4 C:/Users/ground/Documents/GitHub/tevel2/GlobusSatProject/..//hal/hcc/lib\libHCCD.a(fat_common.o)
 .text._f_getvolume
                0x2001b7ec      0x2f8 C:/Users/ground/Documents/GitHub/tevel2/GlobusSatProject/..//hal/hcc/lib\libHCCD.a(fat_common.o)
                0x2001b7ec                _f_getvolume
 .text.fn_createdriver
                0x2001bae4      0x118 C:/Users/ground/Documents/GitHub/tevel2/GlobusSatProject/..//hal/hcc/lib\libHCCD.a(fat_common.o)
                0x2001bae4                fn_createdriver
 .text.fn_initvolume
                0x2001bbfc      0x12c C:/Users/ground/Documents/GitHub/tevel2/GlobusSatProject/..//hal/hcc/lib\libHCCD.a(fat_common.o)
                0x2001bbfc                fn_initvolume
 .text.fn_releasedriver
                0x2001bd28       0xf4 C:/Users/ground/Documents/GitHub/tevel2/GlobusSatProject/..//hal/hcc/lib\libHCCD.a(fat_common.o)
                0x2001bd28                fn_releasedriver
 .text.fn_initvolumepartition_sub
                0x2001be1c       0xe0 C:/Users/ground/Documents/GitHub/tevel2/GlobusSatProject/..//hal/hcc/lib\libHCCD.a(fat_common.o)
 .text.fn_initvolumepartition
                0x2001befc       0xac C:/Users/ground/Documents/GitHub/tevel2/GlobusSatProject/..//hal/hcc/lib\libHCCD.a(fat_common.o)
                0x2001befc                fn_initvolumepartition
 .text.fn_delvolume
                0x2001bfa8      0x194 C:/Users/ground/Documents/GitHub/tevel2/GlobusSatProject/..//hal/hcc/lib\libHCCD.a(fat_common.o)
                0x2001bfa8                fn_delvolume
 .text._f_clustertopos
                0x2001c13c       0xf8 C:/Users/ground/Documents/GitHub/tevel2/GlobusSatProject/..//hal/hcc/lib\libHCCD.a(fat_common.o)
                0x2001c13c                _f_clustertopos
 .text._f_prepareformat
                0x2001c234      0x8b8 C:/Users/ground/Documents/GitHub/tevel2/GlobusSatProject/..//hal/hcc/lib\libHCCD.a(fat_common.o)
 .text._f_resetfatentries
                0x2001caec      0x410 C:/Users/ground/Documents/GitHub/tevel2/GlobusSatProject/..//hal/hcc/lib\libHCCD.a(fat_common.o)
 .text._f_resetrootdir
                0x2001cefc       0xcc C:/Users/ground/Documents/GitHub/tevel2/GlobusSatProject/..//hal/hcc/lib\libHCCD.a(fat_common.o)
 .text._f_postformat
                0x2001cfc8      0x178 C:/Users/ground/Documents/GitHub/tevel2/GlobusSatProject/..//hal/hcc/lib\libHCCD.a(fat_common.o)
 .text.fn_format
                0x2001d140      0x148 C:/Users/ground/Documents/GitHub/tevel2/GlobusSatProject/..//hal/hcc/lib\libHCCD.a(fat_common.o)
                0x2001d140                fn_format
 .text._f_getcurrsector
                0x2001d288      0x6c8 C:/Users/ground/Documents/GitHub/tevel2/GlobusSatProject/..//hal/hcc/lib\libHCCD.a(fat_common.o)
                0x2001d288                _f_getcurrsector
 .text._f_getdecluster
                0x2001d950       0x90 C:/Users/ground/Documents/GitHub/tevel2/GlobusSatProject/..//hal/hcc/lib\libHCCD.a(fat_common.o)
                0x2001d950                _f_getdecluster
 .text._f_setdecluster
                0x2001d9e0       0x8c C:/Users/ground/Documents/GitHub/tevel2/GlobusSatProject/..//hal/hcc/lib\libHCCD.a(fat_common.o)
                0x2001d9e0                _f_setdecluster
 .text.fn_getdrive
                0x2001da6c       0x30 C:/Users/ground/Documents/GitHub/tevel2/GlobusSatProject/..//hal/hcc/lib\libHCCD.a(fat_common.o)
                0x2001da6c                fn_getdrive
 .text._f_getcurrenttimedate
                0x2001da9c      0x138 C:/Users/ground/Documents/GitHub/tevel2/GlobusSatProject/..//hal/hcc/lib\libHCCD.a(fat_common.o)
                0x2001da9c                _f_getcurrenttimedate
 .text._f_initentry
                0x2001dbd4       0xa0 C:/Users/ground/Documents/GitHub/tevel2/GlobusSatProject/..//hal/hcc/lib\libHCCD.a(fat_common.o)
                0x2001dbd4                _f_initentry
 .text._f_alloccluster
                0x2001dc74      0x344 C:/Users/ground/Documents/GitHub/tevel2/GlobusSatProject/..//hal/hcc/lib\libHCCD.a(fat_common.o)
                0x2001dc74                _f_alloccluster
 .text._f_dobadblock
                0x2001dfb8      0x2cc C:/Users/ground/Documents/GitHub/tevel2/GlobusSatProject/..//hal/hcc/lib\libHCCD.a(fat_common.o)
                0x2001dfb8                _f_dobadblock
 .text._f_checklocked
                0x2001e284       0xe4 C:/Users/ground/Documents/GitHub/tevel2/GlobusSatProject/..//hal/hcc/lib\libHCCD.a(fat_common.o)
                0x2001e284                _f_checklocked
 .text._f_checkappendlocked
                0x2001e368      0x110 C:/Users/ground/Documents/GitHub/tevel2/GlobusSatProject/..//hal/hcc/lib\libHCCD.a(fat_common.o)
                0x2001e368                _f_checkappendlocked
 .text._f_setsyncafile
                0x2001e478      0x114 C:/Users/ground/Documents/GitHub/tevel2/GlobusSatProject/..//hal/hcc/lib\libHCCD.a(fat_common.o)
                0x2001e478                _f_setsyncafile
 .text._f_syncfiles
                0x2001e58c      0x128 C:/Users/ground/Documents/GitHub/tevel2/GlobusSatProject/..//hal/hcc/lib\libHCCD.a(fat_common.o)
                0x2001e58c                _f_syncfiles
 .text._f_syncfilescontent
                0x2001e6b4      0x15c C:/Users/ground/Documents/GitHub/tevel2/GlobusSatProject/..//hal/hcc/lib\libHCCD.a(fat_common.o)
 .text.fn_getfreespace
                0x2001e810      0x4c0 C:/Users/ground/Documents/GitHub/tevel2/GlobusSatProject/..//hal/hcc/lib\libHCCD.a(fat_common.o)
                0x2001e810                fn_getfreespace
 .text._f_emptywritecache
                0x2001ecd0      0x4a4 C:/Users/ground/Documents/GitHub/tevel2/GlobusSatProject/..//hal/hcc/lib\libHCCD.a(fat_common.o)
 .text._f_allocnextcluster
                0x2001f174      0x54c C:/Users/ground/Documents/GitHub/tevel2/GlobusSatProject/..//hal/hcc/lib\libHCCD.a(fat_common.o)
 .text._f_emptywritebuffer
                0x2001f6c0      0x20c C:/Users/ground/Documents/GitHub/tevel2/GlobusSatProject/..//hal/hcc/lib\libHCCD.a(fat_common.o)
 .text._f_writezeros
                0x2001f8cc       0xf0 C:/Users/ground/Documents/GitHub/tevel2/GlobusSatProject/..//hal/hcc/lib\libHCCD.a(fat_common.o)
                0x2001f8cc                _f_writezeros
 .text._f_extend_file
                0x2001f9bc      0x570 C:/Users/ground/Documents/GitHub/tevel2/GlobusSatProject/..//hal/hcc/lib\libHCCD.a(fat_common.o)
 .text._f_fseek
                0x2001ff2c      0x9bc C:/Users/ground/Documents/GitHub/tevel2/GlobusSatProject/..//hal/hcc/lib\libHCCD.a(fat_common.o)
                0x2001ff2c                _f_fseek
 .text._f_removechain
                0x200208e8      0x104 C:/Users/ground/Documents/GitHub/tevel2/GlobusSatProject/..//hal/hcc/lib\libHCCD.a(fat_common.o)
                0x200208e8                _f_removechain
 .text._f_updatefileentry
                0x200209ec      0x1cc C:/Users/ground/Documents/GitHub/tevel2/GlobusSatProject/..//hal/hcc/lib\libHCCD.a(fat_common.o)
 .text._f_checkreadlocked
                0x20020bb8      0x1bc C:/Users/ground/Documents/GitHub/tevel2/GlobusSatProject/..//hal/hcc/lib\libHCCD.a(fat_common.o)
                0x20020bb8                _f_checkreadlocked
 .text._f_check_handle
                0x20020d74       0x98 C:/Users/ground/Documents/GitHub/tevel2/GlobusSatProject/..//hal/hcc/lib\libHCCD.a(fat_common.o)
                0x20020d74                _f_check_handle
 .text._f_removesyncafile
                0x20020e0c      0x1ec C:/Users/ground/Documents/GitHub/tevel2/GlobusSatProject/..//hal/hcc/lib\libHCCD.a(fat_common.o)
 .text.fn_close
                0x20020ff8      0x3f8 C:/Users/ground/Documents/GitHub/tevel2/GlobusSatProject/..//hal/hcc/lib\libHCCD.a(fat_common.o)
                0x20020ff8                fn_close
 .text.fn_flush
                0x200213f0      0x374 C:/Users/ground/Documents/GitHub/tevel2/GlobusSatProject/..//hal/hcc/lib\libHCCD.a(fat_common.o)
                0x200213f0                fn_flush
 .text.fn_read  0x20021764      0x690 C:/Users/ground/Documents/GitHub/tevel2/GlobusSatProject/..//hal/hcc/lib\libHCCD.a(fat_common.o)
                0x20021764                fn_read
 .text._f_abortwrite
                0x20021df4      0x100 C:/Users/ground/Documents/GitHub/tevel2/GlobusSatProject/..//hal/hcc/lib\libHCCD.a(fat_common.o)
 .text._f_checkwritecluster
                0x20021ef4       0xe4 C:/Users/ground/Documents/GitHub/tevel2/GlobusSatProject/..//hal/hcc/lib\libHCCD.a(fat_common.o)
 .text.fn_write
                0x20021fd8      0x8a8 C:/Users/ground/Documents/GitHub/tevel2/GlobusSatProject/..//hal/hcc/lib\libHCCD.a(fat_common.o)
                0x20021fd8                fn_write
 .text.fn_seek  0x20022880      0x270 C:/Users/ground/Documents/GitHub/tevel2/GlobusSatProject/..//hal/hcc/lib\libHCCD.a(fat_common.o)
                0x20022880                fn_seek
 .text.f_enterFS
                0x20022af0      0x1c0 C:/Users/ground/Documents/GitHub/tevel2/GlobusSatProject/..//hal/hcc/lib\libHCCD.a(fat_common.o)
                0x20022af0                f_enterFS
 .text.fnGetTask
                0x20022cb0       0xfc C:/Users/ground/Documents/GitHub/tevel2/GlobusSatProject/..//hal/hcc/lib\libHCCD.a(fat_common.o)
                0x20022cb0                fnGetTask
 .text._f_mutex_get
                0x20022dac       0x98 C:/Users/ground/Documents/GitHub/tevel2/GlobusSatProject/..//hal/hcc/lib\libHCCD.a(fat_common.o)
                0x20022dac                _f_mutex_get
 .text._f_mutex_put
                0x20022e44       0x54 C:/Users/ground/Documents/GitHub/tevel2/GlobusSatProject/..//hal/hcc/lib\libHCCD.a(fat_common.o)
                0x20022e44                _f_mutex_put
 .text._fn_initseekdivisor
                0x20022e98      0x158 C:/Users/ground/Documents/GitHub/tevel2/GlobusSatProject/..//hal/hcc/lib\libHCCD.a(fat_common.o)
                0x20022e98                _fn_initseekdivisor
 .text._fn_updateseekpos
                0x20022ff0       0xc4 C:/Users/ground/Documents/GitHub/tevel2/GlobusSatProject/..//hal/hcc/lib\libHCCD.a(fat_common.o)
 .text._f_findopensize
                0x200230b4       0x2c C:/Users/ground/Documents/GitHub/tevel2/GlobusSatProject/..//hal/hcc/lib\libHCCD.a(fat_common.o)
                0x200230b4                _f_findopensize
 .text.fn_setlasterror
                0x200230e0       0x34 C:/Users/ground/Documents/GitHub/tevel2/GlobusSatProject/..//hal/hcc/lib\libHCCD.a(fat_common.o)
                0x200230e0                fn_setlasterror
 .text.fn_setlasterror_noret
                0x20023114       0x2c C:/Users/ground/Documents/GitHub/tevel2/GlobusSatProject/..//hal/hcc/lib\libHCCD.a(fat_common.o)
                0x20023114                fn_setlasterror_noret
 .text._s_checkzeroclusteratend
                0x20023140       0xf8 C:/Users/ground/Documents/GitHub/tevel2/GlobusSatProject/..//hal/hcc/lib\libHCCD.a(safefat.o)
 .text._s_clearclustercontent
                0x20023238      0x108 C:/Users/ground/Documents/GitHub/tevel2/GlobusSatProject/..//hal/hcc/lib\libHCCD.a(safefat.o)
 .text._s_clearclustercontentdir
                0x20023340      0x19c C:/Users/ground/Documents/GitHub/tevel2/GlobusSatProject/..//hal/hcc/lib\libHCCD.a(safefat.o)
 .text._s_writedirsector
                0x200234dc       0xd0 C:/Users/ground/Documents/GitHub/tevel2/GlobusSatProject/..//hal/hcc/lib\libHCCD.a(safefat.o)
 .text._s_getdirsector
                0x200235ac      0x100 C:/Users/ground/Documents/GitHub/tevel2/GlobusSatProject/..//hal/hcc/lib\libHCCD.a(safefat.o)
 .text._s_addentry
                0x200236ac      0x394 C:/Users/ground/Documents/GitHub/tevel2/GlobusSatProject/..//hal/hcc/lib\libHCCD.a(safefat.o)
 .text._s_findfile
                0x20023a40      0x33c C:/Users/ground/Documents/GitHub/tevel2/GlobusSatProject/..//hal/hcc/lib\libHCCD.a(safefat.o)
 .text._s_findsubdir
                0x20023d7c      0x248 C:/Users/ground/Documents/GitHub/tevel2/GlobusSatProject/..//hal/hcc/lib\libHCCD.a(safefat.o)
 .text._s_createfile
                0x20023fc4      0x190 C:/Users/ground/Documents/GitHub/tevel2/GlobusSatProject/..//hal/hcc/lib\libHCCD.a(safefat.o)
 .text._s_findsaffile
                0x20024154      0x1b8 C:/Users/ground/Documents/GitHub/tevel2/GlobusSatProject/..//hal/hcc/lib\libHCCD.a(safefat.o)
 .text._s_open  0x2002430c       0xe4 C:/Users/ground/Documents/GitHub/tevel2/GlobusSatProject/..//hal/hcc/lib\libHCCD.a(safefat.o)
 .text._s_open_saf
                0x200243f0       0xe8 C:/Users/ground/Documents/GitHub/tevel2/GlobusSatProject/..//hal/hcc/lib\libHCCD.a(safefat.o)
 .text._s_flush
                0x200244d8       0x84 C:/Users/ground/Documents/GitHub/tevel2/GlobusSatProject/..//hal/hcc/lib\libHCCD.a(safefat.o)
 .text._s_allocnextcluster
                0x2002455c      0x13c C:/Users/ground/Documents/GitHub/tevel2/GlobusSatProject/..//hal/hcc/lib\libHCCD.a(safefat.o)
 .text._s_getnextsector
                0x20024698       0xdc C:/Users/ground/Documents/GitHub/tevel2/GlobusSatProject/..//hal/hcc/lib\libHCCD.a(safefat.o)
 .text._s_seek  0x20024774      0x1e8 C:/Users/ground/Documents/GitHub/tevel2/GlobusSatProject/..//hal/hcc/lib\libHCCD.a(safefat.o)
 .text._s_get_len
                0x2002495c      0x10c C:/Users/ground/Documents/GitHub/tevel2/GlobusSatProject/..//hal/hcc/lib\libHCCD.a(safefat.o)
 .text._s_set_len
                0x20024a68       0xb4 C:/Users/ground/Documents/GitHub/tevel2/GlobusSatProject/..//hal/hcc/lib\libHCCD.a(safefat.o)
 .text.safe_fix_filelengths
                0x20024b1c       0xcc C:/Users/ground/Documents/GitHub/tevel2/GlobusSatProject/..//hal/hcc/lib\libHCCD.a(safefat.o)
                0x20024b1c                safe_fix_filelengths
 .text._s_read  0x20024be8      0x228 C:/Users/ground/Documents/GitHub/tevel2/GlobusSatProject/..//hal/hcc/lib\libHCCD.a(safefat.o)
 .text._s_write
                0x20024e10      0x384 C:/Users/ground/Documents/GitHub/tevel2/GlobusSatProject/..//hal/hcc/lib\libHCCD.a(safefat.o)
 .text._s_restoreclusters
                0x20025194      0x270 C:/Users/ground/Documents/GitHub/tevel2/GlobusSatProject/..//hal/hcc/lib\libHCCD.a(safefat.o)
                0x20025194                _s_restoreclusters
 .text._s_findrestore
                0x20025404      0x18c C:/Users/ground/Documents/GitHub/tevel2/GlobusSatProject/..//hal/hcc/lib\libHCCD.a(safefat.o)
 .text._s_cmd_writede
                0x20025590       0xd8 C:/Users/ground/Documents/GitHub/tevel2/GlobusSatProject/..//hal/hcc/lib\libHCCD.a(safefat.o)
 .text._s_cmd_setcluster
                0x20025668       0x88 C:/Users/ground/Documents/GitHub/tevel2/GlobusSatProject/..//hal/hcc/lib\libHCCD.a(safefat.o)
 .text._s_cmd_deletechain
                0x200256f0      0x100 C:/Users/ground/Documents/GitHub/tevel2/GlobusSatProject/..//hal/hcc/lib\libHCCD.a(safefat.o)
 .text._s_cmd_validatecfn
                0x200257f0      0x308 C:/Users/ground/Documents/GitHub/tevel2/GlobusSatProject/..//hal/hcc/lib\libHCCD.a(safefat.o)
 .text._s_cmd_seteof
                0x20025af8      0x3c4 C:/Users/ground/Documents/GitHub/tevel2/GlobusSatProject/..//hal/hcc/lib\libHCCD.a(safefat.o)
 .text.safe_docommands
                0x20025ebc      0x56c C:/Users/ground/Documents/GitHub/tevel2/GlobusSatProject/..//hal/hcc/lib\libHCCD.a(safefat.o)
                0x20025ebc                safe_docommands
 .text.safe_entercommand
                0x20026428       0x68 C:/Users/ground/Documents/GitHub/tevel2/GlobusSatProject/..//hal/hcc/lib\libHCCD.a(safefat.o)
                0x20026428                safe_entercommand
 .text.safe_ready
                0x20026490       0xf4 C:/Users/ground/Documents/GitHub/tevel2/GlobusSatProject/..//hal/hcc/lib\libHCCD.a(safefat.o)
                0x20026490                safe_ready
 .text.safe_copycfn
                0x20026584       0xb8 C:/Users/ground/Documents/GitHub/tevel2/GlobusSatProject/..//hal/hcc/lib\libHCCD.a(safefat.o)
                0x20026584                safe_copycfn
 .text.safe_cfremove
                0x2002663c       0xb8 C:/Users/ground/Documents/GitHub/tevel2/GlobusSatProject/..//hal/hcc/lib\libHCCD.a(safefat.o)
                0x2002663c                safe_cfremove
 .text.safe_writede
                0x200266f4      0x104 C:/Users/ground/Documents/GitHub/tevel2/GlobusSatProject/..//hal/hcc/lib\libHCCD.a(safefat.o)
                0x200266f4                safe_writede
 .text.safe_setcluster
                0x200267f8       0xcc C:/Users/ground/Documents/GitHub/tevel2/GlobusSatProject/..//hal/hcc/lib\libHCCD.a(safefat.o)
                0x200267f8                safe_setcluster
 .text.safe_deletechain
                0x200268c4      0x1c8 C:/Users/ground/Documents/GitHub/tevel2/GlobusSatProject/..//hal/hcc/lib\libHCCD.a(safefat.o)
                0x200268c4                safe_deletechain
 .text.safe_cfclose
                0x20026a8c      0x104 C:/Users/ground/Documents/GitHub/tevel2/GlobusSatProject/..//hal/hcc/lib\libHCCD.a(safefat.o)
                0x20026a8c                safe_cfclose
 .text.safe_cfflush
                0x20026b90      0x124 C:/Users/ground/Documents/GitHub/tevel2/GlobusSatProject/..//hal/hcc/lib\libHCCD.a(safefat.o)
                0x20026b90                safe_cfflush
 .text.safe_reset
                0x20026cb4       0x78 C:/Users/ground/Documents/GitHub/tevel2/GlobusSatProject/..//hal/hcc/lib\libHCCD.a(safefat.o)
                0x20026cb4                safe_reset
 .text.safe_loadcommands
                0x20026d2c       0x78 C:/Users/ground/Documents/GitHub/tevel2/GlobusSatProject/..//hal/hcc/lib\libHCCD.a(safefat.o)
                0x20026d2c                safe_loadcommands
 .text.safe_poweron
                0x20026da4      0x1fc C:/Users/ground/Documents/GitHub/tevel2/GlobusSatProject/..//hal/hcc/lib\libHCCD.a(safefat.o)
                0x20026da4                safe_poweron
 .text.cf_getname
                0x20026fa0       0xc0 C:/Users/ground/Documents/GitHub/tevel2/GlobusSatProject/..//hal/hcc/lib\libHCCD.a(safefat.o)
 .text.cf_copyclusterchain
                0x20027060      0x138 C:/Users/ground/Documents/GitHub/tevel2/GlobusSatProject/..//hal/hcc/lib\libHCCD.a(safefat.o)
 .text.cf_seektozero
                0x20027198       0x94 C:/Users/ground/Documents/GitHub/tevel2/GlobusSatProject/..//hal/hcc/lib\libHCCD.a(safefat.o)
                0x20027198                cf_seektozero
 .text.cf_create
                0x2002722c      0x3a8 C:/Users/ground/Documents/GitHub/tevel2/GlobusSatProject/..//hal/hcc/lib\libHCCD.a(safefat.o)
                0x2002722c                cf_create
 .text.cf_copyclustercontent
                0x200275d4      0x128 C:/Users/ground/Documents/GitHub/tevel2/GlobusSatProject/..//hal/hcc/lib\libHCCD.a(safefat.o)
                0x200275d4                cf_copyclustercontent
 .text.cf_copycfn
                0x200276fc      0x4bc C:/Users/ground/Documents/GitHub/tevel2/GlobusSatProject/..//hal/hcc/lib\libHCCD.a(safefat.o)
                0x200276fc                cf_copycfn
 .text.cf_remove
                0x20027bb8      0x344 C:/Users/ground/Documents/GitHub/tevel2/GlobusSatProject/..//hal/hcc/lib\libHCCD.a(safefat.o)
                0x20027bb8                cf_remove
 .text.cf_setclusternew
                0x20027efc       0xf0 C:/Users/ground/Documents/GitHub/tevel2/GlobusSatProject/..//hal/hcc/lib\libHCCD.a(safefat.o)
                0x20027efc                cf_setclusternew
 .text.cf_flush
                0x20027fec       0x58 C:/Users/ground/Documents/GitHub/tevel2/GlobusSatProject/..//hal/hcc/lib\libHCCD.a(safefat.o)
                0x20027fec                cf_flush
 .text.cf_getcluster
                0x20028044      0x1b4 C:/Users/ground/Documents/GitHub/tevel2/GlobusSatProject/..//hal/hcc/lib\libHCCD.a(safefat.o)
                0x20028044                cf_getcluster
 .text.cf_setnextcluster
                0x200281f8      0x194 C:/Users/ground/Documents/GitHub/tevel2/GlobusSatProject/..//hal/hcc/lib\libHCCD.a(safefat.o)
                0x200281f8                cf_setnextcluster
 .text.cf_getpositions
                0x2002838c       0xbc C:/Users/ground/Documents/GitHub/tevel2/GlobusSatProject/..//hal/hcc/lib\libHCCD.a(safefat.o)
                0x2002838c                cf_getpositions
 .text.cf_setpositions
                0x20028448       0xb0 C:/Users/ground/Documents/GitHub/tevel2/GlobusSatProject/..//hal/hcc/lib\libHCCD.a(safefat.o)
                0x20028448                cf_setpositions
 .text.cf_opensyncafile
                0x200284f8      0x150 C:/Users/ground/Documents/GitHub/tevel2/GlobusSatProject/..//hal/hcc/lib\libHCCD.a(safefat.o)
                0x200284f8                cf_opensyncafile
 .text.cf_reloadcfo
                0x20028648       0xd8 C:/Users/ground/Documents/GitHub/tevel2/GlobusSatProject/..//hal/hcc/lib\libHCCD.a(safefat.o)
                0x20028648                cf_reloadcfo
 .text.mcipdc_cmd
                0x20028720      0x22c C:/Users/ground/Documents/GitHub/tevel2/GlobusSatProject/..//hal/hcc/lib\libHCCD.a(atmel_mcipdc.o)
 .text.mcipdc_stop
                0x2002894c       0xfc C:/Users/ground/Documents/GitHub/tevel2/GlobusSatProject/..//hal/hcc/lib\libHCCD.a(atmel_mcipdc.o)
                0x2002894c                mcipdc_stop
 .text.mcipdc_read
                0x20028a48      0x27c C:/Users/ground/Documents/GitHub/tevel2/GlobusSatProject/..//hal/hcc/lib\libHCCD.a(atmel_mcipdc.o)
 .text.mcipdc_write
                0x20028cc4      0x298 C:/Users/ground/Documents/GitHub/tevel2/GlobusSatProject/..//hal/hcc/lib\libHCCD.a(atmel_mcipdc.o)
 .text.mcipdc_readsector
                0x20028f5c       0x9c C:/Users/ground/Documents/GitHub/tevel2/GlobusSatProject/..//hal/hcc/lib\libHCCD.a(atmel_mcipdc.o)
                0x20028f5c                mcipdc_readsector
 .text.mcipdc_readmultiplesector
                0x20028ff8      0x124 C:/Users/ground/Documents/GitHub/tevel2/GlobusSatProject/..//hal/hcc/lib\libHCCD.a(atmel_mcipdc.o)
                0x20028ff8                mcipdc_readmultiplesector
 .text.mcipdc_writesector
                0x2002911c       0x90 C:/Users/ground/Documents/GitHub/tevel2/GlobusSatProject/..//hal/hcc/lib\libHCCD.a(atmel_mcipdc.o)
                0x2002911c                mcipdc_writesector
 .text.mcipdc_writemultiplesector
                0x200291ac      0x120 C:/Users/ground/Documents/GitHub/tevel2/GlobusSatProject/..//hal/hcc/lib\libHCCD.a(atmel_mcipdc.o)
                0x200291ac                mcipdc_writemultiplesector
 .text.mcipdc_set_speed
                0x200292cc       0xb0 C:/Users/ground/Documents/GitHub/tevel2/GlobusSatProject/..//hal/hcc/lib\libHCCD.a(atmel_mcipdc.o)
 .text.mcipdc_get_speed
                0x2002937c       0x48 C:/Users/ground/Documents/GitHub/tevel2/GlobusSatProject/..//hal/hcc/lib\libHCCD.a(atmel_mcipdc.o)
 .text._get_csd_bits
                0x200293c4      0x14c C:/Users/ground/Documents/GitHub/tevel2/GlobusSatProject/..//hal/hcc/lib\libHCCD.a(atmel_mcipdc.o)
 .text.mcipdc_initcard
                0x20029510      0x8f4 C:/Users/ground/Documents/GitHub/tevel2/GlobusSatProject/..//hal/hcc/lib\libHCCD.a(atmel_mcipdc.o)
 .text.mcipdc_getstatus
                0x20029e04       0xe8 C:/Users/ground/Documents/GitHub/tevel2/GlobusSatProject/..//hal/hcc/lib\libHCCD.a(atmel_mcipdc.o)
 .text.mcipdc_getphy