Archive member included because of file (symbol)

C:/Users/USER/Documents/GitHub/Base-Aug-2019/satellite-subsystems/demo/..//satellite-subsystems/lib\libSatelliteSubsystemsD.a(version.o)
                              ./src/main.o (SatelliteSubsystemsCompileDate)
C:/Users/USER/Documents/GitHub/Base-Aug-2019/satellite-subsystems/demo/../..//hal/hal/lib\libHALD.a(I2C.o)
                              ./src/main.o (I2C_start)
C:/Users/USER/Documents/GitHub/Base-Aug-2019/satellite-subsystems/demo/../..//hal/hal/lib\libHALD.a(LED.o)
                              ./src/main.o (LED_start)
C:/Users/USER/Documents/GitHub/Base-Aug-2019/satellite-subsystems/demo/../..//hal/hal/lib\libHALD.a(SPI.o)
                              ./src/main.o (SPI_start)
C:/Users/USER/Documents/GitHub/Base-Aug-2019/satellite-subsystems/demo/../..//hal/hal/lib\libHALD.a(WatchDogTimerNoOS.o)
                              ./src/main.o (WDT_start)
C:/Users/USER/Documents/GitHub/Base-Aug-2019/satellite-subsystems/demo/../..//hal/hal/lib\libHALD.a(WatchDogTimerOS.o)
                              ./src/main.o (WDT_startWatchdogKickTask)
C:/Users/USER/Documents/GitHub/Base-Aug-2019/satellite-subsystems/demo/../..//hal/hal/lib\libHALD.a(util.o)
                              ./src/main.o (UTIL_DbguGetIntegerMinMax)
C:/Users/USER/Documents/GitHub/Base-Aug-2019/satellite-subsystems/demo/../..//hal/hal/lib\libHALD.a(version.o)
                              ./src/main.o (HalCompileDate)
C:/Users/USER/Documents/GitHub/Base-Aug-2019/satellite-subsystems/demo/../..//hal/freertos/lib\libFreeRTOSD.a(queue.o)
                              C:/Users/USER/Documents/GitHub/Base-Aug-2019/satellite-subsystems/demo/../..//hal/hal/lib\libHALD.a(I2C.o) (xQueueGenericCreate)
C:/Users/USER/Documents/GitHub/Base-Aug-2019/satellite-subsystems/demo/../..//hal/freertos/lib\libFreeRTOSD.a(tasks.o)
                              ./src/main.o (xTaskGenericCreate)
C:/Users/USER/Documents/GitHub/Base-Aug-2019/satellite-subsystems/demo/../..//hal/freertos/lib\libFreeRTOSD.a(hooks.o)
                              C:/Users/USER/Documents/GitHub/Base-Aug-2019/satellite-subsystems/demo/../..//hal/freertos/lib\libFreeRTOSD.a(tasks.o) (vApplicationStackOverflowHook)
C:/Users/USER/Documents/GitHub/Base-Aug-2019/satellite-subsystems/demo/../..//hal/freertos/lib\libFreeRTOSD.a(standardMemMang.o)
                              C:/Users/USER/Documents/GitHub/Base-Aug-2019/satellite-subsystems/demo/../..//hal/freertos/lib\libFreeRTOSD.a(queue.o) (pvPortMalloc)
C:/Users/USER/Documents/GitHub/Base-Aug-2019/satellite-subsystems/demo/../..//hal/freertos/lib\libFreeRTOSD.a(port.o)
                              C:/Users/USER/Documents/GitHub/Base-Aug-2019/satellite-subsystems/demo/../..//hal/freertos/lib\libFreeRTOSD.a(tasks.o) (pxPortInitialiseStack)
C:/Users/USER/Documents/GitHub/Base-Aug-2019/satellite-subsystems/demo/../..//hal/freertos/lib\libFreeRTOSD.a(list.o)
                              C:/Users/USER/Documents/GitHub/Base-Aug-2019/satellite-subsystems/demo/../..//hal/freertos/lib\libFreeRTOSD.a(queue.o) (vListInitialise)
C:/Users/USER/Documents/GitHub/Base-Aug-2019/satellite-subsystems/demo/../..//hal/at91/lib\libAt91D.a(syscalls.o)
                              ./src/main.o (exit)
C:/Users/USER/Documents/GitHub/Base-Aug-2019/satellite-subsystems/demo/../..//hal/at91/lib\libAt91D.a(aic.o)
                              C:/Users/USER/Documents/GitHub/Base-Aug-2019/satellite-subsystems/demo/../..//hal/hal/lib\libHALD.a(I2C.o) (AIC_ConfigureIT)
C:/Users/USER/Documents/GitHub/Base-Aug-2019/satellite-subsystems/demo/../..//hal/at91/lib\libAt91D.a(cp15.o)
                              ./src/main.o (CP15_Enable_I_Cache)
C:/Users/USER/Documents/GitHub/Base-Aug-2019/satellite-subsystems/demo/../..//hal/at91/lib\libAt91D.a(dbgu.o)
                              ./src/main.o (DBGU_Configure)
C:/Users/USER/Documents/GitHub/Base-Aug-2019/satellite-subsystems/demo/../..//hal/at91/lib\libAt91D.a(pio.o)
                              ./src/main.o (PIO_Configure)
C:/Users/USER/Documents/GitHub/Base-Aug-2019/satellite-subsystems/demo/../..//hal/at91/lib\libAt91D.a(pio_it.o)
                              ./src/main.o (PIO_InitializeInterrupts)
C:/Users/USER/Documents/GitHub/Base-Aug-2019/satellite-subsystems/demo/../..//hal/at91/lib\libAt91D.a(pit.o)
                              C:/Users/USER/Documents/GitHub/Base-Aug-2019/satellite-subsystems/demo/../..//hal/freertos/lib\libFreeRTOSD.a(port.o) (PIT_Init)
C:/Users/USER/Documents/GitHub/Base-Aug-2019/satellite-subsystems/demo/../..//hal/at91/lib\libAt91D.a(pmc.o)
                              C:/Users/USER/Documents/GitHub/Base-Aug-2019/satellite-subsystems/demo/../..//hal/hal/lib\libHALD.a(I2C.o) (PMC_EnablePeripheral)
C:/Users/USER/Documents/GitHub/Base-Aug-2019/satellite-subsystems/demo/../..//hal/at91/lib\libAt91D.a(spi_at91.o)
[...]
Memory Configuration

Name             Origin             Length             Attributes
sram0            0x00200000         0x00004000         w !xr
sram1            0x00300000         0x00004000         w !xr
sdram            0x20000000         0x02000000         w !xr
*default*        0x00000000         0xffffffff

Linker script and memory map

LOAD c:/isis/application/toolchain/bin/../lib/gcc/arm-none-eabi/4.7.4/../../../../arm-none-eabi/lib\libc.a
LOAD ./src/main.o
LOAD C:/Users/USER/Documents/GitHub/Base-Aug-2019/satellite-subsystems/demo/..//satellite-subsystems/lib\libSatelliteSubsystemsD.a
LOAD c:/isis/application/toolchain/bin/../lib/gcc/arm-none-eabi/4.7.4/../../../../arm-none-eabi/lib\libm.a
LOAD C:/Users/USER/Documents/GitHub/Base-Aug-2019/satellite-subsystems/demo/../..//hal/hcc/lib\libHCCD.a
LOAD C:/Users/USER/Documents/GitHub/Base-Aug-2019/satellite-subsystems/demo/../..//hal/hal/lib\libHALD.a
LOAD C:/Users/USER/Documents/GitHub/Base-Aug-2019/satellite-subsystems/demo/../..//hal/freertos/lib\libFreeRTOSD.a
LOAD C:/Users/USER/Documents/GitHub/Base-Aug-2019/satellite-subsystems/demo/../..//hal/at91/lib\libAt91D.a
START GROUP
LOAD c:/isis/application/toolchain/bin/../lib/gcc/arm-none-eabi/4.7.4\libgcc.a
LOAD c:/isis/application/toolchain/bin/../lib/gcc/arm-none-eabi/4.7.4/../../../../arm-none-eabi/lib\libg.a
LOAD c:/isis/application/toolchain/bin/../lib/gcc/arm-none-eabi/4.7.4/../../../../arm-none-eabi/lib\libc.a
END GROUP

.fixed          0x20000000     0xf614
                0x20000000                . = ALIGN (0x4)
                0x20000000                _sfixed = .
 *(.startup)
 .startup       0x20000000      0x134 C:/Users/USER/Documents/GitHub/Base-Aug-2019/satellite-subsystems/demo/../..//hal/at91/lib\libAt91D.a(board_cstartup.o)
                0x20000000                entry
 *(.text)
 .text          0x20000134       0x64 C:/Users/USER/Documents/GitHub/Base-Aug-2019/satellite-subsystems/demo/../..//hal/at91/lib\libAt91D.a(cp15_asm.o)
                0x20000134                _readControlRegister
                0x20000140                _writeControlRegister
                0x20000148                _waitForInterrupt
                0x20000154                _writeTTB
                0x2000015c                _writeDomain
                0x20000164                _writeITLBLockdown
                0x2000016c                _prefetchICacheLine
                0x20000174                _flushDCache
                0x20000180                _flushWriteBuffer
                0x2000018c                _invalidateIDTLBs
 .text          0x20000198      0x114 c:/isis/application/toolchain/bin/../lib/gcc/arm-none-eabi/4.7.4\libgcc.a(_udivsi3.o)
                0x20000198                __aeabi_uidiv
                0x20000198                __udivsi3
                0x2000028c                __aeabi_uidivmod
 .text          0x200002ac        0x4 c:/isis/application/toolchain/bin/../lib/gcc/arm-none-eabi/4.7.4\libgcc.a(_dvmd_tls.o)
                0x200002ac                __aeabi_idiv0
                0x200002ac                __aeabi_ldiv0
 .text          0x200002b0      0x41c c:/isis/application/toolchain/bin/../lib/gcc/arm-none-eabi/4.7.4\libgcc.a(_arm_addsubdf3.o)
                0x200002b0                __aeabi_drsub
                0x200002b8                __aeabi_dsub
                0x200002b8                __subdf3
                0x200002bc                __aeabi_dadd
                0x200002bc                __adddf3
                0x200005cc                __floatunsidf
                0x200005cc                __aeabi_ui2d
                0x200005f0                __floatsidf
                0x200005f0                __aeabi_i2d
                0x20000618                __aeabi_f2d
                0x20000618                __extendsfdf2
                0x20000658                __floatundidf
                0x20000658                __aeabi_ul2d
                0x2000066c                __floatdidf
                0x2000066c                __aeabi_l2d
 .text          0x200006cc      0x49c c:/isis/application/toolchain/bin/../lib/gcc/arm-none-eabi/4.7.4\libgcc.a(_arm_muldivdf3.o)
                0x200006cc                __aeabi_dmul
                0x200006cc                __muldf3
                0x2000095c                __divdf3
                0x2000095c                __aeabi_ddiv
 .text          0x20000b68      0x144 c:/isis/application/toolchain/bin/../lib/gcc/arm-none-eabi/4.7.4\libgcc.a(_arm_cmpdf2.o)
                0x20000b68                __gtdf2
                0x20000b68                __gedf2
                0x20000b70                __ltdf2
                0x20000b70                __ledf2
                0x20000b78                __nedf2
                0x20000b78                __eqdf2
                0x20000b78                __cmpdf2
                0x20000c00                __aeabi_cdrcmple
                0x20000c1c                __aeabi_cdcmpeq
                0x20000c1c                __aeabi_cdcmple
                0x20000c34                __aeabi_dcmpeq
                0x20000c4c                __aeabi_dcmplt
                0x20000c64                __aeabi_dcmple
                0x20000c7c                __aeabi_dcmpge
                0x20000c94                __aeabi_dcmpgt
 .text          0x20000cac       0x5c c:/isis/application/toolchain/bin/../lib/gcc/arm-none-eabi/4.7.4\libgcc.a(_arm_fixdfsi.o)
                0x20000cac                __aeabi_d2iz
                0x20000cac                __fixdfsi
 .text          0x20000d08       0x3c c:/isis/application/toolchain/bin/../lib/gcc/arm-none-eabi/4.7.4\libgcc.a(_aeabi_uldivmod.o)
                0x20000d08                __aeabi_uldivmod
 .text          0x20000d44       0x84 c:/isis/application/toolchain/bin/../lib/gcc/arm-none-eabi/4.7.4\libgcc.a(bpabi.o)
                0x20000d44                __gnu_ldivmod_helper
                0x20000d88                __gnu_uldivmod_helper
 .text          0x20000dc8      0x4f0 c:/isis/application/toolchain/bin/../lib/gcc/arm-none-eabi/4.7.4\libgcc.a(_divdi3.o)
                0x20000dc8                __divdi3
 .text          0x200012b8      0x488 c:/isis/application/toolchain/bin/../lib/gcc/arm-none-eabi/4.7.4\libgcc.a(_udivdi3.o)
                0x200012b8                __udivdi3
 .text          0x20001740       0x48 c:/isis/application/toolchain/bin/../lib/gcc/arm-none-eabi/4.7.4\libgcc.a(_clzsi2.o)
                0x20001740                __clzsi2
 *(.text*)
 .text.selectAndExecuteTest
                0x20001788      0x248 ./src/main.o
                0x20001788                selectAndExecuteTest
 .text.taskMain
                0x200019d0       0x5c ./src/main.o
                0x200019d0                taskMain
 .text.main     0x20001a2c      0x1cc ./src/main.o
                0x20001a2c                main
 .text.I2C_start
                0x20001bf8      0x2e8 C:/Users/USER/Documents/GitHub/Base-Aug-2019/satellite-subsystems/demo/../..//hal/hal/lib\libHALD.a(I2C.o)
                0x20001bf8                I2C_start
 .text.I2C_stop
                0x20001ee0      0x184 C:/Users/USER/Documents/GitHub/Base-Aug-2019/satellite-subsystems/demo/../..//hal/hal/lib\libHALD.a(I2C.o)
                0x20001ee0                I2C_stop
 .text.I2C_setTransferTimeout
                0x20002064       0x48 C:/Users/USER/Documents/GitHub/Base-Aug-2019/satellite-subsystems/demo/../..//hal/hal/lib\libHALD.a(I2C.o)
                0x20002064                I2C_setTransferTimeout
 .text.uSdelay  0x200020ac       0x88 C:/Users/USER/Documents/GitHub/Base-Aug-2019/satellite-subsystems/demo/../..//hal/hal/lib\libHALD.a(LED.o)
 .text.LED_start
                0x20002134       0x1c C:/Users/USER/Documents/GitHub/Base-Aug-2019/satellite-subsystems/demo/../..//hal/hal/lib\libHALD.a(LED.o)
                0x20002134                LED_start
 .text.LED_glow
                0x20002150       0x58 C:/Users/USER/Documents/GitHub/Base-Aug-2019/satellite-subsystems/demo/../..//hal/hal/lib\libHALD.a(LED.o)
                0x20002150                LED_glow
 .text.LED_dark
                0x200021a8       0x58 C:/Users/USER/Documents/GitHub/Base-Aug-2019/satellite-subsystems/demo/../..//hal/hal/lib\libHALD.a(LED.o)
                0x200021a8                LED_dark
 .text.LED_toggle
                0x20002200       0x50 C:/Users/USER/Documents/GitHub/Base-Aug-2019/satellite-subsystems/demo/../..//hal/hal/lib\libHALD.a(LED.o)
                0x20002200                LED_toggle
 .text.LED_wave
                0x20002250       0xd0 C:/Users/USER/Documents/GitHub/Base-Aug-2019/satellite-subsystems/demo/../..//hal/hal/lib\libHALD.a(LED.o)
                0x20002250                LED_wave
 .text.LED_waveReverse
                0x20002320       0xd0 C:/Users/USER/Documents/GitHub/Base-Aug-2019/satellite-subsystems/demo/../..//hal/hal/lib\libHALD.a(LED.o)
                0x20002320                LED_waveReverse
 .text.clearPDCtransfers
                0x200023f0       0xdc C:/Users/USER/Documents/GitHub/Base-Aug-2019/satellite-subsystems/demo/../..//hal/hal/lib\libHALD.a(SPI.o)
 .text.SPI_start
                0x200024cc      0x4c0 C:/Users/USER/Documents/GitHub/Base-Aug-2019/satellite-subsystems/demo/../..//hal/hal/lib\libHALD.a(SPI.o)
                0x200024cc                SPI_start
 .text.SPI_stop
                0x2000298c      0x22c C:/Users/USER/Documents/GitHub/Base-Aug-2019/satellite-subsystems/demo/../..//hal/hal/lib\libHALD.a(SPI.o)
                0x2000298c                SPI_stop
 .text.waitForTransfer
                0x20002bb8       0x68 C:/Users/USER/Documents/GitHub/Base-Aug-2019/satellite-subsystems/demo/../..//hal/hal/lib\libHALD.a(SPI.o)
 .text.WDT_start
                0x20002c20       0x48 C:/Users/USER/Documents/GitHub/Base-Aug-2019/satellite-subsystems/demo/../..//hal/hal/lib\libHALD.a(WatchDogTimerNoOS.o)
                0x20002c20                WDT_start
 .text.WDT_startWatchdogKickTask
                0x20002c68       0xb4 C:/Users/USER/Documents/GitHub/Base-Aug-2019/satellite-subsystems/demo/../..//hal/hal/lib\libHALD.a(WatchDogTimerOS.o)
                0x20002c68                WDT_startWatchdogKickTask
 .text.WDT_forceKickEveryNms
                0x20002d1c       0x50 C:/Users/USER/Documents/GitHub/Base-Aug-2019/satellite-subsystems/demo/../..//hal/hal/lib\libHALD.a(WatchDogTimerOS.o)
                0x20002d1c                WDT_forceKickEveryNms
 .text.UTIL_DbguGetInteger
                0x20002d6c      0x124 C:/Users/USER/Documents/GitHub/Base-Aug-2019/satellite-subsystems/demo/../..//hal/hal/lib\libHALD.a(util.o)
                0x20002d6c                UTIL_DbguGetInteger
 .text.UTIL_DbguGetIntegerMinMax
                0x20002e90       0xa4 C:/Users/USER/Documents/GitHub/Base-Aug-2019/satellite-subsystems/demo/../..//hal/hal/lib\libHALD.a(util.o)
                0x20002e90                UTIL_DbguGetIntegerMinMax
 .text.xQueueGenericReset
                0x20002f34      0x150 C:/Users/USER/Documents/GitHub/Base-Aug-2019/satellite-subsystems/demo/../..//hal/freertos/lib\libFreeRTOSD.a(queue.o)
                0x20002f34                xQueueGenericReset
 .text.xQueueGenericCreate
                0x20003084       0xfc C:/Users/USER/Documents/GitHub/Base-Aug-2019/satellite-subsystems/demo/../..//hal/freertos/lib\libFreeRTOSD.a(queue.o)
                0x20003084                xQueueGenericCreate
 .text.xQueueCreateMutex
                0x20003180      0x110 C:/Users/USER/Documents/GitHub/Base-Aug-2019/satellite-subsystems/demo/../..//hal/freertos/lib\libFreeRTOSD.a(queue.o)
                0x20003180                xQueueCreateMutex
 .text.xQueueGenericSend
                0x20003290      0x268 C:/Users/USER/Documents/GitHub/Base-Aug-2019/satellite-subsystems/demo/../..//hal/freertos/lib\libFreeRTOSD.a(queue.o)
                0x20003290                xQueueGenericSend
 .text.xQueueGenericSendFromISR
                0x200034f8      0x19c C:/Users/USER/Documents/GitHub/Base-Aug-2019/satellite-subsystems/demo/../..//hal/freertos/lib\libFreeRTOSD.a(queue.o)
                0x200034f8                xQueueGenericSendFromISR
 .text.xQueueGenericReceive
                0x20003694      0x2cc C:/Users/USER/Documents/GitHub/Base-Aug-2019/satellite-subsystems/demo/../..//hal/freertos/lib\libFreeRTOSD.a(queue.o)
                0x20003694                xQueueGenericReceive
 .text.uxQueueMessagesWaiting
                0x20003960       0x6c C:/Users/USER/Documents/GitHub/Base-Aug-2019/satellite-subsystems/demo/../..//hal/freertos/lib\libFreeRTOSD.a(queue.o)
                0x20003960                uxQueueMessagesWaiting
 .text.vQueueDelete
                0x200039cc       0x78 C:/Users/USER/Documents/GitHub/Base-Aug-2019/satellite-subsystems/demo/../..//hal/freertos/lib\libFreeRTOSD.a(queue.o)
                0x200039cc                vQueueDelete
 .text.prvCopyDataToQueue
                0x20003a44      0x190 C:/Users/USER/Documents/GitHub/Base-Aug-2019/satellite-subsystems/demo/../..//hal/freertos/lib\libFreeRTOSD.a(queue.o)
 .text.prvCopyDataFromQueue
                0x20003bd4       0x90 C:/Users/USER/Documents/GitHub/Base-Aug-2019/satellite-subsystems/demo/../..//hal/freertos/lib\libFreeRTOSD.a(queue.o)
 .text.prvUnlockQueue
                0x20003c64      0x100 C:/Users/USER/Documents/GitHub/Base-Aug-2019/satellite-subsystems/demo/../..//hal/freertos/lib\libFreeRTOSD.a(queue.o)
 .text.prvIsQueueEmpty
                0x20003d64       0x4c C:/Users/USER/Documents/GitHub/Base-Aug-2019/satellite-subsystems/demo/../..//hal/freertos/lib\libFreeRTOSD.a(queue.o)
 .text.prvIsQueueFull
                0x20003db0       0x54 C:/Users/USER/Documents/GitHub/Base-Aug-2019/satellite-subsystems/demo/../..//hal/freertos/lib\libFreeRTOSD.a(queue.o)
 .text.vQueueUnregisterQueue
                0x20003e04       0x80 C:/Users/USER/Documents/GitHub/Base-Aug-2019/satellite-subsystems/demo/../..//hal/freertos/lib\libFreeRTOSD.a(queue.o)
                0x20003e04                vQueueUnregisterQueue
 .text.xTaskGenericCreate
                0x20003e84      0x2ac C:/Users/USER/Documents/GitHub/Base-Aug-2019/satellite-subsystems/demo/../..//hal/freertos/lib\libFreeRTOSD.a(tasks.o)
                0x20003e84                xTaskGenericCreate
 .text.vTaskDelete
                0x20004130       0xe8 C:/Users/USER/Documents/GitHub/Base-Aug-2019/satellite-subsystems/demo/../..//hal/freertos/lib\libFreeRTOSD.a(tasks.o)
                0x20004130                vTaskDelete
 .text.vTaskDelay
                0x20004218       0x80 C:/Users/USER/Documents/GitHub/Base-Aug-2019/satellite-subsystems/demo/../..//hal/freertos/lib\libFreeRTOSD.a(tasks.o)
                0x20004218                vTaskDelay
 .text.vTaskStartScheduler
                0x20004298       0xd4 C:/Users/USER/Documents/GitHub/Base-Aug-2019/satellite-subsystems/demo/../..//hal/freertos/lib\libFreeRTOSD.a(tasks.o)
                0x20004298                vTaskStartScheduler
 .text.vTaskSuspendAll
                0x2000436c       0x2c C:/Users/USER/Documents/GitHub/Base-Aug-2019/satellite-subsystems/demo/../..//hal/freertos/lib\libFreeRTOSD.a(tasks.o)
                0x2000436c                vTaskSuspendAll
 .text.xTaskResumeAll
                0x20004398      0x1f4 C:/Users/USER/Documents/GitHub/Base-Aug-2019/satellite-subsystems/demo/../..//hal/freertos/lib\libFreeRTOSD.a(tasks.o)
                0x20004398                xTaskResumeAll
 .text.xTaskGetTickCount
                0x2000458c       0x34 C:/Users/USER/Documents/GitHub/Base-Aug-2019/satellite-subsystems/demo/../..//hal/freertos/lib\libFreeRTOSD.a(tasks.o)
                0x2000458c                xTaskGetTickCount
 .text.xTaskIncrementTick
                0x200045c0      0x298 C:/Users/USER/Documents/GitHub/Base-Aug-2019/satellite-subsystems/demo/../..//hal/freertos/lib\libFreeRTOSD.a(tasks.o)
                0x200045c0                xTaskIncrementTick
 .text.vTaskSwitchContext
                0x20004858      0x18c C:/Users/USER/Documents/GitHub/Base-Aug-2019/satellite-subsystems/demo/../..//hal/freertos/lib\libFreeRTOSD.a(tasks.o)
                0x20004858                vTaskSwitchContext
 .text.vTaskPlaceOnEventList
                0x200049e4       0xcc C:/Users/USER/Documents/GitHub/Base-Aug-2019/satellite-subsystems/demo/../..//hal/freertos/lib\libFreeRTOSD.a(tasks.o)
                0x200049e4                vTaskPlaceOnEventList
 .text.xTaskRemoveFromEventList
                0x20004ab0      0x160 C:/Users/USER/Documents/GitHub/Base-Aug-2019/satellite-subsystems/demo/../..//hal/freertos/lib\libFreeRTOSD.a(tasks.o)
                0x20004ab0                xTaskRemoveFromEventList
 .text.vTaskSetTimeOutState
                0x20004c10       0x78 C:/Users/USER/Documents/GitHub/Base-Aug-2019/satellite-subsystems/demo/../..//hal/freertos/lib\libFreeRTOSD.a(tasks.o)
                0x20004c10                vTaskSetTimeOutState
 .text.xTaskCheckForTimeOut
                0x20004c88      0x158 C:/Users/USER/Documents/GitHub/Base-Aug-2019/satellite-subsystems/demo/../..//hal/freertos/lib\libFreeRTOSD.a(tasks.o)
                0x20004c88                xTaskCheckForTimeOut
 .text.vTaskMissedYield
                0x20004de0       0x24 C:/Users/USER/Documents/GitHub/Base-Aug-2019/satellite-subsystems/demo/../..//hal/freertos/lib\libFreeRTOSD.a(tasks.o)
                0x20004de0                vTaskMissedYield
 .text.prvIdleTask
                0x20004e04       0x20 C:/Users/USER/Documents/GitHub/Base-Aug-2019/satellite-subsystems/demo/../..//hal/freertos/lib\libFreeRTOSD.a(tasks.o)
 .text.prvInitialiseTCBVariables
                0x20004e24      0x110 C:/Users/USER/Documents/GitHub/Base-Aug-2019/satellite-subsystems/demo/../..//hal/freertos/lib\libFreeRTOSD.a(tasks.o)
 .text.prvInitialiseTaskLists
                0x20004f34       0xbc C:/Users/USER/Documents/GitHub/Base-Aug-2019/satellite-subsystems/demo/../..//hal/freertos/lib\libFreeRTOSD.a(tasks.o)
 .text.prvCheckTasksWaitingTermination
                0x20004ff0       0xbc C:/Users/USER/Documents/GitHub/Base-Aug-2019/satellite-subsystems/demo/../..//hal/freertos/lib\libFreeRTOSD.a(tasks.o)
 .text.prvAddCurrentTaskToDelayedList
                0x200050ac       0xb4 C:/Users/USER/Documents/GitHub/Base-Aug-2019/satellite-subsystems/demo/../..//hal/freertos/lib\libFreeRTOSD.a(tasks.o)
 .text.prvAllocateTCBAndStack
                0x20005160       0xb4 C:/Users/USER/Documents/GitHub/Base-Aug-2019/satellite-subsystems/demo/../..//hal/freertos/lib\libFreeRTOSD.a(tasks.o)
 .text.prvDeleteTCB
                0x20005214       0x30 C:/Users/USER/Documents/GitHub/Base-Aug-2019/satellite-subsystems/demo/../..//hal/freertos/lib\libFreeRTOSD.a(tasks.o)
 .text.xTaskGetCurrentTaskHandle
                0x20005244       0x30 C:/Users/USER/Documents/GitHub/Base-Aug-2019/satellite-subsystems/demo/../..//hal/freertos/lib\libFreeRTOSD.a(tasks.o)
                0x20005244                xTaskGetCurrentTaskHandle
 .text.xTaskGetSchedulerState
                0x20005274       0x68 C:/Users/USER/Documents/GitHub/Base-Aug-2019/satellite-subsystems/demo/../..//hal/freertos/lib\libFreeRTOSD.a(tasks.o)
                0x20005274                xTaskGetSchedulerState
 .text.vTaskPriorityInherit
                0x200052dc      0x148 C:/Users/USER/Documents/GitHub/Base-Aug-2019/satellite-subsystems/demo/../..//hal/freertos/lib\libFreeRTOSD.a(tasks.o)
                0x200052dc                vTaskPriorityInherit
 .text.vTaskPriorityDisinherit
                0x20005424       0xdc C:/Users/USER/Documents/GitHub/Base-Aug-2019/satellite-subsystems/demo/../..//hal/freertos/lib\libFreeRTOSD.a(tasks.o)
                0x20005424                vTaskPriorityDisinherit
 .text.vApplicationStackOverflowHook
                0x20005500       0x4c C:/Users/USER/Documents/GitHub/Base-Aug-2019/satellite-subsystems/demo/../..//hal/freertos/lib\libFreeRTOSD.a(hooks.o)
                0x20005500                vApplicationStackOverflowHook
 .text.vApplicationIdleHook
                0x2000554c       0x18 C:/Users/USER/Documents/GitHub/Base-Aug-2019/satellite-subsystems/demo/../..//hal/freertos/lib\libFreeRTOSD.a(hooks.o)
                0x2000554c                vApplicationIdleHook
 .text.pvPortMalloc
                0x20005564       0x28 C:/Users/USER/Documents/GitHub/Base-Aug-2019/satellite-subsystems/demo/../..//hal/freertos/lib\libFreeRTOSD.a(standardMemMang.o)
                0x20005564                pvPortMalloc
 .text.vPortFree
                0x2000558c       0x20 C:/Users/USER/Documents/GitHub/Base-Aug-2019/satellite-subsystems/demo/../..//hal/freertos/lib\libFreeRTOSD.a(standardMemMang.o)
                0x2000558c                vPortFree
 .text.pxPortInitialiseStack
                0x200055ac      0x218 C:/Users/USER/Documents/GitHub/Base-Aug-2019/satellite-subsystems/demo/../..//hal/freertos/lib\libFreeRTOSD.a(port.o)
                0x200055ac                pxPortInitialiseStack
 .text.xPortStartScheduler
                0x200057c4       0x1c C:/Users/USER/Documents/GitHub/Base-Aug-2019/satellite-subsystems/demo/../..//hal/freertos/lib\libFreeRTOSD.a(port.o)
                0x200057c4                xPortStartScheduler
 .text.prvSetupTimerInterrupt
                0x200057e0       0x54 C:/Users/USER/Documents/GitHub/Base-Aug-2019/satellite-subsystems/demo/../..//hal/freertos/lib\libFreeRTOSD.a(port.o)
 .text.vPortISRStartFirstTask
                0x20005834       0x64 C:/Users/USER/Documents/GitHub/Base-Aug-2019/satellite-subsystems/demo/../..//hal/freertos/lib\libFreeRTOSD.a(port.o)
 .text.vPortEnterCritical
                0x20005898       0x40 C:/Users/USER/Documents/GitHub/Base-Aug-2019/satellite-subsystems/demo/../..//hal/freertos/lib\libFreeRTOSD.a(port.o)
                0x20005898                vPortEnterCritical
 .text.vPortExitCritical
                0x200058d8       0x60 C:/Users/USER/Documents/GitHub/Base-Aug-2019/satellite-subsystems/demo/../..//hal/freertos/lib\libFreeRTOSD.a(port.o)
                0x200058d8                vPortExitCritical
 .text.vListInitialise
                0x20005938       0x64 C:/Users/USER/Documents/GitHub/Base-Aug-2019/satellite-subsystems/demo/../..//hal/freertos/lib\libFreeRTOSD.a(list.o)
                0x20005938                vListInitialise
 .text.vListInitialiseItem
                0x2000599c       0x28 C:/Users/USER/Documents/GitHub/Base-Aug-2019/satellite-subsystems/demo/../..//hal/freertos/lib\libFreeRTOSD.a(list.o)
                0x2000599c                vListInitialiseItem
 .text.vListInsertEnd
                0x200059c4       0x84 C:/Users/USER/Documents/GitHub/Base-Aug-2019/satellite-subsystems/demo/../..//hal/freertos/lib\libFreeRTOSD.a(list.o)
                0x200059c4                vListInsertEnd
 .text.vListInsert
                0x20005a48       0xd4 C:/Users/USER/Documents/GitHub/Base-Aug-2019/satellite-subsystems/demo/../..//hal/freertos/lib\libFreeRTOSD.a(list.o)
                0x20005a48                vListInsert
 .text.uxListRemove
                0x20005b1c       0xa0 C:/Users/USER/Documents/GitHub/Base-Aug-2019/satellite-subsystems/demo/../..//hal/freertos/lib\libFreeRTOSD.a(list.o)
                0x20005b1c                uxListRemove
 .text._read    0x20005bbc       0xa4 C:/Users/USER/Documents/GitHub/Base-Aug-2019/satellite-subsystems/demo/../..//hal/at91/lib\libAt91D.a(syscalls.o)
                0x20005bbc                _read
 .text._write   0x20005c60       0xb8 C:/Users/USER/Documents/GitHub/Base-Aug-2019/satellite-subsystems/demo/../..//hal/at91/lib\libAt91D.a(syscalls.o)
                0x20005c60                _write
 .text._lseek   0x20005d18       0x2c C:/Users/USER/Documents/GitHub/Base-Aug-2019/satellite-subsystems/demo/../..//hal/at91/lib\libAt91D.a(syscalls.o)
                0x20005d18                _lseek
 .text._close   0x20005d44       0x24 C:/Users/USER/Documents/GitHub/Base-Aug-2019/satellite-subsystems/demo/../..//hal/at91/lib\libAt91D.a(syscalls.o)
                0x20005d44                _close
 .text._fstat   0x20005d68       0x28 C:/Users/USER/Documents/GitHub/Base-Aug-2019/satellite-subsystems/demo/../..//hal/at91/lib\libAt91D.a(syscalls.o)
                0x20005d68                _fstat
 .text._isatty  0x20005d90       0x38 C:/Users/USER/Documents/GitHub/Base-Aug-2019/satellite-subsystems/demo/../..//hal/at91/lib\libAt91D.a(syscalls.o)
                0x20005d90                _isatty
 .text.exit     0x20005dc8       0x28 C:/Users/USER/Documents/GitHub/Base-Aug-2019/satellite-subsystems/demo/../..//hal/at91/lib\libAt91D.a(syscalls.o)
                0x20005dc8                exit
 .text._sbrk    0x20005df0       0xac C:/Users/USER/Documents/GitHub/Base-Aug-2019/satellite-subsystems/demo/../..//hal/at91/lib\libAt91D.a(syscalls.o)
                0x20005df0                _sbrk
 .text.AIC_ConfigureIT
                0x20005e9c       0x74 C:/Users/USER/Documents/GitHub/Base-Aug-2019/satellite-subsystems/demo/../..//hal/at91/lib\libAt91D.a(aic.o)
                0x20005e9c                AIC_ConfigureIT
 .text.AIC_EnableIT
                0x20005f10       0x34 C:/Users/USER/Documents/GitHub/Base-Aug-2019/satellite-subsystems/demo/../..//hal/at91/lib\libAt91D.a(aic.o)
                0x20005f10                AIC_EnableIT
 .text.AIC_DisableIT
                0x20005f44       0x34 C:/Users/USER/Documents/GitHub/Base-Aug-2019/satellite-subsystems/demo/../..//hal/at91/lib\libAt91D.a(aic.o)
                0x20005f44                AIC_DisableIT
 .text.CP15_Enable_I_Cache
                0x20005f78       0x4c C:/Users/USER/Documents/GitHub/Base-Aug-2019/satellite-subsystems/demo/../..//hal/at91/lib\libAt91D.a(cp15.o)
                0x20005f78                CP15_Enable_I_Cache
 .text.CP15_Disable_I_Cache
                0x20005fc4       0x5c C:/Users/USER/Documents/GitHub/Base-Aug-2019/satellite-subsystems/demo/../..//hal/at91/lib\libAt91D.a(cp15.o)
                0x20005fc4                CP15_Disable_I_Cache
 .text.CP15_DisableMMU
                0x20006020       0x68 C:/Users/USER/Documents/GitHub/Base-Aug-2019/satellite-subsystems/demo/../..//hal/at91/lib\libAt91D.a(cp15.o)
                0x20006020                CP15_DisableMMU
 .text.CP15_Disable_D_Cache
                0x20006088       0x5c C:/Users/USER/Documents/GitHub/Base-Aug-2019/satellite-subsystems/demo/../..//hal/at91/lib\libAt91D.a(cp15.o)
                0x20006088                CP15_Disable_D_Cache
 .text.DBGU_Configure
                0x200060e4       0x84 C:/Users/USER/Documents/GitHub/Base-Aug-2019/satellite-subsystems/demo/../..//hal/at91/lib\libAt91D.a(dbgu.o)
                0x200060e4                DBGU_Configure
 .text.DBGU_PutChar
                0x20006168       0x60 C:/Users/USER/Documents/GitHub/Base-Aug-2019/satellite-subsystems/demo/../..//hal/at91/lib\libAt91D.a(dbgu.o)
                0x20006168                DBGU_PutChar
 .text.DBGU_IsRxReady
                0x200061c8       0x28 C:/Users/USER/Documents/GitHub/Base-Aug-2019/satellite-subsystems/demo/../..//hal/at91/lib\libAt91D.a(dbgu.o)
                0x200061c8                DBGU_IsRxReady
 .text.DBGU_GetChar
                0x200061f0       0x40 C:/Users/USER/Documents/GitHub/Base-Aug-2019/satellite-subsystems/demo/../..//hal/at91/lib\libAt91D.a(dbgu.o)
                0x200061f0                DBGU_GetChar
 .text.PIO_SetPeripheralA
                0x20006230       0x74 C:/Users/USER/Documents/GitHub/Base-Aug-2019/satellite-subsystems/demo/../..//hal/at91/lib\libAt91D.a(pio.o)
 .text.PIO_SetPeripheralB
                0x200062a4       0x74 C:/Users/USER/Documents/GitHub/Base-Aug-2019/satellite-subsystems/demo/../..//hal/at91/lib\libAt91D.a(pio.o)
 .text.PIO_SetInput
                0x20006318       0x9c C:/Users/USER/Documents/GitHub/Base-Aug-2019/satellite-subsystems/demo/../..//hal/at91/lib\libAt91D.a(pio.o)
 .text.PIO_SetOutput
                0x200063b4       0xc4 C:/Users/USER/Documents/GitHub/Base-Aug-2019/satellite-subsystems/demo/../..//hal/at91/lib\libAt91D.a(pio.o)
 .text.PIO_Configure
                0x20006478      0x1ec C:/Users/USER/Documents/GitHub/Base-Aug-2019/satellite-subsystems/demo/../..//hal/at91/lib\libAt91D.a(pio.o)
                0x20006478                PIO_Configure
 .text.PIO_Set  0x20006664       0x3c C:/Users/USER/Documents/GitHub/Base-Aug-2019/satellite-subsystems/demo/../..//hal/at91/lib\libAt91D.a(pio.o)
                0x20006664                PIO_Set
 .text.PIO_Clear
                0x200066a0       0x3c C:/Users/USER/Documents/GitHub/Base-Aug-2019/satellite-subsystems/demo/../..//hal/at91/lib\libAt91D.a(pio.o)
                0x200066a0                PIO_Clear
 .text.PioInterruptHandler
                0x200066dc      0x11c C:/Users/USER/Documents/GitHub/Base-Aug-2019/satellite-subsystems/demo/../..//hal/at91/lib\libAt91D.a(pio_it.o)
 .text.InterruptHandler
                0x200067f8       0x3c C:/Users/USER/Documents/GitHub/Base-Aug-2019/satellite-subsystems/demo/../..//hal/at91/lib\libAt91D.a(pio_it.o)
 .text.PIO_InitializeInterrupts
                0x20006834       0xf8 C:/Users/USER/Documents/GitHub/Base-Aug-2019/satellite-subsystems/demo/../..//hal/at91/lib\libAt91D.a(pio_it.o)
                0x20006834                PIO_InitializeInterrupts
 .text.PIT_Init
                0x2000692c       0x68 C:/Users/USER/Documents/GitHub/Base-Aug-2019/satellite-subsystems/demo/../..//hal/at91/lib\libAt91D.a(pit.o)
                0x2000692c                PIT_Init
 .text.PIT_Enable
                0x20006994       0x2c C:/Users/USER/Documents/GitHub/Base-Aug-2019/satellite-subsystems/demo/../..//hal/at91/lib\libAt91D.a(pit.o)
                0x20006994                PIT_Enable
 .text.PIT_EnableIT
                0x200069c0       0x2c C:/Users/USER/Documents/GitHub/Base-Aug-2019/satellite-subsystems/demo/../..//hal/at91/lib\libAt91D.a(pit.o)
                0x200069c0                PIT_EnableIT
 .text.PMC_EnablePeripheral
                0x200069ec       0xa4 C:/Users/USER/Documents/GitHub/Base-Aug-2019/satellite-subsystems/demo/../..//hal/at91/lib\libAt91D.a(pmc.o)
                0x200069ec                PMC_EnablePeripheral
 .text.PMC_DisablePeripheral
                0x20006a90       0xa4 C:/Users/USER/Documents/GitHub/Base-Aug-2019/satellite-subsystems/demo/../..//hal/at91/lib\libAt91D.a(pmc.o)
                0x20006a90                PMC_DisablePeripheral
 .text.SPI_Enable
                0x20006b34       0x28 C:/Users/USER/Documents/GitHub/Base-Aug-2019/satellite-subsystems/demo/../..//hal/at91/lib\libAt91D.a(spi_at91.o)
                0x20006b34                SPI_Enable
 .text.SPI_Disable
                0x20006b5c       0x28 C:/Users/USER/Documents/GitHub/Base-Aug-2019/satellite-subsystems/demo/../..//hal/at91/lib\libAt91D.a(spi_at91.o)
                0x20006b5c                SPI_Disable
 .text.SPI_Configure
                0x20006b84       0x6c C:/Users/USER/Documents/GitHub/Base-Aug-2019/satellite-subsystems/demo/../..//hal/at91/lib\libAt91D.a(spi_at91.o)
                0x20006b84                SPI_Configure
 .text.SPI_ConfigureNPCS
                0x20006bf0       0x38 C:/Users/USER/Documents/GitHub/Base-Aug-2019/satellite-subsystems/demo/../..//hal/at91/lib\libAt91D.a(spi_at91.o)
                0x20006bf0                SPI_ConfigureNPCS
 .text.TWI_ConfigureMaster
                0x20006c28      0x2a0 C:/Users/USER/Documents/GitHub/Base-Aug-2019/satellite-subsystems/demo/../..//hal/at91/lib\libAt91D.a(twi_at91.o)
                0x20006c28                TWI_ConfigureMaster
 .text.TWI_GetMaskedStatus
                0x20006ec8       0x78 C:/Users/USER/Documents/GitHub/Base-Aug-2019/satellite-subsystems/demo/../..//hal/at91/lib\libAt91D.a(twi_at91.o)
                0x20006ec8                TWI_GetMaskedStatus
 .text.disableCaches
                0x20006f40       0x18 C:/Users/USER/Documents/GitHub/Base-Aug-2019/satellite-subsystems/demo/../..//hal/at91/lib\libAt91D.a(ExitHandler.o)
 .text.restart  0x20006f58       0x28 C:/Users/USER/Documents/GitHub/Base-Aug-2019/satellite-subsystems/demo/../..//hal/at91/lib\libAt91D.a(ExitHandler.o)
                0x20006f58                restart
 .text.restartPrefetchAbort
                0x20006f80       0x28 C:/Users/USER/Documents/GitHub/Base-Aug-2019/satellite-subsystems/demo/../..//hal/at91/lib\libAt91D.a(ExitHandler.o)
                0x20006f80                restartPrefetchAbort
 .text.restartDataAbort
                0x20006fa8       0x28 C:/Users/USER/Documents/GitHub/Base-Aug-2019/satellite-subsystems/demo/../..//hal/at91/lib\libAt91D.a(ExitHandler.o)
                0x20006fa8                restartDataAbort
 .text.defaultSpuriousHandler
                0x20006fd0       0x18 C:/Users/USER/Documents/GitHub/Base-Aug-2019/satellite-subsystems/demo/../..//hal/at91/lib\libAt91D.a(board_lowlevel.o)
                0x20006fd0                defaultSpuriousHandler
 .text.defaultFiqHandler
                0x20006fe8       0x18 C:/Users/USER/Documents/GitHub/Base-Aug-2019/satellite-subsystems/demo/../..//hal/at91/lib\libAt91D.a(board_lowlevel.o)
                0x20006fe8                defaultFiqHandler
 .text.defaultIrqHandler
                0x20007000       0x18 C:/Users/USER/Documents/GitHub/Base-Aug-2019/satellite-subsystems/demo/../..//hal/at91/lib\libAt91D.a(board_lowlevel.o)
                0x20007000                defaultIrqHandler
 .text.LowLevelInit
                0x20007018       0xf4 C:/Users/USER/Documents/GitHub/Base-Aug-2019/satellite-subsystems/demo/../..//hal/at91/lib\libAt91D.a(board_lowlevel.o)
                0x20007018                LowLevelInit
 .text.BOARD_RemapRam
                0x2000710c       0x24 C:/Users/USER/Documents/GitHub/Base-Aug-2019/satellite-subsystems/demo/../..//hal/at91/lib\libAt91D.a(board_memories.o)
                0x2000710c                BOARD_RemapRam
 .text.__errno  0x20007130       0x10 c:/isis/application/toolchain/bin/../lib/gcc/arm-none-eabi/4.7.4/../../../../arm-none-eabi/lib\libg.a(lib_a-errno.o)
                0x20007130                __errno
 .text.malloc   0x20007140       0x20 c:/isis/application/toolchain/bin/../lib/gcc/arm-none-eabi/4.7.4/../../../../arm-none-eabi/lib\libg.a(lib_a-malloc.o)
                0x20007140                malloc
 .text.free     0x20007160       0x20 c:/isis/application/toolchain/bin/../lib/gcc/arm-none-eabi/4.7.4/../../../../arm-none-eabi/lib\libg.a(lib_a-malloc.o)
                0x20007160                free
 .text._malloc_r
                0x20007180      0x73c c:/isis/application/toolchain/bin/../lib/gcc/arm-none-eabi/4.7.4/../../../../arm-none-eabi/lib\libg.a(lib_a-mallocr.o)
                0x20007180                _malloc_r
 .text.memcpy   0x200078bc       0xf4 c:/isis/application/toolchain/bin/../lib/gcc/arm-none-eabi/4.7.4/../../../../arm-none-eabi/lib\libg.a(lib_a-memcpy.o)
                0x200078bc                memcpy
 .text.memset   0x200079b0       0xf8 c:/isis/application/toolchain/bin/../lib/gcc/arm-none-eabi/4.7.4/../../../../arm-none-eabi/lib\libg.a(lib_a-memset.o)
                0x200079b0                memset
 .text.__malloc_lock
                0x20007aa8        0x4 c:/isis/application/toolchain/bin/../lib/gcc/arm-none-eabi/4.7.4/../../../../arm-none-eabi/lib\libg.a(lib_a-mlock.o)
                0x20007aa8                __malloc_lock
 .text.__malloc_unlock
                0x20007aac        0x4 c:/isis/application/toolchain/bin/../lib/gcc/arm-none-eabi/4.7.4/../../../../arm-none-eabi/lib\libg.a(lib_a-mlock.o)
                0x20007aac                __malloc_unlock
 .text.printf   0x20007ab0       0x40 c:/isis/application/toolchain/bin/../lib/gcc/arm-none-eabi/4.7.4/../../../../arm-none-eabi/lib\libg.a(lib_a-printf.o)
                0x20007ab0                printf
 .text._puts_r  0x20007af0       0xa4 c:/isis/application/toolchain/bin/../lib/gcc/arm-none-eabi/4.7.4/../../../../arm-none-eabi/lib\libg.a(lib_a-puts.o)
                0x20007af0                _puts_r
 .text.puts     0x20007b94       0x14 c:/isis/application/toolchain/bin/../lib/gcc/arm-none-eabi/4.7.4/../../../../arm-none-eabi/lib\libg.a(lib_a-puts.o)
                0x20007b94                puts
 .text._sbrk_r  0x20007ba8       0x40 c:/isis/application/toolchain/bin/../lib/gcc/arm-none-eabi/4.7.4/../../../../arm-none-eabi/lib\libg.a(lib_a-sbrkr.o)
                0x20007ba8                _sbrk_r
 .text.strlen   0x20007be8       0x60 c:/isis/application/toolchain/bin/../lib/gcc/arm-none-eabi/4.7.4/../../../../arm-none-eabi/lib\libg.a(lib_a-strlen.o)
                0x20007be8                strlen
 .text._vfprintf_r
                0x20007c48     0x1fe8 c:/isis/application/toolchain/bin/../lib/gcc/arm-none-eabi/4.7.4/../../../../arm-none-eabi/lib\libg.a(lib_a-vfprintf.o)
                0x20007c48                _vfprintf_r
 .text.__sbprintf
                0x20009c30       0xd0 c:/isis/application/toolchain/bin/../lib/gcc/arm-none-eabi/4.7.4/../../../../arm-none-eabi/lib\libg.a(lib_a-vfprintf.o)
 .text.__swsetup_r
                0x20009d00      0x138 c:/isis/application/toolchain/bin/../lib/gcc/arm-none-eabi/4.7.4/../../../../arm-none-eabi/lib\libg.a(lib_a-wsetup.o)
                0x20009d00                __swsetup_r
 .text.quorem   0x20009e38      0x1e0 c:/isis/application/toolchain/bin/../lib/gcc/arm-none-eabi/4.7.4/../../../../arm-none-eabi/lib\libg.a(lib_a-dtoa.o)
 .text._dtoa_r  0x2000a018     0x1698 c:/isis/application/toolchain/bin/../lib/gcc/arm-none-eabi/4.7.4/../../../../arm-none-eabi/lib\libg.a(lib_a-dtoa.o)
                0x2000a018                _dtoa_r
 .text._fflush_r
                0x2000b6b0      0x250 c:/isis/application/toolchain/bin/../lib/gcc/arm-none-eabi/4.7.4/../../../../arm-none-eabi/lib\libg.a(lib_a-fflush.o)
                0x2000b6b0                _fflush_r
 .text._cleanup_r
                0x2000b900       0x18 c:/isis/application/toolchain/bin/../lib/gcc/arm-none-eabi/4.7.4/../../../../arm-none-eabi/lib\libg.a(lib_a-findfp.o)
                0x2000b900                _cleanup_r
 .text.std.isra.0
                0x2000b918       0x7c c:/isis/application/toolchain/bin/../lib/gcc/arm-none-eabi/4.7.4/../../../../arm-none-eabi/lib\libg.a(lib_a-findfp.o)
 .text.__sinit  0x2000b994       0x78 c:/isis/application/toolchain/bin/../lib/gcc/arm-none-eabi/4.7.4/../../../../arm-none-eabi/lib\libg.a(lib_a-findfp.o)
                0x2000b994                __sinit
 .text.__sfp_lock_acquire
                0x2000ba0c        0x4 c:/isis/application/toolchain/bin/../lib/gcc/arm-none-eabi/4.7.4/../../../../arm-none-eabi/lib\libg.a(lib_a-findfp.o)
                0x2000ba0c                __sfp_lock_acquire
 .text.__sfp_lock_release
                0x2000ba10        0x4 c:/isis/application/toolchain/bin/../lib/gcc/arm-none-eabi/4.7.4/../../../../arm-none-eabi/lib\libg.a(lib_a-findfp.o)
                0x2000ba10                __sfp_lock_release
 .text._malloc_trim_r
                0x2000ba14       0xfc c:/isis/application/toolchain/bin/../lib/gcc/arm-none-eabi/4.7.4/../../../../arm-none-eabi/lib\libg.a(lib_a-freer.o)
                0x2000ba14                _malloc_trim_r
 .text._free_r  0x2000bb10      0x26c c:/isis/application/toolchain/bin/../lib/gcc/arm-none-eabi/4.7.4/../../../../arm-none-eabi/lib\libg.a(lib_a-freer.o)
                0x2000bb10                _free_r
 .text.__sfvwrite_r
                0x2000bd7c      0x4c4 c:/isis/application/toolchain/bin/../lib/gcc/arm-none-eabi/4.7.4/../../../../arm-none-eabi/lib\libg.a(lib_a-fvwrite.o)
                0x2000bd7c                __sfvwrite_r
 .text._fwalk   0x2000c240       0x88 c:/isis/application/toolchain/bin/../lib/gcc/arm-none-eabi/4.7.4/../../../../arm-none-eabi/lib\libg.a(lib_a-fwalk.o)
                0x2000c240                _fwalk
 .text.__locale_charset
                0x2000c2c8        0xc c:/isis/application/toolchain/bin/../lib/gcc/arm-none-eabi/4.7.4/../../../../arm-none-eabi/lib\libg.a(lib_a-locale.o)
                0x2000c2c8                __locale_charset
 .text.__locale_mb_cur_max
                0x2000c2d4       0x10 c:/isis/application/toolchain/bin/../lib/gcc/arm-none-eabi/4.7.4/../../../../arm-none-eabi/lib\libg.a(lib_a-locale.o)
                0x2000c2d4                __locale_mb_cur_max
 .text._localeconv_r
                0x2000c2e4        0xc c:/isis/application/toolchain/bin/../lib/gcc/arm-none-eabi/4.7.4/../../../../arm-none-eabi/lib\libg.a(lib_a-locale.o)
                0x2000c2e4                _localeconv_r
 .text.__smakebuf_r
                0x2000c2f0      0x15c c:/isis/application/toolchain/bin/../lib/gcc/arm-none-eabi/4.7.4/../../../../arm-none-eabi/lib\libg.a(lib_a-makebuf.o)
                0x2000c2f0                __smakebuf_r
 .text.memchr   0x2000c44c      0x11c c:/isis/application/toolchain/bin/../lib/gcc/arm-none-eabi/4.7.4/../../../../arm-none-eabi/lib\libg.a(lib_a-memchr.o)
                0x2000c44c                memchr
 .text.memmove  0x2000c568      0x134 c:/isis/application/toolchain/bin/../lib/gcc/arm-none-eabi/4.7.4/../../../../arm-none-eabi/lib\libg.a(lib_a-memmove.o)
                0x2000c568                memmove
 .text._Balloc  0x2000c69c       0x8c c:/isis/application/toolchain/bin/../lib/gcc/arm-none-eabi/4.7.4/../../../../arm-none-eabi/lib\libg.a(lib_a-mprec.o)
                0x2000c69c                _Balloc
 .text._Bfree   0x2000c728       0x1c c:/isis/application/toolchain/bin/../lib/gcc/arm-none-eabi/4.7.4/../../../../arm-none-eabi/lib\libg.a(lib_a-mprec.o)
                0x2000c728                _Bfree
 .text.__multadd
                0x2000c744       0xdc c:/isis/application/toolchain/bin/../lib/gcc/arm-none-eabi/4.7.4/../../../../arm-none-eabi/lib\libg.a(lib_a-mprec.o)
                0x2000c744                __multadd
 .text.__hi0bits
                0x2000c820       0x50 c:/isis/application/toolchain/bin/../lib/gcc/arm-none-eabi/4.7.4/../../../../arm-none-eabi/lib\libg.a(lib_a-mprec.o)
                0x2000c820                __hi0bits
 .text.__lo0bits
                0x2000c870       0x94 c:/isis/application/toolchain/bin/../lib/gcc/arm-none-eabi/4.7.4/../../../../arm-none-eabi/lib\libg.a(lib_a-mprec.o)
                0x2000c870                __lo0bits
 .text.__i2b    0x2000c904       0x24 c:/isis/application/toolchain/bin/../lib/gcc/arm-none-eabi/4.7.4/../../../../arm-none-eabi/lib\libg.a(lib_a-mprec.o)
                0x2000c904                __i2b
 .text.__multiply
                0x2000c928      0x1e4 c:/isis/application/toolchain/bin/../lib/gcc/arm-none-eabi/4.7.4/../../../../arm-none-eabi/lib\libg.a(lib_a-mprec.o)
                0x2000c928                __multiply
 .text.__pow5mult
                0x2000cb0c       0xf4 c:/isis/application/toolchain/bin/../lib/gcc/arm-none-eabi/4.7.4/../../../../arm-none-eabi/lib\libg.a(lib_a-mprec.o)
                0x2000cb0c                __pow5mult
 .text.__lshift
                0x2000cc00      0x104 c:/isis/application/toolchain/bin/../lib/gcc/arm-none-eabi/4.7.4/../../../../arm-none-eabi/lib\libg.a(lib_a-mprec.o)
                0x2000cc00                __lshift
 .text.__mcmp   0x2000cd04       0x64 c:/isis/application/toolchain/bin/../lib/gcc/arm-none-eabi/4.7.4/../../../../arm-none-eabi/lib\libg.a(lib_a-mprec.o)
                0x2000cd04                __mcmp
 .text.__mdiff  0x2000cd68      0x14c c:/isis/application/toolchain/bin/../lib/gcc/arm-none-eabi/4.7.4/../../../../arm-none-eabi/lib\libg.a(lib_a-mprec.o)
                0x2000cd68                __mdiff
 .text.__d2b    0x2000ceb4      0x108 c:/isis/application/toolchain/bin/../lib/gcc/arm-none-eabi/4.7.4/../../../../arm-none-eabi/lib\libg.a(lib_a-mprec.o)
                0x2000ceb4                __d2b
 .text._realloc_r
                0x2000cfbc      0x574 c:/isis/application/toolchain/bin/../lib/gcc/arm-none-eabi/4.7.4/../../../../arm-none-eabi/lib\libg.a(lib_a-reallocr.o)
                0x2000cfbc                _realloc_r
 .text.__fpclassifyd
                0x2000d530       0x6c c:/isis/application/toolchain/bin/../lib/gcc/arm-none-eabi/4.7.4/../../../../arm-none-eabi/lib\libg.a(lib_a-s_fpclassify.o)
                0x2000d530                __fpclassifyd
 .text.__sread  0x2000d59c       0x34 c:/isis/application/toolchain/bin/../lib/gcc/arm-none-eabi/4.7.4/../../../../arm-none-eabi/lib\libg.a(lib_a-stdio.o)
                0x2000d59c                __sread
 .text.__swrite
                0x2000d5d0       0x58 c:/isis/application/toolchain/bin/../lib/gcc/arm-none-eabi/4.7.4/../../../../arm-none-eabi/lib\libg.a(lib_a-stdio.o)
                0x2000d5d0                __swrite
 .text.__sseek  0x2000d628       0x34 c:/isis/application/toolchain/bin/../lib/gcc/arm-none-eabi/4.7.4/../../../../arm-none-eabi/lib\libg.a(lib_a-stdio.o)
                0x2000d628                __sseek
 .text.__sclose
                0x2000d65c       0x14 c:/isis/application/toolchain/bin/../lib/gcc/arm-none-eabi/4.7.4/../../../../arm-none-eabi/lib\libg.a(lib_a-stdio.o)
                0x2000d65c                __sclose
 .text.__sprint_r
                0x2000d670       0xc0 c:/isis/application/toolchain/bin/../lib/gcc/arm-none-eabi/4.7.4/../../../../arm-none-eabi/lib\libg.a(lib_a-vfiprintf.o)
                0x2000d670                __sprint_r
 .text._write_r
                0x2000d730       0x44 c:/isis/application/toolchain/bin/../lib/gcc/arm-none-eabi/4.7.4/../../../../arm-none-eabi/lib\libg.a(lib_a-writer.o)
                0x2000d730                _write_r
 .text._calloc_r
                0x2000d774       0x94 c:/isis/application/toolchain/bin/../lib/gcc/arm-none-eabi/4.7.4/../../../../arm-none-eabi/lib\libg.a(lib_a-callocr.o)
                0x2000d774                _calloc_r
 .text._close_r
                0x2000d808       0x3c c:/isis/application/toolchain/bin/../lib/gcc/arm-none-eabi/4.7.4/../../../../arm-none-eabi/lib\libg.a(lib_a-closer.o)
                0x2000d808                _close_r
 .text._fclose_r
                0x2000d844       0xf8 c:/isis/application/toolchain/bin/../lib/gcc/arm-none-eabi/4.7.4/../../../../arm-none-eabi/lib\libg.a(lib_a-fclose.o)
                0x2000d844                _fclose_r
 .text.fclose   0x2000d93c       0x14 c:/isis/application/toolchain/bin/../lib/gcc/arm-none-eabi/4.7.4/../../../../arm-none-eabi/lib\libg.a(lib_a-fclose.o)
                0x2000d93c                fclose
 .text._fputwc_r
                0x2000d950      0x150 c:/isis/application/toolchain/bin/../lib/gcc/arm-none-eabi/4.7.4/../../../../arm-none-eabi/lib\libg.a(lib_a-fputwc.o)
                0x2000d950                _fputwc_r
 .text._fstat_r
                0x2000daa0       0x40 c:/isis/application/toolchain/bin/../lib/gcc/arm-none-eabi/4.7.4/../../../../arm-none-eabi/lib\libg.a(lib_a-fstatr.o)
                0x2000daa0                _fstat_r
 .text._isatty_r
                0x2000dae0       0x3c c:/isis/application/toolchain/bin/../lib/gcc/arm-none-eabi/4.7.4/../../../../arm-none-eabi/lib\libg.a(lib_a-isattyr.o)
                0x2000dae0                _isatty_r
 .text._lseek_r
                0x2000db1c       0x44 c:/isis/application/toolchain/bin/../lib/gcc/arm-none-eabi/4.7.4/../../../../arm-none-eabi/lib\libg.a(lib_a-lseekr.o)
                0x2000db1c                _lseek_r
 .text._read_r  0x2000db60       0x44 c:/isis/application/toolchain/bin/../lib/gcc/arm-none-eabi/4.7.4/../../../../arm-none-eabi/lib\libg.a(lib_a-readr.o)
                0x2000db60                _read_r
 .text.__swbuf_r
                0x2000dba4      0x130 c:/isis/application/toolchain/bin/../lib/gcc/arm-none-eabi/4.7.4/../../../../arm-none-eabi/lib\libg.a(lib_a-wbuf.o)
                0x2000dba4                __swbuf_r
 .text._wcrtomb_r
                0x2000dcd4       0x90 c:/isis/application/toolchain/bin/../lib/gcc/arm-none-eabi/4.7.4/../../../../arm-none-eabi/lib\libg.a(lib_a-wcrtomb.o)
                0x2000dcd4                _wcrtomb_r
 .text.__ascii_wctomb
                0x2000dd64       0x2c c:/isis/application/toolchain/bin/../lib/gcc/arm-none-eabi/4.7.4/../../../../arm-none-eabi/lib\libg.a(lib_a-wctomb_r.o)
                0x2000dd64                __ascii_wctomb
 .text.__ascii_wctomb.stub
                0x2000dd90       0x10 linker stubs
 *(.rodata)
 .rodata        0x2000dda0      0x35c ./src/main.o
 .rodata        0x2000e0fc       0x24 C:/Users/USER/Documents/GitHub/Base-Aug-2019/satellite-subsystems/demo/..//satellite-subsystems/lib\libSatelliteSubsystemsD.a(version.o)
                0x2000e0fc                SatelliteSubsystemsCompileDate
                0x2000e108                SatelliteSubsystemsCompileTime
                0x2000e114                SatelliteSubsystemsVersionMajor
                0x2000e118                SatelliteSubsystemsVersionMinor
                0x2000e11c                SatelliteSubsystemsVersionRevision
 .rodata        0x2000e120       0xf4 C:/Users/USER/Documents/GitHub/Base-Aug-2019/satellite-subsystems/demo/../..//hal/hal/lib\libHALD.a(I2C.o)
 .rodata        0x2000e214       0x30 C:/Users/USER/Documents/GitHub/Base-Aug-2019/satellite-subsystems/demo/../..//hal/hal/lib\libHALD.a(LED.o)
 .rodata        0x2000e244      0x324 C:/Users/USER/Documents/GitHub/Base-Aug-2019/satellite-subsystems/demo/../..//hal/hal/lib\libHALD.a(SPI.o)
 .rodata        0x2000e568        0xc C:/Users/USER/Documents/GitHub/Base-Aug-2019/satellite-subsystems/demo/../..//hal/hal/lib\libHALD.a(WatchDogTimerNoOS.o)
 .rodata        0x2000e574       0x14 C:/Users/USER/Documents/GitHub/Base-Aug-2019/satellite-subsystems/demo/../..//hal/hal/lib\libHALD.a(WatchDogTimerOS.o)
 .rodata        0x2000e588       0xcc C:/Users/USER/Documents/GitHub/Base-Aug-2019/satellite-subsystems/demo/../..//hal/hal/lib\libHALD.a(util.o)
 .rodata        0x2000e654       0x24 C:/Users/USER/Documents/GitHub/Base-Aug-2019/satellite-subsystems/demo/../..//hal/hal/lib\libHALD.a(version.o)
                0x2000e654                HalCompileDate
                0x2000e660                HalCompileTime
                0x2000e66c                HalVersionMajor
                0x2000e670                HalVersionMinor
                0x2000e674                HalVersionRevision
 .rodata        0x2000e678       0x40 C:/Users/USER/Documents/GitHub/Base-Aug-2019/satellite-subsystems/demo/../..//hal/freertos/lib\libFreeRTOSD.a(queue.o)
 .rodata        0x2000e6b8       0x48 C:/Users/USER/Documents/GitHub/Base-Aug-2019/satellite-subsystems/demo/../..//hal/freertos/lib\libFreeRTOSD.a(tasks.o)
 .rodata        0x2000e700       0x58 C:/Users/USER/Documents/GitHub/Base-Aug-2019/satellite-subsystems/demo/../..//hal/freertos/lib\libFreeRTOSD.a(hooks.o)
 .rodata        0x2000e758       0x3c C:/Users/USER/Documents/GitHub/Base-Aug-2019/satellite-subsystems/demo/../..//hal/at91/lib\libAt91D.a(syscalls.o)
 .rodata        0x2000e794      0x158 C:/Users/USER/Documents/GitHub/Base-Aug-2019/satellite-subsystems/demo/../..//hal/at91/lib\libAt91D.a(cp15.o)
 .rodata        0x2000e8ec      0x118 C:/Users/USER/Documents/GitHub/Base-Aug-2019/satellite-subsystems/demo/../..//hal/at91/lib\libAt91D.a(pmc.o)
 .rodata        0x2000ea04       0x98 C:/Users/USER/Documents/GitHub/Base-Aug-2019/satellite-subsystems/demo/../..//hal/at91/lib\libAt91D.a(twi_at91.o)
 .rodata        0x2000ea9c       0x8c C:/Users/USER/Documents/GitHub/Base-Aug-2019/satellite-subsystems/demo/../..//hal/at91/lib\libAt91D.a(ExitHandler.o)
 .rodata        0x2000eb28       0xa8 C:/Users/USER/Documents/GitHub/Base-Aug-2019/satellite-subsystems/demo/../..//hal/at91/lib\libAt91D.a(board_lowlevel.o)
 *(.rodata*)
 .rodata.str1.4
                0x2000ebd0        0x2 c:/isis/application/toolchain/bin/../lib/gcc/arm-none-eabi/4.7.4/../../../../arm-none-eabi/lib\libg.a(lib_a-impure.o)
                                  0x4 (size before relaxing)
 *fill*         0x2000ebd2        0x2 00
 .rodata.str1.4
                0x2000ebd4        0x2 c:/isis/application/toolchain/bin/../lib/gcc/arm-none-eabi/4.7.4/../../../../arm-none-eabi/lib\libg.a(lib_a-puts.o)
                                  0x4 (size before relaxing)
 *fill*         0x2000ebd6        0x2 00
 .rodata.blanks.6735
                0x2000ebd8       0x10 c:/isis/application/toolchain/bin/../lib/gcc/arm-none-eabi/4.7.4/../../../../arm-none-eabi/lib\libg.a(lib_a-vfprintf.o)
 .rodata.str1.4
                0x2000ebe8       0x42 c:/isis/application/toolchain/bin/../lib/gcc/arm-none-eabi/4.7.4/../../../../arm-none-eabi/lib\libg.a(lib_a-vfprintf.o)
                                 0x44 (size before relaxing)
 *fill*         0x2000ec2a        0x2 00
 .rodata.zeroes.6736
                0x2000ec2c       0x10 c:/isis/application/toolchain/bin/../lib/gcc/arm-none-eabi/4.7.4/../../../../arm-none-eabi/lib\libg.a(lib_a-vfprintf.o)
 .rodata.str1.4
                0x2000ec3c       0x10 c:/isis/application/toolchain/bin/../lib/gcc/arm-none-eabi/4.7.4/../../../../arm-none-eabi/lib\libg.a(lib_a-dtoa.o)
                                 0x14 (size before relaxing)
 .rodata.str1.4
                0x2000ec4c        0xc c:/isis/application/toolchain/bin/../lib/gcc/arm-none-eabi/4.7.4/../../../../arm-none-eabi/lib\libg.a(lib_a-locale.o)
                                 0x14 (size before relaxing)
 .rodata.p05.5242
                0x2000ec58        0xc c:/isis/application/toolchain/bin/../lib/gcc/arm-none-eabi/4.7.4/../../../../arm-none-eabi/lib\libg.a(lib_a-mprec.o)
 *fill*         0x2000ec64        0x4 00
 .rodata.__mprec_tens
                0x2000ec68       0xc8 c:/isis/application/toolchain/bin/../lib/gcc/arm-none-eabi/4.7.4/../../../../arm-none-eabi/lib\libg.a(lib_a-mprec.o)
                0x2000ec68                __mprec_tens
 .rodata.__mprec_bigtens
                0x2000ed30       0x28 c:/isis/application/toolchain/bin/../lib/gcc/arm-none-eabi/4.7.4/../../../../arm-none-eabi/lib\libg.a(lib_a-mprec.o)
                0x2000ed30                __mprec_bigtens
 *(.rodata.*)
 *(.glue_7)
 .glue_7        0x00000000        0x0 linker stubs
 *(.glue_7t)
 .glue_7t       0x00000000        0x0 linker stubs
 *(.vfp11_veneer)
 .vfp11_veneer  0x00000000        0x0 linker stubs
 *(.v4_bx)
 .v4_bx         0x00000000        0x0 linker stubs
 *(.data)
 .data          0x2000ed58        0x8 C:/Users/USER/Documents/GitHub/Base-Aug-2019/satellite-subsystems/demo/../..//hal/hal/lib\libHALD.a(I2C.o)
 .data          0x2000ed60        0xc C:/Users/USER/Documents/GitHub/Base-Aug-2019/satellite-subsystems/demo/../..//hal/hal/lib\libHALD.a(SPI.o)
 .data          0x2000ed6c        0x4 C:/Users/USER/Documents/GitHub/Base-Aug-2019/satellite-subsystems/demo/../..//hal/freertos/lib\libFreeRTOSD.a(tasks.o)
 .data          0x2000ed70        0x4 C:/Users/USER/Documents/GitHub/Base-Aug-2019/satellite-subsystems/demo/../..//hal/freertos/lib\libFreeRTOSD.a(port.o)
                0x2000ed70                ulCriticalNesting
 *(.data.*)
 *fill*         0x2000ed74        0x4 00
 .data.impure_data
                0x2000ed78      0x428 c:/isis/application/toolchain/bin/../lib/gcc/arm-none-eabi/4.7.4/../../../../arm-none-eabi/lib\libg.a(lib_a-impure.o)
 .data._impure_ptr
                0x2000f1a0        0x4 c:/isis/application/toolchain/bin/../lib/gcc/arm-none-eabi/4.7.4/../../../../arm-none-eabi/lib\libg.a(lib_a-impure.o)
                0x2000f1a0                _impure_ptr
 .data.__malloc_av_
                0x2000f1a4      0x408 c:/isis/application/toolchain/bin/../lib/gcc/arm-none-eabi/4.7.4/../../../../arm-none-eabi/lib\libg.a(lib_a-mallocr.o)
                0x2000f1a4                __malloc_av_
 .data.__malloc_trim_threshold
                0x2000f5ac        0x4 c:/isis/application/toolchain/bin/../lib/gcc/arm-none-eabi/4.7.4/../../../../arm-none-eabi/lib\libg.a(lib_a-mallocr.o)
                0x2000f5ac                __malloc_trim_threshold
 .data.__malloc_sbrk_base
                0x2000f5b0        0x4 c:/isis/application/toolchain/bin/../lib/gcc/arm-none-eabi/4.7.4/../../../../arm-none-eabi/lib\libg.a(lib_a-mallocr.o)
                0x2000f5b0                __malloc_sbrk_base
 .data.lconv    0x2000f5b4       0x38 c:/isis/application/toolchain/bin/../lib/gcc/arm-none-eabi/4.7.4/../../../../arm-none-eabi/lib\libg.a(lib_a-locale.o)
 .data.lc_ctype_charset
                0x2000f5ec       0x20 c:/isis/application/toolchain/bin/../lib/gcc/arm-none-eabi/4.7.4/../../../../arm-none-eabi/lib\libg.a(lib_a-locale.o)
 .data.__mb_cur_max
                0x2000f60c        0x4 c:/isis/application/toolchain/bin/../lib/gcc/arm-none-eabi/4.7.4/../../../../arm-none-eabi/lib\libg.a(lib_a-locale.o)
                0x2000f60c                __mb_cur_max
 .data.__wctomb
                0x2000f610        0x4 c:/isis/application/toolchain/bin/../lib/gcc/arm-none-eabi/4.7.4/../../../../arm-none-eabi/lib\libg.a(lib_a-wctomb_r.o)
                0x2000f610                __wctomb
 *(.dyn)
 *(.iplt)
 .iplt          0x00000000        0x0 ./src/main.o
 *(.igot)
 *(.igot.plt)
 .igot.plt      0x00000000        0x0 ./src/main.o
 *(.rel.dyn)
 *(.rel.iplt)
 .rel.iplt      0x00000000        0x0 ./src/main.o
                0x2000f614                . = ALIGN (0x4)
                0x2000f614                _efixed = .

.ARM.exidx      0x2000f614        0x8
 *(.ARM.exidx)
 .ARM.exidx     0x2000f614        0x8 c:/isis/application/toolchain/bin/../lib/gcc/arm-none-eabi/4.7.4\libgcc.a(_divdi3.o)
 .ARM.exidx     0x2000f61c        0x0 c:/isis/application/toolchain/bin/../lib/gcc/arm-none-eabi/4.7.4\libgcc.a(_udivdi3.o)
                                  0x8 (size before relaxing)
                0x2000f61c                _eexidx = .

.ARM.extab      0x2000f61c        0x0
 *(.ARM.extab)
                0x2000f61c                _eextab = .

.prerelocate    0x00000000        0x0 load address 0x2000f61c
                0x00000000                . = ALIGN (0x4)
                0x00000000                _sprerelocate = .
                0x00000000                . = ALIGN (0x4)
                0x00000000                _eprerelocate = .

.postrelocate   0x00200000     0x1c28 load address 0x2000f61c
                0x00200000                . = ALIGN (0x4)
                0x00200000                _spostrelocate = .
 *(.vectors)
 .vectors       0x00200000       0xd4 C:/Users/USER/Documents/GitHub/Base-Aug-2019/satellite-subsystems/demo/../..//hal/at91/lib\libAt91D.a(board_cstartup.o)
 *(.sramfunc)
 .sramfunc      0x002000d4      0xe1c C:/Users/USER/Documents/GitHub/Base-Aug-2019/satellite-subsystems/demo/../..//hal/hal/lib\libHALD.a(I2C.o)
                0x0020098c                ISR_I2Cmaster
                0x00200d3c                taskI2Cregulator
 .sramfunc      0x00200ef0      0xa58 C:/Users/USER/Documents/GitHub/Base-Aug-2019/satellite-subsystems/demo/../..//hal/hal/lib\libHALD.a(SPI.o)
                0x00200ef0                taskSPI0regulator
                0x00201398                taskSPI1regulator
                0x0020171c                ISR_SPI0master
                0x002017dc                ISR_SPI1master
 .sramfunc      0x00201948       0x98 C:/Users/USER/Documents/GitHub/Base-Aug-2019/satellite-subsystems/demo/../..//hal/hal/lib\libHALD.a(WatchDogTimerNoOS.o)
                0x00201948                WDT_kickEveryNcalls
                0x00201990                WDT_forceKick
 .sramfunc      0x002019e0       0x50 C:/Users/USER/Documents/GitHub/Base-Aug-2019/satellite-subsystems/demo/../..//hal/hal/lib\libHALD.a(WatchDogTimerOS.o)
                0x002019e0                taskWatchdogKick
 .sramfunc      0x00201a30       0xf0 C:/Users/USER/Documents/GitHub/Base-Aug-2019/satellite-subsystems/demo/../..//hal/freertos/lib\libFreeRTOSD.a(port.o)
                0x00201a30                vPortTickISR
                0x00201a6c                vPortYieldProcessor
 .sramfunc      0x00201b20       0x48 C:/Users/USER/Documents/GitHub/Base-Aug-2019/satellite-subsystems/demo/../..//hal/at91/lib\libAt91D.a(ExitHandler.o)
                0x00201b20                gracefulReset
 .sramfunc.stub
                0x00201b68       0xc0 linker stubs
 *(.ramfunc)
                0x00201c28                . = ALIGN (0x4)
                0x00201c28                _epostrelocate = .

.sramdata       0x00300000        0xc load address 0x20011244
                0x00300000                . = ALIGN (0x4)
                0x00300000                _ssramdata = .
 *(.sramdata)
 .sramdata      0x00300000        0x4 C:/Users/USER/Documents/GitHub/Base-Aug-2019/satellite-subsystems/demo/../..//hal/hal/lib\libHALD.a(WatchDogTimerNoOS.o)
 .sramdata      0x00300004        0x8 C:/Users/USER/Documents/GitHub/Base-Aug-2019/satellite-subsystems/demo/../..//hal/hal/lib\libHALD.a(WatchDogTimerOS.o)
                0x0030000c                . = ALIGN (0x4)
                0x0030000c                _esramdata = .

.srambss        0x0030000c        0x0
                0x0030000c                . = ALIGN (0x4)
                0x0030000c                _ssrambss = .
 *(.srambss)
                0x0030000c                . = ALIGN (0x4)
                0x0030000c                _esrambss = .

.bss            0x2000f61c      0x330
                0x2000f61c                _szero = .
 *(.bss)
 .bss           0x2000f61c       0x54 C:/Users/USER/Documents/GitHub/Base-Aug-2019/satellite-subsystems/demo/../..//hal/hal/lib\libHALD.a(I2C.o)
                0x2000f624                RescheduleFlag
 .bss           0x2000f670       0x10 C:/Users/USER/Documents/GitHub/Base-Aug-2019/satellite-subsystems/demo/../..//hal/hal/lib\libHALD.a(LED.o)
 .bss           0x2000f680       0x50 C:/Users/USER/Documents/GitHub/Base-Aug-2019/satellite-subsystems/demo/../..//hal/hal/lib\libHALD.a(SPI.o)
 .bss           0x2000f6d0        0x8 C:/Users/USER/Documents/GitHub/Base-Aug-2019/satellite-subsystems/demo/../..//hal/hal/lib\libHALD.a(WatchDogTimerOS.o)
 .bss           0x2000f6d8       0xfc C:/Users/USER/Documents/GitHub/Base-Aug-2019/satellite-subsystems/demo/../..//hal/freertos/lib\libFreeRTOSD.a(tasks.o)
                0x2000f6d8                pxCurrentTCB
 .bss           0x2000f7d4        0x4 C:/Users/USER/Documents/GitHub/Base-Aug-2019/satellite-subsystems/demo/../..//hal/at91/lib\libAt91D.a(syscalls.o)
 .bss           0x2000f7d8       0x3c C:/Users/USER/Documents/GitHub/Base-Aug-2019/satellite-subsystems/demo/../..//hal/at91/lib\libAt91D.a(pio_it.o)
 *(.bss.*)
 .bss.__malloc_max_total_mem
                0x2000f814        0x4 c:/isis/application/toolchain/bin/../lib/gcc/arm-none-eabi/4.7.4/../../../../arm-none-eabi/lib\libg.a(lib_a-mallocr.o)
                0x2000f814                __malloc_max_total_mem
 .bss.__malloc_max_sbrked_mem
                0x2000f818        0x4 c:/isis/application/toolchain/bin/../lib/gcc/arm-none-eabi/4.7.4/../../../../arm-none-eabi/lib\libg.a(lib_a-mallocr.o)
                0x2000f818                __malloc_max_sbrked_mem
 .bss.__malloc_top_pad
                0x2000f81c        0x4 c:/isis/application/toolchain/bin/../lib/gcc/arm-none-eabi/4.7.4/../../../../arm-none-eabi/lib\libg.a(lib_a-mallocr.o)
                0x2000f81c                __malloc_top_pad
 .bss.__malloc_current_mallinfo
                0x2000f820       0x28 c:/isis/application/toolchain/bin/../lib/gcc/arm-none-eabi/4.7.4/../../../../arm-none-eabi/lib\libg.a(lib_a-mallocr.o)
                0x2000f820                __malloc_current_mallinfo
 *(COMMON)
 COMMON         0x2000f848      0x100 C:/Users/USER/Documents/GitHub/Base-Aug-2019/satellite-subsystems/demo/../..//hal/freertos/lib\libFreeRTOSD.a(queue.o)
                0x2000f848                xQueueRegistry
 COMMON         0x2000f948        0x4 c:/isis/application/toolchain/bin/../lib/gcc/arm-none-eabi/4.7.4/../../../../arm-none-eabi/lib\libg.a(lib_a-reent.o)
                0x2000f948                errno
 *(COMMON.*)
                0x2000f94c                . = ALIGN (0x4)
                0x2000f94c                _ezero = .
                0x2000f94c                _sheap_ = .
                0x21700000                _eheap_ = 0x21700000
                0x21fffc00                _sstack = 0x21fffc00
                0x2000f94c                end = .
OUTPUT(Hoopoe3.elf elf32-littlearm)

.debug_info     0x00000000     0x9cbf
 .debug_info    0x00000000      0x59f ./src/main.o
 .debug_info    0x0000059f       0xdf C:/Users/USER/Documents/GitHub/Base-Aug-2019/satellite-subsystems/demo/..//satellite-subsystems/lib\libSatelliteSubsystemsD.a(version.o)
 .debug_info    0x0000067e     0x106f C:/Users/USER/Documents/GitHub/Base-Aug-2019/satellite-subsystems/demo/../..//hal/hal/lib\libHALD.a(I2C.o)
 .debug_info    0x000016ed      0x506 C:/Users/USER/Documents/GitHub/Base-Aug-2019/satellite-subsystems/demo/../..//hal/hal/lib\libHALD.a(LED.o)
 .debug_info    0x00001bf3      0xdf5 C:/Users/USER/Documents/GitHub/Base-Aug-2019/satellite-subsystems/demo/../..//hal/hal/lib\libHALD.a(SPI.o)
 .debug_info    0x000029e8      0x3f1 C:/Users/USER/Documents/GitHub/Base-Aug-2019/satellite-subsystems/demo/../..//hal/hal/lib\libHALD.a(WatchDogTimerNoOS.o)
 .debug_info    0x00002dd9      0x1ab C:/Users/USER/Documents/GitHub/Base-Aug-2019/satellite-subsystems/demo/../..//hal/hal/lib\libHALD.a(WatchDogTimerOS.o)
 .debug_info    0x00002f84      0x2b4 C:/Users/USER/Documents/GitHub/Base-Aug-2019/satellite-subsystems/demo/../..//hal/hal/lib\libHALD.a(util.o)
 .debug_info    0x00003238       0xcf C:/Users/USER/Documents/GitHub/Base-Aug-2019/satellite-subsystems/demo/../..//hal/hal/lib\libHALD.a(version.o)
 .debug_info    0x00003307      0xadf C:/Users/USER/Documents/GitHub/Base-Aug-2019/satellite-subsystems/demo/../..//hal/freertos/lib\libFreeRTOSD.a(queue.o)
 .debug_info    0x00003de6      0xede C:/Users/USER/Documents/GitHub/Base-Aug-2019/satellite-subsystems/demo/../..//hal/freertos/lib\libFreeRTOSD.a(tasks.o)
 .debug_info    0x00004cc4       0xde C:/Users/USER/Documents/GitHub/Base-Aug-2019/satellite-subsystems/demo/../..//hal/freertos/lib\libFreeRTOSD.a(hooks.o)
 .debug_info    0x00004da2      0x110 C:/Users/USER/Documents/GitHub/Base-Aug-2019/satellite-subsystems/demo/../..//hal/freertos/lib\libFreeRTOSD.a(standardMemMang.o)
 .debug_info    0x00004eb2      0x330 C:/Users/USER/Documents/GitHub/Base-Aug-2019/satellite-subsystems/demo/../..//hal/freertos/lib\libFreeRTOSD.a(port.o)
 .debug_info    0x000051e2      0x2aa C:/Users/USER/Documents/GitHub/Base-Aug-2019/satellite-subsystems/demo/../..//hal/freertos/lib\libFreeRTOSD.a(list.o)
 .debug_info    0x0000548c      0x628 C:/Users/USER/Documents/GitHub/Base-Aug-2019/satellite-subsystems/demo/../..//hal/at91/lib\libAt91D.a(syscalls.o)
 .debug_info    0x00005ab4      0x287 C:/Users/USER/Documents/GitHub/Base-Aug-2019/satellite-subsystems/demo/../..//hal/at91/lib\libAt91D.a(aic.o)
 .debug_info    0x00005d3b      0x1f7 C:/Users/USER/Documents/GitHub/Base-Aug-2019/satellite-subsystems/demo/../..//hal/at91/lib\libAt91D.a(cp15.o)
 .debug_info    0x00005f32      0xc6e C:/Users/USER/Documents/GitHub/Base-Aug-2019/satellite-subsystems/demo/../..//hal/at91/lib\libAt91D.a(dbgu.o)
 .debug_info    0x00006ba0      0x734 C:/Users/USER/Documents/GitHub/Base-Aug-2019/satellite-subsystems/demo/../..//hal/at91/lib\libAt91D.a(pio.o)
 .debug_info    0x000072d4      0x6a5 C:/Users/USER/Documents/GitHub/Base-Aug-2019/satellite-subsystems/demo/../..//hal/at91/lib\libAt91D.a(pio_it.o)
 .debug_info    0x00007979      0x1ae C:/Users/USER/Documents/GitHub/Base-Aug-2019/satellite-subsystems/demo/../..//hal/at91/lib\libAt91D.a(pit.o)
 .debug_info    0x00007b27      0x2fd C:/Users/USER/Documents/GitHub/Base-Aug-2019/satellite-subsystems/demo/../..//hal/at91/lib\libAt91D.a(pmc.o)
 .debug_info    0x00007e24      0x576 C:/Users/USER/Documents/GitHub/Base-Aug-2019/satellite-subsystems/demo/../..//hal/at91/lib\libAt91D.a(spi_at91.o)
 .debug_info    0x0000839a      0x63d C:/Users/USER/Documents/GitHub/Base-Aug-2019/satellite-subsystems/demo/../..//hal/at91/lib\libAt91D.a(twi_at91.o)
 .debug_info    0x000089d7      0x22e C:/Users/USER/Documents/GitHub/Base-Aug-2019/satellite-subsystems/demo/../..//hal/at91/lib\libAt91D.a(ExitHandler.o)
 .debug_info    0x00008c05       0x92 C:/Users/USER/Documents/GitHub/Base-Aug-2019/satellite-subsystems/demo/../..//hal/at91/lib\libAt91D.a(board_cstartup.o)
 .debug_info    0x00008c97       0x81 C:/Users/USER/Documents/GitHub/Base-Aug-2019/satellite-subsystems/demo/../..//hal/at91/lib\libAt91D.a(cp15_asm.o)
 .debug_info    0x00008d18      0x651 C:/Users/USER/Documents/GitHub/Base-Aug-2019/satellite-subsystems/demo/../..//hal/at91/lib\libAt91D.a(board_lowlevel.o)
 .debug_info    0x00009369      0x956 C:/Users/USER/Documents/GitHub/Base-Aug-2019/satellite-subsystems/demo/../..//hal/at91/lib\libAt91D.a(board_memories.o)

.debug_abbrev   0x00000000     0x21c1
 .debug_abbrev  0x00000000      0x153 ./src/main.o
 .debug_abbrev  0x00000153       0x45 C:/Users/USER/Documents/GitHub/Base-Aug-2019/satellite-subsystems/demo/..//satellite-subsystems/lib\libSatelliteSubsystemsD.a(version.o)
 .debug_abbrev  0x00000198      0x2e0 C:/Users/USER/Documents/GitHub/Base-Aug-2019/satellite-subsystems/demo/../..//hal/hal/lib\libHALD.a(I2C.o)
 .debug_abbrev  0x00000478      0x163 C:/Users/USER/Documents/GitHub/Base-Aug-2019/satellite-subsystems/demo/../..//hal/hal/lib\libHALD.a(LED.o)
 .debug_abbrev  0x000005db      0x242 C:/Users/USER/Documents/GitHub/Base-Aug-2019/satellite-subsystems/demo/../..//hal/hal/lib\libHALD.a(SPI.o)
 .debug_abbrev  0x0000081d       0xf6 C:/Users/USER/Documents/GitHub/Base-Aug-2019/satellite-subsystems/demo/../..//hal/hal/lib\libHALD.a(WatchDogTimerNoOS.o)
 .debug_abbrev  0x00000913       0xd3 C:/Users/USER/Documents/GitHub/Base-Aug-2019/satellite-subsystems/demo/../..//hal/hal/lib\libHALD.a(WatchDogTimerOS.o)
 .debug_abbrev  0x000009e6       0xd9 C:/Users/USER/Documents/GitHub/Base-Aug-2019/satellite-subsystems/demo/../..//hal/hal/lib\libHALD.a(util.o)
 .debug_abbrev  0x00000abf       0x45 C:/Users/USER/Documents/GitHub/Base-Aug-2019/satellite-subsystems/demo/../..//hal/hal/lib\libHALD.a(version.o)
 .debug_abbrev  0x00000b04      0x1af C:/Users/USER/Documents/GitHub/Base-Aug-2019/satellite-subsystems/demo/../..//hal/freertos/lib\libFreeRTOSD.a(queue.o)
 .debug_abbrev  0x00000cb3      0x1e9 C:/Users/USER/Documents/GitHub/Base-Aug-2019/satellite-subsystems/demo/../..//hal/freertos/lib\libFreeRTOSD.a(tasks.o)
 .debug_abbrev  0x00000e9c       0x8a C:/Users/USER/Documents/GitHub/Base-Aug-2019/satellite-subsystems/demo/../..//hal/freertos/lib\libFreeRTOSD.a(hooks.o)
 .debug_abbrev  0x00000f26       0xc6 C:/Users/USER/Documents/GitHub/Base-Aug-2019/satellite-subsystems/demo/../..//hal/freertos/lib\libFreeRTOSD.a(standardMemMang.o)
 .debug_abbrev  0x00000fec      0x1dc C:/Users/USER/Documents/GitHub/Base-Aug-2019/satellite-subsystems/demo/../..//hal/freertos/lib\libFreeRTOSD.a(port.o)
 .debug_abbrev  0x000011c8       0xc0 C:/Users/USER/Documents/GitHub/Base-Aug-2019/satellite-subsystems/demo/../..//hal/freertos/lib\libFreeRTOSD.a(list.o)
 .debug_abbrev  0x00001288      0x152 C:/Users/USER/Documents/GitHub/Base-Aug-2019/satellite-subsystems/demo/../..//hal/at91/lib\libAt91D.a(syscalls.o)
 .debug_abbrev  0x000013da       0xc3 C:/Users/USER/Documents/GitHub/Base-Aug-2019/satellite-subsystems/demo/../..//hal/at91/lib\libAt91D.a(aic.o)
 .debug_abbrev  0x0000149d       0x89 C:/Users/USER/Documents/GitHub/Base-Aug-2019/satellite-subsystems/demo/../..//hal/at91/lib\libAt91D.a(cp15.o)
 .debug_abbrev  0x00001526      0x1f7 C:/Users/USER/Documents/GitHub/Base-Aug-2019/satellite-subsystems/demo/../..//hal/at91/lib\libAt91D.a(dbgu.o)
 .debug_abbrev  0x0000171d      0x185 C:/Users/USER/Documents/GitHub/Base-Aug-2019/satellite-subsystems/demo/../..//hal/at91/lib\libAt91D.a(pio.o)
 .debug_abbrev  0x000018a2      0x1a0 C:/Users/USER/Documents/GitHub/Base-Aug-2019/satellite-subsystems/demo/../..//hal/at91/lib\libAt91D.a(pio_it.o)
 .debug_abbrev  0x00001a42       0xd3 C:/Users/USER/Documents/GitHub/Base-Aug-2019/satellite-subsystems/demo/../..//hal/at91/lib\libAt91D.a(pit.o)
 .debug_abbrev  0x00001b15      0x115 C:/Users/USER/Documents/GitHub/Base-Aug-2019/satellite-subsystems/demo/../..//hal/at91/lib\libAt91D.a(pmc.o)
 .debug_abbrev  0x00001c2a       0xff C:/Users/USER/Documents/GitHub/Base-Aug-2019/satellite-subsystems/demo/../..//hal/at91/lib\libAt91D.a(spi_at91.o)
 .debug_abbrev  0x00001d29      0x180 C:/Users/USER/Documents/GitHub/Base-Aug-2019/satellite-subsystems/demo/../..//hal/at91/lib\libAt91D.a(twi_at91.o)
 .debug_abbrev  0x00001ea9       0xbf C:/Users/USER/Documents/GitHub/Base-Aug-2019/satellite-subsystems/demo/../..//hal/at91/lib\libAt91D.a(ExitHandler.o)
 .debug_abbrev  0x00001f68       0x12 C:/Users/USER/Documents/GitHub/Base-Aug-2019/satellite-subsystems/demo/../..//hal/at91/lib\libAt91D.a(board_cstartup.o)
 .debug_abbrev  0x00001f7a       0x14 C:/Users/USER/Documents/GitHub/Base-Aug-2019/satellite-subsystems/demo/../..//hal/at91/lib\libAt91D.a(cp15_asm.o)
 .debug_abbrev  0x00001f8e       0xea C:/Users/USER/Documents/GitHub/Base-Aug-2019/satellite-subsystems/demo/../..//hal/at91/lib\libAt91D.a(board_lowlevel.o)
 .debug_abbrev  0x00002078      0x149 C:/Users/USER/Documents/GitHub/Base-Aug-2019/satellite-subsystems/demo/../..//hal/at91/lib\libAt91D.a(board_memories.o)

.debug_loc      0x00000000     0x2a54
 .debug_loc     0x00000000       0x84 ./src/main.o
 .debug_loc     0x00000084      0x3c8 C:/Users/USER/Documents/GitHub/Base-Aug-2019/satellite-subsystems/demo/../..//hal/hal/lib\libHALD.a(I2C.o)
 .debug_loc     0x0000044c      0x134 C:/Users/USER/Documents/GitHub/Base-Aug-2019/satellite-subsystems/demo/../..//hal/hal/lib\libHALD.a(LED.o)
 .debug_loc     0x00000580      0x210 C:/Users/USER/Documents/GitHub/Base-Aug-2019/satellite-subsystems/demo/../..//hal/hal/lib\libHALD.a(SPI.o)
 .debug_loc     0x00000790       0x84 C:/Users/USER/Documents/GitHub/Base-Aug-2019/satellite-subsystems/demo/../..//hal/hal/lib\libHALD.a(WatchDogTimerNoOS.o)
 .debug_loc     0x00000814       0xb0 C:/Users/USER/Documents/GitHub/Base-Aug-2019/satellite-subsystems/demo/../..//hal/hal/lib\libHALD.a(WatchDogTimerOS.o)
 .debug_loc     0x000008c4      0x134 C:/Users/USER/Documents/GitHub/Base-Aug-2019/satellite-subsystems/demo/../..//hal/hal/lib\libHALD.a(util.o)
 .debug_loc     0x000009f8      0x420 C:/Users/USER/Documents/GitHub/Base-Aug-2019/satellite-subsystems/demo/../..//hal/freertos/lib\libFreeRTOSD.a(queue.o)
 .debug_loc     0x00000e18      0x65c C:/Users/USER/Documents/GitHub/Base-Aug-2019/satellite-subsystems/demo/../..//hal/freertos/lib\libFreeRTOSD.a(tasks.o)
 .debug_loc     0x00001474       0x58 C:/Users/USER/Documents/GitHub/Base-Aug-2019/satellite-subsystems/demo/../..//hal/freertos/lib\libFreeRTOSD.a(hooks.o)
 .debug_loc     0x000014cc       0xb0 C:/Users/USER/Documents/GitHub/Base-Aug-2019/satellite-subsystems/demo/../..//hal/freertos/lib\libFreeRTOSD.a(standardMemMang.o)
 .debug_loc     0x0000157c      0x160 C:/Users/USER/Documents/GitHub/Base-Aug-2019/satellite-subsystems/demo/../..//hal/freertos/lib\libFreeRTOSD.a(port.o)
 .debug_loc     0x000016dc       0xdc C:/Users/USER/Documents/GitHub/Base-Aug-2019/satellite-subsystems/demo/../..//hal/freertos/lib\libFreeRTOSD.a(list.o)
 .debug_loc     0x000017b8      0x324 C:/Users/USER/Documents/GitHub/Base-Aug-2019/satellite-subsystems/demo/../..//hal/at91/lib\libAt91D.a(syscalls.o)
 .debug_loc     0x00001adc       0x84 C:/Users/USER/Documents/GitHub/Base-Aug-2019/satellite-subsystems/demo/../..//hal/at91/lib\libAt91D.a(aic.o)
 .debug_loc     0x00001b60      0x18c C:/Users/USER/Documents/GitHub/Base-Aug-2019/satellite-subsystems/demo/../..//hal/at91/lib\libAt91D.a(cp15.o)
 .debug_loc     0x00001cec      0x134 C:/Users/USER/Documents/GitHub/Base-Aug-2019/satellite-subsystems/demo/../..//hal/at91/lib\libAt91D.a(dbgu.o)
 .debug_loc     0x00001e20      0x1b8 C:/Users/USER/Documents/GitHub/Base-Aug-2019/satellite-subsystems/demo/../..//hal/at91/lib\libAt91D.a(pio.o)
 .debug_loc     0x00001fd8      0x108 C:/Users/USER/Documents/GitHub/Base-Aug-2019/satellite-subsystems/demo/../..//hal/at91/lib\libAt91D.a(pio_it.o)
 .debug_loc     0x000020e0      0x18c C:/Users/USER/Documents/GitHub/Base-Aug-2019/satellite-subsystems/demo/../..//hal/at91/lib\libAt91D.a(pit.o)
 .debug_loc     0x0000226c      0x160 C:/Users/USER/Documents/GitHub/Base-Aug-2019/satellite-subsystems/demo/../..//hal/at91/lib\libAt91D.a(pmc.o)
 .debug_loc     0x000023cc      0x18c C:/Users/USER/Documents/GitHub/Base-Aug-2019/satellite-subsystems/demo/../..//hal/at91/lib\libAt91D.a(spi_at91.o)
 .debug_loc     0x00002558      0x294 C:/Users/USER/Documents/GitHub/Base-Aug-2019/satellite-subsystems/demo/../..//hal/at91/lib\libAt91D.a(twi_at91.o)
 .debug_loc     0x000027ec       0xdc C:/Users/USER/Documents/GitHub/Base-Aug-2019/satellite-subsystems/demo/../..//hal/at91/lib\libAt91D.a(ExitHandler.o)
 .debug_loc     0x000028c8       0xdc C:/Users/USER/Documents/GitHub/Base-Aug-2019/satellite-subsystems/demo/../..//hal/at91/lib\libAt91D.a(board_lowlevel.o)
 .debug_loc     0x000029a4       0xb0 C:/Users/USER/Documents/GitHub/Base-Aug-2019/satellite-subsystems/demo/../..//hal/at91/lib\libAt91D.a(board_memories.o)

.debug_aranges  0x00000000      0xab0
 .debug_aranges
                0x00000000       0x30 ./src/main.o
 .debug_aranges
                0x00000030       0x18 C:/Users/USER/Documents/GitHub/Base-Aug-2019/satellite-subsystems/demo/..//satellite-subsystems/lib\libSatelliteSubsystemsD.a(version.o)
 .debug_aranges
                0x00000048       0xc8 C:/Users/USER/Documents/GitHub/Base-Aug-2019/satellite-subsystems/demo/../..//hal/hal/lib\libHALD.a(I2C.o)
 .debug_aranges
                0x00000110       0x50 C:/Users/USER/Documents/GitHub/Base-Aug-2019/satellite-subsystems/demo/../..//hal/hal/lib\libHALD.a(LED.o)
 .debug_aranges
                0x00000160       0x78 C:/Users/USER/Documents/GitHub/Base-Aug-2019/satellite-subsystems/demo/../..//hal/hal/lib\libHALD.a(SPI.o)
 .debug_aranges
                0x000001d8       0x30 C:/Users/USER/Documents/GitHub/Base-Aug-2019/satellite-subsystems/demo/../..//hal/hal/lib\libHALD.a(WatchDogTimerNoOS.o)
 .debug_aranges
                0x00000208       0x38 C:/Users/USER/Documents/GitHub/Base-Aug-2019/satellite-subsystems/demo/../..//hal/hal/lib\libHALD.a(WatchDogTimerOS.o)
 .debug_aranges
                0x00000240       0x50 C:/Users/USER/Documents/GitHub/Base-Aug-2019/satellite-subsystems/demo/../..//hal/hal/lib\libHALD.a(util.o)
 .debug_aranges
                0x00000290       0x18 C:/Users/USER/Documents/GitHub/Base-Aug-2019/satellite-subsystems/demo/../..//hal/hal/lib\libHALD.a(version.o)
 .debug_aranges
                0x000002a8       0xd8 C:/Users/USER/Documents/GitHub/Base-Aug-2019/satellite-subsystems/demo/../..//hal/freertos/lib\libFreeRTOSD.a(queue.o)
 .debug_aranges
                0x00000380      0x140 C:/Users/USER/Documents/GitHub/Base-Aug-2019/satellite-subsystems/demo/../..//hal/freertos/lib\libFreeRTOSD.a(tasks.o)
 .debug_aranges
                0x000004c0       0x28 C:/Users/USER/Documents/GitHub/Base-Aug-2019/satellite-subsystems/demo/../..//hal/freertos/lib\libFreeRTOSD.a(hooks.o)
 .debug_aranges
                0x000004e8       0x38 C:/Users/USER/Documents/GitHub/Base-Aug-2019/satellite-subsystems/demo/../..//hal/freertos/lib\libFreeRTOSD.a(standardMemMang.o)
 .debug_aranges
                0x00000520       0x70 C:/Users/USER/Documents/GitHub/Base-Aug-2019/satellite-subsystems/demo/../..//hal/freertos/lib\libFreeRTOSD.a(port.o)
 .debug_aranges
                0x00000590       0x40 C:/Users/USER/Documents/GitHub/Base-Aug-2019/satellite-subsystems/demo/../..//hal/freertos/lib\libFreeRTOSD.a(list.o)
 .debug_aranges
                0x000005d0       0xa8 C:/Users/USER/Documents/GitHub/Base-Aug-2019/satellite-subsystems/demo/../..//hal/at91/lib\libAt91D.a(syscalls.o)
 .debug_aranges
                0x00000678       0x30 C:/Users/USER/Documents/GitHub/Base-Aug-2019/satellite-subsystems/demo/../..//hal/at91/lib\libAt91D.a(aic.o)
 .debug_aranges
                0x000006a8       0x60 C:/Users/USER/Documents/GitHub/Base-Aug-2019/satellite-subsystems/demo/../..//hal/at91/lib\libAt91D.a(cp15.o)
 .debug_aranges
                0x00000708       0x50 C:/Users/USER/Documents/GitHub/Base-Aug-2019/satellite-subsystems/demo/../..//hal/at91/lib\libAt91D.a(dbgu.o)
 .debug_aranges
                0x00000758       0x68 C:/Users/USER/Documents/GitHub/Base-Aug-2019/satellite-subsystems/demo/../..//hal/at91/lib\libAt91D.a(pio.o)
 .debug_aranges
                0x000007c0       0x48 C:/Users/USER/Documents/GitHub/Base-Aug-2019/satellite-subsystems/demo/../..//hal/at91/lib\libAt91D.a(pio_it.o)
 .debug_aranges
                0x00000808       0x60 C:/Users/USER/Documents/GitHub/Base-Aug-2019/satellite-subsystems/demo/../..//hal/at91/lib\libAt91D.a(pit.o)
 .debug_aranges
                0x00000868       0x58 C:/Users/USER/Documents/GitHub/Base-Aug-2019/satellite-subsystems/demo/../..//hal/at91/lib\libAt91D.a(pmc.o)
 .debug_aranges
                0x000008c0       0x60 C:/Users/USER/Documents/GitHub/Base-Aug-2019/satellite-subsystems/demo/../..//hal/at91/lib\libAt91D.a(spi_at91.o)
 .debug_aranges
                0x00000920       0x90 C:/Users/USER/Documents/GitHub/Base-Aug-2019/satellite-subsystems/demo/../..//hal/at91/lib\libAt91D.a(twi_at91.o)
 .debug_aranges
                0x000009b0       0x40 C:/Users/USER/Documents/GitHub/Base-Aug-2019/satellite-subsystems/demo/../..//hal/at91/lib\libAt91D.a(ExitHandler.o)
 .debug_aranges
                0x000009f0       0x28 C:/Users/USER/Documents/GitHub/Base-Aug-2019/satellite-subsystems/demo/../..//hal/at91/lib\libAt91D.a(board_cstartup.o)
 .debug_aranges
                0x00000a18       0x20 C:/Users/USER/Documents/GitHub/Base-Aug-2019/satellite-subsystems/demo/../..//hal/at91/lib\libAt91D.a(cp15_asm.o)
 .debug_aranges
                0x00000a38       0x40 C:/Users/USER/Documents/GitHub/Base-Aug-2019/satellite-subsystems/demo/../..//hal/at91/lib\libAt91D.a(board_lowlevel.o)
 .debug_aranges
                0x00000a78       0x38 C:/Users/USER/Documents/GitHub/Base-Aug-2019/satellite-subsystems/demo/../..//hal/at91/lib\libAt91D.a(board_memories.o)

.debug_ranges   0x00000000      0x8d0
 .debug_ranges  0x00000000       0x20 ./src/main.o
 .debug_ranges  0x00000020       0xb8 C:/Users/USER/Documents/GitHub/Base-Aug-2019/satellite-subsystems/demo/../..//hal/hal/lib\libHALD.a(I2C.o)
 .debug_ranges  0x000000d8       0x40 C:/Users/USER/Documents/GitHub/Base-Aug-2019/satellite-subsystems/demo/../..//hal/hal/lib\libHALD.a(LED.o)
 .debug_ranges  0x00000118       0x68 C:/Users/USER/Documents/GitHub/Base-Aug-2019/satellite-subsystems/demo/../..//hal/hal/lib\libHALD.a(SPI.o)
 .debug_ranges  0x00000180       0x20 C:/Users/USER/Documents/GitHub/Base-Aug-2019/satellite-subsystems/demo/../..//hal/hal/lib\libHALD.a(WatchDogTimerNoOS.o)
 .debug_ranges  0x000001a0       0x28 C:/Users/USER/Documents/GitHub/Base-Aug-2019/satellite-subsystems/demo/../..//hal/hal/lib\libHALD.a(WatchDogTimerOS.o)
 .debug_ranges  0x000001c8       0x40 C:/Users/USER/Documents/GitHub/Base-Aug-2019/satellite-subsystems/demo/../..//hal/hal/lib\libHALD.a(util.o)
 .debug_ranges  0x00000208       0xc8 C:/Users/USER/Documents/GitHub/Base-Aug-2019/satellite-subsystems/demo/../..//hal/freertos/lib\libFreeRTOSD.a(queue.o)
 .debug_ranges  0x000002d0      0x148 C:/Users/USER/Documents/GitHub/Base-Aug-2019/satellite-subsystems/demo/../..//hal/freertos/lib\libFreeRTOSD.a(tasks.o)
 .debug_ranges  0x00000418       0x18 C:/Users/USER/Documents/GitHub/Base-Aug-2019/satellite-subsystems/demo/../..//hal/freertos/lib\libFreeRTOSD.a(hooks.o)
 .debug_ranges  0x00000430       0x28 C:/Users/USER/Documents/GitHub/Base-Aug-2019/satellite-subsystems/demo/../..//hal/freertos/lib\libFreeRTOSD.a(standardMemMang.o)
 .debug_ranges  0x00000458       0x60 C:/Users/USER/Documents/GitHub/Base-Aug-2019/satellite-subsystems/demo/../..//hal/freertos/lib\libFreeRTOSD.a(port.o)
 .debug_ranges  0x000004b8       0x30 C:/Users/USER/Documents/GitHub/Base-Aug-2019/satellite-subsystems/demo/../..//hal/freertos/lib\libFreeRTOSD.a(list.o)
 .debug_ranges  0x000004e8       0x98 C:/Users/USER/Documents/GitHub/Base-Aug-2019/satellite-subsystems/demo/../..//hal/at91/lib\libAt91D.a(syscalls.o)
 .debug_ranges  0x00000580       0x20 C:/Users/USER/Documents/GitHub/Base-Aug-2019/satellite-subsystems/demo/../..//hal/at91/lib\libAt91D.a(aic.o)
 .debug_ranges  0x000005a0       0x50 C:/Users/USER/Documents/GitHub/Base-Aug-2019/satellite-subsystems/demo/../..//hal/at91/lib\libAt91D.a(cp15.o)
 .debug_ranges  0x000005f0       0x40 C:/Users/USER/Documents/GitHub/Base-Aug-2019/satellite-subsystems/demo/../..//hal/at91/lib\libAt91D.a(dbgu.o)
 .debug_ranges  0x00000630       0x58 C:/Users/USER/Documents/GitHub/Base-Aug-2019/satellite-subsystems/demo/../..//hal/at91/lib\libAt91D.a(pio.o)
 .debug_ranges  0x00000688       0x38 C:/Users/USER/Documents/GitHub/Base-Aug-2019/satellite-subsystems/demo/../..//hal/at91/lib\libAt91D.a(pio_it.o)
 .debug_ranges  0x000006c0       0x50 C:/Users/USER/Documents/GitHub/Base-Aug-2019/satellite-subsystems/demo/../..//hal/at91/lib\libAt91D.a(pit.o)
 .debug_ranges  0x00000710       0x48 C:/Users/USER/Documents/GitHub/Base-Aug-2019/satellite-subsystems/demo/../..//hal/at91/lib\libAt91D.a(pmc.o)
 .debug_ranges  0x00000758       0x50 C:/Users/USER/Documents/GitHub/Base-Aug-2019/satellite-subsystems/demo/../..//hal/at91/lib\libAt91D.a(spi_at91.o)
 .debug_ranges  0x000007a8       0x80 C:/Users/USER/Documents/GitHub/Base-Aug-2019/satellite-subsystems/demo/../..//hal/at91/lib\libAt91D.a(twi_at91.o)
 .debug_ranges  0x00000828       0x30 C:/Users/USER/Documents/GitHub/Base-Aug-2019/satellite-subsystems/demo/../..//hal/at91/lib\libAt91D.a(ExitHandler.o)
 .debug_ranges  0x00000858       0x20 C:/Users/USER/Documents/GitHub/Base-Aug-2019/satellite-subsystems/demo/../..//hal/at91/lib\libAt91D.a(board_cstartup.o)
 .debug_ranges  0x00000878       0x30 C:/Users/USER/Documents/GitHub/Base-Aug-2019/satellite-subsystems/demo/../..//hal/at91/lib\libAt91D.a(board_lowlevel.o)
 .debug_ranges  0x000008a8       0x28 C:/Users/USER/Documents/GitHub/Base-Aug-2019/satellite-subsystems/demo/../..//hal/at91/lib\libAt91D.a(board_memories.o)

.debug_line     0x00000000     0x3cfd
 .debug_line    0x00000000      0x4ff ./src/main.o
 .debug_line    0x000004ff       0x36 C:/Users/USER/Documents/GitHub/Base-Aug-2019/satellite-subsystems/demo/..//satellite-subsystems/lib\libSatelliteSubsystemsD.a(version.o)
 .debug_line    0x00000535      0x4fa C:/Users/USER/Documents/GitHub/Base-Aug-2019/satellite-subsystems/demo/../..//hal/hal/lib\libHALD.a(I2C.o)
 .debug_line    0x00000a2f      0x1fa C:/Users/USER/Documents/GitHub/Base-Aug-2019/satellite-subsystems/demo/../..//hal/hal/lib\libHALD.a(LED.o)
 .debug_line    0x00000c29      0x3d7 C:/Users/USER/Documents/GitHub/Base-Aug-2019/satellite-subsystems/demo/../..//hal/hal/lib\libHALD.a(SPI.o)
 .debug_line    0x00001000       0xe3 C:/Users/USER/Documents/GitHub/Base-Aug-2019/satellite-subsystems/demo/../..//hal/hal/lib\libHALD.a(WatchDogTimerNoOS.o)
 .debug_line    0x000010e3      0x147 C:/Users/USER/Documents/GitHub/Base-Aug-2019/satellite-subsystems/demo/../..//hal/hal/lib\libHALD.a(WatchDogTimerOS.o)
 .debug_line    0x0000122a      0x1e1 C:/Users/USER/Documents/GitHub/Base-Aug-2019/satellite-subsystems/demo/../..//hal/hal/lib\libHALD.a(util.o)
 .debug_line    0x0000140b       0x36 C:/Users/USER/Documents/GitHub/Base-Aug-2019/satellite-subsystems/demo/../..//hal/hal/lib\libHALD.a(version.o)
 .debug_line    0x00001441      0x5ae C:/Users/USER/Documents/GitHub/Base-Aug-2019/satellite-subsystems/demo/../..//hal/freertos/lib\libFreeRTOSD.a(queue.o)
 .debug_line    0x000019ef      0x82a C:/Users/USER/Documents/GitHub/Base-Aug-2019/satellite-subsystems/demo/../..//hal/freertos/lib\libFreeRTOSD.a(tasks.o)
 .debug_line    0x00002219       0x77 C:/Users/USER/Documents/GitHub/Base-Aug-2019/satellite-subsystems/demo/../..//hal/freertos/lib\libFreeRTOSD.a(hooks.o)
 .debug_line    0x00002290       0xf9 C:/Users/USER/Documents/GitHub/Base-Aug-2019/satellite-subsystems/demo/../..//hal/freertos/lib\libFreeRTOSD.a(standardMemMang.o)
 .debug_line    0x00002389      0x1ea C:/Users/USER/Documents/GitHub/Base-Aug-2019/satellite-subsystems/demo/../..//hal/freertos/lib\libFreeRTOSD.a(port.o)
 .debug_line    0x00002573      0x10e C:/Users/USER/Documents/GitHub/Base-Aug-2019/satellite-subsystems/demo/../..//hal/freertos/lib\libFreeRTOSD.a(list.o)
 .debug_line    0x00002681      0x356 C:/Users/USER/Documents/GitHub/Base-Aug-2019/satellite-subsystems/demo/../..//hal/at91/lib\libAt91D.a(syscalls.o)
 .debug_line    0x000029d7       0xb2 C:/Users/USER/Documents/GitHub/Base-Aug-2019/satellite-subsystems/demo/../..//hal/at91/lib\libAt91D.a(aic.o)
 .debug_line    0x00002a89      0x101 C:/Users/USER/Documents/GitHub/Base-Aug-2019/satellite-subsystems/demo/../..//hal/at91/lib\libAt91D.a(cp15.o)
 .debug_line    0x00002b8a      0x2cc C:/Users/USER/Documents/GitHub/Base-Aug-2019/satellite-subsystems/demo/../..//hal/at91/lib\libAt91D.a(dbgu.o)
 .debug_line    0x00002e56      0x1b7 C:/Users/USER/Documents/GitHub/Base-Aug-2019/satellite-subsystems/demo/../..//hal/at91/lib\libAt91D.a(pio.o)
 .debug_line    0x0000300d      0x18a C:/Users/USER/Documents/GitHub/Base-Aug-2019/satellite-subsystems/demo/../..//hal/at91/lib\libAt91D.a(pio_it.o)
 .debug_line    0x00003197      0x136 C:/Users/USER/Documents/GitHub/Base-Aug-2019/satellite-subsystems/demo/../..//hal/at91/lib\libAt91D.a(pit.o)
 .debug_line    0x000032cd      0x145 C:/Users/USER/Documents/GitHub/Base-Aug-2019/satellite-subsystems/demo/../..//hal/at91/lib\libAt91D.a(pmc.o)
 .debug_line    0x00003412      0x14e C:/Users/USER/Documents/GitHub/Base-Aug-2019/satellite-subsystems/demo/../..//hal/at91/lib\libAt91D.a(spi_at91.o)
 .debug_line    0x00003560      0x2e9 C:/Users/USER/Documents/GitHub/Base-Aug-2019/satellite-subsystems/demo/../..//hal/at91/lib\libAt91D.a(twi_at91.o)
 .debug_line    0x00003849       0xda C:/Users/USER/Documents/GitHub/Base-Aug-2019/satellite-subsystems/demo/../..//hal/at91/lib\libAt91D.a(ExitHandler.o)
 .debug_line    0x00003923      0x109 C:/Users/USER/Documents/GitHub/Base-Aug-2019/satellite-subsystems/demo/../..//hal/at91/lib\libAt91D.a(board_cstartup.o)
 .debug_line    0x00003a2c       0x6f C:/Users/USER/Documents/GitHub/Base-Aug-2019/satellite-subsystems/demo/../..//hal/at91/lib\libAt91D.a(cp15_asm.o)
 .debug_line    0x00003a9b      0x122 C:/Users/USER/Documents/GitHub/Base-Aug-2019/satellite-subsystems/demo/../..//hal/at91/lib\libAt91D.a(board_lowlevel.o)
 .debug_line    0x00003bbd      0x140 C:/Users/USER/Documents/GitHub/Base-Aug-2019/satellite-subsystems/demo/../..//hal/at91/lib\libAt91D.a(board_memories.o)

.debug_str      0x00000000     0x34b2
 .debug_str     0x00000000      0x476 ./src/main.o
                                0x4be (size before relaxing)
 .debug_str     0x00000476       0x70 C:/Users/USER/Documents/GitHub/Base-Aug-2019/satellite-subsystems/demo/..//satellite-subsystems/lib\libSatelliteSubsystemsD.a(version.o)
                                0x168 (size before relaxing)
 .debug_str     0x000004e6      0x6dc C:/Users/USER/Documents/GitHub/Base-Aug-2019/satellite-subsystems/demo/../..//hal/hal/lib\libHALD.a(I2C.o)
                                0xa1c (size before relaxing)
 .debug_str     0x00000bc2       0x72 C:/Users/USER/Documents/GitHub/Base-Aug-2019/satellite-subsystems/demo/../..//hal/hal/lib\libHALD.a(LED.o)
                                0x31d (size before relaxing)
 .debug_str     0x00000c34      0x40f C:/Users/USER/Documents/GitHub/Base-Aug-2019/satellite-subsystems/demo/../..//hal/hal/lib\libHALD.a(SPI.o)
                                0x8be (size before relaxing)
 .debug_str     0x00001043       0x6b C:/Users/USER/Documents/GitHub/Base-Aug-2019/satellite-subsystems/demo/../..//hal/hal/lib\libHALD.a(WatchDogTimerNoOS.o)
                                0x2f3 (size before relaxing)
 .debug_str     0x000010ae       0xd2 C:/Users/USER/Documents/GitHub/Base-Aug-2019/satellite-subsystems/demo/../..//hal/hal/lib\libHALD.a(WatchDogTimerOS.o)
                                0x22e (size before relaxing)
 .debug_str     0x00001180       0xc4 C:/Users/USER/Documents/GitHub/Base-Aug-2019/satellite-subsystems/demo/../..//hal/hal/lib\libHALD.a(util.o)
                                0x1e2 (size before relaxing)
 .debug_str     0x00000000       0xf6 C:/Users/USER/Documents/GitHub/Base-Aug-2019/satellite-subsystems/demo/../..//hal/hal/lib\libHALD.a(version.o)
 .debug_str     0x00001244      0x512 C:/Users/USER/Documents/GitHub/Base-Aug-2019/satellite-subsystems/demo/../..//hal/freertos/lib\libFreeRTOSD.a(queue.o)
                                0x643 (size before relaxing)
 .debug_str     0x00001756      0x734 C:/Users/USER/Documents/GitHub/Base-Aug-2019/satellite-subsystems/demo/../..//hal/freertos/lib\libFreeRTOSD.a(tasks.o)
                                0x96e (size before relaxing)
 .debug_str     0x00001e8a       0x3a C:/Users/USER/Documents/GitHub/Base-Aug-2019/satellite-subsystems/demo/../..//hal/freertos/lib\libFreeRTOSD.a(hooks.o)
                                0x17e (size before relaxing)
 .debug_str     0x00001ec4       0x6f C:/Users/USER/Documents/GitHub/Base-Aug-2019/satellite-subsystems/demo/../..//hal/freertos/lib\libFreeRTOSD.a(standardMemMang.o)
                                0x18e (size before relaxing)
 .debug_str     0x00001f33      0x155 C:/Users/USER/Documents/GitHub/Base-Aug-2019/satellite-subsystems/demo/../..//hal/freertos/lib\libFreeRTOSD.a(port.o)
                                0x2f6 (size before relaxing)
 .debug_str     0x00002088       0xa1 C:/Users/USER/Documents/GitHub/Base-Aug-2019/satellite-subsystems/demo/../..//hal/freertos/lib\libFreeRTOSD.a(list.o)
                                0x257 (size before relaxing)
 .debug_str     0x00002129      0x1e8 C:/Users/USER/Documents/GitHub/Base-Aug-2019/satellite-subsystems/demo/../..//hal/at91/lib\libAt91D.a(syscalls.o)
                                0x30e (size before relaxing)
 .debug_str     0x00002311      0x104 C:/Users/USER/Documents/GitHub/Base-Aug-2019/satellite-subsystems/demo/../..//hal/at91/lib\libAt91D.a(aic.o)
                                0x1be (size before relaxing)
 .debug_str     0x00002415       0xd5 C:/Users/USER/Documents/GitHub/Base-Aug-2019/satellite-subsystems/demo/../..//hal/at91/lib\libAt91D.a(cp15.o)
                                0x1e9 (size before relaxing)
 .debug_str     0x000024ea      0x4ef C:/Users/USER/Documents/GitHub/Base-Aug-2019/satellite-subsystems/demo/../..//hal/at91/lib\libAt91D.a(dbgu.o)
                                0x65a (size before relaxing)
 .debug_str     0x000029d9       0xde C:/Users/USER/Documents/GitHub/Base-Aug-2019/satellite-subsystems/demo/../..//hal/at91/lib\libAt91D.a(pio.o)