Archive member included because of file (symbol)

C:/Users/ground/Documents/GitHub/tevel2/satellite-subsystems/demo/..//satellite-subsystems/lib\libSatelliteSubsystemsD.a(IsisSolarPanelv2.o)
                              ./src/Demos/IsisSPv2demo.o (IsisSolarPanelv2_initialize)
C:/Users/ground/Documents/GitHub/tevel2/satellite-subsystems/demo/..//satellite-subsystems/lib\libSatelliteSubsystemsD.a(isis_ants.o)
                              ./src/Demos/isis_ants_demo.o (ISIS_ANTS_Init)
C:/Users/ground/Documents/GitHub/tevel2/satellite-subsystems/demo/..//satellite-subsystems/lib\libSatelliteSubsystemsD.a(isis_ants_rev2.o)
                              ./src/Demos/isis_ants2_demo.o (ISIS_ANTS_REV2_Init)
C:/Users/ground/Documents/GitHub/tevel2/satellite-subsystems/demo/..//satellite-subsystems/lib\libSatelliteSubsystemsD.a(isis_aocs.o)
                              ./src/Demos/IsisAOCSdemo.o (ISIS_AOCS_Init)
C:/Users/ground/Documents/GitHub/tevel2/satellite-subsystems/demo/..//satellite-subsystems/lib\libSatelliteSubsystemsD.a(isis_hstxs_v2.o)
                              ./src/Demos/IsisHSTXS_V2demo.o (ISIS_HSTXS_V2_Init)
C:/Users/ground/Documents/GitHub/tevel2/satellite-subsystems/demo/..//satellite-subsystems/lib\libSatelliteSubsystemsD.a(isis_mtq_v2.o)
                              ./src/Demos/IsisMTQv2demo.o (ISIS_MTQ_V2_Init)
C:/Users/ground/Documents/GitHub/tevel2/satellite-subsystems/demo/..//satellite-subsystems/lib\libSatelliteSubsystemsD.a(isis_rxs_c.o)
                              ./src/Demos/isisRXSrevCdemo.o (ISIS_RXS_C_Init)
C:/Users/ground/Documents/GitHub/tevel2/satellite-subsystems/demo/..//satellite-subsystems/lib\libSatelliteSubsystemsD.a(isis_vu_d.o)
                              ./src/Demos/IsisTRXVUrevDdemo.o (ISIS_VU_D_Init)
C:/Users/ground/Documents/GitHub/tevel2/satellite-subsystems/demo/..//satellite-subsystems/lib\libSatelliteSubsystemsD.a(isis_vu_e.o)
                              ./src/Demos/IsisTRXVUrevEdemo.o (ISIS_VU_E_Init)
C:/Users/ground/Documents/GitHub/tevel2/satellite-subsystems/demo/..//satellite-subsystems/lib\libSatelliteSubsystemsD.a(isismepsv2_ivid5_pbu.o)
                              ./src/Demos/isismeps_ivid5_pdu_demo.o (ISISMEPSV2_IVID5_PBU_Init)
C:/Users/ground/Documents/GitHub/tevel2/satellite-subsystems/demo/..//satellite-subsystems/lib\libSatelliteSubsystemsD.a(isismepsv2_ivid5_pcu.o)
                              ./src/Demos/isismeps_ivid5_pdu_demo.o (ISISMEPSV2_IVID5_PCU_Init)
C:/Users/ground/Documents/GitHub/tevel2/satellite-subsystems/demo/..//satellite-subsystems/lib\libSatelliteSubsystemsD.a(isismepsv2_ivid5_pdu.o)
                              ./src/Demos/isismeps_ivid5_pdu_demo.o (ISISMEPSV2_IVID5_PDU_Init)
C:/Users/ground/Documents/GitHub/tevel2/satellite-subsystems/demo/..//satellite-subsystems/lib\libSatelliteSubsystemsD.a(isismepsv2_ivid5_piu.o)
                              ./src/Demos/isismeps_ivid5_piu_demo.o (ISISMEPSV2_IVID5_PIU_Init)
C:/Users/ground/Documents/GitHub/tevel2/satellite-subsystems/demo/..//satellite-subsystems/lib\libSatelliteSubsystemsD.a(isismepsv2_ivid7_piu.o)
                              ./src/Demos/isismeps_ivid7_piu_demo.o (ISISMEPSV2_IVID7_PIU_Init)
C:/Users/ground/Documents/GitHub/tevel2/satellite-subsystems/demo/..//satellite-subsystems/lib\libSatelliteSubsystemsD.a(version.o)
                              ./src/main.o (SatelliteSubsystemsCompileDate)
c:/isis/application/toolchain/bin/../lib/gcc/arm-none-eabi/4.7.4/../../../../arm-none-eabi/lib\libm.a(lib_a-w_exp.o)
                              ./src/Demos/common.o (exp)
c:/isis/application/toolchain/bin/../lib/gcc/arm-none-eabi/4.7.4/../../../../arm-none-eabi/lib\libm.a(lib_a-e_exp.o)
                              c:/isis/application/toolchain/bin/../lib/gcc/arm-none-eabi/4.7.4/../../../../arm-none-eabi/lib\libm.a(lib_a-w_exp.o) (__ieee754_exp)
c:/isis/application/toolchain/bin/../lib/gcc/arm-none-eabi/4.7.4/../../../../arm-none-eabi/lib\libm.a(lib_a-s_finite.o)
                              c:/isis/application/toolchain/bin/../lib/gcc/arm-none-eabi/4.7.4/../../../../arm-none-eabi/lib\libm.a(lib_a-w_exp.o) (finite)
c:/isis/application/toolchain/bin/../lib/gcc/arm-none-eabi/4.7.4/../../../../arm-none-eabi/lib\libm.a(lib_a-s_lib_ver.o)
                              c:/isis/application/toolchain/bin/../lib/gcc/arm-none-eabi/4.7.4/../../../../arm-none-eabi/lib\libm.a(lib_a-w_exp.o) (__fdlib_version)
c:/isis/application/toolchain/bin/../lib/gcc/arm-none-eabi/4.7.4/../../../../arm-none-eabi/lib\libm.a(lib_a-s_matherr.o)
                              c:/isis/application/toolchain/bin/../lib/gcc/arm-none-eabi/4.7.4/../../../../arm-none-eabi/lib\libm.a(lib_a-w_exp.o) (matherr)
C:/Users/ground/Documents/GitHub/tevel2/satellite-subsystems/demo/../..//hal/hal/lib\libHALD.a(checksum.o)
                              ./src/Demos/isisRXSrevCdemo.o (checksum_prepareLUTCRC16)
C:/Users/ground/Documents/GitHub/tevel2/satellite-subsystems/demo/../..//hal/hal/lib\libHALD.a(SPI.o)
[...]
Memory Configuration

Name             Origin             Length             Attributes
sram0            0x00200000         0x00004000         w !xr
sram1            0x00300000         0x00004000         w !xr
sdram            0x20000000         0x02000000         w !xr
*default*        0x00000000         0xffffffff

Linker script and memory map

LOAD c:/isis/application/toolchain/bin/../lib/gcc/arm-none-eabi/4.7.4/../../../../arm-none-eabi/lib\libc.a
LOAD ./src/Demos/payload/payload_drivers.o
LOAD ./src/Demos/IsisAOCSdemo.o
LOAD ./src/Demos/IsisHSTXS_V2demo.o
LOAD ./src/Demos/IsisMTQv2demo.o
LOAD ./src/Demos/IsisSPv2demo.o
LOAD ./src/Demos/IsisTRXVUrevDdemo.o
LOAD ./src/Demos/IsisTRXVUrevEdemo.o
LOAD ./src/Demos/common.o
LOAD ./src/Demos/input.o
LOAD ./src/Demos/isisRXSrevCdemo.o
LOAD ./src/Demos/isis_ants2_demo.o
LOAD ./src/Demos/isis_ants_demo.o
LOAD ./src/Demos/isismeps_ivid5_pdu_demo.o
LOAD ./src/Demos/isismeps_ivid5_piu_demo.o
LOAD ./src/Demos/isismeps_ivid7_piu_demo.o
LOAD ./src/Demos/payload_demo.o
LOAD ./src/Demos/trxvu_frame_ready.o
LOAD ./src/main.o
LOAD C:/Users/ground/Documents/GitHub/tevel2/satellite-subsystems/demo/..//satellite-subsystems/lib\libSatelliteSubsystemsD.a
LOAD c:/isis/application/toolchain/bin/../lib/gcc/arm-none-eabi/4.7.4/../../../../arm-none-eabi/lib\libm.a
LOAD C:/Users/ground/Documents/GitHub/tevel2/satellite-subsystems/demo/../..//hal/hcc/lib\libHCCD.a
LOAD C:/Users/ground/Documents/GitHub/tevel2/satellite-subsystems/demo/../..//hal/hal/lib\libHALD.a
LOAD C:/Users/ground/Documents/GitHub/tevel2/satellite-subsystems/demo/../..//hal/freertos/lib\libFreeRTOSD.a
LOAD C:/Users/ground/Documents/GitHub/tevel2/satellite-subsystems/demo/../..//hal/at91/lib\libAt91D.a
START GROUP
LOAD c:/isis/application/toolchain/bin/../lib/gcc/arm-none-eabi/4.7.4\libgcc.a
LOAD c:/isis/application/toolchain/bin/../lib/gcc/arm-none-eabi/4.7.4/../../../../arm-none-eabi/lib\libg.a
LOAD c:/isis/application/toolchain/bin/../lib/gcc/arm-none-eabi/4.7.4/../../../../arm-none-eabi/lib\libc.a
END GROUP

.fixed          0x20000000    0x41cc8
                0x20000000                . = ALIGN (0x4)
                0x20000000                _sfixed = .
 *(.startup)
 .startup       0x20000000      0x184 C:/Users/ground/Documents/GitHub/tevel2/satellite-subsystems/demo/../..//hal/at91/lib\libAt91D.a(board_cstartup.o)
                0x20000000                entry
 *(.text)
 .text          0x20000184       0x64 C:/Users/ground/Documents/GitHub/tevel2/satellite-subsystems/demo/../..//hal/at91/lib\libAt91D.a(cp15_asm.o)
                0x20000184                _readControlRegister
                0x20000190                _writeControlRegister
                0x20000198                _waitForInterrupt
                0x200001a4                _writeTTB
                0x200001ac                _writeDomain
                0x200001b4                _writeITLBLockdown
                0x200001bc                _prefetchICacheLine
                0x200001c4                _flushDCache
                0x200001d0                _flushWriteBuffer
                0x200001dc                _invalidateIDTLBs
 .text          0x200001e8      0x114 c:/isis/application/toolchain/bin/../lib/gcc/arm-none-eabi/4.7.4\libgcc.a(_udivsi3.o)
                0x200001e8                __aeabi_uidiv
                0x200001e8                __udivsi3
                0x200002dc                __aeabi_uidivmod
 .text          0x200002fc        0x4 c:/isis/application/toolchain/bin/../lib/gcc/arm-none-eabi/4.7.4\libgcc.a(_dvmd_tls.o)
                0x200002fc                __aeabi_idiv0
                0x200002fc                __aeabi_ldiv0
 .text          0x20000300      0x41c c:/isis/application/toolchain/bin/../lib/gcc/arm-none-eabi/4.7.4\libgcc.a(_arm_addsubdf3.o)
                0x20000300                __aeabi_drsub
                0x20000308                __aeabi_dsub
                0x20000308                __subdf3
                0x2000030c                __aeabi_dadd
                0x2000030c                __adddf3
                0x2000061c                __floatunsidf
                0x2000061c                __aeabi_ui2d
                0x20000640                __floatsidf
                0x20000640                __aeabi_i2d
                0x20000668                __aeabi_f2d
                0x20000668                __extendsfdf2
                0x200006a8                __floatundidf
                0x200006a8                __aeabi_ul2d
                0x200006bc                __floatdidf
                0x200006bc                __aeabi_l2d
 .text          0x2000071c      0x49c c:/isis/application/toolchain/bin/../lib/gcc/arm-none-eabi/4.7.4\libgcc.a(_arm_muldivdf3.o)
                0x2000071c                __aeabi_dmul
                0x2000071c                __muldf3
                0x200009ac                __divdf3
                0x200009ac                __aeabi_ddiv
 .text          0x20000bb8      0x144 c:/isis/application/toolchain/bin/../lib/gcc/arm-none-eabi/4.7.4\libgcc.a(_arm_cmpdf2.o)
                0x20000bb8                __gtdf2
                0x20000bb8                __gedf2
                0x20000bc0                __ltdf2
                0x20000bc0                __ledf2
                0x20000bc8                __nedf2
                0x20000bc8                __eqdf2
                0x20000bc8                __cmpdf2
                0x20000c50                __aeabi_cdrcmple
                0x20000c6c                __aeabi_cdcmpeq
                0x20000c6c                __aeabi_cdcmple
                0x20000c84                __aeabi_dcmpeq
                0x20000c9c                __aeabi_dcmplt
                0x20000cb4                __aeabi_dcmple
                0x20000ccc                __aeabi_dcmpge
                0x20000ce4                __aeabi_dcmpgt
 .text          0x20000cfc       0x5c c:/isis/application/toolchain/bin/../lib/gcc/arm-none-eabi/4.7.4\libgcc.a(_arm_fixdfsi.o)
                0x20000cfc                __aeabi_d2iz
                0x20000cfc                __fixdfsi
 .text          0x20000d58       0x54 c:/isis/application/toolchain/bin/../lib/gcc/arm-none-eabi/4.7.4\libgcc.a(_arm_fixunsdfsi.o)
                0x20000d58                __aeabi_d2uiz
                0x20000d58                __fixunsdfsi
 .text          0x20000dac       0xa0 c:/isis/application/toolchain/bin/../lib/gcc/arm-none-eabi/4.7.4\libgcc.a(_arm_truncdfsf2.o)
                0x20000dac                __truncdfsf2
                0x20000dac                __aeabi_d2f
 .text          0x20000e4c      0x2ac c:/isis/application/toolchain/bin/../lib/gcc/arm-none-eabi/4.7.4\libgcc.a(_arm_addsubsf3.o)
                0x20000e4c                __aeabi_frsub
                0x20000e54                __subsf3
                0x20000e54                __aeabi_fsub
                0x20000e58                __aeabi_fadd
                0x20000e58                __addsf3
                0x20001014                __aeabi_ui2f
                0x20001014                __floatunsisf
                0x2000101c                __aeabi_i2f
                0x2000101c                __floatsisf
                0x2000103c                __aeabi_ul2f
                0x2000103c                __floatundisf
                0x2000104c                __aeabi_l2f
                0x2000104c                __floatdisf
 .text          0x200010f8      0x2f8 c:/isis/application/toolchain/bin/../lib/gcc/arm-none-eabi/4.7.4\libgcc.a(_arm_muldivsf3.o)
                0x200010f8                __mulsf3
                0x200010f8                __aeabi_fmul
                0x20001290                __aeabi_fdiv
                0x20001290                __divsf3
 .text          0x200013f0       0x3c c:/isis/application/toolchain/bin/../lib/gcc/arm-none-eabi/4.7.4\libgcc.a(_aeabi_uldivmod.o)
                0x200013f0                __aeabi_uldivmod
 .text          0x2000142c       0x84 c:/isis/application/toolchain/bin/../lib/gcc/arm-none-eabi/4.7.4\libgcc.a(bpabi.o)
                0x2000142c                __gnu_ldivmod_helper
                0x20001470                __gnu_uldivmod_helper
 .text          0x200014b0      0x4f0 c:/isis/application/toolchain/bin/../lib/gcc/arm-none-eabi/4.7.4\libgcc.a(_divdi3.o)
                0x200014b0                __divdi3
 .text          0x200019a0      0x488 c:/isis/application/toolchain/bin/../lib/gcc/arm-none-eabi/4.7.4\libgcc.a(_udivdi3.o)
                0x200019a0                __udivdi3
 .text          0x20001e28       0x48 c:/isis/application/toolchain/bin/../lib/gcc/arm-none-eabi/4.7.4\libgcc.a(_clzsi2.o)
                0x20001e28                __clzsi2
 *(.text*)
 .text.payloadInit
                0x20001e70       0x18 ./src/Demos/payload/payload_drivers.o
                0x20001e70                payloadInit
 .text.payloadRead
                0x20001e88       0xbc ./src/Demos/payload/payload_drivers.o
                0x20001e88                payloadRead
 .text.payloadSendCommand
                0x20001f44       0x78 ./src/Demos/payload/payload_drivers.o
                0x20001f44                payloadSendCommand
 .text.payloadReadEnvironment
                0x20001fbc      0x2b0 ./src/Demos/payload/payload_drivers.o
                0x20001fbc                payloadReadEnvironment
 .text.payloadReadEvents
                0x2000226c      0x1a4 ./src/Demos/payload/payload_drivers.o
                0x2000226c                payloadReadEvents
 .text.payloadSoftReset
                0x20002410       0x28 ./src/Demos/payload/payload_drivers.o
                0x20002410                payloadSoftReset
 .text.payloadTurnOff
                0x20002438       0x40 ./src/Demos/payload/payload_drivers.o
                0x20002438                payloadTurnOff
 .text.payloadTurnOn
                0x20002478      0x160 ./src/Demos/payload/payload_drivers.o
                0x20002478                payloadTurnOn
 .text.subsystem_select
                0x200025d8       0xac ./src/Demos/IsisAOCSdemo.o
                0x200025d8                subsystem_select
 .text.IsisAOCS_SetAOCSMode
                0x20002684       0xb4 ./src/Demos/IsisAOCSdemo.o
 .text.IsisAOCS_GetAOCSTelemetry
                0x20002738      0xb0c ./src/Demos/IsisAOCSdemo.o
 .text.IsisAOCS_SetSubsystemMode
                0x20003244      0x414 ./src/Demos/IsisAOCSdemo.o
 .text.print_tlm_header
                0x20003658      0x1fc ./src/Demos/IsisAOCSdemo.o
                0x20003658                print_tlm_header
 .text.get_imtq_tlm
                0x20003854      0x3f8 ./src/Demos/IsisAOCSdemo.o
                0x20003854                get_imtq_tlm
 .text.get_scg_tlm
                0x20003c4c      0x334 ./src/Demos/IsisAOCSdemo.o
                0x20003c4c                get_scg_tlm
 .text.get_rw_tlm
                0x20003f80      0x30c ./src/Demos/IsisAOCSdemo.o
                0x20003f80                get_rw_tlm
 .text.get_gnss_tlm
                0x2000428c      0x4a0 ./src/Demos/IsisAOCSdemo.o
                0x2000428c                get_gnss_tlm
 .text.get_str_tlm
                0x2000472c      0x268 ./src/Demos/IsisAOCSdemo.o
                0x2000472c                get_str_tlm
 .text.get_thr_tlm
                0x20004994      0x144 ./src/Demos/IsisAOCSdemo.o
                0x20004994                get_thr_tlm
 .text.get_mtm_tlm
                0x20004ad8      0x380 ./src/Demos/IsisAOCSdemo.o
                0x20004ad8                get_mtm_tlm
 .text.IsisAOCS_GetSubsystemTelemetry
                0x20004e58       0x94 ./src/Demos/IsisAOCSdemo.o
 .text.selectAndExecute_IsisAOCSDemo
                0x20004eec      0x100 ./src/Demos/IsisAOCSdemo.o
 .text.isis_aocs_demo_Init
                0x20004fec       0x98 ./src/Demos/IsisAOCSdemo.o
                0x20004fec                isis_aocs_demo_Init
 .text.isis_aocs_demo_Loop
                0x20005084       0x3c ./src/Demos/IsisAOCSdemo.o
                0x20005084                isis_aocs_demo_Loop
 .text.isis_aocs_demo_main
                0x200050c0       0x30 ./src/Demos/IsisAOCSdemo.o
                0x200050c0                isis_aocs_demo_main
 .text.isis_aocs_demo
                0x200050f0       0x18 ./src/Demos/IsisAOCSdemo.o
                0x200050f0                isis_aocs_demo
 .text.softResetHSTxSV2Test
                0x20005108       0x34 ./src/Demos/IsisHSTXS_V2demo.o
 .text.halfMaxBitrateHSTxSV2Test
                0x2000513c       0x4c ./src/Demos/IsisHSTXS_V2demo.o
 .text.MaxBitrateHSTxSV2Test
                0x20005188       0x4c ./src/Demos/IsisHSTXS_V2demo.o
 .text.toggleHSTxSV2ModulationScheme
                0x200051d4       0x8c ./src/Demos/IsisHSTXS_V2demo.o
 .text.toggleHSTxSV2TXMode
                0x20005260       0x74 ./src/Demos/IsisHSTXS_V2demo.o
 .text.toggleHSTxSToggleStandbyMode
                0x200052d4       0x74 ./src/Demos/IsisHSTXS_V2demo.o
 .text.sendTestFrame
                0x20005348      0x180 ./src/Demos/IsisHSTXS_V2demo.o
 .text.getAllTelemHSTxSV2Test
                0x200054c8      0xab4 ./src/Demos/IsisHSTXS_V2demo.o
 .text.selectAndExecuteHSTxSV2DemoTest
                0x20005f7c      0x170 ./src/Demos/IsisHSTXS_V2demo.o
 .text.IsisHSTxSV2demoInit
                0x200060ec       0xa8 ./src/Demos/IsisHSTXS_V2demo.o
                0x200060ec                IsisHSTxSV2demoInit
 .text.IsisHSTxSV2demoLoop
                0x20006194       0x3c ./src/Demos/IsisHSTXS_V2demo.o
                0x20006194                IsisHSTxSV2demoLoop
 .text.IsisHSTxSV2demoMain
                0x200061d0       0x30 ./src/Demos/IsisHSTXS_V2demo.o
                0x200061d0                IsisHSTxSV2demoMain
 .text._parse_resp
                0x20006200      0x25c ./src/Demos/IsisMTQv2demo.o
 .text._parse_selftest_step
                0x2000645c      0x530 ./src/Demos/IsisMTQv2demo.o
 .text._get_axis_inputs
                0x2000698c      0x34c ./src/Demos/IsisMTQv2demo.o
 .text._softReset
                0x20006cd8      0x100 ./src/Demos/IsisMTQv2demo.o
 .text._noOperation
                0x20006dd8       0xf4 ./src/Demos/IsisMTQv2demo.o
 .text._cancelOperation
                0x20006ecc       0xe8 ./src/Demos/IsisMTQv2demo.o
 .text._startMTMMeasurement
                0x20006fb4      0x124 ./src/Demos/IsisMTQv2demo.o
 .text._startMTQActuationCurrent
                0x200070d8      0x148 ./src/Demos/IsisMTQv2demo.o
 .text._startMTQActuationDipole
                0x20007220      0x170 ./src/Demos/IsisMTQv2demo.o
 .text._startMTQActuationPWM
                0x20007390      0x148 ./src/Demos/IsisMTQv2demo.o
 .text._startSelfTest
                0x200074d8      0x240 ./src/Demos/IsisMTQv2demo.o
 .text._startDetumble
                0x20007718      0x1ac ./src/Demos/IsisMTQv2demo.o
 .text._getSystemState
                0x200078c4      0x218 ./src/Demos/IsisMTQv2demo.o
 .text._getRawMTMData
                0x20007adc      0x188 ./src/Demos/IsisMTQv2demo.o
 .text._getCalMTMData
                0x20007c64      0x188 ./src/Demos/IsisMTQv2demo.o
 .text._getCoilCurrent
                0x20007dec      0x144 ./src/Demos/IsisMTQv2demo.o
 .text._getCoilTemperature
                0x20007f30      0x144 ./src/Demos/IsisMTQv2demo.o
 .text._getCmdActuationDipole
                0x20008074      0x150 ./src/Demos/IsisMTQv2demo.o
 .text._getSelftestDataSingleAxis
                0x200081c4      0x180 ./src/Demos/IsisMTQv2demo.o
 .text._getSelftestDataAllAxis
                0x20008344      0x218 ./src/Demos/IsisMTQv2demo.o
 .text._getDetumbleData
                0x2000855c      0x2c8 ./src/Demos/IsisMTQv2demo.o
 .text._getRawHKData
                0x20008824      0x264 ./src/Demos/IsisMTQv2demo.o
 .text._getEngHKData
                0x20008a88      0x26c ./src/Demos/IsisMTQv2demo.o
 .text._getParameter
                0x20008cf4      0x174 ./src/Demos/IsisMTQv2demo.o
 .text._setParameter
                0x20008e68      0x2c8 ./src/Demos/IsisMTQv2demo.o
 .text._resetParameter
                0x20009130      0x17c ./src/Demos/IsisMTQv2demo.o
 .text._selectAndExecuteDemoTest
                0x200092ac      0x560 ./src/Demos/IsisMTQv2demo.o
 .text.IsisMTQv2demoInit
                0x2000980c       0x8c ./src/Demos/IsisMTQv2demo.o
                0x2000980c                IsisMTQv2demoInit
 .text.IsisMTQv2demoLoop
                0x20009898       0x3c ./src/Demos/IsisMTQv2demo.o
                0x20009898                IsisMTQv2demoLoop
 .text.IsisMTQv2demoMain
                0x200098d4       0x30 ./src/Demos/IsisMTQv2demo.o
                0x200098d4                IsisMTQv2demoMain
 .text.IsisMTQv2test
                0x20009904       0x18 ./src/Demos/IsisMTQv2demo.o
                0x20009904                IsisMTQv2test
 .text.SolarPanelv2_Temperature
                0x2000991c      0x100 ./src/Demos/IsisSPv2demo.o
 .text.selectAndExecuteSolarPanelsv2DemoTest
                0x20009a1c       0xa8 ./src/Demos/IsisSPv2demo.o
                0x20009a1c                selectAndExecuteSolarPanelsv2DemoTest
 .text.SolarPanelsv2_mainDemo
                0x20009ac4       0x3c ./src/Demos/IsisSPv2demo.o
                0x20009ac4                SolarPanelsv2_mainDemo
 .text.SolarPanelv2test
                0x20009b00      0x134 ./src/Demos/IsisSPv2demo.o
                0x20009b00                SolarPanelv2test
 .text.softResetVUTest
                0x20009c34       0x50 ./src/Demos/IsisTRXVUrevDdemo.o
 .text.hardResetVUTest
                0x20009c84       0x50 ./src/Demos/IsisTRXVUrevDdemo.o
 .text.vutc_sendDefClSignTest
                0x20009cd4       0xf4 ./src/Demos/IsisTRXVUrevDdemo.o
 .text.vutc_toggleIdleStateTest
                0x20009dc8       0x74 ./src/Demos/IsisTRXVUrevDdemo.o
 .text.vutc_setTxBitrate9600Test
                0x20009e3c       0x2c ./src/Demos/IsisTRXVUrevDdemo.o
 .text.vutc_setTxBitrate1200Test
                0x20009e68       0x2c ./src/Demos/IsisTRXVUrevDdemo.o
 .text.vurc_getFrameCountTest
                0x20009e94       0x80 ./src/Demos/IsisTRXVUrevDdemo.o
 .text.vurc_getFrameCmdTest
                0x20009f14      0x2d8 ./src/Demos/IsisTRXVUrevDdemo.o
 .text.vurc_getFrameCmdAndTxTest
                0x2000a1ec      0x304 ./src/Demos/IsisTRXVUrevDdemo.o
 .text.vurc_revDInterruptCallback
                0x2000a4f0       0x50 ./src/Demos/IsisTRXVUrevDdemo.o
 .text.vurc_getFrameCmdInterruptTest
                0x2000a540      0x3f0 ./src/Demos/IsisTRXVUrevDdemo.o
 .text.vurc_getRxTelemTest_revD
                0x2000a930      0x57c ./src/Demos/IsisTRXVUrevDdemo.o
 .text.vutc_getTxTelemTest_revD
                0x2000aeac      0x544 ./src/Demos/IsisTRXVUrevDdemo.o
 .text._WatchDogKickTask
                0x2000b3f0       0x44 ./src/Demos/IsisTRXVUrevDdemo.o
 .text._start_WDT_kick
                0x2000b434       0x88 ./src/Demos/IsisTRXVUrevDdemo.o
 .text.selectAndExecuteTRXVUDemoTest
                0x2000b4bc      0x1fc ./src/Demos/IsisTRXVUrevDdemo.o
 .text.IsisTRXVUrevDdemoInit
                0x2000b6b8       0xa4 ./src/Demos/IsisTRXVUrevDdemo.o
                0x2000b6b8                IsisTRXVUrevDdemoInit
 .text.IsisTRXVUrevDdemoLoop
                0x2000b75c       0x3c ./src/Demos/IsisTRXVUrevDdemo.o
                0x2000b75c                IsisTRXVUrevDdemoLoop
 .text.IsisTRXVUrevDdemoMain
                0x2000b798       0x30 ./src/Demos/IsisTRXVUrevDdemo.o
                0x2000b798                IsisTRXVUrevDdemoMain
 .text.TRXVUrevDtest
                0x2000b7c8       0x18 ./src/Demos/IsisTRXVUrevDdemo.o
                0x2000b7c8                TRXVUrevDtest
 .text.softResetVUTest
                0x2000b7e0       0x50 ./src/Demos/IsisTRXVUrevEdemo.o
 .text.hardResetVUTest
                0x2000b830       0x50 ./src/Demos/IsisTRXVUrevEdemo.o
 .text.vutc_sendDefClSignTest
                0x2000b880       0xf4 ./src/Demos/IsisTRXVUrevEdemo.o
 .text.vutc_toggleIdleStateTest
                0x2000b974       0x74 ./src/Demos/IsisTRXVUrevEdemo.o
 .text.vutc_setTxBitrate9600Test
                0x2000b9e8       0x2c ./src/Demos/IsisTRXVUrevEdemo.o
 .text.vutc_setTxBitrate1200Test
                0x2000ba14       0x2c ./src/Demos/IsisTRXVUrevEdemo.o
 .text.vurc_getFrameCountTest
                0x2000ba40       0x80 ./src/Demos/IsisTRXVUrevEdemo.o
 .text.vurc_getFrameCmdTest
                0x2000bac0      0x2ac ./src/Demos/IsisTRXVUrevEdemo.o
 .text.vurc_getFrameCmdAndTxTest
                0x2000bd6c      0x2e8 ./src/Demos/IsisTRXVUrevEdemo.o
 .text.vurc_revEInterruptCallback
                0x2000c054       0x50 ./src/Demos/IsisTRXVUrevEdemo.o
 .text.vurc_getFrameCmdInterruptTest
                0x2000c0a4      0x410 ./src/Demos/IsisTRXVUrevEdemo.o
 .text.vurc_getRxTelemTest_revE
                0x2000c4b4      0x558 ./src/Demos/IsisTRXVUrevEdemo.o
 .text.vutc_getTxTelemTest_revE
                0x2000ca0c      0x544 ./src/Demos/IsisTRXVUrevEdemo.o
 .text.vu_getFrequenciesTest_revE
                0x2000cf50       0xc8 ./src/Demos/IsisTRXVUrevEdemo.o
 .text._WatchDogKickTask
                0x2000d018       0x44 ./src/Demos/IsisTRXVUrevEdemo.o
 .text._start_WDT_kick
                0x2000d05c       0x88 ./src/Demos/IsisTRXVUrevEdemo.o
 .text.selectAndExecuteTRXVUDemoTest
                0x2000d0e4      0x218 ./src/Demos/IsisTRXVUrevEdemo.o
 .text.IsisTRXVUrevEdemoInit
                0x2000d2fc       0xa8 ./src/Demos/IsisTRXVUrevEdemo.o
                0x2000d2fc                IsisTRXVUrevEdemoInit
 .text.IsisTRXVUrevEdemoLoop
                0x2000d3a4       0x3c ./src/Demos/IsisTRXVUrevEdemo.o
                0x2000d3a4                IsisTRXVUrevEdemoLoop
 .text.IsisTRXVUrevEdemoMain
                0x2000d3e0       0x30 ./src/Demos/IsisTRXVUrevEdemo.o
                0x2000d3e0                IsisTRXVUrevEdemoMain
 .text.TRXVUrevEtest
                0x2000d410       0x18 ./src/Demos/IsisTRXVUrevEdemo.o
                0x2000d410                TRXVUrevEtest
 .text.ing_interact
                0x2000d428      0x470 ./src/Demos/common.o
                0x2000d428                ing_interact
 .text.ing_parse
                0x2000d898      0x8f4 ./src/Demos/common.o
                0x2000d898                ing_parse
 .text.ing      0x2000e18c       0xa4 ./src/Demos/common.o
                0x2000e18c                ing
 .text.config_param_info
                0x2000e230      0xb68 ./src/Demos/common.o
                0x2000e230                config_param_info
 .text.print_error
                0x2000ed98       0x54 ./src/Demos/common.o
                0x2000ed98                print_error
 .text.INPUT_GetINT8
                0x2000edec       0xfc ./src/Demos/input.o
                0x2000edec                INPUT_GetINT8
 .text._GetInput
                0x2000eee8      0x108 ./src/Demos/input.o
 .text.softResetRXSTest
                0x2000eff0       0x34 ./src/Demos/isisRXSrevCdemo.o
 .text.powerCycleRXSTest
                0x2000f024       0x34 ./src/Demos/isisRXSrevCdemo.o
 .text.getRXSTelemetryTest
                0x2000f058      0x4cc ./src/Demos/isisRXSrevCdemo.o
 .text.getRXSSWInfoTest
                0x2000f524       0x90 ./src/Demos/isisRXSrevCdemo.o
 .text.getRXSUptimeTest
                0x2000f5b4       0x6c ./src/Demos/isisRXSrevCdemo.o
 .text.getFrameCountTest
                0x2000f620       0x6c ./src/Demos/isisRXSrevCdemo.o
 .text.removeAllFramesTest
                0x2000f68c       0x5c ./src/Demos/isisRXSrevCdemo.o
 .text.print_bitrate
                0x2000f6e8       0x90 ./src/Demos/isisRXSrevCdemo.o
 .text.changeBitRateTest
                0x2000f778      0x138 ./src/Demos/isisRXSrevCdemo.o
 .text.getRXSframe
                0x2000f8b0      0x284 ./src/Demos/isisRXSrevCdemo.o
 .text.getRXSUARTframe
                0x2000fb34      0x400 ./src/Demos/isisRXSrevCdemo.o
 .text.selectAndExecuteRXSDemoTest
                0x2000ff34      0x1a8 ./src/Demos/isisRXSrevCdemo.o
 .text._RXSWatchDogKickTask
                0x200100dc       0x44 ./src/Demos/isisRXSrevCdemo.o
 .text.IsisRXSrevCdemoInit
                0x20010120       0xe8 ./src/Demos/isisRXSrevCdemo.o
                0x20010120                IsisRXSrevCdemoInit
 .text.IsisRXSrevCdemoLoop
                0x20010208       0x3c ./src/Demos/isisRXSrevCdemo.o
                0x20010208                IsisRXSrevCdemoLoop
 .text.IsisRXSrevCdemoMain
                0x20010244       0x30 ./src/Demos/isisRXSrevCdemo.o
                0x20010244                IsisRXSrevCdemoMain
 .text.RXSrevCtest
                0x20010274       0x18 ./src/Demos/isisRXSrevCdemo.o
                0x20010274                RXSrevCtest
 .text.updatedFlagToString
                0x2001028c       0x5c ./src/Demos/isis_ants2_demo.o
 .text.resetAntSTest
                0x200102e8       0x50 ./src/Demos/isis_ants2_demo.o
 .text.printDeploymentStatus
                0x20010338       0x60 ./src/Demos/isis_ants2_demo.o
 .text.getStatusAntSTest
                0x20010398      0x100 ./src/Demos/isis_ants2_demo.o
 .text.tempAntSTest
                0x20010498      0x108 ./src/Demos/isis_ants2_demo.o
 .text.uptimeAntSTest
                0x200105a0       0x68 ./src/Demos/isis_ants2_demo.o
 .text.telemAntSTest
                0x20010608      0x200 ./src/Demos/isis_ants2_demo.o
 .text.setARMStatus
                0x20010808      0x100 ./src/Demos/isis_ants2_demo.o
 .text.autoDeploymentAntSTest
                0x20010908      0x130 ./src/Demos/isis_ants2_demo.o
 .text.manualDeploymentAntSTest
                0x20010a38      0x1cc ./src/Demos/isis_ants2_demo.o
 .text.selectAndExecuteAntS2DemoTest
                0x20010c04      0x234 ./src/Demos/isis_ants2_demo.o
 .text.initmain
                0x20010e38       0x94 ./src/Demos/isis_ants2_demo.o
 .text.Ants2_mainDemo
                0x20010ecc       0x40 ./src/Demos/isis_ants2_demo.o
 .text.AntS2test
                0x20010f0c       0x1c ./src/Demos/isis_ants2_demo.o
                0x20010f0c                AntS2test
 .text.printDeploymentStatus
                0x20010f28       0x60 ./src/Demos/isis_ants_demo.o
 .text.printTimeoutStatus
                0x20010f88       0x60 ./src/Demos/isis_ants_demo.o
 .text.printBurnStatus
                0x20010fe8       0x60 ./src/Demos/isis_ants_demo.o
 .text.reset_ants_test
                0x20011048       0x5c ./src/Demos/isis_ants_demo.o
 .text.get_status_ants_test
                0x200110a4      0x1e8 ./src/Demos/isis_ants_demo.o
 .text.temp_ants_test
                0x2001128c      0x2ac ./src/Demos/isis_ants_demo.o
 .text.uptime_ants_test
                0x20011538       0x8c ./src/Demos/isis_ants_demo.o
 .text.telem_ants_test
                0x200115c4      0x33c ./src/Demos/isis_ants_demo.o
 .text.set_arm_status
                0x20011900      0x100 ./src/Demos/isis_ants_demo.o
 .text.autodeployment_ants_test
                0x20011a00       0xe8 ./src/Demos/isis_ants_demo.o
 .text.manual_deployment_ants_test
                0x20011ae8      0x1a8 ./src/Demos/isis_ants_demo.o
 .text.selectAndExecuteAntSDemoTest
                0x20011c90      0x24c ./src/Demos/isis_ants_demo.o
                0x20011c90                selectAndExecuteAntSDemoTest
 .text.initmain
                0x20011edc       0xb8 ./src/Demos/isis_ants_demo.o
 .text.Ants_mainDemo
                0x20011f94       0x3c ./src/Demos/isis_ants_demo.o
 .text.AntStest
                0x20011fd0       0x1c ./src/Demos/isis_ants_demo.o
                0x20011fd0                AntStest
 .text._print_pdu_respone
                0x20011fec       0xc4 ./src/Demos/isismeps_ivid5_pdu_demo.o
 .text._reset   0x200120b0       0x90 ./src/Demos/isismeps_ivid5_pdu_demo.o
 .text._cancel  0x20012140       0xa8 ./src/Demos/isismeps_ivid5_pdu_demo.o
 .text._watchdog
                0x200121e8       0xa8 ./src/Demos/isismeps_ivid5_pdu_demo.o
 .text._outputbuschannelon
                0x20012290       0xc4 ./src/Demos/isismeps_ivid5_pdu_demo.o
 .text._outputbuschanneloff
                0x20012354       0xc4 ./src/Demos/isismeps_ivid5_pdu_demo.o
 .text._switchtonominal
                0x20012418       0xa8 ./src/Demos/isismeps_ivid5_pdu_demo.o
 .text._switchtosafety
                0x200124c0       0x9c ./src/Demos/isismeps_ivid5_pdu_demo.o
 .text._getsystemstatus
                0x2001255c      0x250 ./src/Demos/isismeps_ivid5_pdu_demo.o
 .text._gethousekeepingraw_pdu
                0x200127ac      0x6a0 ./src/Demos/isismeps_ivid5_pdu_demo.o
 .text._gethousekeepingeng_pdu
                0x20012e4c      0x60c ./src/Demos/isismeps_ivid5_pdu_demo.o
 .text._gethousekeepingeng_pbu
                0x20013458      0x6a8 ./src/Demos/isismeps_ivid5_pdu_demo.o
 .text._gethousekeepingeng_pcu
                0x20013b00      0x290 ./src/Demos/isismeps_ivid5_pdu_demo.o
 .text.WDT_kick_task
                0x20013d90       0x3c ./src/Demos/isismeps_ivid5_pdu_demo.o
                0x20013d90                WDT_kick_task
 .text._start_WDT_kick
                0x20013dcc       0x9c ./src/Demos/isismeps_ivid5_pdu_demo.o
 .text.selectAndExecuteIsis_EpsDemoTest
                0x20013e68      0x1fc ./src/Demos/isismeps_ivid5_pdu_demo.o
 .text.isismepsv2_ivid5_pdu__demo__init
                0x20014064      0x140 ./src/Demos/isismeps_ivid5_pdu_demo.o
                0x20014064                isismepsv2_ivid5_pdu__demo__init
 .text.isismepsv2_ivid5_pdu__demo__loop
                0x200141a4       0x48 ./src/Demos/isismeps_ivid5_pdu_demo.o
                0x200141a4                isismepsv2_ivid5_pdu__demo__loop
 .text.isismepsv2_ivid5_pdu__demo__main
                0x200141ec       0x30 ./src/Demos/isismeps_ivid5_pdu_demo.o
                0x200141ec                isismepsv2_ivid5_pdu__demo__main
 .text.isismepsv2_ivid5_pdu__test
                0x2001421c       0x18 ./src/Demos/isismeps_ivid5_pdu_demo.o
                0x2001421c                isismepsv2_ivid5_pdu__test
 .text._print_eps_respone
                0x20014234       0xc4 ./src/Demos/isismeps_ivid5_piu_demo.o
 .text._reset   0x200142f8       0x90 ./src/Demos/isismeps_ivid5_piu_demo.o
 .text._cancel  0x20014388       0xa8 ./src/Demos/isismeps_ivid5_piu_demo.o
 .text._watchdog
                0x20014430       0xa8 ./src/Demos/isismeps_ivid5_piu_demo.o
 .text._outputbuschannelon
                0x200144d8       0xc4 ./src/Demos/isismeps_ivid5_piu_demo.o
 .text._outputbuschanneloff
                0x2001459c       0xc4 ./src/Demos/isismeps_ivid5_piu_demo.o
 .text._switchtonominal
                0x20014660       0xa8 ./src/Demos/isismeps_ivid5_piu_demo.o
 .text._switchtosafety
                0x20014708       0x9c ./src/Demos/isismeps_ivid5_piu_demo.o
 .text._getsystemstatus
                0x200147a4      0x250 ./src/Demos/isismeps_ivid5_piu_demo.o
 .text._gethousekeepingraw
                0x200149f4      0x610 ./src/Demos/isismeps_ivid5_piu_demo.o
 .text._gethousekeepingeng
                0x20015004      0x644 ./src/Demos/isismeps_ivid5_piu_demo.o
 .text.WDT_kick_task_piu
                0x20015648       0x3c ./src/Demos/isismeps_ivid5_piu_demo.o
                0x20015648                WDT_kick_task_piu
 .text._start_WDT_kick_piu
                0x20015684       0x9c ./src/Demos/isismeps_ivid5_piu_demo.o
 .text.selectAndExecuteIsis_EpsDemoTest
                0x20015720      0x1c4 ./src/Demos/isismeps_ivid5_piu_demo.o
 .text.isismepsv2_ivid5_piu__demo__init
                0x200158e4       0xe8 ./src/Demos/isismeps_ivid5_piu_demo.o
                0x200158e4                isismepsv2_ivid5_piu__demo__init
 .text.isismepsv2_ivid5_piu__demo__loop
                0x200159cc       0x48 ./src/Demos/isismeps_ivid5_piu_demo.o
                0x200159cc                isismepsv2_ivid5_piu__demo__loop
 .text.isismepsv2_ivid5_piu__demo__main
                0x20015a14       0x30 ./src/Demos/isismeps_ivid5_piu_demo.o
                0x20015a14                isismepsv2_ivid5_piu__demo__main
 .text.isismepsv2_ivid5_piu__test
                0x20015a44       0x18 ./src/Demos/isismeps_ivid5_piu_demo.o
                0x20015a44                isismepsv2_ivid5_piu__test
 .text.isismepsv2_ivid7_piu__demo__init
                0x20015a5c      0x104 ./src/Demos/isismeps_ivid7_piu_demo.o
                0x20015a5c                isismepsv2_ivid7_piu__demo__init
 .text.checkPayloadReadEnvironment
                0x20015b60       0xb8 ./src/Demos/payload_demo.o
 .text.checkPayloadReadEvents
                0x20015c18       0x98 ./src/Demos/payload_demo.o
 .text.checkPayloadSoftReset
                0x20015cb0       0x68 ./src/Demos/payload_demo.o
 .text.checkPayloadTurnOff
                0x20015d18       0x68 ./src/Demos/payload_demo.o
 .text.selectAndExecutePayloadDemoTest
                0x20015d80      0x100 ./src/Demos/payload_demo.o
 .text.PayloadDemoLoop
                0x20015e80       0x3c ./src/Demos/payload_demo.o
                0x20015e80                PayloadDemoLoop
 .text.PayloadDemoMain
                0x20015ebc       0x40 ./src/Demos/payload_demo.o
                0x20015ebc                PayloadDemoMain
 .text.Payloadtest
                0x20015efc       0x18 ./src/Demos/payload_demo.o
                0x20015efc                Payloadtest
 .text.TRXVU_FR_Enable
                0x20015f14       0x64 ./src/Demos/trxvu_frame_ready.o
                0x20015f14                TRXVU_FR_Enable
 .text.TRXVU_FR_Disable
                0x20015f78       0x18 ./src/Demos/trxvu_frame_ready.o
                0x20015f78                TRXVU_FR_Disable
 .text.TRXVU_FR_IsReady
                0x20015f90       0x20 ./src/Demos/trxvu_frame_ready.o
                0x20015f90                TRXVU_FR_IsReady
 .text._Handler
                0x20015fb0       0x3c ./src/Demos/trxvu_frame_ready.o
 .text.selectAndExecuteTest
                0x20015fec      0x218 ./src/main.o
                0x20015fec                selectAndExecuteTest
 .text.taskMain
                0x20016204       0x5c ./src/main.o
                0x20016204                taskMain
 .text.main     0x20016260      0x234 ./src/main.o
                0x20016260                main
 .text.IsisSolarPanelv2_initialize
                0x20016494      0x118 C:/Users/ground/Documents/GitHub/tevel2/satellite-subsystems/demo/..//satellite-subsystems/lib\libSatelliteSubsystemsD.a(IsisSolarPanelv2.o)
                0x20016494                IsisSolarPanelv2_initialize
 .text.IsisSolarPanelv2_getTemperature
                0x200165ac       0xfc C:/Users/ground/Documents/GitHub/tevel2/satellite-subsystems/demo/..//satellite-subsystems/lib\libSatelliteSubsystemsD.a(IsisSolarPanelv2.o)
                0x200165ac                IsisSolarPanelv2_getTemperature
 .text.IsisSolarPanelv2_sleep
                0x200166a8       0xc8 C:/Users/ground/Documents/GitHub/tevel2/satellite-subsystems/demo/..//satellite-subsystems/lib\libSatelliteSubsystemsD.a(IsisSolarPanelv2.o)
                0x200166a8                IsisSolarPanelv2_sleep
 .text.IsisSolarPanelv2_wakeup
                0x20016770       0x90 C:/Users/ground/Documents/GitHub/tevel2/satellite-subsystems/demo/..//satellite-subsystems/lib\libSatelliteSubsystemsD.a(IsisSolarPanelv2.o)
                0x20016770                IsisSolarPanelv2_wakeup
 .text._Reset   0x20016800       0x20 C:/Users/ground/Documents/GitHub/tevel2/satellite-subsystems/demo/..//satellite-subsystems/lib\libSatelliteSubsystemsD.a(IsisSolarPanelv2.o)
 .text._WaitForStartup
                0x20016820       0xa0 C:/Users/ground/Documents/GitHub/tevel2/satellite-subsystems/demo/..//satellite-subsystems/lib\libSatelliteSubsystemsD.a(IsisSolarPanelv2.o)
 .text._AssignAllChannels
                0x200168c0       0x90 C:/Users/ground/Documents/GitHub/tevel2/satellite-subsystems/demo/..//satellite-subsystems/lib\libSatelliteSubsystemsD.a(IsisSolarPanelv2.o)
 .text._AssignThisChannel
                0x20016950       0xe8 C:/Users/ground/Documents/GitHub/tevel2/satellite-subsystems/demo/..//satellite-subsystems/lib\libSatelliteSubsystemsD.a(IsisSolarPanelv2.o)
 .text._InitiateConversion
                0x20016a38       0xac C:/Users/ground/Documents/GitHub/tevel2/satellite-subsystems/demo/..//satellite-subsystems/lib\libSatelliteSubsystemsD.a(IsisSolarPanelv2.o)
 .text._WaitForConversionComplete
                0x20016ae4      0x110 C:/Users/ground/Documents/GitHub/tevel2/satellite-subsystems/demo/..//satellite-subsystems/lib\libSatelliteSubsystemsD.a(IsisSolarPanelv2.o)
 .text._ReadResult
                0x20016bf4      0x158 C:/Users/ground/Documents/GitHub/tevel2/satellite-subsystems/demo/..//satellite-subsystems/lib\libSatelliteSubsystemsD.a(IsisSolarPanelv2.o)
 .text._ExtractByte
                0x20016d4c       0x38 C:/Users/ground/Documents/GitHub/tevel2/satellite-subsystems/demo/..//satellite-subsystems/lib\libSatelliteSubsystemsD.a(IsisSolarPanelv2.o)
 .text._ExtendSign
                0x20016d84       0x6c C:/Users/ground/Documents/GitHub/tevel2/satellite-subsystems/demo/..//satellite-subsystems/lib\libSatelliteSubsystemsD.a(IsisSolarPanelv2.o)
 .text._PinsInit
                0x20016df0       0x68 C:/Users/ground/Documents/GitHub/tevel2/satellite-subsystems/demo/..//satellite-subsystems/lib\libSatelliteSubsystemsD.a(IsisSolarPanelv2.o)
 .text._SpiWriteRead
                0x20016e58       0x70 C:/Users/ground/Documents/GitHub/tevel2/satellite-subsystems/demo/..//satellite-subsystems/lib\libSatelliteSubsystemsD.a(IsisSolarPanelv2.o)
 .text.ISIS_ANTS_Init
                0x20016ec8       0xc4 C:/Users/ground/Documents/GitHub/tevel2/satellite-subsystems/demo/..//satellite-subsystems/lib\libSatelliteSubsystemsD.a(isis_ants.o)
                0x20016ec8                ISIS_ANTS_Init
 .text.isis_ants__arm
                0x20016f8c       0x98 C:/Users/ground/Documents/GitHub/tevel2/satellite-subsystems/demo/..//satellite-subsystems/lib\libSatelliteSubsystemsD.a(isis_ants.o)
                0x20016f8c                isis_ants__arm
 .text.isis_ants__deploy1
                0x20017024       0xb0 C:/Users/ground/Documents/GitHub/tevel2/satellite-subsystems/demo/..//satellite-subsystems/lib\libSatelliteSubsystemsD.a(isis_ants.o)
                0x20017024                isis_ants__deploy1
 .text.isis_ants__deploy2
                0x200170d4       0xb0 C:/Users/ground/Documents/GitHub/tevel2/satellite-subsystems/demo/..//satellite-subsystems/lib\libSatelliteSubsystemsD.a(isis_ants.o)
                0x200170d4                isis_ants__deploy2
 .text.isis_ants__deploy3
                0x20017184       0xb0 C:/Users/ground/Documents/GitHub/tevel2/satellite-subsystems/demo/..//satellite-subsystems/lib\libSatelliteSubsystemsD.a(isis_ants.o)
                0x20017184                isis_ants__deploy3
 .text.isis_ants__deploy4
                0x20017234       0xb0 C:/Users/ground/Documents/GitHub/tevel2/satellite-subsystems/demo/..//satellite-subsystems/lib\libSatelliteSubsystemsD.a(isis_ants.o)
                0x20017234                isis_ants__deploy4
 .text.isis_ants__disarm
                0x200172e4       0x98 C:/Users/ground/Documents/GitHub/tevel2/satellite-subsystems/demo/..//satellite-subsystems/lib\libSatelliteSubsystemsD.a(isis_ants.o)
                0x200172e4                isis_ants__disarm
 .text.isis_ants__get_all_telemetry
                0x2001737c       0xa8 C:/Users/ground/Documents/GitHub/tevel2/satellite-subsystems/demo/..//satellite-subsystems/lib\libSatelliteSubsystemsD.a(isis_ants.o)
                0x2001737c                isis_ants__get_all_telemetry
 .text.isis_ants__get_status
                0x20017424       0xa8 C:/Users/ground/Documents/GitHub/tevel2/satellite-subsystems/demo/..//satellite-subsystems/lib\libSatelliteSubsystemsD.a(isis_ants.o)
                0x20017424                isis_ants__get_status
 .text.isis_ants__get_temperature
                0x200174cc       0xa8 C:/Users/ground/Documents/GitHub/tevel2/satellite-subsystems/demo/..//satellite-subsystems/lib\libSatelliteSubsystemsD.a(isis_ants.o)
                0x200174cc                isis_ants__get_temperature
 .text.isis_ants__get_uptime
                0x20017574       0xa8 C:/Users/ground/Documents/GitHub/tevel2/satellite-subsystems/demo/..//satellite-subsystems/lib\libSatelliteSubsystemsD.a(isis_ants.o)
                0x20017574                isis_ants__get_uptime
 .text.isis_ants__reset
                0x2001761c       0x98 C:/Users/ground/Documents/GitHub/tevel2/satellite-subsystems/demo/..//satellite-subsystems/lib\libSatelliteSubsystemsD.a(isis_ants.o)
                0x2001761c                isis_ants__reset
 .text.isis_ants__start_auto_deploy
                0x200176b4       0xb0 C:/Users/ground/Documents/GitHub/tevel2/satellite-subsystems/demo/..//satellite-subsystems/lib\libSatelliteSubsystemsD.a(isis_ants.o)
                0x200176b4                isis_ants__start_auto_deploy
 .text._ISIS_ANTS_I2C_Send
                0x20017764       0x8c C:/Users/ground/Documents/GitHub/tevel2/satellite-subsystems/demo/..//satellite-subsystems/lib\libSatelliteSubsystemsD.a(isis_ants.o)
 .text.ISIS_ANTS_REV2_Init
                0x200177f0       0xc4 C:/Users/ground/Documents/GitHub/tevel2/satellite-subsystems/demo/..//satellite-subsystems/lib\libSatelliteSubsystemsD.a(isis_ants_rev2.o)
                0x200177f0                ISIS_ANTS_REV2_Init
 .text.isis_ants_rev2__arm
                0x200178b4       0x98 C:/Users/ground/Documents/GitHub/tevel2/satellite-subsystems/demo/..//satellite-subsystems/lib\libSatelliteSubsystemsD.a(isis_ants_rev2.o)
                0x200178b4                isis_ants_rev2__arm
 .text.isis_ants_rev2__deploy1
                0x2001794c       0xb0 C:/Users/ground/Documents/GitHub/tevel2/satellite-subsystems/demo/..//satellite-subsystems/lib\libSatelliteSubsystemsD.a(isis_ants_rev2.o)
                0x2001794c                isis_ants_rev2__deploy1
 .text.isis_ants_rev2__deploy1_redundant
                0x200179fc       0xb0 C:/Users/ground/Documents/GitHub/tevel2/satellite-subsystems/demo/..//satellite-subsystems/lib\libSatelliteSubsystemsD.a(isis_ants_rev2.o)
                0x200179fc                isis_ants_rev2__deploy1_redundant
 .text.isis_ants_rev2__deploy2
                0x20017aac       0xb0 C:/Users/ground/Documents/GitHub/tevel2/satellite-subsystems/demo/..//satellite-subsystems/lib\libSatelliteSubsystemsD.a(isis_ants_rev2.o)
                0x20017aac                isis_ants_rev2__deploy2
 .text.isis_ants_rev2__deploy2_redundant
                0x20017b5c       0xb0 C:/Users/ground/Documents/GitHub/tevel2/satellite-subsystems/demo/..//satellite-subsystems/lib\libSatelliteSubsystemsD.a(isis_ants_rev2.o)
                0x20017b5c                isis_ants_rev2__deploy2_redundant
 .text.isis_ants_rev2__disarm
                0x20017c0c       0x98 C:/Users/ground/Documents/GitHub/tevel2/satellite-subsystems/demo/..//satellite-subsystems/lib\libSatelliteSubsystemsD.a(isis_ants_rev2.o)
                0x20017c0c                isis_ants_rev2__disarm
 .text.isis_ants_rev2__get_all_telemetry
                0x20017ca4       0xa8 C:/Users/ground/Documents/GitHub/tevel2/satellite-subsystems/demo/..//satellite-subsystems/lib\libSatelliteSubsystemsD.a(isis_ants_rev2.o)
                0x20017ca4                isis_ants_rev2__get_all_telemetry
 .text.isis_ants_rev2__get_status
                0x20017d4c       0xa8 C:/Users/ground/Documents/GitHub/tevel2/satellite-subsystems/demo/..//satellite-subsystems/lib\libSatelliteSubsystemsD.a(isis_ants_rev2.o)
                0x20017d4c                isis_ants_rev2__get_status
 .text.isis_ants_rev2__get_temperature
                0x20017df4       0xa8 C:/Users/ground/Documents/GitHub/tevel2/satellite-subsystems/demo/..//satellite-subsystems/lib\libSatelliteSubsystemsD.a(isis_ants_rev2.o)
                0x20017df4                isis_ants_rev2__get_temperature
 .text.isis_ants_rev2__get_uptime
                0x20017e9c       0xa8 C:/Users/ground/Documents/GitHub/tevel2/satellite-subsystems/demo/..//satellite-subsystems/lib\libSatelliteSubsystemsD.a(isis_ants_rev2.o)
                0x20017e9c                isis_ants_rev2__get_uptime
 .text.isis_ants_rev2__reset
                0x20017f44       0x98 C:/Users/ground/Documents/GitHub/tevel2/satellite-subsystems/demo/..//satellite-subsystems/lib\libSatelliteSubsystemsD.a(isis_ants_rev2.o)
                0x20017f44                isis_ants_rev2__reset
 .text.isis_ants_rev2__start_auto_deploy
                0x20017fdc       0xb0 C:/Users/ground/Documents/GitHub/tevel2/satellite-subsystems/demo/..//satellite-subsystems/lib\libSatelliteSubsystemsD.a(isis_ants_rev2.o)
                0x20017fdc                isis_ants_rev2__start_auto_deploy
 .text.isis_ants_rev2__start_auto_deploy_redundant
                0x2001808c       0xb0 C:/Users/ground/Documents/GitHub/tevel2/satellite-subsystems/demo/..//satellite-subsystems/lib\libSatelliteSubsystemsD.a(isis_ants_rev2.o)
                0x2001808c                isis_ants_rev2__start_auto_deploy_redundant
 .text._ISIS_ANTS_REV2_I2C_Send
                0x2001813c       0x8c C:/Users/ground/Documents/GitHub/tevel2/satellite-subsystems/demo/..//satellite-subsystems/lib\libSatelliteSubsystemsD.a(isis_ants_rev2.o)
 .text.ISIS_AOCS_Init
                0x200181c8       0xc4 C:/Users/ground/Documents/GitHub/tevel2/satellite-subsystems/demo/..//satellite-subsystems/lib\libSatelliteSubsystemsD.a(isis_aocs.o)
                0x200181c8                ISIS_AOCS_Init
 .text.isis_aocs__retrieve_current_aocs_tlm
                0x2001828c       0xec C:/Users/ground/Documents/GitHub/tevel2/satellite-subsystems/demo/..//satellite-subsystems/lib\libSatelliteSubsystemsD.a(isis_aocs.o)
                0x2001828c                isis_aocs__retrieve_current_aocs_tlm
 .text.isis_aocs__retrieve_current_subsystem_tlm
                0x20018378       0xe0 C:/Users/ground/Documents/GitHub/tevel2/satellite-subsystems/demo/..//satellite-subsystems/lib\libSatelliteSubsystemsD.a(isis_aocs.o)
                0x20018378                isis_aocs__retrieve_current_subsystem_tlm
 .text.isis_aocs__set_operating_mode
                0x20018458       0xe8 C:/Users/ground/Documents/GitHub/tevel2/satellite-subsystems/demo/..//satellite-subsystems/lib\libSatelliteSubsystemsD.a(isis_aocs.o)
                0x20018458                isis_aocs__set_operating_mode
 .text.isis_aocs__set_subsystem_mode
                0x20018540       0xe8 C:/Users/ground/Documents/GitHub/tevel2/satellite-subsystems/demo/..//satellite-subsystems/lib\libSatelliteSubsystemsD.a(isis_aocs.o)
                0x20018540                isis_aocs__set_subsystem_mode
 .text._ISIS_AOCS_I2C_Send
                0x20018628       0x8c C:/Users/ground/Documents/GitHub/tevel2/satellite-subsystems/demo/..//satellite-subsystems/lib\libSatelliteSubsystemsD.a(isis_aocs.o)
 .text.ISIS_HSTXS_V2_Init
                0x200186b4       0xcc C:/Users/ground/Documents/GitHub/tevel2/satellite-subsystems/demo/..//satellite-subsystems/lib\libSatelliteSubsystemsD.a(isis_hstxs_v2.o)
                0x200186b4                ISIS_HSTXS_V2_Init
 .text.isis_hstxs_v2__get_general_status
                0x20018780       0xac C:/Users/ground/Documents/GitHub/tevel2/satellite-subsystems/demo/..//satellite-subsystems/lib\libSatelliteSubsystemsD.a(isis_hstxs_v2.o)
                0x20018780                isis_hstxs_v2__get_general_status
 .text.isis_hstxs_v2__get_telemetry
                0x2001882c       0xac C:/Users/ground/Documents/GitHub/tevel2/satellite-subsystems/demo/..//satellite-subsystems/lib\libSatelliteSubsystemsD.a(isis_hstxs_v2.o)
                0x2001882c                isis_hstxs_v2__get_telemetry
 .text.isis_hstxs_v2__reset
                0x200188d8       0x9c C:/Users/ground/Documents/GitHub/tevel2/satellite-subsystems/demo/..//satellite-subsystems/lib\libSatelliteSubsystemsD.a(isis_hstxs_v2.o)
                0x200188d8                isis_hstxs_v2__reset
 .text.isis_hstxs_v2__set_modulation_scheme
                0x20018974       0xb4 C:/Users/ground/Documents/GitHub/tevel2/satellite-subsystems/demo/..//satellite-subsystems/lib\libSatelliteSubsystemsD.a(isis_hstxs_v2.o)
                0x20018974                isis_hstxs_v2__set_modulation_scheme
 .text.isis_hstxs_v2__set_standby_mode
                0x20018a28       0xb4 C:/Users/ground/Documents/GitHub/tevel2/satellite-subsystems/demo/..//satellite-subsystems/lib\libSatelliteSubsystemsD.a(isis_hstxs_v2.o)
                0x20018a28                isis_hstxs_v2__set_standby_mode
 .text.isis_hstxs_v2__set_symbolrate
                0x20018adc       0xb4 C:/Users/ground/Documents/GitHub/tevel2/satellite-subsystems/demo/..//satellite-subsystems/lib\libSatelliteSubsystemsD.a(isis_hstxs_v2.o)
                0x20018adc                isis_hstxs_v2__set_symbolrate
 .text.isis_hstxs_v2__set_tx_mode
                0x20018b90       0xb4 C:/Users/ground/Documents/GitHub/tevel2/satellite-subsystems/demo/..//satellite-subsystems/lib\libSatelliteSubsystemsD.a(isis_hstxs_v2.o)
                0x20018b90                isis_hstxs_v2__set_tx_mode
 .text.isis_hstxs_v2__write_and_send_frame
                0x20018c44      0x19c C:/Users/ground/Documents/GitHub/tevel2/satellite-subsystems/demo/..//satellite-subsystems/lib\libSatelliteSubsystemsD.a(isis_hstxs_v2.o)
                0x20018c44                isis_hstxs_v2__write_and_send_frame
 .text._ISIS_HSTXS_V2_I2C_Send
                0x20018de0       0x8c C:/Users/ground/Documents/GitHub/tevel2/satellite-subsystems/demo/..//satellite-subsystems/lib\libSatelliteSubsystemsD.a(isis_hstxs_v2.o)
 .text.ISIS_MTQ_V2_Init
                0x20018e6c       0xc4 C:/Users/ground/Documents/GitHub/tevel2/satellite-subsystems/demo/..//satellite-subsystems/lib\libSatelliteSubsystemsD.a(isis_mtq_v2.o)
                0x20018e6c                ISIS_MTQ_V2_Init
 .text.isis_mtq_v2__cancel_op
                0x20018f30       0xa8 C:/Users/ground/Documents/GitHub/tevel2/satellite-subsystems/demo/..//satellite-subsystems/lib\libSatelliteSubsystemsD.a(isis_mtq_v2.o)
                0x20018f30                isis_mtq_v2__cancel_op
 .text.isis_mtq_v2__get_cal_mtm_data
                0x20018fd8       0xa8 C:/Users/ground/Documents/GitHub/tevel2/satellite-subsystems/demo/..//satellite-subsystems/lib\libSatelliteSubsystemsD.a(isis_mtq_v2.o)
                0x20018fd8                isis_mtq_v2__get_cal_mtm_data
 .text.isis_mtq_v2__get_cmd_actuation_dipole
                0x20019080       0xa8 C:/Users/ground/Documents/GitHub/tevel2/satellite-subsystems/demo/..//satellite-subsystems/lib\libSatelliteSubsystemsD.a(isis_mtq_v2.o)
                0x20019080                isis_mtq_v2__get_cmd_actuation_dipole
 .text.isis_mtq_v2__get_coil_current
                0x20019128       0xa8 C:/Users/ground/Documents/GitHub/tevel2/satellite-subsystems/demo/..//satellite-subsystems/lib\libSatelliteSubsystemsD.a(isis_mtq_v2.o)
                0x20019128                isis_mtq_v2__get_coil_current
 .text.isis_mtq_v2__get_coil_temps
                0x200191d0       0xa8 C:/Users/ground/Documents/GitHub/tevel2/satellite-subsystems/demo/..//satellite-subsystems/lib\libSatelliteSubsystemsD.a(isis_mtq_v2.o)
                0x200191d0                isis_mtq_v2__get_coil_temps
 .text.isis_mtq_v2__get_detumble_data
                0x20019278       0xa8 C:/Users/ground/Documents/GitHub/tevel2/satellite-subsystems/demo/..//satellite-subsystems/lib\libSatelliteSubsystemsD.a(isis_mtq_v2.o)
                0x20019278                isis_mtq_v2__get_detumble_data
 .text.isis_mtq_v2__get_housekeeping
                0x20019320       0xa8 C:/Users/ground/Documents/GitHub/tevel2/satellite-subsystems/demo/..//satellite-subsystems/lib\libSatelliteSubsystemsD.a(isis_mtq_v2.o)
                0x20019320                isis_mtq_v2__get_housekeeping
 .text.isis_mtq_v2__get_housekeeping_engineering
                0x200193c8       0xa8 C:/Users/ground/Documents/GitHub/tevel2/satellite-subsystems/demo/..//satellite-subsystems/lib\libSatelliteSubsystemsD.a(isis_mtq_v2.o)
                0x200193c8                isis_mtq_v2__get_housekeeping_engineering
 .text.isis_mtq_v2__get_parameter
                0x20019470       0xe8 C:/Users/ground/Documents/GitHub/tevel2/satellite-subsystems/demo/..//satellite-subsystems/lib\libSatelliteSubsystemsD.a(isis_mtq_v2.o)
                0x20019470                isis_mtq_v2__get_parameter
 .text.isis_mtq_v2__get_raw_mtm_data
                0x20019558       0xa8 C:/Users/ground/Documents/GitHub/tevel2/satellite-subsystems/demo/..//satellite-subsystems/lib\libSatelliteSubsystemsD.a(isis_mtq_v2.o)
                0x20019558                isis_mtq_v2__get_raw_mtm_data
 .text.isis_mtq_v2__get_self_test_result_all
                0x20019600       0xa8 C:/Users/ground/Documents/GitHub/tevel2/satellite-subsystems/demo/..//satellite-subsystems/lib\libSatelliteSubsystemsD.a(isis_mtq_v2.o)
                0x20019600                isis_mtq_v2__get_self_test_result_all
 .text.isis_mtq_v2__get_self_test_result_single
                0x200196a8       0xa8 C:/Users/ground/Documents/GitHub/tevel2/satellite-subsystems/demo/..//satellite-subsystems/lib\libSatelliteSubsystemsD.a(isis_mtq_v2.o)
                0x200196a8                isis_mtq_v2__get_self_test_result_single
 .text.isis_mtq_v2__get_state
                0x20019750       0xa8 C:/Users/ground/Documents/GitHub/tevel2/satellite-subsystems/demo/..//satellite-subsystems/lib\libSatelliteSubsystemsD.a(isis_mtq_v2.o)
                0x20019750                isis_mtq_v2__get_state
 .text.isis_mtq_v2__no_op
                0x200197f8       0xa8 C:/Users/ground/Documents/GitHub/tevel2/satellite-subsystems/demo/..//satellite-subsystems/lib\libSatelliteSubsystemsD.a(isis_mtq_v2.o)
                0x200197f8                isis_mtq_v2__no_op
 .text.isis_mtq_v2__reset_parameter
                0x200198a0       0xe8 C:/Users/ground/Documents/GitHub/tevel2/satellite-subsystems/demo/..//satellite-subsystems/lib\libSatelliteSubsystemsD.a(isis_mtq_v2.o)
                0x200198a0                isis_mtq_v2__reset_parameter
 .text.isis_mtq_v2__reset_sw
                0x20019988       0xb8 C:/Users/ground/Documents/GitHub/tevel2/satellite-subsystems/demo/..//satellite-subsystems/lib\libSatelliteSubsystemsD.a(isis_mtq_v2.o)
                0x20019988                isis_mtq_v2__reset_sw
 .text.isis_mtq_v2__set_parameter
                0x20019a40      0x10c C:/Users/ground/Documents/GitHub/tevel2/satellite-subsystems/demo/..//satellite-subsystems/lib\libSatelliteSubsystemsD.a(isis_mtq_v2.o)
                0x20019a40                isis_mtq_v2__set_parameter
 .text.isis_mtq_v2__start_actuation_current
                0x20019b4c      0x100 C:/Users/ground/Documents/GitHub/tevel2/satellite-subsystems/demo/..//satellite-subsystems/lib\libSatelliteSubsystemsD.a(isis_mtq_v2.o)
                0x20019b4c                isis_mtq_v2__start_actuation_current
 .text.isis_mtq_v2__start_actuation_dipole
                0x20019c4c      0x100 C:/Users/ground/Documents/GitHub/tevel2/satellite-subsystems/demo/..//satellite-subsystems/lib\libSatelliteSubsystemsD.a(isis_mtq_v2.o)
                0x20019c4c                isis_mtq_v2__start_actuation_dipole
 .text.isis_mtq_v2__start_actuation_pwm
                0x20019d4c      0x100 C:/Users/ground/Documents/GitHub/tevel2/satellite-subsystems/demo/..//satellite-subsystems/lib\libSatelliteSubsystemsD.a(isis_mtq_v2.o)
                0x20019d4c                isis_mtq_v2__start_actuation_pwm
 .text.isis_mtq_v2__start_bdot
                0x20019e4c       0xe8 C:/Users/ground/Documents/GitHub/tevel2/satellite-subsystems/demo/..//satellite-subsystems/lib\libSatelliteSubsystemsD.a(isis_mtq_v2.o)
                0x20019e4c                isis_mtq_v2__start_bdot
 .text.isis_mtq_v2__start_mtm
                0x20019f34       0xa8 C:/Users/ground/Documents/GitHub/tevel2/satellite-subsystems/demo/..//satellite-subsystems/lib\libSatelliteSubsystemsD.a(isis_mtq_v2.o)
                0x20019f34                isis_mtq_v2__start_mtm
 .text.isis_mtq_v2__start_self_test
                0x20019fdc       0xc0 C:/Users/ground/Documents/GitHub/tevel2/satellite-subsystems/demo/..//satellite-subsystems/lib\libSatelliteSubsystemsD.a(isis_mtq_v2.o)
                0x20019fdc                isis_mtq_v2__start_self_test
 .text._ISIS_MTQ_V2_I2C_Send
                0x2001a09c       0x8c C:/Users/ground/Documents/GitHub/tevel2/satellite-subsystems/demo/..//satellite-subsystems/lib\libSatelliteSubsystemsD.a(isis_mtq_v2.o)
 .text.ISIS_RXS_C_Init
                0x2001a128       0xcc C:/Users/ground/Documents/GitHub/tevel2/satellite-subsystems/demo/..//satellite-subsystems/lib\libSatelliteSubsystemsD.a(isis_rxs_c.o)
                0x2001a128                ISIS_RXS_C_Init
 .text.isis_rxs_c__get_bitrate
                0x2001a1f4       0xac C:/Users/ground/Documents/GitHub/tevel2/satellite-subsystems/demo/..//satellite-subsystems/lib\libSatelliteSubsystemsD.a(isis_rxs_c.o)
                0x2001a1f4                isis_rxs_c__get_bitrate
 .text.isis_rxs_c__get_frame
                0x2001a2a0       0x78 C:/Users/ground/Documents/GitHub/tevel2/satellite-subsystems/demo/..//satellite-subsystems/lib\libSatelliteSubsystemsD.a(isis_rxs_c.o)
                0x2001a2a0                isis_rxs_c__get_frame
 .text.isis_rxs_c__get_frame_variable
                0x2001a318      0x178 C:/Users/ground/Documents/GitHub/tevel2/satellite-subsystems/demo/..//satellite-subsystems/lib\libSatelliteSubsystemsD.a(isis_rxs_c.o)
                0x2001a318                isis_rxs_c__get_frame_variable
 .text.isis_rxs_c__get_frame_count
                0x2001a490       0xac C:/Users/ground/Documents/GitHub/tevel2/satellite-subsystems/demo/..//satellite-subsystems/lib\libSatelliteSubsystemsD.a(isis_rxs_c.o)
                0x2001a490                isis_rxs_c__get_frame_count
 .text.isis_rxs_c__get_rx_swinfo
                0x2001a53c       0xac C:/Users/ground/Documents/GitHub/tevel2/satellite-subsystems/demo/..//satellite-subsystems/lib\libSatelliteSubsystemsD.a(isis_rxs_c.o)
                0x2001a53c                isis_rxs_c__get_rx_swinfo
 .text.isis_rxs_c__get_rx_telemetry
                0x2001a5e8       0xac C:/Users/ground/Documents/GitHub/tevel2/satellite-subsystems/demo/..//satellite-subsystems/lib\libSatelliteSubsystemsD.a(isis_rxs_c.o)
                0x2001a5e8                isis_rxs_c__get_rx_telemetry
 .text.isis_rxs_c__remove_frame
                0x2001a694       0x9c C:/Users/ground/Documents/GitHub/tevel2/satellite-subsystems/demo/..//satellite-subsystems/lib\libSatelliteSubsystemsD.a(isis_rxs_c.o)
                0x2001a694                isis_rxs_c__remove_frame
 .text.isis_rxs_c__remove_frame_all
                0x2001a730       0x9c C:/Users/ground/Documents/GitHub/tevel2/satellite-subsystems/demo/..//satellite-subsystems/lib\libSatelliteSubsystemsD.a(isis_rxs_c.o)
                0x2001a730                isis_rxs_c__remove_frame_all
 .text.isis_rxs_c__reset_hw_rx
                0x2001a7cc       0x9c C:/Users/ground/Documents/GitHub/tevel2/satellite-subsystems/demo/..//satellite-subsystems/lib\libSatelliteSubsystemsD.a(isis_rxs_c.o)
                0x2001a7cc                isis_rxs_c__reset_hw_rx
 .text.isis_rxs_c__reset_wdg_rx
                0x2001a868       0x9c C:/Users/ground/Documents/GitHub/tevel2/satellite-subsystems/demo/..//satellite-subsystems/lib\libSatelliteSubsystemsD.a(isis_rxs_c.o)
                0x2001a868                isis_rxs_c__reset_wdg_rx
 .text.isis_rxs_c__rx_uptime
                0x2001a904       0xac C:/Users/ground/Documents/GitHub/tevel2/satellite-subsystems/demo/..//satellite-subsystems/lib\libSatelliteSubsystemsD.a(isis_rxs_c.o)
                0x2001a904                isis_rxs_c__rx_uptime
 .text.isis_rxs_c__set_bitrate
                0x2001a9b0       0xc4 C:/Users/ground/Documents/GitHub/tevel2/satellite-subsystems/demo/..//satellite-subsystems/lib\libSatelliteSubsystemsD.a(isis_rxs_c.o)
                0x2001a9b0                isis_rxs_c__set_bitrate
 .text._ISIS_RXS_C_I2C_Send
                0x2001aa74       0x8c C:/Users/ground/Documents/GitHub/tevel2/satellite-subsystems/demo/..//satellite-subsystems/lib\libSatelliteSubsystemsD.a(isis_rxs_c.o)
 .text.ISIS_VU_D_Init
                0x2001ab00       0xe4 C:/Users/ground/Documents/GitHub/tevel2/satellite-subsystems/demo/..//satellite-subsystems/lib\libSatelliteSubsystemsD.a(isis_vu_d.o)
                0x2001ab00                ISIS_VU_D_Init
 .text.isis_vu_d__get_frame
                0x2001abe4       0x84 C:/Users/ground/Documents/GitHub/tevel2/satellite-subsystems/demo/..//satellite-subsystems/lib\libSatelliteSubsystemsD.a(isis_vu_d.o)
                0x2001abe4                isis_vu_d__get_frame
 .text.isis_vu_d__get_frame_variable
                0x2001ac68      0x190 C:/Users/ground/Documents/GitHub/tevel2/satellite-subsystems/demo/..//satellite-subsystems/lib\libSatelliteSubsystemsD.a(isis_vu_d.o)
                0x2001ac68                isis_vu_d__get_frame_variable
 .text.isis_vu_d__get_frame_count
                0x2001adf8       0xb8 C:/Users/ground/Documents/GitHub/tevel2/satellite-subsystems/demo/..//satellite-subsystems/lib\libSatelliteSubsystemsD.a(isis_vu_d.o)
                0x2001adf8                isis_vu_d__get_frame_count
 .text.isis_vu_d__get_rx_telemetry
                0x2001aeb0       0xb8 C:/Users/ground/Documents/GitHub/tevel2/satellite-subsystems/demo/..//satellite-subsystems/lib\libSatelliteSubsystemsD.a(isis_vu_d.o)
                0x2001aeb0                isis_vu_d__get_rx_telemetry
 .text.isis_vu_d__get_tx_telemetry
                0x2001af68       0xb8 C:/Users/ground/Documents/GitHub/tevel2/satellite-subsystems/demo/..//satellite-subsystems/lib\libSatelliteSubsystemsD.a(isis_vu_d.o)
                0x2001af68                isis_vu_d__get_tx_telemetry
 .text.isis_vu_d__remove_frame
                0x2001b020       0xa8 C:/Users/ground/Documents/GitHub/tevel2/satellite-subsystems/demo/..//satellite-subsystems/lib\libSatelliteSubsystemsD.a(isis_vu_d.o)
                0x2001b020                isis_vu_d__remove_frame
 .text.isis_vu_d__reset_hw_rx
                0x2001b0c8       0xa8 C:/Users/ground/Documents/GitHub/tevel2/satellite-subsystems/demo/..//satellite-subsystems/lib\libSatelliteSubsystemsD.a(isis_vu_d.o)
                0x2001b0c8                isis_vu_d__reset_hw_rx
 .text.isis_vu_d__reset_sw_rx
                0x2001b170       0xa8 C:/Users/ground/Documents/GitHub/tevel2/satellite-subsystems/demo/..//satellite-subsystems/lib\libSatelliteSubsystemsD.a(isis_vu_d.o)
                0x2001b170                isis_vu_d__reset_sw_rx
 .text.isis_vu_d__reset_sw_tx
                0x2001b218       0xa8 C:/Users/ground/Documents/GitHub/tevel2/satellite-subsystems/demo/..//satellite-subsystems/lib\libSatelliteSubsystemsD.a(isis_vu_d.o)
                0x2001b218                isis_vu_d__reset_sw_tx
 .text.isis_vu_d__reset_wdg_rx
                0x2001b2c0       0xa8 C:/Users/ground/Documents/GitHub/tevel2/satellite-subsystems/demo/..//satellite-subsystems/lib\libSatelliteSubsystemsD.a(isis_vu_d.o)
                0x2001b2c0                isis_vu_d__reset_wdg_rx
 .text.isis_vu_d__reset_wdg_tx
                0x2001b368       0xa8 C:/Users/ground/Documents/GitHub/tevel2/satellite-subsystems/demo/..//satellite-subsystems/lib\libSatelliteSubsystemsD.a(isis_vu_d.o)
                0x2001b368                isis_vu_d__reset_wdg_tx
 .text.isis_vu_d__rx_uptime
                0x2001b410       0xb8 C:/Users/ground/Documents/GitHub/tevel2/satellite-subsystems/demo/..//satellite-subsystems/lib\libSatelliteSubsystemsD.a(isis_vu_d.o)
                0x2001b410                isis_vu_d__rx_uptime
 .text.isis_vu_d__send_frame
                0x2001b4c8      0x148 C:/Users/ground/Documents/GitHub/tevel2/satellite-subsystems/demo/..//satellite-subsystems/lib\libSatelliteSubsystemsD.a(isis_vu_d.o)
                0x2001b4c8                isis_vu_d__send_frame
 .text.isis_vu_d__set_bitrate
                0x2001b610       0xc0 C:/Users/ground/Documents/GitHub/tevel2/satellite-subsystems/demo/..//satellite-subsystems/lib\libSatelliteSubsystemsD.a(isis_vu_d.o)
                0x2001b610                isis_vu_d__set_bitrate
 .text.isis_vu_d__set_idle_state
                0x2001b6d0       0xc0 C:/Users/ground/Documents/GitHub/tevel2/satellite-subsystems/demo/..//satellite-subsystems/lib\libSatelliteSubsystemsD.a(isis_vu_d.o)
                0x2001b6d0                isis_vu_d__set_idle_state
 .text.isis_vu_d__tx_uptime
                0x2001b790       0xb8 C:/Users/ground/Documents/GitHub/tevel2/satellite-subsystems/demo/..//satellite-subsystems/lib\libSatelliteSubsystemsD.a(isis_vu_d.o)
                0x2001b790                isis_vu_d__tx_uptime
 .text._ISIS_VU_D_I2C_Send
                0x2001b848       0x8c C:/Users/ground/Documents/GitHub/tevel2/satellite-subsystems/demo/..//satellite-subsystems/lib\libSatelliteSubsystemsD.a(isis_vu_d.o)
 .text.ISIS_VU_E_Init
                0x2001b8d4       0xe4 C:/Users/ground/Documents/GitHub/tevel2/satellite-subsystems/demo/..//satellite-subsystems/lib\libSatelliteSubsystemsD.a(isis_vu_e.o)
                0x2001b8d4                ISIS_VU_E_Init
 .text.isis_vu_e__get_frame
                0x2001b9b8       0x84 C:/Users/ground/Documents/GitHub/tevel2/satellite-subsystems/demo/..//satellite-subsystems/lib\libSatelliteSubsystemsD.a(isis_vu_e.o)
                0x2001b9b8                isis_vu_e__get_frame
 .text.isis_vu_e__get_frame_variable
                0x2001ba3c      0x190 C:/Users/ground/Documents/GitHub/tevel2/satellite-subsystems/demo/..//satellite-subsystems/lib\libSatelliteSubsystemsD.a(isis_vu_e.o)
                0x2001ba3c                isis_vu_e__get_frame_variable
 .text.isis_vu_e__get_frame_count
                0x2001bbcc       0xb8 C:/Users/ground/Documents/GitHub/tevel2/satellite-subsystems/demo/..//satellite-subsystems/lib\libSatelliteSubsystemsD.a(isis_vu_e.o)
                0x2001bbcc                isis_vu_e__get_frame_count
 .text.isis_vu_e__get_rx_freq
                0x2001bc84       0xb8 C:/Users/ground/Documents/GitHub/tevel2/satellite-subsystems/demo/..//satellite-subsystems/lib\libSatelliteSubsystemsD.a(isis_vu_e.o)
                0x2001bc84                isis_vu_e__get_rx_freq
 .text.isis_vu_e__get_rx_telemetry
                0x2001bd3c       0xb8 C:/Users/ground/Documents/GitHub/tevel2/satellite-subsystems/demo/..//satellite-subsystems/lib\libSatelliteSubsystemsD.a(isis_vu_e.o)
                0x2001bd3c                isis_vu_e__get_rx_telemetry
 .text.isis_vu_e__get_tx_freq
                0x2001bdf4       0xb8 C:/Users/ground/Documents/GitHub/tevel2/satellite-subsystems/demo/..//satellite-subsystems/lib\libSatelliteSubsystemsD.a(isis_vu_e.o)
                0x2001bdf4                isis_vu_e__get_tx_freq
 .text.isis_vu_e__get_tx_telemetry
                0x2001beac       0xb8 C:/Users/ground/Documents/GitHub/tevel2/satellite-subsystems/demo/..//satellite-subsystems/lib\libSatelliteSubsystemsD.a(isis_vu_e.o)
                0x2001beac                isis_vu_e__get_tx_telemetry
 .text.isis_vu_e__remove_frame
                0x2001bf64       0xa8 C:/Users/ground/Documents/GitHub/tevel2/satellite-subsystems/demo/..//satellite-subsystems/lib\libSatelliteSubsystemsD.a(isis_vu_e.o)
                0x2001bf64                isis_vu_e__remove_frame
 .text.isis_vu_e__reset_hw_rx
                0x2001c00c       0xa8 C:/Users/ground/Documents/GitHub/tevel2/satellite-subsystems/demo/..//satellite-subsystems/lib\libSatelliteSubsystemsD.a(isis_vu_e.o)
                0x2001c00c                isis_vu_e__reset_hw_rx
 .text.isis_vu_e__reset_hw_tx
                0x2001c0b4       0xa8 C:/Users/ground/Documents/GitHub/tevel2/satellite-subsystems/demo/..//satellite-subsystems/lib\libSatelliteSubsystemsD.a(isis_vu_e.o)
                0x2001c0b4                isis_vu_e__reset_hw_tx
 .text.isis_vu_e__reset_wdg_rx
                0x2001c15c       0xa8 C:/Users/ground/Documents/GitHub/tevel2/satellite-subsystems/demo/..//satellite-subsystems/lib\libSatelliteSubsystemsD.a(isis_vu_e.o)
                0x2001c15c                isis_vu_e__reset_wdg_rx
 .text.isis_vu_e__reset_wdg_tx
                0x2001c204       0xa8 C:/Users/ground/Documents/GitHub/tevel2/satellite-subsystems/demo/..//satellite-subsystems/lib\libSatelliteSubsystemsD.a(isis_vu_e.o)
                0x2001c204                isis_vu_e__reset_wdg_tx
 .text.isis_vu_e__rx_uptime
                0x2001c2ac       0xb8 C:/Users/ground/Documents/GitHub/tevel2/satellite-subsystems/demo/..//satellite-subsystems/lib\libSatelliteSubsystemsD.a(isis_vu_e.o)
                0x2001c2ac                isis_vu_e__rx_uptime
 .text.isis_vu_e__send_frame
                0x2001c364      0x148 C:/Users/ground/Documents/GitHub/tevel2/satellite-subsystems/demo/..//satellite-subsystems/lib\libSatelliteSubsystemsD.a(isis_vu_e.o)
                0x2001c364                isis_vu_e__send_frame
 .text.isis_vu_e__set_bitrate
                0x2001c4ac       0xc0 C:/Users/ground/Documents/GitHub/tevel2/satellite-subsystems/demo/..//satellite-subsystems/lib\libSatelliteSubsystemsD.a(isis_vu_e.o)
                0x2001c4ac                isis_vu_e__set_bitrate
 .text.isis_vu_e__set_idle_state
                0x2001c56c       0xc0 C:/Users/ground/Documents/GitHub/tevel2/satellite-subsystems/demo/..//satellite-subsystems/lib\libSatelliteSubsystemsD.a(isis_vu_e.o)
                0x2001c56c                isis_vu_e__set_idle_state
 .text.isis_vu_e__tx_uptime
                0x2001c62c       0xb8 C:/Users/ground/Documents/GitHub/tevel2/satellite-subsystems/demo/..//satellite-subsystems/lib\libSatelliteSubsystemsD.a(isis_vu_e.o)
                0x2001c62c                isis_vu_e__tx_uptime
 .text._ISIS_VU_E_I2C_Send
                0x2001c6e4       0x8c C:/Users/ground/Documents/GitHub/tevel2/satellite-subsystems/demo/..//satellite-subsystems/lib\libSatelliteSubsystemsD.a(isis_vu_e.o)
 .text.ISISMEPSV2_IVID5_PBU_Init
                0x2001c770       0xdc C:/Users/ground/Documents/GitHub/tevel2/satellite-subsystems/demo/..//satellite-subsystems/lib\libSatelliteSubsystemsD.a(isismepsv2_ivid5_pbu.o)
                0x2001c770                ISISMEPSV2_IVID5_PBU_Init
 .text.isismepsv2_ivid5_pbu__gethousekeepingdataeng
                0x2001c84c       0xc4 C:/Users/ground/Documents/GitHub/tevel2/satellite-subsystems/demo/..//satellite-subsystems/lib\libSatelliteSubsystemsD.a(isismepsv2_ivid5_pbu.o)
                0x2001c84c                isismepsv2_ivid5_pbu__gethousekeepingdataeng
 .text._ISISMEPSV2_IVID5_PBU_I2C_Send
                0x2001c910      0x15c C:/Users/ground/Documents/GitHub/tevel2/satellite-subsystems/demo/..//satellite-subsystems/lib\libSatelliteSubsystemsD.a(isismepsv2_ivid5_pbu.o)
 .text.ISISMEPSV2_IVID5_PCU_Init
                0x2001ca6c       0xdc C:/Users/ground/Documents/GitHub/tevel2/satellite-subsystems/demo/..//satellite-subsystems/lib\libSatelliteSubsystemsD.a(isismepsv2_ivid5_pcu.o)
                0x2001ca6c                ISISMEPSV2_IVID5_PCU_Init
 .text.isismepsv2_ivid5_pcu__gethousekeepingdataeng
                0x2001cb48       0xc4 C:/Users/ground/Documents/GitHub/tevel2/satellite-subsystems/demo/..//satellite-subsystems/lib\libSatelliteSubsystemsD.a(isismepsv2_ivid5_pcu.o)
                0x2001cb48                isismepsv2_ivid5_pcu__gethousekeepingdataeng
 .text._ISISMEPSV2_IVID5_PCU_I2C_Send
                0x2001cc0c      0x15c C:/Users/ground/Documents/GitHub/tevel2/satellite-subsystems/demo/..//satellite-subsystems/lib\libSatelliteSubsystemsD.a(isismepsv2_ivid5_pcu.o)
 .text.ISISMEPSV2_IVID5_PDU_Init
                0x2001cd68       0xdc C:/Users/ground/Documents/GitHub/tevel2/satellite-subsystems/demo/..//satellite-subsystems/lib\libSatelliteSubsystemsD.a(isismepsv2_ivid5_pdu.o)
                0x2001cd68                ISISMEPSV2_IVID5_PDU_Init
 .text.isismepsv2_ivid5_pdu__cancel
                0x2001ce44       0xc4 C:/Users/ground/Documents/GitHub/tevel2/satellite-subsystems/demo/..//satellite-subsystems/lib\libSatelliteSubsystemsD.a(isismepsv2_ivid5_pdu.o)
                0x2001ce44                isismepsv2_ivid5_pdu__cancel
 .text.isismepsv2_ivid5_pdu__gethousekeepingdataeng
                0x2001cf08       0xc4 C:/Users/ground/Documents/GitHub/tevel2/satellite-subsystems/demo/..//satellite-subsystems/lib\libSatelliteSubsystemsD.a(isismepsv2_ivid5_pdu.o)
                0x2001cf08                isismepsv2_ivid5_pdu__gethousekeepingdataeng
 .text.isismepsv2_ivid5_pdu__gethousekeepingdataraw
                0x2001cfcc       0xc4 C:/Users/ground/Documents/GitHub/tevel2/satellite-subsystems/demo/..//satellite-subsystems/lib\libSatelliteSubsystemsD.a(isismepsv2_ivid5_pdu.o)
                0x2001cfcc                isismepsv2_ivid5_pdu__gethousekeepingdataraw
 .text.isismepsv2_ivid5_pdu__getsystemstatus
                0x2001d090       0xc4 C:/Users/ground/Documents/GitHub/tevel2/satellite-subsystems/demo/..//satellite-subsystems/lib\libSatelliteSubsystemsD.a(isismepsv2_ivid5_pdu.o)
                0x2001d090                isismepsv2_ivid5_pdu__getsystemstatus
 .text.isismepsv2_ivid5_pdu__outputbuschanneloff
                0x2001d154       0xd8 C:/Users/ground/Documents/GitHub/tevel2/satellite-subsystems/demo/..//satellite-subsystems/lib\libSatelliteSubsystemsD.a(isismepsv2_ivid5_pdu.o)
                0x2001d154                isismepsv2_ivid5_pdu__outputbuschanneloff
 .text.isismepsv2_ivid5_pdu__outputbuschannelon
                0x2001d22c       0xd8 C:/Users/ground/Documents/GitHub/tevel2/satellite-subsystems/demo/..//satellite-subsystems/lib\libSatelliteSubsystemsD.a(isismepsv2_ivid5_pdu.o)
                0x2001d22c                isismepsv2_ivid5_pdu__outputbuschannelon
 .text.isismepsv2_ivid5_pdu__reset
                0x2001d304       0xd0 C:/Users/ground/Documents/GitHub/tevel2/satellite-subsystems/demo/..//satellite-subsystems/lib\libSatelliteSubsystemsD.a(isismepsv2_ivid5_pdu.o)
                0x2001d304                isismepsv2_ivid5_pdu__reset
 .text.isismepsv2_ivid5_pdu__resetwatchdog
                0x2001d3d4       0xc4 C:/Users/ground/Documents/GitHub/tevel2/satellite-subsystems/demo/..//satellite-subsystems/lib\libSatelliteSubsystemsD.a(isismepsv2_ivid5_pdu.o)
                0x2001d3d4                isismepsv2_ivid5_pdu__resetwatchdog
 .text.isismepsv2_ivid5_pdu__switchtonominal
                0x2001d498       0xc4 C:/Users/ground/Documents/GitHub/tevel2/satellite-subsystems/demo/..//satellite-subsystems/lib\libSatelliteSubsystemsD.a(isismepsv2_ivid5_pdu.o)
                0x2001d498                isismepsv2_ivid5_pdu__switchtonominal
 .text.isismepsv2_ivid5_pdu__switchtosafety
                0x2001d55c       0xc4 C:/Users/ground/Documents/GitHub/tevel2/satellite-subsystems/demo/..//satellite-subsystems/lib\libSatelliteSubsystemsD.a(isismepsv2_ivid5_pdu.o)
                0x2001d55c                isismepsv2_ivid5_pdu__switchtosafety
 .text._ISISMEPSV2_IVID5_PDU_I2C_Send
                0x2001d620      0x15c C:/Users/ground/Documents/GitHub/tevel2/satellite-subsystems/demo/..//satellite-subsystems/lib\libSatelliteSubsystemsD.a(isismepsv2_ivid5_pdu.o)
 .text.ISISMEPSV2_IVID5_PIU_Init
                0x2001d77c       0xdc C:/Users/ground/Documents/GitHub/tevel2/satellite-subsystems/demo/..//satellite-subsystems/lib\libSatelliteSubsystemsD.a(isismepsv2_ivid5_piu.o)
                0x2001d77c                ISISMEPSV2_IVID5_PIU_Init
 .text.isismepsv2_ivid5_piu__cancel
                0x2001d858       0xc4 C:/Users/ground/Documents/GitHub/tevel2/satellite-subsystems/demo/..//satellite-subsystems/lib\libSatelliteSubsystemsD.a(isismepsv2_ivid5_piu.o)
                0x2001d858                isismepsv2_ivid5_piu__cancel
 .text.isismepsv2_ivid5_piu__gethousekeepingeng
                0x2001d91c       0xc4 C:/Users/ground/Documents/GitHub/tevel2/satellite-subsystems/demo/..//satellite-subsystems/lib\libSatelliteSubsystemsD.a(isismepsv2_ivid5_piu.o)
                0x2001d91c                isismepsv2_ivid5_piu__gethousekeepingeng
 .text.isismepsv2_ivid5_piu__gethousekeepingraw
                0x2001d9e0       0xc4 C:/Users/ground/Documents/GitHub/tevel2/satellite-subsystems/demo/..//satellite-subsystems/lib\libSatelliteSubsystemsD.a(isismepsv2_ivid5_piu.o)
                0x2001d9e0                isismepsv2_ivid5_piu__gethousekeepingraw
 .text.isismepsv2_ivid5_piu__getsystemstatus
                0x2001daa4       0xc4 C:/Users/ground/Documents/GitHub/tevel2/satellite-subsystems/demo/..//satellite-subsystems/lib\libSatelliteSubsystemsD.a(isismepsv2_ivid5_piu.o)
                0x2001daa4                isismepsv2_ivid5_piu__getsystemstatus
 .text.isismepsv2_ivid5_piu__outputbuschanneloff
                0x2001db68       0xd8 C:/Users/ground/Documents/GitHub/tevel2/satellite-subsystems/demo/..//satellite-subsystems/lib\libSatelliteSubsystemsD.a(isismepsv2_ivid5_piu.o)
                0x2001db68                isismepsv2_ivid5_piu__outputbuschanneloff
 .text.isismepsv2_ivid5_piu__outputbuschannelon
                0x2001dc40       0xd8 C:/Users/ground/Documents/GitHub/tevel2/satellite-subsystems/demo/..//satellite-subsystems/lib\libSatelliteSubsystemsD.a(isismepsv2_ivid5_piu.o)
                0x2001dc40                isismepsv2_ivid5_piu__outputbuschannelon
 .text.isismepsv2_ivid5_piu__reset
                0x2001dd18       0xd0 C:/Users/ground/Documents/GitHub/tevel2/satellite-subsystems/demo/..//satellite-subsystems/lib\libSatelliteSubsystemsD.a(isismepsv2_ivid5_piu.o)
                0x2001dd18                isismepsv2_ivid5_piu__reset
 .text.isismepsv2_ivid5_piu__resetwatchdog
                0x2001dde8       0xc4 C:/Users/ground/Documents/GitHub/tevel2/satellite-subsystems/demo/..//satellite-subsystems/lib\libSatelliteSubsystemsD.a(isismepsv2_ivid5_piu.o)
                0x2001dde8                isismepsv2_ivid5_piu__resetwatchdog
 .text.isismepsv2_ivid5_piu__switchtonominal
                0x2001deac       0xc4 C:/Users/ground/Documents/GitHub/tevel2/satellite-subsystems/demo/..//satellite-subsystems/lib\libSatelliteSubsystemsD.a(isismepsv2_ivid5_piu.o)
                0x2001deac                isismepsv2_ivid5_piu__switchtonominal
 .text.isismepsv2_ivid5_piu__switchtosafety
                0x2001df70       0xc4 C:/Users/ground/Documents/GitHub/tevel2/satellite-subsystems/demo/..//satellite-subsystems/lib\libSatelliteSubsystemsD.a(isismepsv2_ivid5_piu.o)
                0x2001df70                isismepsv2_ivid5_piu__switchtosafety
 .text._ISISMEPSV2_IVID5_PIU_I2C_Send
                0x2001e034      0x15c C:/Users/ground/Documents/GitHub/tevel2/satellite-subsystems/demo/..//satellite-subsystems/lib\libSatelliteSubsystemsD.a(isismepsv2_ivid5_piu.o)
 .text.ISISMEPSV2_IVID7_PIU_Init
                0x2001e190       0xdc C:/Users/ground/Documents/GitHub/tevel2/satellite-subsystems/demo/..//satellite-subsystems/lib\libSatelliteSubsystemsD.a(isismepsv2_ivid7_piu.o)
                0x2001e190                ISISMEPSV2_IVID7_PIU_Init
 .text.isismepsv2_ivid7_piu__gethousekeepingeng
                0x2001e26c       0xc4 C:/Users/ground/Documents/GitHub/tevel2/satellite-subsystems/demo/..//satellite-subsystems/lib\libSatelliteSubsystemsD.a(isismepsv2_ivid7_piu.o)
                0x2001e26c                isismepsv2_ivid7_piu__gethousekeepingeng
 .text.isismepsv2_ivid7_piu__outputbuschanneloff
                0x2001e330       0xd8 C:/Users/ground/Documents/GitHub/tevel2/satellite-subsystems/demo/..//satellite-subsystems/lib\libSatelliteSubsystemsD.a(isismepsv2_ivid7_piu.o)
                0x2001e330                isismepsv2_ivid7_piu__outputbuschanneloff
 .text.isismepsv2_ivid7_piu__outputbuschannelon
                0x2001e408       0xd8 C:/Users/ground/Documents/GitHub/tevel2/satellite-subsystems/demo/..//satellite-subsystems/lib\libSatelliteSubsystemsD.a(isismepsv2_ivid7_piu.o)
                0x2001e408                isismepsv2_ivid7_piu__outputbuschannelon
 .text._ISISMEPSV2_IVID7_PIU_I2C_Send
                0x2001e4e0      0x15c C:/Users/ground/Documents/GitHub/tevel2/satellite-subsystems/demo/..//satellite-subsystems/lib\libSatelliteSubsystemsD.a(isismepsv2_ivid7_piu.o)
 *fill*         0x2001e63c        0x4 00
 .text.exp      0x2001e640      0x190 c:/isis/application/toolchain/bin/../lib/gcc/arm-none-eabi/4.7.4/../../../../arm-none-eabi/lib\libm.a(lib_a-w_exp.o)
                0x2001e640                exp
 .text.__ieee754_exp
                0x2001e7d0      0x448 c:/isis/application/toolchain/bin/../lib/gcc/arm-none-eabi/4.7.4/../../../../arm-none-eabi/lib\libm.a(lib_a-e_exp.o)
                0x2001e7d0                __ieee754_exp
 .text.finite   0x2001ec18       0x10 c:/isis/application/toolchain/bin/../lib/gcc/arm-none-eabi/4.7.4/../../../../arm-none-eabi/lib\libm.a(lib_a-s_finite.o)
                0x2001ec18                finite
 .text.matherr  0x2001ec28        0x8 c:/isis/application/toolchain/bin/../lib/gcc/arm-none-eabi/4.7.4/../../../../arm-none-eabi/lib\libm.a(lib_a-s_matherr.o)
                0x2001ec28                matherr
 .text.checksum_prepareLUTCRC16
                0x2001ec30       0x8c C:/Users/ground/Documents/GitHub/tevel2/satellite-subsystems/demo/../..//hal/hal/lib\libHALD.a(checksum.o)
                0x2001ec30                checksum_prepareLUTCRC16
 .text.checksum_calculateCRC16LUT
                0x2001ecbc      0x158 C:/Users/ground/Documents/GitHub/tevel2/satellite-subsystems/demo/../..//hal/hal/lib\libHALD.a(checksum.o)
                0x2001ecbc                checksum_calculateCRC16LUT
 .text.checksum_calculateCRC16
                0x2001ee14      0x124 C:/Users/ground/Documents/GitHub/tevel2/satellite-subsystems/demo/../..//hal/hal/lib\libHALD.a(checksum.o)
                0x2001ee14                checksum_calculateCRC16
 .text.clearPDCtransfers
                0x2001ef38       0xe8 C:/Users/ground/Documents/GitHub/tevel2/satellite-subsystems/demo/../..//hal/hal/lib\libHALD.a(SPI.o)
 .text.SPI_start
                0x2001f020      0x4b0 C:/Users/ground/Documents/GitHub/tevel2/satellite-subsystems/demo/../..//hal/hal/lib\libHALD.a(SPI.o)
                0x2001f020                SPI_start
 .text.SPI_stop
                0x2001f4d0      0x244 C:/Users/ground/Documents/GitHub/tevel2/satellite-subsystems/demo/../..//hal/hal/lib\libHALD.a(SPI.o)
                0x2001f4d0                SPI_stop
 .text.SPI_queueTransfer
                0x2001f714      0x1cc C:/Users/ground/Documents/GitHub/tevel2/satellite-subsystems/demo/../..//hal/hal/lib\libHALD.a(SPI.o)
                0x2001f714                SPI_queueTransfer
 .text.SPI_internalCallback
                0x2001f8e0       0x64 C:/Users/ground/Documents/GitHub/tevel2/satellite-subsystems/demo/../..//hal/hal/lib\libHALD.a(SPI.o)
 .text.SPI_writeRead
                0x2001f944      0x1c0 C:/Users/ground/Documents/GitHub/tevel2/satellite-subsystems/demo/../..//hal/hal/lib\libHALD.a(SPI.o)
                0x2001f944                SPI_writeRead
 .text.waitForTransfer
                0x2001fb04       0x78 C:/Users/ground/Documents/GitHub/tevel2/satellite-subsystems/demo/../..//hal/hal/lib\libHALD.a(SPI.o)
 .text.uSdelay  0x2001fb7c       0x88 C:/Users/ground/Documents/GitHub/tevel2/satellite-subsystems/demo/../..//hal/hal/lib\libHALD.a(LED.o)
 .text.LED_start
                0x2001fc04       0x1c C:/Users/ground/Documents/GitHub/tevel2/satellite-subsystems/demo/../..//hal/hal/lib\libHALD.a(LED.o)
                0x2001fc04                LED_start
 .text.LED_glow
                0x2001fc20       0x58 C:/Users/ground/Documents/GitHub/tevel2/satellite-subsystems/demo/../..//hal/hal/lib\libHALD.a(LED.o)
                0x2001fc20                LED_glow
 .text.LED_dark
                0x2001fc78       0x58 C:/Users/ground/Documents/GitHub/tevel2/satellite-subsystems/demo/../..//hal/hal/lib\libHALD.a(LED.o)
                0x2001fc78                LED_dark
 .text.LED_toggle
                0x2001fcd0       0x50 C:/Users/ground/Documents/GitHub/tevel2/satellite-subsystems/demo/../..//hal/hal/lib\libHALD.a(LED.o)
                0x2001fcd0                LED_toggle
 .text.LED_wave
                0x2001fd20       0xd0 C:/Users/ground/Documents/GitHub/tevel2/satellite-subsystems/demo/../..//hal/hal/lib\libHALD.a(LED.o)
                0x2001fd20                LED_wave
 .text.LED_waveReverse
                0x2001fdf0       0xd0 C:/Users/ground/Documents/GitHub/tevel2/satellite-subsystems/demo/../..//hal/hal/lib\libHALD.a(LED.o)
                0x2001fdf0                LED_waveReverse
 .text.clearPDCtransfers
                0x2001fec0       0xdc C:/Users/ground/Documents/GitHub/tevel2/satellite-subsystems/demo/../..//hal/hal/lib\libHALD.a(UART.o)
 .text.UART_start
                0x2001ff9c      0x7f8 C:/Users/ground/Documents/GitHub/tevel2/satellite-subsystems/demo/../..//hal/hal/lib\libHALD.a(UART.o)
                0x2001ff9c                UART_start
 .text.UART_stop
                0x20020794      0x2b0 C:/Users/ground/Documents/GitHub/tevel2/satellite-subsystems/demo/../..//hal/hal/lib\libHALD.a(UART.o)
                0x20020794                UART_stop
 .text.UART_queueTransfer
                0x20020a44      0x1dc C:/Users/ground/Documents/GitHub/tevel2/satellite-subsystems/demo/../..//hal/hal/lib\libHALD.a(UART.o)
                0x20020a44                UART_queueTransfer
 .text.UART_read
                0x20020c20      0x224 C:/Users/ground/Documents/GitHub/tevel2/satellite-subsystems/demo/../..//hal/hal/lib\libHALD.a(UART.o)
                0x20020c20                UART_read
 .text.taskWriteRegulator
                0x20020e44      0x2f8 C:/Users/ground/Documents/GitHub/tevel2/satellite-subsystems/demo/../..//hal/hal/lib\libHALD.a(UART.o)
 .text.taskReadRegulator
                0x2002113c      0x2ec C:/Users/ground/Documents/GitHub/tevel2/satellite-subsystems/demo/../..//hal/hal/lib\libHALD.a(UART.o)
 .text.validateTransferParameters
                0x20021428      0x10c C:/Users/ground/Documents/GitHub/tevel2/satellite-subsystems/demo/../..//hal/hal/lib\libHALD.a(I2C.o)
 .text.I2C_queueTransfer
                0x20021534       0xfc C:/Users/ground/Documents/GitHub/tevel2/satellite-subsystems/demo/../..//hal/hal/lib\libHALD.a(I2C.o)
                0x20021534                I2C_queueTransfer
 .text.I2C_internalCallback
                0x20021630       0x64 C:/Users/ground/Documents/GitHub/tevel2/satellite-subsystems/demo/../..//hal/hal/lib\libHALD.a(I2C.o)
 .text.I2C_doBlockingTransfer
                0x20021694      0x180 C:/Users/ground/Documents/GitHub/tevel2/satellite-subsystems/demo/../..//hal/hal/lib\libHALD.a(I2C.o)
 .text.I2C_write
                0x20021814      0x110 C:/Users/ground/Documents/GitHub/tevel2/satellite-subsystems/demo/../..//hal/hal/lib\libHALD.a(I2C.o)
                0x20021814                I2C_write
 .text.I2C_read
                0x20021924      0x110 C:/Users/ground/Documents/GitHub/tevel2/satellite-subsystems/demo/../..//hal/hal/lib\libHALD.a(I2C.o)
                0x20021924                I2C_read
 .text.I2C_writeRead
                0x20021a34      0x17c C:/Users/ground/Documents/GitHub/tevel2/satellite-subsystems/demo/../..//hal/hal/lib\libHALD.a(I2C.o)
                0x20021a34                I2C_writeRead
 .text.I2C_start
                0x20021bb0      0x2e8 C:/Users/ground/Documents/GitHub/tevel2/satellite-subsystems/demo/../..//hal/hal/lib\libHALD.a(I2C.o)
                0x20021bb0                I2C_start
 .text.I2C_stop
                0x20021e98      0x184 C:/Users/ground/Documents/GitHub/tevel2/satellite-subsystems/demo/../..//hal/hal/lib\libHALD.a(I2C.o)
                0x20021e98                I2C_stop
 .text.I2C_setTransferTimeout
                0x2002201c       0x48 C:/Users/ground/Documents/GitHub/tevel2/satellite-subsystems/demo/../..//hal/hal/lib\libHALD.a(I2C.o)
                0x2002201c                I2C_setTransferTimeout
 .text.WDT_start
                0x20022064       0x48 C:/Users/ground/Documents/GitHub/tevel2/satellite-subsystems/demo/../..//hal/hal/lib\libHALD.a(WatchDogTimerNoOS.o)
                0x20022064                WDT_start
 .text.WDT_startWatchdogKickTask
                0x200220ac       0xb4 C:/Users/ground/Documents/GitHub/tevel2/satellite-subsystems/demo/../..//hal/hal/lib\libHALD.a(WatchDogTimerOS.o)
                0x200220ac                WDT_startWatchdogKickTask
 .text.WDT_forceKickEveryNms
                0x20022160       0x50 C:/Users/ground/Documents/GitHub/tevel2/satellite-subsystems/demo/../..//hal/hal/lib\libHALD.a(WatchDogTimerOS.o)
                0x20022160                WDT_forceKickEveryNms
 .text.UTIL_DbguGetInteger
                0x200221b0      0x168 C:/Users/ground/Documents/GitHub/tevel2/satellite-subsystems/demo/../..//hal/hal/lib\libHALD.a(util.o)
                0x200221b0                UTIL_DbguGetInteger
 .text.UTIL_DbguGetIntegerMinMax
                0x20022318       0xa4 C:/Users/ground/Documents/GitHub/tevel2/satellite-subsystems/demo/../..//hal/hal/lib\libHALD.a(util.o)
                0x20022318                UTIL_DbguGetIntegerMinMax
 .text.xQueueGenericReset
                0x200223bc      0x150 C:/Users/ground/Documents/GitHub/tevel2/satellite-subsystems/demo/../..//hal/freertos/lib\libFreeRTOSD.a(queue.o)
                0x200223bc                xQueueGenericReset
 .text.xQueueGenericCreate
                0x2002250c      0x108 C:/Users/ground/Documents/GitHub/tevel2/satellite-subsystems/demo/../..//hal/freertos/lib\libFreeRTOSD.a(queue.o)
                0x2002250c                xQueueGenericCreate
 .text.xQueueCreateMutex
                0x20022614      0x11c C:/Users/ground/Documents/GitHub/tevel2/satellite-subsystems/demo/../..//hal/freertos/lib\libFreeRTOSD.a(queue.o)
                0x20022614                xQueueCreateMutex
 .text.xQueueGenericSend
                0x20022730      0x298 C:/Users/ground/Documents/GitHub/tevel2/satellite-subsystems/demo/../..//hal/freertos/lib\libFreeRTOSD.a(queue.o)
                0x20022730                xQueueGenericSend
 .text.xQueueGenericSendFromISR
                0x200229c8      0x1e0 C:/Users/ground/Documents/GitHub/tevel2/satellite-subsystems/demo/../..//hal/freertos/lib\libFreeRTOSD.a(queue.o)
                0x200229c8                xQueueGenericSendFromISR
 .text.xQueueGenericReceive
                0x20022ba8      0x2cc C:/Users/ground/Documents/GitHub/tevel2/satellite-subsystems/demo/../..//hal/freertos/lib\libFreeRTOSD.a(queue.o)
                0x20022ba8                xQueueGenericReceive
 .text.uxQueueMessagesWaiting
                0x20022e74       0x6c C:/Users/ground/Documents/GitHub/tevel2/satellite-subsystems/demo/../..//hal/freertos/lib\libFreeRTOSD.a(queue.o)
                0x20022e74                uxQueueMessagesWaiting
 .text.vQueueDelete
                0x20022ee0       0x78 C:/Users/ground/Documents/GitHub/tevel2/satellite-subsystems/demo/../..//hal/freertos/lib\libFreeRTOSD.a(queue.o)
                0x20022ee0                vQueueDelete
 .text.prvCopyDataToQueue
                0x20022f58      0x190 C:/Users/ground/Documents/GitHub/tevel2/satellite-subsystems/demo/../..//hal/freertos/lib\libFreeRTOSD.a(queue.o)
 .text.prvCopyDataFromQueue
                0x200230e8       0x90 C:/Users/ground/Documents/GitHub/tevel2/satellite-subsystems/demo/../..//hal/freertos/lib\libFreeRTOSD.a(queue.o)
 .text.prvUnlockQueue
                0x20023178      0x130 C:/Users/ground/Documents/GitHub/tevel2/satellite-subsystems/demo/../..//hal/freertos/lib\libFreeRTOSD.a(queue.o)
 .text.prvIsQueueEmpty
                0x200232a8       0x4c C:/Users/ground/Documents/GitHub/tevel2/satellite-subsystems/demo/../..//hal/freertos/lib\libFreeRTOSD.a(queue.o)
 .text.prvIsQueueFull
                0x200232f4       0x54 C:/Users/ground/Documents/GitHub/tevel2/satellite-subsystems/demo/../..//hal/freertos/lib\libFreeRTOSD.a(queue.o)
 .text.vQueueUnregisterQueue
                0x20023348       0x80 C:/Users/ground/Documents/GitHub/tevel2/satellite-subsystems/demo/../..//hal/freertos/lib\libFreeRTOSD.a(queue.o)
                0x20023348                vQueueUnregisterQueue
 .text.vQueueWaitForMessageRestricted
                0x200233c8       0x90 C:/Users/ground/Documents/GitHub/tevel2/satellite-subsystems/demo/../..//hal/freertos/lib\libFreeRTOSD.a(queue.o)
                0x200233c8                vQueueWaitForMessageRestricted
 .text.prvNotifyQueueSetContainer
                0x20023458      0x108 C:/Users/ground/Documents/GitHub/tevel2/satellite-subsystems/demo/../..//hal/freertos/lib\libFreeRTOSD.a(queue.o)
 .text.vListInitialise
                0x20023560       0x64 C:/Users/ground/Documents/GitHub/tevel2/satellite-subsystems/demo/../..//hal/freertos/lib\libFreeRTOSD.a(list.o)
                0x20023560                vListInitialise
 .text.vListInitialiseItem
                0x200235c4       0x28 C:/Users/ground/Documents/GitHub/tevel2/satellite-subsystems/demo/../..//hal/freertos/lib\libFreeRTOSD.a(list.o)
                0x200235c4                vListInitialiseItem
 .text.vListInsertEnd
                0x200235ec       0x84 C:/Users/ground/Documents/GitHub/tevel2/satellite-subsystems/demo/../..//hal/freertos/lib\libFreeRTOSD.a(list.o)
                0x200235ec                vListInsertEnd
 .text.vListInsert
                0x20023670       0xd4 C:/Users/ground/Documents/GitHub/tevel2/satellite-subsystems/demo/../..//hal/freertos/lib\libFreeRTOSD.a(list.o)
                0x20023670                vListInsert
 .text.uxListRemove
                0x20023744       0xa0 C:/Users/ground/Documents/GitHub/tevel2/satellite-subsystems/demo/../..//hal/freertos/lib\libFreeRTOSD.a(list.o)
                0x20023744                uxListRemove
 .text.xTaskGenericCreate
                0x200237e4      0x2ac C:/Users/ground/Documents/GitHub/tevel2/satellite-subsystems/demo/../..//hal/freertos/lib\libFreeRTOSD.a(tasks.o)
                0x200237e4                xTaskGenericCreate
 .text.vTaskDelete
                0x20023a90       0xe8 C:/Users/ground/Documents/GitHub/tevel2/satellite-subsystems/demo/../..//hal/freertos/lib\libFreeRTOSD.a(tasks.o)
                0x20023a90                vTaskDelete
 .text.vTaskDelayUntil
                0x20023b78      0x170 C:/Users/ground/Documents/GitHub/tevel2/satellite-subsystems/demo/../..//hal/freertos/lib\libFreeRTOSD.a(tasks.o)
                0x20023b78                vTaskDelayUntil
 .text.vTaskDelay
                0x20023ce8       0x80 C:/Users/ground/Documents/GitHub/tevel2/satellite-subsystems/demo/../..//hal/freertos/lib\libFreeRTOSD.a(tasks.o)
                0x20023ce8                vTaskDelay
 .text.vTaskStartScheduler