Archive member included because of file (symbol)

C:/Users/sattlite/Documents/GitHub/tevel2/hal/demo/..//hcc/lib\libHCCD.a(fat_m.o)
                              ./src/Demo/demo_sd.o (fm_initvolume)
C:/Users/sattlite/Documents/GitHub/tevel2/hal/demo/..//hcc/lib\libHCCD.a(fat.o)
                              C:/Users/sattlite/Documents/GitHub/tevel2/hal/demo/..//hcc/lib\libHCCD.a(fat_m.o) (fn_getdcwd)
C:/Users/sattlite/Documents/GitHub/tevel2/hal/demo/..//hcc/lib\libHCCD.a(fat_common.o)
                              C:/Users/sattlite/Documents/GitHub/tevel2/hal/demo/..//hcc/lib\libHCCD.a(fat.o) (p_filesystem)
C:/Users/sattlite/Documents/GitHub/tevel2/hal/demo/..//hcc/lib\libHCCD.a(safefat.o)
                              C:/Users/sattlite/Documents/GitHub/tevel2/hal/demo/..//hcc/lib\libHCCD.a(fat.o) (s_subdir)
C:/Users/sattlite/Documents/GitHub/tevel2/hal/demo/..//hcc/lib\libHCCD.a(fat_test.o)
                              ./src/Tests/SDCardTest.o (f_dotest)
C:/Users/sattlite/Documents/GitHub/tevel2/hal/demo/..//hcc/lib\libHCCD.a(atmel_mcipdc.o)
                              ./src/Demo/demo_sd.o (atmel_mcipdc_initfunc)
C:/Users/sattlite/Documents/GitHub/tevel2/hal/demo/..//hcc/lib\libHCCD.a(oalp_task.o)
                              C:/Users/sattlite/Documents/GitHub/tevel2/hal/demo/..//hcc/lib\libHCCD.a(fat_common.o) (oal_task_get_id)
C:/Users/sattlite/Documents/GitHub/tevel2/hal/demo/..//hcc/lib\libHCCD.a(oalp_mutex.o)
                              C:/Users/sattlite/Documents/GitHub/tevel2/hal/demo/..//hcc/lib\libHCCD.a(fat_common.o) (oal_mutex_create)
C:/Users/sattlite/Documents/GitHub/tevel2/hal/demo/..//hcc/lib\libHCCD.a(atmel_mcipdc_hw.o)
                              C:/Users/sattlite/Documents/GitHub/tevel2/hal/demo/..//hcc/lib\libHCCD.a(atmel_mcipdc.o) (mcipdc_hw_init)
C:/Users/sattlite/Documents/GitHub/tevel2/hal/demo/..//hcc/lib\libHCCD.a(fat_testport.o)
                              C:/Users/sattlite/Documents/GitHub/tevel2/hal/demo/..//hcc/lib\libHCCD.a(fat_test.o) (_f_poweron)
C:/Users/sattlite/Documents/GitHub/tevel2/hal/demo/..//hcc/lib\libHCCD.a(psp_rand.o)
                              C:/Users/sattlite/Documents/GitHub/tevel2/hal/demo/..//hcc/lib\libHCCD.a(fat_common.o) (psp_getrand)
C:/Users/sattlite/Documents/GitHub/tevel2/hal/demo/..//hcc/lib\libHCCD.a(psp_rtc.o)
                              C:/Users/sattlite/Documents/GitHub/tevel2/hal/demo/..//hcc/lib\libHCCD.a(fat_common.o) (psp_getcurrenttimedate)
C:/Users/sattlite/Documents/GitHub/tevel2/hal/demo/..//hcc/lib\libHCCD.a(hcc_mem.o)
                              C:/Users/sattlite/Documents/GitHub/tevel2/hal/demo/..//hcc/lib\libHCCD.a(atmel_mcipdc.o) (hcc_mem_alloc)
C:/Users/sattlite/Documents/GitHub/tevel2/hal/demo/..//hcc/lib\libHCCD.a(psp_hcc_mem.o)
                              C:/Users/sattlite/Documents/GitHub/tevel2/hal/demo/..//hcc/lib\libHCCD.a(hcc_mem.o) (hcc_mem_buf_alloc)
C:/Users/sattlite/Documents/GitHub/tevel2/hal/demo/..//hal/lib\libHALD.a(supervisor.o)
                              ./src/Tests/SupervisorTest.o (Supervisor_start)
C:/Users/sattlite/Documents/GitHub/tevel2/hal/demo/..//hal/lib\libHALD.a(checksum.o)
                              ./src/Tests/checksumTest.o (checksum_prepareSlicedLUTCRC32)
C:/Users/sattlite/Documents/GitHub/tevel2/hal/demo/..//hal/lib\libHALD.a(I2Cslave.o)
                              ./src/Tests/I2CslaveTest.o (I2Cslave_write)
C:/Users/sattlite/Documents/GitHub/tevel2/hal/demo/..//hal/lib\libHALD.a(PWM.o)
                              ./src/Tests/PWMtest.o (PWM_start)
C:/Users/sattlite/Documents/GitHub/tevel2/hal/demo/..//hal/lib\libHALD.a(SPI.o)
                              ./src/Tests/SPI_FRAM_RTCtest.o (SPI_start)
C:/Users/sattlite/Documents/GitHub/tevel2/hal/demo/..//hal/lib\libHALD.a(LED.o)
                              ./src/Tests/boardTest.o (LED_start)
C:/Users/sattlite/Documents/GitHub/tevel2/hal/demo/..//hal/lib\libHALD.a(UART.o)
                              ./src/Tests/ThermalTest.o (UART_start)
C:/Users/sattlite/Documents/GitHub/tevel2/hal/demo/..//hal/lib\libHALD.a(I2C.o)
                              ./src/Tests/I2Ctest.o (I2C_queueTransfer)
C:/Users/sattlite/Documents/GitHub/tevel2/hal/demo/..//hal/lib\libHALD.a(ADC.o)
                              ./src/Tests/ADCtest.o (ADC_ConvertRaw10bitToMillivolt)
C:/Users/sattlite/Documents/GitHub/tevel2/hal/demo/..//hal/lib\libHALD.a(NORflash.o)
                              ./src/Tests/ThermalTest.o (NORflash_start)
C:/Users/sattlite/Documents/GitHub/tevel2/hal/demo/..//hal/lib\libHALD.a(FRAM.o)
                              ./src/Tests/SPI_FRAM_RTCtest.o (FRAM_start)
C:/Users/sattlite/Documents/GitHub/tevel2/hal/demo/..//hal/lib\libHALD.a(Time.o)
                              ./src/Tests/RTTAlarm.o (Time_start)
C:/Users/sattlite/Documents/GitHub/tevel2/hal/demo/..//hal/lib\libHALD.a(WatchDogTimerNoOS.o)
                              ./src/main.o (WDT_start)
[...]
Memory Configuration

Name             Origin             Length             Attributes
sram0            0x00200000         0x00004000         w !xr
sram1            0x00300000         0x00004000         w !xr
sdram            0x20000000         0x02000000         w !xr
*default*        0x00000000         0xffffffff

Linker script and memory map

LOAD c:/isis/application/toolchain/bin/../lib/gcc/arm-none-eabi/4.7.4/../../../../arm-none-eabi/lib\libc.a
LOAD ./src/Tests/ADCtest.o
LOAD ./src/Tests/FloatingPointTest.o
LOAD ./src/Tests/I2CslaveTest.o
LOAD ./src/Tests/I2Ctest.o
LOAD ./src/Tests/LEDtest.o
LOAD ./src/Tests/PWMtest.o
LOAD ./src/Tests/PinTest.o
LOAD ./src/Tests/RTTAlarm.o
LOAD ./src/Tests/SDCardTest.o
LOAD ./src/Tests/SPI_FRAM_RTCtest.o
LOAD ./src/Tests/SupervisorTest.o
LOAD ./src/Tests/ThermalTest.o
LOAD ./src/Tests/TimeTest.o
LOAD ./src/Tests/UARTtest.o
LOAD ./src/Tests/USBdeviceTest.o
LOAD ./src/Tests/boardTest.o
LOAD ./src/Tests/checksumTest.o
LOAD ./src/Demo/demo_sd.o
LOAD ./src/Demo/demo_uart.o
LOAD ./src/example-aborthandler.o
LOAD ./src/freertos_hooks.o
LOAD ./src/main.o
LOAD C:/Users/sattlite/Documents/GitHub/tevel2/hal/demo/..//hcc/lib\libHCCD.a
LOAD C:/Users/sattlite/Documents/GitHub/tevel2/hal/demo/..//hal/lib\libHALD.a
LOAD C:/Users/sattlite/Documents/GitHub/tevel2/hal/demo/..//freertos/lib\libFreeRTOSD.a
LOAD C:/Users/sattlite/Documents/GitHub/tevel2/hal/demo/..//at91/lib\libAt91D.a
START GROUP
LOAD c:/isis/application/toolchain/bin/../lib/gcc/arm-none-eabi/4.7.4\libgcc.a
LOAD c:/isis/application/toolchain/bin/../lib/gcc/arm-none-eabi/4.7.4/../../../../arm-none-eabi/lib\libg.a
LOAD c:/isis/application/toolchain/bin/../lib/gcc/arm-none-eabi/4.7.4/../../../../arm-none-eabi/lib\libc.a
END GROUP

.fixed          0x20000000    0x5360c
                0x20000000                . = ALIGN (0x4)
                0x20000000                _sfixed = .
 *(.startup)
 .startup       0x20000000      0x184 C:/Users/sattlite/Documents/GitHub/tevel2/hal/demo/..//at91/lib\libAt91D.a(board_cstartup.o)
                0x20000000                entry
 *(.text)
 .text          0x20000184       0x64 C:/Users/sattlite/Documents/GitHub/tevel2/hal/demo/..//at91/lib\libAt91D.a(cp15_asm.o)
                0x20000184                _readControlRegister
                0x20000190                _writeControlRegister
                0x20000198                _waitForInterrupt
                0x200001a4                _writeTTB
                0x200001ac                _writeDomain
                0x200001b4                _writeITLBLockdown
                0x200001bc                _prefetchICacheLine
                0x200001c4                _flushDCache
                0x200001d0                _flushWriteBuffer
                0x200001dc                _invalidateIDTLBs
 .text          0x200001e8      0x114 c:/isis/application/toolchain/bin/../lib/gcc/arm-none-eabi/4.7.4\libgcc.a(_udivsi3.o)
                0x200001e8                __aeabi_uidiv
                0x200001e8                __udivsi3
                0x200002dc                __aeabi_uidivmod
 .text          0x200002fc      0x148 c:/isis/application/toolchain/bin/../lib/gcc/arm-none-eabi/4.7.4\libgcc.a(_divsi3.o)
                0x200002fc                __divsi3
                0x200002fc                __aeabi_idiv
                0x20000424                __aeabi_idivmod
 .text          0x20000444        0x4 c:/isis/application/toolchain/bin/../lib/gcc/arm-none-eabi/4.7.4\libgcc.a(_dvmd_tls.o)
                0x20000444                __aeabi_idiv0
                0x20000444                __aeabi_ldiv0
 .text          0x20000448      0x41c c:/isis/application/toolchain/bin/../lib/gcc/arm-none-eabi/4.7.4\libgcc.a(_arm_addsubdf3.o)
                0x20000448                __aeabi_drsub
                0x20000450                __aeabi_dsub
                0x20000450                __subdf3
                0x20000454                __aeabi_dadd
                0x20000454                __adddf3
                0x20000764                __floatunsidf
                0x20000764                __aeabi_ui2d
                0x20000788                __floatsidf
                0x20000788                __aeabi_i2d
                0x200007b0                __aeabi_f2d
                0x200007b0                __extendsfdf2
                0x200007f0                __floatundidf
                0x200007f0                __aeabi_ul2d
                0x20000804                __floatdidf
                0x20000804                __aeabi_l2d
 .text          0x20000864      0x49c c:/isis/application/toolchain/bin/../lib/gcc/arm-none-eabi/4.7.4\libgcc.a(_arm_muldivdf3.o)
                0x20000864                __aeabi_dmul
                0x20000864                __muldf3
                0x20000af4                __divdf3
                0x20000af4                __aeabi_ddiv
 .text          0x20000d00       0x5c c:/isis/application/toolchain/bin/../lib/gcc/arm-none-eabi/4.7.4\libgcc.a(_arm_fixdfsi.o)
                0x20000d00                __aeabi_d2iz
                0x20000d00                __fixdfsi
 .text          0x20000d5c      0x2ac c:/isis/application/toolchain/bin/../lib/gcc/arm-none-eabi/4.7.4\libgcc.a(_arm_addsubsf3.o)
                0x20000d5c                __aeabi_frsub
                0x20000d64                __subsf3
                0x20000d64                __aeabi_fsub
                0x20000d68                __aeabi_fadd
                0x20000d68                __addsf3
                0x20000f24                __aeabi_ui2f
                0x20000f24                __floatunsisf
                0x20000f2c                __aeabi_i2f
                0x20000f2c                __floatsisf
                0x20000f4c                __aeabi_ul2f
                0x20000f4c                __floatundisf
                0x20000f5c                __aeabi_l2f
                0x20000f5c                __floatdisf
 .text          0x20001008      0x2f8 c:/isis/application/toolchain/bin/../lib/gcc/arm-none-eabi/4.7.4\libgcc.a(_arm_muldivsf3.o)
                0x20001008                __mulsf3
                0x20001008                __aeabi_fmul
                0x200011a0                __aeabi_fdiv
                0x200011a0                __divsf3
 .text          0x20001300      0x114 c:/isis/application/toolchain/bin/../lib/gcc/arm-none-eabi/4.7.4\libgcc.a(_arm_cmpsf2.o)
                0x20001300                __gesf2
                0x20001300                __gtsf2
                0x20001308                __lesf2
                0x20001308                __ltsf2
                0x20001310                __nesf2
                0x20001310                __eqsf2
                0x20001310                __cmpsf2
                0x20001374                __aeabi_cfrcmple
                0x20001384                __aeabi_cfcmpeq
                0x20001384                __aeabi_cfcmple
                0x2000139c                __aeabi_fcmpeq
                0x200013b4                __aeabi_fcmplt
                0x200013cc                __aeabi_fcmple
                0x200013e4                __aeabi_fcmpge
                0x200013fc                __aeabi_fcmpgt
 .text          0x20001414       0x5c c:/isis/application/toolchain/bin/../lib/gcc/arm-none-eabi/4.7.4\libgcc.a(_arm_fixsfsi.o)
                0x20001414                __aeabi_f2iz
                0x20001414                __fixsfsi
 .text          0x20001470       0x54 c:/isis/application/toolchain/bin/../lib/gcc/arm-none-eabi/4.7.4\libgcc.a(_arm_fixunssfsi.o)
                0x20001470                __fixunssfsi
                0x20001470                __aeabi_f2uiz
 .text          0x200014c4      0x144 c:/isis/application/toolchain/bin/../lib/gcc/arm-none-eabi/4.7.4\libgcc.a(_arm_cmpdf2.o)
                0x200014c4                __gtdf2
                0x200014c4                __gedf2
                0x200014cc                __ltdf2
                0x200014cc                __ledf2
                0x200014d4                __nedf2
                0x200014d4                __eqdf2
                0x200014d4                __cmpdf2
                0x2000155c                __aeabi_cdrcmple
                0x20001578                __aeabi_cdcmpeq
                0x20001578                __aeabi_cdcmple
                0x20001590                __aeabi_dcmpeq
                0x200015a8                __aeabi_dcmplt
                0x200015c0                __aeabi_dcmple
                0x200015d8                __aeabi_dcmpge
                0x200015f0                __aeabi_dcmpgt
 .text          0x20001608       0x3c c:/isis/application/toolchain/bin/../lib/gcc/arm-none-eabi/4.7.4\libgcc.a(_aeabi_uldivmod.o)
                0x20001608                __aeabi_uldivmod
 .text          0x20001644       0x84 c:/isis/application/toolchain/bin/../lib/gcc/arm-none-eabi/4.7.4\libgcc.a(bpabi.o)
                0x20001644                __gnu_ldivmod_helper
                0x20001688                __gnu_uldivmod_helper
 .text          0x200016c8      0x4f0 c:/isis/application/toolchain/bin/../lib/gcc/arm-none-eabi/4.7.4\libgcc.a(_divdi3.o)
                0x200016c8                __divdi3
 .text          0x20001bb8      0x488 c:/isis/application/toolchain/bin/../lib/gcc/arm-none-eabi/4.7.4\libgcc.a(_udivdi3.o)
                0x20001bb8                __udivdi3
 .text          0x20002040       0x48 c:/isis/application/toolchain/bin/../lib/gcc/arm-none-eabi/4.7.4\libgcc.a(_clzsi2.o)
                0x20002040                __clzsi2
 *(.text*)
 .text.adcCallback
                0x20002088       0x88 ./src/Tests/ADCtest.o
                0x20002088                adcCallback
 .text.convertToMilliVolts_10bit
                0x20002110       0x50 ./src/Tests/ADCtest.o
                0x20002110                convertToMilliVolts_10bit
 .text.convertToMilliVolts_8bit
                0x20002160       0x44 ./src/Tests/ADCtest.o
                0x20002160                convertToMilliVolts_8bit
 .text.ADCtest_initalize
                0x200021a4      0x14c ./src/Tests/ADCtest.o
                0x200021a4                ADCtest_initalize
 .text.ADCtest_printReadout
                0x200022f0      0x16c ./src/Tests/ADCtest.o
                0x200022f0                ADCtest_printReadout
 .text.taskADCtest
                0x2000245c       0x20 ./src/Tests/ADCtest.o
                0x2000245c                taskADCtest
 .text.ADCtest  0x2000247c       0x58 ./src/Tests/ADCtest.o
                0x2000247c                ADCtest
 .text.ADCtestSingleShot
                0x200024d4       0x94 ./src/Tests/ADCtest.o
                0x200024d4                ADCtestSingleShot
 .text.I2Ccallback
                0x20002568       0x64 ./src/Tests/I2Ctest.o
                0x20002568                I2Ccallback
 .text.doBlockingI2CTransfer
                0x200025cc       0xf0 ./src/Tests/I2Ctest.o
                0x200025cc                doBlockingI2CTransfer
 .text.taskQueuedI2Ctest1
                0x200026bc      0x2c0 ./src/Tests/I2Ctest.o
                0x200026bc                taskQueuedI2Ctest1
 .text.taskQueuedI2Ctest2
                0x2000297c      0x2c0 ./src/Tests/I2Ctest.o
                0x2000297c                taskQueuedI2Ctest2
 .text.taskQueuedI2Ctest3
                0x20002c3c      0x1e0 ./src/Tests/I2Ctest.o
                0x20002c3c                taskQueuedI2Ctest3
 .text.I2Ctest  0x20002e1c      0x12c ./src/Tests/I2Ctest.o
                0x20002e1c                I2Ctest
 .text.taskLED2
                0x20002f48       0x48 ./src/Tests/LEDtest.o
                0x20002f48                taskLED2
 .text.taskLED3
                0x20002f90       0x48 ./src/Tests/LEDtest.o
                0x20002f90                taskLED3
 .text.LEDtest  0x20002fd8       0xd8 ./src/Tests/LEDtest.o
                0x20002fd8                LEDtest
 .text.taskPWMtest
                0x200030b0      0x20c ./src/Tests/PWMtest.o
                0x200030b0                taskPWMtest
 .text.PWMtest  0x200032bc       0x58 ./src/Tests/PWMtest.o
                0x200032bc                PWMtest
 .text.PinTest  0x20003314      0x2ec ./src/Tests/PinTest.o
                0x20003314                PinTest
 .text.alarm    0x20003600       0x48 ./src/Tests/RTTAlarm.o
                0x20003600                alarm
 .text.RTTAlarm
                0x20003648      0x134 ./src/Tests/RTTAlarm.o
                0x20003648                RTTAlarm
 .text.SDCardTest
                0x2000377c       0xb8 ./src/Tests/SDCardTest.o
                0x2000377c                SDCardTest
 .text.taskRTCtest
                0x20003834      0x200 ./src/Tests/SPI_FRAM_RTCtest.o
                0x20003834                taskRTCtest
 .text.SPI_FRAM_RTCtest
                0x20003a34       0xb0 ./src/Tests/SPI_FRAM_RTCtest.o
                0x20003a34                SPI_FRAM_RTCtest
 .text.uSdelay  0x20003ae4       0x88 ./src/Tests/SupervisorTest.o
 .text.taskSupervisorTest
                0x20003b6c      0xa28 ./src/Tests/SupervisorTest.o
 .text.SupervisorTest
                0x20004594      0x108 ./src/Tests/SupervisorTest.o
                0x20004594                SupervisorTest
 .text.initEpochTest
                0x2000469c      0x210 ./src/Tests/TimeTest.o
 .text.taskEpochTest
                0x200048ac      0x3ac ./src/Tests/TimeTest.o
                0x200048ac                taskEpochTest
 .text.TimeTest
                0x20004c58       0x58 ./src/Tests/TimeTest.o
                0x20004c58                TimeTest
 .text.taskUARTtest
                0x20004cb0      0x268 ./src/Tests/UARTtest.o
                0x20004cb0                taskUARTtest
 .text.UARTtest
                0x20004f18      0x1c0 ./src/Tests/UARTtest.o
                0x20004f18                UARTtest
 .text.ISR_Vbus
                0x200050d8       0xb0 ./src/Tests/USBdeviceTest.o
 .text.VBus_Configure
                0x20005188       0xa4 ./src/Tests/USBdeviceTest.o
 .text.LowPowerMode
                0x2000522c       0x10 ./src/Tests/USBdeviceTest.o
                0x2000522c                LowPowerMode
 .text.USBDCallbacks_Resumed
                0x2000523c       0x24 ./src/Tests/USBdeviceTest.o
                0x2000523c                USBDCallbacks_Resumed
 .text.USBDCallbacks_Suspended
                0x20005260       0x24 ./src/Tests/USBdeviceTest.o
                0x20005260                USBDCallbacks_Suspended
 .text.USBdeviceTest
                0x20005284      0x250 ./src/Tests/USBdeviceTest.o
                0x20005284                USBdeviceTest
 .text.taskBoardTest
                0x200054d4      0x6f0 ./src/Tests/boardTest.o
                0x200054d4                taskBoardTest
 .text.boardTest
                0x20005bc4       0x58 ./src/Tests/boardTest.o
                0x20005bc4                boardTest
 .text.checksumTest
                0x20005c1c      0x734 ./src/Tests/checksumTest.o
                0x20005c1c                checksumTest
 .text.handleAbort
                0x20006350      0x3a4 ./src/example-aborthandler.o
                0x20006350                handleAbort
 .text.disableCaches
                0x200066f4       0x18 ./src/example-aborthandler.o
 .text.print_hex
                0x2000670c       0xa0 ./src/example-aborthandler.o
 .text.vApplicationStackOverflowHook
                0x200067ac       0x4c ./src/freertos_hooks.o
                0x200067ac                vApplicationStackOverflowHook
 .text.vApplicationIdleHook
                0x200067f8       0x14 ./src/freertos_hooks.o
                0x200067f8                vApplicationIdleHook
 .text.selectAndExecuteTest
                0x2000680c      0x23c ./src/main.o
                0x2000680c                selectAndExecuteTest
 .text.taskMain
                0x20006a48       0x9c ./src/main.o
                0x20006a48                taskMain
 .text.main     0x20006ae4      0x1fc ./src/main.o
                0x20006ae4                main
 .text.fm_initvolume
                0x20006ce0       0x70 C:/Users/sattlite/Documents/GitHub/tevel2/hal/demo/..//hcc/lib\libHCCD.a(fat_m.o)
                0x20006ce0                fm_initvolume
 .text.fm_checkvolume
                0x20006d50       0x60 C:/Users/sattlite/Documents/GitHub/tevel2/hal/demo/..//hcc/lib\libHCCD.a(fat_m.o)
                0x20006d50                fm_checkvolume
 .text.fm_delvolume
                0x20006db0       0x60 C:/Users/sattlite/Documents/GitHub/tevel2/hal/demo/..//hcc/lib\libHCCD.a(fat_m.o)
                0x20006db0                fm_delvolume
 .text.fm_get_volume_count
                0x20006e10       0x58 C:/Users/sattlite/Documents/GitHub/tevel2/hal/demo/..//hcc/lib\libHCCD.a(fat_m.o)
                0x20006e10                fm_get_volume_count
 .text.fm_get_volume_list
                0x20006e68       0x60 C:/Users/sattlite/Documents/GitHub/tevel2/hal/demo/..//hcc/lib\libHCCD.a(fat_m.o)
                0x20006e68                fm_get_volume_list
 .text.fm_format
                0x20006ec8       0x68 C:/Users/sattlite/Documents/GitHub/tevel2/hal/demo/..//hcc/lib\libHCCD.a(fat_m.o)
                0x20006ec8                fm_format
 .text.fm_getcwd
                0x20006f30       0x68 C:/Users/sattlite/Documents/GitHub/tevel2/hal/demo/..//hcc/lib\libHCCD.a(fat_m.o)
                0x20006f30                fm_getcwd
 .text.fm_getdcwd
                0x20006f98       0x70 C:/Users/sattlite/Documents/GitHub/tevel2/hal/demo/..//hcc/lib\libHCCD.a(fat_m.o)
                0x20006f98                fm_getdcwd
 .text.fm_chdrive
                0x20007008       0x60 C:/Users/sattlite/Documents/GitHub/tevel2/hal/demo/..//hcc/lib\libHCCD.a(fat_m.o)
                0x20007008                fm_chdrive
 .text.fm_getdrive
                0x20007068       0x70 C:/Users/sattlite/Documents/GitHub/tevel2/hal/demo/..//hcc/lib\libHCCD.a(fat_m.o)
                0x20007068                fm_getdrive
 .text.fm_getfreespace
                0x200070d8       0x68 C:/Users/sattlite/Documents/GitHub/tevel2/hal/demo/..//hcc/lib\libHCCD.a(fat_m.o)
                0x200070d8                fm_getfreespace
 .text.fm_chdir
                0x20007140       0x60 C:/Users/sattlite/Documents/GitHub/tevel2/hal/demo/..//hcc/lib\libHCCD.a(fat_m.o)
                0x20007140                fm_chdir
 .text.fm_mkdir
                0x200071a0       0x60 C:/Users/sattlite/Documents/GitHub/tevel2/hal/demo/..//hcc/lib\libHCCD.a(fat_m.o)
                0x200071a0                fm_mkdir
 .text.fm_rmdir
                0x20007200       0x60 C:/Users/sattlite/Documents/GitHub/tevel2/hal/demo/..//hcc/lib\libHCCD.a(fat_m.o)
                0x20007200                fm_rmdir
 .text.fm_findfirst
                0x20007260       0x68 C:/Users/sattlite/Documents/GitHub/tevel2/hal/demo/..//hcc/lib\libHCCD.a(fat_m.o)
                0x20007260                fm_findfirst
 .text.fm_findnext
                0x200072c8       0x60 C:/Users/sattlite/Documents/GitHub/tevel2/hal/demo/..//hcc/lib\libHCCD.a(fat_m.o)
                0x200072c8                fm_findnext
 .text.fm_move  0x20007328       0x68 C:/Users/sattlite/Documents/GitHub/tevel2/hal/demo/..//hcc/lib\libHCCD.a(fat_m.o)
                0x20007328                fm_move
 .text.fm_rename
                0x20007390       0x68 C:/Users/sattlite/Documents/GitHub/tevel2/hal/demo/..//hcc/lib\libHCCD.a(fat_m.o)
                0x20007390                fm_rename
 .text.fm_filelength
                0x200073f8       0x60 C:/Users/sattlite/Documents/GitHub/tevel2/hal/demo/..//hcc/lib\libHCCD.a(fat_m.o)
                0x200073f8                fm_filelength
 .text.fm_close
                0x20007458       0x60 C:/Users/sattlite/Documents/GitHub/tevel2/hal/demo/..//hcc/lib\libHCCD.a(fat_m.o)
                0x20007458                fm_close
 .text.fm_flush
                0x200074b8       0x60 C:/Users/sattlite/Documents/GitHub/tevel2/hal/demo/..//hcc/lib\libHCCD.a(fat_m.o)
                0x200074b8                fm_flush
 .text.fm_open  0x20007518       0x68 C:/Users/sattlite/Documents/GitHub/tevel2/hal/demo/..//hcc/lib\libHCCD.a(fat_m.o)
                0x20007518                fm_open
 .text.fm_open_nonsafe
                0x20007580       0x68 C:/Users/sattlite/Documents/GitHub/tevel2/hal/demo/..//hcc/lib\libHCCD.a(fat_m.o)
                0x20007580                fm_open_nonsafe
 .text.fm_read  0x200075e8       0x7c C:/Users/sattlite/Documents/GitHub/tevel2/hal/demo/..//hcc/lib\libHCCD.a(fat_m.o)
                0x200075e8                fm_read
 .text.fm_write
                0x20007664       0x7c C:/Users/sattlite/Documents/GitHub/tevel2/hal/demo/..//hcc/lib\libHCCD.a(fat_m.o)
                0x20007664                fm_write
 .text.fm_seek  0x200076e0       0x70 C:/Users/sattlite/Documents/GitHub/tevel2/hal/demo/..//hcc/lib\libHCCD.a(fat_m.o)
                0x200076e0                fm_seek
 .text.fm_tell  0x20007750       0x60 C:/Users/sattlite/Documents/GitHub/tevel2/hal/demo/..//hcc/lib\libHCCD.a(fat_m.o)
                0x20007750                fm_tell
 .text.fm_getc  0x200077b0       0x60 C:/Users/sattlite/Documents/GitHub/tevel2/hal/demo/..//hcc/lib\libHCCD.a(fat_m.o)
                0x200077b0                fm_getc
 .text.fm_putc  0x20007810       0x68 C:/Users/sattlite/Documents/GitHub/tevel2/hal/demo/..//hcc/lib\libHCCD.a(fat_m.o)
                0x20007810                fm_putc
 .text.fm_rewind
                0x20007878       0x60 C:/Users/sattlite/Documents/GitHub/tevel2/hal/demo/..//hcc/lib\libHCCD.a(fat_m.o)
                0x20007878                fm_rewind
 .text.fm_eof   0x200078d8       0x60 C:/Users/sattlite/Documents/GitHub/tevel2/hal/demo/..//hcc/lib\libHCCD.a(fat_m.o)
                0x200078d8                fm_eof
 .text.fm_gettimedate
                0x20007938       0x70 C:/Users/sattlite/Documents/GitHub/tevel2/hal/demo/..//hcc/lib\libHCCD.a(fat_m.o)
                0x20007938                fm_gettimedate
 .text.fm_stat  0x200079a8       0x68 C:/Users/sattlite/Documents/GitHub/tevel2/hal/demo/..//hcc/lib\libHCCD.a(fat_m.o)
                0x200079a8                fm_stat
 .text.fm_fstat
                0x20007a10       0x68 C:/Users/sattlite/Documents/GitHub/tevel2/hal/demo/..//hcc/lib\libHCCD.a(fat_m.o)
                0x20007a10                fm_fstat
 .text.fm_settimedate
                0x20007a78       0x74 C:/Users/sattlite/Documents/GitHub/tevel2/hal/demo/..//hcc/lib\libHCCD.a(fat_m.o)
                0x20007a78                fm_settimedate
 .text.fm_delete
                0x20007aec       0x64 C:/Users/sattlite/Documents/GitHub/tevel2/hal/demo/..//hcc/lib\libHCCD.a(fat_m.o)
                0x20007aec                fm_delete
 .text.fm_getattr
                0x20007b50       0x68 C:/Users/sattlite/Documents/GitHub/tevel2/hal/demo/..//hcc/lib\libHCCD.a(fat_m.o)
                0x20007b50                fm_getattr
 .text.fm_setattr
                0x20007bb8       0x70 C:/Users/sattlite/Documents/GitHub/tevel2/hal/demo/..//hcc/lib\libHCCD.a(fat_m.o)
                0x20007bb8                fm_setattr
 .text.fm_getlabel
                0x20007c28       0x70 C:/Users/sattlite/Documents/GitHub/tevel2/hal/demo/..//hcc/lib\libHCCD.a(fat_m.o)
                0x20007c28                fm_getlabel
 .text.fm_setlabel
                0x20007c98       0x68 C:/Users/sattlite/Documents/GitHub/tevel2/hal/demo/..//hcc/lib\libHCCD.a(fat_m.o)
                0x20007c98                fm_setlabel
 .text.fm_truncate
                0x20007d00       0x68 C:/Users/sattlite/Documents/GitHub/tevel2/hal/demo/..//hcc/lib\libHCCD.a(fat_m.o)
                0x20007d00                fm_truncate
 .text.fm_get_oem
                0x20007d68       0x70 C:/Users/sattlite/Documents/GitHub/tevel2/hal/demo/..//hcc/lib\libHCCD.a(fat_m.o)
                0x20007d68                fm_get_oem
 .text.fm_ftruncate
                0x20007dd8       0x68 C:/Users/sattlite/Documents/GitHub/tevel2/hal/demo/..//hcc/lib\libHCCD.a(fat_m.o)
                0x20007dd8                fm_ftruncate
 .text.fm_seteof
                0x20007e40       0x60 C:/Users/sattlite/Documents/GitHub/tevel2/hal/demo/..//hcc/lib\libHCCD.a(fat_m.o)
                0x20007e40                fm_seteof
 .text.fm_getlasterror
                0x20007ea0       0x40 C:/Users/sattlite/Documents/GitHub/tevel2/hal/demo/..//hcc/lib\libHCCD.a(fat_m.o)
                0x20007ea0                fm_getlasterror
 .text._f_invalidatedir
                0x20007ee0       0x28 C:/Users/sattlite/Documents/GitHub/tevel2/hal/demo/..//hcc/lib\libHCCD.a(fat.o)
                0x20007ee0                _f_invalidatedir
 .text._f_getdirsector
                0x20007f08       0x88 C:/Users/sattlite/Documents/GitHub/tevel2/hal/demo/..//hcc/lib\libHCCD.a(fat.o)
                0x20007f08                _f_getdirsector
 .text._f_writedirsector
                0x20007f90       0x74 C:/Users/sattlite/Documents/GitHub/tevel2/hal/demo/..//hcc/lib\libHCCD.a(fat.o)
                0x20007f90                _f_writedirsector
 .text._f_checknameinv
                0x20008004      0x180 C:/Users/sattlite/Documents/GitHub/tevel2/hal/demo/..//hcc/lib\libHCCD.a(fat.o)
 .text._f_checkname
                0x20008184       0x7c C:/Users/sattlite/Documents/GitHub/tevel2/hal/demo/..//hcc/lib\libHCCD.a(fat.o)
 .text._f_checknamewc
                0x20008200       0xf8 C:/Users/sattlite/Documents/GitHub/tevel2/hal/demo/..//hcc/lib\libHCCD.a(fat.o)
 .text._f_setnameext
                0x200082f8      0x300 C:/Users/sattlite/Documents/GitHub/tevel2/hal/demo/..//hcc/lib\libHCCD.a(fat.o)
 .text._f_setfsname
                0x200085f8      0x584 C:/Users/sattlite/Documents/GitHub/tevel2/hal/demo/..//hcc/lib\libHCCD.a(fat.o)
 .text._f_findfile
                0x20008b7c      0x30c C:/Users/sattlite/Documents/GitHub/tevel2/hal/demo/..//hcc/lib\libHCCD.a(fat.o)
 .text._f_cmp_wname
                0x20008e88      0x274 C:/Users/sattlite/Documents/GitHub/tevel2/hal/demo/..//hcc/lib\libHCCD.a(fat.o)
 .text._f_to_string
                0x200090fc      0x130 C:/Users/sattlite/Documents/GitHub/tevel2/hal/demo/..//hcc/lib\libHCCD.a(fat.o)
 .text._f_findfilewc
                0x2000922c      0x278 C:/Users/sattlite/Documents/GitHub/tevel2/hal/demo/..//hcc/lib\libHCCD.a(fat.o)
 .text._f_getfilename
                0x200094a4      0x20c C:/Users/sattlite/Documents/GitHub/tevel2/hal/demo/..//hcc/lib\libHCCD.a(fat.o)
 .text._f_findpath
                0x200096b0      0x35c C:/Users/sattlite/Documents/GitHub/tevel2/hal/demo/..//hcc/lib\libHCCD.a(fat.o)
 .text.fn_getdcwd
                0x20009a0c      0x1e0 C:/Users/sattlite/Documents/GitHub/tevel2/hal/demo/..//hcc/lib\libHCCD.a(fat.o)
                0x20009a0c                fn_getdcwd
 .text.fn_getcwd
                0x20009bec      0x1e8 C:/Users/sattlite/Documents/GitHub/tevel2/hal/demo/..//hcc/lib\libHCCD.a(fat.o)
                0x20009bec                fn_getcwd
 .text.fn_findfirst
                0x20009dd4      0x13c C:/Users/sattlite/Documents/GitHub/tevel2/hal/demo/..//hcc/lib\libHCCD.a(fat.o)
                0x20009dd4                fn_findfirst
 .text.fn_findnext
                0x20009f10      0x360 C:/Users/sattlite/Documents/GitHub/tevel2/hal/demo/..//hcc/lib\libHCCD.a(fat.o)
                0x20009f10                fn_findnext
 .text.fn_chdir
                0x2000a270      0x240 C:/Users/sattlite/Documents/GitHub/tevel2/hal/demo/..//hcc/lib\libHCCD.a(fat.o)
                0x2000a270                fn_chdir
 .text.fn_move  0x2000a4b0      0xad0 C:/Users/sattlite/Documents/GitHub/tevel2/hal/demo/..//hcc/lib\libHCCD.a(fat.o)
                0x2000a4b0                fn_move
 .text.fn_rename
                0x2000af80      0x214 C:/Users/sattlite/Documents/GitHub/tevel2/hal/demo/..//hcc/lib\libHCCD.a(fat.o)
                0x2000af80                fn_rename
 .text._f_lock_resfile
                0x2000b194       0x6c C:/Users/sattlite/Documents/GitHub/tevel2/hal/demo/..//hcc/lib\libHCCD.a(fat.o)
 .text._f_unlock_resfile
                0x2000b200       0x40 C:/Users/sattlite/Documents/GitHub/tevel2/hal/demo/..//hcc/lib\libHCCD.a(fat.o)
 .text._f_getintfile
                0x2000b240      0x124 C:/Users/sattlite/Documents/GitHub/tevel2/hal/demo/..//hcc/lib\libHCCD.a(fat.o)
 .text._f_addentry
                0x2000b364      0x540 C:/Users/sattlite/Documents/GitHub/tevel2/hal/demo/..//hcc/lib\libHCCD.a(fat.o)
 .text.fn_mkdir
                0x2000b8a4      0x75c C:/Users/sattlite/Documents/GitHub/tevel2/hal/demo/..//hcc/lib\libHCCD.a(fat.o)
                0x2000b8a4                fn_mkdir
 .text.fn_filelength
                0x2000c000      0x1cc C:/Users/sattlite/Documents/GitHub/tevel2/hal/demo/..//hcc/lib\libHCCD.a(fat.o)
                0x2000c000                fn_filelength
 .text.fn_open_sub
                0x2000c1cc     0x1698 C:/Users/sattlite/Documents/GitHub/tevel2/hal/demo/..//hcc/lib\libHCCD.a(fat.o)
 .text.fn_open  0x2000d864       0x44 C:/Users/sattlite/Documents/GitHub/tevel2/hal/demo/..//hcc/lib\libHCCD.a(fat.o)
                0x2000d864                fn_open
 .text.fn_open_nonsafe
                0x2000d8a8       0x44 C:/Users/sattlite/Documents/GitHub/tevel2/hal/demo/..//hcc/lib\libHCCD.a(fat.o)
                0x2000d8a8                fn_open_nonsafe
 .text.fn_settimedate
                0x2000d8ec      0x324 C:/Users/sattlite/Documents/GitHub/tevel2/hal/demo/..//hcc/lib\libHCCD.a(fat.o)
                0x2000d8ec                fn_settimedate
 .text.fn_gettimedate
                0x2000dc10      0x1bc C:/Users/sattlite/Documents/GitHub/tevel2/hal/demo/..//hcc/lib\libHCCD.a(fat.o)
                0x2000dc10                fn_gettimedate
 .text.fn_stat  0x2000ddcc      0x26c C:/Users/sattlite/Documents/GitHub/tevel2/hal/demo/..//hcc/lib\libHCCD.a(fat.o)
                0x2000ddcc                fn_stat
 .text.fn_delete
                0x2000e038      0x490 C:/Users/sattlite/Documents/GitHub/tevel2/hal/demo/..//hcc/lib\libHCCD.a(fat.o)
                0x2000e038                fn_delete
 .text.fn_getattr
                0x2000e4c8      0x17c C:/Users/sattlite/Documents/GitHub/tevel2/hal/demo/..//hcc/lib\libHCCD.a(fat.o)
                0x2000e4c8                fn_getattr
 .text.fn_setattr
                0x2000e644      0x328 C:/Users/sattlite/Documents/GitHub/tevel2/hal/demo/..//hcc/lib\libHCCD.a(fat.o)
                0x2000e644                fn_setattr
 .text.fn_rmdir
                0x2000e96c      0x5ac C:/Users/sattlite/Documents/GitHub/tevel2/hal/demo/..//hcc/lib\libHCCD.a(fat.o)
                0x2000e96c                fn_rmdir
 .text.fn_getlabel
                0x2000ef18      0x39c C:/Users/sattlite/Documents/GitHub/tevel2/hal/demo/..//hcc/lib\libHCCD.a(fat.o)
                0x2000ef18                fn_getlabel
 .text.fn_setlabel
                0x2000f2b4      0x574 C:/Users/sattlite/Documents/GitHub/tevel2/hal/demo/..//hcc/lib\libHCCD.a(fat.o)
                0x2000f2b4                fn_setlabel
 .text.fn_truncate
                0x2000f828      0x7b4 C:/Users/sattlite/Documents/GitHub/tevel2/hal/demo/..//hcc/lib\libHCCD.a(fat.o)
                0x2000f828                fn_truncate
 .text.fn_init  0x2000ffdc      0x2dc C:/Users/sattlite/Documents/GitHub/tevel2/hal/demo/..//hcc/lib\libHCCD.a(fat_common.o)
                0x2000ffdc                fn_init
 .text.fsn_delete
                0x200102b8       0xc8 C:/Users/sattlite/Documents/GitHub/tevel2/hal/demo/..//hcc/lib\libHCCD.a(fat_common.o)
                0x200102b8                fsn_delete
 .text._f_get16bitl
                0x20010380       0x4c C:/Users/sattlite/Documents/GitHub/tevel2/hal/demo/..//hcc/lib\libHCCD.a(fat_common.o)
                0x20010380                _f_get16bitl
 .text._f_set16bitl
                0x200103cc       0x54 C:/Users/sattlite/Documents/GitHub/tevel2/hal/demo/..//hcc/lib\libHCCD.a(fat_common.o)
                0x200103cc                _f_set16bitl
 .text._f_get32bitl
                0x20010420       0x68 C:/Users/sattlite/Documents/GitHub/tevel2/hal/demo/..//hcc/lib\libHCCD.a(fat_common.o)
                0x20010420                _f_get32bitl
 .text._f_set32bitl
                0x20010488       0x78 C:/Users/sattlite/Documents/GitHub/tevel2/hal/demo/..//hcc/lib\libHCCD.a(fat_common.o)
                0x20010488                _f_set32bitl
 .text._get8bit
                0x20010500       0xa0 C:/Users/sattlite/Documents/GitHub/tevel2/hal/demo/..//hcc/lib\libHCCD.a(fat_common.o)
 .text._get16bitl
                0x200105a0       0x40 C:/Users/sattlite/Documents/GitHub/tevel2/hal/demo/..//hcc/lib\libHCCD.a(fat_common.o)
 .text._get32bitl
                0x200105e0       0x3c C:/Users/sattlite/Documents/GitHub/tevel2/hal/demo/..//hcc/lib\libHCCD.a(fat_common.o)
 .text._set8bitzero
                0x2001061c       0x6c C:/Users/sattlite/Documents/GitHub/tevel2/hal/demo/..//hcc/lib\libHCCD.a(fat_common.o)
 .text._set8bit
                0x20010688       0xa0 C:/Users/sattlite/Documents/GitHub/tevel2/hal/demo/..//hcc/lib\libHCCD.a(fat_common.o)
 .text._set16bitl
                0x20010728       0x3c C:/Users/sattlite/Documents/GitHub/tevel2/hal/demo/..//hcc/lib\libHCCD.a(fat_common.o)
 .text._set32bitl
                0x20010764       0x34 C:/Users/sattlite/Documents/GitHub/tevel2/hal/demo/..//hcc/lib\libHCCD.a(fat_common.o)
 .text._f_setcardremoved
                0x20010798       0x94 C:/Users/sattlite/Documents/GitHub/tevel2/hal/demo/..//hcc/lib\libHCCD.a(fat_common.o)
 .text._f_checkstatus
                0x2001082c      0x104 C:/Users/sattlite/Documents/GitHub/tevel2/hal/demo/..//hcc/lib\libHCCD.a(fat_common.o)
                0x2001082c                _f_checkstatus
 .text._f_drvgetphy
                0x20010930      0x114 C:/Users/sattlite/Documents/GitHub/tevel2/hal/demo/..//hcc/lib\libHCCD.a(fat_common.o)
 .text._f_drvwritesector
                0x20010a44       0xdc C:/Users/sattlite/Documents/GitHub/tevel2/hal/demo/..//hcc/lib\libHCCD.a(fat_common.o)
 .text._f_drvreadsector
                0x20010b20       0xa8 C:/Users/sattlite/Documents/GitHub/tevel2/hal/demo/..//hcc/lib\libHCCD.a(fat_common.o)
 .text._f_writesector
                0x20010bc8      0x23c C:/Users/sattlite/Documents/GitHub/tevel2/hal/demo/..//hcc/lib\libHCCD.a(fat_common.o)
                0x20010bc8                _f_writesector
 .text._f_readsector
                0x20010e04      0x1dc C:/Users/sattlite/Documents/GitHub/tevel2/hal/demo/..//hcc/lib\libHCCD.a(fat_common.o)
                0x20010e04                _f_readsector
 .text._f_getmaxcluster
                0x20010fe0       0x94 C:/Users/sattlite/Documents/GitHub/tevel2/hal/demo/..//hcc/lib\libHCCD.a(fat_common.o)
                0x20010fe0                _f_getmaxcluster
 .text._getsectorfromcluster
                0x20011074       0x68 C:/Users/sattlite/Documents/GitHub/tevel2/hal/demo/..//hcc/lib\libHCCD.a(fat_common.o)
 .text._f_buildsectors
                0x200110dc      0x268 C:/Users/sattlite/Documents/GitHub/tevel2/hal/demo/..//hcc/lib\libHCCD.a(fat_common.o)
 .text._f_getbootrecord
                0x20011344      0x5e4 C:/Users/sattlite/Documents/GitHub/tevel2/hal/demo/..//hcc/lib\libHCCD.a(fat_common.o)
 .text._f_readbootrecord
                0x20011928      0x4f8 C:/Users/sattlite/Documents/GitHub/tevel2/hal/demo/..//hcc/lib\libHCCD.a(fat_common.o)
 .text._f_writebootrecord
                0x20011e20      0x5e4 C:/Users/sattlite/Documents/GitHub/tevel2/hal/demo/..//hcc/lib\libHCCD.a(fat_common.o)
 .text._f_flushcffiles
                0x20012404      0x17c C:/Users/sattlite/Documents/GitHub/tevel2/hal/demo/..//hcc/lib\libHCCD.a(fat_common.o)
                0x20012404                _f_flushcffiles
 .text._f_fatcache_flush
                0x20012580      0x270 C:/Users/sattlite/Documents/GitHub/tevel2/hal/demo/..//hcc/lib\libHCCD.a(fat_common.o)
                0x20012580                _f_fatcache_flush
 .text._f_writefatsector
                0x200127f0      0x100 C:/Users/sattlite/Documents/GitHub/tevel2/hal/demo/..//hcc/lib\libHCCD.a(fat_common.o)
                0x200127f0                _f_writefatsector
 .text._f_getfatsector
                0x200128f0      0x3bc C:/Users/sattlite/Documents/GitHub/tevel2/hal/demo/..//hcc/lib\libHCCD.a(fat_common.o)
 .text._f_setclustervalue
                0x20012cac      0x490 C:/Users/sattlite/Documents/GitHub/tevel2/hal/demo/..//hcc/lib\libHCCD.a(fat_common.o)
                0x20012cac                _f_setclustervalue
 .text._f_getclustervalue
                0x2001313c      0x388 C:/Users/sattlite/Documents/GitHub/tevel2/hal/demo/..//hcc/lib\libHCCD.a(fat_common.o)
                0x2001313c                _f_getclustervalue
 .text._f_close_drive_files
                0x200134c4       0xac C:/Users/sattlite/Documents/GitHub/tevel2/hal/demo/..//hcc/lib\libHCCD.a(fat_common.o)
 .text._f_inc_mount_count
                0x20013570       0xa4 C:/Users/sattlite/Documents/GitHub/tevel2/hal/demo/..//hcc/lib\libHCCD.a(fat_common.o)
 .text._f_getvolume
                0x20013614      0x2f8 C:/Users/sattlite/Documents/GitHub/tevel2/hal/demo/..//hcc/lib\libHCCD.a(fat_common.o)
                0x20013614                _f_getvolume
 .text.fn_createdriver
                0x2001390c      0x118 C:/Users/sattlite/Documents/GitHub/tevel2/hal/demo/..//hcc/lib\libHCCD.a(fat_common.o)
                0x2001390c                fn_createdriver
 .text.fn_initvolume
                0x20013a24      0x12c C:/Users/sattlite/Documents/GitHub/tevel2/hal/demo/..//hcc/lib\libHCCD.a(fat_common.o)
                0x20013a24                fn_initvolume
 .text.fn_releasedriver
                0x20013b50       0xf4 C:/Users/sattlite/Documents/GitHub/tevel2/hal/demo/..//hcc/lib\libHCCD.a(fat_common.o)
                0x20013b50                fn_releasedriver
 .text.fn_initvolumepartition_sub
                0x20013c44       0xe0 C:/Users/sattlite/Documents/GitHub/tevel2/hal/demo/..//hcc/lib\libHCCD.a(fat_common.o)
 .text.fn_initvolumepartition
                0x20013d24       0xac C:/Users/sattlite/Documents/GitHub/tevel2/hal/demo/..//hcc/lib\libHCCD.a(fat_common.o)
                0x20013d24                fn_initvolumepartition
 .text.fn_checkvolume
                0x20013dd0       0x44 C:/Users/sattlite/Documents/GitHub/tevel2/hal/demo/..//hcc/lib\libHCCD.a(fat_common.o)
                0x20013dd0                fn_checkvolume
 .text.fn_delvolume
                0x20013e14      0x194 C:/Users/sattlite/Documents/GitHub/tevel2/hal/demo/..//hcc/lib\libHCCD.a(fat_common.o)
                0x20013e14                fn_delvolume
 .text.fn_get_volume_count
                0x20013fa8       0xa8 C:/Users/sattlite/Documents/GitHub/tevel2/hal/demo/..//hcc/lib\libHCCD.a(fat_common.o)
                0x20013fa8                fn_get_volume_count
 .text.fn_get_volume_list
                0x20014050       0xc4 C:/Users/sattlite/Documents/GitHub/tevel2/hal/demo/..//hcc/lib\libHCCD.a(fat_common.o)
                0x20014050                fn_get_volume_list
 .text._f_clustertopos
                0x20014114       0xf8 C:/Users/sattlite/Documents/GitHub/tevel2/hal/demo/..//hcc/lib\libHCCD.a(fat_common.o)
                0x20014114                _f_clustertopos
 .text._f_prepareformat
                0x2001420c      0x8b8 C:/Users/sattlite/Documents/GitHub/tevel2/hal/demo/..//hcc/lib\libHCCD.a(fat_common.o)
 .text._f_resetfatentries
                0x20014ac4      0x410 C:/Users/sattlite/Documents/GitHub/tevel2/hal/demo/..//hcc/lib\libHCCD.a(fat_common.o)
 .text._f_resetrootdir
                0x20014ed4       0xcc C:/Users/sattlite/Documents/GitHub/tevel2/hal/demo/..//hcc/lib\libHCCD.a(fat_common.o)
 .text._f_postformat
                0x20014fa0      0x178 C:/Users/sattlite/Documents/GitHub/tevel2/hal/demo/..//hcc/lib\libHCCD.a(fat_common.o)
 .text.fn_format
                0x20015118      0x148 C:/Users/sattlite/Documents/GitHub/tevel2/hal/demo/..//hcc/lib\libHCCD.a(fat_common.o)
                0x20015118                fn_format
 .text._f_getcurrsector
                0x20015260      0x6c8 C:/Users/sattlite/Documents/GitHub/tevel2/hal/demo/..//hcc/lib\libHCCD.a(fat_common.o)
                0x20015260                _f_getcurrsector
 .text._f_getdecluster
                0x20015928       0x90 C:/Users/sattlite/Documents/GitHub/tevel2/hal/demo/..//hcc/lib\libHCCD.a(fat_common.o)
                0x20015928                _f_getdecluster
 .text._f_setdecluster
                0x200159b8       0x8c C:/Users/sattlite/Documents/GitHub/tevel2/hal/demo/..//hcc/lib\libHCCD.a(fat_common.o)
                0x200159b8                _f_setdecluster
 .text.fn_getdrive
                0x20015a44       0x30 C:/Users/sattlite/Documents/GitHub/tevel2/hal/demo/..//hcc/lib\libHCCD.a(fat_common.o)
                0x20015a44                fn_getdrive
 .text.fn_chdrive
                0x20015a74       0xb0 C:/Users/sattlite/Documents/GitHub/tevel2/hal/demo/..//hcc/lib\libHCCD.a(fat_common.o)
                0x20015a74                fn_chdrive
 .text._f_getcurrenttimedate
                0x20015b24      0x138 C:/Users/sattlite/Documents/GitHub/tevel2/hal/demo/..//hcc/lib\libHCCD.a(fat_common.o)
                0x20015b24                _f_getcurrenttimedate
 .text._f_initentry
                0x20015c5c       0xa0 C:/Users/sattlite/Documents/GitHub/tevel2/hal/demo/..//hcc/lib\libHCCD.a(fat_common.o)
                0x20015c5c                _f_initentry
 .text._f_alloccluster
                0x20015cfc      0x344 C:/Users/sattlite/Documents/GitHub/tevel2/hal/demo/..//hcc/lib\libHCCD.a(fat_common.o)
                0x20015cfc                _f_alloccluster
 .text._f_dobadblock
                0x20016040      0x2cc C:/Users/sattlite/Documents/GitHub/tevel2/hal/demo/..//hcc/lib\libHCCD.a(fat_common.o)
                0x20016040                _f_dobadblock
 .text._f_checklocked
                0x2001630c       0xe4 C:/Users/sattlite/Documents/GitHub/tevel2/hal/demo/..//hcc/lib\libHCCD.a(fat_common.o)
                0x2001630c                _f_checklocked
 .text._f_checkappendlocked
                0x200163f0      0x110 C:/Users/sattlite/Documents/GitHub/tevel2/hal/demo/..//hcc/lib\libHCCD.a(fat_common.o)
                0x200163f0                _f_checkappendlocked
 .text._f_setsyncafile
                0x20016500      0x114 C:/Users/sattlite/Documents/GitHub/tevel2/hal/demo/..//hcc/lib\libHCCD.a(fat_common.o)
                0x20016500                _f_setsyncafile
 .text._f_syncfiles
                0x20016614      0x128 C:/Users/sattlite/Documents/GitHub/tevel2/hal/demo/..//hcc/lib\libHCCD.a(fat_common.o)
                0x20016614                _f_syncfiles
 .text._f_syncfilescontent
                0x2001673c      0x15c C:/Users/sattlite/Documents/GitHub/tevel2/hal/demo/..//hcc/lib\libHCCD.a(fat_common.o)
 .text.fn_getfreespace
                0x20016898      0x4c0 C:/Users/sattlite/Documents/GitHub/tevel2/hal/demo/..//hcc/lib\libHCCD.a(fat_common.o)
                0x20016898                fn_getfreespace
 .text._f_emptywritecache
                0x20016d58      0x4a4 C:/Users/sattlite/Documents/GitHub/tevel2/hal/demo/..//hcc/lib\libHCCD.a(fat_common.o)
 .text._f_allocnextcluster
                0x200171fc      0x54c C:/Users/sattlite/Documents/GitHub/tevel2/hal/demo/..//hcc/lib\libHCCD.a(fat_common.o)
 .text._f_emptywritebuffer
                0x20017748      0x20c C:/Users/sattlite/Documents/GitHub/tevel2/hal/demo/..//hcc/lib\libHCCD.a(fat_common.o)
 .text._f_writezeros
                0x20017954       0xf0 C:/Users/sattlite/Documents/GitHub/tevel2/hal/demo/..//hcc/lib\libHCCD.a(fat_common.o)
                0x20017954                _f_writezeros
 .text._f_extend_file
                0x20017a44      0x570 C:/Users/sattlite/Documents/GitHub/tevel2/hal/demo/..//hcc/lib\libHCCD.a(fat_common.o)
 .text._f_fseek
                0x20017fb4      0x9bc C:/Users/sattlite/Documents/GitHub/tevel2/hal/demo/..//hcc/lib\libHCCD.a(fat_common.o)
                0x20017fb4                _f_fseek
 .text._f_removechain
                0x20018970      0x104 C:/Users/sattlite/Documents/GitHub/tevel2/hal/demo/..//hcc/lib\libHCCD.a(fat_common.o)
                0x20018970                _f_removechain
 .text._f_updatefileentry
                0x20018a74      0x1cc C:/Users/sattlite/Documents/GitHub/tevel2/hal/demo/..//hcc/lib\libHCCD.a(fat_common.o)
 .text._f_checkreadlocked
                0x20018c40      0x1bc C:/Users/sattlite/Documents/GitHub/tevel2/hal/demo/..//hcc/lib\libHCCD.a(fat_common.o)
                0x20018c40                _f_checkreadlocked
 .text._f_check_handle
                0x20018dfc       0x98 C:/Users/sattlite/Documents/GitHub/tevel2/hal/demo/..//hcc/lib\libHCCD.a(fat_common.o)
                0x20018dfc                _f_check_handle
 .text._f_removesyncafile
                0x20018e94      0x1ec C:/Users/sattlite/Documents/GitHub/tevel2/hal/demo/..//hcc/lib\libHCCD.a(fat_common.o)
 .text.fn_close
                0x20019080      0x3f8 C:/Users/sattlite/Documents/GitHub/tevel2/hal/demo/..//hcc/lib\libHCCD.a(fat_common.o)
                0x20019080                fn_close
 .text.fn_flush
                0x20019478      0x374 C:/Users/sattlite/Documents/GitHub/tevel2/hal/demo/..//hcc/lib\libHCCD.a(fat_common.o)
                0x20019478                fn_flush
 .text.fn_read  0x200197ec      0x690 C:/Users/sattlite/Documents/GitHub/tevel2/hal/demo/..//hcc/lib\libHCCD.a(fat_common.o)
                0x200197ec                fn_read
 .text._f_abortwrite
                0x20019e7c      0x100 C:/Users/sattlite/Documents/GitHub/tevel2/hal/demo/..//hcc/lib\libHCCD.a(fat_common.o)
 .text._f_checkwritecluster
                0x20019f7c       0xe4 C:/Users/sattlite/Documents/GitHub/tevel2/hal/demo/..//hcc/lib\libHCCD.a(fat_common.o)
 .text.fn_write
                0x2001a060      0x8a8 C:/Users/sattlite/Documents/GitHub/tevel2/hal/demo/..//hcc/lib\libHCCD.a(fat_common.o)
                0x2001a060                fn_write
 .text.fn_seek  0x2001a908      0x270 C:/Users/sattlite/Documents/GitHub/tevel2/hal/demo/..//hcc/lib\libHCCD.a(fat_common.o)
                0x2001a908                fn_seek
 .text.fn_tell  0x2001ab78      0x19c C:/Users/sattlite/Documents/GitHub/tevel2/hal/demo/..//hcc/lib\libHCCD.a(fat_common.o)
                0x2001ab78                fn_tell
 .text.fn_eof   0x2001ad14       0xf8 C:/Users/sattlite/Documents/GitHub/tevel2/hal/demo/..//hcc/lib\libHCCD.a(fat_common.o)
                0x2001ad14                fn_eof
 .text.fn_rewind
                0x2001ae0c       0x38 C:/Users/sattlite/Documents/GitHub/tevel2/hal/demo/..//hcc/lib\libHCCD.a(fat_common.o)
                0x2001ae0c                fn_rewind
 .text.fn_putc  0x2001ae44       0x68 C:/Users/sattlite/Documents/GitHub/tevel2/hal/demo/..//hcc/lib\libHCCD.a(fat_common.o)
                0x2001ae44                fn_putc
 .text.fn_getc  0x2001aeac       0x58 C:/Users/sattlite/Documents/GitHub/tevel2/hal/demo/..//hcc/lib\libHCCD.a(fat_common.o)
                0x2001aeac                fn_getc
 .text.f_enterFS
                0x2001af04      0x1c0 C:/Users/sattlite/Documents/GitHub/tevel2/hal/demo/..//hcc/lib\libHCCD.a(fat_common.o)
                0x2001af04                f_enterFS
 .text.f_releaseFS
                0x2001b0c4       0xb0 C:/Users/sattlite/Documents/GitHub/tevel2/hal/demo/..//hcc/lib\libHCCD.a(fat_common.o)
                0x2001b0c4                f_releaseFS
 .text.fnGetTask
                0x2001b174       0xfc C:/Users/sattlite/Documents/GitHub/tevel2/hal/demo/..//hcc/lib\libHCCD.a(fat_common.o)
                0x2001b174                fnGetTask
 .text._f_mutex_get
                0x2001b270       0x98 C:/Users/sattlite/Documents/GitHub/tevel2/hal/demo/..//hcc/lib\libHCCD.a(fat_common.o)
                0x2001b270                _f_mutex_get
 .text._f_mutex_put
                0x2001b308       0x54 C:/Users/sattlite/Documents/GitHub/tevel2/hal/demo/..//hcc/lib\libHCCD.a(fat_common.o)
                0x2001b308                _f_mutex_put
 .text.fn_get_oem
                0x2001b35c       0xfc C:/Users/sattlite/Documents/GitHub/tevel2/hal/demo/..//hcc/lib\libHCCD.a(fat_common.o)
                0x2001b35c                fn_get_oem
 .text.fn_ftruncate
                0x2001b458       0x64 C:/Users/sattlite/Documents/GitHub/tevel2/hal/demo/..//hcc/lib\libHCCD.a(fat_common.o)
                0x2001b458                fn_ftruncate
 .text.fn_seteof
                0x2001b4bc      0x468 C:/Users/sattlite/Documents/GitHub/tevel2/hal/demo/..//hcc/lib\libHCCD.a(fat_common.o)
                0x2001b4bc                fn_seteof
 .text._fn_initseekdivisor
                0x2001b924      0x158 C:/Users/sattlite/Documents/GitHub/tevel2/hal/demo/..//hcc/lib\libHCCD.a(fat_common.o)
                0x2001b924                _fn_initseekdivisor
 .text._fn_updateseekpos
                0x2001ba7c       0xc4 C:/Users/sattlite/Documents/GitHub/tevel2/hal/demo/..//hcc/lib\libHCCD.a(fat_common.o)
 .text._fn_removeseekpos
                0x2001bb40       0xc0 C:/Users/sattlite/Documents/GitHub/tevel2/hal/demo/..//hcc/lib\libHCCD.a(fat_common.o)
                0x2001bb40                _fn_removeseekpos
 .text._f_findopensize
                0x2001bc00       0x2c C:/Users/sattlite/Documents/GitHub/tevel2/hal/demo/..//hcc/lib\libHCCD.a(fat_common.o)
                0x2001bc00                _f_findopensize
 .text.fn_fstat
                0x2001bc2c      0x250 C:/Users/sattlite/Documents/GitHub/tevel2/hal/demo/..//hcc/lib\libHCCD.a(fat_common.o)
                0x2001bc2c                fn_fstat
 .text.fn_setlasterror
                0x2001be7c       0x34 C:/Users/sattlite/Documents/GitHub/tevel2/hal/demo/..//hcc/lib\libHCCD.a(fat_common.o)
                0x2001be7c                fn_setlasterror
 .text.fn_setlasterror_noret
                0x2001beb0       0x2c C:/Users/sattlite/Documents/GitHub/tevel2/hal/demo/..//hcc/lib\libHCCD.a(fat_common.o)
                0x2001beb0                fn_setlasterror_noret
 .text._s_checkzeroclusteratend
                0x2001bedc       0xf8 C:/Users/sattlite/Documents/GitHub/tevel2/hal/demo/..//hcc/lib\libHCCD.a(safefat.o)
 .text._s_clearclustercontent
                0x2001bfd4      0x108 C:/Users/sattlite/Documents/GitHub/tevel2/hal/demo/..//hcc/lib\libHCCD.a(safefat.o)
 .text._s_clearclustercontentdir
                0x2001c0dc      0x19c C:/Users/sattlite/Documents/GitHub/tevel2/hal/demo/..//hcc/lib\libHCCD.a(safefat.o)
 .text._s_writedirsector
                0x2001c278       0xd0 C:/Users/sattlite/Documents/GitHub/tevel2/hal/demo/..//hcc/lib\libHCCD.a(safefat.o)
 .text._s_getdirsector
                0x2001c348      0x100 C:/Users/sattlite/Documents/GitHub/tevel2/hal/demo/..//hcc/lib\libHCCD.a(safefat.o)
 .text._s_addentry
                0x2001c448      0x394 C:/Users/sattlite/Documents/GitHub/tevel2/hal/demo/..//hcc/lib\libHCCD.a(safefat.o)
 .text._s_findfile
                0x2001c7dc      0x33c C:/Users/sattlite/Documents/GitHub/tevel2/hal/demo/..//hcc/lib\libHCCD.a(safefat.o)
 .text._s_findsubdir
                0x2001cb18      0x248 C:/Users/sattlite/Documents/GitHub/tevel2/hal/demo/..//hcc/lib\libHCCD.a(safefat.o)
 .text._s_createfile
                0x2001cd60      0x190 C:/Users/sattlite/Documents/GitHub/tevel2/hal/demo/..//hcc/lib\libHCCD.a(safefat.o)
 .text._s_findsaffile
                0x2001cef0      0x1b8 C:/Users/sattlite/Documents/GitHub/tevel2/hal/demo/..//hcc/lib\libHCCD.a(safefat.o)
 .text._s_open  0x2001d0a8       0xe4 C:/Users/sattlite/Documents/GitHub/tevel2/hal/demo/..//hcc/lib\libHCCD.a(safefat.o)
 .text._s_open_saf
                0x2001d18c       0xe8 C:/Users/sattlite/Documents/GitHub/tevel2/hal/demo/..//hcc/lib\libHCCD.a(safefat.o)
 .text._s_flush
                0x2001d274       0x84 C:/Users/sattlite/Documents/GitHub/tevel2/hal/demo/..//hcc/lib\libHCCD.a(safefat.o)
 .text._s_allocnextcluster
                0x2001d2f8      0x13c C:/Users/sattlite/Documents/GitHub/tevel2/hal/demo/..//hcc/lib\libHCCD.a(safefat.o)
 .text._s_getnextsector
                0x2001d434       0xdc C:/Users/sattlite/Documents/GitHub/tevel2/hal/demo/..//hcc/lib\libHCCD.a(safefat.o)
 .text._s_seek  0x2001d510      0x1e8 C:/Users/sattlite/Documents/GitHub/tevel2/hal/demo/..//hcc/lib\libHCCD.a(safefat.o)
 .text._s_get_len
                0x2001d6f8      0x10c C:/Users/sattlite/Documents/GitHub/tevel2/hal/demo/..//hcc/lib\libHCCD.a(safefat.o)
 .text._s_set_len
                0x2001d804       0xb4 C:/Users/sattlite/Documents/GitHub/tevel2/hal/demo/..//hcc/lib\libHCCD.a(safefat.o)
 .text.safe_fix_filelengths
                0x2001d8b8       0xcc C:/Users/sattlite/Documents/GitHub/tevel2/hal/demo/..//hcc/lib\libHCCD.a(safefat.o)
                0x2001d8b8                safe_fix_filelengths
 .text._s_read  0x2001d984      0x228 C:/Users/sattlite/Documents/GitHub/tevel2/hal/demo/..//hcc/lib\libHCCD.a(safefat.o)
 .text._s_write
                0x2001dbac      0x384 C:/Users/sattlite/Documents/GitHub/tevel2/hal/demo/..//hcc/lib\libHCCD.a(safefat.o)
 .text._s_restoreclusters
                0x2001df30      0x270 C:/Users/sattlite/Documents/GitHub/tevel2/hal/demo/..//hcc/lib\libHCCD.a(safefat.o)
                0x2001df30                _s_restoreclusters
 .text._s_findrestore
                0x2001e1a0      0x18c C:/Users/sattlite/Documents/GitHub/tevel2/hal/demo/..//hcc/lib\libHCCD.a(safefat.o)
 .text._s_cmd_writede
                0x2001e32c       0xd8 C:/Users/sattlite/Documents/GitHub/tevel2/hal/demo/..//hcc/lib\libHCCD.a(safefat.o)
 .text._s_cmd_setcluster
                0x2001e404       0x88 C:/Users/sattlite/Documents/GitHub/tevel2/hal/demo/..//hcc/lib\libHCCD.a(safefat.o)
 .text._s_cmd_deletechain
                0x2001e48c      0x100 C:/Users/sattlite/Documents/GitHub/tevel2/hal/demo/..//hcc/lib\libHCCD.a(safefat.o)
 .text._s_cmd_validatecfn
                0x2001e58c      0x308 C:/Users/sattlite/Documents/GitHub/tevel2/hal/demo/..//hcc/lib\libHCCD.a(safefat.o)
 .text._s_cmd_seteof
                0x2001e894      0x3c4 C:/Users/sattlite/Documents/GitHub/tevel2/hal/demo/..//hcc/lib\libHCCD.a(safefat.o)
 .text.safe_docommands
                0x2001ec58      0x56c C:/Users/sattlite/Documents/GitHub/tevel2/hal/demo/..//hcc/lib\libHCCD.a(safefat.o)
                0x2001ec58                safe_docommands
 .text.safe_entercommand
                0x2001f1c4       0x68 C:/Users/sattlite/Documents/GitHub/tevel2/hal/demo/..//hcc/lib\libHCCD.a(safefat.o)
                0x2001f1c4                safe_entercommand
 .text.safe_ready
                0x2001f22c       0xf4 C:/Users/sattlite/Documents/GitHub/tevel2/hal/demo/..//hcc/lib\libHCCD.a(safefat.o)
                0x2001f22c                safe_ready
 .text.safe_copycfn
                0x2001f320       0xb8 C:/Users/sattlite/Documents/GitHub/tevel2/hal/demo/..//hcc/lib\libHCCD.a(safefat.o)
                0x2001f320                safe_copycfn
 .text.safe_cfremove
                0x2001f3d8       0xb8 C:/Users/sattlite/Documents/GitHub/tevel2/hal/demo/..//hcc/lib\libHCCD.a(safefat.o)
                0x2001f3d8                safe_cfremove
 .text.safe_writede
                0x2001f490      0x104 C:/Users/sattlite/Documents/GitHub/tevel2/hal/demo/..//hcc/lib\libHCCD.a(safefat.o)
                0x2001f490                safe_writede
 .text.safe_setcluster
                0x2001f594       0xcc C:/Users/sattlite/Documents/GitHub/tevel2/hal/demo/..//hcc/lib\libHCCD.a(safefat.o)
                0x2001f594                safe_setcluster
 .text.safe_deletechain
                0x2001f660      0x1c8 C:/Users/sattlite/Documents/GitHub/tevel2/hal/demo/..//hcc/lib\libHCCD.a(safefat.o)
                0x2001f660                safe_deletechain
 .text.safe_cfclose
                0x2001f828      0x104 C:/Users/sattlite/Documents/GitHub/tevel2/hal/demo/..//hcc/lib\libHCCD.a(safefat.o)
                0x2001f828                safe_cfclose
 .text.safe_seteof
                0x2001f92c      0x1a0 C:/Users/sattlite/Documents/GitHub/tevel2/hal/demo/..//hcc/lib\libHCCD.a(safefat.o)
                0x2001f92c                safe_seteof
 .text.safe_cfflush
                0x2001facc      0x124 C:/Users/sattlite/Documents/GitHub/tevel2/hal/demo/..//hcc/lib\libHCCD.a(safefat.o)
                0x2001facc                safe_cfflush
 .text.safe_reset
                0x2001fbf0       0x78 C:/Users/sattlite/Documents/GitHub/tevel2/hal/demo/..//hcc/lib\libHCCD.a(safefat.o)
                0x2001fbf0                safe_reset
 .text.safe_loadcommands
                0x2001fc68       0x78 C:/Users/sattlite/Documents/GitHub/tevel2/hal/demo/..//hcc/lib\libHCCD.a(safefat.o)
                0x2001fc68                safe_loadcommands
 .text.safe_poweron
                0x2001fce0      0x1fc C:/Users/sattlite/Documents/GitHub/tevel2/hal/demo/..//hcc/lib\libHCCD.a(safefat.o)
                0x2001fce0                safe_poweron
 .text.cf_getname
                0x2001fedc       0xc0 C:/Users/sattlite/Documents/GitHub/tevel2/hal/demo/..//hcc/lib\libHCCD.a(safefat.o)
 .text.cf_copyclusterchain
                0x2001ff9c      0x138 C:/Users/sattlite/Documents/GitHub/tevel2/hal/demo/..//hcc/lib\libHCCD.a(safefat.o)
 .text.cf_seektozero
                0x200200d4       0x94 C:/Users/sattlite/Documents/GitHub/tevel2/hal/demo/..//hcc/lib\libHCCD.a(safefat.o)
                0x200200d4                cf_seektozero
 .text.cf_create
                0x20020168      0x3a8 C:/Users/sattlite/Documents/GitHub/tevel2/hal/demo/..//hcc/lib\libHCCD.a(safefat.o)
                0x20020168                cf_create
 .text.cf_copyclustercontent
                0x20020510      0x128 C:/Users/sattlite/Documents/GitHub/tevel2/hal/demo/..//hcc/lib\libHCCD.a(safefat.o)
                0x20020510                cf_copyclustercontent
 .text.cf_copycfn
                0x20020638      0x4bc C:/Users/sattlite/Documents/GitHub/tevel2/hal/demo/..//hcc/lib\libHCCD.a(safefat.o)
                0x20020638                cf_copycfn
 .text.cf_remove
                0x20020af4      0x344 C:/Users/sattlite/Documents/GitHub/tevel2/hal/demo/..//hcc/lib\libHCCD.a(safefat.o)
                0x20020af4                cf_remove
 .text.cf_setclusternew
                0x20020e38       0xf0 C:/Users/sattlite/Documents/GitHub/tevel2/hal/demo/..//hcc/lib\libHCCD.a(safefat.o)
                0x20020e38                cf_setclusternew
 .text.cf_flush
                0x20020f28       0x58 C:/Users/sattlite/Documents/GitHub/tevel2/hal/demo/..//hcc/lib\libHCCD.a(safefat.o)
                0x20020f28                cf_flush
 .text.cf_getcluster
                0x20020f80      0x1b4 C:/Users/sattlite/Documents/GitHub/tevel2/hal/demo/..//hcc/lib\libHCCD.a(safefat.o)
                0x20020f80                cf_getcluster
 .text.cf_setnextcluster
                0x20021134      0x194 C:/Users/sattlite/Documents/GitHub/tevel2/hal/demo/..//hcc/lib\libHCCD.a(safefat.o)
                0x20021134                cf_setnextcluster
 .text.cf_getpositions
                0x200212c8       0xbc C:/Users/sattlite/Documents/GitHub/tevel2/hal/demo/..//hcc/lib\libHCCD.a(safefat.o)
                0x200212c8                cf_getpositions
 .text.cf_setpositions
                0x20021384       0xb0 C:/Users/sattlite/Documents/GitHub/tevel2/hal/demo/..//hcc/lib\libHCCD.a(safefat.o)
                0x20021384                cf_setpositions
 .text.cf_opensyncafile
                0x20021434      0x150 C:/Users/sattlite/Documents/GitHub/tevel2/hal/demo/..//hcc/lib\libHCCD.a(safefat.o)
                0x20021434                cf_opensyncafile
 .text.cf_reloadcfo
                0x20021584       0xd8 C:/Users/sattlite/Documents/GitHub/tevel2/hal/demo/..//hcc/lib\libHCCD.a(safefat.o)
                0x20021584                cf_reloadcfo
 .text.open_alternating
                0x2002165c       0x58 C:/Users/sattlite/Documents/GitHub/tevel2/hal/demo/..//hcc/lib\libHCCD.a(fat_test.o)
                0x2002165c                open_alternating
 .text.f_nameconv
                0x200216b4       0xb8 C:/Users/sattlite/Documents/GitHub/tevel2/hal/demo/..//hcc/lib\libHCCD.a(fat_test.o)
 .text.STRCMP   0x2002176c       0x8c C:/Users/sattlite/Documents/GitHub/tevel2/hal/demo/..//hcc/lib\libHCCD.a(fat_test.o)
 .text._f_checkcwd
                0x200217f8      0x108 C:/Users/sattlite/Documents/GitHub/tevel2/hal/demo/..//hcc/lib\libHCCD.a(fat_test.o)
 .text.checkfilecontent
                0x20021900       0xb8 C:/Users/sattlite/Documents/GitHub/tevel2/hal/demo/..//hcc/lib\libHCCD.a(fat_test.o)
 .text.f_formatting
                0x200219b8      0x304 C:/Users/sattlite/Documents/GitHub/tevel2/hal/demo/..//hcc/lib\libHCCD.a(fat_test.o)
                0x200219b8                f_formatting
 .text.f_dirtest
                0x20021cbc     0x10fc C:/Users/sattlite/Documents/GitHub/tevel2/hal/demo/..//hcc/lib\libHCCD.a(fat_test.o)
 .text.f_findingtest
                0x20022db8      0xf54 C:/Users/sattlite/Documents/GitHub/tevel2/hal/demo/..//hcc/lib\libHCCD.a(fat_test.o)
 .text.f_powerfail
                0x20023d0c      0x7d4 C:/Users/sattlite/Documents/GitHub/tevel2/hal/demo/..//hcc/lib\libHCCD.a(fat_test.o)
 .text.f_seeking
                0x200244e0     0x25f0 C:/Users/sattlite/Documents/GitHub/tevel2/hal/demo/..//hcc/lib\libHCCD.a(fat_test.o)
 .text.f_opening
                0x20026ad0     0x17a4 C:/Users/sattlite/Documents/GitHub/tevel2/hal/demo/..//hcc/lib\libHCCD.a(fat_test.o)
 .text.f_appending
                0x20028274      0x58c C:/Users/sattlite/Documents/GitHub/tevel2/hal/demo/..//hcc/lib\libHCCD.a(fat_test.o)
 .text.f_writing
                0x20028800     0x1a54 C:/Users/sattlite/Documents/GitHub/tevel2/hal/demo/..//hcc/lib\libHCCD.a(fat_test.o)
 .text.f_dots   0x2002a254      0x638 C:/Users/sattlite/Documents/GitHub/tevel2/hal/demo/..//hcc/lib\libHCCD.a(fat_test.o)
 .text.f_rit    0x2002a88c      0x4b8 C:/Users/sattlite/Documents/GitHub/tevel2/hal/demo/..//hcc/lib\libHCCD.a(fat_test.o)
 .text.f_truncating
                0x2002ad44      0x7a4 C:/Users/sattlite/Documents/GitHub/tevel2/hal/demo/..//hcc/lib\libHCCD.a(fat_test.o)
 .text.f_seekpos
                0x2002b4e8     0x165c C:/Users/sattlite/Documents/GitHub/tevel2/hal/demo/..//hcc/lib\libHCCD.a(fat_test.o)
 .text.f_misc   0x2002cb44     0x1e08 C:/Users/sattlite/Documents/GitHub/tevel2/hal/demo/..//hcc/lib\libHCCD.a(fat_test.o)
 .text.f_renaming
                0x2002e94c      0xb50 C:/Users/sattlite/Documents/GitHub/tevel2/hal/demo/..//hcc/lib\libHCCD.a(fat_test.o)
 .text.print_version
                0x2002f49c       0x3c C:/Users/sattlite/Documents/GitHub/tevel2/hal/demo/..//hcc/lib\libHCCD.a(fat_test.o)
 .text.chdir_up
                0x2002f4d8      0x11c C:/Users/sattlite/Documents/GitHub/tevel2/hal/demo/..//hcc/lib\libHCCD.a(fat_test.o)
 .text.create_dirname
                0x2002f5f4       0xd4 C:/Users/sattlite/Documents/GitHub/tevel2/hal/demo/..//hcc/lib\libHCCD.a(fat_test.o)
 .text.long_dirnames
                0x2002f6c8      0x5d8 C:/Users/sattlite/Documents/GitHub/tevel2/hal/demo/..//hcc/lib\libHCCD.a(fat_test.o)
 .text.f_dotest
                0x2002fca0      0x35c C:/Users/sattlite/Documents/GitHub/tevel2/hal/demo/..//hcc/lib\libHCCD.a(fat_test.o)
                0x2002fca0                f_dotest
 .text.mcipdc_cmd
                0x2002fffc      0x22c C:/Users/sattlite/Documents/GitHub/tevel2/hal/demo/..//hcc/lib\libHCCD.a(atmel_mcipdc.o)
 .text.mcipdc_stop
                0x20030228       0xfc C:/Users/sattlite/Documents/GitHub/tevel2/hal/demo/..//hcc/lib\libHCCD.a(atmel_mcipdc.o)
                0x20030228                mcipdc_stop
 .text.mcipdc_read
                0x20030324      0x27c C:/Users/sattlite/Documents/GitHub/tevel2/hal/demo/..//hcc/lib\libHCCD.a(atmel_mcipdc.o)
 .text.mcipdc_write
                0x200305a0      0x298 C:/Users/sattlite/Documents/GitHub/tevel2/hal/demo/..//hcc/lib\libHCCD.a(atmel_mcipdc.o)
 .text.mcipdc_readsector
                0x20030838       0x9c C:/Users/sattlite/Documents/GitHub/tevel2/hal/demo/..//hcc/lib\libHCCD.a(atmel_mcipdc.o)
                0x20030838                mcipdc_readsector
 .text.mcipdc_readmultiplesector
                0x200308d4      0x124 C:/Users/sattlite/Documents/GitHub/tevel2/hal/demo/..//hcc/lib\libHCCD.a(atmel_mcipdc.o)
                0x200308d4                mcipdc_readmultiplesector
 .text.mcipdc_writesector
                0x200309f8       0x90 C:/Users/sattlite/Documents/GitHub/tevel2/hal/demo/..//hcc/lib\libHCCD.a(atmel_mcipdc.o)
                0x200309f8                mcipdc_writesector
 .text.mcipdc_writemultiplesector
                0x20030a88      0x120 C:/Users/sattlite/Documents/GitHub/tevel2/hal/demo/..//hcc/lib\libHCCD.a(atmel_mcipdc.o)
                0x20030a88                mcipdc_writemultiplesector
 .text.mcipdc_set_speed
                0x20030ba8       0xb0 C:/Users/sattlite/Documents/GitHub/tevel2/hal/demo/..//hcc/lib\libHCCD.a(atmel_mcipdc.o)
 .text.mcipdc_get_speed
                0x20030c58       0x48 C:/Users/sattlite/Documents/GitHub/tevel2/hal/demo/..//hcc/lib\libHCCD.a(atmel_mcipdc.o)
 .text._get_csd_bits
                0x20030ca0      0x14c C:/Users/sattlite/Documents/GitHub/tevel2/hal/demo/..//hcc/lib\libHCCD.a(atmel_mcipdc.o)
 .text.mcipdc_initcard
                0x20030dec      0x8f4 C:/Users/sattlite/Documents/GitHub/tevel2/hal/demo/..//hcc/lib\libHCCD.a(atmel_mcipdc.o)
 .text.mcipdc_getstatus
                0x200316e0       0xe8 C:/Users/sattlite/Documents/GitHub/tevel2/hal/demo/..//hcc/lib\libHCCD.a(atmel_mcipdc.o)
 .text.mcipdc_getphy
                0x200317c8       0x90 C:/Users/sattlite/Documents/GitHub/tevel2/hal/demo/..//hcc/lib\libHCCD.a(atmel_mcipdc.o)
 .text.mcipdc_release
                0x20031858       0x50 C:/Users/sattlite/Documents/GitHub/tevel2/hal/demo/..//hcc/lib\libHCCD.a(atmel_mcipdc.o)
 .text.atmel_mcipdc_initfunc
                0x200318a8      0x160 C:/Users/sattlite/Documents/GitHub/tevel2/hal/demo/..//hcc/lib\libHCCD.a(atmel_mcipdc.o)
                0x200318a8                atmel_mcipdc_initfunc
 .text.oal_task_get_id
                0x20031a08       0x18 C:/Users/sattlite/Documents/GitHub/tevel2/hal/demo/..//hcc/lib\libHCCD.a(oalp_task.o)
                0x20031a08                oal_task_get_id
 .text.oal_mutex_create
                0x20031a20       0x54 C:/Users/sattlite/Documents/GitHub/tevel2/hal/demo/..//hcc/lib\libHCCD.a(oalp_mutex.o)
                0x20031a20                oal_mutex_create
 .text.oal_mutex_delete
                0x20031a74       0x30 C:/Users/sattlite/Documents/GitHub/tevel2/hal/demo/..//hcc/lib\libHCCD.a(oalp_mutex.o)
                0x20031a74                oal_mutex_delete
 .text.oal_mutex_get
                0x20031aa4       0x58 C:/Users/sattlite/Documents/GitHub/tevel2/hal/demo/..//hcc/lib\libHCCD.a(oalp_mutex.o)
                0x20031aa4                oal_mutex_get
 .text.oal_mutex_put
                0x20031afc       0x58 C:/Users/sattlite/Documents/GitHub/tevel2/hal/demo/..//hcc/lib\libHCCD.a(oalp_mutex.o)
                0x20031afc                oal_mutex_put
 .text.mcipdc_hw_init
                0x20031b54       0xe8 C:/Users/sattlite/Documents/GitHub/tevel2/hal/demo/..//hcc/lib\libHCCD.a(atmel_mcipdc_hw.o)
                0x20031b54                mcipdc_hw_init
 .text.mcipdc_hw_delete
                0x20031c3c       0x78 C:/Users/sattlite/Documents/GitHub/tevel2/hal/demo/..//hcc/lib\libHCCD.a(atmel_mcipdc_hw.o)
                0x20031c3c                mcipdc_hw_delete
 .text.mcipdc_hw_card_plugged
                0x20031cb4       0x1c C:/Users/sattlite/Documents/GitHub/tevel2/hal/demo/..//hcc/lib\libHCCD.a(atmel_mcipdc_hw.o)
                0x20031cb4                mcipdc_hw_card_plugged
 .text.mcipdc_hw_card_writeprotect
                0x20031cd0       0x1c C:/Users/sattlite/Documents/GitHub/tevel2/hal/demo/..//hcc/lib\libHCCD.a(atmel_mcipdc_hw.o)
                0x20031cd0                mcipdc_hw_card_writeprotect
 .text._f_poweron
                0x20031cec       0x78 C:/Users/sattlite/Documents/GitHub/tevel2/hal/demo/..//hcc/lib\libHCCD.a(fat_testport.o)
                0x20031cec                _f_poweron
 .text._f_poweroff
                0x20031d64       0x2c C:/Users/sattlite/Documents/GitHub/tevel2/hal/demo/..//hcc/lib\libHCCD.a(fat_testport.o)
                0x20031d64                _f_poweroff
 .text._f_dump  0x20031d90       0x28 C:/Users/sattlite/Documents/GitHub/tevel2/hal/demo/..//hcc/lib\libHCCD.a(fat_testport.o)
                0x20031d90                _f_dump
 .text._f_result
                0x20031db8       0x58 C:/Users/sattlite/Documents/GitHub/tevel2/hal/demo/..//hcc/lib\libHCCD.a(fat_testport.o)
                0x20031db8                _f_result
 .text.psp_getrand
                0x20031e10      0x14c C:/Users/sattlite/Documents/GitHub/tevel2/hal/demo/..//hcc/lib\libHCCD.a(psp_rand.o)
                0x20031e10                psp_getrand
 .text.psp_getcurrenttimedate
                0x20031f5c       0x8c C:/Users/sattlite/Documents/GitHub/tevel2/hal/demo/..//hcc/lib\libHCCD.a(psp_rtc.o)
                0x20031f5c                psp_getcurrenttimedate
 .text._hcc_get_buf_dsc
                0x20031fe8       0x8c C:/Users/sattlite/Documents/GitHub/tevel2/hal/demo/..//hcc/lib\libHCCD.a(hcc_mem.o)
 .text._hcc_check_free_pages
                0x20032074      0x18c C:/Users/sattlite/Documents/GitHub/tevel2/hal/demo/..//hcc/lib\libHCCD.a(hcc_mem.o)
 .text._hcc_mark_pages
                0x20032200      0x158 C:/Users/sattlite/Documents/GitHub/tevel2/hal/demo/..//hcc/lib\libHCCD.a(hcc_mem.o)
 .text._hcc_clear_lock_dsc
                0x20032358       0x80 C:/Users/sattlite/Documents/GitHub/tevel2/hal/demo/..//hcc/lib\libHCCD.a(hcc_mem.o)
 .text._hcc_lock_access
                0x200323d8      0x128 C:/Users/sattlite/Documents/GitHub/tevel2/hal/demo/..//hcc/lib\libHCCD.a(hcc_mem.o)
 .text._hcc_unlock_access
                0x20032500       0x30 C:/Users/sattlite/Documents/GitHub/tevel2/hal/demo/..//hcc/lib\libHCCD.a(hcc_mem.o)
 .text.hcc_mem_alloc
                0x20032530      0x454 C:/Users/sattlite/Documents/GitHub/tevel2/hal/demo/..//hcc/lib\libHCCD.a(hcc_mem.o)
                0x20032530                hcc_mem_alloc
 .text.hcc_mem_free
                0x20032984      0x178 C:/Users/sattlite/Documents/GitHub/tevel2/hal/demo/..//hcc/lib\libHCCD.a(hcc_mem.o)
                0x20032984                hcc_mem_free
 .text.hcc_mem_add
                0x20032afc      0x3b0 C:/Users/sattlite/Documents/GitHub/tevel2/hal/demo/..//hcc/lib\libHCCD.a(hcc_mem.o)
                0x20032afc                hcc_mem_add
 .text.hcc_mem_init
                0x20032eac      0x164 C:/Users/sattlite/Documents/GitHub/tevel2/hal/demo/..//hcc/lib\libHCCD.a(hcc_mem.o)
                0x20032eac                hcc_mem_init
 .text.hcc_mem_delete
                0x20033010       0x94 C:/Users/sattlite/Documents/GitHub/tevel2/hal/demo/..//hcc/lib\libHCCD.a(hcc_mem.o)
                0x20033010                hcc_mem_delete
 .text.hcc_mem_buf_alloc
                0x200330a4       0xe4 C:/Users/sattlite/Documents/GitHub/tevel2/hal/demo/..//hcc/lib\libHCCD.a(psp_hcc_mem.o)
                0x200330a4                hcc_mem_buf_alloc
 .text.hcc_mem_buf_free
                0x20033188       0x6c C:/Users/sattlite/Documents/GitHub/tevel2/hal/demo/..//hcc/lib\libHCCD.a(psp_hcc_mem.o)
                0x20033188                hcc_mem_buf_free
 .text.Supervisor_start
                0x200331f4      0x2a4 C:/Users/sattlite/Documents/GitHub/tevel2/hal/demo/..//hal/lib\libHALD.a(supervisor.o)
                0x200331f4                Supervisor_start
 .text.SuperVisor_prepareAndCommunicateI2C
                0x20033498      0x284 C:/Users/sattlite/Documents/GitHub/tevel2/hal/demo/..//hal/lib\libHALD.a(supervisor.o)
 .text.Supervisor_prepareAndCommunicateSPI
                0x2003371c       0xc8 C:/Users/sattlite/Documents/GitHub/tevel2/hal/demo/..//hal/lib\libHALD.a(supervisor.o)
 .text.Supervisor_performCommunication
                0x200337e4      0x2a4 C:/Users/sattlite/Documents/GitHub/tevel2/hal/demo/..//hal/lib\libHALD.a(supervisor.o)
 .text.Supervisor_reset
                0x20033a88       0x64 C:/Users/sattlite/Documents/GitHub/tevel2/hal/demo/..//hal/lib\libHALD.a(supervisor.o)
                0x20033a88                Supervisor_reset
 .text.Supervisor_powerCycleIobc
                0x20033aec       0x64 C:/Users/sattlite/Documents/GitHub/tevel2/hal/demo/..//hal/lib\libHALD.a(supervisor.o)
                0x20033aec                Supervisor_powerCycleIobc
 .text.Supervisor_getVersion
                0x20033b50       0x64 C:/Users/sattlite/Documents/GitHub/tevel2/hal/demo/..//hal/lib\libHALD.a(supervisor.o)
                0x20033b50                Supervisor_getVersion
 .text.Supervisor_getHousekeeping
                0x20033bb4       0x64 C:/Users/sattlite/Documents/GitHub/tevel2/hal/demo/..//hal/lib\libHALD.a(supervisor.o)
                0x20033bb4                Supervisor_getHousekeeping
 .text.Supervisor_calculateAdcValues
                0x20033c18      0x3ec C:/Users/sattlite/Documents/GitHub/tevel2/hal/demo/..//hal/lib\libHALD.a(supervisor.o)
                0x20033c18                Supervisor_calculateAdcValues
 .text.Supervisor_voltageToTempBinarySearch
                0x20034004      0x1ac C:/Users/sattlite/Documents/GitHub/tevel2/hal/demo/..//hal/lib\libHALD.a(supervisor.o)
 .text.Supervisor_CalculateCRC
                0x200341b0       0x8c C:/Users/sattlite/Documents/GitHub/tevel2/hal/demo/..//hal/lib\libHALD.a(supervisor.o)
 .text.checksum_prepareSlicedLUTCRC32
                0x2003423c      0x160 C:/Users/sattlite/Documents/GitHub/tevel2/hal/demo/..//hal/lib\libHALD.a(checksum.o)
                0x2003423c                checksum_prepareSlicedLUTCRC32
 .text.checksum_calculateSlicedCRC32LUT
                0x2003439c      0x1bc C:/Users/sattlite/Documents/GitHub/tevel2/hal/demo/..//hal/lib\libHALD.a(checksum.o)
                0x2003439c                checksum_calculateSlicedCRC32LUT
 .text.checksum_calculateCRC32
                0x20034558      0x184 C:/Users/sattlite/Documents/GitHub/tevel2/hal/demo/..//hal/lib\libHALD.a(checksum.o)
                0x20034558                checksum_calculateCRC32
 .text.checksum_prepareLUTCRC16
                0x200346dc       0x8c C:/Users/sattlite/Documents/GitHub/tevel2/hal/demo/..//hal/lib\libHALD.a(checksum.o)
                0x200346dc                checksum_prepareLUTCRC16
 .text.checksum_calculateCRC16LUT
                0x20034768      0x158 C:/Users/sattlite/Documents/GitHub/tevel2/hal/demo/..//hal/lib\libHALD.a(checksum.o)
                0x20034768                checksum_calculateCRC16LUT
 .text.checksum_calculateCRC16
                0x200348c0      0x124 C:/Users/sattlite/Documents/GitHub/tevel2/hal/demo/..//hal/lib\libHALD.a(checksum.o)
                0x200348c0                checksum_calculateCRC16
 .text.checksum_prepareLUTCRC8
                0x200349e4       0x88 C:/Users/sattlite/Documents/GitHub/tevel2/hal/demo/..//hal/lib\libHALD.a(checksum.o)
                0x200349e4                checksum_prepareLUTCRC8
 .text.checksum_calculateCRC8LUT
                0x20034a6c       0xa0 C:/Users/sattlite/Documents/GitHub/tevel2/hal/demo/..//hal/lib\libHALD.a(checksum.o)
                0x20034a6c                checksum_calculateCRC8LUT
 .text.checksum_calculateCRC8
                0x20034b0c      0x120 C:/Users/sattlite/Documents/GitHub/tevel2/hal/demo/..//hal/lib\libHALD.a(checksum.o)
                0x20034b0c                checksum_calculateCRC8
 .text.PWM_startUp
                0x20034c2c       0xe8 C:/Users/sattlite/Documents/GitHub/tevel2/hal/demo/..//hal/lib\libHALD.a(PWM.o)
 .text.PWM_start
                0x20034d14       0x8c C:/Users/sattlite/Documents/GitHub/tevel2/hal/demo/..//hal/lib\libHALD.a(PWM.o)
                0x20034d14                PWM_start
 .text.PWM_setRawDutyCycles
                0x20034da0      0x1a0 C:/Users/sattlite/Documents/GitHub/tevel2/hal/demo/..//hal/lib\libHALD.a(PWM.o)
                0x20034da0                PWM_setRawDutyCycles
 .text.PWM_setAllDutyCyclesFull
                0x20034f40       0x74 C:/Users/sattlite/Documents/GitHub/tevel2/hal/demo/..//hal/lib\libHALD.a(PWM.o)
                0x20034f40                PWM_setAllDutyCyclesFull
 .text.PWM_setDutyCycles
                0x20034fb4      0x104 C:/Users/sattlite/Documents/GitHub/tevel2/hal/demo/..//hal/lib\libHALD.a(PWM.o)
                0x20034fb4                PWM_setDutyCycles
 .text.clearPDCtransfers
                0x200350b8       0xe8 C:/Users/sattlite/Documents/GitHub/tevel2/hal/demo/..//hal/lib\libHALD.a(SPI.o)
 .text.SPI_start
                0x200351a0      0x4b0 C:/Users/sattlite/Documents/GitHub/tevel2/hal/demo/..//hal/lib\libHALD.a(SPI.o)
                0x200351a0                SPI_start
 .text.SPI_stop
                0x20035650      0x244 C:/Users/sattlite/Documents/GitHub/tevel2/hal/demo/..//hal/lib\libHALD.a(SPI.o)
                0x20035650                SPI_stop
 .text.SPI_queueTransfer
                0x20035894      0x1cc C:/Users/sattlite/Documents/GitHub/tevel2/hal/demo/..//hal/lib\libHALD.a(SPI.o)
                0x20035894                SPI_queueTransfer
 .text.SPI_internalCallback
                0x20035a60       0x64 C:/Users/sattlite/Documents/GitHub/tevel2/hal/demo/..//hal/lib\libHALD.a(SPI.o)
 .text.SPI_writeRead
                0x20035ac4      0x1c0 C:/Users/sattlite/Documents/GitHub/tevel2/hal/demo/..//hal/lib\libHALD.a(SPI.o)
                0x20035ac4                SPI_writeRead
 .text.waitForTransfer
                0x20035c84       0x78 C:/Users/sattlite/Documents/GitHub/tevel2/hal/demo/..//hal/lib\libHALD.a(SPI.o)
 .text.SPI_getDriverState
                0x20035cfc       0x58 C:/Users/sattlite/Documents/GitHub/tevel2/hal/demo/..//hal/lib\libHALD.a(SPI.o)
                0x20035cfc                SPI_getDriverState
 .text.uSdelay  0x20035d54       0x88 C:/Users/sattlite/Documents/GitHub/tevel2/hal/demo/..//hal/lib\libHALD.a(LED.o)
 .text.LED_start
                0x20035ddc       0x1c C:/Users/sattlite/Documents/GitHub/tevel2/hal/demo/..//hal/lib\libHALD.a(LED.o)
                0x20035ddc                LED_start
 .text.LED_glow
                0x20035df8       0x58 C:/Users/sattlite/Documents/GitHub/tevel2/hal/demo/..//hal/lib\libHALD.a(LED.o)
                0x20035df8                LED_glow
 .text.LED_dark
                0x20035e50       0x58 C:/Users/sattlite/Documents/GitHub/tevel2/hal/demo/..//hal/lib\libHALD.a(LED.o)
                0x20035e50                LED_dark
 .text.LED_toggle
                0x20035ea8       0x50 C:/Users/sattlite/Documents/GitHub/tevel2/hal/demo/..//hal/lib\libHALD.a(LED.o)
                0x20035ea8                LED_toggle
 .text.LED_wave
                0x20035ef8       0xd0 C:/Users/sattlite/Documents/GitHub/tevel2/hal/demo/..//hal/lib\libHALD.a(LED.o)
                0x20035ef8                LED_wave
 .text.LED_waveReverse
                0x20035fc8       0xd0 C:/Users/sattlite/Documents/GitHub/tevel2/hal/demo/..//hal/lib\libHALD.a(LED.o)
                0x20035fc8                LED_waveReverse
 .text.clearPDCtransfers
                0x20036098       0xdc C:/Users/sattlite/Documents/GitHub/tevel2/hal/demo/..//hal/lib\libHALD.a(UART.o)
 .text.UART_start
                0x20036174      0x7f8 C:/Users/sattlite/Documents/GitHub/tevel2/hal/demo/..//hal/lib\libHALD.a(UART.o)
                0x20036174                UART_start
 .text.UART_stop
                0x2003696c      0x2b0 C:/Users/sattlite/Documents/GitHub/tevel2/hal/demo/..//hal/lib\libHALD.a(UART.o)
                0x2003696c                UART_stop
 .text.UART_queueTransfer
                0x20036c1c      0x1dc C:/Users/sattlite/Documents/GitHub/tevel2/hal/demo/..//hal/lib\libHALD.a(UART.o)
                0x20036c1c                UART_queueTransfer
 .text.UART_write
                0x20036df8      0x224 C:/Users/sattlite/Documents/GitHub/tevel2/hal/demo/..//hal/lib\libHALD.a(UART.o)
                0x20036df8                UART_write
 .text.UART_read
                0x2003701c      0x224 C:/Users/sattlite/Documents/GitHub/tevel2/hal/demo/..//hal/lib\libHALD.a(UART.o)
                0x2003701c                UART_read
 .text.taskWriteRegulator
                0x20037240      0x2f8 C:/Users/sattlite/Documents/GitHub/tevel2/hal/demo/..//hal/lib\libHALD.a(UART.o)
 .text.taskReadRegulator
                0x20037538      0x2ec C:/Users/sattlite/Documents/GitHub/tevel2/hal/demo/..//hal/lib\libHALD.a(UART.o)
 .text.validateTransferParameters
                0x20037824      0x10c C:/Users/sattlite/Documents/GitHub/tevel2/hal/demo/..//hal/lib\libHALD.a(I2C.o)
 .text.I2C_queueTransfer
                0x20037930       0xfc C:/Users/sattlite/Documents/GitHub/tevel2/hal/demo/..//hal/lib\libHALD.a(I2C.o)
                0x20037930                I2C_queueTransfer
 .text.I2C_internalCallback
                0x20037a2c       0x64 C:/Users/sattlite/Documents/GitHub/tevel2/hal/demo/..//hal/lib\libHALD.a(I2C.o)
 .text.I2C_doBlockingTransfer
                0x20037a90      0x180 C:/Users/sattlite/Documents/GitHub/tevel2/hal/demo/..//hal/lib\libHALD.a(I2C.o)
 .text.I2C_write
                0x20037c10      0x110 C:/Users/sattlite/Documents/GitHub/tevel2/hal/demo/..//hal/lib\libHALD.a(I2C.o)
                0x20037c10                I2C_write
 .text.I2C_writeRead
                0x20037d20      0x17c C:/Users/sattlite/Documents/GitHub/tevel2/hal/demo/..//hal/lib\libHALD.a(I2C.o)
                0x20037d20                I2C_writeRead
 .text.I2C_start
                0x20037e9c      0x2e8 C:/Users/sattlite/Documents/GitHub/tevel2/hal/demo/..//hal/lib\libHALD.a(I2C.o)
                0x20037e9c                I2C_start
 .text.I2C_stop
                0x20038184      0x184 C:/Users/sattlite/Documents/GitHub/tevel2/hal/demo/..//hal/lib\libHALD.a(I2C.o)
                0x20038184                I2C_stop
 .text.I2C_setTransferTimeout
                0x20038308       0x48 C:/Users/sattlite/Documents/GitHub/tevel2/hal/demo/..//hal/lib\libHALD.a(I2C.o)
                0x20038308                I2C_setTransferTimeout
 .text.I2C_getDriverState
                0x20038350       0x28 C:/Users/sattlite/Documents/GitHub/tevel2/hal/demo/..//hal/lib\libHALD.a(I2C.o)
                0x20038350                I2C_getDriverState
 .text.ADC_ConvertRaw10bitToMillivolt
                0x20038378       0x50 C:/Users/sattlite/Documents/GitHub/tevel2/hal/demo/..//hal/lib\libHALD.a(ADC.o)
                0x20038378                ADC_ConvertRaw10bitToMillivolt
 .text.ADC_SingleShot
                0x200383c8      0x230 C:/Users/sattlite/Documents/GitHub/tevel2/hal/demo/..//hal/lib\libHALD.a(ADC.o)
                0x200383c8                ADC_SingleShot
 .text.ADC_start
                0x200385f8      0x5d8 C:/Users/sattlite/Documents/GitHub/tevel2/hal/demo/..//hal/lib\libHALD.a(ADC.o)
                0x200385f8                ADC_start
 .text.clearPDCtransfers
                0x20038bd0       0x88 C:/Users/sattlite/Documents/GitHub/tevel2/hal/demo/..//hal/lib\libHALD.a(ADC.o)
 .text.ADC_stop
                0x20038c58       0x94 C:/Users/sattlite/Documents/GitHub/tevel2/hal/demo/..//hal/lib\libHALD.a(ADC.o)
                0x20038c58                ADC_stop
 .text.FRAM_start
                0x20038cec      0x120 C:/Users/sattlite/Documents/GitHub/tevel2/hal/demo/..//hal/lib\libHALD.a(FRAM.o)
                0x20038cec                FRAM_start
 .text.FRAM_dummyCallback
                0x20038e0c       0x24 C:/Users/sattlite/Documents/GitHub/tevel2/hal/demo/..//hal/lib\libHALD.a(FRAM.o)
                0x20038e0c                FRAM_dummyCallback
 .text.FRAM_unlockingCallback
                0x20038e30       0x64 C:/Users/sattlite/Documents/GitHub/tevel2/hal/demo/..//hal/lib\libHALD.a(FRAM.o)
                0x20038e30                FRAM_unlockingCallback
 .text.doBlockingTransfer
                0x20038e94       0x78 C:/Users/sattlite/Documents/GitHub/tevel2/hal/demo/..//hal/lib\libHALD.a(FRAM.o)
 .text.FRAM_writePacket
                0x20038f0c      0x134 C:/Users/sattlite/Documents/GitHub/tevel2/hal/demo/..//hal/lib\libHALD.a(FRAM.o)
 .text.FRAM_readPacket
                0x20039040       0xf0 C:/Users/sattlite/Documents/GitHub/tevel2/hal/demo/..//hal/lib\libHALD.a(FRAM.o)
 .text.FRAM_writeAndVerifyPacket
                0x20039130       0x8c C:/Users/sattlite/Documents/GitHub/tevel2/hal/demo/..//hal/lib\libHALD.a(FRAM.o)
 .text.FRAM_writeAndVerify
                0x200391bc      0x1fc C:/Users/sattlite/Documents/GitHub/tevel2/hal/demo/..//hal/lib\libHALD.a(FRAM.o)
                0x200391bc                FRAM_writeAndVerify
 .text.Time_start
                0x200393b8      0x170 C:/Users/sattlite/Documents/GitHub/tevel2/hal/demo/..//hal/lib\libHALD.a(Time.o)
                0x200393b8                Time_start
 .text.taskTimeSync
                0x20039528       0x64 C:/Users/sattlite/Documents/GitHub/tevel2/hal/demo/..//hal/lib\libHALD.a(Time.o)
 .text.Time_convertTimeToEpoch
                0x2003958c       0xd0 C:/Users/sattlite/Documents/GitHub/tevel2/hal/demo/..//hal/lib\libHALD.a(Time.o)
                0x2003958c                Time_convertTimeToEpoch
 .text.Time_convertEpochToTime
                0x2003965c      0x100 C:/Users/sattlite/Documents/GitHub/tevel2/hal/demo/..//hal/lib\libHALD.a(Time.o)
                0x2003965c                Time_convertEpochToTime
 .text.Time_convertEpochToRTT
                0x2003975c       0x68 C:/Users/sattlite/Documents/GitHub/tevel2/hal/demo/..//hal/lib\libHALD.a(Time.o)
                0x2003975c                Time_convertEpochToRTT
 .text.Time_calculateSecondsOfYear
                0x200397c4       0xd8 C:/Users/sattlite/Documents/GitHub/tevel2/hal/demo/..//hal/lib\libHALD.a(Time.o)
 .text.Time_set
                0x2003989c       0xd8 C:/Users/sattlite/Documents/GitHub/tevel2/hal/demo/..//hal/lib\libHALD.a(Time.o)
                0x2003989c                Time_set
 .text.Time_isLeapYear
                0x20039974       0x98 C:/Users/sattlite/Documents/GitHub/tevel2/hal/demo/..//hal/lib\libHALD.a(Time.o)
                0x20039974                Time_isLeapYear
 .text.Time_get
                0x20039a0c      0x478 C:/Users/sattlite/Documents/GitHub/tevel2/hal/demo/..//hal/lib\libHALD.a(Time.o)
                0x20039a0c                Time_get
 .text.Time_getUnixEpoch
                0x20039e84      0x108 C:/Users/sattlite/Documents/GitHub/tevel2/hal/demo/..//hal/lib\libHALD.a(Time.o)
                0x20039e84                Time_getUnixEpoch
 .text.Time_secondsOfYearToTime
                0x20039f8c      0x33c C:/Users/sattlite/Documents/GitHub/tevel2/hal/demo/..//hal/lib\libHALD.a(Time.o)
 .text.Time_setUnixEpoch
                0x2003a2c8       0x54 C:/Users/sattlite/Documents/GitHub/tevel2/hal/demo/..//hal/lib\libHALD.a(Time.o)
                0x2003a2c8                Time_setUnixEpoch
 .text.Time_sync
                0x2003a31c      0x1a8 C:/Users/sattlite/Documents/GitHub/tevel2/hal/demo/..//hal/lib\libHALD.a(Time.o)
                0x2003a31c                Time_sync
 .text.Time_syncIfNeeded
                0x2003a4c4       0xac C:/Users/sattlite/Documents/GitHub/tevel2/hal/demo/..//hal/lib\libHALD.a(Time.o)
                0x2003a4c4                Time_syncIfNeeded
 .text.WDT_start
                0x2003a570       0x48 C:/Users/sattlite/Documents/GitHub/tevel2/hal/demo/..//hal/lib\libHALD.a(WatchDogTimerNoOS.o)
                0x2003a570                WDT_start
 .text.RTT_start
                0x2003a5b8       0x24 C:/Users/sattlite/Documents/GitHub/tevel2/hal/demo/..//hal/lib\libHALD.a(RTT.o)
                0x2003a5b8                RTT_start
 .text.RTT_GetTime
                0x2003a5dc       0x24 C:/Users/sattlite/Documents/GitHub/tevel2/hal/demo/..//hal/lib\libHALD.a(RTT.o)
                0x2003a5dc                RTT_GetTime
 .text.RTT_SetAlarm
                0x2003a600       0x7c C:/Users/sattlite/Documents/GitHub/tevel2/hal/demo/..//hal/lib\libHALD.a(RTT.o)
                0x2003a600                RTT_SetAlarm
 .text.RTT_SetAlarmInterrupt
                0x2003a67c       0x44 C:/Users/sattlite/Documents/GitHub/tevel2/hal/demo/..//hal/lib\libHALD.a(RTT.o)
                0x2003a67c                RTT_SetAlarmInterrupt
 .text.RTC_start
                0x2003a6c0       0x3c C:/Users/sattlite/Documents/GitHub/tevel2/hal/demo/..//hal/lib\libHALD.a(RTC.o)
                0x2003a6c0                RTC_start
 .text.RTC_setTime
                0x2003a6fc      0x2a4 C:/Users/sattlite/Documents/GitHub/tevel2/hal/demo/..//hal/lib\libHALD.a(RTC.o)
                0x2003a6fc                RTC_setTime
 .text.RTC_getTime
                0x2003a9a0      0x230 C:/Users/sattlite/Documents/GitHub/tevel2/hal/demo/..//hal/lib\libHALD.a(RTC.o)
                0x2003a9a0                RTC_getTime
 .text.RTC_testGetSet
                0x2003abd0      0x140 C:/Users/sattlite/Documents/GitHub/tevel2/hal/demo/..//hal/lib\libHALD.a(RTC.o)
                0x2003abd0                RTC_testGetSet
 .text.RTC_checkTimeValid
                0x2003ad10       0xd8 C:/Users/sattlite/Documents/GitHub/tevel2/hal/demo/..//hal/lib\libHALD.a(RTC.o)
                0x2003ad10                RTC_checkTimeValid
 .text.RTC_getTemperature
                0x2003ade8      0x118 C:/Users/sattlite/Documents/GitHub/tevel2/hal/demo/..//hal/lib\libHALD.a(RTC.o)
                0x2003ade8                RTC_getTemperature
 .text.WDT_startWatchdogKickTask
                0x2003af00       0xb4 C:/Users/sattlite/Documents/GitHub/tevel2/hal/demo/..//hal/lib\libHALD.a(WatchDogTimerOS.o)
                0x2003af00                WDT_startWatchdogKickTask
 .text.WDT_forceKickEveryNms
                0x2003afb4       0x50 C:/Users/sattlite/Documents/GitHub/tevel2/hal/demo/..//hal/lib\libHALD.a(WatchDogTimerOS.o)
                0x2003afb4                WDT_forceKickEveryNms
 .text.DBGU_IntIsRxReady
                0x2003b004       0x58 C:/Users/sattlite/Documents/GitHub/tevel2/hal/demo/..//hal/lib\libHALD.a(dbgu_int.o)
                0x2003b004                DBGU_IntIsRxReady
 .text.UTIL_DbguGetInteger
                0x2003b05c      0x168 C:/Users/sattlite/Documents/GitHub/tevel2/hal/demo/..//hal/lib\libHALD.a(util.o)
                0x2003b05c                UTIL_DbguGetInteger
 .text.UTIL_DbguGetIntegerMinMax
                0x2003b1c4       0xa4 C:/Users/sattlite/Documents/GitHub/tevel2/hal/demo/..//hal/lib\libHALD.a(util.o)
                0x2003b1c4                UTIL_DbguGetIntegerMinMax
 .text.xQueueGenericReset
                0x2003b268      0x150 C:/Users/sattlite/Documents/GitHub/tevel2/hal/demo/..//freertos/lib\libFreeRTOSD.a(queue.o)
                0x2003b268                xQueueGenericReset
 .text.xQueueGenericCreate
                0x2003b3b8      0x108 C:/Users/sattlite/Documents/GitHub/tevel2/hal/demo/..//freertos/lib\libFreeRTOSD.a(queue.o)
                0x2003b3b8                xQueueGenericCreate
 .text.xQueueCreateMutex
                0x2003b4c0      0x11c C:/Users/sattlite/Documents/GitHub/tevel2/hal/demo/..//freertos/lib\libFreeRTOSD.a(queue.o)
                0x2003b4c0                xQueueCreateMutex
 .text.xQueueGenericSend
                0x2003b5dc      0x298 C:/Users/sattlite/Documents/GitHub/tevel2/hal/demo/..//freertos/lib\libFreeRTOSD.a(queue.o)
                0x2003b5dc                xQueueGenericSend
 .text.xQueueGenericSendFromISR
                0x2003b874      0x1e0 C:/Users/sattlite/Documents/GitHub/tevel2/hal/demo/..//freertos/lib\libFreeRTOSD.a(queue.o)
                0x2003b874                xQueueGenericSendFromISR
 .text.xQueueGenericReceive
                0x2003ba54      0x2cc C:/Users/sattlite/Documents/GitHub/tevel2/hal/demo/..//freertos/lib\libFreeRTOSD.a(queue.o)
                0x2003ba54                xQueueGenericReceive
 .text.uxQueueMessagesWaiting
                0x2003bd20       0x6c C:/Users/sattlite/Documents/GitHub/tevel2/hal/demo/..//freertos/lib\libFreeRTOSD.a(queue.o)
                0x2003bd20                uxQueueMessagesWaiting
 .text.vQueueDelete
                0x2003bd8c       0x78 C:/Users/sattlite/Documents/GitHub/tevel2/hal/demo/..//freertos/lib\libFreeRTOSD.a(queue.o)
                0x2003bd8c                vQueueDelete
 .text.prvCopyDataToQueue
                0x2003be04      0x190 C:/Users/sattlite/Documents/GitHub/tevel2/hal/demo/..//freertos/lib\libFreeRTOSD.a(queue.o)
 .text.prvCopyDataFromQueue
                0x2003bf94       0x90 C:/Users/sattlite/Documents/GitHub/tevel2/hal/demo/..//freertos/lib\libFreeRTOSD.a(queue.o)
 .text.prvUnlockQueue
                0x2003c024      0x130 C:/Users/sattlite/Documents/GitHub/tevel2/hal/demo/..//freertos/lib\libFreeRTOSD.a(queue.o)
 .text.prvIsQueueEmpty
                0x2003c154       0x4c C:/Users/sattlite/Documents/GitHub/tevel2/hal/demo/..//freertos/lib\libFreeRTOSD.a(queue.o)
 .text.prvIsQueueFull
                0x2003c1a0       0x54 C:/Users/sattlite/Documents/GitHub/tevel2/hal/demo/..//freertos/lib\libFreeRTOSD.a(queue.o)
 .text.vQueueUnregisterQueue
                0x2003c1f4       0x80 C:/Users/sattlite/Documents/GitHub/tevel2/hal/demo/..//freertos/lib\libFreeRTOSD.a(queue.o)
                0x2003c1f4                vQueueUnregisterQueue
 .text.vQueueWaitForMessageRestricted
                0x2003c274       0x90 C:/Users/sattlite/Documents/GitHub/tevel2/hal/demo/..//freertos/lib\libFreeRTOSD.a(queue.o)
                0x2003c274                vQueueWaitForMessageRestricted
 .text.prvNotifyQueueSetContainer
                0x2003c304      0x108 C:/Users/sattlite/Documents/GitHub/tevel2/hal/demo/..//freertos/lib\libFreeRTOSD.a(queue.o)
 .text.vListInitialise
                0x2003c40c       0x64 C:/Users/sattlite/Documents/GitHub/tevel2/hal/demo/..//freertos/lib\libFreeRTOSD.a(list.o)
                0x2003c40c                vListInitialise
 .text.vListInitialiseItem
                0x2003c470       0x28 C:/Users/sattlite/Documents/GitHub/tevel2/hal/demo/..//freertos/lib\libFreeRTOSD.a(list.o)
                0x2003c470                vListInitialiseItem
 .text.vListInsertEnd
                0x2003c498       0x84 C:/Users/sattlite/Documents/GitHub/tevel2/hal/demo/..//freertos/lib\libFreeRTOSD.a(list.o)
                0x2003c498                vListInsertEnd
 .text.vListInsert
                0x2003c51c       0xd4 C:/Users/sattlite/Documents/GitHub/tevel2/hal/demo/..//freertos/lib\libFreeRTOSD.a(list.o)
                0x2003c51c                vListInsert
 .text.uxListRemove